DEBUG:paramiko.transport:starting thread (client mode): 0xcde28fd0
DEBUG:paramiko.transport:Local version/idstring: SSH-2.0-paramiko_2.7.1
DEBUG:paramiko.transport:Remote version/idstring: SSH-2.0-OpenSSH_7.3p1.RL
INFO:paramiko.transport:Connected (version 2.0, client OpenSSH_7.3p1.RL)
DEBUG:paramiko.transport:kex algos:['diffie-hellman-group-exchange-sha1', 'diffie-hellman-group1-sha1', 'diffie-hellman-group14-sha1'] server key:['ssh-rsa', 'ssh-dss'] client encrypt:['aes128-ctr', 'aes192-ctr', 'aes256-ctr', 'chacha20-poly1305@openssh.com'] server encrypt:['aes128-ctr', 'aes192-ctr', 'aes256-ctr', 'chacha20-poly1305@openssh.com'] client mac:['hmac-sha1'] server mac:['hmac-sha1'] client compress:['none'] server compress:['none'] client lang:[''] server lang:[''] kex follows?False
DEBUG:paramiko.transport:Kex agreed: diffie-hellman-group-exchange-sha1
DEBUG:paramiko.transport:HostKey agreed: ssh-rsa
DEBUG:paramiko.transport:Cipher agreed: aes128-ctr
DEBUG:paramiko.transport:MAC agreed: hmac-sha1
DEBUG:paramiko.transport:Compression agreed: none
DEBUG:paramiko.transport:Got server p (2048 bits)
DEBUG:paramiko.transport:kex engine KexGex specified hash_algo <built-in function openssl_sha1>
DEBUG:paramiko.transport:Switch to new keys ...
DEBUG:paramiko.transport:Adding ssh-rsa host key for 192.168.1.114: b'3c80c28603223f035f7649ec29422a38'
DEBUG:paramiko.transport:userauth is OK
DEBUG:paramiko.transport:Authentication type (password) not permitted.
DEBUG:paramiko.transport:Allowed methods: ['']
DEBUG:paramiko.transport:starting thread (client mode): 0x3670bfd0
DEBUG:paramiko.transport:Local version/idstring: SSH-2.0-paramiko_2.7.1
DEBUG:paramiko.transport:Remote version/idstring: SSH-2.0-OpenSSH_7.3p1.RL
INFO:paramiko.transport:Connected (version 2.0, client OpenSSH_7.3p1.RL)
DEBUG:paramiko.transport:kex algos:['diffie-hellman-group-exchange-sha1', 'diffie-hellman-group1-sha1', 'diffie-hellman-group14-sha1'] server key:['ssh-rsa', 'ssh-dss'] client encrypt:['aes128-ctr', 'aes192-ctr', 'aes256-ctr', 'chacha20-poly1305@openssh.com'] server encrypt:['aes128-ctr', 'aes192-ctr', 'aes256-ctr', 'chacha20-poly1305@openssh.com'] client mac:['hmac-sha1'] server mac:['hmac-sha1'] client compress:['none'] server compress:['none'] client lang:[''] server lang:[''] kex follows?False
DEBUG:paramiko.transport:Kex agreed: diffie-hellman-group-exchange-sha1
DEBUG:paramiko.transport:HostKey agreed: ssh-rsa
DEBUG:paramiko.transport:Cipher agreed: aes128-ctr
DEBUG:paramiko.transport:MAC agreed: hmac-sha1
DEBUG:paramiko.transport:Compression agreed: none
DEBUG:paramiko.transport:Got server p (2048 bits)
DEBUG:paramiko.transport:kex engine KexGex specified hash_algo <built-in function openssl_sha1>
DEBUG:paramiko.transport:Switch to new keys ...
DEBUG:paramiko.transport:Adding ssh-rsa host key for 192.168.1.114: b'3c80c28603223f035f7649ec29422a38'
DEBUG:paramiko.transport:userauth is OK
DEBUG:paramiko.transport:Authentication type (password) not permitted.
DEBUG:paramiko.transport:Allowed methods: ['']
DEBUG:paramiko.transport:starting thread (client mode): 0x7089dfd0
DEBUG:paramiko.transport:Local version/idstring: SSH-2.0-paramiko_2.7.1
DEBUG:paramiko.transport:Remote version/idstring: SSH-2.0-Cisco-1.25
INFO:paramiko.transport:Connected (version 2.0, client Cisco-1.25)
DEBUG:paramiko.transport:kex algos:['diffie-hellman-group-exchange-sha1', 'diffie-hellman-group14-sha1', 'diffie-hellman-group1-sha1'] server key:['ssh-rsa'] client encrypt:['aes128-ctr', 'aes192-ctr', 'aes256-ctr', 'aes128-cbc', '3des-cbc', 'aes192-cbc', 'aes256-cbc'] server encrypt:['aes128-ctr', 'aes192-ctr', 'aes256-ctr', 'aes128-cbc', '3des-cbc', 'aes192-cbc', 'aes256-cbc'] client mac:['hmac-sha1', 'hmac-sha1-96'] server mac:['hmac-sha1', 'hmac-sha1-96'] client compress:['none'] server compress:['none'] client lang:[''] server lang:[''] kex follows?False
DEBUG:paramiko.transport:Kex agreed: diffie-hellman-group-exchange-sha1
DEBUG:paramiko.transport:HostKey agreed: ssh-rsa
DEBUG:paramiko.transport:Cipher agreed: aes128-ctr
DEBUG:paramiko.transport:MAC agreed: hmac-sha1
DEBUG:paramiko.transport:Compression agreed: none
DEBUG:paramiko.transport:Got server p (2048 bits)
DEBUG:paramiko.transport:kex engine KexGex specified hash_algo <built-in function openssl_sha1>
DEBUG:paramiko.transport:Switch to new keys ...
DEBUG:paramiko.transport:Adding ssh-rsa host key for 1st_nt_mdf_sw01.mhs.org: b'dff1cc3dbc8e67a39efef4da8ecb0472'
DEBUG:paramiko.transport:userauth is OK
INFO:paramiko.transport:Authentication (password) successful!
DEBUG:paramiko.transport:[chan 0] Max packet in: 32768 bytes
DEBUG:paramiko.transport:[chan 0] Max packet out: 4096 bytes
DEBUG:paramiko.transport:Secsh channel 0 opened.
DEBUG:paramiko.transport:[chan 0] Sesch channel 0 request ok
DEBUG:paramiko.transport:[chan 0] Sesch channel 0 request ok
DEBUG:netmiko:read_channel: 
------------------------------------------------------------------------------------
WARNING:


This system is for the use of authorized clients only. Individuals using the
computer network system without authorization, or in excess of their authorization,
are subject to having all their activity on this computer network system monitored
and recorded by system personnel.  To protect the computer network system from
unauthorized use and to ensure the computer network system is functioning properly,
system administrators monitor this system.  Anyone using this computer network
system expressly consents to such monitoring and is advised that if such monitoring
reveals possible conduct of criminal activity, system personnel may provide the
evidence of such activity to law enforcement officers.

Access is restricted to authorized users only.

Unauthorized access is a violation of state and federal, civil and criminal laws.
------------------------------------------------------------------------------------

1ST_NT_MDF_SW01>
DEBUG:netmiko:read_channel: 
DEBUG:netmiko:read_channel: 
DEBUG:netmiko:read_channel: 
DEBUG:netmiko:write_channel: b'\n'
DEBUG:netmiko:read_channel: 
DEBUG:netmiko:read_channel: 
DEBUG:netmiko:write_channel: b'\n'
DEBUG:netmiko:read_channel: 
1ST_NT_MDF_SW01>
DEBUG:netmiko:read_channel: 
1ST_NT_MDF_SW01>
DEBUG:netmiko:Clear buffer detects data in the channel
DEBUG:netmiko:read_channel: 
DEBUG:netmiko:[find_prompt()]: prompt is 1ST_NT_MDF_SW01>
DEBUG:netmiko:read_channel: 
DEBUG:netmiko:In disable_paging
DEBUG:netmiko:Command: terminal length 0

DEBUG:netmiko:write_channel: b'terminal length 0\n'
DEBUG:netmiko:Pattern is: terminal\ length\ 0
DEBUG:netmiko:_read_channel_expect read_data: t
DEBUG:netmiko:_read_channel_expect read_data: e
DEBUG:netmiko:_read_channel_expect read_data: rm
DEBUG:netmiko:_read_channel_expect read_data: in
DEBUG:netmiko:_read_channel_expect read_data: al
DEBUG:netmiko:_read_channel_expect read_data:  l
DEBUG:netmiko:_read_channel_expect read_data: en
DEBUG:netmiko:_read_channel_expect read_data: gt
DEBUG:netmiko:_read_channel_expect read_data: h 
DEBUG:netmiko:_read_channel_expect read_data: 0

DEBUG:netmiko:Pattern found: terminal\ length\ 0 terminal length 0

DEBUG:netmiko:terminal length 0

DEBUG:netmiko:Exiting disable_paging
DEBUG:netmiko:write_channel: b'terminal width 511\n'
DEBUG:netmiko:Pattern is: terminal\ width\ 511
DEBUG:netmiko:_read_channel_expect read_data: 1ST_NT_MDF_SW01>
DEBUG:netmiko:_read_channel_expect read_data: t
DEBUG:netmiko:_read_channel_expect read_data: e
DEBUG:netmiko:_read_channel_expect read_data: rmi
DEBUG:netmiko:_read_channel_expect read_data: n
DEBUG:netmiko:_read_channel_expect read_data: al
DEBUG:netmiko:_read_channel_expect read_data:  w
DEBUG:netmiko:_read_channel_expect read_data: id
DEBUG:netmiko:_read_channel_expect read_data: th
DEBUG:netmiko:_read_channel_expect read_data:  
DEBUG:netmiko:_read_channel_expect read_data: 51
DEBUG:netmiko:_read_channel_expect read_data: 1
1ST_NT_MDF_SW01>
DEBUG:netmiko:Pattern found: terminal\ width\ 511 1ST_NT_MDF_SW01>terminal width 511
1ST_NT_MDF_SW01>
DEBUG:netmiko:read_channel: 
DEBUG:netmiko:read_channel: 
DEBUG:netmiko:write_channel: b'\n'
DEBUG:netmiko:read_channel: 
DEBUG:netmiko:read_channel: 
DEBUG:netmiko:write_channel: b'\n'
DEBUG:netmiko:read_channel: 
1ST_NT_MDF_SW01>
DEBUG:netmiko:read_channel: 
1ST_NT_MDF_SW01>
DEBUG:netmiko:Clear buffer detects data in the channel
DEBUG:netmiko:read_channel: 
DEBUG:netmiko:[find_prompt()]: prompt is 1ST_NT_MDF_SW01>
DEBUG:netmiko:read_channel: 
DEBUG:netmiko:write_channel: b'show lldp\n'
DEBUG:netmiko:Pattern is: show\ lldp
DEBUG:netmiko:_read_channel_expect read_data: s
DEBUG:netmiko:_read_channel_expect read_data: ho
DEBUG:netmiko:_read_channel_expect read_data: w 
DEBUG:netmiko:_read_channel_expect read_data: ll
DEBUG:netmiko:_read_channel_expect read_data: d
DEBUG:netmiko:_read_channel_expect read_data: p

DEBUG:netmiko:Pattern found: show\ lldp show lldp

DEBUG:netmiko:read_channel: % LLDP is not enabled
1ST_NT_MDF_SW01>
DEBUG:paramiko.transport:starting thread (client mode): 0x25859fd0
DEBUG:paramiko.transport:Local version/idstring: SSH-2.0-paramiko_2.7.1
DEBUG:paramiko.transport:Remote version/idstring: SSH-2.0-Cisco-1.25
INFO:paramiko.transport:Connected (version 2.0, client Cisco-1.25)
DEBUG:paramiko.transport:kex algos:['diffie-hellman-group-exchange-sha1', 'diffie-hellman-group14-sha1', 'diffie-hellman-group1-sha1'] server key:['ssh-rsa'] client encrypt:['aes128-ctr', 'aes192-ctr', 'aes256-ctr', 'aes128-cbc', '3des-cbc', 'aes192-cbc', 'aes256-cbc'] server encrypt:['aes128-ctr', 'aes192-ctr', 'aes256-ctr', 'aes128-cbc', '3des-cbc', 'aes192-cbc', 'aes256-cbc'] client mac:['hmac-sha1', 'hmac-sha1-96'] server mac:['hmac-sha1', 'hmac-sha1-96'] client compress:['none'] server compress:['none'] client lang:[''] server lang:[''] kex follows?False
DEBUG:paramiko.transport:Kex agreed: diffie-hellman-group-exchange-sha1
DEBUG:paramiko.transport:HostKey agreed: ssh-rsa
DEBUG:paramiko.transport:Cipher agreed: aes128-ctr
DEBUG:paramiko.transport:MAC agreed: hmac-sha1
DEBUG:paramiko.transport:Compression agreed: none
DEBUG:paramiko.transport:Got server p (2048 bits)
DEBUG:paramiko.transport:kex engine KexGex specified hash_algo <built-in function openssl_sha1>
DEBUG:paramiko.transport:Switch to new keys ...
DEBUG:paramiko.transport:Adding ssh-rsa host key for 1st_nt_mdf_sw01.mhs.org: b'dff1cc3dbc8e67a39efef4da8ecb0472'
DEBUG:paramiko.transport:userauth is OK
INFO:paramiko.transport:Authentication (password) successful!
DEBUG:paramiko.transport:[chan 0] Max packet in: 32768 bytes
DEBUG:paramiko.transport:[chan 0] Max packet out: 4096 bytes
DEBUG:paramiko.transport:Secsh channel 0 opened.
DEBUG:paramiko.transport:[chan 0] Sesch channel 0 request ok
DEBUG:paramiko.transport:[chan 0] Sesch channel 0 request ok
DEBUG:netmiko:read_channel: 
------------------------------------------------------------------------------------
WARNING:


This system is for the use of authorized clients only. Individuals using the
computer network system without authorization, or in excess of their authorization,
are subject to having all their activity on this computer network system monitored
and recorded by system personnel.  To protect the computer network system from
unauthorized use and to ensure the computer network system is functioning properly,
system administrators monitor this system.  Anyone using this computer network
system expressly consents to such monitoring and is advised that if such monitoring
reveals possible conduct of criminal activity, system personnel may provide the
evidence of such activity to law enforcement officers.

Access is restricted to authorized users only.

Unauthorized access is a violation of state and federal, civil and criminal laws.
------------------------------------------------------------------------------------

1ST_NT_MDF_SW01>
DEBUG:netmiko:read_channel: 
DEBUG:netmiko:read_channel: 
DEBUG:netmiko:read_channel: 
DEBUG:netmiko:write_channel: b'\n'
DEBUG:netmiko:read_channel: 
DEBUG:netmiko:read_channel: 
DEBUG:netmiko:write_channel: b'\n'
DEBUG:netmiko:read_channel: 
1ST_NT_MDF_SW01>
DEBUG:netmiko:read_channel: 
1ST_NT_MDF_SW01>
DEBUG:netmiko:Clear buffer detects data in the channel
DEBUG:netmiko:read_channel: 
DEBUG:netmiko:[find_prompt()]: prompt is 1ST_NT_MDF_SW01>
DEBUG:netmiko:read_channel: 
DEBUG:netmiko:In disable_paging
DEBUG:netmiko:Command: terminal length 0

DEBUG:netmiko:write_channel: b'terminal length 0\n'
DEBUG:netmiko:Pattern is: terminal\ length\ 0
DEBUG:netmiko:_read_channel_expect read_data: t
DEBUG:netmiko:_read_channel_expect read_data: er
DEBUG:netmiko:_read_channel_expect read_data: m
DEBUG:netmiko:_read_channel_expect read_data: in
DEBUG:netmiko:_read_channel_expect read_data: al
DEBUG:netmiko:_read_channel_expect read_data:  le
DEBUG:netmiko:_read_channel_expect read_data: ng
DEBUG:netmiko:_read_channel_expect read_data: th
DEBUG:netmiko:_read_channel_expect read_data:  0
DEBUG:netmiko:Pattern found: terminal\ length\ 0 terminal length 0
DEBUG:netmiko:terminal length 0
DEBUG:netmiko:Exiting disable_paging
DEBUG:netmiko:write_channel: b'terminal width 511\n'
DEBUG:netmiko:Pattern is: terminal\ width\ 511
DEBUG:netmiko:_read_channel_expect read_data: 

DEBUG:netmiko:_read_channel_expect read_data: 1ST_NT_MDF_SW01>
DEBUG:netmiko:_read_channel_expect read_data: t
DEBUG:netmiko:_read_channel_expect read_data: er
DEBUG:netmiko:_read_channel_expect read_data: min
DEBUG:netmiko:_read_channel_expect read_data: al
DEBUG:netmiko:_read_channel_expect read_data:  w
DEBUG:netmiko:_read_channel_expect read_data: id
DEBUG:netmiko:_read_channel_expect read_data: th
DEBUG:netmiko:_read_channel_expect read_data:  5
DEBUG:netmiko:_read_channel_expect read_data: 11
DEBUG:netmiko:Pattern found: terminal\ width\ 511 
1ST_NT_MDF_SW01>terminal width 511
DEBUG:netmiko:read_channel: 
1ST_NT_MDF_SW01>
DEBUG:netmiko:Clear buffer detects data in the channel
DEBUG:netmiko:read_channel: 
DEBUG:netmiko:read_channel: 
DEBUG:netmiko:write_channel: b'\n'
DEBUG:netmiko:read_channel: 
DEBUG:netmiko:read_channel: 
DEBUG:netmiko:write_channel: b'\n'
DEBUG:netmiko:read_channel: 
1ST_NT_MDF_SW01>
DEBUG:netmiko:read_channel: 
1ST_NT_MDF_SW01>
DEBUG:netmiko:Clear buffer detects data in the channel
DEBUG:netmiko:read_channel: 
DEBUG:netmiko:[find_prompt()]: prompt is 1ST_NT_MDF_SW01>
DEBUG:netmiko:read_channel: 
DEBUG:netmiko:write_channel: b'sh run\n'
DEBUG:netmiko:Pattern is: sh\ run
DEBUG:netmiko:_read_channel_expect read_data: s
DEBUG:netmiko:_read_channel_expect read_data: h
DEBUG:netmiko:_read_channel_expect read_data:  r
DEBUG:netmiko:_read_channel_expect read_data: un

DEBUG:netmiko:Pattern found: sh\ run sh run

DEBUG:netmiko:read_channel:                     ^
% Invalid input detected at '^' marker.

1ST_NT_MDF_SW01>
DEBUG:paramiko.transport:starting thread (client mode): 0x19e3afd0
DEBUG:paramiko.transport:Local version/idstring: SSH-2.0-paramiko_2.7.1
DEBUG:paramiko.transport:Remote version/idstring: SSH-2.0-Cisco-1.25
INFO:paramiko.transport:Connected (version 2.0, client Cisco-1.25)
DEBUG:paramiko.transport:kex algos:['diffie-hellman-group-exchange-sha1', 'diffie-hellman-group14-sha1', 'diffie-hellman-group1-sha1'] server key:['ssh-rsa'] client encrypt:['aes128-ctr', 'aes192-ctr', 'aes256-ctr', 'aes128-cbc', '3des-cbc', 'aes192-cbc', 'aes256-cbc'] server encrypt:['aes128-ctr', 'aes192-ctr', 'aes256-ctr', 'aes128-cbc', '3des-cbc', 'aes192-cbc', 'aes256-cbc'] client mac:['hmac-sha1', 'hmac-sha1-96'] server mac:['hmac-sha1', 'hmac-sha1-96'] client compress:['none'] server compress:['none'] client lang:[''] server lang:[''] kex follows?False
DEBUG:paramiko.transport:Kex agreed: diffie-hellman-group-exchange-sha1
DEBUG:paramiko.transport:HostKey agreed: ssh-rsa
DEBUG:paramiko.transport:Cipher agreed: aes128-ctr
DEBUG:paramiko.transport:MAC agreed: hmac-sha1
DEBUG:paramiko.transport:Compression agreed: none
DEBUG:paramiko.transport:Got server p (2048 bits)
DEBUG:paramiko.transport:kex engine KexGex specified hash_algo <built-in function openssl_sha1>
DEBUG:paramiko.transport:Switch to new keys ...
DEBUG:paramiko.transport:Adding ssh-rsa host key for 1st_nt_mdf_sw01.mhs.org: b'dff1cc3dbc8e67a39efef4da8ecb0472'
DEBUG:paramiko.transport:userauth is OK
INFO:paramiko.transport:Authentication (password) successful!
DEBUG:paramiko.transport:[chan 0] Max packet in: 32768 bytes
DEBUG:paramiko.transport:[chan 0] Max packet out: 4096 bytes
DEBUG:paramiko.transport:Secsh channel 0 opened.
DEBUG:paramiko.transport:[chan 0] Sesch channel 0 request ok
DEBUG:paramiko.transport:[chan 0] Sesch channel 0 request ok
DEBUG:netmiko:read_channel: 
------------------------------------------------------------------------------------
WARNING:


This system is for the use of authorized clients only. Individuals using the
computer network system without authorization, or in excess of their authorization,
are subject to having all their activity on this computer network system monitored
and recorded by system personnel.  To protect the computer network system from
unauthorized use and to ensure the computer network system is functioning properly,
system administrators monitor this system.  Anyone using this computer network
system expressly consents to such monitoring and is advised that if such monitoring
reveals possible conduct of criminal activity, system personnel may provide the
evidence of such activity to law enforcement officers.

Access is restricted to authorized users only.

Unauthorized access is a violation of state and federal, civil and criminal laws.
------------------------------------------------------------------------------------

1ST_NT_MDF_SW01>
DEBUG:netmiko:read_channel: 
DEBUG:netmiko:read_channel: 
DEBUG:netmiko:read_channel: 
DEBUG:netmiko:write_channel: b'\n'
DEBUG:netmiko:read_channel: 
DEBUG:netmiko:read_channel: 
DEBUG:netmiko:write_channel: b'\n'
DEBUG:netmiko:read_channel: 
1ST_NT_MDF_SW01>
DEBUG:netmiko:read_channel: 
1ST_NT_MDF_SW01>
DEBUG:netmiko:Clear buffer detects data in the channel
DEBUG:netmiko:read_channel: 
DEBUG:netmiko:[find_prompt()]: prompt is 1ST_NT_MDF_SW01>
DEBUG:netmiko:read_channel: 
DEBUG:netmiko:In disable_paging
DEBUG:netmiko:Command: terminal length 0

DEBUG:netmiko:write_channel: b'terminal length 0\n'
DEBUG:netmiko:Pattern is: terminal\ length\ 0
DEBUG:netmiko:_read_channel_expect read_data: t
DEBUG:netmiko:_read_channel_expect read_data: er
DEBUG:netmiko:_read_channel_expect read_data: m
DEBUG:netmiko:_read_channel_expect read_data: in
DEBUG:netmiko:_read_channel_expect read_data: al
DEBUG:netmiko:_read_channel_expect read_data:  l
DEBUG:netmiko:_read_channel_expect read_data: en
DEBUG:netmiko:_read_channel_expect read_data: gt
DEBUG:netmiko:_read_channel_expect read_data: h 
DEBUG:netmiko:_read_channel_expect read_data: 0

DEBUG:netmiko:Pattern found: terminal\ length\ 0 terminal length 0

DEBUG:netmiko:terminal length 0

DEBUG:netmiko:Exiting disable_paging
DEBUG:netmiko:write_channel: b'terminal width 511\n'
DEBUG:netmiko:Pattern is: terminal\ width\ 511
DEBUG:netmiko:_read_channel_expect read_data: 1ST_NT_MDF_SW01>
DEBUG:netmiko:_read_channel_expect read_data: t
DEBUG:netmiko:_read_channel_expect read_data: er
DEBUG:netmiko:_read_channel_expect read_data: mi
DEBUG:netmiko:_read_channel_expect read_data: na
DEBUG:netmiko:_read_channel_expect read_data: l 
DEBUG:netmiko:_read_channel_expect read_data: wi
DEBUG:netmiko:_read_channel_expect read_data: dt
DEBUG:netmiko:_read_channel_expect read_data: h 
DEBUG:netmiko:_read_channel_expect read_data: 51
DEBUG:netmiko:_read_channel_expect read_data: 1

DEBUG:netmiko:Pattern found: terminal\ width\ 511 1ST_NT_MDF_SW01>terminal width 511

DEBUG:netmiko:read_channel: 1ST_NT_MDF_SW01>
DEBUG:netmiko:Clear buffer detects data in the channel
DEBUG:netmiko:read_channel: 
DEBUG:netmiko:write_channel: b'\n'
DEBUG:netmiko:Pattern is: 1ST_NT_MDF_SW01
DEBUG:netmiko:_read_channel_expect read_data: 

DEBUG:netmiko:_read_channel_expect read_data: 1ST_NT_MDF_SW01>
DEBUG:netmiko:Pattern found: 1ST_NT_MDF_SW01 
1ST_NT_MDF_SW01>
DEBUG:netmiko:write_channel: b'enable\n'
DEBUG:netmiko:Pattern is: (1ST_NT_MDF_SW01|ssword)
DEBUG:netmiko:_read_channel_expect read_data: e
DEBUG:netmiko:_read_channel_expect read_data: n
DEBUG:netmiko:_read_channel_expect read_data: ab
DEBUG:netmiko:_read_channel_expect read_data: le
DEBUG:netmiko:_read_channel_expect read_data: 
Password: 
DEBUG:netmiko:Pattern found: (1ST_NT_MDF_SW01|ssword) enable
Password: 
DEBUG:netmiko:write_channel: b'change-mgh\n'
DEBUG:netmiko:Pattern is: 1ST_NT_MDF_SW01
DEBUG:netmiko:_read_channel_expect read_data: 
1ST_NT_MDF_SW01#
DEBUG:netmiko:Pattern found: 1ST_NT_MDF_SW01 
1ST_NT_MDF_SW01#
DEBUG:netmiko:write_channel: b'\n'
DEBUG:netmiko:Pattern is: 1ST_NT_MDF_SW01
DEBUG:netmiko:_read_channel_expect read_data: 

DEBUG:netmiko:_read_channel_expect read_data: 1ST_NT_MDF_SW01#
DEBUG:netmiko:Pattern found: 1ST_NT_MDF_SW01 
1ST_NT_MDF_SW01#
DEBUG:netmiko:read_channel: 
DEBUG:netmiko:write_channel: b'\n'
DEBUG:netmiko:read_channel: 
DEBUG:netmiko:read_channel: 
DEBUG:netmiko:write_channel: b'\n'
DEBUG:netmiko:read_channel: 
1ST_NT_MDF_SW01#
DEBUG:netmiko:read_channel: 
1ST_NT_MDF_SW01#
DEBUG:netmiko:Clear buffer detects data in the channel
DEBUG:netmiko:read_channel: 
DEBUG:netmiko:[find_prompt()]: prompt is 1ST_NT_MDF_SW01#
DEBUG:netmiko:read_channel: 
DEBUG:netmiko:write_channel: b'sh run\n'
DEBUG:netmiko:Pattern is: sh\ run
DEBUG:netmiko:_read_channel_expect read_data: s
DEBUG:netmiko:_read_channel_expect read_data: h 
DEBUG:netmiko:_read_channel_expect read_data: r
DEBUG:netmiko:_read_channel_expect read_data: un

DEBUG:netmiko:Pattern found: sh\ run sh run

DEBUG:netmiko:read_channel: Building configuration...

DEBUG:netmiko:read_channel: 
DEBUG:netmiko:read_channel: 
DEBUG:netmiko:read_channel: 
DEBUG:netmiko:read_channel: 
DEBUG:netmiko:read_channel: 
DEBUG:netmiko:read_channel: 
DEBUG:netmiko:read_channel: 
DEBUG:netmiko:read_channel: 
DEBUG:netmiko:read_channel: 
DEBUG:netmiko:read_channel: 
DEBUG:netmiko:read_channel: 
DEBUG:netmiko:read_channel: 
DEBUG:netmiko:read_channel: 
DEBUG:netmiko:read_channel: 
DEBUG:netmiko:read_channel: 
DEBUG:netmiko:read_channel: 
DEBUG:netmiko:read_channel: 
DEBUG:netmiko:read_channel: 
DEBUG:netmiko:read_channel: 
DEBUG:netmiko:read_channel: 
DEBUG:netmiko:read_channel: 
DEBUG:netmiko:read_channel: 
DEBUG:netmiko:read_channel: 
DEBUG:netmiko:read_channel: 
DEBUG:netmiko:read_channel: 
DEBUG:netmiko:read_channel: 
DEBUG:netmiko:read_channel: 
DEBUG:netmiko:read_channel: 
DEBUG:netmiko:read_channel: 
DEBUG:netmiko:read_channel: 
DEBUG:netmiko:read_channel: 
DEBUG:netmiko:read_channel: 
DEBUG:netmiko:read_channel: 
DEBUG:netmiko:read_channel: 
DEBUG:netmiko:read_channel: 
DEBUG:netmiko:read_channel: 
DEBUG:netmiko:read_channel: 
DEBUG:netmiko:read_channel: 
DEBUG:netmiko:read_channel: 
DEBUG:netmiko:read_channel: 
DEBUG:netmiko:read_channel: 
DEBUG:netmiko:read_channel: 
DEBUG:netmiko:read_channel: 
DEBUG:netmiko:read_channel: 
DEBUG:netmiko:read_channel: 
DEBUG:netmiko:read_channel: 
DEBUG:netmiko:read_channel: 
DEBUG:netmiko:read_channel: 
DEBUG:netmiko:read_channel: 
DEBUG:netmiko:read_channel: 
DEBUG:netmiko:read_channel: 
DEBUG:netmiko:read_channel: 
DEBUG:netmiko:read_channel: 
DEBUG:netmiko:read_channel: 
DEBUG:netmiko:read_channel: 
Current configuration : 53256 bytes
!
! Last configuration change at 14:04:36 Est Wed Apr 1 2020 by johnsons
! NVRAM config last updated at 14:04:38 Est Wed Apr 1 2020 by johnsons
!
version 15.2
no service pad
service timestamps debug datetime msec localtime
service timestamps log datetime msec localtime
service password-encryption
service compress-config
!
hostname 1ST_NT_MDF_SW01
!
boot-start-marker
boot-end-marker
!
!
vrf definition Mgmt-vrf
 !
 address-family ipv4
 exit-address-family
 !
 address-family ipv6
 exit-address-family
!
enable secret 5 $1$gUOO$XAXkzPB.hpZIVMoG7XvSj.
!
username mongen privilege 15 secret 5 $1$vDrH$4cpGaH65ljPcSlNB/fw5T.
username cdw privilege 15 password 7 096C1F08145C1A014A
aaa new-model
!
!
aaa group server tacacs+ ACS
 server 172.26.5.93
 ip tacacs source-interface Vlan10
!
aaa authentication login default group tacacs+ local
aaa authentication enable default enable
aaa authorization exec default group ACS if-authenticated 
aaa accounting update newinfo
aaa accounting exec default start-stop broadcast group ACS
aaa accounting commands 1 default start-stop broadcast group ACS
aaa accounting commands 15 default start-stop broadcast group ACS
!
!
!
!
!
!
aaa session-id common
clock timezone Est -5 0
clock summer-time Est recurring
switch 1 provision ws-c3850-24xs
switch 2 provision ws-c3850-24xs
!
!
!
!
!
coap http enable
!
!
!
!
!
!
no ip source-route
ip routing
no ip gratuitous-arps
!
no ip domain-lookup
ip domain-name mongeneral.com
!
!
no ip igmp snooping vlan 70
qos queue-softmax-multiplier 100
vtp domain MonGen
vtp mode off
udld aggressive

!
table-map qos-EXCEED-MARKDOWN
 map from  34 to 36
 map from  32 to 36
 map from  24 to 0
 map from  18 to 20
 map from  0 to 8
 default 0
table-map qos-VIOLATE-MARKDOWN
 map from  34 to 38
 map from  32 to 38
 map from  24 to 8
 map from  18 to 22
 map from  0 to 8
 default 0
table-map qos-UNTRUST-DSCP
 default 0
!
!
!
errdisable recovery cause udld
errdisable recovery cause security-violation
errdisable recovery cause channel-misconfig
errdisable recovery cause pagp-flap
errdisable recovery cause dtp-flap
errdisable recovery cause link-flap
errdisable recovery cause sfp-config-mismatch
errdisable recovery cause gbic-invalid
errdisable recovery cause l2ptguard
errdisable recovery cause port-mode-failure
errdisable recovery cause dhcp-rate-limit
errdisable recovery cause pppoe-ia-rate-limit
errdisable recovery cause mac-limit
errdisable recovery cause vmps
errdisable recovery cause storm-control
errdisable recovery cause inline-power
errdisable recovery cause arp-inspection
errdisable recovery cause psp
errdisable recovery interval 30
diagnostic bootup level minimal
port-channel load-balance src-dst-mixed-ip-port
!
spanning-tree mode rapid-pvst
spanning-tree extend system-id
spanning-tree pathcost method long
spanning-tree vlan 1-4094 priority 4096
hw-switch switch 1 logging onboard message level 3
hw-switch switch 2 logging onboard message level 3
!
redundancy
 mode sso
!
!
vlan configuration 70
!
vlan 2
 name PAC2
!
vlan 3
 name AVAYA
!
vlan 4
 name WITT
!
vlan 5
 name Merge
!
vlan 6
 name IronMountain1
!
vlan 7
 name IronMountain2
!
vlan 8
 name Hall-Battin
!
vlan 9
 name Phillips
!
vlan 10
 name Management
!
vlan 12
 name Management-2
!
vlan 13
 name Philips_1
!
vlan 14
 name Philips_2
!
vlan 15
 name Corp-Wireless
!
vlan 20
 name DMZ-Video Service
!
vlan 21
 name DMZ-Video Transit
!
vlan 30
 name Cafeteria_boards
!
vlan 50
 name BMDI
!
vlan 60
 name LTACH
!
vlan 70
 name Panoram
!
vlan 80
 name Mindray
!
vlan 100
 name 1st_ST_sw01-DATA-172.29.100.0/23
!
vlan 101
 name 1st_ST_sw01-VOICE-172.29.102.0/23
!
vlan 110
 name 1st_ST_sw02-DATA-172.29.104.0/23
!
vlan 111
 name 1st_ST_sw02-VOICE-172.29.106.0/23
!
vlan 120
 name 2nd_ST_sw01-DATA-172.29.108.0/23
!
vlan 121
 name 2nd_ST_sw01-VOICE-172.29.110.0/23
!
vlan 130
 name 3rd_ST_sw01-DATA-172.29.112.0/23
!
vlan 131
 name 3rd_ST_sw01-VOICE-172.29.114.0/23
!
vlan 140
 name 3rd_ST_sw02-DATA-172.29.116.0/23
!
vlan 141
 name 3rd_ST_sw02-VOICE-172.29.118.0/23
!
vlan 150
 name 4th_ST_sw01-DATA-172.29.120.0/23
!
vlan 151
 name 4th_ST_sw01-VOICE-172.29.122.0/23
!
vlan 160
 name 5th_ST_sw01-DATA-172.29.124.0/23
!
vlan 161
 name 5th_ST_sw01-VOICE-172.29.126.0/23
!
vlan 200
 name 1st_NT_sw01-DATA-172.29.128.0/23
!
vlan 201
 name 1st_NT_sw01-VOICE-172.29.130.0/23
!
vlan 210
 name 2nd_NT_sw01-DATA-172.29.132.0/23
!
vlan 211
 name 2nd_NT_sw01-VOICE-172.29.134.0/23
!
vlan 220
 name 2nd_NT_sw02-DATA-172.29.136.0/23
!
vlan 221
 name 2nd_NT_sw02-VOICE-172.29.138.0/23
!
vlan 230
 name 2nd_NT_sw03-DATA-172.29.140.0/23
!
vlan 231
 name 2nd_NT_sw03-VOICE-172.29.142.0/23
!
vlan 240
 name 3rd_NT_sw01-DATA-172.29.144.0/23
!
vlan 241
 name 3rd_NT_sw01-VOICE-172.29.146.0/23
!
vlan 250
 name 3rd_NT_sw02-DATA-172.29.148.0/23
!
vlan 251
 name 3rd_NT_sw02-VOICE-172.29.150.0/23
!
vlan 260
 name 4th_NT_sw01-DATA-172.29.152.0/23
!
vlan 261
 name 4th_NT_sw01-VOICE-172.29.154.0/23
!
vlan 270
 name 5th_NT_sw01-DATA-172.29.156.0/23
!
vlan 271
 name 5th_NT_sw01-VOICE-172.29.158.0/23
!
vlan 280
 name 5th_NT_sw02-DATA-172.29.160.0/23
!
vlan 281
 name 5th_NT_sw02-VOICE-172.29.162.0/23
!
vlan 290
 name 6th_NT_sw01-DATA-172.29.164.0/23
!
vlan 291
 name 6th_NT_sw01-VOICE-172.29.166.0/23
!
vlan 300
 name 2nd_HC_sw01-DATA-172.29.168.0/23
!
vlan 301
 name 2nd_HC_sw01-VOICE-172.29.170.0/23
!
vlan 310
 name 4thhcc_WH_DATA-172.29.176.0/23
!
vlan 311
 name 4thhcc_WH_VOICE-172.29.178.0/23
!
vlan 320
 name 1st_conf_sw01-DATA_172.29.172.0/23
!
vlan 321
 name 1st-conf-sw01-Voice-172.29.174.0/23
!
vlan 330
 name Women_Health
!
vlan 340
 name 3rd_hc_sw01_DATA-172.29.180.0/23
!
vlan 341
 name 3rd_hc_sw01_VOICE-172.29.182.0/23
!
vlan 350
 name 4thhcc_uro_sw01-DATA-172.16.208.0/24
!
vlan 351
 name 4thhcc_uro_sw01-VOICE-172.16.209.0/24
!
vlan 666
 name Native Vlan
!
!
class-map match-any qos-in-VOICE-BEARER
 match access-group name qos-VOICE-BEARER
class-map match-any qos-in-VIDEO-BEARER
 match access-group name qos-VIDEO-BEARER
class-map match-any qos-in-CALL-SIGNALING
 match access-group name qos-CALL-SIGNALING
class-map match-any qos-in-UC-SERVER-PREMARK
 match access-group name qos-UC-SERVER-VOICE-BEARER-PREMARK
 match access-group name qos-UC-SERVER-VIDEO-BEARER-PREMARK
 match access-group name qos-UC-SERVER-TELEPRESENCE-BEARER-PREMARK
 match access-group name qos-UC-SERVER-CALL-SIGNALING-PREMARK
 match access-group name qos-UC-SERVER-CC-AGENT-PREMARK
class-map match-any qos-out-BUSINESS-APPS
 match dscp af21 
 match dscp af22 
 match dscp af23 
class-map match-any qos-in-TELEPRESENCE-BEARER
 match access-group name qos-TELEPRESENCE-BEARER
class-map match-any non-client-nrt-class
class-map match-any qos-out-SCAVENGER
 match dscp cs1 
class-map match-any qos-out-CALL-SIGNALING
 match dscp cs3 
class-map match-any qos-out-VOICE-BEARER
 match dscp ef 
class-map match-any qos-out-VIDEO-BEARER
 match dscp af41 
 match dscp af42 
 match dscp af43 
 match dscp cs4 
!
policy-map port_child_policy
 class non-client-nrt-class
  bandwidth remaining ratio 10
policy-map qos-ACCESS-IN
 class qos-in-VOICE-BEARER
  police cir 256000 pir 256000 conform-action transmit  exceed-action drop  violate-action drop 
 class qos-in-VIDEO-BEARER
  police cir 6000000 bc 64000 pir 6000000 be 64000 conform-action transmit  exceed-action set-dscp-transmit dscp table qos-EXCEED-MARKDOWN violate-action set-dscp-transmit dscp table qos-VIOLATE-MARKDOWN
 class qos-in-TELEPRESENCE-BEARER
  police cir 6000000 bc 64000 pir 6000000 be 64000 conform-action transmit  exceed-action set-dscp-transmit dscp table qos-EXCEED-MARKDOWN violate-action set-dscp-transmit dscp table qos-VIOLATE-MARKDOWN
 class qos-in-CALL-SIGNALING
  police cir 32000 pir 32000 conform-action transmit  exceed-action set-dscp-transmit dscp table qos-EXCEED-MARKDOWN vio
DEBUG:netmiko:read_channel: late-action set-dscp-transmit dscp table qos-VIOLATE-MARKDOWN
 class class-default
  police cir 50000000 pir 50000000 conform-action transmit  exceed-action set-dscp-transmit dscp table qos-EXCEED-MARKDOWN violate-action set-dscp-transmit dscp table qos-VIOLATE-MARKDOWN
policy-map qos-TRUNK-OR-IPT-OUT
 class qos-out-VOICE-BEARER
  priority level 1 percent 30
 class qos-out-VIDEO-BEARER
  bandwidth remaining percent 30 
  queue-limit dscp af43 percent 80
  queue-limit dscp af42 percent 90
 class qos-out-CALL-SIGNALING
  bandwidth remaining percent 10 
 class qos-out-BUSINESS-APPS
  bandwidth remaining percent 20 
  queue-limit dscp af23 percent 80
  queue-limit dscp af22 percent 90
 class qos-out-SCAVENGER
  bandwidth remaining percent 5 
 class class-default
  bandwidth remaining percent 35 
  set dscp dscp table qos-UNTRUST-DSCP
!
! 
!
!
!
!
!
!
!
!
!
!
!
!
interface Port-channel1
 description MGH-1A
 switchport trunk native vlan 666
 switchport trunk allowed vlan 1-9,12,15,20,21,30,50,300,301,310,311,330,340
 switchport trunk allowed vlan add 341,350,351
 switchport mode trunk
 switchport nonegotiate
 spanning-tree guard root
!
interface Port-channel11
 description 1st_st_sw01
 switchport trunk native vlan 666
 switchport trunk allowed vlan 1,9,10,13,14,50,100,101
 switchport mode trunk
 switchport nonegotiate
 spanning-tree guard root
!
interface Port-channel12
 description 1st_st_sw02
 switchport trunk native vlan 666
 switchport trunk allowed vlan 1,10,50,110,111
 switchport mode trunk
 switchport nonegotiate
 spanning-tree guard root
!
interface Port-channel13
 description 2nd_st_sw01
 switchport trunk native vlan 666
 switchport trunk allowed vlan 1,5,10,120,121
 switchport mode trunk
 switchport nonegotiate
 spanning-tree guard root
!
interface Port-channel14
 description 3rd_st_sw01
 switchport trunk native vlan 666
 switchport trunk allowed vlan 1,2,5,10,50,60,130,131
 switchport mode trunk
 switchport nonegotiate
 spanning-tree guard root
!
interface Port-channel15
 description 3rd_st_sw02
 switchport trunk native vlan 666
 switchport trunk allowed vlan 1,2,5,10,50,60,70,80,140,141
 switchport mode trunk
 switchport nonegotiate
 spanning-tree guard root
!
interface Port-channel16
 description 4th_st_sw01
 switchport trunk native vlan 666
 switchport trunk allowed vlan 1,10,150,151
 switchport mode trunk
 switchport nonegotiate
 spanning-tree guard root
!
interface Port-channel17
 description 5th_st_sw01
 switchport trunk native vlan 666
 switchport trunk allowed vlan 1,10,160,161
 switchport mode trunk
 switchport nonegotiate
 spanning-tree guard root
!
interface Port-channel18
 description 1st_nt_sw01
 switchport trunk native vlan 666
 switchport trunk allowed vlan 1,2,10,30,200,201
 switchport mode trunk
 switchport nonegotiate
 spanning-tree guard root
!
interface Port-channel19
 description 2nd_nt_sw01
 switchport trunk native vlan 666
 switchport trunk allowed vlan 1,2,10,210,211
 switchport mode trunk
 switchport nonegotiate
 spanning-tree guard root
!
interface Port-channel20
 description 2nd_nt_sw02
 switchport trunk native vlan 666
 switchport trunk allowed vlan 1,2,5,10,50,220,221
 switchport mode trunk
 switchport nonegotiate
 spanning-tree guard root
!
interface Port-channel21
 description 2nd_nt_sw03
 switchport trunk native vlan 666
 switchport trunk allowed vlan 1,2,5,10,50,230,231
 switchport mode trunk
 switchport nonegotiate
 spanning-tree guard root
!
interface Port-channel22
 description 3rd_nt_sw01
 switchport trunk native vlan 666
 switchport trunk allowed vlan 1,2,10,50,240,241
 switchport mode trunk
 switchport nonegotiate
 spanning-tree guard root
!
interface Port-channel23
 description 3rd_nt_sw02
 switchport trunk native vlan 666
 switchport trunk allowed vlan 1,2,5,10,50,250,251
 switchport mode trunk
 switchport nonegotiate
 spanning-tree guard root
!
interface Port-channel24
 description 4th_nt_sw01
 switchport trunk native vlan 666
 switchport trunk allowed vlan 1,10,60,260,261
 switchport mode trunk
 switchport nonegotiate
 spanning-tree guard root
!
interface Port-channel25
 description 5th_nt_sw01
 switchport trunk native vlan 666
 switchport trunk allowed vlan 1,10,270,271
 switchport mode trunk
 switchport nonegotiate
 spanning-tree guard root
!
interface Port-channel26
 description 5th_nt_sw02
 switchport trunk native vlan 666
 switchport trunk allowed vlan 1,10,50,280,281
 switchport mode trunk
 switchport nonegotiate
 spanning-tree guard root
!
interface Port-channel27
 description 6th_nt_sw01
 switchport trunk native vlan 666
 switchport trunk allowed vlan 1,10,290,291
 switchport mode trunk
 switchport nonegotiate
 spanning-tree guard root
!
interface Port-channel28
 description 1st_conf_sw01
 switchport trunk native vlan 666
 switchport trunk allowed vlan 1,10,320,321
 switchport mode trunk
 switchport nonegotiate
 spanning-tree guard root
!
interface GigabitEthernet0/0
 vrf forwarding Mgmt-vrf
 no ip address
 negotiation auto
!
interface TenGigabitEthernet1/0/1
 description Link to 1st_st_sw01
 switchport trunk native vlan 666
 switchport trunk allowed vlan 1,9,10,13,14,50,100,101
 switchport mode trunk
 switchport nonegotiate
 channel-group 11 mode active
 spanning-tree guard root
!
interface TenGigabitEthernet1/0/2
 description Link to 1st_st_sw02
 switchport trunk native vlan 666
 switchport trunk allowed vlan 1,10,50,110,111
 switchport mode trunk
 switchport nonegotiate
 channel-group 12 mode active
 spanning-tree guard root
!
interface TenGigabitEthernet1/0/3
 description Link to 2nd_st_sw01
 switchport trunk native vlan 666
 switchport trunk allowed vlan 1,5,10,120,121
 switchport mode trunk
 switchport nonegotiate
 channel-group 13 mode active
 spanning-tree guard root
!
interface TenGigabitEthernet1/0/4
 description Link to 3rd_st_sw01
 switchport trunk native vlan 666
 switchport trunk allowed vlan 1,2,5,10,50,60,130,131
 switchport mode trunk
 switchport nonegotiate
 channel-group 14 mode active
 spanning-tree guard root
!
interface TenGigabitEthernet1/0/5
 description Link to 3rd_st_sw02
 switchport trunk native vlan 666
 switchport trunk allowed vlan 1,2,5,10,50,60,70,80,140,141
 switchport mode trunk
 switchport nonegotiate
 channel-group 15 mode active
 spanning-tree guard root
!
interface TenGigabitEthernet1/0/6
 description Link to 4th_st_sw01
 switchport trunk native vlan 666
 switchport trunk allowed vlan 1,10,150,151
 switchport mode trunk
 switchport nonegotiate
 channel-group 16 mode active
 spanning-tree guard root
!
interface TenGigabitEthernet1/0/7
 description Link to 5th_st_sw01
 switchport trunk native vlan 666
 switchport trunk allowed vlan 1,10,160,161
 switchport mode trunk
 switchport nonegotiate
 channel-group 17 mode active
 spanning-tree guard root
!
interface TenGigabitEthernet1/0/8
 description Link to 1st_nt_sw01
 switchport trunk native vlan 666
 switchport trunk allowed vlan 1,2,10,30,200,201
 switchport mode trunk
 switchport nonegotiate
 channel-group 18 mode active
 spanning-tree guard root
!
interface TenGigabitEthernet1/0/9
 description Link to 2nd_nt_sw01
 switchport trunk native vlan 666
 switchport trunk allowed vlan 1,2,10,210,211
 switchport mode trunk
 switchport nonegotiate
 channel-group 19 mode active
 spanning-tree guard root
!
interface TenGigabitEthernet1/0/10
 description Link to 2nd_nt_sw02
 switchport trunk native vlan 666
 switchport trunk allowed vlan 1,2,5,10,50,220,221
 switchport mode trunk
 switchport nonegotiate
 channel-group 20 mode active
 spanning-tree guard root
!
interface TenGigabitEthernet1/0/11
 description Link to 2nd_nt_sw03
 switchport trunk native vlan 666
 switchport trunk allowed vlan 1,2,5,10,50,230,231
 switchport mode trunk
 switchport nonegotiate
 channel-group 21 mode active
 spanning-tree guard root
!
interface TenGigabitEthernet1/0/12
 description Link to 3rd_nt_sw01
 switchport trunk native vlan 666
 switchport trunk allowed vlan 1,2,10,50,240,241
 switchport mode trunk
 switchport nonegotiate
 channel-group 22 mode active
 spanning-tree guard root
!
interface TenGigabitEthernet1/0/13
 description Link to 3rd_nt_sw02
 switchport trunk native vlan 666
 switchport trunk allowed vlan 1,2,5,10,50,250,251
 switchport mode trunk
 switchport nonegotiate
 channel-group 23 mode active
 spanning-tree guard root
!
interface TenGigabitEthernet1/0/14
 description Link to 4th_nt_sw01
 switchport trunk native vlan 666
 switchport trunk allowed vlan 1,10,60,260,261
 switchport mode trunk
 switchport nonegotiate
 channel-group 24 mode active
 spanning-tree guard root
!
interface TenGigabitEthernet1/0/15
 description Link to 5th_nt_sw01
 switchport trunk native vlan 666
 switchport trunk allowed vlan 1,10,270,271
 switchport mode trunk
 switchport nonegotiate
 channel-group 25 mode active
 spanning-tree guard root
!
interface TenGigabitEthernet1/0/16
 description Link to 5th_nt_sw02
 switchport trunk native vlan 666
 switchport trunk allowed vlan 1,10,50,280,281
 switchport mode trunk
 switchport nonegotiate
 channel-group 26 mode active
 spanning-tree guard root
!
interface TenGigabitEthernet1/0/17
 description Link to 6th_nt_sw01
 switchport trunk native vlan 666
 switchport trunk allowed vlan 1,10,290,291
 switchport mode trunk
 switchport nonegotiate
 channel-group 27 mode active
 spanning-tree guard root
!
interface TenGigabitEthernet1/0/18
 description Link to 1st_conf_sw01
 switchport trunk native vlan 666
 switchport trunk allowed vlan 1,10,320,321
 switchport mode trunk
 switchport nonegotiate
 channel-group 28 mode active
 spanning-tree guard root
!
interface TenGigabitEthernet1/0/19
 switchport trunk native vlan 666
 switchport trunk allowed vlan 1
 switchport mode trunk
 switchport nonegotiate
 spanning-tree guard root
!
interface TenGigabitEthernet1/0/20
 switchport trunk native vlan 666
 switchport mode trunk
 switchport nonegotiate
 shutdown
 spanning-tree guard root
!
interface TenGigabitEthernet1/0/21
 switchport trunk native vlan 666
 switchport mode trunk
 switchport nonegotiate
 shutdown
 spanning-tree guard root
!
interface TenGigabitEthernet1/0/22
 switchport trunk native vlan 666
 switchport mode trunk
 switchport nonegotiate
 spanning-tree guard root
!
interface TenGigabitEthernet1/0/23
 switchport trunk native vlan 666
 switchport mode trunk
 switchport nonegotiate
 spanning-tree guard root
!
interface TenGigabitEthernet1/0/24
 description Link to MGH 1A
 switchport trunk native vlan 666
 switchport trunk allowed vlan 1-9,12,15,20,21,30,50,300,301,310,311,330,340
 switchport trunk allowed vlan add 341,350,351
 switchport mode trunk
 switchport nonegotiate
 channel-group 1 mode active
 spanning-tree guard root
 service-policy output qos-TRUNK-OR-IPT-OUT
!
interface TenGigabitEthernet1/1/1
!
interface TenGigabitEthernet1/1/2
!
interface TenGigabitEthernet1/1/3
!
interface TenGigabitEthernet1/1/4
!
interface TenGigabitEthernet1/1/5
!
interface TenGigabitEthernet1/1/6
!
interface TenGigabitEthernet1/1/7
!
interface TenGigabitEthernet1/1/8
!
interface FortyGigabitEthernet1/1/1
!
interface FortyGigabitEthernet1/1/2
!
interface TenGigabitEthernet2/0/1
 description Link to 1st_st_sw01
 switchport trunk native vlan 666
 switchport trunk allowed vlan 1,9,10,13,14,50,100,101
 switchport mode trunk
 switchport nonegotiate
 channel-group 11 mode active
 spanning-tree guard root
!
interface TenGigabitEthernet2/0/2
 description Link to 1st_st_sw02
 switchport trunk native vlan 666
 switchport trunk allowed vlan 1,10,50,110,111
 switchport mode trunk
 switchport nonegotiate
 channel-group 12 mode active
 spanning-tree guard root
!
interface TenGigabitEthernet2/0/3
 description Link to 2nd_st_sw01
 switchport trunk native vlan 666
 switchport trunk allowed vlan 1,5,10,120,121
 switchport mode trunk
 switchport nonegotiate
 channel-group 13 mode active
 spanning-tree guard root
!
interface TenGigabitEthernet2/0/4
 description Link to 3rd_st_sw01
 switchport trunk native vlan 666
 switchport trunk allowed vlan 1,2,5,10,50,60,130,131
 switchport mode trunk
 switchport nonegotiate
 channel-group 14 mode active
 spanning-tree guard root
!
interface TenGigabitEthernet2/0/5
 description Link to 3rd_st_sw02
 switchport trunk native vlan 666
 switchport trunk allowed vlan 1,2,5,10,50,60,70,80,140,141
 switchport mode trunk
 switchport nonegotiate
 channel-group 15 mode active
 spanning-tree guard root
!
interface TenGigabitEthernet2/0/6
 description Link to 4th_st_sw01
 switchport trunk native vlan 666
 switchport trunk allowed vlan 1,10,150,151
 switchport mode trunk
 switchport nonegotiate
 channel-group 16 mode active
 spanning-tree guard root
!
interface TenGigabitEthernet2/0/7
 description Link to 5th_st_sw01
 switchport trunk native vlan 666
 switchport trunk allowed vlan 1,10,160,161
 switchport mode trunk
 switchport nonegotiate
 channel-group 17 mode active
 spanning-tree guard root
!
interface TenGigabitEthernet2/0/8
 description Link to 1st_nt_sw01
 switchport trunk native vlan 666
 switchport trunk allowed vlan 1,2,10,30,200,201
 switchport mode trunk
 switchport nonegotiate
 channel-group 18 mode active
 spanning-tree guard root
!
interface TenGigabitEthernet2/0/9
 description Link to 2nd_nt_sw01
 switchport trunk native vlan 666
 switchport trunk allowed vlan 1,2,10,210,211
 switchport mode trunk
 switchport nonegotiate
 channel-group 19 mode active
 spanning-tree guard root
!
interface TenGigabitEthernet2/0/10
 description Link to 2nd_nt_sw02
 switchport trunk native vlan 666
 switchport trunk allowed vlan 1,2,5,10,50,220,221
 switchport mode trunk
 switchport nonegotiate
 channel-group 20 mode active
 spanning-tree guard root
!
interface TenGigabitEthernet2/0/11
 description Link to 2nd_nt_sw03
 switchport trunk native vlan 666
 switchport trunk allowed vlan 1,2,5,10,50,230,231
 switchport mode trunk
 switchport nonegotiate
 channel-group 21 mode active
 spanning-tree guard root
!
interface TenGigabitEthernet2/0/12
 description Link to 3rd_nt_sw01
 switchport trunk native vlan 666
 switchport trunk allowed vlan 1,2,10,50,240,241
 switchport mode trunk
 switchport nonegotiate
 channel-group 22 mode active
 spanning-tree guard root
!
interface TenGigabitEthernet2/0/13
 description Link to 3rd_nt_sw02
 switchport trunk native vlan 666
 switchport trunk allowed vlan 1,2,5,10,50,250,251
 switchport mode trunk
 switchport nonegotiate
 channel-group 23 mode active
 spanning-tree guard root
!
interface TenGigabitEthernet2/0/14
 description Link to 4th_nt_sw01
 switchport trunk native vlan 666
 switchport trunk allowed vlan 1,10,60,260,261
 switchport mode trunk
 switchport nonegotiate
 channel-group 24 mode active
 spanning-tree guard root
!
interface TenGigabitEthernet2/0/15
 description Link to 5th_nt_sw01
 switchport trunk native vlan 666
 switchport trunk allowed vlan 1,10,270,271
 switchport mode trunk
 switchport nonegotiate
 channel-group 25 mode active
 spanning-tree guard root
!
interface TenGigabitEthernet2/0/16
 description Link to 5th_nt_sw02
 switchport trunk native vlan 666
 switchport trunk allowed vlan 1,10,50,280,281
 switchport mode trunk
 switchport nonegotiate
 channel-group 26 mode active
 spanning-tree guard root
!
interface TenGigabitEthernet2/0/17
 description Link to 6th_nt_sw01
 switchport trunk native vlan 666
 switchport trunk allowed vlan 1,10,290,291
 switchport mode trunk
 switchport nonegotiate
 channel-group 27 mode active
 spanning-tree guard root
!
interface TenGigabitEthernet2/0/18
 description Link to 1st_conf_sw01
 switchport trunk native vlan 666
 switchport trunk allowed vlan 1,10,320,321
 switchport mode trunk
 switchport nonegotiate
 channel-group 28 mode active
 spanning-tree guard root
!
interface TenGigabitEthernet2/0/19
 switchport trunk native vlan 666
 switchport mode trunk
 switchport nonegotiate
 shutdown
 spannin
DEBUG:netmiko:read_channel: g-tree guard root
!
interface TenGigabitEthernet2/0/20
 switchport trunk native vlan 666
 switchport mode trunk
 switchport nonegotiate
 shutdown
 spanning-tree guard root
!
interface TenGigabitEthernet2/0/21
 switchport trunk native vlan 666
 switchport mode trunk
 switchport nonegotiate
 shutdown
 spanning-tree guard root
!
interface TenGigabitEthernet2/0/22
 switchport trunk native vlan 666
 switchport mode trunk
 switchport nonegotiate
 shutdown
 spanning-tree guard root
!
interface TenGigabitEthernet2/0/23
 switchport trunk native vlan 666
 switchport mode trunk
 switchport nonegotiate
 shutdown
 spanning-tree guard root
!
interface TenGigabitEthernet2/0/24
 description Link to MGH 1A
 switchport trunk native vlan 666
 switchport trunk allowed vlan 1-9,12,15,20,21,30,50,300,301,310,311,330,340
 switchport trunk allowed vlan add 341,350,351
 switchport mode trunk
 switchport nonegotiate
 channel-group 1 mode active
 spanning-tree guard root
 service-policy output qos-TRUNK-OR-IPT-OUT
!
interface TenGigabitEthernet2/1/1
!
interface TenGigabitEthernet2/1/2
!
interface TenGigabitEthernet2/1/3
!
interface TenGigabitEthernet2/1/4
!
interface TenGigabitEthernet2/1/5
!
interface TenGigabitEthernet2/1/6
!
interface TenGigabitEthernet2/1/7
!
interface TenGigabitEthernet2/1/8
!
interface FortyGigabitEthernet2/1/1
!
interface FortyGigabitEthernet2/1/2
!
interface Vlan1
 description Legacy - Management
 ip address 172.25.48.1 255.255.255.0 secondary
 ip address 192.168.200.2 255.255.255.0 secondary
 ip address 192.168.131.2 255.255.255.0 secondary
 ip address 192.168.128.2 255.255.255.0 secondary
 ip address 172.26.1.3 255.255.0.0
 no ip redirects
 no ip unreachables
 no ip proxy-arp
 ip pim sparse-dense-mode
!
interface Vlan2
 description PACS
 ip address 172.27.1.1 255.255.255.0
 no ip redirects
 no ip unreachables
 no ip proxy-arp
!
interface Vlan3
 description VLAN for AVAYA
 ip address 172.30.1.1 255.255.255.0
 no ip redirects
 no ip unreachables
 no ip proxy-arp
!
interface Vlan4
 description VLAN for WITT radiology
 ip address 133.133.1.1 255.255.0.0
 no ip redirects
 no ip unreachables
 no ip proxy-arp
!
interface Vlan5
 description VLAN for MERGE
 ip address 172.31.1.1 255.255.255.0
 no ip redirects
 no ip unreachables
 no ip proxy-arp
!
interface Vlan6
 description IronMountain1
 ip address 172.19.11.1 255.255.255.224
 no ip redirects
 no ip unreachables
 no ip proxy-arp
!
interface Vlan7
 description IronMountain2
 ip address 172.19.11.33 255.255.255.224
 no ip redirects
 no ip unreachables
 no ip proxy-arp
!
interface Vlan8
 description Hall-Battin
 no ip address
 no ip redirects
 no ip unreachables
 no ip proxy-arp
!
interface Vlan10
 description Management
 ip address 172.29.10.1 255.255.255.0
 no ip redirects
 no ip unreachables
 no ip proxy-arp
!
interface Vlan12
 description Management-2
 ip address 192.192.1.1 255.255.255.0
 no ip redirects
 no ip unreachables
 no ip proxy-arp
!
interface Vlan13
 ip address 172.32.0.1 255.255.255.252
 no ip redirects
 no ip unreachables
 no ip proxy-arp
!
interface Vlan14
 ip address 172.32.0.5 255.255.255.252
 no ip redirects
 no ip unreachables
 no ip proxy-arp
!
interface Vlan15
 description Corp-Wireless
 ip address 172.29.200.1 255.255.240.0
 ip helper-address 172.26.5.1
 no ip redirects
 no ip unreachables
 no ip proxy-arp
!
interface Vlan21
 description CiscoVideo Transit-DMZ
 ip address 11.11.21.2 255.255.255.0
 no ip redirects
 no ip unreachables
 no ip proxy-arp
!
interface Vlan50
 description BMDI
 ip address 172.29.50.1 255.255.255.0
 ip helper-address 172.26.5.1
 no ip redirects
 no ip unreachables
 no ip proxy-arp
!
interface Vlan70
 description Panoram
 ip address 7.6.6.1 255.255.255.0 secondary
 ip address 7.7.7.1 255.255.255.0
!
interface Vlan80
 ip address 10.5.1.1 255.255.255.0
!
interface Vlan100
 description 1st_st_sw01-DATA
 ip address 172.29.100.1 255.255.254.0
 ip helper-address 172.26.5.1
 no ip redirects
 no ip unreachables
 no ip proxy-arp
!
interface Vlan101
 description 1st_st_sw01-VOICE
 ip address 172.29.102.1 255.255.254.0
 ip helper-address 172.26.5.1
 no ip redirects
 no ip unreachables
 no ip proxy-arp
!
interface Vlan110
 description 1st_st_sw02-DATA
 ip address 172.29.104.1 255.255.254.0
 ip helper-address 172.26.5.1
 no ip redirects
 no ip unreachables
 no ip proxy-arp
!
interface Vlan111
 description 1st_st_sw02-VOICE
 ip address 172.29.106.1 255.255.254.0
 ip helper-address 172.26.5.1
 no ip redirects
 no ip unreachables
 no ip proxy-arp
!
interface Vlan120
 description 2nd_st_sw01-DATA
 ip address 172.29.108.1 255.255.254.0
 ip helper-address 172.26.5.1
 no ip redirects
 no ip unreachables
 no ip proxy-arp
!
interface Vlan121
 description 2nd_st_sw01-VOICE
 ip address 172.29.110.1 255.255.254.0
 ip helper-address 172.26.5.1
 no ip redirects
 no ip unreachables
 no ip proxy-arp
!
interface Vlan130
 description 3rd_st_sw01-DATA
 ip address 172.29.112.1 255.255.254.0
 ip helper-address 172.26.5.1
 no ip redirects
 no ip unreachables
 no ip proxy-arp
!
interface Vlan131
 description 3rd_st_sw01-VOICE
 ip address 172.29.114.1 255.255.254.0
 ip helper-address 172.26.5.1
 no ip redirects
 no ip unreachables
 no ip proxy-arp
!
interface Vlan140
 description 3rd_st_sw02-DATA 
 ip address 172.29.116.1 255.255.254.0
 ip helper-address 172.26.5.1
 no ip redirects
 no ip unreachables
 no ip proxy-arp
!
interface Vlan141
 description 3rd_st_sw02-VOICE
 ip address 172.29.118.1 255.255.254.0
 ip helper-address 172.26.5.1
 no ip redirects
 no ip unreachables
 no ip proxy-arp
!
interface Vlan150
 description 4th_st_sw01-DATA
 ip address 172.29.120.1 255.255.254.0
 ip helper-address 172.26.5.1
 no ip redirects
 no ip unreachables
 no ip proxy-arp
!
interface Vlan151
 description 4th_st_sw01-VOICE
 ip address 172.29.122.1 255.255.254.0
 ip helper-address 172.26.5.1
 no ip redirects
 no ip unreachables
 no ip proxy-arp
!
interface Vlan160
 description 5th_st_sw01-DATA
 ip address 172.29.124.1 255.255.254.0
 ip helper-address 172.26.5.1
 no ip redirects
 no ip unreachables
 no ip proxy-arp
!
interface Vlan161
 description 5th_st_sw01-VOICE
 ip address 172.29.126.1 255.255.254.0
 ip helper-address 172.26.5.1
 no ip redirects
 no ip unreachables
 no ip proxy-arp
!
interface Vlan200
 description 1st_nt_sw01-DATA
 ip address 172.29.128.1 255.255.254.0
 ip helper-address 172.26.5.1
 no ip redirects
 no ip unreachables
 no ip proxy-arp
!
interface Vlan201
 description 1st_nt_sw01-VOICE
 ip address 172.29.130.1 255.255.254.0
 ip helper-address 172.26.5.1
 no ip redirects
 no ip unreachables
 no ip proxy-arp
!
interface Vlan210
 description 2nd_nt_sw01-DATA
 ip address 172.29.132.1 255.255.254.0
 ip helper-address 172.26.5.1
 no ip redirects
 no ip unreachables
 no ip proxy-arp
!
interface Vlan211
 description 2nd_nt_sw01-VOICE
 ip address 172.29.134.1 255.255.254.0
 ip helper-address 172.26.5.1
 no ip redirects
 no ip unreachables
 no ip proxy-arp
!
interface Vlan220
 description 2nd_nt_sw02-DATA
 ip address 172.29.136.1 255.255.254.0
 ip helper-address 172.26.5.1
 no ip redirects
 no ip unreachables
 no ip proxy-arp
!
interface Vlan221
 description 2nd_nt_sw02-VOICE
 ip address 172.29.138.1 255.255.254.0
 ip helper-address 172.26.5.1
 no ip redirects
 no ip unreachables
 no ip proxy-arp
!
interface Vlan230
 description 2nd_nt_sw03-DATA
 ip address 172.29.140.1 255.255.254.0
 ip helper-address 172.26.5.1
 no ip redirects
 no ip unreachables
 no ip proxy-arp
!
interface Vlan231
 description 2nd_nt_sw03-VOICE
 ip address 172.29.142.1 255.255.254.0
 ip helper-address 172.26.5.1
 no ip redirects
 no ip unreachables
 no ip proxy-arp
!
interface Vlan240
 description 3rd_nt_sw01-DATA
 ip address 172.29.144.1 255.255.254.0
 ip helper-address 172.26.5.1
 no ip redirects
 no ip unreachables
 no ip proxy-arp
!
interface Vlan241
 description 3rd_nt_sw01-VOICE
 ip address 172.29.146.1 255.255.254.0
 ip helper-address 172.26.5.1
 no ip redirects
 no ip unreachables
 no ip proxy-arp
!
interface Vlan250
 description 3rd_nt_sw02-DATA
 ip address 172.29.148.1 255.255.254.0
 ip helper-address 172.26.5.1
 no ip redirects
 no ip unreachables
 no ip proxy-arp
!
interface Vlan251
 description 3rd_nt_sw02-VOICE
 ip address 172.29.150.1 255.255.254.0
 ip helper-address 172.26.5.1
 no ip redirects
 no ip unreachables
 no ip proxy-arp
!
interface Vlan260
 description 4th_nt_sw01-DATA
 ip address 172.29.152.1 255.255.254.0
 ip helper-address 172.26.5.1
 no ip redirects
 no ip unreachables
 no ip proxy-arp
!
interface Vlan261
 description 4th_nt_sw01-VOICE
 ip address 172.29.154.1 255.255.254.0
 ip helper-address 172.26.5.1
 no ip redirects
 no ip unreachables
 no ip proxy-arp
!
interface Vlan270
 description 5th_nt_sw01-DATA
 ip address 172.29.156.1 255.255.254.0
 ip helper-address 172.26.5.1
 no ip redirects
 no ip unreachables
 no ip proxy-arp
!
interface Vlan271
 description 5th_nt_sw01-VOICE
 ip address 172.29.158.1 255.255.254.0
 ip helper-address 172.26.5.1
 no ip redirects
 no ip unreachables
 no ip proxy-arp
!
interface Vlan280
 description 5th_nt_sw02-DATA
 ip address 172.29.160.1 255.255.254.0
 ip helper-address 172.26.5.1
 no ip redirects
 no ip unreachables
 no ip proxy-arp
!
interface Vlan281
 description 5th_nt_sw02-VOICE
 ip address 172.29.162.1 255.255.254.0
 ip helper-address 172.26.5.1
 no ip redirects
 no ip unreachables
 no ip proxy-arp
!
interface Vlan290
 description 6th_nt_sw01-DATA
 ip address 172.29.164.1 255.255.254.0
 ip helper-address 172.26.5.1
 no ip redirects
 no ip unreachables
 no ip proxy-arp
!
interface Vlan291
 description 6th_nt_sw01-VOICE
 ip address 172.29.166.1 255.255.254.0
 ip helper-address 172.26.5.1
 no ip redirects
 no ip unreachables
 no ip proxy-arp
!
interface Vlan300
 description 2nd_hc_sw01-DATA
 ip address 172.29.168.1 255.255.254.0
 ip helper-address 172.26.5.1
 no ip redirects
 no ip unreachables
 no ip proxy-arp
!
interface Vlan301
 description 2nd_hc_sw01-VOICE
 ip address 172.29.170.1 255.255.254.0
 ip helper-address 172.26.5.1
 no ip redirects
 no ip unreachables
 no ip proxy-arp
!
interface Vlan310
 description 4th_hcc_wh_sw01-data
 ip address 172.29.176.1 255.255.254.0
 ip helper-address 172.26.5.1
 no ip redirects
 no ip unreachables
 no ip proxy-arp
!
interface Vlan311
 ip address 172.29.178.1 255.255.254.0
 ip helper-address 172.26.5.1
 no ip redirects
 no ip unreachables
 no ip proxy-arp
!
interface Vlan320
 description 1st_conf_sw01-DATA
 ip address 172.29.172.1 255.255.254.0
 ip helper-address 172.26.5.1
 no ip redirects
 no ip unreachables
 no ip proxy-arp
!
interface Vlan321
 description 1st_conf_sw01-Voice
 ip address 172.29.174.1 255.255.254.0
 ip helper-address 172.26.5.1
 no ip redirects
 no ip unreachables
 no ip proxy-arp
!
interface Vlan330
 description 3rd_hc_sw01_Data
 ip address 192.168.1.1 255.255.255.0
 no ip redirects
 no ip unreachables
 no ip proxy-arp
!
interface Vlan340
 description 3rd_hc_sw01-DATA
 ip address 172.29.180.1 255.255.254.0
 ip helper-address 172.26.5.1
 no ip redirects
 no ip unreachables
 no ip proxy-arp
!
interface Vlan341
 description 3rd_hc_sw01-VOICE
 ip address 172.29.182.1 255.255.254.0
 ip helper-address 172.26.5.1
 no ip redirects
 no ip unreachables
 no ip proxy-arp
!
interface Vlan350
 description 4thhcc_uro_sw01-DATA
 ip address 172.16.208.1 255.255.255.0
 ip helper-address 172.26.5.1
 no ip redirects
 no ip unreachables
 no ip proxy-arp
!
interface Vlan351
 description 4thhcc_uro_sw01-VOICE
 ip address 172.16.209.1 255.255.255.0
 ip helper-address 172.26.5.1
 no ip redirects
 no ip unreachables
 no ip proxy-arp
!
!
router eigrp 10
 network 172.25.0.0
 network 172.26.0.0
 network 172.27.0.0
 network 172.28.0.0
 network 172.29.0.0
 network 172.31.0.0
 network 192.168.128.0
 network 192.168.131.0
 network 192.168.200.0
 eigrp stub connected summary
!
ip forward-protocol nd
no ip http server
ip http authentication local
no ip http secure-server
ip route 0.0.0.0 0.0.0.0 172.26.5.43 name Default
ip route 7.6.6.3 255.255.255.255 172.26.1.6 name Preston
ip route 7.6.6.11 255.255.255.255 172.26.1.6 name Preston
ip route 7.6.6.230 255.255.255.255 172.26.1.6 name Preston
ip route 7.6.6.231 255.255.255.255 172.26.1.6 name Preston
ip route 7.7.7.3 255.255.255.255 172.26.1.6 name Preston
ip route 7.7.7.11 255.255.255.255 172.26.1.6 name Preston
ip route 10.0.0.8 255.255.255.255 172.26.1.12 name RPA_Automation
ip route 10.0.0.149 255.255.255.255 172.26.1.12 name Gottlieb_Billing
ip route 10.0.0.150 255.255.255.255 172.26.1.12 name Gottlieb_Billing
ip route 10.0.10.22 255.255.255.255 172.26.1.12 name RevenueGroup
ip route 10.0.28.58 255.255.255.255 172.26.1.12 name RPA_Monitoring
ip route 10.0.28.106 255.255.255.255 172.26.1.12 name RPA_AV
ip route 10.0.28.132 255.255.255.255 172.26.1.12
ip route 10.0.137.0 255.255.255.0 172.26.1.12 name RPA_Nash
ip route 10.1.0.0 255.255.255.192 172.26.1.6 name Stonewall
ip route 10.1.2.0 255.255.255.0 172.26.1.12 name RevenueGroup
ip route 10.1.30.0 255.255.255.0 172.26.1.12 name DavisMemorial
ip route 10.10.0.0 255.255.255.0 172.26.1.6 name IronMedical
ip route 10.10.1.0 255.255.255.0 172.26.1.12
ip route 10.10.3.0 255.255.255.0 172.26.1.12 name CCI
ip route 10.10.20.0 255.255.255.0 172.26.1.6 name Preston
ip route 10.10.30.0 255.255.255.0 172.26.1.6 name Preston
ip route 10.10.50.0 255.255.255.0 172.26.1.6 name Preston
ip route 10.10.60.0 255.255.255.0 172.26.1.12 name Grafton
ip route 10.10.70.90 255.255.255.255 172.26.1.6 name Preston
ip route 10.10.70.201 255.255.255.255 172.26.1.6 name Preston
ip route 10.10.120.0 255.255.255.0 172.26.1.6 name Preston
ip route 10.10.150.0 255.255.255.0 172.26.1.12 name Grafton
ip route 10.10.151.0 255.255.255.0 172.26.1.12 name Grafton
ip route 10.10.251.0 255.255.255.0 172.26.1.6 name Preston
ip route 10.20.0.0 255.255.255.0 172.26.1.12 name DMZ
ip route 10.48.239.0 255.255.255.0 172.26.1.12 name Labcorp
ip route 10.94.129.0 255.255.255.0 172.26.2.35 name Cerner
ip route 10.100.101.10 255.255.255.255 172.26.1.12 name Expedient_Wound
ip route 10.101.40.0 255.255.255.0 172.26.2.35 name Cerner
ip route 10.101.70.0 255.255.255.0 172.26.2.35 name Cerner
ip route 10.103.80.0 255.255.252.0 172.26.1.12 name Kindred
ip route 10.110.10.0 255.255.255.0 172.26.1.12 name Advocate
ip route 10.110.12.0 255.255.255.0 172.26.1.12 name Advocate
ip route 10.110.20.0 255.255.255.0 172.26.1.12 name Advocate
ip route 10.120.88.15 255.255.255.255 172.26.1.12 name Schumacher
ip route 10.120.88.16 255.255.255.255 172.26.1.12 name Schumacher
ip route 10.121.1.188 255.255.255.255 172.26.1.12 name Schumacher
ip route 10.123.0.0 255.255.240.0 172.26.1.12 name Kindred
ip route 10.143.64.0 255.255.255.0 172.26.1.12 name WFP_Cheatlake
ip route 10.143.65.0 255.255.255.0 172.26.1.12 name WFP_Cheatlake
ip route 10.143.70.0 255.255.255.0 172.26.1.12 name WFP_Suncrest
ip route 10.143.71.0 255.255.255.0 172.26.1.12 name WFP_Suncrest
ip route 10.143.73.0 255.255.255.0 172.26.1.12 name WFP_Westover
ip route 10.143.74.0 255.255.255.0 172.26.1.12 name WFP_Westover
ip route 10.146.54.0 255.255.255.0 172.26.1.12 name Mindshift
ip route 10.148.60.192 255.255.255.192 172.26.1.12 name Mindshift
ip route 10.150.0.0 255.255.255.0 172.26.1.12 name Trinisys
ip route 10.168.11.201 255.255.255.255 172.26.1.12 name Preston
ip route 10.170.0.0 255.255.0.0 172.26.1.12
ip route 10.183.35.0 255.255.255.0 172.26.1.12
ip route 10.202.32.202 255.255.255.255 172.26.1.12 name Schumacher
ip route 10.216.12.30 255.255.255.255 172.26.1.12 name Quadax
ip route 10.216.12.143 255.255.255.255 172.26.1.12 name Quadax
ip route 10.240.42.0 255.255.255.0 172.26.1.12 name TruvenHealth
ip route 10.247.254.0 255.255.255.0 172.26.1.12 name Kindred
ip route 10.253.252.12 255.255.255.255 172.26.1.12 name Crosschx
ip route 10.254.11.0 255.255.2
DEBUG:netmiko:read_channel: 55.0 172.26.220.253 name Syngo
ip route 10.255.0.132 255.255.255.255 172.26.1.12 name RPA_encrypt
ip route 10.255.137.0 255.255.255.0 172.26.1.12 name RPA_ATL
ip route 15.4.200.0 255.255.248.0 172.26.1.6 name MOP2000
ip route 24.75.72.135 255.255.255.255 172.26.1.12 name RALS
ip route 25.25.25.200 255.255.255.255 172.26.1.6 name Preston
ip route 32.90.209.0 255.255.255.0 172.26.2.61
ip route 64.14.91.64 255.255.255.192 172.26.1.12 name Nuance
ip route 64.46.229.0 255.255.255.0 172.26.2.29 name HDX
ip route 64.127.2.94 255.255.255.255 172.26.1.6 name Stonewall
ip route 66.18.105.86 255.255.255.255 172.26.1.12 name Clinix
ip route 66.18.106.169 255.255.255.255 172.26.1.12 name Clinix
ip route 67.133.204.128 255.255.255.192 172.26.220.253 name Syngo
ip route 68.64.37.44 255.255.255.255 172.26.1.12 name RPA_HL7Test
ip route 68.64.37.45 255.255.255.255 172.26.1.12 name RPA_HL7Prod
ip route 68.64.37.46 255.255.255.255 172.26.1.12
ip route 76.10.201.105 255.255.255.255 172.26.1.12 name Medac_Anes
ip route 98.118.126.147 255.255.255.255 172.26.1.12 name ImageStream
ip route 100.64.1.64 255.255.255.240 172.26.1.12 name SIS
ip route 100.65.0.18 255.255.255.255 172.26.1.12 name SIS
ip route 104.170.0.0 255.255.128.0 172.26.2.35 name Cerner
ip route 104.170.128.0 255.255.192.0 172.26.2.35 name Cerner
ip route 104.170.192.0 255.255.224.0 172.26.2.35 name Cerner
ip route 129.73.116.88 255.255.255.248 172.26.1.12 name Siemans
ip route 137.252.0.0 255.255.0.0 172.26.2.35 name Cerner
ip route 149.45.0.0 255.255.0.0 172.26.2.35 name Cerner
ip route 150.2.0.0 255.255.0.0 172.26.1.12 name GE
ip route 159.140.16.0 255.255.240.0 172.26.2.35 name Cerner
ip route 159.140.32.0 255.255.224.0 172.26.2.35 name Cerner
ip route 159.140.64.0 255.255.224.0 172.26.2.35 name Cerner
ip route 159.140.96.0 255.255.248.0 172.26.2.35 name Cerner
ip route 159.140.116.0 255.255.255.0 172.26.2.35 name Cerner
ip route 159.140.122.0 255.255.254.0 172.26.2.35 name Cerner
ip route 159.140.124.0 255.255.252.0 172.26.2.35 name Cerner
ip route 159.140.128.0 255.255.248.0 172.26.2.35 name Cerner
ip route 159.140.136.0 255.255.252.0 172.26.2.35 name Cerner
ip route 159.140.160.0 255.255.224.0 172.26.2.35 name Cerner
ip route 159.140.196.0 255.255.255.0 172.26.2.35 name Cerner
ip route 159.140.198.0 255.255.254.0 172.26.2.35 name Cerner
ip route 159.140.200.0 255.255.252.0 172.26.2.35 name Cerner
ip route 159.140.208.0 255.255.252.0 172.26.2.35 name Cerner
ip route 159.140.216.0 255.255.248.0 172.26.2.35 name Cerner
ip route 159.140.224.0 255.255.240.0 172.26.2.35 name Cerner
ip route 159.140.240.0 255.255.252.0 172.26.2.35 name Cerner
ip route 159.140.245.0 255.255.255.0 172.26.2.35 name Cerner
ip route 159.140.246.0 255.255.254.0 172.26.2.35 name Cerner
ip route 159.140.248.0 255.255.254.0 172.26.2.35 name Cerner
ip route 169.254.44.125 255.255.255.255 172.26.1.12 name Trinisys
ip route 169.254.44.126 255.255.255.255 172.26.1.12 name Trinisys
ip route 169.254.47.49 255.255.255.255 172.26.1.12 name Trinisys
ip route 169.254.47.50 255.255.255.255 172.26.1.12 name Trinisys
ip route 170.71.0.0 255.255.128.0 172.26.2.35 name Cerner
ip route 170.71.128.0 255.255.240.0 172.26.2.35 name Cerner
ip route 170.71.160.0 255.255.224.0 172.26.2.35 name Cerner
ip route 170.71.192.0 255.255.192.0 172.26.2.35 name Cerner
ip route 172.16.10.0 255.255.255.0 172.26.1.6 name Stonewall
ip route 172.16.14.0 255.255.255.0 172.26.1.6 name Stonewall
ip route 172.16.26.0 255.255.255.0 172.26.1.6 name Stonewall
ip route 172.16.45.0 255.255.255.0 172.26.1.6 name Stonewall
ip route 172.16.61.0 255.255.255.0 172.26.1.6 name Stonewall
ip route 172.16.68.0 255.255.255.0 172.26.1.5
ip route 172.16.69.0 255.255.255.0 172.26.1.5
ip route 172.16.241.30 255.255.255.255 172.26.1.12 name WVUH
ip route 172.17.37.77 255.255.255.255 172.26.1.12 name WVUH
ip route 172.17.37.230 255.255.255.255 172.26.1.12 name WVUH
ip route 172.17.39.146 255.255.255.255 172.26.1.12 name WVUH
ip route 172.17.69.0 255.255.255.0 172.26.1.5
ip route 172.18.12.37 255.255.255.255 172.26.1.6 name Stonewall
ip route 172.19.2.0 255.255.255.0 172.26.1.7 name Elkins
ip route 172.19.3.0 255.255.255.0 172.26.1.6 name CAVA-Fairmont
ip route 172.19.5.0 255.255.255.0 172.26.1.7
ip route 172.20.1.0 255.255.255.0 172.26.1.6 name HKBTSA
ip route 172.20.2.0 255.255.255.0 172.26.1.12 name WFP_Westover
ip route 172.20.4.0 255.255.255.0 172.26.1.12 name WFP_Suncrest
ip route 172.20.7.0 255.255.255.0 172.26.1.12 name WFP_CheatLake
ip route 172.20.64.0 255.255.252.0 172.26.1.12 name Kindred
ip route 172.21.0.0 255.255.192.0 172.26.1.12 name Kindred
ip route 172.21.201.0 255.255.255.0 172.32.0.6
ip route 172.21.201.0 255.255.255.0 172.32.0.2
ip route 172.21.204.0 255.255.255.0 172.32.0.2 name Philips
ip route 172.21.204.0 255.255.255.0 172.32.0.6 name Philips
ip route 172.21.205.0 255.255.255.0 172.32.0.2 name Philips
ip route 172.21.205.0 255.255.255.0 172.32.0.6 name Philips
ip route 172.21.210.0 255.255.255.0 172.32.0.2 name Philips
ip route 172.21.210.0 255.255.255.0 172.32.0.6 name Philips
ip route 172.21.224.0 255.255.252.0 172.26.1.12 name Kindred
ip route 172.22.0.0 255.255.0.0 172.26.1.12
ip route 172.26.110.167 255.255.255.255 172.26.1.12 name Policystat
ip route 172.26.120.151 255.255.255.255 172.26.1.12 name Policystat
ip route 172.28.240.0 255.255.255.0 172.26.5.43
ip route 172.30.4.1 255.255.255.255 172.26.1.12 name RPA_DICOM1
ip route 172.30.4.2 255.255.255.255 172.26.1.12 name RPA_DICOM2
ip route 172.95.95.0 255.255.255.0 172.26.1.6 name BO_Hartmon
ip route 172.96.96.0 255.255.255.0 172.26.1.6 name 99JD
ip route 172.97.97.0 255.255.255.0 172.26.1.6 name MOP1000
ip route 172.98.98.0 255.255.255.0 172.26.1.6 name MOP3000
ip route 172.99.99.0 255.255.255.0 172.26.1.6 name MOP2000
ip route 192.30.210.13 255.255.255.255 172.26.1.12 name PatientMatters
ip route 192.48.5.0 255.255.255.0 172.26.1.12 name Grafton
ip route 192.68.48.0 255.255.252.0 172.26.1.12 name Philips
ip route 192.81.232.209 255.255.255.255 172.26.1.12 name Laitek
ip route 192.168.0.0 255.255.255.0 172.26.1.6 name Stonewall
ip route 192.168.1.37 255.255.255.255 172.26.1.12 name MECCA
ip route 192.168.1.60 255.255.255.255 172.26.1.12 name MECCA
ip route 192.168.1.62 255.255.255.255 172.26.1.12 name MECCA
ip route 192.168.1.63 255.255.255.255 172.26.1.12 name MECCA
ip route 192.168.1.64 255.255.255.255 172.26.1.12 name MECCA
ip route 192.168.1.80 255.255.255.255 172.26.1.12 name MECCA
ip route 192.168.1.99 255.255.255.255 172.26.1.12
ip route 192.168.2.0 255.255.255.0 172.26.1.12 name StGeorge
ip route 192.168.3.0 255.255.255.0 172.26.1.6 name Stonewall
ip route 192.168.4.0 255.255.255.0 172.26.1.6 name Stonewall
ip route 192.168.5.96 255.255.255.224 172.26.1.12 name ECW
ip route 192.168.9.0 255.255.255.0 172.26.1.6 name Stonewall
ip route 192.168.11.0 255.255.255.0 172.26.1.6 name Stonewall
ip route 192.168.12.0 255.255.255.0 172.26.1.6 name Stonewall
ip route 192.168.16.0 255.255.255.0 172.26.1.6 name Preston
ip route 192.168.17.0 255.255.255.0 172.26.1.6 name Preston
ip route 192.168.19.0 255.255.255.0 172.26.1.6 name Preston
ip route 192.168.24.0 255.255.255.0 172.26.1.6 name Bonfili
ip route 192.168.25.0 255.255.255.0 172.26.1.12 name CPS
ip route 192.168.57.0 255.255.255.0 172.26.1.6 name Stonewall
ip route 192.168.90.0 255.255.255.0 172.26.1.6 name Stonewall
ip route 192.168.100.0 255.255.255.0 172.26.1.6 name Gutierez
ip route 192.168.101.0 255.255.255.0 172.26.1.7 name Elkins
ip route 192.168.101.138 255.255.255.255 172.26.1.12 name Airstrip
ip route 192.168.120.0 255.255.252.0 172.26.1.12 name Oxyon
ip route 192.168.129.128 255.255.255.128 172.26.1.4
ip route 192.168.129.213 255.255.255.255 172.26.1.4
ip route 192.168.129.218 255.255.255.255 172.26.1.4
ip route 192.168.129.246 255.255.255.255 172.26.1.4
ip route 192.168.132.0 255.255.255.0 172.26.1.4
ip route 192.168.140.0 255.255.255.0 172.26.1.12 name Hopwood
ip route 192.168.144.0 255.255.255.0 172.26.1.4
ip route 192.168.146.0 255.255.255.0 172.26.1.6 name MHC
ip route 192.168.147.0 255.255.255.0 172.26.1.4
ip route 192.168.150.0 255.255.255.0 172.26.1.4
ip route 192.168.151.0 255.255.255.0 172.26.1.6 name Village
ip route 192.168.151.166 255.255.255.255 172.26.1.6 name Stonewall
ip route 192.168.153.0 255.255.255.0 172.26.1.6 name MonEMS
ip route 192.168.154.0 255.255.255.0 172.26.1.12 name MonKids
ip route 192.168.155.0 255.255.255.0 172.26.1.6 name BO_Hartmon
ip route 192.168.156.0 255.255.255.0 172.26.1.6 name 99JD
ip route 192.168.157.0 255.255.255.0 172.26.1.6 name FHM
ip route 192.168.159.0 255.255.255.0 172.26.1.6 name MOA
ip route 192.168.160.0 255.255.255.0 172.26.1.12 name HHP
ip route 192.168.162.0 255.255.255.0 172.26.1.6 name Varian
ip route 192.168.163.0 255.255.255.0 172.26.1.12 name Gateway
ip route 192.168.166.0 255.255.255.0 172.26.1.12
ip route 192.168.167.0 255.255.255.0 172.26.1.12 name MIM_Testlab
ip route 192.168.168.0 255.255.255.0 172.26.1.12 name Core
ip route 192.168.169.0 255.255.255.0 172.26.1.6 name Waynesburg
ip route 192.168.170.0 255.255.254.0 172.26.1.6 name MOP2000
ip route 192.168.172.0 255.255.255.0 172.26.1.6 name MOP3000
ip route 192.168.174.0 255.255.254.0 172.26.1.6 name MOP1000
ip route 192.168.199.0 255.255.255.0 172.26.1.12
ip route 192.168.200.112 255.255.255.255 172.26.1.12 name Crisp
ip route 192.168.210.112 255.255.255.255 172.26.1.12 name Crisp
ip route 198.92.118.0 255.255.255.0 172.26.1.12
ip route 198.175.206.0 255.255.255.0 172.26.1.12 name Merge
ip route 198.187.175.42 255.255.255.255 172.26.1.12 name StandardReg
ip route 199.96.232.39 255.255.255.255 172.26.1.12 name Experian
ip route 199.96.232.40 255.255.255.255 172.26.1.12 name Experian
ip route 200.13.0.0 255.255.255.0 172.26.1.12 name Grafton
ip route 204.246.143.7 255.255.255.255 172.26.1.12 name CollectiveMed
ip route 204.246.143.12 255.255.255.255 172.26.1.12 name CollectiveMed
ip route 204.246.143.13 255.255.255.255 172.26.1.12 name CollectiveMed
ip route 207.97.224.74 255.255.255.255 172.26.1.12 name IngeniousMed
ip route 208.50.249.192 255.255.255.224 172.26.1.12 name VirtualRad
ip route 208.51.93.214 255.255.255.255 172.26.1.12 name Nuance
ip tacacs source-interface Vlan10
ip ssh time-out 60
ip ssh authentication-retries 2
ip ssh logging events
ip ssh version 2
!
ip access-list extended qos-CALL-SIGNALING
 remark Soft Clients must mark packets cs3 via Windows Firewall, enforce via Domain GPOs
 permit tcp any any eq 2000 dscp cs3
 permit tcp any any range 2748 2749 dscp cs3
 permit udp any any eq 2443 dscp cs3
 permit udp any any eq 5060 dscp cs3
 permit tcp any any range 5060 5061 dscp cs3
ip access-list extended qos-TELEPRESENCE-BEARER
 permit udp any range 5070 5079 any dscp cs4
 permit udp any range 16384 32767 any dscp cs4
ip access-list extended qos-UC-SERVER-CALL-SIGNALING-PREMARK
 remark signaling traffic CS3 packets
 permit tcp any any dscp cs3
 permit udp any any dscp cs3
ip access-list extended qos-UC-SERVER-CC-AGENT-PREMARK
 remark CC Agent traffic af21 packets
 permit tcp any any dscp af21
ip access-list extended qos-UC-SERVER-TELEPRESENCE-BEARER-PREMARK
 remark telepresence bearer dscp CS4 packets
 permit udp any any dscp cs4
ip access-list extended qos-UC-SERVER-VIDEO-BEARER-PREMARK
 remark video bearer dscp AF41 packets
 permit udp any any dscp af41
ip access-list extended qos-UC-SERVER-VOICE-BEARER-PREMARK
 remark voice bearer dscp EF packets
 permit udp any any dscp ef
ip access-list extended qos-VIDEO-BEARER
 remark Soft Clients must mark packets af41 via Windows Firewall, enforce via Domain GPOs
 permit udp any range 5070 5079 any dscp af41
 permit udp any range 16384 32767 any dscp af41
ip access-list extended qos-VOICE-BEARER
 remark Soft Clients must mark packets ef via Windows Firewall, enforce via Domain GPOs
 permit udp any range 16384 32767 any dscp ef
!
arp 172.26.5.191 03bf.ac1a.05bf ARPA
!
snmp-server community monpriv RW
snmp-server location Data Center
snmp-server contact Production Network Support
tacacs-server host 172.26.5.93
tacacs-server key 7 14141A0A02032F66292F3B
!
!
!
banner motd ^C
------------------------------------------------------------------------------------
WARNING:


This system is for the use of authorized clients only. Individuals using the
computer network system without authorization, or in excess of their authorization,
are subject to having all their activity on this computer network system monitored
and recorded by system personnel.  To protect the computer network system from
unauthorized use and to ensure the computer network system is functioning properly,
system administrators monitor this system.  Anyone using this computer network
system expressly consents to such monitoring and is advised that if such monitoring
reveals possible conduct of criminal activity, system personnel may provide the
evidence of such activity to law enforcement officers.

Access is restricted to authorized users only.

Unauthorized access is a violation of state and federal, civil and criminal laws.
------------------------------------------------------------------------------------
^C
!
line con 0
 exec-timeout 60 0
 password 7 082D4341025408101A
 logging synchronous
 stopbits 1
line aux 0
 stopbits 1
line vty 0 4
 exec-timeout 20 0
 logging synchronous
 length 0
 transport input ssh
line vty 5 15
 exec-timeout 20 0
 logging synchronous
 transport input ssh
!
!
monitor session 2 source vlan 1 - 4094
monitor session 2 destination interface Te1/0/22 - 23
ntp server 192.5.41.40
ntp server 192.5.41.41
wsma agent exec
 profile httplistener
 profile httpslistener
!
wsma agent config
 profile httplistener
 profile httpslistener
!
wsma agent filesys
 profile httplistener
 profile httpslistener
!
wsma agent notify
 profile httplistener
 profile httpslistener
!
!
wsma profile listener httplistener
 transport http
!
wsma profile listener httpslistener
 transport https
!
ap group default-group
end

1ST_NT_MDF_SW01#
DEBUG:paramiko.transport:starting thread (client mode): 0x54f32fd0
DEBUG:paramiko.transport:Local version/idstring: SSH-2.0-paramiko_2.7.1
DEBUG:paramiko.transport:Remote version/idstring: SSH-2.0-Cisco-1.25
INFO:paramiko.transport:Connected (version 2.0, client Cisco-1.25)
DEBUG:paramiko.transport:kex algos:['diffie-hellman-group-exchange-sha1', 'diffie-hellman-group14-sha1', 'diffie-hellman-group1-sha1'] server key:['ssh-rsa'] client encrypt:['aes128-ctr', 'aes192-ctr', 'aes256-ctr', 'aes128-cbc', '3des-cbc', 'aes192-cbc', 'aes256-cbc'] server encrypt:['aes128-ctr', 'aes192-ctr', 'aes256-ctr', 'aes128-cbc', '3des-cbc', 'aes192-cbc', 'aes256-cbc'] client mac:['hmac-sha1', 'hmac-sha1-96'] server mac:['hmac-sha1', 'hmac-sha1-96'] client compress:['none'] server compress:['none'] client lang:[''] server lang:[''] kex follows?False
DEBUG:paramiko.transport:Kex agreed: diffie-hellman-group-exchange-sha1
DEBUG:paramiko.transport:HostKey agreed: ssh-rsa
DEBUG:paramiko.transport:Cipher agreed: aes128-ctr
DEBUG:paramiko.transport:MAC agreed: hmac-sha1
DEBUG:paramiko.transport:Compression agreed: none
DEBUG:paramiko.transport:Got server p (2048 bits)
DEBUG:paramiko.transport:kex engine KexGex specified hash_algo <built-in function openssl_sha1>
DEBUG:paramiko.transport:Switch to new keys ...
DEBUG:paramiko.transport:Adding ssh-rsa host key for 1st_nt_mdf_sw01.mhs.org: b'dff1cc3dbc8e67a39efef4da8ecb0472'
DEBUG:paramiko.transport:userauth is OK
INFO:paramiko.transport:Authentication (password) successful!
DEBUG:paramiko.transport:[chan 0] Max packet in: 32768 bytes
DEBUG:paramiko.transport:[chan 0] Max packet out: 4096 bytes
DEBUG:paramiko.transport:Secsh channel 0 opened.
DEBUG:paramiko.transport:[chan 0] Sesch channel 0 request ok
DEBUG:paramiko.transport:[chan 0] Sesch channel 0 request ok
DEBUG:netmiko:read_channel: 
------------------------------------------------------------------------------------
WARNING:


This system is for the use of authorized clients only. Individuals using the
computer network system without authorization, or in excess of their authorization,
are subject to having all their activity on this computer network system monitored
and recorded by system personnel.  To protect the computer network system from
unauthorized use and to ensure the computer network system is functioning properly,
system administrators monitor this system.  Anyone using this computer network
system expressly consents to such monitoring and is advised that if such monitoring
reveals possible conduct of criminal activity, system personnel may provide the
evidence of such activity to law enforcement officers.

Access is restricted to authorized users only.

Unauthorized access is a violation of state and federal, civil and criminal laws.
------------------------------------------------------------------------------------

1ST_NT_MDF_SW01>
DEBUG:netmiko:read_channel: 
DEBUG:netmiko:read_channel: 
DEBUG:netmiko:read_channel: 
DEBUG:netmiko:write_channel: b'\n'
DEBUG:netmiko:read_channel: 

DEBUG:netmiko:read_channel: 
DEBUG:netmiko:write_channel: b'\n'
DEBUG:netmiko:read_channel: 1ST_NT_MDF_SW01>
DEBUG:netmiko:read_channel: 
1ST_NT_MDF_SW01>
DEBUG:netmiko:Clear buffer detects data in the channel
DEBUG:netmiko:read_channel: 
DEBUG:netmiko:[find_prompt()]: prompt is 1ST_NT_MDF_SW01>
DEBUG:netmiko:read_channel: 
DEBUG:netmiko:In disable_paging
DEBUG:netmiko:Command: terminal length 0

DEBUG:netmiko:write_channel: b'terminal length 0\n'
DEBUG:netmiko:Pattern is: terminal\ length\ 0
DEBUG:netmiko:_read_channel_expect read_data: t
DEBUG:netmiko:_read_channel_expect read_data: er
DEBUG:netmiko:_read_channel_expect read_data: m
DEBUG:netmiko:_read_channel_expect read_data: in
DEBUG:netmiko:_read_channel_expect read_data: al
DEBUG:netmiko:_read_channel_expect read_data:  l
DEBUG:netmiko:_read_channel_expect read_data: en
DEBUG:netmiko:_read_channel_expect read_data: gt
DEBUG:netmiko:_read_channel_expect read_data: h 
DEBUG:netmiko:_read_channel_expect read_data: 0

DEBUG:netmiko:Pattern found: terminal\ length\ 0 terminal length 0

DEBUG:netmiko:terminal length 0

DEBUG:netmiko:Exiting disable_paging
DEBUG:netmiko:write_channel: b'terminal width 511\n'
DEBUG:netmiko:Pattern is: terminal\ width\ 511
DEBUG:netmiko:_read_channel_expect read_data: 1ST_NT_MDF_SW01>
DEBUG:netmiko:_read_channel_expect read_data: t
DEBUG:netmiko:_read_channel_expect read_data: e
DEBUG:netmiko:_read_channel_expect read_data: rm
DEBUG:netmiko:_read_channel_expect read_data: in
DEBUG:netmiko:_read_channel_expect read_data: al
DEBUG:netmiko:_read_channel_expect read_data:  w
DEBUG:netmiko:_read_channel_expect read_data: id
DEBUG:netmiko:_read_channel_expect read_data: th
DEBUG:netmiko:_read_channel_expect read_data:  5
DEBUG:netmiko:_read_channel_expect read_data: 11
DEBUG:netmiko:Pattern found: terminal\ width\ 511 1ST_NT_MDF_SW01>terminal width 511
DEBUG:netmiko:read_channel: 
1ST_NT_MDF_SW01>
DEBUG:netmiko:Clear buffer detects data in the channel
DEBUG:netmiko:read_channel: 
DEBUG:netmiko:write_channel: b'\n'
DEBUG:netmiko:Pattern is: 1ST_NT_MDF_SW01
DEBUG:netmiko:_read_channel_expect read_data: 

DEBUG:netmiko:_read_channel_expect read_data: 1ST_NT_MDF_SW01>
DEBUG:netmiko:Pattern found: 1ST_NT_MDF_SW01 
1ST_NT_MDF_SW01>
DEBUG:netmiko:write_channel: b'enable\n'
DEBUG:netmiko:Pattern is: (1ST_NT_MDF_SW01|ssword)
DEBUG:netmiko:_read_channel_expect read_data: e
DEBUG:netmiko:_read_channel_expect read_data: n
DEBUG:netmiko:_read_channel_expect read_data: ab
DEBUG:netmiko:_read_channel_expect read_data: le

DEBUG:netmiko:_read_channel_expect read_data: Password: 
DEBUG:netmiko:Pattern found: (1ST_NT_MDF_SW01|ssword) enable
Password: 
DEBUG:netmiko:write_channel: b'change-mgh\n'
DEBUG:netmiko:Pattern is: 1ST_NT_MDF_SW01
DEBUG:netmiko:_read_channel_expect read_data: 
1ST_NT_MDF_SW01#
DEBUG:netmiko:Pattern found: 1ST_NT_MDF_SW01 
1ST_NT_MDF_SW01#
DEBUG:netmiko:write_channel: b'\n'
DEBUG:netmiko:Pattern is: 1ST_NT_MDF_SW01
DEBUG:netmiko:_read_channel_expect read_data: 

DEBUG:netmiko:_read_channel_expect read_data: 1ST_NT_MDF_SW01#
DEBUG:netmiko:Pattern found: 1ST_NT_MDF_SW01 
1ST_NT_MDF_SW01#
DEBUG:netmiko:read_channel: 
DEBUG:netmiko:write_channel: b'\n'
DEBUG:netmiko:read_channel: 
DEBUG:netmiko:read_channel: 
DEBUG:netmiko:write_channel: b'\n'
DEBUG:netmiko:read_channel: 
1ST_NT_MDF_SW01#
DEBUG:netmiko:read_channel: 
1ST_NT_MDF_SW01#
DEBUG:netmiko:Clear buffer detects data in the channel
DEBUG:netmiko:read_channel: 
DEBUG:netmiko:[find_prompt()]: prompt is 1ST_NT_MDF_SW01#
DEBUG:netmiko:read_channel: 
DEBUG:netmiko:write_channel: b'sh run\n'
DEBUG:netmiko:Pattern is: sh\ run
DEBUG:netmiko:_read_channel_expect read_data: s
DEBUG:netmiko:_read_channel_expect read_data: h 
DEBUG:netmiko:_read_channel_expect read_data: ru
DEBUG:netmiko:_read_channel_expect read_data: n

DEBUG:netmiko:Pattern found: sh\ run sh run

DEBUG:netmiko:read_channel: Building configuration...

DEBUG:netmiko:read_channel: 
DEBUG:netmiko:read_channel: 
DEBUG:netmiko:read_channel: 
DEBUG:netmiko:read_channel: 
DEBUG:netmiko:read_channel: 
DEBUG:netmiko:read_channel: 
DEBUG:netmiko:read_channel: 
DEBUG:netmiko:read_channel: 
DEBUG:netmiko:read_channel: 
DEBUG:netmiko:read_channel: 
DEBUG:netmiko:read_channel: 
DEBUG:netmiko:read_channel: 
DEBUG:netmiko:read_channel: 
DEBUG:netmiko:read_channel: 
DEBUG:netmiko:read_channel: 
DEBUG:netmiko:read_channel: 
DEBUG:netmiko:read_channel: 
DEBUG:netmiko:read_channel: 
DEBUG:netmiko:read_channel: 
DEBUG:netmiko:read_channel: 
DEBUG:netmiko:read_channel: 
DEBUG:netmiko:read_channel: 
DEBUG:netmiko:read_channel: 
DEBUG:netmiko:read_channel: 
DEBUG:netmiko:read_channel: 
DEBUG:netmiko:read_channel: 
DEBUG:netmiko:read_channel: 
DEBUG:netmiko:read_channel: 
DEBUG:netmiko:read_channel: 
DEBUG:netmiko:read_channel: 
DEBUG:netmiko:read_channel: 
DEBUG:netmiko:read_channel: 
DEBUG:netmiko:read_channel: 
DEBUG:netmiko:read_channel: 
DEBUG:netmiko:read_channel: 
DEBUG:netmiko:read_channel: 
DEBUG:netmiko:read_channel: 
DEBUG:netmiko:read_channel: 
DEBUG:netmiko:read_channel: 
DEBUG:netmiko:read_channel: 
DEBUG:netmiko:read_channel: 
DEBUG:netmiko:read_channel: 
DEBUG:netmiko:read_channel: 
DEBUG:netmiko:read_channel: 
DEBUG:netmiko:read_channel: 
DEBUG:netmiko:read_channel: 
DEBUG:netmiko:read_channel: 
DEBUG:netmiko:read_channel: 
DEBUG:netmiko:read_channel: 
DEBUG:netmiko:read_channel: 
DEBUG:netmiko:read_channel: 
DEBUG:netmiko:read_channel: 
DEBUG:netmiko:read_channel: 
Current configuration : 53256 bytes
!
! Last configuration change at 14:04:36 Est Wed Apr 1 2020 by johnsons
! NVRAM config last updated at 14:04:38 Est Wed Apr 1 2020 by johnsons
!
version 15.2
no service pad
service timestamps debug datetime msec localtime
service timestamps log datetime msec localtime
service password-encryption
service compress-config
!
hostname 1ST_NT_MDF_SW01
!
boot-start-marker
boot-end-marker
!
!
vrf definition Mgmt-vrf
 !
 address-family ipv4
 exit-address-family
 !
 address-family ipv6
 exit-address-family
!
enable secret 5 $1$gUOO$XAXkzPB.hpZIVMoG7XvSj.
!
username mongen privilege 15 secret 5 $1$vDrH$4cpGaH65ljPcSlNB/fw5T.
username cdw privilege 15 password 7 096C1F08145C1A014A
aaa new-model
!
!
aaa group server tacacs+ ACS
 server 172.26.5.93
 ip tacacs source-interface Vlan10
!
aaa authentication login default group tacacs+ local
aaa authentication enable default enable
aaa authorization exec default group ACS if-authenticated 
aaa accounting update newinfo
aaa accounting exec default start-stop broadcast group ACS
aaa accounting commands 1 default start-stop broadcast group ACS
aaa accounting commands 15 default start-stop broadcast group ACS
!
!
!
!
!
!
aaa session-id common
clock timezone Est -5 0
clock summer-time Est recurring
switch 1 provision ws-c3850-24xs
switch 2 provision ws-c3850-24xs
!
!
!
!
!
coap http enable
!
!
!
!
!
!
no ip source-route
ip routing
no ip gratuitous-arps
!
no ip domain-lookup
ip domain-name mongeneral.com
!
!
no ip igmp snooping vlan 70
qos queue-softmax-multiplier 100
vtp domain MonGen
vtp mode off
udld aggressive

!
table-map qos-EXCEED-MARKDOWN
 map from  34 to 36
 map from  32 to 36
 map from  24 to 0
 map from  18 to 20
 map from  0 to 8
 default 0
table-map qos-VIOLATE-MARKDOWN
 map from  34 to 38
 map from  32 to 38
 map from  24 to 8
 map from  18 to 22
 map from  0 to 8
 default 0
table-map qos-UNTRUST-DSCP
 default 0
!
!
!
errdisable recovery cause udld
errdisable recovery cause security-violation
errdisable recovery cause channel-misconfig
errdisable recovery cause pagp-flap
errdisable recovery cause dtp-flap
errdisable recovery cause link-flap
errdisable recovery cause sfp-config-mismatch
errdisable recovery cause gbic-invalid
errdisable recovery cause l2ptguard
errdisable recovery cause port-mode-failure
errdisable recovery cause dhcp-rate-limit
errdisable recovery cause pppoe-ia-rate-limit
errdisable recovery cause mac-limit
errdisable recovery cause vmps
errdisable recovery cause storm-control
errdisable recovery cause inline-power
errdisable recovery cause arp-inspection
errdisable recovery cause psp
errdisable recovery interval 30
diagnostic bootup level minimal
port-channel load-balance src-dst-mixed-ip-port
!
spanning-tree mode rapid-pvst
spanning-tree extend system-id
spanning-tree pathcost method long
spanning-tree vlan 1-4094 priority 4096
hw-switch switch 1 logging onboard message level 3
hw-switch switch 2 logging onboard message level 3
!
redundancy
 mode sso
!
!
vlan configuration 70
!
vlan 2
 name PAC2
!
vlan 3
 name AVAYA
!
vlan 4
 name WITT
!
vlan 5
 name Merge
!
vlan 6
 name IronMountain1
!
vlan 7
 name IronMountain2
!
vlan 8
 name Hall-Battin
!
vlan 9
 name Phillips
!
vlan 10
 name Management
!
vlan 12
 name Management-2
!
vlan 13
 name Philips_1
!
vlan 14
 name Philips_2
!
vlan 15
 name Corp-Wireless
!
vlan 20
 name DMZ-Video Service
!
vlan 21
 name DMZ-Video Transit
!
vlan 30
 name Cafeteria_boards
!
vlan 50
 name BMDI
!
vlan 60
 name LTACH
!
vlan 70
 name Panoram
!
vlan 80
 name Mindray
!
vlan 100
 name 1st_ST_sw01-DATA-172.29.100.0/23
!
vlan 101
 name 1st_ST_sw01-VOICE-172.29.102.0/23
!
vlan 110
 name 1st_ST_sw02-DATA-172.29.104.0/23
!
vlan 111
 name 1st_ST_sw02-VOICE-172.29.106.0/23
!
vlan 120
 name 2nd_ST_sw01-DATA-172.29.108.0/23
!
vlan 121
 name 2nd_ST_sw01-VOICE-172.29.110.0/23
!
vlan 130
 name 3rd_ST_sw01-DATA-172.29.112.0/23
!
vlan 131
 name 3rd_ST_sw01-VOICE-172.29.114.0/23
!
vlan 140
 name 3rd_ST_sw02-DATA-172.29.116.0/23
!
vlan 141
 name 3rd_ST_sw02-VOICE-172.29.118.0/23
!
vlan 150
 name 4th_ST_sw01-DATA-172.29.120.0/23
!
vlan 151
 name 4th_ST_sw01-VOICE-172.29.122.0/23
!
vlan 160
 name 5th_ST_sw01-DATA-172.29.124.0/23
!
vlan 161
 name 5th_ST_sw01-VOICE-172.29.126.0/23
!
vlan 200
 name 1st_NT_sw01-DATA-172.29.128.0/23
!
vlan 201
 name 1st_NT_sw01-VOICE-172.29.130.0/23
!
vlan 210
 name 2nd_NT_sw01-DATA-172.29.132.0/23
!
vlan 211
 name 2nd_NT_sw01-VOICE-172.29.134.0/23
!
vlan 220
 name 2nd_NT_sw02-DATA-172.29.136.0/23
!
vlan 221
 name 2nd_NT_sw02-VOICE-172.29.138.0/23
!
vlan 230
 name 2nd_NT_sw03-DATA-172.29.140.0/23
!
vlan 231
 name 2nd_NT_sw03-VOICE-172.29.142.0/23
!
vlan 240
 name 3rd_NT_sw01-DATA-172.29.144.0/23
!
vlan 241
 name 3rd_NT_sw01-VOICE-172.29.146.0/23
!
vlan 250
 name 3rd_NT_sw02-DATA-172.29.148.0/23
!
vlan 251
 name 3rd_NT_sw02-VOICE-172.29.150.0/23
!
vlan 260
 name 4th_NT_sw01-DATA-172.29.152.0/23
!
vlan 261
 name 4th_NT_sw01-VOICE-172.29.154.0/23
!
vlan 270
 name 5th_NT_sw01-DATA-172.29.156.0/23
!
vlan 271
 name 5th_NT_sw01-VOICE-172.29.158.0/23
!
vlan 280
 name 5th_NT_sw02-DATA-172.29.160.0/23
!
vlan 281
 name 5th_NT_sw02-VOICE-172.29.162.0/23
!
vlan 290
 name 6th_NT_sw01-DATA-172.29.164.0/23
!
vlan 291
 name 6th_NT_sw01-VOICE-172.29.166.0/23
!
vlan 300
 name 2nd_HC_sw01-DATA-172.29.168.0/23
!
vlan 301
 name 2nd_HC_sw01-VOICE-172.29.170.0/23
!
vlan 310
 name 4thhcc_WH_DATA-172.29.176.0/23
!
vlan 311
 name 4thhcc_WH_VOICE-172.29.178.0/23
!
vlan 320
 name 1st_conf_sw01-DATA_172.29.172.0/23
!
vlan 321
 name 1st-conf-sw01-Voice-172.29.174.0/23
!
vlan 330
 name Women_Health
!
vlan 340
 name 3rd_hc_sw01_DATA-172.29.180.0/23
!
vlan 341
 name 3rd_hc_sw01_VOICE-172.29.182.0/23
!
vlan 350
 name 4thhcc_uro_sw01-DATA-172.16.208.0/24
!
vlan 351
 name 4thhcc_uro_sw01-VOICE-172.16.209.0/24
!
vlan 666
 name Native Vlan
!
!
class-map match-any qos-in-VOICE-BEARER
 match access-group name qos-VOICE-BEARER
class-map match-any qos-in-VIDEO-BEARER
 match access-group name qos-VIDEO-BEARER
class-map match-any qos-in-CALL-SIGNALING
 match access-group name qos-CALL-SIGNALING
class-map match-any qos-in-UC-SERVER-PREMARK
 match access-group name qos-UC-SERVER-VOICE-BEARER-PREMARK
 match access-group name qos-UC-SERVER-VIDEO-BEARER-PREMARK
 match access-group name qos-UC-SERVER-TELEPRESENCE-BEARER-PREMARK
 match access-group name qos-UC-SERVER-CALL-SIGNALING-PREMARK
 match access-group name qos-UC-SERVER-CC-AGENT-PREMARK
class-map match-any qos-out-BUSINESS-APPS
 match dscp af21 
 match dscp af22 
 match dscp af23 
class-map match-any qos-in-TELEPRESENCE-BEARER
 match access-group name qos-TELEPRESENCE-BEARER
class-map match-any non-client-nrt-class
class-map match-any qos-out-SCAVENGER
 match dscp cs1 
class-map match-any qos-out-CALL-SIGNALING
 match dscp cs3 
class-map match-any qos-out-VOICE-BEARER
 match dscp ef 
class-map match-any qos-out-VIDEO-BEARER
 match dscp af41 
 match dscp af42 
 match dscp af43 
 match dscp cs4 
!
policy-map port_child_policy
 class non-client-nrt-class
  bandwidth remaining ratio 10
policy-map qos-ACCESS-IN
 class qos-in-VOICE-BEARER
  police cir 256000 pir 256000 conform-action transmit  exceed-action drop  violate-action drop 
 class qos-in-VIDEO-BEARER
  police cir 6000000 bc 64000 pir 6000000 be 64000 conform-action transmit  exceed-action set-dscp-transmit dscp table qos-EXCEED-MARKDOWN violate-action set-dscp-transmit dscp table qos-VIOLATE-MARKDOWN
 class qos-in-TELEPRESENCE-BEARER
  police cir 6000000 bc 64000 pir 6000000 be 64000 conform-action transmit  exceed-action set-dscp-transmit dscp table qos-EXCEED-MARKDOWN violate-action set-dscp-transmit dscp table qos-VIOLATE-MARKDOWN
 class qos-in-CALL-SIGNALING
  police cir 32000 pir 32000 conform-action transmit  exceed-action set-dscp-transmit dscp table qos-EXCEED-MARKDOWN vio
DEBUG:netmiko:read_channel: late-action set-dscp-transmit dscp table qos-VIOLATE-MARKDOWN
 class class-default
  police cir 50000000 pir 50000000 conform-action transmit  exceed-action set-dscp-transmit dscp table qos-EXCEED-MARKDOWN violate-action set-dscp-transmit dscp table qos-VIOLATE-MARKDOWN
policy-map qos-TRUNK-OR-IPT-OUT
 class qos-out-VOICE-BEARER
  priority level 1 percent 30
 class qos-out-VIDEO-BEARER
  bandwidth remaining percent 30 
  queue-limit dscp af43 percent 80
  queue-limit dscp af42 percent 90
 class qos-out-CALL-SIGNALING
  bandwidth remaining percent 10 
 class qos-out-BUSINESS-APPS
  bandwidth remaining percent 20 
  queue-limit dscp af23 percent 80
  queue-limit dscp af22 percent 90
 class qos-out-SCAVENGER
  bandwidth remaining percent 5 
 class class-default
  bandwidth remaining percent 35 
  set dscp dscp table qos-UNTRUST-DSCP
!
! 
!
!
!
!
!
!
!
!
!
!
!
!
interface Port-channel1
 description MGH-1A
 switchport trunk native vlan 666
 switchport trunk allowed vlan 1-9,12,15,20,21,30,50,300,301,310,311,330,340
 switchport trunk allowed vlan add 341,350,351
 switchport mode trunk
 switchport nonegotiate
 spanning-tree guard root
!
interface Port-channel11
 description 1st_st_sw01
 switchport trunk native vlan 666
 switchport trunk allowed vlan 1,9,10,13,14,50,100,101
 switchport mode trunk
 switchport nonegotiate
 spanning-tree guard root
!
interface Port-channel12
 description 1st_st_sw02
 switchport trunk native vlan 666
 switchport trunk allowed vlan 1,10,50,110,111
 switchport mode trunk
 switchport nonegotiate
 spanning-tree guard root
!
interface Port-channel13
 description 2nd_st_sw01
 switchport trunk native vlan 666
 switchport trunk allowed vlan 1,5,10,120,121
 switchport mode trunk
 switchport nonegotiate
 spanning-tree guard root
!
interface Port-channel14
 description 3rd_st_sw01
 switchport trunk native vlan 666
 switchport trunk allowed vlan 1,2,5,10,50,60,130,131
 switchport mode trunk
 switchport nonegotiate
 spanning-tree guard root
!
interface Port-channel15
 description 3rd_st_sw02
 switchport trunk native vlan 666
 switchport trunk allowed vlan 1,2,5,10,50,60,70,80,140,141
 switchport mode trunk
 switchport nonegotiate
 spanning-tree guard root
!
interface Port-channel16
 description 4th_st_sw01
 switchport trunk native vlan 666
 switchport trunk allowed vlan 1,10,150,151
 switchport mode trunk
 switchport nonegotiate
 spanning-tree guard root
!
interface Port-channel17
 description 5th_st_sw01
 switchport trunk native vlan 666
 switchport trunk allowed vlan 1,10,160,161
 switchport mode trunk
 switchport nonegotiate
 spanning-tree guard root
!
interface Port-channel18
 description 1st_nt_sw01
 switchport trunk native vlan 666
 switchport trunk allowed vlan 1,2,10,30,200,201
 switchport mode trunk
 switchport nonegotiate
 spanning-tree guard root
!
interface Port-channel19
 description 2nd_nt_sw01
 switchport trunk native vlan 666
 switchport trunk allowed vlan 1,2,10,210,211
 switchport mode trunk
 switchport nonegotiate
 spanning-tree guard root
!
interface Port-channel20
 description 2nd_nt_sw02
 switchport trunk native vlan 666
 switchport trunk allowed vlan 1,2,5,10,50,220,221
 switchport mode trunk
 switchport nonegotiate
 spanning-tree guard root
!
interface Port-channel21
 description 2nd_nt_sw03
 switchport trunk native vlan 666
 switchport trunk allowed vlan 1,2,5,10,50,230,231
 switchport mode trunk
 switchport nonegotiate
 spanning-tree guard root
!
interface Port-channel22
 description 3rd_nt_sw01
 switchport trunk native vlan 666
 switchport trunk allowed vlan 1,2,10,50,240,241
 switchport mode trunk
 switchport nonegotiate
 spanning-tree guard root
!
interface Port-channel23
 description 3rd_nt_sw02
 switchport trunk native vlan 666
 switchport trunk allowed vlan 1,2,5,10,50,250,251
 switchport mode trunk
 switchport nonegotiate
 spanning-tree guard root
!
interface Port-channel24
 description 4th_nt_sw01
 switchport trunk native vlan 666
 switchport trunk allowed vlan 1,10,60,260,261
 switchport mode trunk
 switchport nonegotiate
 spanning-tree guard root
!
interface Port-channel25
 description 5th_nt_sw01
 switchport trunk native vlan 666
 switchport trunk allowed vlan 1,10,270,271
 switchport mode trunk
 switchport nonegotiate
 spanning-tree guard root
!
interface Port-channel26
 description 5th_nt_sw02
 switchport trunk native vlan 666
 switchport trunk allowed vlan 1,10,50,280,281
 switchport mode trunk
 switchport nonegotiate
 spanning-tree guard root
!
interface Port-channel27
 description 6th_nt_sw01
 switchport trunk native vlan 666
 switchport trunk allowed vlan 1,10,290,291
 switchport mode trunk
 switchport nonegotiate
 spanning-tree guard root
!
interface Port-channel28
 description 1st_conf_sw01
 switchport trunk native vlan 666
 switchport trunk allowed vlan 1,10,320,321
 switchport mode trunk
 switchport nonegotiate
 spanning-tree guard root
!
interface GigabitEthernet0/0
 vrf forwarding Mgmt-vrf
 no ip address
 negotiation auto
!
interface TenGigabitEthernet1/0/1
 description Link to 1st_st_sw01
 switchport trunk native vlan 666
 switchport trunk allowed vlan 1,9,10,13,14,50,100,101
 switchport mode trunk
 switchport nonegotiate
 channel-group 11 mode active
 spanning-tree guard root
!
interface TenGigabitEthernet1/0/2
 description Link to 1st_st_sw02
 switchport trunk native vlan 666
 switchport trunk allowed vlan 1,10,50,110,111
 switchport mode trunk
 switchport nonegotiate
 channel-group 12 mode active
 spanning-tree guard root
!
interface TenGigabitEthernet1/0/3
 description Link to 2nd_st_sw01
 switchport trunk native vlan 666
 switchport trunk allowed vlan 1,5,10,120,121
 switchport mode trunk
 switchport nonegotiate
 channel-group 13 mode active
 spanning-tree guard root
!
interface TenGigabitEthernet1/0/4
 description Link to 3rd_st_sw01
 switchport trunk native vlan 666
 switchport trunk allowed vlan 1,2,5,10,50,60,130,131
 switchport mode trunk
 switchport nonegotiate
 channel-group 14 mode active
 spanning-tree guard root
!
interface TenGigabitEthernet1/0/5
 description Link to 3rd_st_sw02
 switchport trunk native vlan 666
 switchport trunk allowed vlan 1,2,5,10,50,60,70,80,140,141
 switchport mode trunk
 switchport nonegotiate
 channel-group 15 mode active
 spanning-tree guard root
!
interface TenGigabitEthernet1/0/6
 description Link to 4th_st_sw01
 switchport trunk native vlan 666
 switchport trunk allowed vlan 1,10,150,151
 switchport mode trunk
 switchport nonegotiate
 channel-group 16 mode active
 spanning-tree guard root
!
interface TenGigabitEthernet1/0/7
 description Link to 5th_st_sw01
 switchport trunk native vlan 666
 switchport trunk allowed vlan 1,10,160,161
 switchport mode trunk
 switchport nonegotiate
 channel-group 17 mode active
 spanning-tree guard root
!
interface TenGigabitEthernet1/0/8
 description Link to 1st_nt_sw01
 switchport trunk native vlan 666
 switchport trunk allowed vlan 1,2,10,30,200,201
 switchport mode trunk
 switchport nonegotiate
 channel-group 18 mode active
 spanning-tree guard root
!
interface TenGigabitEthernet1/0/9
 description Link to 2nd_nt_sw01
 switchport trunk native vlan 666
 switchport trunk allowed vlan 1,2,10,210,211
 switchport mode trunk
 switchport nonegotiate
 channel-group 19 mode active
 spanning-tree guard root
!
interface TenGigabitEthernet1/0/10
 description Link to 2nd_nt_sw02
 switchport trunk native vlan 666
 switchport trunk allowed vlan 1,2,5,10,50,220,221
 switchport mode trunk
 switchport nonegotiate
 channel-group 20 mode active
 spanning-tree guard root
!
interface TenGigabitEthernet1/0/11
 description Link to 2nd_nt_sw03
 switchport trunk native vlan 666
 switchport trunk allowed vlan 1,2,5,10,50,230,231
 switchport mode trunk
 switchport nonegotiate
 channel-group 21 mode active
 spanning-tree guard root
!
interface TenGigabitEthernet1/0/12
 description Link to 3rd_nt_sw01
 switchport trunk native vlan 666
 switchport trunk allowed vlan 1,2,10,50,240,241
 switchport mode trunk
 switchport nonegotiate
 channel-group 22 mode active
 spanning-tree guard root
!
interface TenGigabitEthernet1/0/13
 description Link to 3rd_nt_sw02
 switchport trunk native vlan 666
 switchport trunk allowed vlan 1,2,5,10,50,250,251
 switchport mode trunk
 switchport nonegotiate
 channel-group 23 mode active
 spanning-tree guard root
!
interface TenGigabitEthernet1/0/14
 description Link to 4th_nt_sw01
 switchport trunk native vlan 666
 switchport trunk allowed vlan 1,10,60,260,261
 switchport mode trunk
 switchport nonegotiate
 channel-group 24 mode active
 spanning-tree guard root
!
interface TenGigabitEthernet1/0/15
 description Link to 5th_nt_sw01
 switchport trunk native vlan 666
 switchport trunk allowed vlan 1,10,270,271
 switchport mode trunk
 switchport nonegotiate
 channel-group 25 mode active
 spanning-tree guard root
!
interface TenGigabitEthernet1/0/16
 description Link to 5th_nt_sw02
 switchport trunk native vlan 666
 switchport trunk allowed vlan 1,10,50,280,281
 switchport mode trunk
 switchport nonegotiate
 channel-group 26 mode active
 spanning-tree guard root
!
interface TenGigabitEthernet1/0/17
 description Link to 6th_nt_sw01
 switchport trunk native vlan 666
 switchport trunk allowed vlan 1,10,290,291
 switchport mode trunk
 switchport nonegotiate
 channel-group 27 mode active
 spanning-tree guard root
!
interface TenGigabitEthernet1/0/18
 description Link to 1st_conf_sw01
 switchport trunk native vlan 666
 switchport trunk allowed vlan 1,10,320,321
 switchport mode trunk
 switchport nonegotiate
 channel-group 28 mode active
 spanning-tree guard root
!
interface TenGigabitEthernet1/0/19
 switchport trunk native vlan 666
 switchport trunk allowed vlan 1
 switchport mode trunk
 switchport nonegotiate
 spanning-tree guard root
!
interface TenGigabitEthernet1/0/20
 switchport trunk native vlan 666
 switchport mode trunk
 switchport nonegotiate
 shutdown
 spanning-tree guard root
!
interface TenGigabitEthernet1/0/21
 switchport trunk native vlan 666
 switchport mode trunk
 switchport nonegotiate
 shutdown
 spanning-tree guard root
!
interface TenGigabitEthernet1/0/22
 switchport trunk native vlan 666
 switchport mode trunk
 switchport nonegotiate
 spanning-tree guard root
!
interface TenGigabitEthernet1/0/23
 switchport trunk native vlan 666
 switchport mode trunk
 switchport nonegotiate
 spanning-tree guard root
!
interface TenGigabitEthernet1/0/24
 description Link to MGH 1A
 switchport trunk native vlan 666
 switchport trunk allowed vlan 1-9,12,15,20,21,30,50,300,301,310,311,330,340
 switchport trunk allowed vlan add 341,350,351
 switchport mode trunk
 switchport nonegotiate
 channel-group 1 mode active
 spanning-tree guard root
 service-policy output qos-TRUNK-OR-IPT-OUT
!
interface TenGigabitEthernet1/1/1
!
interface TenGigabitEthernet1/1/2
!
interface TenGigabitEthernet1/1/3
!
interface TenGigabitEthernet1/1/4
!
interface TenGigabitEthernet1/1/5
!
interface TenGigabitEthernet1/1/6
!
interface TenGigabitEthernet1/1/7
!
interface TenGigabitEthernet1/1/8
!
interface FortyGigabitEthernet1/1/1
!
interface FortyGigabitEthernet1/1/2
!
interface TenGigabitEthernet2/0/1
 description Link to 1st_st_sw01
 switchport trunk native vlan 666
 switchport trunk allowed vlan 1,9,10,13,14,50,100,101
 switchport mode trunk
 switchport nonegotiate
 channel-group 11 mode active
 spanning-tree guard root
!
interface TenGigabitEthernet2/0/2
 description Link to 1st_st_sw02
 switchport trunk native vlan 666
 switchport trunk allowed vlan 1,10,50,110,111
 switchport mode trunk
 switchport nonegotiate
 channel-group 12 mode active
 spanning-tree guard root
!
interface TenGigabitEthernet2/0/3
 description Link to 2nd_st_sw01
 switchport trunk native vlan 666
 switchport trunk allowed vlan 1,5,10,120,121
 switchport mode trunk
 switchport nonegotiate
 channel-group 13 mode active
 spanning-tree guard root
!
interface TenGigabitEthernet2/0/4
 description Link to 3rd_st_sw01
 switchport trunk native vlan 666
 switchport trunk allowed vlan 1,2,5,10,50,60,130,131
 switchport mode trunk
 switchport nonegotiate
 channel-group 14 mode active
 spanning-tree guard root
!
interface TenGigabitEthernet2/0/5
 description Link to 3rd_st_sw02
 switchport trunk native vlan 666
 switchport trunk allowed vlan 1,2,5,10,50,60,70,80,140,141
 switchport mode trunk
 switchport nonegotiate
 channel-group 15 mode active
 spanning-tree guard root
!
interface TenGigabitEthernet2/0/6
 description Link to 4th_st_sw01
 switchport trunk native vlan 666
 switchport trunk allowed vlan 1,10,150,151
 switchport mode trunk
 switchport nonegotiate
 channel-group 16 mode active
 spanning-tree guard root
!
interface TenGigabitEthernet2/0/7
 description Link to 5th_st_sw01
 switchport trunk native vlan 666
 switchport trunk allowed vlan 1,10,160,161
 switchport mode trunk
 switchport nonegotiate
 channel-group 17 mode active
 spanning-tree guard root
!
interface TenGigabitEthernet2/0/8
 description Link to 1st_nt_sw01
 switchport trunk native vlan 666
 switchport trunk allowed vlan 1,2,10,30,200,201
 switchport mode trunk
 switchport nonegotiate
 channel-group 18 mode active
 spanning-tree guard root
!
interface TenGigabitEthernet2/0/9
 description Link to 2nd_nt_sw01
 switchport trunk native vlan 666
 switchport trunk allowed vlan 1,2,10,210,211
 switchport mode trunk
 switchport nonegotiate
 channel-group 19 mode active
 spanning-tree guard root
!
interface TenGigabitEthernet2/0/10
 description Link to 2nd_nt_sw02
 switchport trunk native vlan 666
 switchport trunk allowed vlan 1,2,5,10,50,220,221
 switchport mode trunk
 switchport nonegotiate
 channel-group 20 mode active
 spanning-tree guard root
!
interface TenGigabitEthernet2/0/11
 description Link to 2nd_nt_sw03
 switchport trunk native vlan 666
 switchport trunk allowed vlan 1,2,5,10,50,230,231
 switchport mode trunk
 switchport nonegotiate
 channel-group 21 mode active
 spanning-tree guard root
!
interface TenGigabitEthernet2/0/12
 description Link to 3rd_nt_sw01
 switchport trunk native vlan 666
 switchport trunk allowed vlan 1,2,10,50,240,241
 switchport mode trunk
 switchport nonegotiate
 channel-group 22 mode active
 spanning-tree guard root
!
interface TenGigabitEthernet2/0/13
 description Link to 3rd_nt_sw02
 switchport trunk native vlan 666
 switchport trunk allowed vlan 1,2,5,10,50,250,251
 switchport mode trunk
 switchport nonegotiate
 channel-group 23 mode active
 spanning-tree guard root
!
interface TenGigabitEthernet2/0/14
 description Link to 4th_nt_sw01
 switchport trunk native vlan 666
 switchport trunk allowed vlan 1,10,60,260,261
 switchport mode trunk
 switchport nonegotiate
 channel-group 24 mode active
 spanning-tree guard root
!
interface TenGigabitEthernet2/0/15
 description Link to 5th_nt_sw01
 switchport trunk native vlan 666
 switchport trunk allowed vlan 1,10,270,271
 switchport mode trunk
 switchport nonegotiate
 channel-group 25 mode active
 spanning-tree guard root
!
interface TenGigabitEthernet2/0/16
 description Link to 5th_nt_sw02
 switchport trunk native vlan 666
 switchport trunk allowed vlan 1,10,50,280,281
 switchport mode trunk
 switchport nonegotiate
 channel-group 26 mode active
 spanning-tree guard root
!
interface TenGigabitEthernet2/0/17
 description Link to 6th_nt_sw01
 switchport trunk native vlan 666
 switchport trunk allowed vlan 1,10,290,291
 switchport mode trunk
 switchport nonegotiate
 channel-group 27 mode active
 spanning-tree guard root
!
interface TenGigabitEthernet2/0/18
 description Link to 1st_conf_sw01
 switchport trunk native vlan 666
 switchport trunk allowed vlan 1,10,320,321
 switchport mode trunk
 switchport nonegotiate
 channel-group 28 mode active
 spanning-tree guard root
!
interface TenGigabitEthernet2/0/19
 switchport trunk native vlan 666
 switchport mode trunk
 switchport nonegotiate
 shutdown
 spannin
DEBUG:netmiko:read_channel: g-tree guard root
!
interface TenGigabitEthernet2/0/20
 switchport trunk native vlan 666
 switchport mode trunk
 switchport nonegotiate
 shutdown
 spanning-tree guard root
!
interface TenGigabitEthernet2/0/21
 switchport trunk native vlan 666
 switchport mode trunk
 switchport nonegotiate
 shutdown
 spanning-tree guard root
!
interface TenGigabitEthernet2/0/22
 switchport trunk native vlan 666
 switchport mode trunk
 switchport nonegotiate
 shutdown
 spanning-tree guard root
!
interface TenGigabitEthernet2/0/23
 switchport trunk native vlan 666
 switchport mode trunk
 switchport nonegotiate
 shutdown
 spanning-tree guard root
!
interface TenGigabitEthernet2/0/24
 description Link to MGH 1A
 switchport trunk native vlan 666
 switchport trunk allowed vlan 1-9,12,15,20,21,30,50,300,301,310,311,330,340
 switchport trunk allowed vlan add 341,350,351
 switchport mode trunk
 switchport nonegotiate
 channel-group 1 mode active
 spanning-tree guard root
 service-policy output qos-TRUNK-OR-IPT-OUT
!
interface TenGigabitEthernet2/1/1
!
interface TenGigabitEthernet2/1/2
!
interface TenGigabitEthernet2/1/3
!
interface TenGigabitEthernet2/1/4
!
interface TenGigabitEthernet2/1/5
!
interface TenGigabitEthernet2/1/6
!
interface TenGigabitEthernet2/1/7
!
interface TenGigabitEthernet2/1/8
!
interface FortyGigabitEthernet2/1/1
!
interface FortyGigabitEthernet2/1/2
!
interface Vlan1
 description Legacy - Management
 ip address 172.25.48.1 255.255.255.0 secondary
 ip address 192.168.200.2 255.255.255.0 secondary
 ip address 192.168.131.2 255.255.255.0 secondary
 ip address 192.168.128.2 255.255.255.0 secondary
 ip address 172.26.1.3 255.255.0.0
 no ip redirects
 no ip unreachables
 no ip proxy-arp
 ip pim sparse-dense-mode
!
interface Vlan2
 description PACS
 ip address 172.27.1.1 255.255.255.0
 no ip redirects
 no ip unreachables
 no ip proxy-arp
!
interface Vlan3
 description VLAN for AVAYA
 ip address 172.30.1.1 255.255.255.0
 no ip redirects
 no ip unreachables
 no ip proxy-arp
!
interface Vlan4
 description VLAN for WITT radiology
 ip address 133.133.1.1 255.255.0.0
 no ip redirects
 no ip unreachables
 no ip proxy-arp
!
interface Vlan5
 description VLAN for MERGE
 ip address 172.31.1.1 255.255.255.0
 no ip redirects
 no ip unreachables
 no ip proxy-arp
!
interface Vlan6
 description IronMountain1
 ip address 172.19.11.1 255.255.255.224
 no ip redirects
 no ip unreachables
 no ip proxy-arp
!
interface Vlan7
 description IronMountain2
 ip address 172.19.11.33 255.255.255.224
 no ip redirects
 no ip unreachables
 no ip proxy-arp
!
interface Vlan8
 description Hall-Battin
 no ip address
 no ip redirects
 no ip unreachables
 no ip proxy-arp
!
interface Vlan10
 description Management
 ip address 172.29.10.1 255.255.255.0
 no ip redirects
 no ip unreachables
 no ip proxy-arp
!
interface Vlan12
 description Management-2
 ip address 192.192.1.1 255.255.255.0
 no ip redirects
 no ip unreachables
 no ip proxy-arp
!
interface Vlan13
 ip address 172.32.0.1 255.255.255.252
 no ip redirects
 no ip unreachables
 no ip proxy-arp
!
interface Vlan14
 ip address 172.32.0.5 255.255.255.252
 no ip redirects
 no ip unreachables
 no ip proxy-arp
!
interface Vlan15
 description Corp-Wireless
 ip address 172.29.200.1 255.255.240.0
 ip helper-address 172.26.5.1
 no ip redirects
 no ip unreachables
 no ip proxy-arp
!
interface Vlan21
 description CiscoVideo Transit-DMZ
 ip address 11.11.21.2 255.255.255.0
 no ip redirects
 no ip unreachables
 no ip proxy-arp
!
interface Vlan50
 description BMDI
 ip address 172.29.50.1 255.255.255.0
 ip helper-address 172.26.5.1
 no ip redirects
 no ip unreachables
 no ip proxy-arp
!
interface Vlan70
 description Panoram
 ip address 7.6.6.1 255.255.255.0 secondary
 ip address 7.7.7.1 255.255.255.0
!
interface Vlan80
 ip address 10.5.1.1 255.255.255.0
!
interface Vlan100
 description 1st_st_sw01-DATA
 ip address 172.29.100.1 255.255.254.0
 ip helper-address 172.26.5.1
 no ip redirects
 no ip unreachables
 no ip proxy-arp
!
interface Vlan101
 description 1st_st_sw01-VOICE
 ip address 172.29.102.1 255.255.254.0
 ip helper-address 172.26.5.1
 no ip redirects
 no ip unreachables
 no ip proxy-arp
!
interface Vlan110
 description 1st_st_sw02-DATA
 ip address 172.29.104.1 255.255.254.0
 ip helper-address 172.26.5.1
 no ip redirects
 no ip unreachables
 no ip proxy-arp
!
interface Vlan111
 description 1st_st_sw02-VOICE
 ip address 172.29.106.1 255.255.254.0
 ip helper-address 172.26.5.1
 no ip redirects
 no ip unreachables
 no ip proxy-arp
!
interface Vlan120
 description 2nd_st_sw01-DATA
 ip address 172.29.108.1 255.255.254.0
 ip helper-address 172.26.5.1
 no ip redirects
 no ip unreachables
 no ip proxy-arp
!
interface Vlan121
 description 2nd_st_sw01-VOICE
 ip address 172.29.110.1 255.255.254.0
 ip helper-address 172.26.5.1
 no ip redirects
 no ip unreachables
 no ip proxy-arp
!
interface Vlan130
 description 3rd_st_sw01-DATA
 ip address 172.29.112.1 255.255.254.0
 ip helper-address 172.26.5.1
 no ip redirects
 no ip unreachables
 no ip proxy-arp
!
interface Vlan131
 description 3rd_st_sw01-VOICE
 ip address 172.29.114.1 255.255.254.0
 ip helper-address 172.26.5.1
 no ip redirects
 no ip unreachables
 no ip proxy-arp
!
interface Vlan140
 description 3rd_st_sw02-DATA 
 ip address 172.29.116.1 255.255.254.0
 ip helper-address 172.26.5.1
 no ip redirects
 no ip unreachables
 no ip proxy-arp
!
interface Vlan141
 description 3rd_st_sw02-VOICE
 ip address 172.29.118.1 255.255.254.0
 ip helper-address 172.26.5.1
 no ip redirects
 no ip unreachables
 no ip proxy-arp
!
interface Vlan150
 description 4th_st_sw01-DATA
 ip address 172.29.120.1 255.255.254.0
 ip helper-address 172.26.5.1
 no ip redirects
 no ip unreachables
 no ip proxy-arp
!
interface Vlan151
 description 4th_st_sw01-VOICE
 ip address 172.29.122.1 255.255.254.0
 ip helper-address 172.26.5.1
 no ip redirects
 no ip unreachables
 no ip proxy-arp
!
interface Vlan160
 description 5th_st_sw01-DATA
 ip address 172.29.124.1 255.255.254.0
 ip helper-address 172.26.5.1
 no ip redirects
 no ip unreachables
 no ip proxy-arp
!
interface Vlan161
 description 5th_st_sw01-VOICE
 ip address 172.29.126.1 255.255.254.0
 ip helper-address 172.26.5.1
 no ip redirects
 no ip unreachables
 no ip proxy-arp
!
interface Vlan200
 description 1st_nt_sw01-DATA
 ip address 172.29.128.1 255.255.254.0
 ip helper-address 172.26.5.1
 no ip redirects
 no ip unreachables
 no ip proxy-arp
!
interface Vlan201
 description 1st_nt_sw01-VOICE
 ip address 172.29.130.1 255.255.254.0
 ip helper-address 172.26.5.1
 no ip redirects
 no ip unreachables
 no ip proxy-arp
!
interface Vlan210
 description 2nd_nt_sw01-DATA
 ip address 172.29.132.1 255.255.254.0
 ip helper-address 172.26.5.1
 no ip redirects
 no ip unreachables
 no ip proxy-arp
!
interface Vlan211
 description 2nd_nt_sw01-VOICE
 ip address 172.29.134.1 255.255.254.0
 ip helper-address 172.26.5.1
 no ip redirects
 no ip unreachables
 no ip proxy-arp
!
interface Vlan220
 description 2nd_nt_sw02-DATA
 ip address 172.29.136.1 255.255.254.0
 ip helper-address 172.26.5.1
 no ip redirects
 no ip unreachables
 no ip proxy-arp
!
interface Vlan221
 description 2nd_nt_sw02-VOICE
 ip address 172.29.138.1 255.255.254.0
 ip helper-address 172.26.5.1
 no ip redirects
 no ip unreachables
 no ip proxy-arp
!
interface Vlan230
 description 2nd_nt_sw03-DATA
 ip address 172.29.140.1 255.255.254.0
 ip helper-address 172.26.5.1
 no ip redirects
 no ip unreachables
 no ip proxy-arp
!
interface Vlan231
 description 2nd_nt_sw03-VOICE
 ip address 172.29.142.1 255.255.254.0
 ip helper-address 172.26.5.1
 no ip redirects
 no ip unreachables
 no ip proxy-arp
!
interface Vlan240
 description 3rd_nt_sw01-DATA
 ip address 172.29.144.1 255.255.254.0
 ip helper-address 172.26.5.1
 no ip redirects
 no ip unreachables
 no ip proxy-arp
!
interface Vlan241
 description 3rd_nt_sw01-VOICE
 ip address 172.29.146.1 255.255.254.0
 ip helper-address 172.26.5.1
 no ip redirects
 no ip unreachables
 no ip proxy-arp
!
interface Vlan250
 description 3rd_nt_sw02-DATA
 ip address 172.29.148.1 255.255.254.0
 ip helper-address 172.26.5.1
 no ip redirects
 no ip unreachables
 no ip proxy-arp
!
interface Vlan251
 description 3rd_nt_sw02-VOICE
 ip address 172.29.150.1 255.255.254.0
 ip helper-address 172.26.5.1
 no ip redirects
 no ip unreachables
 no ip proxy-arp
!
interface Vlan260
 description 4th_nt_sw01-DATA
 ip address 172.29.152.1 255.255.254.0
 ip helper-address 172.26.5.1
 no ip redirects
 no ip unreachables
 no ip proxy-arp
!
interface Vlan261
 description 4th_nt_sw01-VOICE
 ip address 172.29.154.1 255.255.254.0
 ip helper-address 172.26.5.1
 no ip redirects
 no ip unreachables
 no ip proxy-arp
!
interface Vlan270
 description 5th_nt_sw01-DATA
 ip address 172.29.156.1 255.255.254.0
 ip helper-address 172.26.5.1
 no ip redirects
 no ip unreachables
 no ip proxy-arp
!
interface Vlan271
 description 5th_nt_sw01-VOICE
 ip address 172.29.158.1 255.255.254.0
 ip helper-address 172.26.5.1
 no ip redirects
 no ip unreachables
 no ip proxy-arp
!
interface Vlan280
 description 5th_nt_sw02-DATA
 ip address 172.29.160.1 255.255.254.0
 ip helper-address 172.26.5.1
 no ip redirects
 no ip unreachables
 no ip proxy-arp
!
interface Vlan281
 description 5th_nt_sw02-VOICE
 ip address 172.29.162.1 255.255.254.0
 ip helper-address 172.26.5.1
 no ip redirects
 no ip unreachables
 no ip proxy-arp
!
interface Vlan290
 description 6th_nt_sw01-DATA
 ip address 172.29.164.1 255.255.254.0
 ip helper-address 172.26.5.1
 no ip redirects
 no ip unreachables
 no ip proxy-arp
!
interface Vlan291
 description 6th_nt_sw01-VOICE
 ip address 172.29.166.1 255.255.254.0
 ip helper-address 172.26.5.1
 no ip redirects
 no ip unreachables
 no ip proxy-arp
!
interface Vlan300
 description 2nd_hc_sw01-DATA
 ip address 172.29.168.1 255.255.254.0
 ip helper-address 172.26.5.1
 no ip redirects
 no ip unreachables
 no ip proxy-arp
!
interface Vlan301
 description 2nd_hc_sw01-VOICE
 ip address 172.29.170.1 255.255.254.0
 ip helper-address 172.26.5.1
 no ip redirects
 no ip unreachables
 no ip proxy-arp
!
interface Vlan310
 description 4th_hcc_wh_sw01-data
 ip address 172.29.176.1 255.255.254.0
 ip helper-address 172.26.5.1
 no ip redirects
 no ip unreachables
 no ip proxy-arp
!
interface Vlan311
 ip address 172.29.178.1 255.255.254.0
 ip helper-address 172.26.5.1
 no ip redirects
 no ip unreachables
 no ip proxy-arp
!
interface Vlan320
 description 1st_conf_sw01-DATA
 ip address 172.29.172.1 255.255.254.0
 ip helper-address 172.26.5.1
 no ip redirects
 no ip unreachables
 no ip proxy-arp
!
interface Vlan321
 description 1st_conf_sw01-Voice
 ip address 172.29.174.1 255.255.254.0
 ip helper-address 172.26.5.1
 no ip redirects
 no ip unreachables
 no ip proxy-arp
!
interface Vlan330
 description 3rd_hc_sw01_Data
 ip address 192.168.1.1 255.255.255.0
 no ip redirects
 no ip unreachables
 no ip proxy-arp
!
interface Vlan340
 description 3rd_hc_sw01-DATA
 ip address 172.29.180.1 255.255.254.0
 ip helper-address 172.26.5.1
 no ip redirects
 no ip unreachables
 no ip proxy-arp
!
interface Vlan341
 description 3rd_hc_sw01-VOICE
 ip address 172.29.182.1 255.255.254.0
 ip helper-address 172.26.5.1
 no ip redirects
 no ip unreachables
 no ip proxy-arp
!
interface Vlan350
 description 4thhcc_uro_sw01-DATA
 ip address 172.16.208.1 255.255.255.0
 ip helper-address 172.26.5.1
 no ip redirects
 no ip unreachables
 no ip proxy-arp
!
interface Vlan351
 description 4thhcc_uro_sw01-VOICE
 ip address 172.16.209.1 255.255.255.0
 ip helper-address 172.26.5.1
 no ip redirects
 no ip unreachables
 no ip proxy-arp
!
!
router eigrp 10
 network 172.25.0.0
 network 172.26.0.0
 network 172.27.0.0
 network 172.28.0.0
 network 172.29.0.0
 network 172.31.0.0
 network 192.168.128.0
 network 192.168.131.0
 network 192.168.200.0
 eigrp stub connected summary
!
ip forward-protocol nd
no ip http server
ip http authentication local
no ip http secure-server
ip route 0.0.0.0 0.0.0.0 172.26.5.43 name Default
ip route 7.6.6.3 255.255.255.255 172.26.1.6 name Preston
ip route 7.6.6.11 255.255.255.255 172.26.1.6 name Preston
ip route 7.6.6.230 255.255.255.255 172.26.1.6 name Preston
ip route 7.6.6.231 255.255.255.255 172.26.1.6 name Preston
ip route 7.7.7.3 255.255.255.255 172.26.1.6 name Preston
ip route 7.7.7.11 255.255.255.255 172.26.1.6 name Preston
ip route 10.0.0.8 255.255.255.255 172.26.1.12 name RPA_Automation
ip route 10.0.0.149 255.255.255.255 172.26.1.12 name Gottlieb_Billing
ip route 10.0.0.150 255.255.255.255 172.26.1.12 name Gottlieb_Billing
ip route 10.0.10.22 255.255.255.255 172.26.1.12 name RevenueGroup
ip route 10.0.28.58 255.255.255.255 172.26.1.12 name RPA_Monitoring
ip route 10.0.28.106 255.255.255.255 172.26.1.12 name RPA_AV
ip route 10.0.28.132 255.255.255.255 172.26.1.12
ip route 10.0.137.0 255.255.255.0 172.26.1.12 name RPA_Nash
ip route 10.1.0.0 255.255.255.192 172.26.1.6 name Stonewall
ip route 10.1.2.0 255.255.255.0 172.26.1.12 name RevenueGroup
ip route 10.1.30.0 255.255.255.0 172.26.1.12 name DavisMemorial
ip route 10.10.0.0 255.255.255.0 172.26.1.6 name IronMedical
ip route 10.10.1.0 255.255.255.0 172.26.1.12
ip route 10.10.3.0 255.255.255.0 172.26.1.12 name CCI
ip route 10.10.20.0 255.255.255.0 172.26.1.6 name Preston
ip route 10.10.30.0 255.255.255.0 172.26.1.6 name Preston
ip route 10.10.50.0 255.255.255.0 172.26.1.6 name Preston
ip route 10.10.60.0 255.255.255.0 172.26.1.12 name Grafton
ip route 10.10.70.90 255.255.255.255 172.26.1.6 name Preston
ip route 10.10.70.201 255.255.255.255 172.26.1.6 name Preston
ip route 10.10.120.0 255.255.255.0 172.26.1.6 name Preston
ip route 10.10.150.0 255.255.255.0 172.26.1.12 name Grafton
ip route 10.10.151.0 255.255.255.0 172.26.1.12 name Grafton
ip route 10.10.251.0 255.255.255.0 172.26.1.6 name Preston
ip route 10.20.0.0 255.255.255.0 172.26.1.12 name DMZ
ip route 10.48.239.0 255.255.255.0 172.26.1.12 name Labcorp
ip route 10.94.129.0 255.255.255.0 172.26.2.35 name Cerner
ip route 10.100.101.10 255.255.255.255 172.26.1.12 name Expedient_Wound
ip route 10.101.40.0 255.255.255.0 172.26.2.35 name Cerner
ip route 10.101.70.0 255.255.255.0 172.26.2.35 name Cerner
ip route 10.103.80.0 255.255.252.0 172.26.1.12 name Kindred
ip route 10.110.10.0 255.255.255.0 172.26.1.12 name Advocate
ip route 10.110.12.0 255.255.255.0 172.26.1.12 name Advocate
ip route 10.110.20.0 255.255.255.0 172.26.1.12 name Advocate
ip route 10.120.88.15 255.255.255.255 172.26.1.12 name Schumacher
ip route 10.120.88.16 255.255.255.255 172.26.1.12 name Schumacher
ip route 10.121.1.188 255.255.255.255 172.26.1.12 name Schumacher
ip route 10.123.0.0 255.255.240.0 172.26.1.12 name Kindred
ip route 10.143.64.0 255.255.255.0 172.26.1.12 name WFP_Cheatlake
ip route 10.143.65.0 255.255.255.0 172.26.1.12 name WFP_Cheatlake
ip route 10.143.70.0 255.255.255.0 172.26.1.12 name WFP_Suncrest
ip route 10.143.71.0 255.255.255.0 172.26.1.12 name WFP_Suncrest
ip route 10.143.73.0 255.255.255.0 172.26.1.12 name WFP_Westover
ip route 10.143.74.0 255.255.255.0 172.26.1.12 name WFP_Westover
ip route 10.146.54.0 255.255.255.0 172.26.1.12 name Mindshift
ip route 10.148.60.192 255.255.255.192 172.26.1.12 name Mindshift
ip route 10.150.0.0 255.255.255.0 172.26.1.12 name Trinisys
ip route 10.168.11.201 255.255.255.255 172.26.1.12 name Preston
ip route 10.170.0.0 255.255.0.0 172.26.1.12
ip route 10.183.35.0 255.255.255.0 172.26.1.12
ip route 10.202.32.202 255.255.255.255 172.26.1.12 name Schumacher
ip route 10.216.12.30 255.255.255.255 172.26.1.12 name Quadax
ip route 10.216.12.143 255.255.255.255 172.26.1.12 name Quadax
ip route 10.240.42.0 255.255.255.0 172.26.1.12 name TruvenHealth
ip route 10.247.254.0 255.255.255.0 172.26.1.12 name Kindred
ip route 10.253.252.12 255.255.255.255 172.26.1.12 name Crosschx
ip route 10.254.11.0 255.255.2
DEBUG:netmiko:read_channel: 55.0 172.26.220.253 name Syngo
ip route 10.255.0.132 255.255.255.255 172.26.1.12 name RPA_encrypt
ip route 10.255.137.0 255.255.255.0 172.26.1.12 name RPA_ATL
ip route 15.4.200.0 255.255.248.0 172.26.1.6 name MOP2000
ip route 24.75.72.135 255.255.255.255 172.26.1.12 name RALS
ip route 25.25.25.200 255.255.255.255 172.26.1.6 name Preston
ip route 32.90.209.0 255.255.255.0 172.26.2.61
ip route 64.14.91.64 255.255.255.192 172.26.1.12 name Nuance
ip route 64.46.229.0 255.255.255.0 172.26.2.29 name HDX
ip route 64.127.2.94 255.255.255.255 172.26.1.6 name Stonewall
ip route 66.18.105.86 255.255.255.255 172.26.1.12 name Clinix
ip route 66.18.106.169 255.255.255.255 172.26.1.12 name Clinix
ip route 67.133.204.128 255.255.255.192 172.26.220.253 name Syngo
ip route 68.64.37.44 255.255.255.255 172.26.1.12 name RPA_HL7Test
ip route 68.64.37.45 255.255.255.255 172.26.1.12 name RPA_HL7Prod
ip route 68.64.37.46 255.255.255.255 172.26.1.12
ip route 76.10.201.105 255.255.255.255 172.26.1.12 name Medac_Anes
ip route 98.118.126.147 255.255.255.255 172.26.1.12 name ImageStream
ip route 100.64.1.64 255.255.255.240 172.26.1.12 name SIS
ip route 100.65.0.18 255.255.255.255 172.26.1.12 name SIS
ip route 104.170.0.0 255.255.128.0 172.26.2.35 name Cerner
ip route 104.170.128.0 255.255.192.0 172.26.2.35 name Cerner
ip route 104.170.192.0 255.255.224.0 172.26.2.35 name Cerner
ip route 129.73.116.88 255.255.255.248 172.26.1.12 name Siemans
ip route 137.252.0.0 255.255.0.0 172.26.2.35 name Cerner
ip route 149.45.0.0 255.255.0.0 172.26.2.35 name Cerner
ip route 150.2.0.0 255.255.0.0 172.26.1.12 name GE
ip route 159.140.16.0 255.255.240.0 172.26.2.35 name Cerner
ip route 159.140.32.0 255.255.224.0 172.26.2.35 name Cerner
ip route 159.140.64.0 255.255.224.0 172.26.2.35 name Cerner
ip route 159.140.96.0 255.255.248.0 172.26.2.35 name Cerner
ip route 159.140.116.0 255.255.255.0 172.26.2.35 name Cerner
ip route 159.140.122.0 255.255.254.0 172.26.2.35 name Cerner
ip route 159.140.124.0 255.255.252.0 172.26.2.35 name Cerner
ip route 159.140.128.0 255.255.248.0 172.26.2.35 name Cerner
ip route 159.140.136.0 255.255.252.0 172.26.2.35 name Cerner
ip route 159.140.160.0 255.255.224.0 172.26.2.35 name Cerner
ip route 159.140.196.0 255.255.255.0 172.26.2.35 name Cerner
ip route 159.140.198.0 255.255.254.0 172.26.2.35 name Cerner
ip route 159.140.200.0 255.255.252.0 172.26.2.35 name Cerner
ip route 159.140.208.0 255.255.252.0 172.26.2.35 name Cerner
ip route 159.140.216.0 255.255.248.0 172.26.2.35 name Cerner
ip route 159.140.224.0 255.255.240.0 172.26.2.35 name Cerner
ip route 159.140.240.0 255.255.252.0 172.26.2.35 name Cerner
ip route 159.140.245.0 255.255.255.0 172.26.2.35 name Cerner
ip route 159.140.246.0 255.255.254.0 172.26.2.35 name Cerner
ip route 159.140.248.0 255.255.254.0 172.26.2.35 name Cerner
ip route 169.254.44.125 255.255.255.255 172.26.1.12 name Trinisys
ip route 169.254.44.126 255.255.255.255 172.26.1.12 name Trinisys
ip route 169.254.47.49 255.255.255.255 172.26.1.12 name Trinisys
ip route 169.254.47.50 255.255.255.255 172.26.1.12 name Trinisys
ip route 170.71.0.0 255.255.128.0 172.26.2.35 name Cerner
ip route 170.71.128.0 255.255.240.0 172.26.2.35 name Cerner
ip route 170.71.160.0 255.255.224.0 172.26.2.35 name Cerner
ip route 170.71.192.0 255.255.192.0 172.26.2.35 name Cerner
ip route 172.16.10.0 255.255.255.0 172.26.1.6 name Stonewall
ip route 172.16.14.0 255.255.255.0 172.26.1.6 name Stonewall
ip route 172.16.26.0 255.255.255.0 172.26.1.6 name Stonewall
ip route 172.16.45.0 255.255.255.0 172.26.1.6 name Stonewall
ip route 172.16.61.0 255.255.255.0 172.26.1.6 name Stonewall
ip route 172.16.68.0 255.255.255.0 172.26.1.5
ip route 172.16.69.0 255.255.255.0 172.26.1.5
ip route 172.16.241.30 255.255.255.255 172.26.1.12 name WVUH
ip route 172.17.37.77 255.255.255.255 172.26.1.12 name WVUH
ip route 172.17.37.230 255.255.255.255 172.26.1.12 name WVUH
ip route 172.17.39.146 255.255.255.255 172.26.1.12 name WVUH
ip route 172.17.69.0 255.255.255.0 172.26.1.5
ip route 172.18.12.37 255.255.255.255 172.26.1.6 name Stonewall
ip route 172.19.2.0 255.255.255.0 172.26.1.7 name Elkins
ip route 172.19.3.0 255.255.255.0 172.26.1.6 name CAVA-Fairmont
ip route 172.19.5.0 255.255.255.0 172.26.1.7
ip route 172.20.1.0 255.255.255.0 172.26.1.6 name HKBTSA
ip route 172.20.2.0 255.255.255.0 172.26.1.12 name WFP_Westover
ip route 172.20.4.0 255.255.255.0 172.26.1.12 name WFP_Suncrest
ip route 172.20.7.0 255.255.255.0 172.26.1.12 name WFP_CheatLake
ip route 172.20.64.0 255.255.252.0 172.26.1.12 name Kindred
ip route 172.21.0.0 255.255.192.0 172.26.1.12 name Kindred
ip route 172.21.201.0 255.255.255.0 172.32.0.6
ip route 172.21.201.0 255.255.255.0 172.32.0.2
ip route 172.21.204.0 255.255.255.0 172.32.0.2 name Philips
ip route 172.21.204.0 255.255.255.0 172.32.0.6 name Philips
ip route 172.21.205.0 255.255.255.0 172.32.0.2 name Philips
ip route 172.21.205.0 255.255.255.0 172.32.0.6 name Philips
ip route 172.21.210.0 255.255.255.0 172.32.0.2 name Philips
ip route 172.21.210.0 255.255.255.0 172.32.0.6 name Philips
ip route 172.21.224.0 255.255.252.0 172.26.1.12 name Kindred
ip route 172.22.0.0 255.255.0.0 172.26.1.12
ip route 172.26.110.167 255.255.255.255 172.26.1.12 name Policystat
ip route 172.26.120.151 255.255.255.255 172.26.1.12 name Policystat
ip route 172.28.240.0 255.255.255.0 172.26.5.43
ip route 172.30.4.1 255.255.255.255 172.26.1.12 name RPA_DICOM1
ip route 172.30.4.2 255.255.255.255 172.26.1.12 name RPA_DICOM2
ip route 172.95.95.0 255.255.255.0 172.26.1.6 name BO_Hartmon
ip route 172.96.96.0 255.255.255.0 172.26.1.6 name 99JD
ip route 172.97.97.0 255.255.255.0 172.26.1.6 name MOP1000
ip route 172.98.98.0 255.255.255.0 172.26.1.6 name MOP3000
ip route 172.99.99.0 255.255.255.0 172.26.1.6 name MOP2000
ip route 192.30.210.13 255.255.255.255 172.26.1.12 name PatientMatters
ip route 192.48.5.0 255.255.255.0 172.26.1.12 name Grafton
ip route 192.68.48.0 255.255.252.0 172.26.1.12 name Philips
ip route 192.81.232.209 255.255.255.255 172.26.1.12 name Laitek
ip route 192.168.0.0 255.255.255.0 172.26.1.6 name Stonewall
ip route 192.168.1.37 255.255.255.255 172.26.1.12 name MECCA
ip route 192.168.1.60 255.255.255.255 172.26.1.12 name MECCA
ip route 192.168.1.62 255.255.255.255 172.26.1.12 name MECCA
ip route 192.168.1.63 255.255.255.255 172.26.1.12 name MECCA
ip route 192.168.1.64 255.255.255.255 172.26.1.12 name MECCA
ip route 192.168.1.80 255.255.255.255 172.26.1.12 name MECCA
ip route 192.168.1.99 255.255.255.255 172.26.1.12
ip route 192.168.2.0 255.255.255.0 172.26.1.12 name StGeorge
ip route 192.168.3.0 255.255.255.0 172.26.1.6 name Stonewall
ip route 192.168.4.0 255.255.255.0 172.26.1.6 name Stonewall
ip route 192.168.5.96 255.255.255.224 172.26.1.12 name ECW
ip route 192.168.9.0 255.255.255.0 172.26.1.6 name Stonewall
ip route 192.168.11.0 255.255.255.0 172.26.1.6 name Stonewall
ip route 192.168.12.0 255.255.255.0 172.26.1.6 name Stonewall
ip route 192.168.16.0 255.255.255.0 172.26.1.6 name Preston
ip route 192.168.17.0 255.255.255.0 172.26.1.6 name Preston
ip route 192.168.19.0 255.255.255.0 172.26.1.6 name Preston
ip route 192.168.24.0 255.255.255.0 172.26.1.6 name Bonfili
ip route 192.168.25.0 255.255.255.0 172.26.1.12 name CPS
ip route 192.168.57.0 255.255.255.0 172.26.1.6 name Stonewall
ip route 192.168.90.0 255.255.255.0 172.26.1.6 name Stonewall
ip route 192.168.100.0 255.255.255.0 172.26.1.6 name Gutierez
ip route 192.168.101.0 255.255.255.0 172.26.1.7 name Elkins
ip route 192.168.101.138 255.255.255.255 172.26.1.12 name Airstrip
ip route 192.168.120.0 255.255.252.0 172.26.1.12 name Oxyon
ip route 192.168.129.128 255.255.255.128 172.26.1.4
ip route 192.168.129.213 255.255.255.255 172.26.1.4
ip route 192.168.129.218 255.255.255.255 172.26.1.4
ip route 192.168.129.246 255.255.255.255 172.26.1.4
ip route 192.168.132.0 255.255.255.0 172.26.1.4
ip route 192.168.140.0 255.255.255.0 172.26.1.12 name Hopwood
ip route 192.168.144.0 255.255.255.0 172.26.1.4
ip route 192.168.146.0 255.255.255.0 172.26.1.6 name MHC
ip route 192.168.147.0 255.255.255.0 172.26.1.4
ip route 192.168.150.0 255.255.255.0 172.26.1.4
ip route 192.168.151.0 255.255.255.0 172.26.1.6 name Village
ip route 192.168.151.166 255.255.255.255 172.26.1.6 name Stonewall
ip route 192.168.153.0 255.255.255.0 172.26.1.6 name MonEMS
ip route 192.168.154.0 255.255.255.0 172.26.1.12 name MonKids
ip route 192.168.155.0 255.255.255.0 172.26.1.6 name BO_Hartmon
ip route 192.168.156.0 255.255.255.0 172.26.1.6 name 99JD
ip route 192.168.157.0 255.255.255.0 172.26.1.6 name FHM
ip route 192.168.159.0 255.255.255.0 172.26.1.6 name MOA
ip route 192.168.160.0 255.255.255.0 172.26.1.12 name HHP
ip route 192.168.162.0 255.255.255.0 172.26.1.6 name Varian
ip route 192.168.163.0 255.255.255.0 172.26.1.12 name Gateway
ip route 192.168.166.0 255.255.255.0 172.26.1.12
ip route 192.168.167.0 255.255.255.0 172.26.1.12 name MIM_Testlab
ip route 192.168.168.0 255.255.255.0 172.26.1.12 name Core
ip route 192.168.169.0 255.255.255.0 172.26.1.6 name Waynesburg
ip route 192.168.170.0 255.255.254.0 172.26.1.6 name MOP2000
ip route 192.168.172.0 255.255.255.0 172.26.1.6 name MOP3000
ip route 192.168.174.0 255.255.254.0 172.26.1.6 name MOP1000
ip route 192.168.199.0 255.255.255.0 172.26.1.12
ip route 192.168.200.112 255.255.255.255 172.26.1.12 name Crisp
ip route 192.168.210.112 255.255.255.255 172.26.1.12 name Crisp
ip route 198.92.118.0 255.255.255.0 172.26.1.12
ip route 198.175.206.0 255.255.255.0 172.26.1.12 name Merge
ip route 198.187.175.42 255.255.255.255 172.26.1.12 name StandardReg
ip route 199.96.232.39 255.255.255.255 172.26.1.12 name Experian
ip route 199.96.232.40 255.255.255.255 172.26.1.12 name Experian
ip route 200.13.0.0 255.255.255.0 172.26.1.12 name Grafton
ip route 204.246.143.7 255.255.255.255 172.26.1.12 name CollectiveMed
ip route 204.246.143.12 255.255.255.255 172.26.1.12 name CollectiveMed
ip route 204.246.143.13 255.255.255.255 172.26.1.12 name CollectiveMed
ip route 207.97.224.74 255.255.255.255 172.26.1.12 name IngeniousMed
ip route 208.50.249.192 255.255.255.224 172.26.1.12 name VirtualRad
ip route 208.51.93.214 255.255.255.255 172.26.1.12 name Nuance
ip tacacs source-interface Vlan10
ip ssh time-out 60
ip ssh authentication-retries 2
ip ssh logging events
ip ssh version 2
!
ip access-list extended qos-CALL-SIGNALING
 remark Soft Clients must mark packets cs3 via Windows Firewall, enforce via Domain GPOs
 permit tcp any any eq 2000 dscp cs3
 permit tcp any any range 2748 2749 dscp cs3
 permit udp any any eq 2443 dscp cs3
 permit udp any any eq 5060 dscp cs3
 permit tcp any any range 5060 5061 dscp cs3
ip access-list extended qos-TELEPRESENCE-BEARER
 permit udp any range 5070 5079 any dscp cs4
 permit udp any range 16384 32767 any dscp cs4
ip access-list extended qos-UC-SERVER-CALL-SIGNALING-PREMARK
 remark signaling traffic CS3 packets
 permit tcp any any dscp cs3
 permit udp any any dscp cs3
ip access-list extended qos-UC-SERVER-CC-AGENT-PREMARK
 remark CC Agent traffic af21 packets
 permit tcp any any dscp af21
ip access-list extended qos-UC-SERVER-TELEPRESENCE-BEARER-PREMARK
 remark telepresence bearer dscp CS4 packets
 permit udp any any dscp cs4
ip access-list extended qos-UC-SERVER-VIDEO-BEARER-PREMARK
 remark video bearer dscp AF41 packets
 permit udp any any dscp af41
ip access-list extended qos-UC-SERVER-VOICE-BEARER-PREMARK
 remark voice bearer dscp EF packets
 permit udp any any dscp ef
ip access-list extended qos-VIDEO-BEARER
 remark Soft Clients must mark packets af41 via Windows Firewall, enforce via Domain GPOs
 permit udp any range 5070 5079 any dscp af41
 permit udp any range 16384 32767 any dscp af41
ip access-list extended qos-VOICE-BEARER
 remark Soft Clients must mark packets ef via Windows Firewall, enforce via Domain GPOs
 permit udp any range 16384 32767 any dscp ef
!
arp 172.26.5.191 03bf.ac1a.05bf ARPA
!
snmp-server community monpriv RW
snmp-server location Data Center
snmp-server contact Production Network Support
tacacs-server host 172.26.5.93
tacacs-server key 7 14141A0A02032F66292F3B
!
!
!
banner motd ^C
------------------------------------------------------------------------------------
WARNING:


This system is for the use of authorized clients only. Individuals using the
computer network system without authorization, or in excess of their authorization,
are subject to having all their activity on this computer network system monitored
and recorded by system personnel.  To protect the computer network system from
unauthorized use and to ensure the computer network system is functioning properly,
system administrators monitor this system.  Anyone using this computer network
system expressly consents to such monitoring and is advised that if such monitoring
reveals possible conduct of criminal activity, system personnel may provide the
evidence of such activity to law enforcement officers.

Access is restricted to authorized users only.

Unauthorized access is a violation of state and federal, civil and criminal laws.
------------------------------------------------------------------------------------
^C
!
line con 0
 exec-timeout 60 0
 password 7 082D4341025408101A
 logging synchronous
 stopbits 1
line aux 0
 stopbits 1
line vty 0 4
 exec-timeout 20 0
 logging synchronous
 length 0
 transport input ssh
line vty 5 15
 exec-timeout 20 0
 logging synchronous
 transport input ssh
!
!
monitor session 2 source vlan 1 - 4094
monitor session 2 destination interface Te1/0/22 - 23
ntp server 192.5.41.40
ntp server 192.5.41.41
wsma agent exec
 profile httplistener
 profile httpslistener
!
wsma agent config
 profile httplistener
 profile httpslistener
!
wsma agent filesys
 profile httplistener
 profile httpslistener
!
wsma agent notify
 profile httplistener
 profile httpslistener
!
!
wsma profile listener httplistener
 transport http
!
wsma profile listener httpslistener
 transport https
!
ap group default-group
end

1ST_NT_MDF_SW01#
DEBUG:paramiko.transport:starting thread (client mode): 0x29103fd0
DEBUG:paramiko.transport:Local version/idstring: SSH-2.0-paramiko_2.7.1
DEBUG:paramiko.transport:Remote version/idstring: SSH-2.0-Cisco-1.25
INFO:paramiko.transport:Connected (version 2.0, client Cisco-1.25)
DEBUG:paramiko.transport:kex algos:['diffie-hellman-group-exchange-sha1', 'diffie-hellman-group14-sha1', 'diffie-hellman-group1-sha1'] server key:['ssh-rsa'] client encrypt:['aes128-ctr', 'aes192-ctr', 'aes256-ctr', 'aes128-cbc', '3des-cbc', 'aes192-cbc', 'aes256-cbc'] server encrypt:['aes128-ctr', 'aes192-ctr', 'aes256-ctr', 'aes128-cbc', '3des-cbc', 'aes192-cbc', 'aes256-cbc'] client mac:['hmac-sha1', 'hmac-sha1-96'] server mac:['hmac-sha1', 'hmac-sha1-96'] client compress:['none'] server compress:['none'] client lang:[''] server lang:[''] kex follows?False
DEBUG:paramiko.transport:Kex agreed: diffie-hellman-group-exchange-sha1
DEBUG:paramiko.transport:HostKey agreed: ssh-rsa
DEBUG:paramiko.transport:Cipher agreed: aes128-ctr
DEBUG:paramiko.transport:MAC agreed: hmac-sha1
DEBUG:paramiko.transport:Compression agreed: none
DEBUG:paramiko.transport:Got server p (2048 bits)
DEBUG:paramiko.transport:kex engine KexGex specified hash_algo <built-in function openssl_sha1>
DEBUG:paramiko.transport:Switch to new keys ...
DEBUG:paramiko.transport:Adding ssh-rsa host key for 1st_nt_mdf_sw01.mhs.org: b'dff1cc3dbc8e67a39efef4da8ecb0472'
DEBUG:paramiko.transport:userauth is OK
INFO:paramiko.transport:Authentication (password) successful!
DEBUG:paramiko.transport:[chan 0] Max packet in: 32768 bytes
DEBUG:paramiko.transport:[chan 0] Max packet out: 4096 bytes
DEBUG:paramiko.transport:Secsh channel 0 opened.
DEBUG:paramiko.transport:[chan 0] Sesch channel 0 request ok
DEBUG:paramiko.transport:[chan 0] Sesch channel 0 request ok
DEBUG:netmiko:read_channel: 
------------------------------------------------------------------------------------
WARNING:


This system is for the use of authorized clients only. Individuals using the
computer network system without authorization, or in excess of their authorization,
are subject to having all their activity on this computer network system monitored
and recorded by system personnel.  To protect the computer network system from
unauthorized use and to ensure the computer network system is functioning properly,
system administrators monitor this system.  Anyone using this computer network
system expressly consents to such monitoring and is advised that if such monitoring
reveals possible conduct of criminal activity, system personnel may provide the
evidence of such activity to law enforcement officers.

Access is restricted to authorized users only.

Unauthorized access is a violation of state and federal, civil and criminal laws.
------------------------------------------------------------------------------------

1ST_NT_MDF_SW01>
DEBUG:netmiko:read_channel: 
DEBUG:netmiko:read_channel: 
DEBUG:netmiko:read_channel: 
DEBUG:netmiko:write_channel: b'\n'
DEBUG:netmiko:read_channel: 
DEBUG:netmiko:read_channel: 
DEBUG:netmiko:write_channel: b'\n'
DEBUG:netmiko:read_channel: 
1ST_NT_MDF_SW01>
DEBUG:netmiko:read_channel: 
1ST_NT_MDF_SW01>
DEBUG:netmiko:Clear buffer detects data in the channel
DEBUG:netmiko:read_channel: 
DEBUG:netmiko:[find_prompt()]: prompt is 1ST_NT_MDF_SW01>
DEBUG:netmiko:read_channel: 
DEBUG:netmiko:In disable_paging
DEBUG:netmiko:Command: terminal length 0

DEBUG:netmiko:write_channel: b'terminal length 0\n'
DEBUG:netmiko:Pattern is: terminal\ length\ 0
DEBUG:netmiko:_read_channel_expect read_data: t
DEBUG:netmiko:_read_channel_expect read_data: er
DEBUG:netmiko:_read_channel_expect read_data: m
DEBUG:netmiko:_read_channel_expect read_data: in
DEBUG:netmiko:_read_channel_expect read_data: al
DEBUG:netmiko:_read_channel_expect read_data:  l
DEBUG:netmiko:_read_channel_expect read_data: en
DEBUG:netmiko:_read_channel_expect read_data: gt
DEBUG:netmiko:_read_channel_expect read_data: h 
DEBUG:netmiko:_read_channel_expect read_data: 0

DEBUG:netmiko:Pattern found: terminal\ length\ 0 terminal length 0

DEBUG:netmiko:terminal length 0

DEBUG:netmiko:Exiting disable_paging
DEBUG:netmiko:write_channel: b'terminal width 511\n'
DEBUG:netmiko:Pattern is: terminal\ width\ 511
DEBUG:netmiko:_read_channel_expect read_data: 1ST_NT_MDF_SW01>
DEBUG:netmiko:_read_channel_expect read_data: t
DEBUG:netmiko:_read_channel_expect read_data: er
DEBUG:netmiko:_read_channel_expect read_data: mi
DEBUG:netmiko:_read_channel_expect read_data: na
DEBUG:netmiko:_read_channel_expect read_data: l 
DEBUG:netmiko:_read_channel_expect read_data: wi
DEBUG:netmiko:_read_channel_expect read_data: dt
DEBUG:netmiko:_read_channel_expect read_data: h 
DEBUG:netmiko:_read_channel_expect read_data: 51
DEBUG:netmiko:_read_channel_expect read_data: 1

DEBUG:netmiko:Pattern found: terminal\ width\ 511 1ST_NT_MDF_SW01>terminal width 511

DEBUG:netmiko:read_channel: 1ST_NT_MDF_SW01>
DEBUG:netmiko:Clear buffer detects data in the channel
DEBUG:netmiko:read_channel: 
DEBUG:netmiko:write_channel: b'\n'
DEBUG:netmiko:Pattern is: 1ST_NT_MDF_SW01
DEBUG:netmiko:_read_channel_expect read_data: 

DEBUG:netmiko:_read_channel_expect read_data: 1ST_NT_MDF_SW01>
DEBUG:netmiko:Pattern found: 1ST_NT_MDF_SW01 
1ST_NT_MDF_SW01>
DEBUG:netmiko:write_channel: b'enable\n'
DEBUG:netmiko:Pattern is: (1ST_NT_MDF_SW01|ssword)
DEBUG:netmiko:_read_channel_expect read_data: e
DEBUG:netmiko:_read_channel_expect read_data: na
DEBUG:netmiko:_read_channel_expect read_data: bl
DEBUG:netmiko:_read_channel_expect read_data: e

DEBUG:netmiko:_read_channel_expect read_data: Password: 
DEBUG:netmiko:Pattern found: (1ST_NT_MDF_SW01|ssword) enable
Password: 
DEBUG:netmiko:write_channel: b'change-mgh\n'
DEBUG:netmiko:Pattern is: 1ST_NT_MDF_SW01
DEBUG:netmiko:_read_channel_expect read_data: 
1ST_NT_MDF_SW01#
DEBUG:netmiko:Pattern found: 1ST_NT_MDF_SW01 
1ST_NT_MDF_SW01#
DEBUG:netmiko:write_channel: b'\n'
DEBUG:netmiko:Pattern is: 1ST_NT_MDF_SW01
DEBUG:netmiko:_read_channel_expect read_data: 

DEBUG:netmiko:_read_channel_expect read_data: 1ST_NT_MDF_SW01#
DEBUG:netmiko:Pattern found: 1ST_NT_MDF_SW01 
1ST_NT_MDF_SW01#
DEBUG:netmiko:read_channel: 
DEBUG:netmiko:write_channel: b'\n'
DEBUG:netmiko:read_channel: 
DEBUG:netmiko:read_channel: 
DEBUG:netmiko:write_channel: b'\n'
DEBUG:netmiko:read_channel: 
1ST_NT_MDF_SW01#
DEBUG:netmiko:read_channel: 
1ST_NT_MDF_SW01#
DEBUG:netmiko:Clear buffer detects data in the channel
DEBUG:netmiko:read_channel: 
DEBUG:netmiko:[find_prompt()]: prompt is 1ST_NT_MDF_SW01#
DEBUG:netmiko:read_channel: 
DEBUG:netmiko:write_channel: b'sh cdp neighbors\n'
DEBUG:netmiko:Pattern is: sh\ cdp\ neighbors
DEBUG:netmiko:_read_channel_expect read_data: s
DEBUG:netmiko:_read_channel_expect read_data: h
DEBUG:netmiko:_read_channel_expect read_data:  c
DEBUG:netmiko:_read_channel_expect read_data: dp
DEBUG:netmiko:_read_channel_expect read_data:  n
DEBUG:netmiko:_read_channel_expect read_data: ei
DEBUG:netmiko:_read_channel_expect read_data: gh
DEBUG:netmiko:_read_channel_expect read_data: bo
DEBUG:netmiko:_read_channel_expect read_data: rs
DEBUG:netmiko:Pattern found: sh\ cdp\ neighbors sh cdp neighbors
DEBUG:netmiko:read_channel: 
Capability Codes: R - Router, T - Trans Bridge, B - Source Route Bridge
                  S - Switch, H - Host, I - IGMP, r - Repeater, P - Phone, 
                  D - Remote, C - CVTA, M - Two-port Mac Relay 

Device ID        Local Intrfce     Holdtme    Capability  Platform  Port ID
3rd_nt_sw01.mongeneral.com
                 Ten 2/0/12        146              S I   WS-C2960X Ten 2/0/1
3rd_nt_sw01.mongeneral.com
                 Ten 1/0/12        170              S I   WS-C2960X Ten 1/0/1
2nd_st_sw01.mongeneral.com
                 Ten 2/0/3         173              S I   WS-C2960X Ten 2/0/1
2nd_st_sw01.mongeneral.com
                 Ten 1/0/3         150              S I   WS-C2960X Ten 1/0/1
3rd_nt_sw02.mongeneral.com
                 Ten 1/0/13        137              S I   WS-C2960X Ten 1/0/1
3rd_nt_sw02.mongeneral.com
                 Ten 2/0/13        158              S I   WS-C2960X Ten 2/0/1
1st_conf_sw01.mongeneral.com
                 Ten 2/0/18        143              S I   WS-C2960X Ten 1/0/2
4th_nt_sw01.mongeneral.com
                 Ten 1/0/14        164              S I   WS-C2960X Ten 1/0/1
4th_nt_sw01.mongeneral.com
                 Ten 2/0/14        134              S I   WS-C2960X Ten 2/0/1
1st_conf_sw01.mongeneral.com
                 Ten 1/0/18        177              S I   WS-C2960X Ten 1/0/1
1st_st_sw02.mongeneral.com
                 Ten 2/0/2         164              S I   WS-C2960X Ten 2/0/1
1st_st_sw02.mongeneral.com
                 Ten 1/0/2         133              S I   WS-C2960X Ten 1/0/1
5th_nt_sw01.mongeneral.com
                 Ten 2/0/15        137              S I   WS-C2960X Ten 2/0/1
5th_nt_sw01.mongeneral.com
                 Ten 1/0/15        179              S I   WS-C2960X Ten 1/0/1
6th_nt_sw01.mongeneral.com
                 Ten 2/0/17        169              S I   WS-C2960X Ten 2/0/2
5th_nt_sw02.mongeneral.com
                 Ten 1/0/16        172              S I   WS-C2960X Ten 1/0/1
6th_nt_sw01.mongeneral.com
                 Ten 1/0/17        175              S I   WS-C2960X Ten 1/0/1
5th_nt_sw02.mongeneral.com
                 Ten 2/0/16        135              S I   WS-C2960X Ten 2/0/1
1st_st_sw01.mongeneral.com
                 Ten 2/0/1         167              S I   WS-C2960X Ten 2/0/1
1st_st_sw01.mongeneral.com
                 Ten 1/0/1         141              S I   WS-C2960X Ten 1/0/1
5th_st_sw01.mongeneral.com
                 Ten 2/0/7         147              S I   WS-C2960X Ten 2/0/1
5th_st_sw01.mongeneral.com
                 Ten 1/0/7         124              S I   WS-C2960X Ten 1/0/1
4th_st_sw01.mongeneral.com
                 Ten 2/0/6         160              S I   WS-C2960X Ten 2/0/1
4th_st_sw01.mongeneral.com
                 Ten 1/0/6         150              S I   WS-C2960X Ten 1/0/1
1st_nt_sw01.mongeneral.com
                 Ten 2/0/8         149              S I   WS-C2960X Ten 2/0/1
1st_nt_sw01.mongeneral.com
                 Ten 1/0/8         139              S I   WS-C2960X Ten 1/0/1
2nd_nt_sw01.mongeneral.com
                 Ten 2/0/9         161              S I   WS-C2960X Ten 2/0/1
2nd_nt_sw01.mongeneral.com
                 Ten 1/0/9         170              S I   WS-C2960X Ten 1/0/1
3rd_st_sw01.mongeneral.com
                 Ten 2/0/4         172              S I   WS-C2960X Ten 2/0/1
3rd_st_sw01.mongeneral.com
                 Ten 1/0/4         174              S I   WS-C2960X Ten 1/0/1
2nd_nt_sw03.mongeneral.com
                 Ten 1/0/11        133              S I   WS-C2960X Ten 1/0/1
2nd_nt_sw03.mongeneral.com
                 Ten 2/0/11        144              S I   WS-C2960X Ten 2/0/1
3rd_st_sw02.mongeneral.com
                 Ten 1/0/5         162              S I   WS-C2960X Ten 1/0/1
2nd_nt_sw02.mongeneral.com
                 Ten 2/0/10        136              S I   WS-C2960X Ten 2/0/1
3rd_st_sw02.mongeneral.com
                 Ten 2/0/5         166              S I   WS-C2960X Ten 2/0/1
2nd_nt_sw02.mongeneral.com
                 Ten 1/0/10        147              S I   WS-C2960X Ten 1/0/1
MGH1A-CORE.mongeneral.com
                 Ten 2/0/24        162              S I   WS-C4507R Ten 4/1
MGH1A-CORE.mongeneral.com
                 Ten 1/0/24        162              S I   WS-C4507R Ten 3/1

Total cdp entries displayed : 38
1ST_NT_MDF_SW01#
DEBUG:paramiko.transport:starting thread (client mode): 0x48c9cfd0
DEBUG:paramiko.transport:Local version/idstring: SSH-2.0-paramiko_2.7.1
DEBUG:paramiko.transport:Remote version/idstring: SSH-2.0-Cisco-1.25
INFO:paramiko.transport:Connected (version 2.0, client Cisco-1.25)
DEBUG:paramiko.transport:kex algos:['diffie-hellman-group-exchange-sha1', 'diffie-hellman-group14-sha1', 'diffie-hellman-group1-sha1'] server key:['ssh-rsa'] client encrypt:['aes128-ctr', 'aes192-ctr', 'aes256-ctr', 'aes128-cbc', '3des-cbc', 'aes192-cbc', 'aes256-cbc'] server encrypt:['aes128-ctr', 'aes192-ctr', 'aes256-ctr', 'aes128-cbc', '3des-cbc', 'aes192-cbc', 'aes256-cbc'] client mac:['hmac-sha1', 'hmac-sha1-96'] server mac:['hmac-sha1', 'hmac-sha1-96'] client compress:['none'] server compress:['none'] client lang:[''] server lang:[''] kex follows?False
DEBUG:paramiko.transport:Kex agreed: diffie-hellman-group-exchange-sha1
DEBUG:paramiko.transport:HostKey agreed: ssh-rsa
DEBUG:paramiko.transport:Cipher agreed: aes128-ctr
DEBUG:paramiko.transport:MAC agreed: hmac-sha1
DEBUG:paramiko.transport:Compression agreed: none
DEBUG:paramiko.transport:Got server p (2048 bits)
DEBUG:paramiko.transport:kex engine KexGex specified hash_algo <built-in function openssl_sha1>
DEBUG:paramiko.transport:Switch to new keys ...
DEBUG:paramiko.transport:Adding ssh-rsa host key for 1st_nt_mdf_sw01.mhs.org: b'dff1cc3dbc8e67a39efef4da8ecb0472'
DEBUG:paramiko.transport:userauth is OK
INFO:paramiko.transport:Authentication (password) successful!
DEBUG:paramiko.transport:[chan 0] Max packet in: 32768 bytes
DEBUG:paramiko.transport:[chan 0] Max packet out: 4096 bytes
DEBUG:paramiko.transport:Secsh channel 0 opened.
DEBUG:paramiko.transport:[chan 0] Sesch channel 0 request ok
DEBUG:paramiko.transport:[chan 0] Sesch channel 0 request ok
DEBUG:netmiko:read_channel: 
------------------------------------------------------------------------------------
WARNING:


This system is for the use of authorized clients only. Individuals using the
computer network system without authorization, or in excess of their authorization,
are subject to having all their activity on this computer network system monitored
and recorded by system personnel.  To protect the computer network system from
unauthorized use and to ensure the computer network system is functioning properly,
system administrators monitor this system.  Anyone using this computer network
system expressly consents to such monitoring and is advised that if such monitoring
reveals possible conduct of criminal activity, system personnel may provide the
evidence of such activity to law enforcement officers.

Access is restricted to authorized users only.

Unauthorized access is a violation of state and federal, civil and criminal laws.
------------------------------------------------------------------------------------

1ST_NT_MDF_SW01>
DEBUG:netmiko:read_channel: 
DEBUG:netmiko:read_channel: 
DEBUG:netmiko:read_channel: 
DEBUG:netmiko:write_channel: b'\n'
DEBUG:netmiko:read_channel: 

DEBUG:netmiko:read_channel: 
DEBUG:netmiko:write_channel: b'\n'
DEBUG:netmiko:read_channel: 1ST_NT_MDF_SW01>
DEBUG:netmiko:read_channel: 
1ST_NT_MDF_SW01>
DEBUG:netmiko:Clear buffer detects data in the channel
DEBUG:netmiko:read_channel: 
DEBUG:netmiko:[find_prompt()]: prompt is 1ST_NT_MDF_SW01>
DEBUG:netmiko:read_channel: 
DEBUG:netmiko:In disable_paging
DEBUG:netmiko:Command: terminal length 0

DEBUG:netmiko:write_channel: b'terminal length 0\n'
DEBUG:netmiko:Pattern is: terminal\ length\ 0
DEBUG:netmiko:_read_channel_expect read_data: t
DEBUG:netmiko:_read_channel_expect read_data: e
DEBUG:netmiko:_read_channel_expect read_data: rmi
DEBUG:netmiko:_read_channel_expect read_data: na
DEBUG:netmiko:_read_channel_expect read_data: l 
DEBUG:netmiko:_read_channel_expect read_data: l
DEBUG:netmiko:_read_channel_expect read_data: eng
DEBUG:netmiko:_read_channel_expect read_data: th
DEBUG:netmiko:_read_channel_expect read_data:  0
DEBUG:netmiko:Pattern found: terminal\ length\ 0 terminal length 0
DEBUG:netmiko:terminal length 0
DEBUG:netmiko:Exiting disable_paging
DEBUG:netmiko:write_channel: b'terminal width 511\n'
DEBUG:netmiko:Pattern is: terminal\ width\ 511
DEBUG:netmiko:_read_channel_expect read_data: 

DEBUG:netmiko:_read_channel_expect read_data: 1ST_NT_MDF_SW01>t
DEBUG:netmiko:_read_channel_expect read_data: erm
DEBUG:netmiko:_read_channel_expect read_data: in
DEBUG:netmiko:_read_channel_expect read_data: al
DEBUG:netmiko:_read_channel_expect read_data:  w
DEBUG:netmiko:_read_channel_expect read_data: i
DEBUG:netmiko:_read_channel_expect read_data: dth
DEBUG:netmiko:_read_channel_expect read_data:  5
DEBUG:netmiko:_read_channel_expect read_data: 11
DEBUG:netmiko:Pattern found: terminal\ width\ 511 
1ST_NT_MDF_SW01>terminal width 511
DEBUG:netmiko:read_channel: 
1ST_NT_MDF_SW01>
DEBUG:netmiko:Clear buffer detects data in the channel
DEBUG:netmiko:read_channel: 
DEBUG:netmiko:write_channel: b'\n'
DEBUG:netmiko:Pattern is: 1ST_NT_MDF_SW01
DEBUG:netmiko:_read_channel_expect read_data: 

DEBUG:netmiko:_read_channel_expect read_data: 1ST_NT_MDF_SW01>
DEBUG:netmiko:Pattern found: 1ST_NT_MDF_SW01 
1ST_NT_MDF_SW01>
DEBUG:netmiko:write_channel: b'enable\n'
DEBUG:netmiko:Pattern is: (1ST_NT_MDF_SW01|ssword)
DEBUG:netmiko:_read_channel_expect read_data: e
DEBUG:netmiko:_read_channel_expect read_data: na
DEBUG:netmiko:_read_channel_expect read_data: b
DEBUG:netmiko:_read_channel_expect read_data: le
DEBUG:netmiko:_read_channel_expect read_data: 
Password: 
DEBUG:netmiko:Pattern found: (1ST_NT_MDF_SW01|ssword) enable
Password: 
DEBUG:netmiko:write_channel: b'change-mgh\n'
DEBUG:netmiko:Pattern is: 1ST_NT_MDF_SW01
DEBUG:netmiko:_read_channel_expect read_data: 
1ST_NT_MDF_SW01#
DEBUG:netmiko:Pattern found: 1ST_NT_MDF_SW01 
1ST_NT_MDF_SW01#
DEBUG:netmiko:write_channel: b'\n'
DEBUG:netmiko:Pattern is: 1ST_NT_MDF_SW01
DEBUG:netmiko:_read_channel_expect read_data: 

DEBUG:netmiko:_read_channel_expect read_data: 1ST_NT_MDF_SW01#
DEBUG:netmiko:Pattern found: 1ST_NT_MDF_SW01 
1ST_NT_MDF_SW01#
DEBUG:netmiko:read_channel: 
DEBUG:netmiko:write_channel: b'\n'
DEBUG:netmiko:read_channel: 
DEBUG:netmiko:read_channel: 
DEBUG:netmiko:write_channel: b'\n'
DEBUG:netmiko:read_channel: 
1ST_NT_MDF_SW01#
DEBUG:netmiko:read_channel: 
1ST_NT_MDF_SW01#
DEBUG:netmiko:Clear buffer detects data in the channel
DEBUG:netmiko:read_channel: 
DEBUG:netmiko:[find_prompt()]: prompt is 1ST_NT_MDF_SW01#
DEBUG:netmiko:read_channel: 
DEBUG:netmiko:write_channel: b'sh cdp neighbors detail\n'
DEBUG:netmiko:Pattern is: sh\ cdp\ neighbors\ detail
DEBUG:netmiko:_read_channel_expect read_data: s
DEBUG:netmiko:_read_channel_expect read_data: h 
DEBUG:netmiko:_read_channel_expect read_data: cd
DEBUG:netmiko:_read_channel_expect read_data: p 
DEBUG:netmiko:_read_channel_expect read_data: ne
DEBUG:netmiko:_read_channel_expect read_data: ig
DEBUG:netmiko:_read_channel_expect read_data: hb
DEBUG:netmiko:_read_channel_expect read_data: or
DEBUG:netmiko:_read_channel_expect read_data: s 
DEBUG:netmiko:_read_channel_expect read_data: de
DEBUG:netmiko:_read_channel_expect read_data: t
DEBUG:netmiko:_read_channel_expect read_data: ai
DEBUG:netmiko:_read_channel_expect read_data: l

DEBUG:netmiko:Pattern found: sh\ cdp\ neighbors\ detail sh cdp neighbors detail

DEBUG:netmiko:read_channel: -------------------------
Device ID: 3rd_nt_sw01.mongeneral.com
Entry address(es): 
  IP address: 172.29.10.21
Platform: cisco WS-C2960X-48FPD-L,  Capabilities: Switch IGMP 
Interface: TenGigabitEthernet2/0/12,  Port ID (outgoing port): TenGigabitEthernet2/0/1
Holdtime : 160 sec

Version :
Cisco IOS Software, C2960X Software (C2960X-UNIVERSALK9-M), Version 15.2(2)E5, RELEASE SOFTWARE (fc2)
Technical Support: http://www.cisco.com/techsupport
Copyright (c) 1986-2016 by Cisco Systems, Inc.
Compiled Thu 02-Jun-16 01:31 by prod_rel_team

advertisement version: 2
Protocol Hello:  OUI=0x00000C, Protocol ID=0x0112; payload len=27, value=00000000FFFFFFFF010225010000000000000038DF86BA00FF0000
VTP Management Domain: ''
Native VLAN: 666
Duplex: full
Management address(es): 
  IP address: 172.29.10.21

-------------------------
Device ID: 3rd_nt_sw01.mongeneral.com
Entry address(es): 
  IP address: 172.29.10.21
Platform: cisco WS-C2960X-48FPD-L,  Capabilities: Switch IGMP 
Interface: TenGigabitEthernet1/0/12,  Port ID (outgoing port): TenGigabitEthernet1/0/1
Holdtime : 122 sec

Version :
Cisco IOS Software, C2960X Software (C2960X-UNIVERSALK9-M), Version 15.2(2)E5, RELEASE SOFTWARE (fc2)
Technical Support: http://www.cisco.com/techsupport
Copyright (c) 1986-2016 by Cisco Systems, Inc.
Compiled Thu 02-Jun-16 01:31 by prod_rel_team

advertisement version: 2
Protocol Hello:  OUI=0x00000C, Protocol ID=0x0112; payload len=27, value=00000000FFFFFFFF010225010000000000000038DF86BA00FF0000
VTP Management Domain: ''
Native VLAN: 666
Duplex: full
Management address(es): 
  IP address: 172.29.10.21

-------------------------
Device ID: 2nd_st_sw01.mongeneral.com
Entry address(es): 
  IP address: 172.29.10.12
Platform: cisco WS-C2960X-48FPD-L,  Capabilities: Switch IGMP 
Interface: TenGigabitEthernet2/0/3,  Port ID (outgoing port): TenGigabitEthernet2/0/1
Holdtime : 164 sec

Version :
Cisco IOS Software, C2960X Software (C2960X-UNIVERSALK9-M), Version 15.2(2)E5, RELEASE SOFTWARE (fc2)
Technical Support: http://www.cisco.com/techsupport
Copyright (c) 1986-2016 by Cisco Systems, Inc.
Compiled Thu 02-Jun-16 01:31 by prod_rel_team

advertisement version: 2
Protocol Hello:  OUI=0x00000C, Protocol ID=0x0112; payload len=27, value=00000000FFFFFFFF010225010000000000000038DF751E00FF0000
VTP Management Domain: ''
Native VLAN: 666
Duplex: full
Management address(es): 
  IP address: 172.29.10.12

-------------------------
Device ID: 2nd_st_sw01.mongeneral.com
Entry address(es): 
  IP address: 172.29.10.12
Platform: cisco WS-C2960X-48FPD-L,  Capabilities: Switch IGMP 
Interface: TenGigabitEthernet1/0/3,  Port ID (outgoing port): TenGigabitEthernet1/0/1
Holdtime : 150 sec

Version :
Cisco IOS Software, C2960X Software (C2960X-UNIVERSALK9-M), Version 15.2(2)E5, RELEASE SOFTWARE (fc2)
Technical Support: http://www.cisco.com/techsupport
Copyright (c) 1986-2016 by Cisco Systems, Inc.
Compiled Thu 02-Jun-16 01:31 by prod_rel_team

advertisement version: 2
Protocol Hello:  OUI=0x00000C, Protocol ID=0x0112; payload len=27, value=00000000FFFFFFFF010225010000000000000038DF751E00FF0000
VTP Management Domain: ''
Native VLAN: 666
Duplex: full
Management address(es): 
  IP address: 172.29.10.12

-------------------------
Device ID: 3rd_nt_sw02.mongeneral.com
Entry address(es): 
  IP address: 172.29.10.22
Platform: cisco WS-C2960X-48FPD-L,  Capabilities: Switch IGMP 
Interface: TenGigabitEthernet1/0/13,  Port ID (outgoing port): TenGigabitEthernet1/0/1
Holdtime : 168 sec

Version :
Cisco IOS Software, C2960X Software (C2960X-UNIVERSALK9-M), Version 15.2(2)E5, RELEASE SOFTWARE (fc2)
Technical Support: http://www.cisco.com/techsupport
Copyright (c) 1986-2016 by Cisco Systems, Inc.
Compiled Thu 02-Jun-16 01:31 by prod_rel_team

advertisement version: 2
Protocol Hello:  OUI=0x00000C, Protocol ID=0x0112; payload len=27, value=00000000FFFFFFFF010225010000000000000038DF0F6A00FF0000
VTP Management Domain: ''
Native VLAN: 666
Duplex: full
Management address(es): 
  IP address: 172.29.10.22

-------------------------
Device ID: 3rd_nt_sw02.mongeneral.com
Entry address(es): 
  IP address: 172.29.10.22
Platform: cisco WS-C2960X-48FPD-L,  Capabilities: Switch IGMP 
Interface: TenGigabitEthernet2/0/13,  Port ID (outgoing port): TenGigabitEthernet2/0/1
Holdtime : 159 sec

Version :
Cisco IOS Software, C2960X Software (C2960X-UNIVERSALK9-M), Version 15.2(2)E5, RELEASE SOFTWARE (fc2)
Technical Support: http://www.cisco.com/techsupport
Copyright (c) 1986-2016 by Cisco Systems, Inc.
Compiled Thu 02-Jun-16 01:31 by prod_rel_team

advertisement version: 2
Protocol Hello:  OUI=0x00000C, Protocol ID=0x0112; payload len=27, value=00000000FFFFFFFF010225010000000000000038DF0F6A00FF0000
VTP Management Domain: ''
Native VLAN: 666
Duplex: full
Management address(es): 
  IP address: 172.29.10.22

-------------------------
Device ID: 1st_conf_sw01.mongeneral.com
Entry address(es): 
  IP address: 172.29.10.28
Platform: cisco WS-C2960X-48FPD-L,  Capabilities: Switch IGMP 
Interface: TenGigabitEthernet2/0/18,  Port ID (outgoing port): TenGigabitEthernet1/0/2
Holdtime : 145 sec

Version :
Cisco IOS Software, C2960X Software (C2960X-UNIVERSALK9-M), Version 15.2(2)E5, RELEASE SOFTWARE (fc2)
Technical Support: http://www.cisco.com/techsupport
Copyright (c) 1986-2016 by Cisco Systems, Inc.
Compiled Thu 02-Jun-16 01:31 by prod_rel_team

advertisement version: 2
Protocol Hello:  OUI=0x00000C, Protocol ID=0x0112; payload len=27, value=00000000FFFFFFFF010225010000000000000038DF8AB680FF0000
VTP Management Domain: ''
Native VLAN: 666
Duplex: full
Management address(es): 
  IP address: 172.29.10.28

-------------------------
Device ID: 4th_nt_sw01.mongeneral.com
Entry address(es): 
  IP address: 172.29.10.23
Platform: cisco WS-C2960X-48FPD-L,  Capabilities: Switch IGMP 
Interface: TenGigabitEthernet1/0/14,  Port ID (outgoing port): TenGigabitEthernet1/0/1
Holdtime : 153 sec

Version :
Cisco IOS Software, C2960X Software (C2960X-UNIVERSALK9-M), Version 15.2(2)E5, RELEASE SOFTWARE (fc2)
Technical Support: http://www.cisco.com/techsupport
Copyright (c) 1986-2016 by Cisco Systems, Inc.
Compiled Thu 02-Jun-16 01:31 by prod_rel_team

advertisement version: 2
Protocol Hello:  OUI=0x00000C, Protocol ID=0x0112; payload len=27, value=00000000FFFFFFFF010225010000000000000038DF875E00FF0000
VTP Management Domain: ''
Native VLAN: 666
Duplex: full
Management address(es): 
  IP address: 172.29.10.23

-------------------------
Device ID: 4th_nt_sw01.mongeneral.com
Entry address(es): 
  IP address: 172.29.10.23
Platform: cisco WS-C2960X-48FPD-L,  Capabilities: Switch IGMP 
Interface: TenGigabitEthernet2/0/14,  Port ID (outgoing port): TenGigabitEthernet2/0/1
Holdtime : 143 sec

Version :
Cisco IOS Software, C2960X Software (C2960X-UNIVERSALK9-M), Version 15.2(2)E5, RELEASE SOFTWARE (fc2)
Technical Support: http://www.cisco.com/techsupport
Copyright (c) 1986-2016 by Cisco Systems, Inc.
Compiled Thu 02-Jun-16 01:31 by prod_rel_team

advertisement version: 2
Protocol Hello:  OUI=0x00000C, Protocol ID=0x0112; payload len=27, value=00000000FFFFFFFF010225010000000000000038DF875E00FF0000
VTP Management Domain: ''
Native VLAN: 666
Duplex: full
Management address(es): 
  IP address: 172.29.10.23

-------------------------
Device ID: 1st_conf_sw01.mongeneral.com
Entry address(es): 
  IP address: 172.29.10.28
Platform: cisco WS-C2960X-48FPD-L,  Capabilities: Switch IGMP 
Interface: TenGigabitEthernet1/0/18,  Port ID (outgoing port): TenGigabitEthernet1/0/1
Holdtime : 150 sec

Version :
Cisco IOS Software, C2960X Software (C2960X-UNIVERSALK9-M), Version 15.2(2)E5, RELEASE SOFTWARE (fc2)
Technical Support: http://www.cisco.com/techsupport
Copyright (c) 1986-2016 by Cisco Systems, Inc.
Compiled Thu 02-Jun-16 01:31 by prod_rel_team

advertisement version: 2
Protocol Hello:  OUI=0x00000C, Protocol ID=0x0112; payload len=27, value=00000000FFFFFFFF010225010000000000000038DF8AB680FF0000
VTP Management Domain: ''
Native VLAN: 666
Duplex: full
Management address(es): 
  IP address: 172.29.10.28

-------------------------
Device ID: 1st_st_sw02.mongeneral.com
Entry address(es): 
  IP address: 172.29.10.11
Platform: cisco WS-C2960X-48FPD-L,  Capabilities: Switch IGMP 
Interface: TenGigabitEthernet2/0/2,  Port ID (outgoing port): TenGigabitEthernet2/0/1
Holdtime : 129 sec

Version :
Cisco IOS Software, C2960X Software (C2960X-UNIVERSALK9-M), Version 15.2(2)E5, RELEASE SOFTWARE (fc2)
Technical Support: http://www.cisco.com/techsupport
Copyright (c) 1986-2016 by Cisco Systems, Inc.
Compiled Thu 02-Jun-16 01:31 by prod_rel_team

advertisement version: 2
Protocol Hello:  OUI=0x00000C, Protocol ID=0x0112; payload len=27, value=00000000FFFFFFFF010225010000000000000038DF790600FF0000
VTP Management Domain: ''
Native VLAN: 666
Duplex: full
Management address(es): 
  IP address: 172.29.10.11

-------------------------
Device ID: 1st_st_sw02.mongeneral.com
Entry address(es): 
  IP address: 172.29.10.11
Platform: cisco WS-C2960X-48FPD-L,  Capabilities: Switch IGMP 
Interface: TenGigabitEthernet1/0/2,  Port ID (outgoing port): TenGigabitEthernet1/0/1
Holdtime : 150 sec

Version :
Cisco IOS Software, C2960X Software (C2960X-UNIVERSALK9-M), Version 15.2(2)E5, RELEASE SOFTWARE (fc2)
Technical Support: http://www.cisco.com/techsupport
Copyright (c) 1986-2016 by Cisco Systems, Inc.
Compiled Thu 02-Jun-16 01:31 by prod_rel_team

advertisement version: 2
Protocol Hello:  OUI=0x00000C, Protocol ID=0x0112; payload len=27, value=00000000FFFFFFFF010225010000000000000038DF790600FF0000
VTP Management Domain: ''
Native VLAN: 666
Duplex: full
Management address(es): 
  IP address: 172.29.10.11

-------------------------
Device ID: 5th_nt_sw01.mongeneral.com
Entry address(es): 
  IP address: 172.29.10.24
Platform: cisco WS-C2960X-48FPD-L,  Capabilities: Switch IGMP 
Interface: TenGigabitEthernet2/0/15,  Port ID (outgoing port): TenGigabitEthernet2/0/1
Holdtime : 167 sec

Version :
Cisco IOS Software, C2960X Software (C2960X-UNIVERSALK9-M), Version 15.2(2)E5, RELEASE SOFTWARE (fc2)
Technical Support: http://www.cisco.com/techsupport
Copyright (c) 1986-2016 by Cisco Systems, Inc.
Compiled Thu 02-Jun-16 01:31 by prod_rel_team

advertisement version: 2
Protocol Hello:  OUI=0x00000C, Protocol ID=0x0112; payload len=27, value=00000000FFFFFFFF010225010000000000000038DF8AE080FF0000
VTP Management Domain: ''
Native VLAN: 666
Duplex: full
Management address(es): 
  IP address: 172.29.10.24

-------------------------
Device ID: 5th_nt_sw01.mongeneral.com
Entry address(es): 
  IP address: 172.29.10.24
Platform: cisco WS-C2960X-48FPD-L,  Capabilities: Switch IGMP 
Interface: TenGigabitEthernet1/0/15,  Port ID (outgoing port): TenGigabitEthernet1/0/1
Holdtime : 157 sec

Version :
Cisco IOS Software, C2960X Software (C2960X-UNIVERSALK9-M), Version 15.2(2)E5, RELEASE SOFTWARE (fc2)
Technical Support: http://www.cisco.com/techsupport
Copyright (c) 1986-2016 by Cisco Systems, Inc.
Compiled Thu 02-Jun-16 01:31 by prod_rel_team

advertisement version: 2
Protocol Hello:  OUI=0x00000C, Protocol ID=0x0112; payload len=27, value=00000000FFFFFFFF010225010000000000000038DF8AE080FF0000
VTP Management Domain: ''
Native VLAN: 666
Duplex: full
Management address(es): 
  IP address: 172.29.10.24

-------------------------
Device ID: 6th_nt_sw01.mongeneral.com
Entry address(es): 
  IP address: 172.29.10.26
Platform: cisco WS-C2960X-48FPD-L,  Capabilities: Switch IGMP 
Interface: TenGigabitEthernet2/0/17,  Port ID (outgoing port): TenGigabitEthernet2/0/2
Holdtime : 138 sec

Version :
Cisco IOS Software, C2960X Software (C2960X-UNIVERSALK9-M), Version 15.2(2)E5, RELEASE SOFTWARE (fc2)
Technical Support: http://www.cisco.com/techsupport
Copyright (c) 1986-2016 by Cisco Systems, Inc.
Compiled Thu 02-Jun-16 01:31 by prod_rel_team

advertisement version: 2
Protocol Hello:  OUI=0x00000C, Protocol ID=0x0112; payload len=27, value=00000000FFFFFFFF010225010000000000000038DF86E980FF0000
VTP Management Domain: ''
Native VLAN: 666
Duplex: full
Management address(es): 
  IP address: 172.29.10.26

-------------------------
Device ID: 5th_nt_sw02.mongeneral.com
Entry address(es): 
  IP address: 172.29.10.25
Platform: cisco WS-C2960X-48FPD-L,  Capabilities: Switch IGMP 
Interface: TenGigabitEthernet1/0/16,  Port ID (outgoing port): TenGigabitEthernet1/0/1
Holdtime : 130 sec

Version :
Cisco IOS Software, C2960X Software (C2960X-UNIVERSALK9-M), Version 15.2(2)E5, RELEASE SOFTWARE (fc2)
Technical Support: http://www.cisco.com/techsupport
Copyright (c) 1986-2016 by Cisco Systems, Inc.
Compiled Thu 02-Jun-16 01:31 by prod_rel_team

advertisement version: 2
Protocol Hello:  OUI=0x00000C, Protocol ID=0x0112; payload len=27, value=00000000FFFFFFFF010225010000000000000038DF0FAB00FF0000
VTP Management Domain: ''
Native VLAN: 666
Duplex: full
Management address(es): 
  IP address: 172.29.10.25

-------------------------
Device ID: 6th_nt_sw01.mongeneral.com
Entry address(es): 
  IP address: 172.29.10.26
Platform: cisco WS-C2960X-48FPD-L,  Capabilities: Switch IGMP 
Interface: TenGigabitEthernet1/0/17,  Port ID (outgoing port): TenGigabitEthernet1/0/1
Holdtime : 153 sec

Version :
Cisco IOS Software, C2960X Software (C2960X-UNIVERSALK9-M), Version 15.2(2)E5, RELEASE SOFTWARE (fc2)
Technical Support: http://www.cisco.com/techsupport
Copyright (c) 1986-2016 by Cisco Systems, Inc.
Compiled Thu 02-Jun-16 01:31 by prod_rel_team

advertisement version: 2
Protocol Hello:  OUI=0x00000C, Protocol ID=0x0112; payload len=27, value=00000000FFFFFFFF010225010000000000000038DF86E980FF0000
VTP Management Domain: ''
Native VLAN: 666
Duplex: full
Management address(es): 
  IP address: 172.29.10.26

-------------------------
Device ID: 5th_nt_sw02.mongeneral.com
Entry address(es): 
  IP address: 172.29.10.25
Platform: cisco WS-C2960X-48FPD-L,  Capabilities: Switch IGMP 
Interface: TenGigabitEthernet2/0/16,  Port ID (outgoing port): TenGigabitEthernet2/0/1
Holdtime : 176 sec

Version :
Cisco IOS Software, C2960X Software (C2960X-UNIVERSALK9-M), Version 15.2(2)E5, RELEASE SOFTWARE (fc2)
Technical Support: http://www.cisco.com/techsupport
Copyright (c) 1986-2016 by Cisco Systems, Inc.
Compiled Thu 02-Jun-16 01:31 by prod_rel_team

advertisement version: 2
Protocol Hello:  OUI=0x00000C, Protocol ID=0x0112; payload len=27, value=00000000FFFFFFFF010225010000000000000038DF0FAB00FF0000
VTP Management Domain: ''
Native VLAN: 666
Duplex: full
Management address(es): 
  IP address: 172.29.10.25

-------------------------
Device ID: 1st_st_sw01.mongeneral.com
Entry address(es): 
  IP address: 172.29.10.10
Platform: cisco WS-C2960X-48FPD-L,  Capabilities: Switch IGMP 
Interface: TenGigabitEthernet2/0/1,  Port ID (outgoing port): TenGigabitEthernet2/0/1
Holdtime : 141 sec

Version :
Cisco IOS Software, C2960X Software (C2960X-UNIVERSALK9-M), Version 15.2(2)E5, RELEASE SOFTWARE (fc2)
Technical Support: http://www.cisco.com/techsupport
Copyright (c) 1986-2016 by Cisco Systems, Inc.
Compiled Thu 02-Jun-16 01:31 by prod_rel_team

advertisement version: 2
Protocol Hello:  OUI=0x00000C, Protocol ID=0x0112; payload len=27, value=00000000FFFFFFFF010225010000000000000038DF86E780FF0000
VTP Management Domain: ''
Native VLAN: 666
Duplex: full
Management address(es): 
  IP address: 172.29.10.10

-------------------------
Device ID: 1st_st_sw01.mongeneral.com
Entry address(es): 
  IP address: 172.29.10.10
Platform: cisco WS-C2960X-48FPD-L,  Capabilities: Switch IGMP 
Interface: TenGigabitEthernet1/0/1,  Port ID (outgoing port): TenGigabitEthernet1/0/1
Holdtime : 173 sec

Version :
Cisco IOS Software, C2960X Software (C2960X-UNIVERSALK9-M), Version 15.2(2)E5, RELEASE SOFTWARE (fc2)
Technical Support: http://www.cisco.com/techsupport
Copyright (c) 1986-2016 by Cisco Systems, Inc.
Compiled Thu 02-Jun-16 01:31 by prod_rel_team

advertisement version: 2
Protocol Hello:  OUI=0x00000C, Protocol ID=0x0112; payload len=27, value=00000000FFFFFFFF010225010000000000000038DF86E780FF0000
VTP Management Domain: ''
Native VLAN: 6
DEBUG:netmiko:read_channel: 66
Duplex: full
Management address(es): 
  IP address: 172.29.10.10

-------------------------
Device ID: 5th_st_sw01.mongeneral.com
Entry address(es): 
  IP address: 172.29.10.16
Platform: cisco WS-C2960X-48FPD-L,  Capabilities: Switch IGMP 
Interface: TenGigabitEthernet2/0/7,  Port ID (outgoing port): TenGigabitEthernet2/0/1
Holdtime : 156 sec

Version :
Cisco IOS Software, C2960X Software (C2960X-UNIVERSALK9-M), Version 15.2(2)E5, RELEASE SOFTWARE (fc2)
Technical Support: http://www.cisco.com/techsupport
Copyright (c) 1986-2016 by Cisco Systems, Inc.
Compiled Thu 02-Jun-16 01:31 by prod_rel_team

advertisement version: 2
Protocol Hello:  OUI=0x00000C, Protocol ID=0x0112; payload len=27, value=00000000FFFFFFFF010225010000000000000038DF8AC580FF0000
VTP Management Domain: ''
Native VLAN: 666
Duplex: full
Management address(es): 
  IP address: 172.29.10.16

-------------------------
Device ID: 5th_st_sw01.mongeneral.com
Entry address(es): 
  IP address: 172.29.10.16
Platform: cisco WS-C2960X-48FPD-L,  Capabilities: Switch IGMP 
Interface: TenGigabitEthernet1/0/7,  Port ID (outgoing port): TenGigabitEthernet1/0/1
Holdtime : 151 sec

Version :
Cisco IOS Software, C2960X Software (C2960X-UNIVERSALK9-M), Version 15.2(2)E5, RELEASE SOFTWARE (fc2)
Technical Support: http://www.cisco.com/techsupport
Copyright (c) 1986-2016 by Cisco Systems, Inc.
Compiled Thu 02-Jun-16 01:31 by prod_rel_team

advertisement version: 2
Protocol Hello:  OUI=0x00000C, Protocol ID=0x0112; payload len=27, value=00000000FFFFFFFF010225010000000000000038DF8AC580FF0000
VTP Management Domain: ''
Native VLAN: 666
Duplex: full
Management address(es): 
  IP address: 172.29.10.16

-------------------------
Device ID: 4th_st_sw01.mongeneral.com
Entry address(es): 
  IP address: 172.29.10.15
Platform: cisco WS-C2960X-48FPD-L,  Capabilities: Switch IGMP 
Interface: TenGigabitEthernet2/0/6,  Port ID (outgoing port): TenGigabitEthernet2/0/1
Holdtime : 145 sec

Version :
Cisco IOS Software, C2960X Software (C2960X-UNIVERSALK9-M), Version 15.2(2)E5, RELEASE SOFTWARE (fc2)
Technical Support: http://www.cisco.com/techsupport
Copyright (c) 1986-2016 by Cisco Systems, Inc.
Compiled Thu 02-Jun-16 01:31 by prod_rel_team

advertisement version: 2
Protocol Hello:  OUI=0x00000C, Protocol ID=0x0112; payload len=27, value=00000000FFFFFFFF010225010000000000000038DF876500FF0000
VTP Management Domain: ''
Native VLAN: 666
Duplex: full
Management address(es): 
  IP address: 172.29.10.15

-------------------------
Device ID: 4th_st_sw01.mongeneral.com
Entry address(es): 
  IP address: 172.29.10.15
Platform: cisco WS-C2960X-48FPD-L,  Capabilities: Switch IGMP 
Interface: TenGigabitEthernet1/0/6,  Port ID (outgoing port): TenGigabitEthernet1/0/1
Holdtime : 170 sec

Version :
Cisco IOS Software, C2960X Software (C2960X-UNIVERSALK9-M), Version 15.2(2)E5, RELEASE SOFTWARE (fc2)
Technical Support: http://www.cisco.com/techsupport
Copyright (c) 1986-2016 by Cisco Systems, Inc.
Compiled Thu 02-Jun-16 01:31 by prod_rel_team

advertisement version: 2
Protocol Hello:  OUI=0x00000C, Protocol ID=0x0112; payload len=27, value=00000000FFFFFFFF010225010000000000000038DF876500FF0000
VTP Management Domain: ''
Native VLAN: 666
Duplex: full
Management address(es): 
  IP address: 172.29.10.15

-------------------------
Device ID: 1st_nt_sw01.mongeneral.com
Entry address(es): 
  IP address: 172.29.10.17
Platform: cisco WS-C2960X-48FPD-L,  Capabilities: Switch IGMP 
Interface: TenGigabitEthernet2/0/8,  Port ID (outgoing port): TenGigabitEthernet2/0/1
Holdtime : 160 sec

Version :
Cisco IOS Software, C2960X Software (C2960X-UNIVERSALK9-M), Version 15.2(2)E5, RELEASE SOFTWARE (fc2)
Technical Support: http://www.cisco.com/techsupport
Copyright (c) 1986-2016 by Cisco Systems, Inc.
Compiled Thu 02-Jun-16 01:31 by prod_rel_team

advertisement version: 2
Protocol Hello:  OUI=0x00000C, Protocol ID=0x0112; payload len=27, value=00000000FFFFFFFF010225010000000000000038DF0FAA00FF0000
VTP Management Domain: ''
Native VLAN: 666
Duplex: full
Management address(es): 
  IP address: 172.29.10.17

-------------------------
Device ID: 1st_nt_sw01.mongeneral.com
Entry address(es): 
  IP address: 172.29.10.17
Platform: cisco WS-C2960X-48FPD-L,  Capabilities: Switch IGMP 
Interface: TenGigabitEthernet1/0/8,  Port ID (outgoing port): TenGigabitEthernet1/0/1
Holdtime : 127 sec

Version :
Cisco IOS Software, C2960X Software (C2960X-UNIVERSALK9-M), Version 15.2(2)E5, RELEASE SOFTWARE (fc2)
Technical Support: http://www.cisco.com/techsupport
Copyright (c) 1986-2016 by Cisco Systems, Inc.
Compiled Thu 02-Jun-16 01:31 by prod_rel_team

advertisement version: 2
Protocol Hello:  OUI=0x00000C, Protocol ID=0x0112; payload len=27, value=00000000FFFFFFFF010225010000000000000038DF0FAA00FF0000
VTP Management Domain: ''
Native VLAN: 666
Duplex: full
Management address(es): 
  IP address: 172.29.10.17

-------------------------
Device ID: 2nd_nt_sw01.mongeneral.com
Entry address(es): 
  IP address: 172.29.10.18
Platform: cisco WS-C2960X-24PS-L,  Capabilities: Switch IGMP 
Interface: TenGigabitEthernet2/0/9,  Port ID (outgoing port): TenGigabitEthernet2/0/1
Holdtime : 138 sec

Version :
Cisco IOS Software, C2960X Software (C2960X-UNIVERSALK9-M), Version 15.2(2)E5, RELEASE SOFTWARE (fc2)
Technical Support: http://www.cisco.com/techsupport
Copyright (c) 1986-2016 by Cisco Systems, Inc.
Compiled Thu 02-Jun-16 01:31 by prod_rel_team

advertisement version: 2
Protocol Hello:  OUI=0x00000C, Protocol ID=0x0112; payload len=27, value=00000000FFFFFFFF010225010000000000002C0BE9784300FF0000
VTP Management Domain: ''
Native VLAN: 666
Duplex: full
Management address(es): 
  IP address: 172.29.10.18

-------------------------
Device ID: 2nd_nt_sw01.mongeneral.com
Entry address(es): 
  IP address: 172.29.10.18
Platform: cisco WS-C2960X-24PS-L,  Capabilities: Switch IGMP 
Interface: TenGigabitEthernet1/0/9,  Port ID (outgoing port): TenGigabitEthernet1/0/1
Holdtime : 166 sec

Version :
Cisco IOS Software, C2960X Software (C2960X-UNIVERSALK9-M), Version 15.2(2)E5, RELEASE SOFTWARE (fc2)
Technical Support: http://www.cisco.com/techsupport
Copyright (c) 1986-2016 by Cisco Systems, Inc.
Compiled Thu 02-Jun-16 01:31 by prod_rel_team

advertisement version: 2
Protocol Hello:  OUI=0x00000C, Protocol ID=0x0112; payload len=27, value=00000000FFFFFFFF010225010000000000002C0BE9784300FF0000
VTP Management Domain: ''
Native VLAN: 666
Duplex: full
Management address(es): 
  IP address: 172.29.10.18

-------------------------
Device ID: 3rd_st_sw01.mongeneral.com
Entry address(es): 
  IP address: 172.29.10.13
Platform: cisco WS-C2960X-48FPD-L,  Capabilities: Switch IGMP 
Interface: TenGigabitEthernet2/0/4,  Port ID (outgoing port): TenGigabitEthernet2/0/1
Holdtime : 147 sec

Version :
Cisco IOS Software, C2960X Software (C2960X-UNIVERSALK9-M), Version 15.2(2)E5, RELEASE SOFTWARE (fc2)
Technical Support: http://www.cisco.com/techsupport
Copyright (c) 1986-2016 by Cisco Systems, Inc.
Compiled Thu 02-Jun-16 01:31 by prod_rel_team

advertisement version: 2
Protocol Hello:  OUI=0x00000C, Protocol ID=0x0112; payload len=27, value=00000000FFFFFFFF010225010000000000000038DF790280FF0000
VTP Management Domain: ''
Native VLAN: 666
Duplex: full
Management address(es): 
  IP address: 172.29.10.13

-------------------------
Device ID: 3rd_st_sw01.mongeneral.com
Entry address(es): 
  IP address: 172.29.10.13
Platform: cisco WS-C2960X-48FPD-L,  Capabilities: Switch IGMP 
Interface: TenGigabitEthernet1/0/4,  Port ID (outgoing port): TenGigabitEthernet1/0/1
Holdtime : 173 sec

Version :
Cisco IOS Software, C2960X Software (C2960X-UNIVERSALK9-M), Version 15.2(2)E5, RELEASE SOFTWARE (fc2)
Technical Support: http://www.cisco.com/techsupport
Copyright (c) 1986-2016 by Cisco Systems, Inc.
Compiled Thu 02-Jun-16 01:31 by prod_rel_team

advertisement version: 2
Protocol Hello:  OUI=0x00000C, Protocol ID=0x0112; payload len=27, value=00000000FFFFFFFF010225010000000000000038DF790280FF0000
VTP Management Domain: ''
Native VLAN: 666
Duplex: full
Management address(es): 
  IP address: 172.29.10.13

-------------------------
Device ID: 2nd_nt_sw03.mongeneral.com
Entry address(es): 
  IP address: 172.29.10.20
Platform: cisco WS-C2960X-48FPD-L,  Capabilities: Switch IGMP 
Interface: TenGigabitEthernet1/0/11,  Port ID (outgoing port): TenGigabitEthernet1/0/1
Holdtime : 141 sec

Version :
Cisco IOS Software, C2960X Software (C2960X-UNIVERSALK9-M), Version 15.2(2)E5, RELEASE SOFTWARE (fc2)
Technical Support: http://www.cisco.com/techsupport
Copyright (c) 1986-2016 by Cisco Systems, Inc.
Compiled Thu 02-Jun-16 01:31 by prod_rel_team

advertisement version: 2
Protocol Hello:  OUI=0x00000C, Protocol ID=0x0112; payload len=27, value=00000000FFFFFFFF010225010000000000000038DF0F4900FF0000
VTP Management Domain: ''
Native VLAN: 666
Duplex: full
Management address(es): 
  IP address: 172.29.10.20

-------------------------
Device ID: 2nd_nt_sw03.mongeneral.com
Entry address(es): 
  IP address: 172.29.10.20
Platform: cisco WS-C2960X-48FPD-L,  Capabilities: Switch IGMP 
Interface: TenGigabitEthernet2/0/11,  Port ID (outgoing port): TenGigabitEthernet2/0/1
Holdtime : 160 sec

Version :
Cisco IOS Software, C2960X Software (C2960X-UNIVERSALK9-M), Version 15.2(2)E5, RELEASE SOFTWARE (fc2)
Technical Support: http://www.cisco.com/techsupport
Copyright (c) 1986-2016 by Cisco Systems, Inc.
Compiled Thu 02-Jun-16 01:31 by prod_rel_team

advertisement version: 2
Protocol Hello:  OUI=0x00000C, Protocol ID=0x0112; payload len=27, value=00000000FFFFFFFF010225010000000000000038DF0F4900FF0000
VTP Management Domain: ''
Native VLAN: 666
Duplex: full
Management address(es): 
  IP address: 172.29.10.20

-------------------------
Device ID: 3rd_st_sw02.mongeneral.com
Entry address(es): 
  IP address: 172.29.10.14
Platform: cisco WS-C2960X-48FPD-L,  Capabilities: Switch IGMP 
Interface: TenGigabitEthernet1/0/5,  Port ID (outgoing port): TenGigabitEthernet1/0/1
Holdtime : 131 sec

Version :
Cisco IOS Software, C2960X Software (C2960X-UNIVERSALK9-M), Version 15.2(2)E6, RELEASE SOFTWARE (fc1)
Technical Support: http://www.cisco.com/techsupport
Copyright (c) 1986-2016 by Cisco Systems, Inc.
Compiled Fri 16-Dec-16 21:27 by prod_rel_team

advertisement version: 2
Protocol Hello:  OUI=0x00000C, Protocol ID=0x0112; payload len=27, value=00000000FFFFFFFF0102250100000000000000C1B1B8BC80FF0000
VTP Management Domain: ''
Native VLAN: 666
Duplex: full
Management address(es): 
  IP address: 172.29.10.14

-------------------------
Device ID: 2nd_nt_sw02.mongeneral.com
Entry address(es): 
  IP address: 172.29.10.19
Platform: cisco WS-C2960X-48FPD-L,  Capabilities: Switch IGMP 
Interface: TenGigabitEthernet2/0/10,  Port ID (outgoing port): TenGigabitEthernet2/0/1
Holdtime : 172 sec

Version :
Cisco IOS Software, C2960X Software (C2960X-UNIVERSALK9-M), Version 15.2(2)E5, RELEASE SOFTWARE (fc2)
Technical Support: http://www.cisco.com/techsupport
Copyright (c) 1986-2016 by Cisco Systems, Inc.
Compiled Thu 02-Jun-16 01:31 by prod_rel_team

advertisement version: 2
Protocol Hello:  OUI=0x00000C, Protocol ID=0x0112; payload len=27, value=00000000FFFFFFFF010225010000000000000038DF8ACD80FF0000
VTP Management Domain: ''
Native VLAN: 666
Duplex: full
Management address(es): 
  IP address: 172.29.10.19

-------------------------
Device ID: 3rd_st_sw02.mongeneral.com
Entry address(es): 
  IP address: 172.29.10.14
Platform: cisco WS-C2960X-48FPD-L,  Capabilities: Switch IGMP 
Interface: TenGigabitEthernet2/0/5,  Port ID (outgoing port): TenGigabitEthernet2/0/1
Holdtime : 171 sec

Version :
Cisco IOS Software, C2960X Software (C2960X-UNIVERSALK9-M), Version 15.2(2)E6, RELEASE SOFTWARE (fc1)
Technical Support: http://www.cisco.com/techsupport
Copyright (c) 1986-2016 by Cisco Systems, Inc.
Compiled Fri 16-Dec-16 21:27 by prod_rel_team

advertisement version: 2
Protocol Hello:  OUI=0x00000C, Protocol ID=0x0112; payload len=27, value=00000000FFFFFFFF0102250100000000000000C1B1B8BC80FF0000
VTP Management Domain: ''
Native VLAN: 666
Duplex: full
Management address(es): 
  IP address: 172.29.10.14

-------------------------
Device ID: 2nd_nt_sw02.mongeneral.com
Entry address(es): 
  IP address: 172.29.10.19
Platform: cisco WS-C2960X-48FPD-L,  Capabilities: Switch IGMP 
Interface: TenGigabitEthernet1/0/10,  Port ID (outgoing port): TenGigabitEthernet1/0/1
Holdtime : 179 sec

Version :
Cisco IOS Software, C2960X Software (C2960X-UNIVERSALK9-M), Version 15.2(2)E5, RELEASE SOFTWARE (fc2)
Technical Support: http://www.cisco.com/techsupport
Copyright (c) 1986-2016 by Cisco Systems, Inc.
Compiled Thu 02-Jun-16 01:31 by prod_rel_team

advertisement version: 2
Protocol Hello:  OUI=0x00000C, Protocol ID=0x0112; payload len=27, value=00000000FFFFFFFF010225010000000000000038DF8ACD80FF0000
VTP Management Domain: ''
Native VLAN: 666
Duplex: full
Management address(es): 
  IP address: 172.29.10.19

-------------------------
Device ID: MGH1A-CORE.mongeneral.com
Entry address(es): 
  IP address: 172.26.2.122
Platform: cisco WS-C4507R+E,  Capabilities: Switch IGMP 
Interface: TenGigabitEthernet2/0/24,  Port ID (outgoing port): TenGigabitEthernet4/1
Holdtime : 150 sec

Version :
Cisco IOS Software, Catalyst 4500 L3 Switch Software (cat4500e-IPBASEK9-M), Version 15.0(2)SG2, RELEASE SOFTWARE (fc3)
Technical Support: http://www.cisco.com/techsupport
Copyright (c) 1986-2011 by Cisco Systems, Inc.
Compiled Wed 07-Dec-11 20:20 by prod_rel_team

advertisement version: 2
VTP Management Domain: 'MonGen'
Native VLAN: 666
Duplex: full
Management address(es): 
  IP address: 172.26.2.122

-------------------------
Device ID: MGH1A-CORE.mongeneral.com
Entry address(es): 
  IP address: 172.26.2.122
Platform: cisco WS-C4507R+E,  Capabilities: Switch IGMP 
Interface: TenGigabitEthernet1/0/24,  Port ID (outgoing port): TenGigabitEthernet3/1
Holdtime : 150 sec

Version :
Cisco IOS Software, Catalyst 4500 L3 Switch Software (cat4500e-IPBASEK9-M), Version 15.0(2)SG2, RELEASE SOFTWARE (fc3)
Technical Support: http://www.cisco.com/techsupport
Copyright (c) 1986-2011 by Cisco Systems, Inc.
Compiled Wed 07-Dec-11 20:20 by prod_rel_team

advertisement version: 2
VTP Management Domain: 'MonGen'
Native VLAN: 666
Duplex: full
Management address(es): 
  IP address: 172.26.2.122


Total cdp entries displayed : 38
1ST_NT_MDF_SW01#
DEBUG:paramiko.transport:starting thread (client mode): 0x528f1100
DEBUG:paramiko.transport:Local version/idstring: SSH-2.0-paramiko_2.7.1
DEBUG:paramiko.transport:Remote version/idstring: SSH-2.0-Cisco-1.25
INFO:paramiko.transport:Connected (version 2.0, client Cisco-1.25)
DEBUG:paramiko.transport:kex algos:['diffie-hellman-group-exchange-sha1', 'diffie-hellman-group14-sha1', 'diffie-hellman-group1-sha1'] server key:['ssh-rsa'] client encrypt:['aes128-ctr', 'aes192-ctr', 'aes256-ctr', 'aes128-cbc', '3des-cbc', 'aes192-cbc', 'aes256-cbc'] server encrypt:['aes128-ctr', 'aes192-ctr', 'aes256-ctr', 'aes128-cbc', '3des-cbc', 'aes192-cbc', 'aes256-cbc'] client mac:['hmac-sha1', 'hmac-sha1-96'] server mac:['hmac-sha1', 'hmac-sha1-96'] client compress:['none'] server compress:['none'] client lang:[''] server lang:[''] kex follows?False
DEBUG:paramiko.transport:Kex agreed: diffie-hellman-group-exchange-sha1
DEBUG:paramiko.transport:HostKey agreed: ssh-rsa
DEBUG:paramiko.transport:Cipher agreed: aes128-ctr
DEBUG:paramiko.transport:MAC agreed: hmac-sha1
DEBUG:paramiko.transport:Compression agreed: none
DEBUG:paramiko.transport:Got server p (2048 bits)
DEBUG:paramiko.transport:kex engine KexGex specified hash_algo <built-in function openssl_sha1>
DEBUG:paramiko.transport:Switch to new keys ...
DEBUG:paramiko.transport:Adding ssh-rsa host key for 1st_nt_mdf_sw01.mhs.org: b'dff1cc3dbc8e67a39efef4da8ecb0472'
DEBUG:paramiko.transport:userauth is OK
INFO:paramiko.transport:Authentication (password) successful!
DEBUG:paramiko.transport:[chan 0] Max packet in: 32768 bytes
DEBUG:paramiko.transport:[chan 0] Max packet out: 4096 bytes
DEBUG:paramiko.transport:Secsh channel 0 opened.
DEBUG:paramiko.transport:[chan 0] Sesch channel 0 request ok
DEBUG:paramiko.transport:[chan 0] Sesch channel 0 request ok
DEBUG:netmiko:read_channel: 
------------------------------------------------------------------------------------
WARNING:


This system is for the use of authorized clients only. Individuals using the
computer network system without authorization, or in excess of their authorization,
are subject to having all their activity on this computer network system monitored
and recorded by system personnel.  To protect the computer network system from
unauthorized use and to ensure the computer network system is functioning properly,
system administrators monitor this system.  Anyone using this computer network
system expressly consents to such monitoring and is advised that if such monitoring
reveals possible conduct of criminal activity, system personnel may provide the
evidence of such activity to law enforcement officers.

Access is restricted to authorized users only.

Unauthorized access is a violation of state and federal, civil and criminal laws.
------------------------------------------------------------------------------------

1ST_NT_MDF_SW01>
DEBUG:netmiko:read_channel: 
DEBUG:netmiko:read_channel: 
DEBUG:netmiko:read_channel: 
DEBUG:netmiko:write_channel: b'\n'
DEBUG:netmiko:read_channel: 
DEBUG:netmiko:read_channel: 
DEBUG:netmiko:write_channel: b'\n'
DEBUG:netmiko:read_channel: 
1ST_NT_MDF_SW01>
DEBUG:netmiko:read_channel: 
1ST_NT_MDF_SW01>
DEBUG:netmiko:Clear buffer detects data in the channel
DEBUG:netmiko:read_channel: 
DEBUG:netmiko:[find_prompt()]: prompt is 1ST_NT_MDF_SW01>
DEBUG:netmiko:read_channel: 
DEBUG:netmiko:In disable_paging
DEBUG:netmiko:Command: terminal length 0

DEBUG:netmiko:write_channel: b'terminal length 0\n'
DEBUG:netmiko:Pattern is: terminal\ length\ 0
DEBUG:netmiko:_read_channel_expect read_data: t
DEBUG:netmiko:_read_channel_expect read_data: e
DEBUG:netmiko:_read_channel_expect read_data: rmi
DEBUG:netmiko:_read_channel_expect read_data: na
DEBUG:netmiko:_read_channel_expect read_data: l
DEBUG:netmiko:_read_channel_expect read_data:  l
DEBUG:netmiko:_read_channel_expect read_data: en
DEBUG:netmiko:_read_channel_expect read_data: gt
DEBUG:netmiko:_read_channel_expect read_data: h 
DEBUG:netmiko:_read_channel_expect read_data: 0

DEBUG:netmiko:Pattern found: terminal\ length\ 0 terminal length 0

DEBUG:netmiko:terminal length 0

DEBUG:netmiko:Exiting disable_paging
DEBUG:netmiko:write_channel: b'terminal width 511\n'
DEBUG:netmiko:Pattern is: terminal\ width\ 511
DEBUG:netmiko:_read_channel_expect read_data: 1ST_NT_MDF_SW01>
DEBUG:netmiko:_read_channel_expect read_data: t
DEBUG:netmiko:_read_channel_expect read_data: er
DEBUG:netmiko:_read_channel_expect read_data: m
DEBUG:netmiko:_read_channel_expect read_data: in
DEBUG:netmiko:_read_channel_expect read_data: al
DEBUG:netmiko:_read_channel_expect read_data:  w
DEBUG:netmiko:_read_channel_expect read_data: id
DEBUG:netmiko:_read_channel_expect read_data: th
DEBUG:netmiko:_read_channel_expect read_data:  5
DEBUG:netmiko:_read_channel_expect read_data: 1
DEBUG:netmiko:_read_channel_expect read_data: 1

DEBUG:netmiko:Pattern found: terminal\ width\ 511 1ST_NT_MDF_SW01>terminal width 511

DEBUG:netmiko:read_channel: 1ST_NT_MDF_SW01>
DEBUG:netmiko:Clear buffer detects data in the channel
DEBUG:netmiko:read_channel: 
DEBUG:netmiko:write_channel: b'\n'
DEBUG:netmiko:Pattern is: 1ST_NT_MDF_SW01
DEBUG:netmiko:_read_channel_expect read_data: 

DEBUG:netmiko:_read_channel_expect read_data: 1ST_NT_MDF_SW01>
DEBUG:netmiko:Pattern found: 1ST_NT_MDF_SW01 
1ST_NT_MDF_SW01>
DEBUG:netmiko:write_channel: b'enable\n'
DEBUG:netmiko:Pattern is: (1ST_NT_MDF_SW01|ssword)
DEBUG:netmiko:_read_channel_expect read_data: e
DEBUG:netmiko:_read_channel_expect read_data: n
DEBUG:netmiko:_read_channel_expect read_data: ab
DEBUG:netmiko:_read_channel_expect read_data: le

DEBUG:netmiko:_read_channel_expect read_data: Password: 
DEBUG:netmiko:Pattern found: (1ST_NT_MDF_SW01|ssword) enable
Password: 
DEBUG:netmiko:write_channel: b'change-mgh\n'
DEBUG:netmiko:Pattern is: 1ST_NT_MDF_SW01
DEBUG:netmiko:_read_channel_expect read_data: 
1ST_NT_MDF_SW01#
DEBUG:netmiko:Pattern found: 1ST_NT_MDF_SW01 
1ST_NT_MDF_SW01#
DEBUG:netmiko:write_channel: b'\n'
DEBUG:netmiko:Pattern is: 1ST_NT_MDF_SW01
DEBUG:netmiko:_read_channel_expect read_data: 

DEBUG:netmiko:_read_channel_expect read_data: 1ST_NT_MDF_SW01#
DEBUG:netmiko:Pattern found: 1ST_NT_MDF_SW01 
1ST_NT_MDF_SW01#
DEBUG:netmiko:read_channel: 
DEBUG:netmiko:write_channel: b'\n'
DEBUG:netmiko:read_channel: 

DEBUG:netmiko:read_channel: 
DEBUG:netmiko:write_channel: b'\n'
DEBUG:netmiko:read_channel: 1ST_NT_MDF_SW01#
DEBUG:netmiko:read_channel: 
1ST_NT_MDF_SW01#
DEBUG:netmiko:Clear buffer detects data in the channel
DEBUG:netmiko:read_channel: 
DEBUG:netmiko:[find_prompt()]: prompt is 1ST_NT_MDF_SW01#
DEBUG:netmiko:read_channel: 
DEBUG:netmiko:write_channel: b'sh cdp neighbors detail\n'
DEBUG:netmiko:Pattern is: sh\ cdp\ neighbors\ detail
DEBUG:netmiko:_read_channel_expect read_data: s
DEBUG:netmiko:_read_channel_expect read_data: h
DEBUG:netmiko:_read_channel_expect read_data:  c
DEBUG:netmiko:_read_channel_expect read_data: dp
DEBUG:netmiko:_read_channel_expect read_data:  n
DEBUG:netmiko:_read_channel_expect read_data: ei
DEBUG:netmiko:_read_channel_expect read_data: ghb
DEBUG:netmiko:_read_channel_expect read_data: or
DEBUG:netmiko:_read_channel_expect read_data: s 
DEBUG:netmiko:_read_channel_expect read_data: de
DEBUG:netmiko:_read_channel_expect read_data: t
DEBUG:netmiko:_read_channel_expect read_data: ai
DEBUG:netmiko:_read_channel_expect read_data: l

DEBUG:netmiko:Pattern found: sh\ cdp\ neighbors\ detail sh cdp neighbors detail

DEBUG:netmiko:read_channel: -------------------------
Device ID: 3rd_nt_sw01.mongeneral.com
Entry address(es): 
  IP address: 172.29.10.21
Platform: cisco WS-C2960X-48FPD-L,  Capabilities: Switch IGMP 
Interface: TenGigabitEthernet2/0/12,  Port ID (outgoing port): TenGigabitEthernet2/0/1
Holdtime : 160 sec

Version :
Cisco IOS Software, C2960X Software (C2960X-UNIVERSALK9-M), Version 15.2(2)E5, RELEASE SOFTWARE (fc2)
Technical Support: http://www.cisco.com/techsupport
Copyright (c) 1986-2016 by Cisco Systems, Inc.
Compiled Thu 02-Jun-16 01:31 by prod_rel_team

advertisement version: 2
Protocol Hello:  OUI=0x00000C, Protocol ID=0x0112; payload len=27, value=00000000FFFFFFFF010225010000000000000038DF86BA00FF0000
VTP Management Domain: ''
Native VLAN: 666
Duplex: full
Management address(es): 
  IP address: 172.29.10.21

-------------------------
Device ID: 3rd_nt_sw01.mongeneral.com
Entry address(es): 
  IP address: 172.29.10.21
Platform: cisco WS-C2960X-48FPD-L,  Capabilities: Switch IGMP 
Interface: TenGigabitEthernet1/0/12,  Port ID (outgoing port): TenGigabitEthernet1/0/1
Holdtime : 129 sec

Version :
Cisco IOS Software, C2960X Software (C2960X-UNIVERSALK9-M), Version 15.2(2)E5, RELEASE SOFTWARE (fc2)
Technical Support: http://www.cisco.com/techsupport
Copyright (c) 1986-2016 by Cisco Systems, Inc.
Compiled Thu 02-Jun-16 01:31 by prod_rel_team

advertisement version: 2
Protocol Hello:  OUI=0x00000C, Protocol ID=0x0112; payload len=27, value=00000000FFFFFFFF010225010000000000000038DF86BA00FF0000
VTP Management Domain: ''
Native VLAN: 666
Duplex: full
Management address(es): 
  IP address: 172.29.10.21

-------------------------
Device ID: 2nd_st_sw01.mongeneral.com
Entry address(es): 
  IP address: 172.29.10.12
Platform: cisco WS-C2960X-48FPD-L,  Capabilities: Switch IGMP 
Interface: TenGigabitEthernet2/0/3,  Port ID (outgoing port): TenGigabitEthernet2/0/1
Holdtime : 172 sec

Version :
Cisco IOS Software, C2960X Software (C2960X-UNIVERSALK9-M), Version 15.2(2)E5, RELEASE SOFTWARE (fc2)
Technical Support: http://www.cisco.com/techsupport
Copyright (c) 1986-2016 by Cisco Systems, Inc.
Compiled Thu 02-Jun-16 01:31 by prod_rel_team

advertisement version: 2
Protocol Hello:  OUI=0x00000C, Protocol ID=0x0112; payload len=27, value=00000000FFFFFFFF010225010000000000000038DF751E00FF0000
VTP Management Domain: ''
Native VLAN: 666
Duplex: full
Management address(es): 
  IP address: 172.29.10.12

-------------------------
Device ID: 2nd_st_sw01.mongeneral.com
Entry address(es): 
  IP address: 172.29.10.12
Platform: cisco WS-C2960X-48FPD-L,  Capabilities: Switch IGMP 
Interface: TenGigabitEthernet1/0/3,  Port ID (outgoing port): TenGigabitEthernet1/0/1
Holdtime : 164 sec

Version :
Cisco IOS Software, C2960X Software (C2960X-UNIVERSALK9-M), Version 15.2(2)E5, RELEASE SOFTWARE (fc2)
Technical Support: http://www.cisco.com/techsupport
Copyright (c) 1986-2016 by Cisco Systems, Inc.
Compiled Thu 02-Jun-16 01:31 by prod_rel_team

advertisement version: 2
Protocol Hello:  OUI=0x00000C, Protocol ID=0x0112; payload len=27, value=00000000FFFFFFFF010225010000000000000038DF751E00FF0000
VTP Management Domain: ''
Native VLAN: 666
Duplex: full
Management address(es): 
  IP address: 172.29.10.12

-------------------------
Device ID: 3rd_nt_sw02.mongeneral.com
Entry address(es): 
  IP address: 172.29.10.22
Platform: cisco WS-C2960X-48FPD-L,  Capabilities: Switch IGMP 
Interface: TenGigabitEthernet1/0/13,  Port ID (outgoing port): TenGigabitEthernet1/0/1
Holdtime : 177 sec

Version :
Cisco IOS Software, C2960X Software (C2960X-UNIVERSALK9-M), Version 15.2(2)E5, RELEASE SOFTWARE (fc2)
Technical Support: http://www.cisco.com/techsupport
Copyright (c) 1986-2016 by Cisco Systems, Inc.
Compiled Thu 02-Jun-16 01:31 by prod_rel_team

advertisement version: 2
Protocol Hello:  OUI=0x00000C, Protocol ID=0x0112; payload len=27, value=00000000FFFFFFFF010225010000000000000038DF0F6A00FF0000
VTP Management Domain: ''
Native VLAN: 666
Duplex: full
Management address(es): 
  IP address: 172.29.10.22

-------------------------
Device ID: 3rd_nt_sw02.mongeneral.com
Entry address(es): 
  IP address: 172.29.10.22
Platform: cisco WS-C2960X-48FPD-L,  Capabilities: Switch IGMP 
Interface: TenGigabitEthernet2/0/13,  Port ID (outgoing port): TenGigabitEthernet2/0/1
Holdtime : 142 sec

Version :
Cisco IOS Software, C2960X Software (C2960X-UNIVERSALK9-M), Version 15.2(2)E5, RELEASE SOFTWARE (fc2)
Technical Support: http://www.cisco.com/techsupport
Copyright (c) 1986-2016 by Cisco Systems, Inc.
Compiled Thu 02-Jun-16 01:31 by prod_rel_team

advertisement version: 2
Protocol Hello:  OUI=0x00000C, Protocol ID=0x0112; payload len=27, value=00000000FFFFFFFF010225010000000000000038DF0F6A00FF0000
VTP Management Domain: ''
Native VLAN: 666
Duplex: full
Management address(es): 
  IP address: 172.29.10.22

-------------------------
Device ID: 1st_conf_sw01.mongeneral.com
Entry address(es): 
  IP address: 172.29.10.28
Platform: cisco WS-C2960X-48FPD-L,  Capabilities: Switch IGMP 
Interface: TenGigabitEthernet2/0/18,  Port ID (outgoing port): TenGigabitEthernet1/0/2
Holdtime : 142 sec

Version :
Cisco IOS Software, C2960X Software (C2960X-UNIVERSALK9-M), Version 15.2(2)E5, RELEASE SOFTWARE (fc2)
Technical Support: http://www.cisco.com/techsupport
Copyright (c) 1986-2016 by Cisco Systems, Inc.
Compiled Thu 02-Jun-16 01:31 by prod_rel_team

advertisement version: 2
Protocol Hello:  OUI=0x00000C, Protocol ID=0x0112; payload len=27, value=00000000FFFFFFFF010225010000000000000038DF8AB680FF0000
VTP Management Domain: ''
Native VLAN: 666
Duplex: full
Management address(es): 
  IP address: 172.29.10.28

-------------------------
Device ID: 4th_nt_sw01.mongeneral.com
Entry address(es): 
  IP address: 172.29.10.23
Platform: cisco WS-C2960X-48FPD-L,  Capabilities: Switch IGMP 
Interface: TenGigabitEthernet1/0/14,  Port ID (outgoing port): TenGigabitEthernet1/0/1
Holdtime : 139 sec

Version :
Cisco IOS Software, C2960X Software (C2960X-UNIVERSALK9-M), Version 15.2(2)E5, RELEASE SOFTWARE (fc2)
Technical Support: http://www.cisco.com/techsupport
Copyright (c) 1986-2016 by Cisco Systems, Inc.
Compiled Thu 02-Jun-16 01:31 by prod_rel_team

advertisement version: 2
Protocol Hello:  OUI=0x00000C, Protocol ID=0x0112; payload len=27, value=00000000FFFFFFFF010225010000000000000038DF875E00FF0000
VTP Management Domain: ''
Native VLAN: 666
Duplex: full
Management address(es): 
  IP address: 172.29.10.23

-------------------------
Device ID: 4th_nt_sw01.mongeneral.com
Entry address(es): 
  IP address: 172.29.10.23
Platform: cisco WS-C2960X-48FPD-L,  Capabilities: Switch IGMP 
Interface: TenGigabitEthernet2/0/14,  Port ID (outgoing port): TenGigabitEthernet2/0/1
Holdtime : 172 sec

Version :
Cisco IOS Software, C2960X Software (C2960X-UNIVERSALK9-M), Version 15.2(2)E5, RELEASE SOFTWARE (fc2)
Technical Support: http://www.cisco.com/techsupport
Copyright (c) 1986-2016 by Cisco Systems, Inc.
Compiled Thu 02-Jun-16 01:31 by prod_rel_team

advertisement version: 2
Protocol Hello:  OUI=0x00000C, Protocol ID=0x0112; payload len=27, value=00000000FFFFFFFF010225010000000000000038DF875E00FF0000
VTP Management Domain: ''
Native VLAN: 666
Duplex: full
Management address(es): 
  IP address: 172.29.10.23

-------------------------
Device ID: 1st_conf_sw01.mongeneral.com
Entry address(es): 
  IP address: 172.29.10.28
Platform: cisco WS-C2960X-48FPD-L,  Capabilities: Switch IGMP 
Interface: TenGigabitEthernet1/0/18,  Port ID (outgoing port): TenGigabitEthernet1/0/1
Holdtime : 167 sec

Version :
Cisco IOS Software, C2960X Software (C2960X-UNIVERSALK9-M), Version 15.2(2)E5, RELEASE SOFTWARE (fc2)
Technical Support: http://www.cisco.com/techsupport
Copyright (c) 1986-2016 by Cisco Systems, Inc.
Compiled Thu 02-Jun-16 01:31 by prod_rel_team

advertisement version: 2
Protocol Hello:  OUI=0x00000C, Protocol ID=0x0112; payload len=27, value=00000000FFFFFFFF010225010000000000000038DF8AB680FF0000
VTP Management Domain: ''
Native VLAN: 666
Duplex: full
Management address(es): 
  IP address: 172.29.10.28

-------------------------
Device ID: 1st_st_sw02.mongeneral.com
Entry address(es): 
  IP address: 172.29.10.11
Platform: cisco WS-C2960X-48FPD-L,  Capabilities: Switch IGMP 
Interface: TenGigabitEthernet2/0/2,  Port ID (outgoing port): TenGigabitEthernet2/0/1
Holdtime : 135 sec

Version :
Cisco IOS Software, C2960X Software (C2960X-UNIVERSALK9-M), Version 15.2(2)E5, RELEASE SOFTWARE (fc2)
Technical Support: http://www.cisco.com/techsupport
Copyright (c) 1986-2016 by Cisco Systems, Inc.
Compiled Thu 02-Jun-16 01:31 by prod_rel_team

advertisement version: 2
Protocol Hello:  OUI=0x00000C, Protocol ID=0x0112; payload len=27, value=00000000FFFFFFFF010225010000000000000038DF790600FF0000
VTP Management Domain: ''
Native VLAN: 666
Duplex: full
Management address(es): 
  IP address: 172.29.10.11

-------------------------
Device ID: 1st_st_sw02.mongeneral.com
Entry address(es): 
  IP address: 172.29.10.11
Platform: cisco WS-C2960X-48FPD-L,  Capabilities: Switch IGMP 
Interface: TenGigabitEthernet1/0/2,  Port ID (outgoing port): TenGigabitEthernet1/0/1
Holdtime : 162 sec

Version :
Cisco IOS Software, C2960X Software (C2960X-UNIVERSALK9-M), Version 15.2(2)E5, RELEASE SOFTWARE (fc2)
Technical Support: http://www.cisco.com/techsupport
Copyright (c) 1986-2016 by Cisco Systems, Inc.
Compiled Thu 02-Jun-16 01:31 by prod_rel_team

advertisement version: 2
Protocol Hello:  OUI=0x00000C, Protocol ID=0x0112; payload len=27, value=00000000FFFFFFFF010225010000000000000038DF790600FF0000
VTP Management Domain: ''
Native VLAN: 666
Duplex: full
Management address(es): 
  IP address: 172.29.10.11

-------------------------
Device ID: 5th_nt_sw01.mongeneral.com
Entry address(es): 
  IP address: 172.29.10.24
Platform: cisco WS-C2960X-48FPD-L,  Capabilities: Switch IGMP 
Interface: TenGigabitEthernet2/0/15,  Port ID (outgoing port): TenGigabitEthernet2/0/1
Holdtime : 133 sec

Version :
Cisco IOS Software, C2960X Software (C2960X-UNIVERSALK9-M), Version 15.2(2)E5, RELEASE SOFTWARE (fc2)
Technical Support: http://www.cisco.com/techsupport
Copyright (c) 1986-2016 by Cisco Systems, Inc.
Compiled Thu 02-Jun-16 01:31 by prod_rel_team

advertisement version: 2
Protocol Hello:  OUI=0x00000C, Protocol ID=0x0112; payload len=27, value=00000000FFFFFFFF010225010000000000000038DF8AE080FF0000
VTP Management Domain: ''
Native VLAN: 666
Duplex: full
Management address(es): 
  IP address: 172.29.10.24

-------------------------
Device ID: 5th_nt_sw01.mongeneral.com
Entry address(es): 
  IP address: 172.29.10.24
Platform: cisco WS-C2960X-48FPD-L,  Capabilities: Switch IGMP 
Interface: TenGigabitEthernet1/0/15,  Port ID (outgoing port): TenGigabitEthernet1/0/1
Holdtime : 143 sec

Version :
Cisco IOS Software, C2960X Software (C2960X-UNIVERSALK9-M), Version 15.2(2)E5, RELEASE SOFTWARE (fc2)
Technical Support: http://www.cisco.com/techsupport
Copyright (c) 1986-2016 by Cisco Systems, Inc.
Compiled Thu 02-Jun-16 01:31 by prod_rel_team

advertisement version: 2
Protocol Hello:  OUI=0x00000C, Protocol ID=0x0112; payload len=27, value=00000000FFFFFFFF010225010000000000000038DF8AE080FF0000
VTP Management Domain: ''
Native VLAN: 666
Duplex: full
Management address(es): 
  IP address: 172.29.10.24

-------------------------
Device ID: 6th_nt_sw01.mongeneral.com
Entry address(es): 
  IP address: 172.29.10.26
Platform: cisco WS-C2960X-48FPD-L,  Capabilities: Switch IGMP 
Interface: TenGigabitEthernet2/0/17,  Port ID (outgoing port): TenGigabitEthernet2/0/2
Holdtime : 162 sec

Version :
Cisco IOS Software, C2960X Software (C2960X-UNIVERSALK9-M), Version 15.2(2)E5, RELEASE SOFTWARE (fc2)
Technical Support: http://www.cisco.com/techsupport
Copyright (c) 1986-2016 by Cisco Systems, Inc.
Compiled Thu 02-Jun-16 01:31 by prod_rel_team

advertisement version: 2
Protocol Hello:  OUI=0x00000C, Protocol ID=0x0112; payload len=27, value=00000000FFFFFFFF010225010000000000000038DF86E980FF0000
VTP Management Domain: ''
Native VLAN: 666
Duplex: full
Management address(es): 
  IP address: 172.29.10.26

-------------------------
Device ID: 5th_nt_sw02.mongeneral.com
Entry address(es): 
  IP address: 172.29.10.25
Platform: cisco WS-C2960X-48FPD-L,  Capabilities: Switch IGMP 
Interface: TenGigabitEthernet1/0/16,  Port ID (outgoing port): TenGigabitEthernet1/0/1
Holdtime : 122 sec

Version :
Cisco IOS Software, C2960X Software (C2960X-UNIVERSALK9-M), Version 15.2(2)E5, RELEASE SOFTWARE (fc2)
Technical Support: http://www.cisco.com/techsupport
Copyright (c) 1986-2016 by Cisco Systems, Inc.
Compiled Thu 02-Jun-16 01:31 by prod_rel_team

advertisement version: 2
Protocol Hello:  OUI=0x00000C, Protocol ID=0x0112; payload len=27, value=00000000FFFFFFFF010225010000000000000038DF0FAB00FF0000
VTP Management Domain: ''
Native VLAN: 666
Duplex: full
Management address(es): 
  IP address: 172.29.10.25

-------------------------
Device ID: 6th_nt_sw01.mongeneral.com
Entry address(es): 
  IP address: 172.29.10.26
Platform: cisco WS-C2960X-48FPD-L,  Capabilities: Switch IGMP 
Interface: TenGigabitEthernet1/0/17,  Port ID (outgoing port): TenGigabitEthernet1/0/1
Holdtime : 145 sec

Version :
Cisco IOS Software, C2960X Software (C2960X-UNIVERSALK9-M), Version 15.2(2)E5, RELEASE SOFTWARE (fc2)
Technical Support: http://www.cisco.com/techsupport
Copyright (c) 1986-2016 by Cisco Systems, Inc.
Compiled Thu 02-Jun-16 01:31 by prod_rel_team

advertisement version: 2
Protocol Hello:  OUI=0x00000C, Protocol ID=0x0112; payload len=27, value=00000000FFFFFFFF010225010000000000000038DF86E980FF0000
VTP Management Domain: ''
Native VLAN: 666
Duplex: full
Management address(es): 
  IP address: 172.29.10.26

-------------------------
Device ID: 5th_nt_sw02.mongeneral.com
Entry address(es): 
  IP address: 172.29.10.25
Platform: cisco WS-C2960X-48FPD-L,  Capabilities: Switch IGMP 
Interface: TenGigabitEthernet2/0/16,  Port ID (outgoing port): TenGigabitEthernet2/0/1
Holdtime : 135 sec

Version :
Cisco IOS Software, C2960X Software (C2960X-UNIVERSALK9-M), Version 15.2(2)E5, RELEASE SOFTWARE (fc2)
Technical Support: http://www.cisco.com/techsupport
Copyright (c) 1986-2016 by Cisco Systems, Inc.
Compiled Thu 02-Jun-16 01:31 by prod_rel_team

advertisement version: 2
Protocol Hello:  OUI=0x00000C, Protocol ID=0x0112; payload len=27, value=00000000FFFFFFFF010225010000000000000038DF0FAB00FF0000
VTP Management Domain: ''
Native VLAN: 666
Duplex: full
Management address(es): 
  IP address: 172.29.10.25

-------------------------
Device ID: 1st_st_sw01.mongeneral.com
Entry address(es): 
  IP address: 172.29.10.10
Platform: cisco WS-C2960X-48FPD-L,  Capabilities: Switch IGMP 
Interface: TenGigabitEthernet2/0/1,  Port ID (outgoing port): TenGigabitEthernet2/0/1
Holdtime : 170 sec

Version :
Cisco IOS Software, C2960X Software (C2960X-UNIVERSALK9-M), Version 15.2(2)E5, RELEASE SOFTWARE (fc2)
Technical Support: http://www.cisco.com/techsupport
Copyright (c) 1986-2016 by Cisco Systems, Inc.
Compiled Thu 02-Jun-16 01:31 by prod_rel_team

advertisement version: 2
Protocol Hello:  OUI=0x00000C, Protocol ID=0x0112; payload len=27, value=00000000FFFFFFFF010225010000000000000038DF86E780FF0000
VTP Management Domain: ''
Native VLAN: 666
Duplex: full
Management address(es): 
  IP address: 172.29.10.10

-------------------------
Device ID: 1st_st_sw01.mongeneral.com
Entry address(es): 
  IP address: 172.29.10.10
Platform: cisco WS-C2960X-48FPD-L,  Capabilities: Switch IGMP 
Interface: TenGigabitEthernet1/0/1,  Port ID (outgoing port): TenGigabitEthernet1/0/1
Holdtime : 169 sec

Version :
Cisco IOS Software, C2960X Software (C2960X-UNIVERSALK9-M), Version 15.2(2)E5, RELEASE SOFTWARE (fc2)
Technical Support: http://www.cisco.com/techsupport
Copyright (c) 1986-2016 by Cisco Systems, Inc.
Compiled Thu 02-Jun-16 01:31 by prod_rel_team

advertisement version: 2
Protocol Hello:  OUI=0x00000C, Protocol ID=0x0112; payload len=27, value=00000000FFFFFFFF010225010000000000000038DF86E780FF0000
VTP Management Domain: ''
Native VLAN: 6
DEBUG:netmiko:read_channel: 66
Duplex: full
Management address(es): 
  IP address: 172.29.10.10

-------------------------
Device ID: 5th_st_sw01.mongeneral.com
Entry address(es): 
  IP address: 172.29.10.16
Platform: cisco WS-C2960X-48FPD-L,  Capabilities: Switch IGMP 
Interface: TenGigabitEthernet2/0/7,  Port ID (outgoing port): TenGigabitEthernet2/0/1
Holdtime : 144 sec

Version :
Cisco IOS Software, C2960X Software (C2960X-UNIVERSALK9-M), Version 15.2(2)E5, RELEASE SOFTWARE (fc2)
Technical Support: http://www.cisco.com/techsupport
Copyright (c) 1986-2016 by Cisco Systems, Inc.
Compiled Thu 02-Jun-16 01:31 by prod_rel_team

advertisement version: 2
Protocol Hello:  OUI=0x00000C, Protocol ID=0x0112; payload len=27, value=00000000FFFFFFFF010225010000000000000038DF8AC580FF0000
VTP Management Domain: ''
Native VLAN: 666
Duplex: full
Management address(es): 
  IP address: 172.29.10.16

-------------------------
Device ID: 5th_st_sw01.mongeneral.com
Entry address(es): 
  IP address: 172.29.10.16
Platform: cisco WS-C2960X-48FPD-L,  Capabilities: Switch IGMP 
Interface: TenGigabitEthernet1/0/7,  Port ID (outgoing port): TenGigabitEthernet1/0/1
Holdtime : 173 sec

Version :
Cisco IOS Software, C2960X Software (C2960X-UNIVERSALK9-M), Version 15.2(2)E5, RELEASE SOFTWARE (fc2)
Technical Support: http://www.cisco.com/techsupport
Copyright (c) 1986-2016 by Cisco Systems, Inc.
Compiled Thu 02-Jun-16 01:31 by prod_rel_team

advertisement version: 2
Protocol Hello:  OUI=0x00000C, Protocol ID=0x0112; payload len=27, value=00000000FFFFFFFF010225010000000000000038DF8AC580FF0000
VTP Management Domain: ''
Native VLAN: 666
Duplex: full
Management address(es): 
  IP address: 172.29.10.16

-------------------------
Device ID: 4th_st_sw01.mongeneral.com
Entry address(es): 
  IP address: 172.29.10.15
Platform: cisco WS-C2960X-48FPD-L,  Capabilities: Switch IGMP 
Interface: TenGigabitEthernet2/0/6,  Port ID (outgoing port): TenGigabitEthernet2/0/1
Holdtime : 145 sec

Version :
Cisco IOS Software, C2960X Software (C2960X-UNIVERSALK9-M), Version 15.2(2)E5, RELEASE SOFTWARE (fc2)
Technical Support: http://www.cisco.com/techsupport
Copyright (c) 1986-2016 by Cisco Systems, Inc.
Compiled Thu 02-Jun-16 01:31 by prod_rel_team

advertisement version: 2
Protocol Hello:  OUI=0x00000C, Protocol ID=0x0112; payload len=27, value=00000000FFFFFFFF010225010000000000000038DF876500FF0000
VTP Management Domain: ''
Native VLAN: 666
Duplex: full
Management address(es): 
  IP address: 172.29.10.15

-------------------------
Device ID: 4th_st_sw01.mongeneral.com
Entry address(es): 
  IP address: 172.29.10.15
Platform: cisco WS-C2960X-48FPD-L,  Capabilities: Switch IGMP 
Interface: TenGigabitEthernet1/0/6,  Port ID (outgoing port): TenGigabitEthernet1/0/1
Holdtime : 146 sec

Version :
Cisco IOS Software, C2960X Software (C2960X-UNIVERSALK9-M), Version 15.2(2)E5, RELEASE SOFTWARE (fc2)
Technical Support: http://www.cisco.com/techsupport
Copyright (c) 1986-2016 by Cisco Systems, Inc.
Compiled Thu 02-Jun-16 01:31 by prod_rel_team

advertisement version: 2
Protocol Hello:  OUI=0x00000C, Protocol ID=0x0112; payload len=27, value=00000000FFFFFFFF010225010000000000000038DF876500FF0000
VTP Management Domain: ''
Native VLAN: 666
Duplex: full
Management address(es): 
  IP address: 172.29.10.15

-------------------------
Device ID: 1st_nt_sw01.mongeneral.com
Entry address(es): 
  IP address: 172.29.10.17
Platform: cisco WS-C2960X-48FPD-L,  Capabilities: Switch IGMP 
Interface: TenGigabitEthernet2/0/8,  Port ID (outgoing port): TenGigabitEthernet2/0/1
Holdtime : 172 sec

Version :
Cisco IOS Software, C2960X Software (C2960X-UNIVERSALK9-M), Version 15.2(2)E5, RELEASE SOFTWARE (fc2)
Technical Support: http://www.cisco.com/techsupport
Copyright (c) 1986-2016 by Cisco Systems, Inc.
Compiled Thu 02-Jun-16 01:31 by prod_rel_team

advertisement version: 2
Protocol Hello:  OUI=0x00000C, Protocol ID=0x0112; payload len=27, value=00000000FFFFFFFF010225010000000000000038DF0FAA00FF0000
VTP Management Domain: ''
Native VLAN: 666
Duplex: full
Management address(es): 
  IP address: 172.29.10.17

-------------------------
Device ID: 1st_nt_sw01.mongeneral.com
Entry address(es): 
  IP address: 172.29.10.17
Platform: cisco WS-C2960X-48FPD-L,  Capabilities: Switch IGMP 
Interface: TenGigabitEthernet1/0/8,  Port ID (outgoing port): TenGigabitEthernet1/0/1
Holdtime : 176 sec

Version :
Cisco IOS Software, C2960X Software (C2960X-UNIVERSALK9-M), Version 15.2(2)E5, RELEASE SOFTWARE (fc2)
Technical Support: http://www.cisco.com/techsupport
Copyright (c) 1986-2016 by Cisco Systems, Inc.
Compiled Thu 02-Jun-16 01:31 by prod_rel_team

advertisement version: 2
Protocol Hello:  OUI=0x00000C, Protocol ID=0x0112; payload len=27, value=00000000FFFFFFFF010225010000000000000038DF0FAA00FF0000
VTP Management Domain: ''
Native VLAN: 666
Duplex: full
Management address(es): 
  IP address: 172.29.10.17

-------------------------
Device ID: 2nd_nt_sw01.mongeneral.com
Entry address(es): 
  IP address: 172.29.10.18
Platform: cisco WS-C2960X-24PS-L,  Capabilities: Switch IGMP 
Interface: TenGigabitEthernet2/0/9,  Port ID (outgoing port): TenGigabitEthernet2/0/1
Holdtime : 163 sec

Version :
Cisco IOS Software, C2960X Software (C2960X-UNIVERSALK9-M), Version 15.2(2)E5, RELEASE SOFTWARE (fc2)
Technical Support: http://www.cisco.com/techsupport
Copyright (c) 1986-2016 by Cisco Systems, Inc.
Compiled Thu 02-Jun-16 01:31 by prod_rel_team

advertisement version: 2
Protocol Hello:  OUI=0x00000C, Protocol ID=0x0112; payload len=27, value=00000000FFFFFFFF010225010000000000002C0BE9784300FF0000
VTP Management Domain: ''
Native VLAN: 666
Duplex: full
Management address(es): 
  IP address: 172.29.10.18

-------------------------
Device ID: 2nd_nt_sw01.mongeneral.com
Entry address(es): 
  IP address: 172.29.10.18
Platform: cisco WS-C2960X-24PS-L,  Capabilities: Switch IGMP 
Interface: TenGigabitEthernet1/0/9,  Port ID (outgoing port): TenGigabitEthernet1/0/1
Holdtime : 179 sec

Version :
Cisco IOS Software, C2960X Software (C2960X-UNIVERSALK9-M), Version 15.2(2)E5, RELEASE SOFTWARE (fc2)
Technical Support: http://www.cisco.com/techsupport
Copyright (c) 1986-2016 by Cisco Systems, Inc.
Compiled Thu 02-Jun-16 01:31 by prod_rel_team

advertisement version: 2
Protocol Hello:  OUI=0x00000C, Protocol ID=0x0112; payload len=27, value=00000000FFFFFFFF010225010000000000002C0BE9784300FF0000
VTP Management Domain: ''
Native VLAN: 666
Duplex: full
Management address(es): 
  IP address: 172.29.10.18

-------------------------
Device ID: 3rd_st_sw01.mongeneral.com
Entry address(es): 
  IP address: 172.29.10.13
Platform: cisco WS-C2960X-48FPD-L,  Capabilities: Switch IGMP 
Interface: TenGigabitEthernet2/0/4,  Port ID (outgoing port): TenGigabitEthernet2/0/1
Holdtime : 158 sec

Version :
Cisco IOS Software, C2960X Software (C2960X-UNIVERSALK9-M), Version 15.2(2)E5, RELEASE SOFTWARE (fc2)
Technical Support: http://www.cisco.com/techsupport
Copyright (c) 1986-2016 by Cisco Systems, Inc.
Compiled Thu 02-Jun-16 01:31 by prod_rel_team

advertisement version: 2
Protocol Hello:  OUI=0x00000C, Protocol ID=0x0112; payload len=27, value=00000000FFFFFFFF010225010000000000000038DF790280FF0000
VTP Management Domain: ''
Native VLAN: 666
Duplex: full
Management address(es): 
  IP address: 172.29.10.13

-------------------------
Device ID: 3rd_st_sw01.mongeneral.com
Entry address(es): 
  IP address: 172.29.10.13
Platform: cisco WS-C2960X-48FPD-L,  Capabilities: Switch IGMP 
Interface: TenGigabitEthernet1/0/4,  Port ID (outgoing port): TenGigabitEthernet1/0/1
Holdtime : 134 sec

Version :
Cisco IOS Software, C2960X Software (C2960X-UNIVERSALK9-M), Version 15.2(2)E5, RELEASE SOFTWARE (fc2)
Technical Support: http://www.cisco.com/techsupport
Copyright (c) 1986-2016 by Cisco Systems, Inc.
Compiled Thu 02-Jun-16 01:31 by prod_rel_team

advertisement version: 2
Protocol Hello:  OUI=0x00000C, Protocol ID=0x0112; payload len=27, value=00000000FFFFFFFF010225010000000000000038DF790280FF0000
VTP Management Domain: ''
Native VLAN: 666
Duplex: full
Management address(es): 
  IP address: 172.29.10.13

-------------------------
Device ID: 2nd_nt_sw03.mongeneral.com
Entry address(es): 
  IP address: 172.29.10.20
Platform: cisco WS-C2960X-48FPD-L,  Capabilities: Switch IGMP 
Interface: TenGigabitEthernet1/0/11,  Port ID (outgoing port): TenGigabitEthernet1/0/1
Holdtime : 166 sec

Version :
Cisco IOS Software, C2960X Software (C2960X-UNIVERSALK9-M), Version 15.2(2)E5, RELEASE SOFTWARE (fc2)
Technical Support: http://www.cisco.com/techsupport
Copyright (c) 1986-2016 by Cisco Systems, Inc.
Compiled Thu 02-Jun-16 01:31 by prod_rel_team

advertisement version: 2
Protocol Hello:  OUI=0x00000C, Protocol ID=0x0112; payload len=27, value=00000000FFFFFFFF010225010000000000000038DF0F4900FF0000
VTP Management Domain: ''
Native VLAN: 666
Duplex: full
Management address(es): 
  IP address: 172.29.10.20

-------------------------
Device ID: 2nd_nt_sw03.mongeneral.com
Entry address(es): 
  IP address: 172.29.10.20
Platform: cisco WS-C2960X-48FPD-L,  Capabilities: Switch IGMP 
Interface: TenGigabitEthernet2/0/11,  Port ID (outgoing port): TenGigabitEthernet2/0/1
Holdtime : 130 sec

Version :
Cisco IOS Software, C2960X Software (C2960X-UNIVERSALK9-M), Version 15.2(2)E5, RELEASE SOFTWARE (fc2)
Technical Support: http://www.cisco.com/techsupport
Copyright (c) 1986-2016 by Cisco Systems, Inc.
Compiled Thu 02-Jun-16 01:31 by prod_rel_team

advertisement version: 2
Protocol Hello:  OUI=0x00000C, Protocol ID=0x0112; payload len=27, value=00000000FFFFFFFF010225010000000000000038DF0F4900FF0000
VTP Management Domain: ''
Native VLAN: 666
Duplex: full
Management address(es): 
  IP address: 172.29.10.20

-------------------------
Device ID: 3rd_st_sw02.mongeneral.com
Entry address(es): 
  IP address: 172.29.10.14
Platform: cisco WS-C2960X-48FPD-L,  Capabilities: Switch IGMP 
Interface: TenGigabitEthernet1/0/5,  Port ID (outgoing port): TenGigabitEthernet1/0/1
Holdtime : 153 sec

Version :
Cisco IOS Software, C2960X Software (C2960X-UNIVERSALK9-M), Version 15.2(2)E6, RELEASE SOFTWARE (fc1)
Technical Support: http://www.cisco.com/techsupport
Copyright (c) 1986-2016 by Cisco Systems, Inc.
Compiled Fri 16-Dec-16 21:27 by prod_rel_team

advertisement version: 2
Protocol Hello:  OUI=0x00000C, Protocol ID=0x0112; payload len=27, value=00000000FFFFFFFF0102250100000000000000C1B1B8BC80FF0000
VTP Management Domain: ''
Native VLAN: 666
Duplex: full
Management address(es): 
  IP address: 172.29.10.14

-------------------------
Device ID: 2nd_nt_sw02.mongeneral.com
Entry address(es): 
  IP address: 172.29.10.19
Platform: cisco WS-C2960X-48FPD-L,  Capabilities: Switch IGMP 
Interface: TenGigabitEthernet2/0/10,  Port ID (outgoing port): TenGigabitEthernet2/0/1
Holdtime : 146 sec

Version :
Cisco IOS Software, C2960X Software (C2960X-UNIVERSALK9-M), Version 15.2(2)E5, RELEASE SOFTWARE (fc2)
Technical Support: http://www.cisco.com/techsupport
Copyright (c) 1986-2016 by Cisco Systems, Inc.
Compiled Thu 02-Jun-16 01:31 by prod_rel_team

advertisement version: 2
Protocol Hello:  OUI=0x00000C, Protocol ID=0x0112; payload len=27, value=00000000FFFFFFFF010225010000000000000038DF8ACD80FF0000
VTP Management Domain: ''
Native VLAN: 666
Duplex: full
Management address(es): 
  IP address: 172.29.10.19

-------------------------
Device ID: 3rd_st_sw02.mongeneral.com
Entry address(es): 
  IP address: 172.29.10.14
Platform: cisco WS-C2960X-48FPD-L,  Capabilities: Switch IGMP 
Interface: TenGigabitEthernet2/0/5,  Port ID (outgoing port): TenGigabitEthernet2/0/1
Holdtime : 146 sec

Version :
Cisco IOS Software, C2960X Software (C2960X-UNIVERSALK9-M), Version 15.2(2)E6, RELEASE SOFTWARE (fc1)
Technical Support: http://www.cisco.com/techsupport
Copyright (c) 1986-2016 by Cisco Systems, Inc.
Compiled Fri 16-Dec-16 21:27 by prod_rel_team

advertisement version: 2
Protocol Hello:  OUI=0x00000C, Protocol ID=0x0112; payload len=27, value=00000000FFFFFFFF0102250100000000000000C1B1B8BC80FF0000
VTP Management Domain: ''
Native VLAN: 666
Duplex: full
Management address(es): 
  IP address: 172.29.10.14

-------------------------
Device ID: 2nd_nt_sw02.mongeneral.com
Entry address(es): 
  IP address: 172.29.10.19
Platform: cisco WS-C2960X-48FPD-L,  Capabilities: Switch IGMP 
Interface: TenGigabitEthernet1/0/10,  Port ID (outgoing port): TenGigabitEthernet1/0/1
Holdtime : 125 sec

Version :
Cisco IOS Software, C2960X Software (C2960X-UNIVERSALK9-M), Version 15.2(2)E5, RELEASE SOFTWARE (fc2)
Technical Support: http://www.cisco.com/techsupport
Copyright (c) 1986-2016 by Cisco Systems, Inc.
Compiled Thu 02-Jun-16 01:31 by prod_rel_team

advertisement version: 2
Protocol Hello:  OUI=0x00000C, Protocol ID=0x0112; payload len=27, value=00000000FFFFFFFF010225010000000000000038DF8ACD80FF0000
VTP Management Domain: ''
Native VLAN: 666
Duplex: full
Management address(es): 
  IP address: 172.29.10.19

-------------------------
Device ID: MGH1A-CORE.mongeneral.com
Entry address(es): 
  IP address: 172.26.2.122
Platform: cisco WS-C4507R+E,  Capabilities: Switch IGMP 
Interface: TenGigabitEthernet2/0/24,  Port ID (outgoing port): TenGigabitEthernet4/1
Holdtime : 129 sec

Version :
Cisco IOS Software, Catalyst 4500 L3 Switch Software (cat4500e-IPBASEK9-M), Version 15.0(2)SG2, RELEASE SOFTWARE (fc3)
Technical Support: http://www.cisco.com/techsupport
Copyright (c) 1986-2011 by Cisco Systems, Inc.
Compiled Wed 07-Dec-11 20:20 by prod_rel_team

advertisement version: 2
VTP Management Domain: 'MonGen'
Native VLAN: 666
Duplex: full
Management address(es): 
  IP address: 172.26.2.122

-------------------------
Device ID: MGH1A-CORE.mongeneral.com
Entry address(es): 
  IP address: 172.26.2.122
Platform: cisco WS-C4507R+E,  Capabilities: Switch IGMP 
Interface: TenGigabitEthernet1/0/24,  Port ID (outgoing port): TenGigabitEthernet3/1
Holdtime : 129 sec

Version :
Cisco IOS Software, Catalyst 4500 L3 Switch Software (cat4500e-IPBASEK9-M), Version 15.0(2)SG2, RELEASE SOFTWARE (fc3)
Technical Support: http://www.cisco.com/techsupport
Copyright (c) 1986-2011 by Cisco Systems, Inc.
Compiled Wed 07-Dec-11 20:20 by prod_rel_team

advertisement version: 2
VTP Management Domain: 'MonGen'
Native VLAN: 666
Duplex: full
Management address(es): 
  IP address: 172.26.2.122


Total cdp entries displayed : 38
1ST_NT_MDF_SW01#
DEBUG:paramiko.transport:starting thread (client mode): 0xab1b0100
DEBUG:paramiko.transport:Local version/idstring: SSH-2.0-paramiko_2.7.1
DEBUG:paramiko.transport:Remote version/idstring: SSH-2.0-Cisco-1.25
INFO:paramiko.transport:Connected (version 2.0, client Cisco-1.25)
DEBUG:paramiko.transport:kex algos:['diffie-hellman-group-exchange-sha1', 'diffie-hellman-group14-sha1', 'diffie-hellman-group1-sha1'] server key:['ssh-rsa'] client encrypt:['aes128-ctr', 'aes192-ctr', 'aes256-ctr', 'aes128-cbc', '3des-cbc', 'aes192-cbc', 'aes256-cbc'] server encrypt:['aes128-ctr', 'aes192-ctr', 'aes256-ctr', 'aes128-cbc', '3des-cbc', 'aes192-cbc', 'aes256-cbc'] client mac:['hmac-sha1', 'hmac-sha1-96'] server mac:['hmac-sha1', 'hmac-sha1-96'] client compress:['none'] server compress:['none'] client lang:[''] server lang:[''] kex follows?False
DEBUG:paramiko.transport:Kex agreed: diffie-hellman-group-exchange-sha1
DEBUG:paramiko.transport:HostKey agreed: ssh-rsa
DEBUG:paramiko.transport:Cipher agreed: aes128-ctr
DEBUG:paramiko.transport:MAC agreed: hmac-sha1
DEBUG:paramiko.transport:Compression agreed: none
DEBUG:paramiko.transport:Got server p (2048 bits)
DEBUG:paramiko.transport:kex engine KexGex specified hash_algo <built-in function openssl_sha1>
DEBUG:paramiko.transport:Switch to new keys ...
DEBUG:paramiko.transport:Adding ssh-rsa host key for 1st_nt_mdf_sw01.mhs.org: b'dff1cc3dbc8e67a39efef4da8ecb0472'
DEBUG:paramiko.transport:userauth is OK
INFO:paramiko.transport:Authentication (password) successful!
DEBUG:paramiko.transport:[chan 0] Max packet in: 32768 bytes
DEBUG:paramiko.transport:[chan 0] Max packet out: 4096 bytes
DEBUG:paramiko.transport:Secsh channel 0 opened.
DEBUG:paramiko.transport:[chan 0] Sesch channel 0 request ok
DEBUG:paramiko.transport:[chan 0] Sesch channel 0 request ok
DEBUG:netmiko:read_channel: 
------------------------------------------------------------------------------------
WARNING:


This system is for the use of authorized clients only. Individuals using the
computer network system without authorization, or in excess of their authorization,
are subject to having all their activity on this computer network system monitored
and recorded by system personnel.  To protect the computer network system from
unauthorized use and to ensure the computer network system is functioning properly,
system administrators monitor this system.  Anyone using this computer network
system expressly consents to such monitoring and is advised that if such monitoring
reveals possible conduct of criminal activity, system personnel may provide the
evidence of such activity to law enforcement officers.

Access is restricted to authorized users only.

Unauthorized access is a violation of state and federal, civil and criminal laws.
------------------------------------------------------------------------------------

1ST_NT_MDF_SW01>
DEBUG:netmiko:read_channel: 
DEBUG:netmiko:read_channel: 
DEBUG:netmiko:read_channel: 
DEBUG:netmiko:write_channel: b'\n'
DEBUG:netmiko:read_channel: 
DEBUG:netmiko:read_channel: 
DEBUG:netmiko:write_channel: b'\n'
DEBUG:netmiko:read_channel: 
1ST_NT_MDF_SW01>
DEBUG:netmiko:read_channel: 
1ST_NT_MDF_SW01>
DEBUG:netmiko:Clear buffer detects data in the channel
DEBUG:netmiko:read_channel: 
DEBUG:netmiko:[find_prompt()]: prompt is 1ST_NT_MDF_SW01>
DEBUG:netmiko:read_channel: 
DEBUG:netmiko:In disable_paging
DEBUG:netmiko:Command: terminal length 0

DEBUG:netmiko:write_channel: b'terminal length 0\n'
DEBUG:netmiko:Pattern is: terminal\ length\ 0
DEBUG:netmiko:_read_channel_expect read_data: t
DEBUG:netmiko:_read_channel_expect read_data: e
DEBUG:netmiko:_read_channel_expect read_data: rm
DEBUG:netmiko:_read_channel_expect read_data: in
DEBUG:netmiko:_read_channel_expect read_data: al
DEBUG:netmiko:_read_channel_expect read_data:  l
DEBUG:netmiko:_read_channel_expect read_data: en
DEBUG:netmiko:_read_channel_expect read_data: gth
DEBUG:netmiko:_read_channel_expect read_data:  0
DEBUG:netmiko:Pattern found: terminal\ length\ 0 terminal length 0
DEBUG:netmiko:terminal length 0
DEBUG:netmiko:Exiting disable_paging
DEBUG:netmiko:write_channel: b'terminal width 511\n'
DEBUG:netmiko:Pattern is: terminal\ width\ 511
DEBUG:netmiko:_read_channel_expect read_data: 

DEBUG:netmiko:_read_channel_expect read_data: 1ST_NT_MDF_SW01>
DEBUG:netmiko:_read_channel_expect read_data: t
DEBUG:netmiko:_read_channel_expect read_data: er
DEBUG:netmiko:_read_channel_expect read_data: mi
DEBUG:netmiko:_read_channel_expect read_data: nal
DEBUG:netmiko:_read_channel_expect read_data:  w
DEBUG:netmiko:_read_channel_expect read_data: i
DEBUG:netmiko:_read_channel_expect read_data: dt
DEBUG:netmiko:_read_channel_expect read_data: h 
DEBUG:netmiko:_read_channel_expect read_data: 51
DEBUG:netmiko:_read_channel_expect read_data: 1
DEBUG:netmiko:Pattern found: terminal\ width\ 511 
1ST_NT_MDF_SW01>terminal width 511
DEBUG:netmiko:read_channel: 
1ST_NT_MDF_SW01>
DEBUG:netmiko:Clear buffer detects data in the channel
DEBUG:netmiko:read_channel: 
DEBUG:netmiko:write_channel: b'\n'
DEBUG:netmiko:Pattern is: 1ST_NT_MDF_SW01
DEBUG:netmiko:_read_channel_expect read_data: 

DEBUG:netmiko:_read_channel_expect read_data: 1ST_NT_MDF_SW01>
DEBUG:netmiko:Pattern found: 1ST_NT_MDF_SW01 
1ST_NT_MDF_SW01>
DEBUG:netmiko:write_channel: b'enable\n'
DEBUG:netmiko:Pattern is: (1ST_NT_MDF_SW01|ssword)
DEBUG:netmiko:_read_channel_expect read_data: e
DEBUG:netmiko:_read_channel_expect read_data: n
DEBUG:netmiko:_read_channel_expect read_data: ab
DEBUG:netmiko:_read_channel_expect read_data: le
DEBUG:netmiko:_read_channel_expect read_data: 
Password: 
DEBUG:netmiko:Pattern found: (1ST_NT_MDF_SW01|ssword) enable
Password: 
DEBUG:netmiko:write_channel: b'change-mgh\n'
DEBUG:netmiko:Pattern is: 1ST_NT_MDF_SW01
DEBUG:netmiko:_read_channel_expect read_data: 
1ST_NT_MDF_SW01#
DEBUG:netmiko:Pattern found: 1ST_NT_MDF_SW01 
1ST_NT_MDF_SW01#
DEBUG:netmiko:write_channel: b'\n'
DEBUG:netmiko:Pattern is: 1ST_NT_MDF_SW01
DEBUG:netmiko:_read_channel_expect read_data: 

DEBUG:netmiko:_read_channel_expect read_data: 1ST_NT_MDF_SW01#
DEBUG:netmiko:Pattern found: 1ST_NT_MDF_SW01 
1ST_NT_MDF_SW01#
DEBUG:netmiko:read_channel: 
DEBUG:netmiko:write_channel: b'\n'
DEBUG:netmiko:read_channel: 
DEBUG:netmiko:read_channel: 
DEBUG:netmiko:write_channel: b'\n'
DEBUG:netmiko:read_channel: 
1ST_NT_MDF_SW01#
DEBUG:netmiko:read_channel: 
1ST_NT_MDF_SW01#
DEBUG:netmiko:Clear buffer detects data in the channel
DEBUG:netmiko:read_channel: 
DEBUG:netmiko:[find_prompt()]: prompt is 1ST_NT_MDF_SW01#
DEBUG:netmiko:read_channel: 
DEBUG:netmiko:write_channel: b'sh cdp neighbors detail\n'
DEBUG:netmiko:Pattern is: sh\ cdp\ neighbors\ detail
DEBUG:netmiko:_read_channel_expect read_data: s
DEBUG:netmiko:_read_channel_expect read_data: h
DEBUG:netmiko:_read_channel_expect read_data:  c
DEBUG:netmiko:_read_channel_expect read_data: dp
DEBUG:netmiko:_read_channel_expect read_data:  n
DEBUG:netmiko:_read_channel_expect read_data: ei
DEBUG:netmiko:_read_channel_expect read_data: gh
DEBUG:netmiko:_read_channel_expect read_data: bo
DEBUG:netmiko:_read_channel_expect read_data: rs
DEBUG:netmiko:_read_channel_expect read_data:  d
DEBUG:netmiko:_read_channel_expect read_data: et
DEBUG:netmiko:_read_channel_expect read_data: ai
DEBUG:netmiko:_read_channel_expect read_data: l

DEBUG:netmiko:Pattern found: sh\ cdp\ neighbors\ detail sh cdp neighbors detail

DEBUG:netmiko:read_channel: 
DEBUG:netmiko:read_channel: -------------------------
Device ID: 3rd_nt_sw01.mongeneral.com
Entry address(es): 
  IP address: 172.29.10.21
Platform: cisco WS-C2960X-48FPD-L,  Capabilities: Switch IGMP 
Interface: TenGigabitEthernet2/0/12,  Port ID (outgoing port): TenGigabitEthernet2/0/1
Holdtime : 170 sec

Version :
Cisco IOS Software, C2960X Software (C2960X-UNIVERSALK9-M), Version 15.2(2)E5, RELEASE SOFTWARE (fc2)
Technical Support: http://www.cisco.com/techsupport
Copyright (c) 1986-2016 by Cisco Systems, Inc.
Compiled Thu 02-Jun-16 01:31 by prod_rel_team

advertisement version: 2
Protocol Hello:  OUI=0x00000C, Protocol ID=0x0112; payload len=27, value=00000000FFFFFFFF010225010000000000000038DF86BA00FF0000
VTP Management Domain: ''
Native VLAN: 666
Duplex: full
Management address(es): 
  IP address: 172.29.10.21

-------------------------
Device ID: 3rd_nt_sw01.mongeneral.com
Entry address(es): 
  IP address: 172.29.10.21
Platform: cisco WS-C2960X-48FPD-L,  Capabilities: Switch IGMP 
Interface: TenGigabitEthernet1/0/12,  Port ID (outgoing port): TenGigabitEthernet1/0/1
Holdtime : 132 sec

Version :
Cisco IOS Software, C2960X Software (C2960X-UNIVERSALK9-M), Version 15.2(2)E5, RELEASE SOFTWARE (fc2)
Technical Support: http://www.cisco.com/techsupport
Copyright (c) 1986-2016 by Cisco Systems, Inc.
Compiled Thu 02-Jun-16 01:31 by prod_rel_team

advertisement version: 2
Protocol Hello:  OUI=0x00000C, Protocol ID=0x0112; payload len=27, value=00000000FFFFFFFF010225010000000000000038DF86BA00FF0000
VTP Management Domain: ''
Native VLAN: 666
Duplex: full
Management address(es): 
  IP address: 172.29.10.21

-------------------------
Device ID: 2nd_st_sw01.mongeneral.com
Entry address(es): 
  IP address: 172.29.10.12
Platform: cisco WS-C2960X-48FPD-L,  Capabilities: Switch IGMP 
Interface: TenGigabitEthernet2/0/3,  Port ID (outgoing port): TenGigabitEthernet2/0/1
Holdtime : 162 sec

Version :
Cisco IOS Software, C2960X Software (C2960X-UNIVERSALK9-M), Version 15.2(2)E5, RELEASE SOFTWARE (fc2)
Technical Support: http://www.cisco.com/techsupport
Copyright (c) 1986-2016 by Cisco Systems, Inc.
Compiled Thu 02-Jun-16 01:31 by prod_rel_team

advertisement version: 2
Protocol Hello:  OUI=0x00000C, Protocol ID=0x0112; payload len=27, value=00000000FFFFFFFF010225010000000000000038DF751E00FF0000
VTP Management Domain: ''
Native VLAN: 666
Duplex: full
Management address(es): 
  IP address: 172.29.10.12

-------------------------
Device ID: 2nd_st_sw01.mongeneral.com
Entry address(es): 
  IP address: 172.29.10.12
Platform: cisco WS-C2960X-48FPD-L,  Capabilities: Switch IGMP 
Interface: TenGigabitEthernet1/0/3,  Port ID (outgoing port): TenGigabitEthernet1/0/1
Holdtime : 160 sec

Version :
Cisco IOS Software, C2960X Software (C2960X-UNIVERSALK9-M), Version 15.2(2)E5, RELEASE SOFTWARE (fc2)
Technical Support: http://www.cisco.com/techsupport
Copyright (c) 1986-2016 by Cisco Systems, Inc.
Compiled Thu 02-Jun-16 01:31 by prod_rel_team

advertisement version: 2
Protocol Hello:  OUI=0x00000C, Protocol ID=0x0112; payload len=27, value=00000000FFFFFFFF010225010000000000000038DF751E00FF0000
VTP Management Domain: ''
Native VLAN: 666
Duplex: full
Management address(es): 
  IP address: 172.29.10.12

-------------------------
Device ID: 3rd_nt_sw02.mongeneral.com
Entry address(es): 
  IP address: 172.29.10.22
Platform: cisco WS-C2960X-48FPD-L,  Capabilities: Switch IGMP 
Interface: TenGigabitEthernet1/0/13,  Port ID (outgoing port): TenGigabitEthernet1/0/1
Holdtime : 142 sec

Version :
Cisco IOS Software, C2960X Software (C2960X-UNIVERSALK9-M), Version 15.2(2)E5, RELEASE SOFTWARE (fc2)
Technical Support: http://www.cisco.com/techsupport
Copyright (c) 1986-2016 by Cisco Systems, Inc.
Compiled Thu 02-Jun-16 01:31 by prod_rel_team

advertisement version: 2
Protocol Hello:  OUI=0x00000C, Protocol ID=0x0112; payload len=27, value=00000000FFFFFFFF010225010000000000000038DF0F6A00FF0000
VTP Management Domain: ''
Native VLAN: 666
Duplex: full
Management address(es): 
  IP address: 172.29.10.22

-------------------------
Device ID: 3rd_nt_sw02.mongeneral.com
Entry address(es): 
  IP address: 172.29.10.22
Platform: cisco WS-C2960X-48FPD-L,  Capabilities: Switch IGMP 
Interface: TenGigabitEthernet2/0/13,  Port ID (outgoing port): TenGigabitEthernet2/0/1
Holdtime : 169 sec

Version :
Cisco IOS Software, C2960X Software (C2960X-UNIVERSALK9-M), Version 15.2(2)E5, RELEASE SOFTWARE (fc2)
Technical Support: http://www.cisco.com/techsupport
Copyright (c) 1986-2016 by Cisco Systems, Inc.
Compiled Thu 02-Jun-16 01:31 by prod_rel_team

advertisement version: 2
Protocol Hello:  OUI=0x00000C, Protocol ID=0x0112; payload len=27, value=00000000FFFFFFFF010225010000000000000038DF0F6A00FF0000
VTP Management Domain: ''
Native VLAN: 666
Duplex: full
Management address(es): 
  IP address: 172.29.10.22

-------------------------
Device ID: 1st_conf_sw01.mongeneral.com
Entry address(es): 
  IP address: 172.29.10.28
Platform: cisco WS-C2960X-48FPD-L,  Capabilities: Switch IGMP 
Interface: TenGigabitEthernet2/0/18,  Port ID (outgoing port): TenGigabitEthernet1/0/2
Holdtime : 142 sec

Version :
Cisco IOS Software, C2960X Software (C2960X-UNIVERSALK9-M), Version 15.2(2)E5, RELEASE SOFTWARE (fc2)
Technical Support: http://www.cisco.com/techsupport
Copyright (c) 1986-2016 by Cisco Systems, Inc.
Compiled Thu 02-Jun-16 01:31 by prod_rel_team

advertisement version: 2
Protocol Hello:  OUI=0x00000C, Protocol ID=0x0112; payload len=27, value=00000000FFFFFFFF010225010000000000000038DF8AB680FF0000
VTP Management Domain: ''
Native VLAN: 666
Duplex: full
Management address(es): 
  IP address: 172.29.10.28

-------------------------
Device ID: 4th_nt_sw01.mongeneral.com
Entry address(es): 
  IP address: 172.29.10.23
Platform: cisco WS-C2960X-48FPD-L,  Capabilities: Switch IGMP 
Interface: TenGigabitEthernet1/0/14,  Port ID (outgoing port): TenGigabitEthernet1/0/1
Holdtime : 147 sec

Version :
Cisco IOS Software, C2960X Software (C2960X-UNIVERSALK9-M), Version 15.2(2)E5, RELEASE SOFTWARE (fc2)
Technical Support: http://www.cisco.com/techsupport
Copyright (c) 1986-2016 by Cisco Systems, Inc.
Compiled Thu 02-Jun-16 01:31 by prod_rel_team

advertisement version: 2
Protocol Hello:  OUI=0x00000C, Protocol ID=0x0112; payload len=27, value=00000000FFFFFFFF010225010000000000000038DF875E00FF0000
VTP Management Domain: ''
Native VLAN: 666
Duplex: full
Management address(es): 
  IP address: 172.29.10.23

-------------------------
Device ID: 4th_nt_sw01.mongeneral.com
Entry address(es): 
  IP address: 172.29.10.23
Platform: cisco WS-C2960X-48FPD-L,  Capabilities: Switch IGMP 
Interface: TenGigabitEthernet2/0/14,  Port ID (outgoing port): TenGigabitEthernet2/0/1
Holdtime : 165 sec

Version :
Cisco IOS Software, C2960X Software (C2960X-UNIVERSALK9-M), Version 15.2(2)E5, RELEASE SOFTWARE (fc2)
Technical Support: http://www.cisco.com/techsupport
Copyright (c) 1986-2016 by Cisco Systems, Inc.
Compiled Thu 02-Jun-16 01:31 by prod_rel_team

advertisement version: 2
Protocol Hello:  OUI=0x00000C, Protocol ID=0x0112; payload len=27, value=00000000FFFFFFFF010225010000000000000038DF875E00FF0000
VTP Management Domain: ''
Native VLAN: 666
Duplex: full
Management address(es): 
  IP address: 172.29.10.23

-------------------------
Device ID: 1st_conf_sw01.mongeneral.com
Entry address(es): 
  IP address: 172.29.10.28
Platform: cisco WS-C2960X-48FPD-L,  Capabilities: Switch IGMP 
Interface: TenGigabitEthernet1/0/18,  Port ID (outgoing port): TenGigabitEthernet1/0/1
Holdtime : 127 sec

Version :
Cisco IOS Software, C2960X Software (C2960X-UNIVERSALK9-M), Version 15.2(2)E5, RELEASE SOFTWARE (fc2)
Technical Support: http://www.cisco.com/techsupport
Copyright (c) 1986-2016 by Cisco Systems, Inc.
Compiled Thu 02-Jun-16 01:31 by prod_rel_team

advertisement version: 2
Protocol Hello:  OUI=0x00000C, Protocol ID=0x0112; payload len=27, value=00000000FFFFFFFF010225010000000000000038DF8AB680FF0000
VTP Management Domain: ''
Native VLAN: 666
Duplex: full
Management address(es): 
  IP address: 172.29.10.28

-------------------------
Device ID: 1st_st_sw02.mongeneral.com
Entry address(es): 
  IP address: 172.29.10.11
Platform: cisco WS-C2960X-48FPD-L,  Capabilities: Switch IGMP 
Interface: TenGigabitEthernet2/0/2,  Port ID (outgoing port): TenGigabitEthernet2/0/1
Holdtime : 161 sec

Version :
Cisco IOS Software, C2960X Software (C2960X-UNIVERSALK9-M), Version 15.2(2)E5, RELEASE SOFTWARE (fc2)
Technical Support: http://www.cisco.com/techsupport
Copyright (c) 1986-2016 by Cisco Systems, Inc.
Compiled Thu 02-Jun-16 01:31 by prod_rel_team

advertisement version: 2
Protocol Hello:  OUI=0x00000C, Protocol ID=0x0112; payload len=27, value=00000000FFFFFFFF010225010000000000000038DF790600FF0000
VTP Management Domain: ''
Native VLAN: 666
Duplex: full
Management address(es): 
  IP address: 172.29.10.11

-------------------------
Device ID: 1st_st_sw02.mongeneral.com
Entry address(es): 
  IP address: 172.29.10.11
Platform: cisco WS-C2960X-48FPD-L,  Capabilities: Switch IGMP 
Interface: TenGigabitEthernet1/0/2,  Port ID (outgoing port): TenGigabitEthernet1/0/1
Holdtime : 179 sec

Version :
Cisco IOS Software, C2960X Software (C2960X-UNIVERSALK9-M), Version 15.2(2)E5, RELEASE SOFTWARE (fc2)
Technical Support: http://www.cisco.com/techsupport
Copyright (c) 1986-2016 by Cisco Systems, Inc.
Compiled Thu 02-Jun-16 01:31 by prod_rel_team

advertisement version: 2
Protocol Hello:  OUI=0x00000C, Protocol ID=0x0112; payload len=27, value=00000000FFFFFFFF010225010000000000000038DF790600FF0000
VTP Management Domain: ''
Native VLAN: 666
Duplex: full
Management address(es): 
  IP address: 172.29.10.11

-------------------------
Device ID: 5th_nt_sw01.mongeneral.com
Entry address(es): 
  IP address: 172.29.10.24
Platform: cisco WS-C2960X-48FPD-L,  Capabilities: Switch IGMP 
Interface: TenGigabitEthernet2/0/15,  Port ID (outgoing port): TenGigabitEthernet2/0/1
Holdtime : 165 sec

Version :
Cisco IOS Software, C2960X Software (C2960X-UNIVERSALK9-M), Version 15.2(2)E5, RELEASE SOFTWARE (fc2)
Technical Support: http://www.cisco.com/techsupport
Copyright (c) 1986-2016 by Cisco Systems, Inc.
Compiled Thu 02-Jun-16 01:31 by prod_rel_team

advertisement version: 2
Protocol Hello:  OUI=0x00000C, Protocol ID=0x0112; payload len=27, value=00000000FFFFFFFF010225010000000000000038DF8AE080FF0000
VTP Management Domain: ''
Native VLAN: 666
Duplex: full
Management address(es): 
  IP address: 172.29.10.24

-------------------------
Device ID: 5th_nt_sw01.mongeneral.com
Entry address(es): 
  IP address: 172.29.10.24
Platform: cisco WS-C2960X-48FPD-L,  Capabilities: Switch IGMP 
Interface: TenGigabitEthernet1/0/15,  Port ID (outgoing port): TenGigabitEthernet1/0/1
Holdtime : 135 sec

Version :
Cisco IOS Software, C2960X Software (C2960X-UNIVERSALK9-M), Version 15.2(2)E5, RELEASE SOFTWARE (fc2)
Technical Support: http://www.cisco.com/techsupport
Copyright (c) 1986-2016 by Cisco Systems, Inc.
Compiled Thu 02-Jun-16 01:31 by prod_rel_team

advertisement version: 2
Protocol Hello:  OUI=0x00000C, Protocol ID=0x0112; payload len=27, value=00000000FFFFFFFF010225010000000000000038DF8AE080FF0000
VTP Management Domain: ''
Native VLAN: 666
Duplex: full
Management address(es): 
  IP address: 172.29.10.24

-------------------------
Device ID: 6th_nt_sw01.mongeneral.com
Entry address(es): 
  IP address: 172.29.10.26
Platform: cisco WS-C2960X-48FPD-L,  Capabilities: Switch IGMP 
Interface: TenGigabitEthernet2/0/17,  Port ID (outgoing port): TenGigabitEthernet2/0/2
Holdtime : 171 sec

Version :
Cisco IOS Software, C2960X Software (C2960X-UNIVERSALK9-M), Version 15.2(2)E5, RELEASE SOFTWARE (fc2)
Technical Support: http://www.cisco.com/techsupport
Copyright (c) 1986-2016 by Cisco Systems, Inc.
Compiled Thu 02-Jun-16 01:31 by prod_rel_team

advertisement version: 2
Protocol Hello:  OUI=0x00000C, Protocol ID=0x0112; payload len=27, value=00000000FFFFFFFF010225010000000000000038DF86E980FF0000
VTP Management Domain: ''
Native VLAN: 666
Duplex: full
Management address(es): 
  IP address: 172.29.10.26

-------------------------
Device ID: 5th_nt_sw02.mongeneral.com
Entry address(es): 
  IP address: 172.29.10.25
Platform: cisco WS-C2960X-48FPD-L,  Capabilities: Switch IGMP 
Interface: TenGigabitEthernet1/0/16,  Port ID (outgoing port): TenGigabitEthernet1/0/1
Holdtime : 178 sec

Version :
Cisco IOS Software, C2960X Software (C2960X-UNIVERSALK9-M), Version 15.2(2)E5, RELEASE SOFTWARE (fc2)
Technical Support: http://www.cisco.com/techsupport
Copyright (c) 1986-2016 by Cisco Systems, Inc.
Compiled Thu 02-Jun-16 01:31 by prod_rel_team

advertisement version: 2
Protocol Hello:  OUI=0x00000C, Protocol ID=0x0112; payload len=27, value=00000000FFFFFFFF010225010000000000000038DF0FAB00FF0000
VTP Management Domain: ''
Native VLAN: 666
Duplex: full
Management address(es): 
  IP address: 172.29.10.25

-------------------------
Device ID: 6th_nt_sw01.mongeneral.com
Entry address(es): 
  IP address: 172.29.10.26
Platform: cisco WS-C2960X-48FPD-L,  Capabilities: Switch IGMP 
Interface: TenGigabitEthernet1/0/17,  Port ID (outgoing port): TenGigabitEthernet1/0/1
Holdtime : 147 sec

Version :
Cisco IOS Software, C2960X Software (C2960X-UNIVERSALK9-M), Version 15.2(2)E5, RELEASE SOFTWARE (fc2)
Technical Support: http://www.cisco.com/techsupport
Copyright (c) 1986-2016 by Cisco Systems, Inc.
Compiled Thu 02-Jun-16 01:31 by prod_rel_team

advertisement version: 2
Protocol Hello:  OUI=0x00000C, Protocol ID=0x0112; payload len=27, value=00000000FFFFFFFF010225010000000000000038DF86E980FF0000
VTP Management Domain: ''
Native VLAN: 666
Duplex: full
Management address(es): 
  IP address: 172.29.10.26

-------------------------
Device ID: 5th_nt_sw02.mongeneral.com
Entry address(es): 
  IP address: 172.29.10.25
Platform: cisco WS-C2960X-48FPD-L,  Capabilities: Switch IGMP 
Interface: TenGigabitEthernet2/0/16,  Port ID (outgoing port): TenGigabitEthernet2/0/1
Holdtime : 173 sec

Version :
Cisco IOS Software, C2960X Software (C2960X-UNIVERSALK9-M), Version 15.2(2)E5, RELEASE SOFTWARE (fc2)
Technical Support: http://www.cisco.com/techsupport
Copyright (c) 1986-2016 by Cisco Systems, Inc.
Compiled Thu 02-Jun-16 01:31 by prod_rel_team

advertisement version: 2
Protocol Hello:  OUI=0x00000C, Protocol ID=0x0112; payload len=27, value=00000000FFFFFFFF010225010000000000000038DF0FAB00FF0000
VTP Management Domain: ''
Native VLAN: 666
Duplex: full
Management address(es): 
  IP address: 172.29.10.25

-------------------------
Device ID: 1st_st_sw01.mongeneral.com
Entry address(es): 
  IP address: 172.29.10.10
Platform: cisco WS-C2960X-48FPD-L,  Capabilities: Switch IGMP 
Interface: TenGigabitEthernet2/0/1,  Port ID (outgoing port): TenGigabitEthernet2/0/1
Holdtime : 138 sec

Version :
Cisco IOS Software, C2960X Software (C2960X-UNIVERSALK9-M), Version 15.2(2)E5, RELEASE SOFTWARE (fc2)
Technical Support: http://www.cisco.com/techsupport
Copyright (c) 1986-2016 by Cisco Systems, Inc.
Compiled Thu 02-Jun-16 01:31 by prod_rel_team

advertisement version: 2
Protocol Hello:  OUI=0x00000C, Protocol ID=0x0112; payload len=27, value=00000000FFFFFFFF010225010000000000000038DF86E780FF0000
VTP Management Domain: ''
Native VLAN: 666
Duplex: full
Management address(es): 
  IP address: 172.29.10.10

-------------------------
Device ID: 1st_st_sw01.mongeneral.com
Entry address(es): 
  IP address: 172.29.10.10
Platform: cisco WS-C2960X-48FPD-L,  Capabilities: Switch IGMP 
Interface: TenGigabitEthernet1/0/1,  Port ID (outgoing port): TenGigabitEthernet1/0/1
Holdtime : 160 sec

Version :
Cisco IOS Software, C2960X Software (C2960X-UNIVERSALK9-M), Version 15.2(2)E5, RELEASE SOFTWARE (fc2)
Technical Support: http://www.cisco.com/techsupport
Copyright (c) 1986-2016 by Cisco Systems, Inc.
Compiled Thu 02-Jun-16 01:31 by prod_rel_team

advertisement version: 2
Protocol Hello:  OUI=0x00000C, Protocol ID=0x0112; payload len=27, value=00000000FFFFFFFF010225010000000000000038DF86E780FF0000
VTP Management Domain: ''
Native VLAN: 666
Duplex: full
Management address(es): 
  IP address: 172.29.10.10

-------------------------
Device ID: 5th_st_sw01.mongeneral.com
Entry address(es): 
  IP address: 172.29.10.16
Platform: cisco WS-C2960X-48FPD-L,  Capabilities: Switch IGMP 
Interface: TenGigabitEthernet2/0/7,  Port ID (outgoing port): TenGigabitEthernet2/0/1
Holdtime : 140 sec

Version :
Cisco IOS Software, C2960X Software (C2960X-UNIVERSALK9-M), Version 15.2(2)E5, RELEASE SOFTWARE (fc2)
Technical Support: http://www.cisco.com/techsupport
Copyright (c) 1986-2016 by Cisco Systems, Inc.
Compiled Thu 02-Jun-16 01:31 by prod_rel_team

advertisement version: 2
Protocol Hello:  OUI=0x00000C, Protocol ID=0x0112; payload len=27, value=00000000FFFFFFFF010225010000000000000038DF8AC580FF0000
VTP Management Domain: ''
Native VLAN: 666
Duplex: full
Management address(es): 
  IP address: 172.29.10.16

-------------------------
Device ID: 5th_st_sw01.mongeneral.com
Entry address(es): 
  IP address: 172.29.10.16
Platform: cisco WS-C2960X-48FPD-L,  Capabilities: Switch IGMP 
Interface: TenGigabitEthernet1/0/7,  Port ID (outgoing port): TenGigabitEthernet1/0/1
Holdtime : 168 sec

Version :
Cisco IOS Software, C2960X Software (C2960X-UNIVERSALK9-M), Version 15.2(2)E5, RELEASE SOFTWARE (fc2)
Technical Support: http://www.cisco.com/techsupport
Copyright (c) 1986-2016 by Cisco Systems, Inc.
Compiled Thu 02-Jun-16 01:31 by prod_rel_team

advertisement version: 2
Protocol Hello:  OUI=0x00000C, Protocol ID=0x0112; payload len=27, value=00000000FFFFFFFF010225010000000000000038DF8AC580FF0000
VTP Management Domain: ''
Native VLAN: 666
Duplex: full
Management address(es): 
  IP address: 172.29.10.16

-------------------------
Device ID: 4th_st_sw01.mongeneral.com
Entry address(es): 
  IP address: 172.29.10.15
Platform: cisco WS-C2960X-48FPD-L,  Capabilities: Switch IGMP 
Interface: TenGigabitEthernet2/0/6,  Port ID (outgoing port): TenGigabitEthernet2/0/1
Holdtime : 130 sec

Version :
Cisco IOS Software, C2960X Software (C2960X-UNIVERSALK9-M), Version 15.2(2)E5, RELEASE SOFTWARE (fc2)
Technical Support: http://www.cisco.com/techsupport
Copyright (c) 1986-2016 by Cisco Systems, Inc.
Compiled Thu 02-Jun-16 01:31 by prod_rel_team

advertisement version: 2
Protocol Hello:  OUI=0x00000C, Protocol ID=0x0112; payload len=27, value=00000000FFFFFFFF010225010000000000000038DF876500FF0000
VTP Management Domain: ''
Native VLAN: 666
Duplex: full
Management address(es): 
  IP address: 172.29.10.15

-------------------------
Device ID: 4th_st_sw01.mongeneral.com
Entry address(es): 
  IP address: 172.29.10.15
Platform: cisco WS-C2960X-48FPD-L,  Capabilities: Switch IGMP 
Interface: TenGigabitEthernet1/0/6,  Port ID (outgoing port): TenGigabitEthernet1/0/1
Holdtime : 170 sec

Version :
Cisco IOS Software, C2960X Software (C2960X-UNIVERSALK9-M), Version 15.2(2)E5, RELEASE SOFTWARE (fc2)
Technical Support: http://www.cisco.com/techsupport
Copyright (c) 1986-2016 by Cisco Systems, Inc.
Compiled Thu 02-Jun-16 01:31 by prod_rel_team

advertisement version: 2
Protocol Hello:  OUI=0x00000C, Protocol ID=0x0112; payload len=27, value=00000000FFFFFFFF010225010000000000000038DF876500FF0000
VTP Management Domain: ''
Native VLAN: 666
Duplex: full
Management address(es): 
  IP address: 172.29.10.15

-------------------------
Device ID: 1st_nt_sw01.mongeneral.com
Entry address(es): 
  IP address: 172.29.10.17
Platform: cisco WS-C2960X-48FPD-L,  Capabilities: Switch IGMP 
Interface: TenGigabitEthernet2/0/8,  Port ID (outgoing port): TenGigabitEthernet2/0/1
Holdtime : 138 sec

Version :
Cisco IOS Software, C2960X Software (C2960X-UNIVERSALK9-M), Version 15.2(2)E5, RELEASE SOFTWARE (fc2)
Technical Support: http://www.cisco.com/techsupport
Copyright (c) 1986-2016 by Cisco Systems, Inc.
Compiled Thu 02-Jun-16 01:31 by prod_rel_team

advertisement version: 2
Protocol Hello:  OUI=0x00000C, Protocol ID=0x0112; payload len=27, value=00000000FFFFFFFF010225010000000000000038DF0FAA00FF0000
VTP Management Domain: ''
Native VLAN: 666
Duplex: full
Management address(es): 
  IP address: 172.29.10.17

-------------------------
Device ID: 1st_nt_sw01.mongeneral.com
Entry address(es): 
  IP address: 172.29.10.17
Platform: cisco WS-C2960X-48FPD-L,  Capabilities: Switch IGMP 
Interface: TenGigabitEthernet1/0/8,  Port ID (outgoing port): TenGigabitEthernet1/0/1
Holdtime : 160 sec

Version :
Cisco IOS Software, C2960X Software (C2960X-UNIVERSALK9-M), Version 15.2(2)E5, RELEASE SOFTWARE (fc2)
Technical Support: http://www.cisco.com/techsupport
Copyright (c) 1986-2016 by Cisco Systems, Inc.
Compiled Thu 02-Jun-16 01:31 by prod_rel_team

advertisement version: 2
Protocol Hello:  OUI=0x00000C, Protocol ID=0x0112; payload len=27, value=00000000FFFFFFFF010225010000000000000038DF0FAA00FF0000
VTP Management Domain: ''
Native VLAN: 666
Duplex: full
Management address(es): 
  IP address: 172.29.10.17

-------------------------
Device ID: 2nd_nt_sw01.mongeneral.com
Entry address(es): 
  IP address: 172.29.10.18
Platform: cisco WS-C2960X-24PS-L,  Capabilities: Switch IGMP 
Interface: TenGigabitEthernet2/0/9,  Port ID (outgoing port): TenGigabitEthernet2/0/1
Holdtime : 173 sec

Version :
Cisco IOS Software, C2960X Software (C2960X-UNIVERSALK9-M), Version 15.2(2)E5, RELEASE SOFTWARE (fc2)
Technical Support: http://www.cisco.com/techsupport
Copyright (c) 1986-2016 by Cisco Systems, Inc.
Compiled Thu 02-Jun-16 01:31 by prod_rel_team

advertisement version: 2
Protocol Hello:  OUI=0x00000C, Protocol ID=0x0112; payload len=27, value=00000000FFFFFFFF010225010000000000002C0BE9784300FF0000
VTP Management Domain: ''
Native VLAN: 666
Duplex: full
Management address(es): 
  IP address: 172.29.10.18

-------------------------
Device ID: 2nd_nt_sw01.mongeneral.com
Entry address(es): 
  IP address: 172.29.10.18
Platform: cisco WS-C2960X-24PS-L,  Capabilities: Switch IGMP 
Interface: TenGigabitEthernet1/0/9,  Port ID (outgoing port): TenGigabitEthernet1/0/1
Holdtime : 145 sec

Version :
Cisco IOS Software, C2960X Software (C2960X-UNIVERSALK9-M), Version 15.2(2)E5, RELEASE SOFTWARE (fc2)
Technical Support: http://www.cisco.com/techsupport
Copyright (c) 1986-2016 by Cisco Systems, Inc.
Compiled Thu 02-Jun-16 01:31 by prod_rel_team

advertisement version: 2
Protocol Hello:  OUI=0x00000C, Protocol ID=0x0112; payload len=27, value=00000000FFFFFFFF010225010000000000002C0BE9784300FF0000
VTP Management Domain: ''
Native VLAN: 666
Duplex: full
Management address(es): 
  IP address: 172.29.10.18

-------------------------
Device ID: 3rd_st_sw01.mongeneral.com
Entry address(es): 
  IP address: 172.29.10.13
Platform: cisco WS-C2960X-48FPD-L,  Capabilities: Switch IGMP 
Interface: TenGigabitEthernet2/0/4,  Port ID (outgoing port): TenGigabitEthernet2/0/1
Holdtime : 158 sec

Version :
Cisco IOS Software, C2960X Software (C2960X-UNIVERSALK9-M), Version 15.2(2)E5, RELEASE SOFTWARE (fc2)
Technical Support: http://www.cisco.com/techsupport
Copyright (c) 1986-2016 by Cisco Systems, Inc.
Compiled Thu 02-Jun-16 01:31 by prod_rel_team

advertisement version: 2
Protocol Hello:  OUI=0x00000C, Protocol ID=0x0112; payload len=27, value=00000000FFFFFFFF010225010000000000000038DF790280FF0000
VTP Management Domain: ''
Native VLAN: 666
Duplex: full
Management address(es): 
  IP address: 172.29.10.13

-------------------------
Device ID: 3rd_st_sw01.mongeneral.com
Entry address(es): 
  IP address: 172.29.10.13
Platform: cisco WS-C2960X-48FPD-L,  Capabilities: Switch IGMP 
Interface: TenGigabitEthernet1/0/4,  Port ID (outgoing port): TenGigabitEthernet1/0/1
Holdtime : 146 sec

Version :
Cisco IOS Software, C2960X Software (C2960X-UNIVERSALK9-M), Version 15.2(2)E5, RELEASE SOFTWARE (fc2)
Technical Support: http://www.cisco.com/techsupport
Copyright (c) 1986-2016 by Cisco Systems, Inc.
Compiled Thu 02-Jun-16 01:31 by prod_rel_team

advertisement version: 2
Protocol Hello:  OUI=0x00000C, Protocol ID=0x0112; payload len=27, value=00000000FFFFFFFF010225010000000000000038DF790280FF0000
VTP Management 
DEBUG:netmiko:read_channel: Domain: ''
Native VLAN: 666
Duplex: full
Management address(es): 
  IP address: 172.29.10.13

-------------------------
Device ID: 2nd_nt_sw03.mongeneral.com
Entry address(es): 
  IP address: 172.29.10.20
Platform: cisco WS-C2960X-48FPD-L,  Capabilities: Switch IGMP 
Interface: TenGigabitEthernet1/0/11,  Port ID (outgoing port): TenGigabitEthernet1/0/1
Holdtime : 159 sec

Version :
Cisco IOS Software, C2960X Software (C2960X-UNIVERSALK9-M), Version 15.2(2)E5, RELEASE SOFTWARE (fc2)
Technical Support: http://www.cisco.com/techsupport
Copyright (c) 1986-2016 by Cisco Systems, Inc.
Compiled Thu 02-Jun-16 01:31 by prod_rel_team

advertisement version: 2
Protocol Hello:  OUI=0x00000C, Protocol ID=0x0112; payload len=27, value=00000000FFFFFFFF010225010000000000000038DF0F4900FF0000
VTP Management Domain: ''
Native VLAN: 666
Duplex: full
Management address(es): 
  IP address: 172.29.10.20

-------------------------
Device ID: 2nd_nt_sw03.mongeneral.com
Entry address(es): 
  IP address: 172.29.10.20
Platform: cisco WS-C2960X-48FPD-L,  Capabilities: Switch IGMP 
Interface: TenGigabitEthernet2/0/11,  Port ID (outgoing port): TenGigabitEthernet2/0/1
Holdtime : 129 sec

Version :
Cisco IOS Software, C2960X Software (C2960X-UNIVERSALK9-M), Version 15.2(2)E5, RELEASE SOFTWARE (fc2)
Technical Support: http://www.cisco.com/techsupport
Copyright (c) 1986-2016 by Cisco Systems, Inc.
Compiled Thu 02-Jun-16 01:31 by prod_rel_team

advertisement version: 2
Protocol Hello:  OUI=0x00000C, Protocol ID=0x0112; payload len=27, value=00000000FFFFFFFF010225010000000000000038DF0F4900FF0000
VTP Management Domain: ''
Native VLAN: 666
Duplex: full
Management address(es): 
  IP address: 172.29.10.20

-------------------------
Device ID: 3rd_st_sw02.mongeneral.com
Entry address(es): 
  IP address: 172.29.10.14
Platform: cisco WS-C2960X-48FPD-L,  Capabilities: Switch IGMP 
Interface: TenGigabitEthernet1/0/5,  Port ID (outgoing port): TenGigabitEthernet1/0/1
Holdtime : 179 sec

Version :
Cisco IOS Software, C2960X Software (C2960X-UNIVERSALK9-M), Version 15.2(2)E6, RELEASE SOFTWARE (fc1)
Technical Support: http://www.cisco.com/techsupport
Copyright (c) 1986-2016 by Cisco Systems, Inc.
Compiled Fri 16-Dec-16 21:27 by prod_rel_team

advertisement version: 2
Protocol Hello:  OUI=0x00000C, Protocol ID=0x0112; payload len=27, value=00000000FFFFFFFF0102250100000000000000C1B1B8BC80FF0000
VTP Management Domain: ''
Native VLAN: 666
Duplex: full
Management address(es): 
  IP address: 172.29.10.14

-------------------------
Device ID: 2nd_nt_sw02.mongeneral.com
Entry address(es): 
  IP address: 172.29.10.19
Platform: cisco WS-C2960X-48FPD-L,  Capabilities: Switch IGMP 
Interface: TenGigabitEthernet2/0/10,  Port ID (outgoing port): TenGigabitEthernet2/0/1
Holdtime : 170 sec

Version :
Cisco IOS Software, C2960X Software (C2960X-UNIVERSALK9-M), Version 15.2(2)E5, RELEASE SOFTWARE (fc2)
Technical Support: http://www.cisco.com/techsupport
Copyright (c) 1986-2016 by Cisco Systems, Inc.
Compiled Thu 02-Jun-16 01:31 by prod_rel_team

advertisement version: 2
Protocol Hello:  OUI=0x00000C, Protocol ID=0x0112; payload len=27, value=00000000FFFFFFFF010225010000000000000038DF8ACD80FF0000
VTP Management Domain: ''
Native VLAN: 666
Duplex: full
Management address(es): 
  IP address: 172.29.10.19

-------------------------
Device ID: 3rd_st_sw02.mongeneral.com
Entry address(es): 
  IP address: 172.29.10.14
Platform: cisco WS-C2960X-48FPD-L,  Capabilities: Switch IGMP 
Interface: TenGigabitEthernet2/0/5,  Port ID (outgoing port): TenGigabitEthernet2/0/1
Holdtime : 172 sec

Version :
Cisco IOS Software, C2960X Software (C2960X-UNIVERSALK9-M), Version 15.2(2)E6, RELEASE SOFTWARE (fc1)
Technical Support: http://www.cisco.com/techsupport
Copyright (c) 1986-2016 by Cisco Systems, Inc.
Compiled Fri 16-Dec-16 21:27 by prod_rel_team

advertisement version: 2
Protocol Hello:  OUI=0x00000C, Protocol ID=0x0112; payload len=27, value=00000000FFFFFFFF0102250100000000000000C1B1B8BC80FF0000
VTP Management Domain: ''
Native VLAN: 666
Duplex: full
Management address(es): 
  IP address: 172.29.10.14

-------------------------
Device ID: 2nd_nt_sw02.mongeneral.com
Entry address(es): 
  IP address: 172.29.10.19
Platform: cisco WS-C2960X-48FPD-L,  Capabilities: Switch IGMP 
Interface: TenGigabitEthernet1/0/10,  Port ID (outgoing port): TenGigabitEthernet1/0/1
Holdtime : 145 sec

Version :
Cisco IOS Software, C2960X Software (C2960X-UNIVERSALK9-M), Version 15.2(2)E5, RELEASE SOFTWARE (fc2)
Technical Support: http://www.cisco.com/techsupport
Copyright (c) 1986-2016 by Cisco Systems, Inc.
Compiled Thu 02-Jun-16 01:31 by prod_rel_team

advertisement version: 2
Protocol Hello:  OUI=0x00000C, Protocol ID=0x0112; payload len=27, value=00000000FFFFFFFF010225010000000000000038DF8ACD80FF0000
VTP Management Domain: ''
Native VLAN: 666
Duplex: full
Management address(es): 
  IP address: 172.29.10.19

-------------------------
Device ID: MGH1A-CORE.mongeneral.com
Entry address(es): 
  IP address: 172.26.2.122
Platform: cisco WS-C4507R+E,  Capabilities: Switch IGMP 
Interface: TenGigabitEthernet2/0/24,  Port ID (outgoing port): TenGigabitEthernet4/1
Holdtime : 139 sec

Version :
Cisco IOS Software, Catalyst 4500 L3 Switch Software (cat4500e-IPBASEK9-M), Version 15.0(2)SG2, RELEASE SOFTWARE (fc3)
Technical Support: http://www.cisco.com/techsupport
Copyright (c) 1986-2011 by Cisco Systems, Inc.
Compiled Wed 07-Dec-11 20:20 by prod_rel_team

advertisement version: 2
VTP Management Domain: 'MonGen'
Native VLAN: 666
Duplex: full
Management address(es): 
  IP address: 172.26.2.122

-------------------------
Device ID: MGH1A-CORE.mongeneral.com
Entry address(es): 
  IP address: 172.26.2.122
Platform: cisco WS-C4507R+E,  Capabilities: Switch IGMP 
Interface: TenGigabitEthernet1/0/24,  Port ID (outgoing port): TenGigabitEthernet3/1
Holdtime : 139 sec

Version :
Cisco IOS Software, Catalyst 4500 L3 Switch Software (cat4500e-IPBASEK9-M), Version 15.0(2)SG2, RELEASE SOFTWARE (fc3)
Technical Support: http://www.cisco.com/techsupport
Copyright (c) 1986-2011 by Cisco Systems, Inc.
Compiled Wed 07-Dec-11 20:20 by prod_rel_team

advertisement version: 2
VTP Management Domain: 'MonGen'
Native VLAN: 666
Duplex: full
Management address(es): 
  IP address: 172.26.2.122


Total cdp entries displayed : 38
1ST_NT_MDF_SW01#
DEBUG:paramiko.transport:starting thread (client mode): 0xcaaae100
DEBUG:paramiko.transport:Local version/idstring: SSH-2.0-paramiko_2.7.1
DEBUG:paramiko.transport:Remote version/idstring: SSH-2.0-Cisco-1.25
INFO:paramiko.transport:Connected (version 2.0, client Cisco-1.25)
DEBUG:paramiko.transport:kex algos:['diffie-hellman-group-exchange-sha1', 'diffie-hellman-group14-sha1', 'diffie-hellman-group1-sha1'] server key:['ssh-rsa'] client encrypt:['aes128-ctr', 'aes192-ctr', 'aes256-ctr', 'aes128-cbc', '3des-cbc', 'aes192-cbc', 'aes256-cbc'] server encrypt:['aes128-ctr', 'aes192-ctr', 'aes256-ctr', 'aes128-cbc', '3des-cbc', 'aes192-cbc', 'aes256-cbc'] client mac:['hmac-sha1', 'hmac-sha1-96'] server mac:['hmac-sha1', 'hmac-sha1-96'] client compress:['none'] server compress:['none'] client lang:[''] server lang:[''] kex follows?False
DEBUG:paramiko.transport:Kex agreed: diffie-hellman-group-exchange-sha1
DEBUG:paramiko.transport:HostKey agreed: ssh-rsa
DEBUG:paramiko.transport:Cipher agreed: aes128-ctr
DEBUG:paramiko.transport:MAC agreed: hmac-sha1
DEBUG:paramiko.transport:Compression agreed: none
DEBUG:paramiko.transport:Got server p (2048 bits)
DEBUG:paramiko.transport:kex engine KexGex specified hash_algo <built-in function openssl_sha1>
DEBUG:paramiko.transport:Switch to new keys ...
DEBUG:paramiko.transport:Adding ssh-rsa host key for 1st_nt_mdf_sw01.mhs.org: b'dff1cc3dbc8e67a39efef4da8ecb0472'
DEBUG:paramiko.transport:userauth is OK
INFO:paramiko.transport:Authentication (password) successful!
DEBUG:paramiko.transport:[chan 0] Max packet in: 32768 bytes
DEBUG:paramiko.transport:[chan 0] Max packet out: 4096 bytes
DEBUG:paramiko.transport:Secsh channel 0 opened.
DEBUG:paramiko.transport:[chan 0] Sesch channel 0 request ok
DEBUG:paramiko.transport:[chan 0] Sesch channel 0 request ok
DEBUG:netmiko:read_channel: 
------------------------------------------------------------------------------------
WARNING:


This system is for the use of authorized clients only. Individuals using the
computer network system without authorization, or in excess of their authorization,
are subject to having all their activity on this computer network system monitored
and recorded by system personnel.  To protect the computer network system from
unauthorized use and to ensure the computer network system is functioning properly,
system administrators monitor this system.  Anyone using this computer network
system expressly consents to such monitoring and is advised that if such monitoring
reveals possible conduct of criminal activity, system personnel may provide the
evidence of such activity to law enforcement officers.

Access is restricted to authorized users only.

Unauthorized access is a violation of state and federal, civil and criminal laws.
------------------------------------------------------------------------------------

1ST_NT_MDF_SW01>
DEBUG:netmiko:read_channel: 
DEBUG:netmiko:read_channel: 
DEBUG:netmiko:read_channel: 
DEBUG:netmiko:write_channel: b'\n'
DEBUG:netmiko:read_channel: 

DEBUG:netmiko:read_channel: 
DEBUG:netmiko:write_channel: b'\n'
DEBUG:netmiko:read_channel: 1ST_NT_MDF_SW01>
DEBUG:netmiko:read_channel: 
1ST_NT_MDF_SW01>
DEBUG:netmiko:Clear buffer detects data in the channel
DEBUG:netmiko:read_channel: 
DEBUG:netmiko:[find_prompt()]: prompt is 1ST_NT_MDF_SW01>
DEBUG:netmiko:read_channel: 
DEBUG:netmiko:In disable_paging
DEBUG:netmiko:Command: terminal length 0

DEBUG:netmiko:write_channel: b'terminal length 0\n'
DEBUG:netmiko:Pattern is: terminal\ length\ 0
DEBUG:netmiko:_read_channel_expect read_data: t
DEBUG:netmiko:_read_channel_expect read_data: e
DEBUG:netmiko:_read_channel_expect read_data: rm
DEBUG:netmiko:_read_channel_expect read_data: in
DEBUG:netmiko:_read_channel_expect read_data: al
DEBUG:netmiko:_read_channel_expect read_data:  l
DEBUG:netmiko:_read_channel_expect read_data: en
DEBUG:netmiko:_read_channel_expect read_data: gt
DEBUG:netmiko:_read_channel_expect read_data: h 
DEBUG:netmiko:_read_channel_expect read_data: 0
1ST_NT_MDF_SW01>
DEBUG:netmiko:Pattern found: terminal\ length\ 0 terminal length 0
1ST_NT_MDF_SW01>
DEBUG:netmiko:terminal length 0
1ST_NT_MDF_SW01>
DEBUG:netmiko:Exiting disable_paging
DEBUG:netmiko:write_channel: b'terminal width 511\n'
DEBUG:netmiko:Pattern is: terminal\ width\ 511
DEBUG:netmiko:_read_channel_expect read_data: t
DEBUG:netmiko:_read_channel_expect read_data: er
DEBUG:netmiko:_read_channel_expect read_data: mi
DEBUG:netmiko:_read_channel_expect read_data: n
DEBUG:netmiko:_read_channel_expect read_data: al 
DEBUG:netmiko:_read_channel_expect read_data: w
DEBUG:netmiko:_read_channel_expect read_data: id
DEBUG:netmiko:_read_channel_expect read_data: th
DEBUG:netmiko:_read_channel_expect read_data:  5
DEBUG:netmiko:_read_channel_expect read_data: 11
DEBUG:netmiko:Pattern found: terminal\ width\ 511 terminal width 511
DEBUG:netmiko:read_channel: 
1ST_NT_MDF_SW01>
DEBUG:netmiko:Clear buffer detects data in the channel
DEBUG:netmiko:read_channel: 
DEBUG:netmiko:write_channel: b'\n'
DEBUG:netmiko:Pattern is: 1ST_NT_MDF_SW01
DEBUG:netmiko:_read_channel_expect read_data: 

DEBUG:netmiko:_read_channel_expect read_data: 1ST_NT_MDF_SW01>
DEBUG:netmiko:Pattern found: 1ST_NT_MDF_SW01 
1ST_NT_MDF_SW01>
DEBUG:netmiko:write_channel: b'enable\n'
DEBUG:netmiko:Pattern is: (1ST_NT_MDF_SW01|ssword)
DEBUG:netmiko:_read_channel_expect read_data: e
DEBUG:netmiko:_read_channel_expect read_data: na
DEBUG:netmiko:_read_channel_expect read_data: b
DEBUG:netmiko:_read_channel_expect read_data: le
DEBUG:netmiko:_read_channel_expect read_data: 
Password: 
DEBUG:netmiko:Pattern found: (1ST_NT_MDF_SW01|ssword) enable
Password: 
DEBUG:netmiko:write_channel: b'change-mgh\n'
DEBUG:netmiko:Pattern is: 1ST_NT_MDF_SW01
DEBUG:netmiko:_read_channel_expect read_data: 
1ST_NT_MDF_SW01#
DEBUG:netmiko:Pattern found: 1ST_NT_MDF_SW01 
1ST_NT_MDF_SW01#
DEBUG:netmiko:write_channel: b'\n'
DEBUG:netmiko:Pattern is: 1ST_NT_MDF_SW01
DEBUG:netmiko:_read_channel_expect read_data: 

DEBUG:netmiko:_read_channel_expect read_data: 1ST_NT_MDF_SW01#
DEBUG:netmiko:Pattern found: 1ST_NT_MDF_SW01 
1ST_NT_MDF_SW01#
DEBUG:netmiko:read_channel: 
DEBUG:netmiko:write_channel: b'\n'
DEBUG:netmiko:read_channel: 
DEBUG:netmiko:read_channel: 
DEBUG:netmiko:write_channel: b'\n'
DEBUG:netmiko:read_channel: 

DEBUG:netmiko:write_channel: b'\n'
DEBUG:netmiko:read_channel: 1ST_NT_MDF_SW01#
1ST_NT_MDF_SW01#
DEBUG:netmiko:read_channel: 
1ST_NT_MDF_SW01#
DEBUG:netmiko:Clear buffer detects data in the channel
DEBUG:netmiko:read_channel: 
DEBUG:netmiko:[find_prompt()]: prompt is 1ST_NT_MDF_SW01#
DEBUG:netmiko:read_channel: 
DEBUG:netmiko:write_channel: b'sh cdp neighbors detail\n'
DEBUG:netmiko:Pattern is: sh\ cdp\ neighbors\ detail
DEBUG:netmiko:_read_channel_expect read_data: s
DEBUG:netmiko:_read_channel_expect read_data: h
DEBUG:netmiko:_read_channel_expect read_data:  c
DEBUG:netmiko:_read_channel_expect read_data: dp 
DEBUG:netmiko:_read_channel_expect read_data: n
DEBUG:netmiko:_read_channel_expect read_data: ei
DEBUG:netmiko:_read_channel_expect read_data: gh
DEBUG:netmiko:_read_channel_expect read_data: bo
DEBUG:netmiko:_read_channel_expect read_data: rs
DEBUG:netmiko:_read_channel_expect read_data:  d
DEBUG:netmiko:_read_channel_expect read_data: e
DEBUG:netmiko:_read_channel_expect read_data: tai
DEBUG:netmiko:_read_channel_expect read_data: l
DEBUG:netmiko:Pattern found: sh\ cdp\ neighbors\ detail sh cdp neighbors detail
DEBUG:netmiko:read_channel: 
-------------------------
Device ID: 3rd_nt_sw01.mongeneral.com
Entry address(es): 
  IP address: 172.29.10.21
Platform: cisco WS-C2960X-48FPD-L,  Capabilities: Switch IGMP 
Interface: TenGigabitEthernet2/0/12,  Port ID (outgoing port): TenGigabitEthernet2/0/1
Holdtime : 145 sec

Version :
Cisco IOS Software, C2960X Software (C2960X-UNIVERSALK9-M), Version 15.2(2)E5, RELEASE SOFTWARE (fc2)
Technical Support: http://www.cisco.com/techsupport
Copyright (c) 1986-2016 by Cisco Systems, Inc.
Compiled Thu 02-Jun-16 01:31 by prod_rel_team

advertisement version: 2
Protocol Hello:  OUI=0x00000C, Protocol ID=0x0112; payload len=27, value=00000000FFFFFFFF010225010000000000000038DF86BA00FF0000
VTP Management Domain: ''
Native VLAN: 666
Duplex: full
Management address(es): 
  IP address: 172.29.10.21

-------------------------
Device ID: 3rd_nt_sw01.mongeneral.com
Entry address(es): 
  IP address: 172.29.10.21
Platform: cisco WS-C2960X-48FPD-L,  Capabilities: Switch IGMP 
Interface: TenGigabitEthernet1/0/12,  Port ID (outgoing port): TenGigabitEthernet1/0/1
Holdtime : 173 sec

Version :
Cisco IOS Software, C2960X Software (C2960X-UNIVERSALK9-M), Version 15.2(2)E5, RELEASE SOFTWARE (fc2)
Technical Support: http://www.cisco.com/techsupport
Copyright (c) 1986-2016 by Cisco Systems, Inc.
Compiled Thu 02-Jun-16 01:31 by prod_rel_team

advertisement version: 2
Protocol Hello:  OUI=0x00000C, Protocol ID=0x0112; payload len=27, value=00000000FFFFFFFF010225010000000000000038DF86BA00FF0000
VTP Management Domain: ''
Native VLAN: 666
Duplex: full
Management address(es): 
  IP address: 172.29.10.21

-------------------------
Device ID: 2nd_st_sw01.mongeneral.com
Entry address(es): 
  IP address: 172.29.10.12
Platform: cisco WS-C2960X-48FPD-L,  Capabilities: Switch IGMP 
Interface: TenGigabitEthernet2/0/3,  Port ID (outgoing port): TenGigabitEthernet2/0/1
Holdtime : 151 sec

Version :
Cisco IOS Software, C2960X Software (C2960X-UNIVERSALK9-M), Version 15.2(2)E5, RELEASE SOFTWARE (fc2)
Technical Support: http://www.cisco.com/techsupport
Copyright (c) 1986-2016 by Cisco Systems, Inc.
Compiled Thu 02-Jun-16 01:31 by prod_rel_team

advertisement version: 2
Protocol Hello:  OUI=0x00000C, Protocol ID=0x0112; payload len=27, value=00000000FFFFFFFF010225010000000000000038DF751E00FF0000
VTP Management Domain: ''
Native VLAN: 666
Duplex: full
Management address(es): 
  IP address: 172.29.10.12

-------------------------
Device ID: 2nd_st_sw01.mongeneral.com
Entry address(es): 
  IP address: 172.29.10.12
Platform: cisco WS-C2960X-48FPD-L,  Capabilities: Switch IGMP 
Interface: TenGigabitEthernet1/0/3,  Port ID (outgoing port): TenGigabitEthernet1/0/1
Holdtime : 147 sec

Version :
Cisco IOS Software, C2960X Software (C2960X-UNIVERSALK9-M), Version 15.2(2)E5, RELEASE SOFTWARE (fc2)
Technical Support: http://www.cisco.com/techsupport
Copyright (c) 1986-2016 by Cisco Systems, Inc.
Compiled Thu 02-Jun-16 01:31 by prod_rel_team

advertisement version: 2
Protocol Hello:  OUI=0x00000C, Protocol ID=0x0112; payload len=27, value=00000000FFFFFFFF010225010000000000000038DF751E00FF0000
VTP Management Domain: ''
Native VLAN: 666
Duplex: full
Management address(es): 
  IP address: 172.29.10.12

-------------------------
Device ID: 3rd_nt_sw02.mongeneral.com
Entry address(es): 
  IP address: 172.29.10.22
Platform: cisco WS-C2960X-48FPD-L,  Capabilities: Switch IGMP 
Interface: TenGigabitEthernet1/0/13,  Port ID (outgoing port): TenGigabitEthernet1/0/1
Holdtime : 168 sec

Version :
Cisco IOS Software, C2960X Software (C2960X-UNIVERSALK9-M), Version 15.2(2)E5, RELEASE SOFTWARE (fc2)
Technical Support: http://www.cisco.com/techsupport
Copyright (c) 1986-2016 by Cisco Systems, Inc.
Compiled Thu 02-Jun-16 01:31 by prod_rel_team

advertisement version: 2
Protocol Hello:  OUI=0x00000C, Protocol ID=0x0112; payload len=27, value=00000000FFFFFFFF010225010000000000000038DF0F6A00FF0000
VTP Management Domain: ''
Native VLAN: 666
Duplex: full
Management address(es): 
  IP address: 172.29.10.22

-------------------------
Device ID: 3rd_nt_sw02.mongeneral.com
Entry address(es): 
  IP address: 172.29.10.22
Platform: cisco WS-C2960X-48FPD-L,  Capabilities: Switch IGMP 
Interface: TenGigabitEthernet2/0/13,  Port ID (outgoing port): TenGigabitEthernet2/0/1
Holdtime : 144 sec

Version :
Cisco IOS Software, C2960X Software (C2960X-UNIVERSALK9-M), Version 15.2(2)E5, RELEASE SOFTWARE (fc2)
Technical Support: http://www.cisco.com/techsupport
Copyright (c) 1986-2016 by Cisco Systems, Inc.
Compiled Thu 02-Jun-16 01:31 by prod_rel_team

advertisement version: 2
Protocol Hello:  OUI=0x00000C, Protocol ID=0x0112; payload len=27, value=00000000FFFFFFFF010225010000000000000038DF0F6A00FF0000
VTP Management Domain: ''
Native VLAN: 666
Duplex: full
Management address(es): 
  IP address: 172.29.10.22

-------------------------
Device ID: 1st_conf_sw01.mongeneral.com
Entry address(es): 
  IP address: 172.29.10.28
Platform: cisco WS-C2960X-48FPD-L,  Capabilities: Switch IGMP 
Interface: TenGigabitEthernet2/0/18,  Port ID (outgoing port): TenGigabitEthernet1/0/2
Holdtime : 171 sec

Version :
Cisco IOS Software, C2960X Software (C2960X-UNIVERSALK9-M), Version 15.2(2)E5, RELEASE SOFTWARE (fc2)
Technical Support: http://www.cisco.com/techsupport
Copyright (c) 1986-2016 by Cisco Systems, Inc.
Compiled Thu 02-Jun-16 01:31 by prod_rel_team

advertisement version: 2
Protocol Hello:  OUI=0x00000C, Protocol ID=0x0112; payload len=27, value=00000000FFFFFFFF010225010000000000000038DF8AB680FF0000
VTP Management Domain: ''
Native VLAN: 666
Duplex: full
Management address(es): 
  IP address: 172.29.10.28

-------------------------
Device ID: 4th_nt_sw01.mongeneral.com
Entry address(es): 
  IP address: 172.29.10.23
Platform: cisco WS-C2960X-48FPD-L,  Capabilities: Switch IGMP 
Interface: TenGigabitEthernet1/0/14,  Port ID (outgoing port): TenGigabitEthernet1/0/1
Holdtime : 165 sec

Version :
Cisco IOS Software, C2960X Software (C2960X-UNIVERSALK9-M), Version 15.2(2)E5, RELEASE SOFTWARE (fc2)
Technical Support: http://www.cisco.com/techsupport
Copyright (c) 1986-2016 by Cisco Systems, Inc.
Compiled Thu 02-Jun-16 01:31 by prod_rel_team

advertisement version: 2
Protocol Hello:  OUI=0x00000C, Protocol ID=0x0112; payload len=27, value=00000000FFFFFFFF010225010000000000000038DF875E00FF0000
VTP Management Domain: ''
Native VLAN: 666
Duplex: full
Management address(es): 
  IP address: 172.29.10.23

-------------------------
Device ID: 4th_nt_sw01.mongeneral.com
Entry address(es): 
  IP address: 172.29.10.23
Platform: cisco WS-C2960X-48FPD-L,  Capabilities: Switch IGMP 
Interface: TenGigabitEthernet2/0/14,  Port ID (outgoing port): TenGigabitEthernet2/0/1
Holdtime : 164 sec

Version :
Cisco IOS Software, C2960X Software (C2960X-UNIVERSALK9-M), Version 15.2(2)E5, RELEASE SOFTWARE (fc2)
Technical Support: http://www.cisco.com/techsupport
Copyright (c) 1986-2016 by Cisco Systems, Inc.
Compiled Thu 02-Jun-16 01:31 by prod_rel_team

advertisement version: 2
Protocol Hello:  OUI=0x00000C, Protocol ID=0x0112; payload len=27, value=00000000FFFFFFFF010225010000000000000038DF875E00FF0000
VTP Management Domain: ''
Native VLAN: 666
Duplex: full
Management address(es): 
  IP address: 172.29.10.23

-------------------------
Device ID: 1st_conf_sw01.mongeneral.com
Entry address(es): 
  IP address: 172.29.10.28
Platform: cisco WS-C2960X-48FPD-L,  Capabilities: Switch IGMP 
Interface: TenGigabitEthernet1/0/18,  Port ID (outgoing port): TenGigabitEthernet1/0/1
Holdtime : 136 sec

Version :
Cisco IOS Software, C2960X Software (C2960X-UNIVERSALK9-M), Version 15.2(2)E5, RELEASE SOFTWARE (fc2)
Technical Support: http://www.cisco.com/techsupport
Copyright (c) 1986-2016 by Cisco Systems, Inc.
Compiled Thu 02-Jun-16 01:31 by prod_rel_team

advertisement version: 2
Protocol Hello:  OUI=0x00000C, Protocol ID=0x0112; payload len=27, value=00000000FFFFFFFF010225010000000000000038DF8AB680FF0000
VTP Management Domain: ''
Native VLAN: 666
Duplex: full
Management address(es): 
  IP address: 172.29.10.28

-------------------------
Device ID: 1st_st_sw02.mongeneral.com
Entry address(es): 
  IP address: 172.29.10.11
Platform: cisco WS-C2960X-48FPD-L,  Capabilities: Switch IGMP 
Interface: TenGigabitEthernet2/0/2,  Port ID (outgoing port): TenGigabitEthernet2/0/1
Holdtime : 169 sec

Version :
Cisco IOS Software, C2960X Software (C2960X-UNIVERSALK9-M), Version 15.2(2)E5, RELEASE SOFTWARE (fc2)
Technical Support: http://www.cisco.com/techsupport
Copyright (c) 1986-2016 by Cisco Systems, Inc.
Compiled Thu 02-Jun-16 01:31 by prod_rel_team

advertisement version: 2
Protocol Hello:  OUI=0x00000C, Protocol ID=0x0112; payload len=27, value=00000000FFFFFFFF010225010000000000000038DF790600FF0000
VTP Management Domain: ''
Native VLAN: 666
Duplex: full
Management address(es): 
  IP address: 172.29.10.11

-------------------------
Device ID: 1st_st_sw02.mongeneral.com
Entry address(es): 
  IP address: 172.29.10.11
Platform: cisco WS-C2960X-48FPD-L,  Capabilities: Switch IGMP 
Interface: TenGigabitEthernet1/0/2,  Port ID (outgoing port): TenGigabitEthernet1/0/1
Holdtime : 177 sec

Version :
Cisco IOS Software, C2960X Software (C2960X-UNIVERSALK9-M), Version 15.2(2)E5, RELEASE SOFTWARE (fc2)
Technical Support: http://www.cisco.com/techsupport
Copyright (c) 1986-2016 by Cisco Systems, Inc.
Compiled Thu 02-Jun-16 01:31 by prod_rel_team

advertisement version: 2
Protocol Hello:  OUI=0x00000C, Protocol ID=0x0112; payload len=27, value=00000000FFFFFFFF010225010000000000000038DF790600FF0000
VTP Management Domain: ''
Native VLAN: 666
Duplex: full
Management address(es): 
  IP address: 172.29.10.11

-------------------------
Device ID: 5th_nt_sw01.mongeneral.com
Entry address(es): 
  IP address: 172.29.10.24
Platform: cisco WS-C2960X-48FPD-L,  Capabilities: Switch IGMP 
Interface: TenGigabitEthernet2/0/15,  Port ID (outgoing port): TenGigabitEthernet2/0/1
Holdtime : 135 sec

Version :
Cisco IOS Software, C2960X Software (C2960X-UNIVERSALK9-M), Version 15.2(2)E5, RELEASE SOFTWARE (fc2)
Technical Support: http://www.cisco.com/techsupport
Copyright (c) 1986-2016 by Cisco Systems, Inc.
Compiled Thu 02-Jun-16 01:31 by prod_rel_team

advertisement version: 2
Protocol Hello:  OUI=0x00000C, Protocol ID=0x0112; payload len=27, value=00000000FFFFFFFF010225010000000000000038DF8AE080FF0000
VTP Management Domain: ''
Native VLAN: 666
Duplex: full
Management address(es): 
  IP address: 172.29.10.24

-------------------------
Device ID: 5th_nt_sw01.mongeneral.com
Entry address(es): 
  IP address: 172.29.10.24
Platform: cisco WS-C2960X-48FPD-L,  Capabilities: Switch IGMP 
Interface: TenGigabitEthernet1/0/15,  Port ID (outgoing port): TenGigabitEthernet1/0/1
Holdtime : 147 sec

Version :
Cisco IOS Software, C2960X Software (C2960X-UNIVERSALK9-M), Version 15.2(2)E5, RELEASE SOFTWARE (fc2)
Technical Support: http://www.cisco.com/techsupport
Copyright (c) 1986-2016 by Cisco Systems, Inc.
Compiled Thu 02-Jun-16 01:31 by prod_rel_team

advertisement version: 2
Protocol Hello:  OUI=0x00000C, Protocol ID=0x0112; payload len=27, value=00000000FFFFFFFF010225010000000000000038DF8AE080FF0000
VTP Management Domain: ''
Native VLAN: 666
Duplex: full
Management address(es): 
  IP address: 172.29.10.24

-------------------------
Device ID: 6th_nt_sw01.mongeneral.com
Entry address(es): 
  IP address: 172.29.10.26
Platform: cisco WS-C2960X-48FPD-L,  Capabilities: Switch IGMP 
Interface: TenGigabitEthernet2/0/17,  Port ID (outgoing port): TenGigabitEthernet2/0/2
Holdtime : 176 sec

Version :
Cisco IOS Software, C2960X Software (C2960X-UNIVERSALK9-M), Version 15.2(2)E5, RELEASE SOFTWARE (fc2)
Technical Support: http://www.cisco.com/techsupport
Copyright (c) 1986-2016 by Cisco Systems, Inc.
Compiled Thu 02-Jun-16 01:31 by prod_rel_team

advertisement version: 2
Protocol Hello:  OUI=0x00000C, Protocol ID=0x0112; payload len=27, value=00000000FFFFFFFF010225010000000000000038DF86E980FF0000
VTP Management Domain: ''
Native VLAN: 666
Duplex: full
Management address(es): 
  IP address: 172.29.10.26

-------------------------
Device ID: 5th_nt_sw02.mongeneral.com
Entry address(es): 
  IP address: 172.29.10.25
Platform: cisco WS-C2960X-48FPD-L,  Capabilities: Switch IGMP 
Interface: TenGigabitEthernet1/0/16,  Port ID (outgoing port): TenGigabitEthernet1/0/1
Holdtime : 142 sec

Version :
Cisco IOS Software, C2960X Software (C2960X-UNIVERSALK9-M), Version 15.2(2)E5, RELEASE SOFTWARE (fc2)
Technical Support: http://www.cisco.com/techsupport
Copyright (c) 1986-2016 by Cisco Systems, Inc.
Compiled Thu 02-Jun-16 01:31 by prod_rel_team

advertisement version: 2
Protocol Hello:  OUI=0x00000C, Protocol ID=0x0112; payload len=27, value=00000000FFFFFFFF010225010000000000000038DF0FAB00FF0000
VTP Management Domain: ''
Native VLAN: 666
Duplex: full
Management address(es): 
  IP address: 172.29.10.25

-------------------------
Device ID: 6th_nt_sw01.mongeneral.com
Entry address(es): 
  IP address: 172.29.10.26
Platform: cisco WS-C2960X-48FPD-L,  Capabilities: Switch IGMP 
Interface: TenGigabitEthernet1/0/17,  Port ID (outgoing port): TenGigabitEthernet1/0/1
Holdtime : 175 sec

Version :
Cisco IOS Software, C2960X Software (C2960X-UNIVERSALK9-M), Version 15.2(2)E5, RELEASE SOFTWARE (fc2)
Technical Support: http://www.cisco.com/techsupport
Copyright (c) 1986-2016 by Cisco Systems, Inc.
Compiled Thu 02-Jun-16 01:31 by prod_rel_team

advertisement version: 2
Protocol Hello:  OUI=0x00000C, Protocol ID=0x0112; payload len=27, value=00000000FFFFFFFF010225010000000000000038DF86E980FF0000
VTP Management Domain: ''
Native VLAN: 666
Duplex: full
Management address(es): 
  IP address: 172.29.10.26

-------------------------
Device ID: 5th_nt_sw02.mongeneral.com
Entry address(es): 
  IP address: 172.29.10.25
Platform: cisco WS-C2960X-48FPD-L,  Capabilities: Switch IGMP 
Interface: TenGigabitEthernet2/0/16,  Port ID (outgoing port): TenGigabitEthernet2/0/1
Holdtime : 134 sec

Version :
Cisco IOS Software, C2960X Software (C2960X-UNIVERSALK9-M), Version 15.2(2)E5, RELEASE SOFTWARE (fc2)
Technical Support: http://www.cisco.com/techsupport
Copyright (c) 1986-2016 by Cisco Systems, Inc.
Compiled Thu 02-Jun-16 01:31 by prod_rel_team

advertisement version: 2
Protocol Hello:  OUI=0x00000C, Protocol ID=0x0112; payload len=27, value=00000000FFFFFFFF010225010000000000000038DF0FAB00FF0000
VTP Management Domain: ''
Native VLAN: 666
Duplex: full
Management address(es): 
  IP address: 172.29.10.25

-------------------------
Device ID: 1st_st_sw01.mongeneral.com
Entry address(es): 
  IP address: 172.29.10.10
Platform: cisco WS-C2960X-48FPD-L,  Capabilities: Switch IGMP 
Interface: TenGigabitEthernet2/0/1,  Port ID (outgoing port): TenGigabitEthernet2/0/1
Holdtime : 159 sec

Version :
Cisco IOS Software, C2960X Software (C2960X-UNIVERSALK9-M), Version 15.2(2)E5, RELEASE SOFTWARE (fc2)
Technical Support: http://www.cisco.com/techsupport
Copyright (c) 1986-2016 by Cisco Systems, Inc.
Compiled Thu 02-Jun-16 01:31 by prod_rel_team

advertisement version: 2
Protocol Hello:  OUI=0x00000C, Protocol ID=0x0112; payload len=27, value=00000000FFFFFFFF010225010000000000000038DF86E780FF0000
VTP Management Domain: ''
Native VLAN: 666
Duplex: full
Management address(es): 
  IP address: 172.29.10.10

-------------------------
Device ID: 1st_st_sw01.mongeneral.com
Entry address(es): 
  IP address: 172.29.10.10
Platform: cisco WS-C2960X-48FPD-L,  Capabilities: Switch IGMP 
Interface: TenGigabitEthernet1/0/1,  Port ID (outgoing port): TenGigabitEthernet1/0/1
Holdtime : 170 sec

Version :
Cisco IOS Software, C2960X Software (C2960X-UNIVERSALK9-M), Version 15.2(2)E5, RELEASE SOFTWARE (fc2)
Technical Support: http://www.cisco.com/techsupport
Copyright (c) 1986-2016 by Cisco Systems, Inc.
Compiled Thu 02-Jun-16 01:31 by prod_rel_team

advertisement version: 2
Protocol Hello:  OUI=0x00000C, Protocol ID=0x0112; payload len=27, value=00000000FFFFFFFF010225010000000000000038DF86E780FF0000
VTP Management Domain: ''
Native VLAN: 6
DEBUG:netmiko:read_channel: 66
Duplex: full
Management address(es): 
  IP address: 172.29.10.10

-------------------------
Device ID: 5th_st_sw01.mongeneral.com
Entry address(es): 
  IP address: 172.29.10.16
Platform: cisco WS-C2960X-48FPD-L,  Capabilities: Switch IGMP 
Interface: TenGigabitEthernet2/0/7,  Port ID (outgoing port): TenGigabitEthernet2/0/1
Holdtime : 153 sec

Version :
Cisco IOS Software, C2960X Software (C2960X-UNIVERSALK9-M), Version 15.2(2)E5, RELEASE SOFTWARE (fc2)
Technical Support: http://www.cisco.com/techsupport
Copyright (c) 1986-2016 by Cisco Systems, Inc.
Compiled Thu 02-Jun-16 01:31 by prod_rel_team

advertisement version: 2
Protocol Hello:  OUI=0x00000C, Protocol ID=0x0112; payload len=27, value=00000000FFFFFFFF010225010000000000000038DF8AC580FF0000
VTP Management Domain: ''
Native VLAN: 666
Duplex: full
Management address(es): 
  IP address: 172.29.10.16

-------------------------
Device ID: 5th_st_sw01.mongeneral.com
Entry address(es): 
  IP address: 172.29.10.16
Platform: cisco WS-C2960X-48FPD-L,  Capabilities: Switch IGMP 
Interface: TenGigabitEthernet1/0/7,  Port ID (outgoing port): TenGigabitEthernet1/0/1
Holdtime : 176 sec

Version :
Cisco IOS Software, C2960X Software (C2960X-UNIVERSALK9-M), Version 15.2(2)E5, RELEASE SOFTWARE (fc2)
Technical Support: http://www.cisco.com/techsupport
Copyright (c) 1986-2016 by Cisco Systems, Inc.
Compiled Thu 02-Jun-16 01:31 by prod_rel_team

advertisement version: 2
Protocol Hello:  OUI=0x00000C, Protocol ID=0x0112; payload len=27, value=00000000FFFFFFFF010225010000000000000038DF8AC580FF0000
VTP Management Domain: ''
Native VLAN: 666
Duplex: full
Management address(es): 
  IP address: 172.29.10.16

-------------------------
Device ID: 4th_st_sw01.mongeneral.com
Entry address(es): 
  IP address: 172.29.10.15
Platform: cisco WS-C2960X-48FPD-L,  Capabilities: Switch IGMP 
Interface: TenGigabitEthernet2/0/6,  Port ID (outgoing port): TenGigabitEthernet2/0/1
Holdtime : 169 sec

Version :
Cisco IOS Software, C2960X Software (C2960X-UNIVERSALK9-M), Version 15.2(2)E5, RELEASE SOFTWARE (fc2)
Technical Support: http://www.cisco.com/techsupport
Copyright (c) 1986-2016 by Cisco Systems, Inc.
Compiled Thu 02-Jun-16 01:31 by prod_rel_team

advertisement version: 2
Protocol Hello:  OUI=0x00000C, Protocol ID=0x0112; payload len=27, value=00000000FFFFFFFF010225010000000000000038DF876500FF0000
VTP Management Domain: ''
Native VLAN: 666
Duplex: full
Management address(es): 
  IP address: 172.29.10.15

-------------------------
Device ID: 4th_st_sw01.mongeneral.com
Entry address(es): 
  IP address: 172.29.10.15
Platform: cisco WS-C2960X-48FPD-L,  Capabilities: Switch IGMP 
Interface: TenGigabitEthernet1/0/6,  Port ID (outgoing port): TenGigabitEthernet1/0/1
Holdtime : 154 sec

Version :
Cisco IOS Software, C2960X Software (C2960X-UNIVERSALK9-M), Version 15.2(2)E5, RELEASE SOFTWARE (fc2)
Technical Support: http://www.cisco.com/techsupport
Copyright (c) 1986-2016 by Cisco Systems, Inc.
Compiled Thu 02-Jun-16 01:31 by prod_rel_team

advertisement version: 2
Protocol Hello:  OUI=0x00000C, Protocol ID=0x0112; payload len=27, value=00000000FFFFFFFF010225010000000000000038DF876500FF0000
VTP Management Domain: ''
Native VLAN: 666
Duplex: full
Management address(es): 
  IP address: 172.29.10.15

-------------------------
Device ID: 1st_nt_sw01.mongeneral.com
Entry address(es): 
  IP address: 172.29.10.17
Platform: cisco WS-C2960X-48FPD-L,  Capabilities: Switch IGMP 
Interface: TenGigabitEthernet2/0/8,  Port ID (outgoing port): TenGigabitEthernet2/0/1
Holdtime : 169 sec

Version :
Cisco IOS Software, C2960X Software (C2960X-UNIVERSALK9-M), Version 15.2(2)E5, RELEASE SOFTWARE (fc2)
Technical Support: http://www.cisco.com/techsupport
Copyright (c) 1986-2016 by Cisco Systems, Inc.
Compiled Thu 02-Jun-16 01:31 by prod_rel_team

advertisement version: 2
Protocol Hello:  OUI=0x00000C, Protocol ID=0x0112; payload len=27, value=00000000FFFFFFFF010225010000000000000038DF0FAA00FF0000
VTP Management Domain: ''
Native VLAN: 666
Duplex: full
Management address(es): 
  IP address: 172.29.10.17

-------------------------
Device ID: 1st_nt_sw01.mongeneral.com
Entry address(es): 
  IP address: 172.29.10.17
Platform: cisco WS-C2960X-48FPD-L,  Capabilities: Switch IGMP 
Interface: TenGigabitEthernet1/0/8,  Port ID (outgoing port): TenGigabitEthernet1/0/1
Holdtime : 162 sec

Version :
Cisco IOS Software, C2960X Software (C2960X-UNIVERSALK9-M), Version 15.2(2)E5, RELEASE SOFTWARE (fc2)
Technical Support: http://www.cisco.com/techsupport
Copyright (c) 1986-2016 by Cisco Systems, Inc.
Compiled Thu 02-Jun-16 01:31 by prod_rel_team

advertisement version: 2
Protocol Hello:  OUI=0x00000C, Protocol ID=0x0112; payload len=27, value=00000000FFFFFFFF010225010000000000000038DF0FAA00FF0000
VTP Management Domain: ''
Native VLAN: 666
Duplex: full
Management address(es): 
  IP address: 172.29.10.17

-------------------------
Device ID: 2nd_nt_sw01.mongeneral.com
Entry address(es): 
  IP address: 172.29.10.18
Platform: cisco WS-C2960X-24PS-L,  Capabilities: Switch IGMP 
Interface: TenGigabitEthernet2/0/9,  Port ID (outgoing port): TenGigabitEthernet2/0/1
Holdtime : 161 sec

Version :
Cisco IOS Software, C2960X Software (C2960X-UNIVERSALK9-M), Version 15.2(2)E5, RELEASE SOFTWARE (fc2)
Technical Support: http://www.cisco.com/techsupport
Copyright (c) 1986-2016 by Cisco Systems, Inc.
Compiled Thu 02-Jun-16 01:31 by prod_rel_team

advertisement version: 2
Protocol Hello:  OUI=0x00000C, Protocol ID=0x0112; payload len=27, value=00000000FFFFFFFF010225010000000000002C0BE9784300FF0000
VTP Management Domain: ''
Native VLAN: 666
Duplex: full
Management address(es): 
  IP address: 172.29.10.18

-------------------------
Device ID: 2nd_nt_sw01.mongeneral.com
Entry address(es): 
  IP address: 172.29.10.18
Platform: cisco WS-C2960X-24PS-L,  Capabilities: Switch IGMP 
Interface: TenGigabitEthernet1/0/9,  Port ID (outgoing port): TenGigabitEthernet1/0/1
Holdtime : 152 sec

Version :
Cisco IOS Software, C2960X Software (C2960X-UNIVERSALK9-M), Version 15.2(2)E5, RELEASE SOFTWARE (fc2)
Technical Support: http://www.cisco.com/techsupport
Copyright (c) 1986-2016 by Cisco Systems, Inc.
Compiled Thu 02-Jun-16 01:31 by prod_rel_team

advertisement version: 2
Protocol Hello:  OUI=0x00000C, Protocol ID=0x0112; payload len=27, value=00000000FFFFFFFF010225010000000000002C0BE9784300FF0000
VTP Management Domain: ''
Native VLAN: 666
Duplex: full
Management address(es): 
  IP address: 172.29.10.18

-------------------------
Device ID: 3rd_st_sw01.mongeneral.com
Entry address(es): 
  IP address: 172.29.10.13
Platform: cisco WS-C2960X-48FPD-L,  Capabilities: Switch IGMP 
Interface: TenGigabitEthernet2/0/4,  Port ID (outgoing port): TenGigabitEthernet2/0/1
Holdtime : 165 sec

Version :
Cisco IOS Software, C2960X Software (C2960X-UNIVERSALK9-M), Version 15.2(2)E5, RELEASE SOFTWARE (fc2)
Technical Support: http://www.cisco.com/techsupport
Copyright (c) 1986-2016 by Cisco Systems, Inc.
Compiled Thu 02-Jun-16 01:31 by prod_rel_team

advertisement version: 2
Protocol Hello:  OUI=0x00000C, Protocol ID=0x0112; payload len=27, value=00000000FFFFFFFF010225010000000000000038DF790280FF0000
VTP Management Domain: ''
Native VLAN: 666
Duplex: full
Management address(es): 
  IP address: 172.29.10.13

-------------------------
Device ID: 3rd_st_sw01.mongeneral.com
Entry address(es): 
  IP address: 172.29.10.13
Platform: cisco WS-C2960X-48FPD-L,  Capabilities: Switch IGMP 
Interface: TenGigabitEthernet1/0/4,  Port ID (outgoing port): TenGigabitEthernet1/0/1
Holdtime : 123 sec

Version :
Cisco IOS Software, C2960X Software (C2960X-UNIVERSALK9-M), Version 15.2(2)E5, RELEASE SOFTWARE (fc2)
Technical Support: http://www.cisco.com/techsupport
Copyright (c) 1986-2016 by Cisco Systems, Inc.
Compiled Thu 02-Jun-16 01:31 by prod_rel_team

advertisement version: 2
Protocol Hello:  OUI=0x00000C, Protocol ID=0x0112; payload len=27, value=00000000FFFFFFFF010225010000000000000038DF790280FF0000
VTP Management 
DEBUG:netmiko:read_channel: Domain: ''
Native VLAN: 666
Duplex: full
Management address(es): 
  IP address: 172.29.10.13

-------------------------
Device ID: 2nd_nt_sw03.mongeneral.com
Entry address(es): 
  IP address: 172.29.10.20
Platform: cisco WS-C2960X-48FPD-L,  Capabilities: Switch IGMP 
Interface: TenGigabitEthernet1/0/11,  Port ID (outgoing port): TenGigabitEthernet1/0/1
Holdtime : 163 sec

Version :
Cisco IOS Software, C2960X Software (C2960X-UNIVERSALK9-M), Version 15.2(2)E5, RELEASE SOFTWARE (fc2)
Technical Support: http://www.cisco.com/techsupport
Copyright (c) 1986-2016 by Cisco Systems, Inc.
Compiled Thu 02-Jun-16 01:31 by prod_rel_team

advertisement version: 2
Protocol Hello:  OUI=0x00000C, Protocol ID=0x0112; payload len=27, value=00000000FFFFFFFF010225010000000000000038DF0F4900FF0000
VTP Management Domain: ''
Native VLAN: 666
Duplex: full
Management address(es): 
  IP address: 172.29.10.20

-------------------------
Device ID: 2nd_nt_sw03.mongeneral.com
Entry address(es): 
  IP address: 172.29.10.20
Platform: cisco WS-C2960X-48FPD-L,  Capabilities: Switch IGMP 
Interface: TenGigabitEthernet2/0/11,  Port ID (outgoing port): TenGigabitEthernet2/0/1
Holdtime : 149 sec

Version :
Cisco IOS Software, C2960X Software (C2960X-UNIVERSALK9-M), Version 15.2(2)E5, RELEASE SOFTWARE (fc2)
Technical Support: http://www.cisco.com/techsupport
Copyright (c) 1986-2016 by Cisco Systems, Inc.
Compiled Thu 02-Jun-16 01:31 by prod_rel_team

advertisement version: 2
Protocol Hello:  OUI=0x00000C, Protocol ID=0x0112; payload len=27, value=00000000FFFFFFFF010225010000000000000038DF0F4900FF0000
VTP Management Domain: ''
Native VLAN: 666
Duplex: full
Management address(es): 
  IP address: 172.29.10.20

-------------------------
Device ID: 3rd_st_sw02.mongeneral.com
Entry address(es): 
  IP address: 172.29.10.14
Platform: cisco WS-C2960X-48FPD-L,  Capabilities: Switch IGMP 
Interface: TenGigabitEthernet1/0/5,  Port ID (outgoing port): TenGigabitEthernet1/0/1
Holdtime : 134 sec

Version :
Cisco IOS Software, C2960X Software (C2960X-UNIVERSALK9-M), Version 15.2(2)E6, RELEASE SOFTWARE (fc1)
Technical Support: http://www.cisco.com/techsupport
Copyright (c) 1986-2016 by Cisco Systems, Inc.
Compiled Fri 16-Dec-16 21:27 by prod_rel_team

advertisement version: 2
Protocol Hello:  OUI=0x00000C, Protocol ID=0x0112; payload len=27, value=00000000FFFFFFFF0102250100000000000000C1B1B8BC80FF0000
VTP Management Domain: ''
Native VLAN: 666
Duplex: full
Management address(es): 
  IP address: 172.29.10.14

-------------------------
Device ID: 2nd_nt_sw02.mongeneral.com
Entry address(es): 
  IP address: 172.29.10.19
Platform: cisco WS-C2960X-48FPD-L,  Capabilities: Switch IGMP 
Interface: TenGigabitEthernet2/0/10,  Port ID (outgoing port): TenGigabitEthernet2/0/1
Holdtime : 122 sec

Version :
Cisco IOS Software, C2960X Software (C2960X-UNIVERSALK9-M), Version 15.2(2)E5, RELEASE SOFTWARE (fc2)
Technical Support: http://www.cisco.com/techsupport
Copyright (c) 1986-2016 by Cisco Systems, Inc.
Compiled Thu 02-Jun-16 01:31 by prod_rel_team

advertisement version: 2
Protocol Hello:  OUI=0x00000C, Protocol ID=0x0112; payload len=27, value=00000000FFFFFFFF010225010000000000000038DF8ACD80FF0000
VTP Management Domain: ''
Native VLAN: 666
Duplex: full
Management address(es): 
  IP address: 172.29.10.19

-------------------------
Device ID: 3rd_st_sw02.mongeneral.com
Entry address(es): 
  IP address: 172.29.10.14
Platform: cisco WS-C2960X-48FPD-L,  Capabilities: Switch IGMP 
Interface: TenGigabitEthernet2/0/5,  Port ID (outgoing port): TenGigabitEthernet2/0/1
Holdtime : 144 sec

Version :
Cisco IOS Software, C2960X Software (C2960X-UNIVERSALK9-M), Version 15.2(2)E6, RELEASE SOFTWARE (fc1)
Technical Support: http://www.cisco.com/techsupport
Copyright (c) 1986-2016 by Cisco Systems, Inc.
Compiled Fri 16-Dec-16 21:27 by prod_rel_team

advertisement version: 2
Protocol Hello:  OUI=0x00000C, Protocol ID=0x0112; payload len=27, value=00000000FFFFFFFF0102250100000000000000C1B1B8BC80FF0000
VTP Management Domain: ''
Native VLAN: 666
Duplex: full
Management address(es): 
  IP address: 172.29.10.14

-------------------------
Device ID: 2nd_nt_sw02.mongeneral.com
Entry address(es): 
  IP address: 172.29.10.19
Platform: cisco WS-C2960X-48FPD-L,  Capabilities: Switch IGMP 
Interface: TenGigabitEthernet1/0/10,  Port ID (outgoing port): TenGigabitEthernet1/0/1
Holdtime : 133 sec

Version :
Cisco IOS Software, C2960X Software (C2960X-UNIVERSALK9-M), Version 15.2(2)E5, RELEASE SOFTWARE (fc2)
Technical Support: http://www.cisco.com/techsupport
Copyright (c) 1986-2016 by Cisco Systems, Inc.
Compiled Thu 02-Jun-16 01:31 by prod_rel_team

advertisement version: 2
Protocol Hello:  OUI=0x00000C, Protocol ID=0x0112; payload len=27, value=00000000FFFFFFFF010225010000000000000038DF8ACD80FF0000
VTP Management Domain: ''
Native VLAN: 666
Duplex: full
Management address(es): 
  IP address: 172.29.10.19

-------------------------
Device ID: MGH1A-CORE.mongeneral.com
Entry address(es): 
  IP address: 172.26.2.122
Platform: cisco WS-C4507R+E,  Capabilities: Switch IGMP 
Interface: TenGigabitEthernet2/0/24,  Port ID (outgoing port): TenGigabitEthernet4/1
Holdtime : 124 sec

Version :
Cisco IOS Software, Catalyst 4500 L3 Switch Software (cat4500e-IPBASEK9-M), Version 15.0(2)SG2, RELEASE SOFTWARE (fc3)
Technical Support: http://www.cisco.com/techsupport
Copyright (c) 1986-2011 by Cisco Systems, Inc.
Compiled Wed 07-Dec-11 20:20 by prod_rel_team

advertisement version: 2
VTP Management Domain: 'MonGen'
Native VLAN: 666
Duplex: full
Management address(es): 
  IP address: 172.26.2.122

-------------------------
Device ID: MGH1A-CORE.mongeneral.com
Entry address(es): 
  IP address: 172.26.2.122
Platform: cisco WS-C4507R+E,  Capabilities: Switch IGMP 
Interface: TenGigabitEthernet1/0/24,  Port ID (outgoing port): TenGigabitEthernet3/1
Holdtime : 124 sec

Version :
Cisco IOS Software, Catalyst 4500 L3 Switch Software (cat4500e-IPBASEK9-M), Version 15.0(2)SG2, RELEASE SOFTWARE (fc3)
Technical Support: http://www.cisco.com/techsupport
Copyright (c) 1986-2011 by Cisco Systems, Inc.
Compiled Wed 07-Dec-11 20:20 by prod_rel_team

advertisement version: 2
VTP Management Domain: 'MonGen'
Native VLAN: 666
Duplex: full
Management address(es): 
  IP address: 172.26.2.122


Total cdp entries displayed : 38
1ST_NT_MDF_SW01#
DEBUG:paramiko.transport:starting thread (client mode): 0x9b6d4100
DEBUG:paramiko.transport:Local version/idstring: SSH-2.0-paramiko_2.7.1
DEBUG:paramiko.transport:Remote version/idstring: SSH-2.0-Cisco-1.25
INFO:paramiko.transport:Connected (version 2.0, client Cisco-1.25)
DEBUG:paramiko.transport:kex algos:['diffie-hellman-group-exchange-sha1', 'diffie-hellman-group14-sha1', 'diffie-hellman-group1-sha1'] server key:['ssh-rsa'] client encrypt:['aes128-ctr', 'aes192-ctr', 'aes256-ctr', 'aes128-cbc', '3des-cbc', 'aes192-cbc', 'aes256-cbc'] server encrypt:['aes128-ctr', 'aes192-ctr', 'aes256-ctr', 'aes128-cbc', '3des-cbc', 'aes192-cbc', 'aes256-cbc'] client mac:['hmac-sha1', 'hmac-sha1-96'] server mac:['hmac-sha1', 'hmac-sha1-96'] client compress:['none'] server compress:['none'] client lang:[''] server lang:[''] kex follows?False
DEBUG:paramiko.transport:Kex agreed: diffie-hellman-group-exchange-sha1
DEBUG:paramiko.transport:HostKey agreed: ssh-rsa
DEBUG:paramiko.transport:Cipher agreed: aes128-ctr
DEBUG:paramiko.transport:MAC agreed: hmac-sha1
DEBUG:paramiko.transport:Compression agreed: none
DEBUG:paramiko.transport:Got server p (2048 bits)
DEBUG:paramiko.transport:kex engine KexGex specified hash_algo <built-in function openssl_sha1>
DEBUG:paramiko.transport:Switch to new keys ...
DEBUG:paramiko.transport:Adding ssh-rsa host key for 1st_nt_mdf_sw01.mhs.org: b'dff1cc3dbc8e67a39efef4da8ecb0472'
DEBUG:paramiko.transport:userauth is OK
INFO:paramiko.transport:Authentication (password) successful!
DEBUG:paramiko.transport:[chan 0] Max packet in: 32768 bytes
DEBUG:paramiko.transport:[chan 0] Max packet out: 4096 bytes
DEBUG:paramiko.transport:Secsh channel 0 opened.
DEBUG:paramiko.transport:[chan 0] Sesch channel 0 request ok
DEBUG:paramiko.transport:[chan 0] Sesch channel 0 request ok
DEBUG:netmiko:read_channel: 
------------------------------------------------------------------------------------
WARNING:


This system is for the use of authorized clients only. Individuals using the
computer network system without authorization, or in excess of their authorization,
are subject to having all their activity on this computer network system monitored
and recorded by system personnel.  To protect the computer network system from
unauthorized use and to ensure the computer network system is functioning properly,
system administrators monitor this system.  Anyone using this computer network
system expressly consents to such monitoring and is advised that if such monitoring
reveals possible conduct of criminal activity, system personnel may provide the
evidence of such activity to law enforcement officers.

Access is restricted to authorized users only.

Unauthorized access is a violation of state and federal, civil and criminal laws.
------------------------------------------------------------------------------------

1ST_NT_MDF_SW01>
DEBUG:netmiko:read_channel: 
DEBUG:netmiko:read_channel: 
DEBUG:netmiko:read_channel: 
DEBUG:netmiko:write_channel: b'\n'
DEBUG:netmiko:read_channel: 
DEBUG:netmiko:read_channel: 
DEBUG:netmiko:write_channel: b'\n'
DEBUG:netmiko:read_channel: 
1ST_NT_MDF_SW01>
DEBUG:netmiko:read_channel: 
1ST_NT_MDF_SW01>
DEBUG:netmiko:Clear buffer detects data in the channel
DEBUG:netmiko:read_channel: 
DEBUG:netmiko:[find_prompt()]: prompt is 1ST_NT_MDF_SW01>
DEBUG:netmiko:read_channel: 
DEBUG:netmiko:In disable_paging
DEBUG:netmiko:Command: terminal length 0

DEBUG:netmiko:write_channel: b'terminal length 0\n'
DEBUG:netmiko:Pattern is: terminal\ length\ 0
DEBUG:netmiko:_read_channel_expect read_data: t
DEBUG:netmiko:_read_channel_expect read_data: er
DEBUG:netmiko:_read_channel_expect read_data: m
DEBUG:netmiko:_read_channel_expect read_data: ina
DEBUG:netmiko:_read_channel_expect read_data: l 
DEBUG:netmiko:_read_channel_expect read_data: l
DEBUG:netmiko:_read_channel_expect read_data: en
DEBUG:netmiko:_read_channel_expect read_data: gt
DEBUG:netmiko:_read_channel_expect read_data: h 
DEBUG:netmiko:_read_channel_expect read_data: 0

DEBUG:netmiko:Pattern found: terminal\ length\ 0 terminal length 0

DEBUG:netmiko:terminal length 0

DEBUG:netmiko:Exiting disable_paging
DEBUG:netmiko:write_channel: b'terminal width 511\n'
DEBUG:netmiko:Pattern is: terminal\ width\ 511
DEBUG:netmiko:_read_channel_expect read_data: 1ST_NT_MDF_SW01>
DEBUG:netmiko:_read_channel_expect read_data: t
DEBUG:netmiko:_read_channel_expect read_data: e
DEBUG:netmiko:_read_channel_expect read_data: rmi
DEBUG:netmiko:_read_channel_expect read_data: na
DEBUG:netmiko:_read_channel_expect read_data: l
DEBUG:netmiko:_read_channel_expect read_data:  wi
DEBUG:netmiko:_read_channel_expect read_data: d
DEBUG:netmiko:_read_channel_expect read_data: th 
DEBUG:netmiko:_read_channel_expect read_data: 51
DEBUG:netmiko:_read_channel_expect read_data: 1

DEBUG:netmiko:Pattern found: terminal\ width\ 511 1ST_NT_MDF_SW01>terminal width 511

DEBUG:netmiko:read_channel: 1ST_NT_MDF_SW01>
DEBUG:netmiko:Clear buffer detects data in the channel
DEBUG:netmiko:read_channel: 
DEBUG:netmiko:write_channel: b'\n'
DEBUG:netmiko:Pattern is: 1ST_NT_MDF_SW01
DEBUG:netmiko:_read_channel_expect read_data: 

DEBUG:netmiko:_read_channel_expect read_data: 1ST_NT_MDF_SW01>
DEBUG:netmiko:Pattern found: 1ST_NT_MDF_SW01 
1ST_NT_MDF_SW01>
DEBUG:netmiko:write_channel: b'enable\n'
DEBUG:netmiko:Pattern is: (1ST_NT_MDF_SW01|ssword)
DEBUG:netmiko:_read_channel_expect read_data: e
DEBUG:netmiko:_read_channel_expect read_data: na
DEBUG:netmiko:_read_channel_expect read_data: b
DEBUG:netmiko:_read_channel_expect read_data: le

DEBUG:netmiko:_read_channel_expect read_data: Password: 
DEBUG:netmiko:Pattern found: (1ST_NT_MDF_SW01|ssword) enable
Password: 
DEBUG:netmiko:write_channel: b'change-mgh\n'
DEBUG:netmiko:Pattern is: 1ST_NT_MDF_SW01
DEBUG:netmiko:_read_channel_expect read_data: 
1ST_NT_MDF_SW01#
DEBUG:netmiko:Pattern found: 1ST_NT_MDF_SW01 
1ST_NT_MDF_SW01#
DEBUG:netmiko:write_channel: b'\n'
DEBUG:netmiko:Pattern is: 1ST_NT_MDF_SW01
DEBUG:netmiko:_read_channel_expect read_data: 

DEBUG:netmiko:_read_channel_expect read_data: 1ST_NT_MDF_SW01#
DEBUG:netmiko:Pattern found: 1ST_NT_MDF_SW01 
1ST_NT_MDF_SW01#
DEBUG:netmiko:read_channel: 
DEBUG:netmiko:write_channel: b'\n'
DEBUG:netmiko:read_channel: 
DEBUG:netmiko:read_channel: 
DEBUG:netmiko:write_channel: b'\n'
DEBUG:netmiko:read_channel: 
1ST_NT_MDF_SW01#
DEBUG:netmiko:read_channel: 
1ST_NT_MDF_SW01#
DEBUG:netmiko:Clear buffer detects data in the channel
DEBUG:netmiko:read_channel: 
DEBUG:netmiko:[find_prompt()]: prompt is 1ST_NT_MDF_SW01#
DEBUG:netmiko:read_channel: 
DEBUG:netmiko:write_channel: b'sh cdp neighbors detail\n'
DEBUG:netmiko:Pattern is: sh\ cdp\ neighbors\ detail
DEBUG:netmiko:_read_channel_expect read_data: s
DEBUG:netmiko:_read_channel_expect read_data: h
DEBUG:netmiko:_read_channel_expect read_data:  c
DEBUG:netmiko:_read_channel_expect read_data: dp
DEBUG:netmiko:_read_channel_expect read_data:  n
DEBUG:netmiko:_read_channel_expect read_data: ei
DEBUG:netmiko:_read_channel_expect read_data: gh
DEBUG:netmiko:_read_channel_expect read_data: bo
DEBUG:netmiko:_read_channel_expect read_data: rs
DEBUG:netmiko:_read_channel_expect read_data:  d
DEBUG:netmiko:_read_channel_expect read_data: et
DEBUG:netmiko:_read_channel_expect read_data: ai
DEBUG:netmiko:_read_channel_expect read_data: l

DEBUG:netmiko:Pattern found: sh\ cdp\ neighbors\ detail sh cdp neighbors detail

DEBUG:netmiko:read_channel: -------------------------
Device ID: 3rd_nt_sw01.mongeneral.com
Entry address(es): 
  IP address: 172.29.10.21
Platform: cisco WS-C2960X-48FPD-L,  Capabilities: Switch IGMP 
Interface: TenGigabitEthernet2/0/12,  Port ID (outgoing port): TenGigabitEthernet2/0/1
Holdtime : 134 sec

Version :
Cisco IOS Software, C2960X Software (C2960X-UNIVERSALK9-M), Version 15.2(2)E5, RELEASE SOFTWARE (fc2)
Technical Support: http://www.cisco.com/techsupport
Copyright (c) 1986-2016 by Cisco Systems, Inc.
Compiled Thu 02-Jun-16 01:31 by prod_rel_team

advertisement version: 2
Protocol Hello:  OUI=0x00000C, Protocol ID=0x0112; payload len=27, value=00000000FFFFFFFF010225010000000000000038DF86BA00FF0000
VTP Management Domain: ''
Native VLAN: 666
Duplex: full
Management address(es): 
  IP address: 172.29.10.21

-------------------------
Device ID: 3rd_nt_sw01.mongeneral.com
Entry address(es): 
  IP address: 172.29.10.21
Platform: cisco WS-C2960X-48FPD-L,  Capabilities: Switch IGMP 
Interface: TenGigabitEthernet1/0/12,  Port ID (outgoing port): TenGigabitEthernet1/0/1
Holdtime : 165 sec

Version :
Cisco IOS Software, C2960X Software (C2960X-UNIVERSALK9-M), Version 15.2(2)E5, RELEASE SOFTWARE (fc2)
Technical Support: http://www.cisco.com/techsupport
Copyright (c) 1986-2016 by Cisco Systems, Inc.
Compiled Thu 02-Jun-16 01:31 by prod_rel_team

advertisement version: 2
Protocol Hello:  OUI=0x00000C, Protocol ID=0x0112; payload len=27, value=00000000FFFFFFFF010225010000000000000038DF86BA00FF0000
VTP Management Domain: ''
Native VLAN: 666
Duplex: full
Management address(es): 
  IP address: 172.29.10.21

-------------------------
Device ID: 2nd_st_sw01.mongeneral.com
Entry address(es): 
  IP address: 172.29.10.12
Platform: cisco WS-C2960X-48FPD-L,  Capabilities: Switch IGMP 
Interface: TenGigabitEthernet2/0/3,  Port ID (outgoing port): TenGigabitEthernet2/0/1
Holdtime : 144 sec

Version :
Cisco IOS Software, C2960X Software (C2960X-UNIVERSALK9-M), Version 15.2(2)E5, RELEASE SOFTWARE (fc2)
Technical Support: http://www.cisco.com/techsupport
Copyright (c) 1986-2016 by Cisco Systems, Inc.
Compiled Thu 02-Jun-16 01:31 by prod_rel_team

advertisement version: 2
Protocol Hello:  OUI=0x00000C, Protocol ID=0x0112; payload len=27, value=00000000FFFFFFFF010225010000000000000038DF751E00FF0000
VTP Management Domain: ''
Native VLAN: 666
Duplex: full
Management address(es): 
  IP address: 172.29.10.12

-------------------------
Device ID: 2nd_st_sw01.mongeneral.com
Entry address(es): 
  IP address: 172.29.10.12
Platform: cisco WS-C2960X-48FPD-L,  Capabilities: Switch IGMP 
Interface: TenGigabitEthernet1/0/3,  Port ID (outgoing port): TenGigabitEthernet1/0/1
Holdtime : 136 sec

Version :
Cisco IOS Software, C2960X Software (C2960X-UNIVERSALK9-M), Version 15.2(2)E5, RELEASE SOFTWARE (fc2)
Technical Support: http://www.cisco.com/techsupport
Copyright (c) 1986-2016 by Cisco Systems, Inc.
Compiled Thu 02-Jun-16 01:31 by prod_rel_team

advertisement version: 2
Protocol Hello:  OUI=0x00000C, Protocol ID=0x0112; payload len=27, value=00000000FFFFFFFF010225010000000000000038DF751E00FF0000
VTP Management Domain: ''
Native VLAN: 666
Duplex: full
Management address(es): 
  IP address: 172.29.10.12

-------------------------
Device ID: 3rd_nt_sw02.mongeneral.com
Entry address(es): 
  IP address: 172.29.10.22
Platform: cisco WS-C2960X-48FPD-L,  Capabilities: Switch IGMP 
Interface: TenGigabitEthernet1/0/13,  Port ID (outgoing port): TenGigabitEthernet1/0/1
Holdtime : 162 sec

Version :
Cisco IOS Software, C2960X Software (C2960X-UNIVERSALK9-M), Version 15.2(2)E5, RELEASE SOFTWARE (fc2)
Technical Support: http://www.cisco.com/techsupport
Copyright (c) 1986-2016 by Cisco Systems, Inc.
Compiled Thu 02-Jun-16 01:31 by prod_rel_team

advertisement version: 2
Protocol Hello:  OUI=0x00000C, Protocol ID=0x0112; payload len=27, value=00000000FFFFFFFF010225010000000000000038DF0F6A00FF0000
VTP Management Domain: ''
Native VLAN: 666
Duplex: full
Management address(es): 
  IP address: 172.29.10.22

-------------------------
Device ID: 3rd_nt_sw02.mongeneral.com
Entry address(es): 
  IP address: 172.29.10.22
Platform: cisco WS-C2960X-48FPD-L,  Capabilities: Switch IGMP 
Interface: TenGigabitEthernet2/0/13,  Port ID (outgoing port): TenGigabitEthernet2/0/1
Holdtime : 134 sec

Version :
Cisco IOS Software, C2960X Software (C2960X-UNIVERSALK9-M), Version 15.2(2)E5, RELEASE SOFTWARE (fc2)
Technical Support: http://www.cisco.com/techsupport
Copyright (c) 1986-2016 by Cisco Systems, Inc.
Compiled Thu 02-Jun-16 01:31 by prod_rel_team

advertisement version: 2
Protocol Hello:  OUI=0x00000C, Protocol ID=0x0112; payload len=27, value=00000000FFFFFFFF010225010000000000000038DF0F6A00FF0000
VTP Management Domain: ''
Native VLAN: 666
Duplex: full
Management address(es): 
  IP address: 172.29.10.22

-------------------------
Device ID: 1st_conf_sw01.mongeneral.com
Entry address(es): 
  IP address: 172.29.10.28
Platform: cisco WS-C2960X-48FPD-L,  Capabilities: Switch IGMP 
Interface: TenGigabitEthernet2/0/18,  Port ID (outgoing port): TenGigabitEthernet1/0/2
Holdtime : 166 sec

Version :
Cisco IOS Software, C2960X Software (C2960X-UNIVERSALK9-M), Version 15.2(2)E5, RELEASE SOFTWARE (fc2)
Technical Support: http://www.cisco.com/techsupport
Copyright (c) 1986-2016 by Cisco Systems, Inc.
Compiled Thu 02-Jun-16 01:31 by prod_rel_team

advertisement version: 2
Protocol Hello:  OUI=0x00000C, Protocol ID=0x0112; payload len=27, value=00000000FFFFFFFF010225010000000000000038DF8AB680FF0000
VTP Management Domain: ''
Native VLAN: 666
Duplex: full
Management address(es): 
  IP address: 172.29.10.28

-------------------------
Device ID: 4th_nt_sw01.mongeneral.com
Entry address(es): 
  IP address: 172.29.10.23
Platform: cisco WS-C2960X-48FPD-L,  Capabilities: Switch IGMP 
Interface: TenGigabitEthernet1/0/14,  Port ID (outgoing port): TenGigabitEthernet1/0/1
Holdtime : 149 sec

Version :
Cisco IOS Software, C2960X Software (C2960X-UNIVERSALK9-M), Version 15.2(2)E5, RELEASE SOFTWARE (fc2)
Technical Support: http://www.cisco.com/techsupport
Copyright (c) 1986-2016 by Cisco Systems, Inc.
Compiled Thu 02-Jun-16 01:31 by prod_rel_team

advertisement version: 2
Protocol Hello:  OUI=0x00000C, Protocol ID=0x0112; payload len=27, value=00000000FFFFFFFF010225010000000000000038DF875E00FF0000
VTP Management Domain: ''
Native VLAN: 666
Duplex: full
Management address(es): 
  IP address: 172.29.10.23

-------------------------
Device ID: 4th_nt_sw01.mongeneral.com
Entry address(es): 
  IP address: 172.29.10.23
Platform: cisco WS-C2960X-48FPD-L,  Capabilities: Switch IGMP 
Interface: TenGigabitEthernet2/0/14,  Port ID (outgoing port): TenGigabitEthernet2/0/1
Holdtime : 152 sec

Version :
Cisco IOS Software, C2960X Software (C2960X-UNIVERSALK9-M), Version 15.2(2)E5, RELEASE SOFTWARE (fc2)
Technical Support: http://www.cisco.com/techsupport
Copyright (c) 1986-2016 by Cisco Systems, Inc.
Compiled Thu 02-Jun-16 01:31 by prod_rel_team

advertisement version: 2
Protocol Hello:  OUI=0x00000C, Protocol ID=0x0112; payload len=27, value=00000000FFFFFFFF010225010000000000000038DF875E00FF0000
VTP Management Domain: ''
Native VLAN: 666
Duplex: full
Management address(es): 
  IP address: 172.29.10.23

-------------------------
Device ID: 1st_conf_sw01.mongeneral.com
Entry address(es): 
  IP address: 172.29.10.28
Platform: cisco WS-C2960X-48FPD-L,  Capabilities: Switch IGMP 
Interface: TenGigabitEthernet1/0/18,  Port ID (outgoing port): TenGigabitEthernet1/0/1
Holdtime : 176 sec

Version :
Cisco IOS Software, C2960X Software (C2960X-UNIVERSALK9-M), Version 15.2(2)E5, RELEASE SOFTWARE (fc2)
Technical Support: http://www.cisco.com/techsupport
Copyright (c) 1986-2016 by Cisco Systems, Inc.
Compiled Thu 02-Jun-16 01:31 by prod_rel_team

advertisement version: 2
Protocol Hello:  OUI=0x00000C, Protocol ID=0x0112; payload len=27, value=00000000FFFFFFFF010225010000000000000038DF8AB680FF0000
VTP Management Domain: ''
Native VLAN: 666
Duplex: full
Management address(es): 
  IP address: 172.29.10.28

-------------------------
Device ID: 1st_st_sw02.mongeneral.com
Entry address(es): 
  IP address: 172.29.10.11
Platform: cisco WS-C2960X-48FPD-L,  Capabilities: Switch IGMP 
Interface: TenGigabitEthernet2/0/2,  Port ID (outgoing port): TenGigabitEthernet2/0/1
Holdtime : 155 sec

Version :
Cisco IOS Software, C2960X Software (C2960X-UNIVERSALK9-M), Version 15.2(2)E5, RELEASE SOFTWARE (fc2)
Technical Support: http://www.cisco.com/techsupport
Copyright (c) 1986-2016 by Cisco Systems, Inc.
Compiled Thu 02-Jun-16 01:31 by prod_rel_team

advertisement version: 2
Protocol Hello:  OUI=0x00000C, Protocol ID=0x0112; payload len=27, value=00000000FFFFFFFF010225010000000000000038DF790600FF0000
VTP Management Domain: ''
Native VLAN: 666
Duplex: full
Management address(es): 
  IP address: 172.29.10.11

-------------------------
Device ID: 1st_st_sw02.mongeneral.com
Entry address(es): 
  IP address: 172.29.10.11
Platform: cisco WS-C2960X-48FPD-L,  Capabilities: Switch IGMP 
Interface: TenGigabitEthernet1/0/2,  Port ID (outgoing port): TenGigabitEthernet1/0/1
Holdtime : 164 sec

Version :
Cisco IOS Software, C2960X Software (C2960X-UNIVERSALK9-M), Version 15.2(2)E5, RELEASE SOFTWARE (fc2)
Technical Support: http://www.cisco.com/techsupport
Copyright (c) 1986-2016 by Cisco Systems, Inc.
Compiled Thu 02-Jun-16 01:31 by prod_rel_team

advertisement version: 2
Protocol Hello:  OUI=0x00000C, Protocol ID=0x0112; payload len=27, value=00000000FFFFFFFF010225010000000000000038DF790600FF0000
VTP Management Domain: ''
Native VLAN: 666
Duplex: full
Management address(es): 
  IP address: 172.29.10.11

-------------------------
Device ID: 5th_nt_sw01.mongeneral.com
Entry address(es): 
  IP address: 172.29.10.24
Platform: cisco WS-C2960X-48FPD-L,  Capabilities: Switch IGMP 
Interface: TenGigabitEthernet2/0/15,  Port ID (outgoing port): TenGigabitEthernet2/0/1
Holdtime : 172 sec

Version :
Cisco IOS Software, C2960X Software (C2960X-UNIVERSALK9-M), Version 15.2(2)E5, RELEASE SOFTWARE (fc2)
Technical Support: http://www.cisco.com/techsupport
Copyright (c) 1986-2016 by Cisco Systems, Inc.
Compiled Thu 02-Jun-16 01:31 by prod_rel_team

advertisement version: 2
Protocol Hello:  OUI=0x00000C, Protocol ID=0x0112; payload len=27, value=00000000FFFFFFFF010225010000000000000038DF8AE080FF0000
VTP Management Domain: ''
Native VLAN: 666
Duplex: full
Management address(es): 
  IP address: 172.29.10.24

-------------------------
Device ID: 5th_nt_sw01.mongeneral.com
Entry address(es): 
  IP address: 172.29.10.24
Platform: cisco WS-C2960X-48FPD-L,  Capabilities: Switch IGMP 
Interface: TenGigabitEthernet1/0/15,  Port ID (outgoing port): TenGigabitEthernet1/0/1
Holdtime : 132 sec

Version :
Cisco IOS Software, C2960X Software (C2960X-UNIVERSALK9-M), Version 15.2(2)E5, RELEASE SOFTWARE (fc2)
Technical Support: http://www.cisco.com/techsupport
Copyright (c) 1986-2016 by Cisco Systems, Inc.
Compiled Thu 02-Jun-16 01:31 by prod_rel_team

advertisement version: 2
Protocol Hello:  OUI=0x00000C, Protocol ID=0x0112; payload len=27, value=00000000FFFFFFFF010225010000000000000038DF8AE080FF0000
VTP Management Domain: ''
Native VLAN: 666
Duplex: full
Management address(es): 
  IP address: 172.29.10.24

-------------------------
Device ID: 6th_nt_sw01.mongeneral.com
Entry address(es): 
  IP address: 172.29.10.26
Platform: cisco WS-C2960X-48FPD-L,  Capabilities: Switch IGMP 
Interface: TenGigabitEthernet2/0/17,  Port ID (outgoing port): TenGigabitEthernet2/0/2
Holdtime : 166 sec

Version :
Cisco IOS Software, C2960X Software (C2960X-UNIVERSALK9-M), Version 15.2(2)E5, RELEASE SOFTWARE (fc2)
Technical Support: http://www.cisco.com/techsupport
Copyright (c) 1986-2016 by Cisco Systems, Inc.
Compiled Thu 02-Jun-16 01:31 by prod_rel_team

advertisement version: 2
Protocol Hello:  OUI=0x00000C, Protocol ID=0x0112; payload len=27, value=00000000FFFFFFFF010225010000000000000038DF86E980FF0000
VTP Management Domain: ''
Native VLAN: 666
Duplex: full
Management address(es): 
  IP address: 172.29.10.26

-------------------------
Device ID: 5th_nt_sw02.mongeneral.com
Entry address(es): 
  IP address: 172.29.10.25
Platform: cisco WS-C2960X-48FPD-L,  Capabilities: Switch IGMP 
Interface: TenGigabitEthernet1/0/16,  Port ID (outgoing port): TenGigabitEthernet1/0/1
Holdtime : 175 sec

Version :
Cisco IOS Software, C2960X Software (C2960X-UNIVERSALK9-M), Version 15.2(2)E5, RELEASE SOFTWARE (fc2)
Technical Support: http://www.cisco.com/techsupport
Copyright (c) 1986-2016 by Cisco Systems, Inc.
Compiled Thu 02-Jun-16 01:31 by prod_rel_team

advertisement version: 2
Protocol Hello:  OUI=0x00000C, Protocol ID=0x0112; payload len=27, value=00000000FFFFFFFF010225010000000000000038DF0FAB00FF0000
VTP Management Domain: ''
Native VLAN: 666
Duplex: full
Management address(es): 
  IP address: 172.29.10.25

-------------------------
Device ID: 6th_nt_sw01.mongeneral.com
Entry address(es): 
  IP address: 172.29.10.26
Platform: cisco WS-C2960X-48FPD-L,  Capabilities: Switch IGMP 
Interface: TenGigabitEthernet1/0/17,  Port ID (outgoing port): TenGigabitEthernet1/0/1
Holdtime : 167 sec

Version :
Cisco IOS Software, C2960X Software (C2960X-UNIVERSALK9-M), Version 15.2(2)E5, RELEASE SOFTWARE (fc2)
Technical Support: http://www.cisco.com/techsupport
Copyright (c) 1986-2016 by Cisco Systems, Inc.
Compiled Thu 02-Jun-16 01:31 by prod_rel_team

advertisement version: 2
Protocol Hello:  OUI=0x00000C, Protocol ID=0x0112; payload len=27, value=00000000FFFFFFFF010225010000000000000038DF86E980FF0000
VTP Management Domain: ''
Native VLAN: 666
Duplex: full
Management address(es): 
  IP address: 172.29.10.26

-------------------------
Device ID: 5th_nt_sw02.mongeneral.com
Entry address(es): 
  IP address: 172.29.10.25
Platform: cisco WS-C2960X-48FPD-L,  Capabilities: Switch IGMP 
Interface: TenGigabitEthernet2/0/16,  Port ID (outgoing port): TenGigabitEthernet2/0/1
Holdtime : 176 sec

Version :
Cisco IOS Software, C2960X Software (C2960X-UNIVERSALK9-M), Version 15.2(2)E5, RELEASE SOFTWARE (fc2)
Technical Support: http://www.cisco.com/techsupport
Copyright (c) 1986-2016 by Cisco Systems, Inc.
Compiled Thu 02-Jun-16 01:31 by prod_rel_team

advertisement version: 2
Protocol Hello:  OUI=0x00000C, Protocol ID=0x0112; payload len=27, value=00000000FFFFFFFF010225010000000000000038DF0FAB00FF0000
VTP Management Domain: ''
Native VLAN: 666
Duplex: full
Management address(es): 
  IP address: 172.29.10.25

-------------------------
Device ID: 1st_st_sw01.mongeneral.com
Entry address(es): 
  IP address: 172.29.10.10
Platform: cisco WS-C2960X-48FPD-L,  Capabilities: Switch IGMP 
Interface: TenGigabitEthernet2/0/1,  Port ID (outgoing port): TenGigabitEthernet2/0/1
Holdtime : 148 sec

Version :
Cisco IOS Software, C2960X Software (C2960X-UNIVERSALK9-M), Version 15.2(2)E5, RELEASE SOFTWARE (fc2)
Technical Support: http://www.cisco.com/techsupport
Copyright (c) 1986-2016 by Cisco Systems, Inc.
Compiled Thu 02-Jun-16 01:31 by prod_rel_team

advertisement version: 2
Protocol Hello:  OUI=0x00000C, Protocol ID=0x0112; payload len=27, value=00000000FFFFFFFF010225010000000000000038DF86E780FF0000
VTP Management Domain: ''
Native VLAN: 666
Duplex: full
Management address(es): 
  IP address: 172.29.10.10

-------------------------
Device ID: 1st_st_sw01.mongeneral.com
Entry address(es): 
  IP address: 172.29.10.10
Platform: cisco WS-C2960X-48FPD-L,  Capabilities: Switch IGMP 
Interface: TenGigabitEthernet1/0/1,  Port ID (outgoing port): TenGigabitEthernet1/0/1
Holdtime : 154 sec

Version :
Cisco IOS Software, C2960X Software (C2960X-UNIVERSALK9-M), Version 15.2(2)E5, RELEASE SOFTWARE (fc2)
Technical Support: http://www.cisco.com/techsupport
Copyright (c) 1986-2016 by Cisco Systems, Inc.
Compiled Thu 02-Jun-16 01:31 by prod_rel_team

advertisement version: 2
Protocol Hello:  OUI=0x00000C, Protocol ID=0x0112; payload len=27, value=00000000FFFFFFFF010225010000000000000038DF86E780FF0000
VTP Management Domain: ''
Native VLAN: 6
DEBUG:netmiko:read_channel: 66
Duplex: full
Management address(es): 
  IP address: 172.29.10.10

-------------------------
Device ID: 5th_st_sw01.mongeneral.com
Entry address(es): 
  IP address: 172.29.10.16
Platform: cisco WS-C2960X-48FPD-L,  Capabilities: Switch IGMP 
Interface: TenGigabitEthernet2/0/7,  Port ID (outgoing port): TenGigabitEthernet2/0/1
Holdtime : 138 sec

Version :
Cisco IOS Software, C2960X Software (C2960X-UNIVERSALK9-M), Version 15.2(2)E5, RELEASE SOFTWARE (fc2)
Technical Support: http://www.cisco.com/techsupport
Copyright (c) 1986-2016 by Cisco Systems, Inc.
Compiled Thu 02-Jun-16 01:31 by prod_rel_team

advertisement version: 2
Protocol Hello:  OUI=0x00000C, Protocol ID=0x0112; payload len=27, value=00000000FFFFFFFF010225010000000000000038DF8AC580FF0000
VTP Management Domain: ''
Native VLAN: 666
Duplex: full
Management address(es): 
  IP address: 172.29.10.16

-------------------------
Device ID: 5th_st_sw01.mongeneral.com
Entry address(es): 
  IP address: 172.29.10.16
Platform: cisco WS-C2960X-48FPD-L,  Capabilities: Switch IGMP 
Interface: TenGigabitEthernet1/0/7,  Port ID (outgoing port): TenGigabitEthernet1/0/1
Holdtime : 162 sec

Version :
Cisco IOS Software, C2960X Software (C2960X-UNIVERSALK9-M), Version 15.2(2)E5, RELEASE SOFTWARE (fc2)
Technical Support: http://www.cisco.com/techsupport
Copyright (c) 1986-2016 by Cisco Systems, Inc.
Compiled Thu 02-Jun-16 01:31 by prod_rel_team

advertisement version: 2
Protocol Hello:  OUI=0x00000C, Protocol ID=0x0112; payload len=27, value=00000000FFFFFFFF010225010000000000000038DF8AC580FF0000
VTP Management Domain: ''
Native VLAN: 666
Duplex: full
Management address(es): 
  IP address: 172.29.10.16

-------------------------
Device ID: 4th_st_sw01.mongeneral.com
Entry address(es): 
  IP address: 172.29.10.15
Platform: cisco WS-C2960X-48FPD-L,  Capabilities: Switch IGMP 
Interface: TenGigabitEthernet2/0/6,  Port ID (outgoing port): TenGigabitEthernet2/0/1
Holdtime : 162 sec

Version :
Cisco IOS Software, C2960X Software (C2960X-UNIVERSALK9-M), Version 15.2(2)E5, RELEASE SOFTWARE (fc2)
Technical Support: http://www.cisco.com/techsupport
Copyright (c) 1986-2016 by Cisco Systems, Inc.
Compiled Thu 02-Jun-16 01:31 by prod_rel_team

advertisement version: 2
Protocol Hello:  OUI=0x00000C, Protocol ID=0x0112; payload len=27, value=00000000FFFFFFFF010225010000000000000038DF876500FF0000
VTP Management Domain: ''
Native VLAN: 666
Duplex: full
Management address(es): 
  IP address: 172.29.10.15

-------------------------
Device ID: 4th_st_sw01.mongeneral.com
Entry address(es): 
  IP address: 172.29.10.15
Platform: cisco WS-C2960X-48FPD-L,  Capabilities: Switch IGMP 
Interface: TenGigabitEthernet1/0/6,  Port ID (outgoing port): TenGigabitEthernet1/0/1
Holdtime : 138 sec

Version :
Cisco IOS Software, C2960X Software (C2960X-UNIVERSALK9-M), Version 15.2(2)E5, RELEASE SOFTWARE (fc2)
Technical Support: http://www.cisco.com/techsupport
Copyright (c) 1986-2016 by Cisco Systems, Inc.
Compiled Thu 02-Jun-16 01:31 by prod_rel_team

advertisement version: 2
Protocol Hello:  OUI=0x00000C, Protocol ID=0x0112; payload len=27, value=00000000FFFFFFFF010225010000000000000038DF876500FF0000
VTP Management Domain: ''
Native VLAN: 666
Duplex: full
Management address(es): 
  IP address: 172.29.10.15

-------------------------
Device ID: 1st_nt_sw01.mongeneral.com
Entry address(es): 
  IP address: 172.29.10.17
Platform: cisco WS-C2960X-48FPD-L,  Capabilities: Switch IGMP 
Interface: TenGigabitEthernet2/0/8,  Port ID (outgoing port): TenGigabitEthernet2/0/1
Holdtime : 160 sec

Version :
Cisco IOS Software, C2960X Software (C2960X-UNIVERSALK9-M), Version 15.2(2)E5, RELEASE SOFTWARE (fc2)
Technical Support: http://www.cisco.com/techsupport
Copyright (c) 1986-2016 by Cisco Systems, Inc.
Compiled Thu 02-Jun-16 01:31 by prod_rel_team

advertisement version: 2
Protocol Hello:  OUI=0x00000C, Protocol ID=0x0112; payload len=27, value=00000000FFFFFFFF010225010000000000000038DF0FAA00FF0000
VTP Management Domain: ''
Native VLAN: 666
Duplex: full
Management address(es): 
  IP address: 172.29.10.17

-------------------------
Device ID: 1st_nt_sw01.mongeneral.com
Entry address(es): 
  IP address: 172.29.10.17
Platform: cisco WS-C2960X-48FPD-L,  Capabilities: Switch IGMP 
Interface: TenGigabitEthernet1/0/8,  Port ID (outgoing port): TenGigabitEthernet1/0/1
Holdtime : 149 sec

Version :
Cisco IOS Software, C2960X Software (C2960X-UNIVERSALK9-M), Version 15.2(2)E5, RELEASE SOFTWARE (fc2)
Technical Support: http://www.cisco.com/techsupport
Copyright (c) 1986-2016 by Cisco Systems, Inc.
Compiled Thu 02-Jun-16 01:31 by prod_rel_team

advertisement version: 2
Protocol Hello:  OUI=0x00000C, Protocol ID=0x0112; payload len=27, value=00000000FFFFFFFF010225010000000000000038DF0FAA00FF0000
VTP Management Domain: ''
Native VLAN: 666
Duplex: full
Management address(es): 
  IP address: 172.29.10.17

-------------------------
Device ID: 2nd_nt_sw01.mongeneral.com
Entry address(es): 
  IP address: 172.29.10.18
Platform: cisco WS-C2960X-24PS-L,  Capabilities: Switch IGMP 
Interface: TenGigabitEthernet2/0/9,  Port ID (outgoing port): TenGigabitEthernet2/0/1
Holdtime : 146 sec

Version :
Cisco IOS Software, C2960X Software (C2960X-UNIVERSALK9-M), Version 15.2(2)E5, RELEASE SOFTWARE (fc2)
Technical Support: http://www.cisco.com/techsupport
Copyright (c) 1986-2016 by Cisco Systems, Inc.
Compiled Thu 02-Jun-16 01:31 by prod_rel_team

advertisement version: 2
Protocol Hello:  OUI=0x00000C, Protocol ID=0x0112; payload len=27, value=00000000FFFFFFFF010225010000000000002C0BE9784300FF0000
VTP Management Domain: ''
Native VLAN: 666
Duplex: full
Management address(es): 
  IP address: 172.29.10.18

-------------------------
Device ID: 2nd_nt_sw01.mongeneral.com
Entry address(es): 
  IP address: 172.29.10.18
Platform: cisco WS-C2960X-24PS-L,  Capabilities: Switch IGMP 
Interface: TenGigabitEthernet1/0/9,  Port ID (outgoing port): TenGigabitEthernet1/0/1
Holdtime : 147 sec

Version :
Cisco IOS Software, C2960X Software (C2960X-UNIVERSALK9-M), Version 15.2(2)E5, RELEASE SOFTWARE (fc2)
Technical Support: http://www.cisco.com/techsupport
Copyright (c) 1986-2016 by Cisco Systems, Inc.
Compiled Thu 02-Jun-16 01:31 by prod_rel_team

advertisement version: 2
Protocol Hello:  OUI=0x00000C, Protocol ID=0x0112; payload len=27, value=00000000FFFFFFFF010225010000000000002C0BE9784300FF0000
VTP Management Domain: ''
Native VLAN: 666
Duplex: full
Management address(es): 
  IP address: 172.29.10.18

-------------------------
Device ID: 3rd_st_sw01.mongeneral.com
Entry address(es): 
  IP address: 172.29.10.13
Platform: cisco WS-C2960X-48FPD-L,  Capabilities: Switch IGMP 
Interface: TenGigabitEthernet2/0/4,  Port ID (outgoing port): TenGigabitEthernet2/0/1
Holdtime : 152 sec

Version :
Cisco IOS Software, C2960X Software (C2960X-UNIVERSALK9-M), Version 15.2(2)E5, RELEASE SOFTWARE (fc2)
Technical Support: http://www.cisco.com/techsupport
Copyright (c) 1986-2016 by Cisco Systems, Inc.
Compiled Thu 02-Jun-16 01:31 by prod_rel_team

advertisement version: 2
Protocol Hello:  OUI=0x00000C, Protocol ID=0x0112; payload len=27, value=00000000FFFFFFFF010225010000000000000038DF790280FF0000
VTP Management Domain: ''
Native VLAN: 666
Duplex: full
Management address(es): 
  IP address: 172.29.10.13

-------------------------
Device ID: 3rd_st_sw01.mongeneral.com
Entry address(es): 
  IP address: 172.29.10.13
Platform: cisco WS-C2960X-48FPD-L,  Capabilities: Switch IGMP 
Interface: TenGigabitEthernet1/0/4,  Port ID (outgoing port): TenGigabitEthernet1/0/1
Holdtime : 169 sec

Version :
Cisco IOS Software, C2960X Software (C2960X-UNIVERSALK9-M), Version 15.2(2)E5, RELEASE SOFTWARE (fc2)
Technical Support: http://www.cisco.com/techsupport
Copyright (c) 1986-2016 by Cisco Systems, Inc.
Compiled Thu 02-Jun-16 01:31 by prod_rel_team

advertisement version: 2
Protocol Hello:  OUI=0x00000C, Protocol ID=0x0112; payload len=27, value=00000000FFFFFFFF010225010000000000000038DF790280FF0000
VTP Management Domain: ''
Native VLAN: 666
Duplex: full
Management address(es): 
  IP address: 172.29.10.13

-------------------------
Device ID: 2nd_nt_sw03.mongeneral.com
Entry address(es): 
  IP address: 172.29.10.20
Platform: cisco WS-C2960X-48FPD-L,  Capabilities: Switch IGMP 
Interface: TenGigabitEthernet1/0/11,  Port ID (outgoing port): TenGigabitEthernet1/0/1
Holdtime : 155 sec

Version :
Cisco IOS Software, C2960X Software (C2960X-UNIVERSALK9-M), Version 15.2(2)E5, RELEASE SOFTWARE (fc2)
Technical Support: http://www.cisco.com/techsupport
Copyright (c) 1986-2016 by Cisco Systems, Inc.
Compiled Thu 02-Jun-16 01:31 by prod_rel_team

advertisement version: 2
Protocol Hello:  OUI=0x00000C, Protocol ID=0x0112; payload len=27, value=00000000FFFFFFFF010225010000000000000038DF0F4900FF0000
VTP Management Domain: ''
Native VLAN: 666
Duplex: full
Management address(es): 
  IP address: 172.29.10.20

-------------------------
Device ID: 2nd_nt_sw03.mongeneral.com
Entry address(es): 
  IP address: 172.29.10.20
Platform: cisco WS-C2960X-48FPD-L,  Capabilities: Switch IGMP 
Interface: TenGigabitEthernet2/0/11,  Port ID (outgoing port): TenGigabitEthernet2/0/1
Holdtime : 136 sec

Version :
Cisco IOS Software, C2960X Software (C2960X-UNIVERSALK9-M), Version 15.2(2)E5, RELEASE SOFTWARE (fc2)
Technical Support: http://www.cisco.com/techsupport
Copyright (c) 1986-2016 by Cisco Systems, Inc.
Compiled Thu 02-Jun-16 01:31 by prod_rel_team

advertisement version: 2
Protocol Hello:  OUI=0x00000C, Protocol ID=0x0112; payload len=27, value=00000000FFFFFFFF010225010000000000000038DF0F4900FF0000
VTP Management Domain: ''
Native VLAN: 666
Duplex: full
Management address(es): 
  IP address: 172.29.10.20

-------------------------
Device ID: 3rd_st_sw02.mongeneral.com
Entry address(es): 
  IP address: 172.29.10.14
Platform: cisco WS-C2960X-48FPD-L,  Capabilities: Switch IGMP 
Interface: TenGigabitEthernet1/0/5,  Port ID (outgoing port): TenGigabitEthernet1/0/1
Holdtime : 128 sec

Version :
Cisco IOS Software, C2960X Software (C2960X-UNIVERSALK9-M), Version 15.2(2)E6, RELEASE SOFTWARE (fc1)
Technical Support: http://www.cisco.com/techsupport
Copyright (c) 1986-2016 by Cisco Systems, Inc.
Compiled Fri 16-Dec-16 21:27 by prod_rel_team

advertisement version: 2
Protocol Hello:  OUI=0x00000C, Protocol ID=0x0112; payload len=27, value=00000000FFFFFFFF0102250100000000000000C1B1B8BC80FF0000
VTP Management Domain: ''
Native VLAN: 666
Duplex: full
Management address(es): 
  IP address: 172.29.10.14

-------------------------
Device ID: 2nd_nt_sw02.mongeneral.com
Entry address(es): 
  IP address: 172.29.10.19
Platform: cisco WS-C2960X-48FPD-L,  Capabilities: Switch IGMP 
Interface: TenGigabitEthernet2/0/10,  Port ID (outgoing port): TenGigabitEthernet2/0/1
Holdtime : 167 sec

Version :
Cisco IOS Software, C2960X Software (C2960X-UNIVERSALK9-M), Version 15.2(2)E5, RELEASE SOFTWARE (fc2)
Technical Support: http://www.cisco.com/techsupport
Copyright (c) 1986-2016 by Cisco Systems, Inc.
Compiled Thu 02-Jun-16 01:31 by prod_rel_team

advertisement version: 2
Protocol Hello:  OUI=0x00000C, Protocol ID=0x0112; payload len=27, value=00000000FFFFFFFF010225010000000000000038DF8ACD80FF0000
VTP Management Domain: ''
Native VLAN: 666
Duplex: full
Management address(es): 
  IP address: 172.29.10.19

-------------------------
Device ID: 3rd_st_sw02.mongeneral.com
Entry address(es): 
  IP address: 172.29.10.14
Platform: cisco WS-C2960X-48FPD-L,  Capabilities: Switch IGMP 
Interface: TenGigabitEthernet2/0/5,  Port ID (outgoing port): TenGigabitEthernet2/0/1
Holdtime : 136 sec

Version :
Cisco IOS Software, C2960X Software (C2960X-UNIVERSALK9-M), Version 15.2(2)E6, RELEASE SOFTWARE (fc1)
Technical Support: http://www.cisco.com/techsupport
Copyright (c) 1986-2016 by Cisco Systems, Inc.
Compiled Fri 16-Dec-16 21:27 by prod_rel_team

advertisement version: 2
Protocol Hello:  OUI=0x00000C, Protocol ID=0x0112; payload len=27, value=00000000FFFFFFFF0102250100000000000000C1B1B8BC80FF0000
VTP Management Domain: ''
Native VLAN: 666
Duplex: full
Management address(es): 
  IP address: 172.29.10.14

-------------------------
Device ID: 2nd_nt_sw02.mongeneral.com
Entry address(es): 
  IP address: 172.29.10.19
Platform: cisco WS-C2960X-48FPD-L,  Capabilities: Switch IGMP 
Interface: TenGigabitEthernet1/0/10,  Port ID (outgoing port): TenGigabitEthernet1/0/1
Holdtime : 127 sec

Version :
Cisco IOS Software, C2960X Software (C2960X-UNIVERSALK9-M), Version 15.2(2)E5, RELEASE SOFTWARE (fc2)
Technical Support: http://www.cisco.com/techsupport
Copyright (c) 1986-2016 by Cisco Systems, Inc.
Compiled Thu 02-Jun-16 01:31 by prod_rel_team

advertisement version: 2
Protocol Hello:  OUI=0x00000C, Protocol ID=0x0112; payload len=27, value=00000000FFFFFFFF010225010000000000000038DF8ACD80FF0000
VTP Management Domain: ''
Native VLAN: 666
Duplex: full
Management address(es): 
  IP address: 172.29.10.19

-------------------------
Device ID: MGH1A-CORE.mongeneral.com
Entry address(es): 
  IP address: 172.26.2.122
Platform: cisco WS-C4507R+E,  Capabilities: Switch IGMP 
Interface: TenGigabitEthernet2/0/24,  Port ID (outgoing port): TenGigabitEthernet4/1
Holdtime : 179 sec

Version :
Cisco IOS Software, Catalyst 4500 L3 Switch Software (cat4500e-IPBASEK9-M), Version 15.0(2)SG2, RELEASE SOFTWARE (fc3)
Technical Support: http://www.cisco.com/techsupport
Copyright (c) 1986-2011 by Cisco Systems, Inc.
Compiled Wed 07-Dec-11 20:20 by prod_rel_team

advertisement version: 2
VTP Management Domain: 'MonGen'
Native VLAN: 666
Duplex: full
Management address(es): 
  IP address: 172.26.2.122

-------------------------
Device ID: MGH1A-CORE.mongeneral.com
Entry address(es): 
  IP address: 172.26.2.122
Platform: cisco WS-C4507R+E,  Capabilities: Switch IGMP 
Interface: TenGigabitEthernet1/0/24,  Port ID (outgoing port): TenGigabitEthernet3/1
Holdtime : 179 sec

Version :
Cisco IOS Software, Catalyst 4500 L3 Switch Software (cat4500e-IPBASEK9-M), Version 15.0(2)SG2, RELEASE SOFTWARE (fc3)
Technical Support: http://www.cisco.com/techsupport
Copyright (c) 1986-2011 by Cisco Systems, Inc.
Compiled Wed 07-Dec-11 20:20 by prod_rel_team

advertisement version: 2
VTP Management Domain: 'MonGen'
Native VLAN: 666
Duplex: full
Management address(es): 
  IP address: 172.26.2.122


Total cdp entries displayed : 38
1ST_NT_MDF_SW01#
DEBUG:paramiko.transport:starting thread (client mode): 0x119990d0
DEBUG:paramiko.transport:Local version/idstring: SSH-2.0-paramiko_2.7.1
DEBUG:paramiko.transport:Remote version/idstring: SSH-2.0-Cisco-1.25
INFO:paramiko.transport:Connected (version 2.0, client Cisco-1.25)
DEBUG:paramiko.transport:kex algos:['diffie-hellman-group-exchange-sha1', 'diffie-hellman-group14-sha1', 'diffie-hellman-group1-sha1'] server key:['ssh-rsa'] client encrypt:['aes128-ctr', 'aes192-ctr', 'aes256-ctr', 'aes128-cbc', '3des-cbc', 'aes192-cbc', 'aes256-cbc'] server encrypt:['aes128-ctr', 'aes192-ctr', 'aes256-ctr', 'aes128-cbc', '3des-cbc', 'aes192-cbc', 'aes256-cbc'] client mac:['hmac-sha1', 'hmac-sha1-96'] server mac:['hmac-sha1', 'hmac-sha1-96'] client compress:['none'] server compress:['none'] client lang:[''] server lang:[''] kex follows?False
DEBUG:paramiko.transport:Kex agreed: diffie-hellman-group-exchange-sha1
DEBUG:paramiko.transport:HostKey agreed: ssh-rsa
DEBUG:paramiko.transport:Cipher agreed: aes128-ctr
DEBUG:paramiko.transport:MAC agreed: hmac-sha1
DEBUG:paramiko.transport:Compression agreed: none
DEBUG:paramiko.transport:Got server p (2048 bits)
DEBUG:paramiko.transport:kex engine KexGex specified hash_algo <built-in function openssl_sha1>
DEBUG:paramiko.transport:Switch to new keys ...
DEBUG:paramiko.transport:Adding ssh-rsa host key for 1st_nt_mdf_sw01.mhs.org: b'dff1cc3dbc8e67a39efef4da8ecb0472'
DEBUG:paramiko.transport:userauth is OK
INFO:paramiko.transport:Authentication (password) successful!
DEBUG:paramiko.transport:[chan 0] Max packet in: 32768 bytes
DEBUG:paramiko.transport:[chan 0] Max packet out: 4096 bytes
DEBUG:paramiko.transport:Secsh channel 0 opened.
DEBUG:paramiko.transport:[chan 0] Sesch channel 0 request ok
DEBUG:paramiko.transport:[chan 0] Sesch channel 0 request ok
DEBUG:netmiko:read_channel: 
------------------------------------------------------------------------------------
WARNING:


This system is for the use of authorized clients only. Individuals using the
computer network system without authorization, or in excess of their authorization,
are subject to having all their activity on this computer network system monitored
and recorded by system personnel.  To protect the computer network system from
unauthorized use and to ensure the computer network system is functioning properly,
system administrators monitor this system.  Anyone using this computer network
system expressly consents to such monitoring and is advised that if such monitoring
reveals possible conduct of criminal activity, system personnel may provide the
evidence of such activity to law enforcement officers.

Access is restricted to authorized users only.

Unauthorized access is a violation of state and federal, civil and criminal laws.
------------------------------------------------------------------------------------

1ST_NT_MDF_SW01>
DEBUG:netmiko:read_channel: 
DEBUG:netmiko:read_channel: 
DEBUG:netmiko:read_channel: 
DEBUG:netmiko:write_channel: b'\n'
DEBUG:netmiko:read_channel: 
DEBUG:netmiko:read_channel: 
DEBUG:netmiko:write_channel: b'\n'
DEBUG:netmiko:read_channel: 
1ST_NT_MDF_SW01>
DEBUG:netmiko:read_channel: 
1ST_NT_MDF_SW01>
DEBUG:netmiko:Clear buffer detects data in the channel
DEBUG:netmiko:read_channel: 
DEBUG:netmiko:[find_prompt()]: prompt is 1ST_NT_MDF_SW01>
DEBUG:netmiko:read_channel: 
DEBUG:netmiko:In disable_paging
DEBUG:netmiko:Command: terminal length 0

DEBUG:netmiko:write_channel: b'terminal length 0\n'
DEBUG:netmiko:Pattern is: terminal\ length\ 0
DEBUG:netmiko:_read_channel_expect read_data: t
DEBUG:netmiko:_read_channel_expect read_data: er
DEBUG:netmiko:_read_channel_expect read_data: mi
DEBUG:netmiko:_read_channel_expect read_data: na
DEBUG:netmiko:_read_channel_expect read_data: l 
DEBUG:netmiko:_read_channel_expect read_data: le
DEBUG:netmiko:_read_channel_expect read_data: ng
DEBUG:netmiko:_read_channel_expect read_data: th
DEBUG:netmiko:_read_channel_expect read_data:  0
DEBUG:netmiko:Pattern found: terminal\ length\ 0 terminal length 0
DEBUG:netmiko:terminal length 0
DEBUG:netmiko:Exiting disable_paging
DEBUG:netmiko:write_channel: b'terminal width 511\n'
DEBUG:netmiko:Pattern is: terminal\ width\ 511
DEBUG:netmiko:_read_channel_expect read_data: 

DEBUG:netmiko:_read_channel_expect read_data: 1ST_NT_MDF_SW01>
DEBUG:netmiko:_read_channel_expect read_data: t
DEBUG:netmiko:_read_channel_expect read_data: erm
DEBUG:netmiko:_read_channel_expect read_data: in
DEBUG:netmiko:_read_channel_expect read_data: al
DEBUG:netmiko:_read_channel_expect read_data:  w
DEBUG:netmiko:_read_channel_expect read_data: i
DEBUG:netmiko:_read_channel_expect read_data: dt
DEBUG:netmiko:_read_channel_expect read_data: h 5
DEBUG:netmiko:_read_channel_expect read_data: 1
DEBUG:netmiko:_read_channel_expect read_data: 1
1ST_NT_MDF_SW01>
DEBUG:netmiko:Pattern found: terminal\ width\ 511 
1ST_NT_MDF_SW01>terminal width 511
1ST_NT_MDF_SW01>
DEBUG:netmiko:read_channel: 
DEBUG:netmiko:write_channel: b'\n'
DEBUG:netmiko:Pattern is: 1ST_NT_MDF_SW01
DEBUG:netmiko:_read_channel_expect read_data: 

DEBUG:netmiko:_read_channel_expect read_data: 1ST_NT_MDF_SW01>
DEBUG:netmiko:Pattern found: 1ST_NT_MDF_SW01 
1ST_NT_MDF_SW01>
DEBUG:netmiko:write_channel: b'enable\n'
DEBUG:netmiko:Pattern is: (1ST_NT_MDF_SW01|ssword)
DEBUG:netmiko:_read_channel_expect read_data: e
DEBUG:netmiko:_read_channel_expect read_data: na
DEBUG:netmiko:_read_channel_expect read_data: bl
DEBUG:netmiko:_read_channel_expect read_data: e

DEBUG:netmiko:_read_channel_expect read_data: Password: 
DEBUG:netmiko:Pattern found: (1ST_NT_MDF_SW01|ssword) enable
Password: 
DEBUG:netmiko:write_channel: b'change-mgh\n'
DEBUG:netmiko:Pattern is: 1ST_NT_MDF_SW01
DEBUG:netmiko:_read_channel_expect read_data: 
1ST_NT_MDF_SW01#
DEBUG:netmiko:Pattern found: 1ST_NT_MDF_SW01 
1ST_NT_MDF_SW01#
DEBUG:netmiko:write_channel: b'\n'
DEBUG:netmiko:Pattern is: 1ST_NT_MDF_SW01
DEBUG:netmiko:_read_channel_expect read_data: 

DEBUG:netmiko:_read_channel_expect read_data: 1ST_NT_MDF_SW01#
DEBUG:netmiko:Pattern found: 1ST_NT_MDF_SW01 
1ST_NT_MDF_SW01#
DEBUG:netmiko:read_channel: 
DEBUG:netmiko:write_channel: b'\n'
DEBUG:netmiko:read_channel: 
DEBUG:netmiko:read_channel: 
DEBUG:netmiko:write_channel: b'\n'
DEBUG:netmiko:read_channel: 
1ST_NT_MDF_SW01#
DEBUG:netmiko:read_channel: 
1ST_NT_MDF_SW01#
DEBUG:netmiko:Clear buffer detects data in the channel
DEBUG:netmiko:read_channel: 
DEBUG:netmiko:[find_prompt()]: prompt is 1ST_NT_MDF_SW01#
DEBUG:netmiko:read_channel: 
DEBUG:netmiko:write_channel: b'sh cdp neighbors detail\n'
DEBUG:netmiko:Pattern is: sh\ cdp\ neighbors\ detail
DEBUG:netmiko:_read_channel_expect read_data: s
DEBUG:netmiko:_read_channel_expect read_data: h
DEBUG:netmiko:_read_channel_expect read_data:  cd
DEBUG:netmiko:_read_channel_expect read_data: p 
DEBUG:netmiko:_read_channel_expect read_data: ne
DEBUG:netmiko:_read_channel_expect read_data: ig
DEBUG:netmiko:_read_channel_expect read_data: hb
DEBUG:netmiko:_read_channel_expect read_data: or
DEBUG:netmiko:_read_channel_expect read_data: s 
DEBUG:netmiko:_read_channel_expect read_data: de
DEBUG:netmiko:_read_channel_expect read_data: ta
DEBUG:netmiko:_read_channel_expect read_data: i
DEBUG:netmiko:_read_channel_expect read_data: l

DEBUG:netmiko:Pattern found: sh\ cdp\ neighbors\ detail sh cdp neighbors detail

DEBUG:netmiko:read_channel: -------------------------
Device ID: 3rd_nt_sw01.mongeneral.com
Entry address(es): 
  IP address: 172.29.10.21
Platform: cisco WS-C2960X-48FPD-L,  Capabilities: Switch IGMP 
Interface: TenGigabitEthernet2/0/12,  Port ID (outgoing port): TenGigabitEthernet2/0/1
Holdtime : 174 sec

Version :
Cisco IOS Software, C2960X Software (C2960X-UNIVERSALK9-M), Version 15.2(2)E5, RELEASE SOFTWARE (fc2)
Technical Support: http://www.cisco.com/techsupport
Copyright (c) 1986-2016 by Cisco Systems, Inc.
Compiled Thu 02-Jun-16 01:31 by prod_rel_team

advertisement version: 2
Protocol Hello:  OUI=0x00000C, Protocol ID=0x0112; payload len=27, value=00000000FFFFFFFF010225010000000000000038DF86BA00FF0000
VTP Management Domain: ''
Native VLAN: 666
Duplex: full
Management address(es): 
  IP address: 172.29.10.21

-------------------------
Device ID: 3rd_nt_sw01.mongeneral.com
Entry address(es): 
  IP address: 172.29.10.21
Platform: cisco WS-C2960X-48FPD-L,  Capabilities: Switch IGMP 
Interface: TenGigabitEthernet1/0/12,  Port ID (outgoing port): TenGigabitEthernet1/0/1
Holdtime : 169 sec

Version :
Cisco IOS Software, C2960X Software (C2960X-UNIVERSALK9-M), Version 15.2(2)E5, RELEASE SOFTWARE (fc2)
Technical Support: http://www.cisco.com/techsupport
Copyright (c) 1986-2016 by Cisco Systems, Inc.
Compiled Thu 02-Jun-16 01:31 by prod_rel_team

advertisement version: 2
Protocol Hello:  OUI=0x00000C, Protocol ID=0x0112; payload len=27, value=00000000FFFFFFFF010225010000000000000038DF86BA00FF0000
VTP Management Domain: ''
Native VLAN: 666
Duplex: full
Management address(es): 
  IP address: 172.29.10.21

-------------------------
Device ID: 2nd_st_sw01.mongeneral.com
Entry address(es): 
  IP address: 172.29.10.12
Platform: cisco WS-C2960X-48FPD-L,  Capabilities: Switch IGMP 
Interface: TenGigabitEthernet2/0/3,  Port ID (outgoing port): TenGigabitEthernet2/0/1
Holdtime : 143 sec

Version :
Cisco IOS Software, C2960X Software (C2960X-UNIVERSALK9-M), Version 15.2(2)E5, RELEASE SOFTWARE (fc2)
Technical Support: http://www.cisco.com/techsupport
Copyright (c) 1986-2016 by Cisco Systems, Inc.
Compiled Thu 02-Jun-16 01:31 by prod_rel_team

advertisement version: 2
Protocol Hello:  OUI=0x00000C, Protocol ID=0x0112; payload len=27, value=00000000FFFFFFFF010225010000000000000038DF751E00FF0000
VTP Management Domain: ''
Native VLAN: 666
Duplex: full
Management address(es): 
  IP address: 172.29.10.12

-------------------------
Device ID: 2nd_st_sw01.mongeneral.com
Entry address(es): 
  IP address: 172.29.10.12
Platform: cisco WS-C2960X-48FPD-L,  Capabilities: Switch IGMP 
Interface: TenGigabitEthernet1/0/3,  Port ID (outgoing port): TenGigabitEthernet1/0/1
Holdtime : 160 sec

Version :
Cisco IOS Software, C2960X Software (C2960X-UNIVERSALK9-M), Version 15.2(2)E5, RELEASE SOFTWARE (fc2)
Technical Support: http://www.cisco.com/techsupport
Copyright (c) 1986-2016 by Cisco Systems, Inc.
Compiled Thu 02-Jun-16 01:31 by prod_rel_team

advertisement version: 2
Protocol Hello:  OUI=0x00000C, Protocol ID=0x0112; payload len=27, value=00000000FFFFFFFF010225010000000000000038DF751E00FF0000
VTP Management Domain: ''
Native VLAN: 666
Duplex: full
Management address(es): 
  IP address: 172.29.10.12

-------------------------
Device ID: 3rd_nt_sw02.mongeneral.com
Entry address(es): 
  IP address: 172.29.10.22
Platform: cisco WS-C2960X-48FPD-L,  Capabilities: Switch IGMP 
Interface: TenGigabitEthernet1/0/13,  Port ID (outgoing port): TenGigabitEthernet1/0/1
Holdtime : 160 sec

Version :
Cisco IOS Software, C2960X Software (C2960X-UNIVERSALK9-M), Version 15.2(2)E5, RELEASE SOFTWARE (fc2)
Technical Support: http://www.cisco.com/techsupport
Copyright (c) 1986-2016 by Cisco Systems, Inc.
Compiled Thu 02-Jun-16 01:31 by prod_rel_team

advertisement version: 2
Protocol Hello:  OUI=0x00000C, Protocol ID=0x0112; payload len=27, value=00000000FFFFFFFF010225010000000000000038DF0F6A00FF0000
VTP Management Domain: ''
Native VLAN: 666
Duplex: full
Management address(es): 
  IP address: 172.29.10.22

-------------------------
Device ID: 3rd_nt_sw02.mongeneral.com
Entry address(es): 
  IP address: 172.29.10.22
Platform: cisco WS-C2960X-48FPD-L,  Capabilities: Switch IGMP 
Interface: TenGigabitEthernet2/0/13,  Port ID (outgoing port): TenGigabitEthernet2/0/1
Holdtime : 176 sec

Version :
Cisco IOS Software, C2960X Software (C2960X-UNIVERSALK9-M), Version 15.2(2)E5, RELEASE SOFTWARE (fc2)
Technical Support: http://www.cisco.com/techsupport
Copyright (c) 1986-2016 by Cisco Systems, Inc.
Compiled Thu 02-Jun-16 01:31 by prod_rel_team

advertisement version: 2
Protocol Hello:  OUI=0x00000C, Protocol ID=0x0112; payload len=27, value=00000000FFFFFFFF010225010000000000000038DF0F6A00FF0000
VTP Management Domain: ''
Native VLAN: 666
Duplex: full
Management address(es): 
  IP address: 172.29.10.22

-------------------------
Device ID: 1st_conf_sw01.mongeneral.com
Entry address(es): 
  IP address: 172.29.10.28
Platform: cisco WS-C2960X-48FPD-L,  Capabilities: Switch IGMP 
Interface: TenGigabitEthernet2/0/18,  Port ID (outgoing port): TenGigabitEthernet1/0/2
Holdtime : 161 sec

Version :
Cisco IOS Software, C2960X Software (C2960X-UNIVERSALK9-M), Version 15.2(2)E5, RELEASE SOFTWARE (fc2)
Technical Support: http://www.cisco.com/techsupport
Copyright (c) 1986-2016 by Cisco Systems, Inc.
Compiled Thu 02-Jun-16 01:31 by prod_rel_team

advertisement version: 2
Protocol Hello:  OUI=0x00000C, Protocol ID=0x0112; payload len=27, value=00000000FFFFFFFF010225010000000000000038DF8AB680FF0000
VTP Management Domain: ''
Native VLAN: 666
Duplex: full
Management address(es): 
  IP address: 172.29.10.28

-------------------------
Device ID: 4th_nt_sw01.mongeneral.com
Entry address(es): 
  IP address: 172.29.10.23
Platform: cisco WS-C2960X-48FPD-L,  Capabilities: Switch IGMP 
Interface: TenGigabitEthernet1/0/14,  Port ID (outgoing port): TenGigabitEthernet1/0/1
Holdtime : 171 sec

Version :
Cisco IOS Software, C2960X Software (C2960X-UNIVERSALK9-M), Version 15.2(2)E5, RELEASE SOFTWARE (fc2)
Technical Support: http://www.cisco.com/techsupport
Copyright (c) 1986-2016 by Cisco Systems, Inc.
Compiled Thu 02-Jun-16 01:31 by prod_rel_team

advertisement version: 2
Protocol Hello:  OUI=0x00000C, Protocol ID=0x0112; payload len=27, value=00000000FFFFFFFF010225010000000000000038DF875E00FF0000
VTP Management Domain: ''
Native VLAN: 666
Duplex: full
Management address(es): 
  IP address: 172.29.10.23

-------------------------
Device ID: 4th_nt_sw01.mongeneral.com
Entry address(es): 
  IP address: 172.29.10.23
Platform: cisco WS-C2960X-48FPD-L,  Capabilities: Switch IGMP 
Interface: TenGigabitEthernet2/0/14,  Port ID (outgoing port): TenGigabitEthernet2/0/1
Holdtime : 124 sec

Version :
Cisco IOS Software, C2960X Software (C2960X-UNIVERSALK9-M), Version 15.2(2)E5, RELEASE SOFTWARE (fc2)
Technical Support: http://www.cisco.com/techsupport
Copyright (c) 1986-2016 by Cisco Systems, Inc.
Compiled Thu 02-Jun-16 01:31 by prod_rel_team

advertisement version: 2
Protocol Hello:  OUI=0x00000C, Protocol ID=0x0112; payload len=27, value=00000000FFFFFFFF010225010000000000000038DF875E00FF0000
VTP Management Domain: ''
Native VLAN: 666
Duplex: full
Management address(es): 
  IP address: 172.29.10.23

-------------------------
Device ID: 1st_conf_sw01.mongeneral.com
Entry address(es): 
  IP address: 172.29.10.28
Platform: cisco WS-C2960X-48FPD-L,  Capabilities: Switch IGMP 
Interface: TenGigabitEthernet1/0/18,  Port ID (outgoing port): TenGigabitEthernet1/0/1
Holdtime : 152 sec

Version :
Cisco IOS Software, C2960X Software (C2960X-UNIVERSALK9-M), Version 15.2(2)E5, RELEASE SOFTWARE (fc2)
Technical Support: http://www.cisco.com/techsupport
Copyright (c) 1986-2016 by Cisco Systems, Inc.
Compiled Thu 02-Jun-16 01:31 by prod_rel_team

advertisement version: 2
Protocol Hello:  OUI=0x00000C, Protocol ID=0x0112; payload len=27, value=00000000FFFFFFFF010225010000000000000038DF8AB680FF0000
VTP Management Domain: ''
Native VLAN: 666
Duplex: full
Management address(es): 
  IP address: 172.29.10.28

-------------------------
Device ID: 1st_st_sw02.mongeneral.com
Entry address(es): 
  IP address: 172.29.10.11
Platform: cisco WS-C2960X-48FPD-L,  Capabilities: Switch IGMP 
Interface: TenGigabitEthernet2/0/2,  Port ID (outgoing port): TenGigabitEthernet2/0/1
Holdtime : 148 sec

Version :
Cisco IOS Software, C2960X Software (C2960X-UNIVERSALK9-M), Version 15.2(2)E5, RELEASE SOFTWARE (fc2)
Technical Support: http://www.cisco.com/techsupport
Copyright (c) 1986-2016 by Cisco Systems, Inc.
Compiled Thu 02-Jun-16 01:31 by prod_rel_team

advertisement version: 2
Protocol Hello:  OUI=0x00000C, Protocol ID=0x0112; payload len=27, value=00000000FFFFFFFF010225010000000000000038DF790600FF0000
VTP Management Domain: ''
Native VLAN: 666
Duplex: full
Management address(es): 
  IP address: 172.29.10.11

-------------------------
Device ID: 1st_st_sw02.mongeneral.com
Entry address(es): 
  IP address: 172.29.10.11
Platform: cisco WS-C2960X-48FPD-L,  Capabilities: Switch IGMP 
Interface: TenGigabitEthernet1/0/2,  Port ID (outgoing port): TenGigabitEthernet1/0/1
Holdtime : 141 sec

Version :
Cisco IOS Software, C2960X Software (C2960X-UNIVERSALK9-M), Version 15.2(2)E5, RELEASE SOFTWARE (fc2)
Technical Support: http://www.cisco.com/techsupport
Copyright (c) 1986-2016 by Cisco Systems, Inc.
Compiled Thu 02-Jun-16 01:31 by prod_rel_team

advertisement version: 2
Protocol Hello:  OUI=0x00000C, Protocol ID=0x0112; payload len=27, value=00000000FFFFFFFF010225010000000000000038DF790600FF0000
VTP Management Domain: ''
Native VLAN: 666
Duplex: full
Management address(es): 
  IP address: 172.29.10.11

-------------------------
Device ID: 5th_nt_sw01.mongeneral.com
Entry address(es): 
  IP address: 172.29.10.24
Platform: cisco WS-C2960X-48FPD-L,  Capabilities: Switch IGMP 
Interface: TenGigabitEthernet2/0/15,  Port ID (outgoing port): TenGigabitEthernet2/0/1
Holdtime : 159 sec

Version :
Cisco IOS Software, C2960X Software (C2960X-UNIVERSALK9-M), Version 15.2(2)E5, RELEASE SOFTWARE (fc2)
Technical Support: http://www.cisco.com/techsupport
Copyright (c) 1986-2016 by Cisco Systems, Inc.
Compiled Thu 02-Jun-16 01:31 by prod_rel_team

advertisement version: 2
Protocol Hello:  OUI=0x00000C, Protocol ID=0x0112; payload len=27, value=00000000FFFFFFFF010225010000000000000038DF8AE080FF0000
VTP Management Domain: ''
Native VLAN: 666
Duplex: full
Management address(es): 
  IP address: 172.29.10.24

-------------------------
Device ID: 5th_nt_sw01.mongeneral.com
Entry address(es): 
  IP address: 172.29.10.24
Platform: cisco WS-C2960X-48FPD-L,  Capabilities: Switch IGMP 
Interface: TenGigabitEthernet1/0/15,  Port ID (outgoing port): TenGigabitEthernet1/0/1
Holdtime : 161 sec

Version :
Cisco IOS Software, C2960X Software (C2960X-UNIVERSALK9-M), Version 15.2(2)E5, RELEASE SOFTWARE (fc2)
Technical Support: http://www.cisco.com/techsupport
Copyright (c) 1986-2016 by Cisco Systems, Inc.
Compiled Thu 02-Jun-16 01:31 by prod_rel_team

advertisement version: 2
Protocol Hello:  OUI=0x00000C, Protocol ID=0x0112; payload len=27, value=00000000FFFFFFFF010225010000000000000038DF8AE080FF0000
VTP Management Domain: ''
Native VLAN: 666
Duplex: full
Management address(es): 
  IP address: 172.29.10.24

-------------------------
Device ID: 6th_nt_sw01.mongeneral.com
Entry address(es): 
  IP address: 172.29.10.26
Platform: cisco WS-C2960X-48FPD-L,  Capabilities: Switch IGMP 
Interface: TenGigabitEthernet2/0/17,  Port ID (outgoing port): TenGigabitEthernet2/0/2
Holdtime : 161 sec

Version :
Cisco IOS Software, C2960X Software (C2960X-UNIVERSALK9-M), Version 15.2(2)E5, RELEASE SOFTWARE (fc2)
Technical Support: http://www.cisco.com/techsupport
Copyright (c) 1986-2016 by Cisco Systems, Inc.
Compiled Thu 02-Jun-16 01:31 by prod_rel_team

advertisement version: 2
Protocol Hello:  OUI=0x00000C, Protocol ID=0x0112; payload len=27, value=00000000FFFFFFFF010225010000000000000038DF86E980FF0000
VTP Management Domain: ''
Native VLAN: 666
Duplex: full
Management address(es): 
  IP address: 172.29.10.26

-------------------------
Device ID: 5th_nt_sw02.mongeneral.com
Entry address(es): 
  IP address: 172.29.10.25
Platform: cisco WS-C2960X-48FPD-L,  Capabilities: Switch IGMP 
Interface: TenGigabitEthernet1/0/16,  Port ID (outgoing port): TenGigabitEthernet1/0/1
Holdtime : 127 sec

Version :
Cisco IOS Software, C2960X Software (C2960X-UNIVERSALK9-M), Version 15.2(2)E5, RELEASE SOFTWARE (fc2)
Technical Support: http://www.cisco.com/techsupport
Copyright (c) 1986-2016 by Cisco Systems, Inc.
Compiled Thu 02-Jun-16 01:31 by prod_rel_team

advertisement version: 2
Protocol Hello:  OUI=0x00000C, Protocol ID=0x0112; payload len=27, value=00000000FFFFFFFF010225010000000000000038DF0FAB00FF0000
VTP Management Domain: ''
Native VLAN: 666
Duplex: full
Management address(es): 
  IP address: 172.29.10.25

-------------------------
Device ID: 6th_nt_sw01.mongeneral.com
Entry address(es): 
  IP address: 172.29.10.26
Platform: cisco WS-C2960X-48FPD-L,  Capabilities: Switch IGMP 
Interface: TenGigabitEthernet1/0/17,  Port ID (outgoing port): TenGigabitEthernet1/0/1
Holdtime : 144 sec

Version :
Cisco IOS Software, C2960X Software (C2960X-UNIVERSALK9-M), Version 15.2(2)E5, RELEASE SOFTWARE (fc2)
Technical Support: http://www.cisco.com/techsupport
Copyright (c) 1986-2016 by Cisco Systems, Inc.
Compiled Thu 02-Jun-16 01:31 by prod_rel_team

advertisement version: 2
Protocol Hello:  OUI=0x00000C, Protocol ID=0x0112; payload len=27, value=00000000FFFFFFFF010225010000000000000038DF86E980FF0000
VTP Management Domain: ''
Native VLAN: 666
Duplex: full
Management address(es): 
  IP address: 172.29.10.26

-------------------------
Device ID: 5th_nt_sw02.mongeneral.com
Entry address(es): 
  IP address: 172.29.10.25
Platform: cisco WS-C2960X-48FPD-L,  Capabilities: Switch IGMP 
Interface: TenGigabitEthernet2/0/16,  Port ID (outgoing port): TenGigabitEthernet2/0/1
Holdtime : 121 sec

Version :
Cisco IOS Software, C2960X Software (C2960X-UNIVERSALK9-M), Version 15.2(2)E5, RELEASE SOFTWARE (fc2)
Technical Support: http://www.cisco.com/techsupport
Copyright (c) 1986-2016 by Cisco Systems, Inc.
Compiled Thu 02-Jun-16 01:31 by prod_rel_team

advertisement version: 2
Protocol Hello:  OUI=0x00000C, Protocol ID=0x0112; payload len=27, value=00000000FFFFFFFF010225010000000000000038DF0FAB00FF0000
VTP Management Domain: ''
Native VLAN: 666
Duplex: full
Management address(es): 
  IP address: 172.29.10.25

-------------------------
Device ID: 1st_st_sw01.mongeneral.com
Entry address(es): 
  IP address: 172.29.10.10
Platform: cisco WS-C2960X-48FPD-L,  Capabilities: Switch IGMP 
Interface: TenGigabitEthernet2/0/1,  Port ID (outgoing port): TenGigabitEthernet2/0/1
Holdtime : 134 sec

Version :
Cisco IOS Software, C2960X Software (C2960X-UNIVERSALK9-M), Version 15.2(2)E5, RELEASE SOFTWARE (fc2)
Technical Support: http://www.cisco.com/techsupport
Copyright (c) 1986-2016 by Cisco Systems, Inc.
Compiled Thu 02-Jun-16 01:31 by prod_rel_team

advertisement version: 2
Protocol Hello:  OUI=0x00000C, Protocol ID=0x0112; payload len=27, value=00000000FFFFFFFF010225010000000000000038DF86E780FF0000
VTP Management Domain: ''
Native VLAN: 666
Duplex: full
Management address(es): 
  IP address: 172.29.10.10

-------------------------
Device ID: 1st_st_sw01.mongeneral.com
Entry address(es): 
  IP address: 172.29.10.10
Platform: cisco WS-C2960X-48FPD-L,  Capabilities: Switch IGMP 
Interface: TenGigabitEthernet1/0/1,  Port ID (outgoing port): TenGigabitEthernet1/0/1
Holdtime : 155 sec

Version :
Cisco IOS Software, C2960X Software (C2960X-UNIVERSALK9-M), Version 15.2(2)E5, RELEASE SOFTWARE (fc2)
Technical Support: http://www.cisco.com/techsupport
Copyright (c) 1986-2016 by Cisco Systems, Inc.
Compiled Thu 02-Jun-16 01:31 by prod_rel_team

advertisement version: 2
Protocol Hello:  OUI=0x00000C, Protocol ID=0x0112; payload len=27, value=00000000FFFFFFFF010225010000000000000038DF86E780FF0000
VTP Management Domain: ''
Native VLAN: 6
DEBUG:netmiko:read_channel: 66
Duplex: full
Management address(es): 
  IP address: 172.29.10.10

-------------------------
Device ID: 5th_st_sw01.mongeneral.com
Entry address(es): 
  IP address: 172.29.10.16
Platform: cisco WS-C2960X-48FPD-L,  Capabilities: Switch IGMP 
Interface: TenGigabitEthernet2/0/7,  Port ID (outgoing port): TenGigabitEthernet2/0/1
Holdtime : 174 sec

Version :
Cisco IOS Software, C2960X Software (C2960X-UNIVERSALK9-M), Version 15.2(2)E5, RELEASE SOFTWARE (fc2)
Technical Support: http://www.cisco.com/techsupport
Copyright (c) 1986-2016 by Cisco Systems, Inc.
Compiled Thu 02-Jun-16 01:31 by prod_rel_team

advertisement version: 2
Protocol Hello:  OUI=0x00000C, Protocol ID=0x0112; payload len=27, value=00000000FFFFFFFF010225010000000000000038DF8AC580FF0000
VTP Management Domain: ''
Native VLAN: 666
Duplex: full
Management address(es): 
  IP address: 172.29.10.16

-------------------------
Device ID: 5th_st_sw01.mongeneral.com
Entry address(es): 
  IP address: 172.29.10.16
Platform: cisco WS-C2960X-48FPD-L,  Capabilities: Switch IGMP 
Interface: TenGigabitEthernet1/0/7,  Port ID (outgoing port): TenGigabitEthernet1/0/1
Holdtime : 156 sec

Version :
Cisco IOS Software, C2960X Software (C2960X-UNIVERSALK9-M), Version 15.2(2)E5, RELEASE SOFTWARE (fc2)
Technical Support: http://www.cisco.com/techsupport
Copyright (c) 1986-2016 by Cisco Systems, Inc.
Compiled Thu 02-Jun-16 01:31 by prod_rel_team

advertisement version: 2
Protocol Hello:  OUI=0x00000C, Protocol ID=0x0112; payload len=27, value=00000000FFFFFFFF010225010000000000000038DF8AC580FF0000
VTP Management Domain: ''
Native VLAN: 666
Duplex: full
Management address(es): 
  IP address: 172.29.10.16

-------------------------
Device ID: 4th_st_sw01.mongeneral.com
Entry address(es): 
  IP address: 172.29.10.15
Platform: cisco WS-C2960X-48FPD-L,  Capabilities: Switch IGMP 
Interface: TenGigabitEthernet2/0/6,  Port ID (outgoing port): TenGigabitEthernet2/0/1
Holdtime : 166 sec

Version :
Cisco IOS Software, C2960X Software (C2960X-UNIVERSALK9-M), Version 15.2(2)E5, RELEASE SOFTWARE (fc2)
Technical Support: http://www.cisco.com/techsupport
Copyright (c) 1986-2016 by Cisco Systems, Inc.
Compiled Thu 02-Jun-16 01:31 by prod_rel_team

advertisement version: 2
Protocol Hello:  OUI=0x00000C, Protocol ID=0x0112; payload len=27, value=00000000FFFFFFFF010225010000000000000038DF876500FF0000
VTP Management Domain: ''
Native VLAN: 666
Duplex: full
Management address(es): 
  IP address: 172.29.10.15

-------------------------
Device ID: 4th_st_sw01.mongeneral.com
Entry address(es): 
  IP address: 172.29.10.15
Platform: cisco WS-C2960X-48FPD-L,  Capabilities: Switch IGMP 
Interface: TenGigabitEthernet1/0/6,  Port ID (outgoing port): TenGigabitEthernet1/0/1
Holdtime : 133 sec

Version :
Cisco IOS Software, C2960X Software (C2960X-UNIVERSALK9-M), Version 15.2(2)E5, RELEASE SOFTWARE (fc2)
Technical Support: http://www.cisco.com/techsupport
Copyright (c) 1986-2016 by Cisco Systems, Inc.
Compiled Thu 02-Jun-16 01:31 by prod_rel_team

advertisement version: 2
Protocol Hello:  OUI=0x00000C, Protocol ID=0x0112; payload len=27, value=00000000FFFFFFFF010225010000000000000038DF876500FF0000
VTP Management Domain: ''
Native VLAN: 666
Duplex: full
Management address(es): 
  IP address: 172.29.10.15

-------------------------
Device ID: 1st_nt_sw01.mongeneral.com
Entry address(es): 
  IP address: 172.29.10.17
Platform: cisco WS-C2960X-48FPD-L,  Capabilities: Switch IGMP 
Interface: TenGigabitEthernet2/0/8,  Port ID (outgoing port): TenGigabitEthernet2/0/1
Holdtime : 142 sec

Version :
Cisco IOS Software, C2960X Software (C2960X-UNIVERSALK9-M), Version 15.2(2)E5, RELEASE SOFTWARE (fc2)
Technical Support: http://www.cisco.com/techsupport
Copyright (c) 1986-2016 by Cisco Systems, Inc.
Compiled Thu 02-Jun-16 01:31 by prod_rel_team

advertisement version: 2
Protocol Hello:  OUI=0x00000C, Protocol ID=0x0112; payload len=27, value=00000000FFFFFFFF010225010000000000000038DF0FAA00FF0000
VTP Management Domain: ''
Native VLAN: 666
Duplex: full
Management address(es): 
  IP address: 172.29.10.17

-------------------------
Device ID: 1st_nt_sw01.mongeneral.com
Entry address(es): 
  IP address: 172.29.10.17
Platform: cisco WS-C2960X-48FPD-L,  Capabilities: Switch IGMP 
Interface: TenGigabitEthernet1/0/8,  Port ID (outgoing port): TenGigabitEthernet1/0/1
Holdtime : 152 sec

Version :
Cisco IOS Software, C2960X Software (C2960X-UNIVERSALK9-M), Version 15.2(2)E5, RELEASE SOFTWARE (fc2)
Technical Support: http://www.cisco.com/techsupport
Copyright (c) 1986-2016 by Cisco Systems, Inc.
Compiled Thu 02-Jun-16 01:31 by prod_rel_team

advertisement version: 2
Protocol Hello:  OUI=0x00000C, Protocol ID=0x0112; payload len=27, value=00000000FFFFFFFF010225010000000000000038DF0FAA00FF0000
VTP Management Domain: ''
Native VLAN: 666
Duplex: full
Management address(es): 
  IP address: 172.29.10.17

-------------------------
Device ID: 2nd_nt_sw01.mongeneral.com
Entry address(es): 
  IP address: 172.29.10.18
Platform: cisco WS-C2960X-24PS-L,  Capabilities: Switch IGMP 
Interface: TenGigabitEthernet2/0/9,  Port ID (outgoing port): TenGigabitEthernet2/0/1
Holdtime : 158 sec

Version :
Cisco IOS Software, C2960X Software (C2960X-UNIVERSALK9-M), Version 15.2(2)E5, RELEASE SOFTWARE (fc2)
Technical Support: http://www.cisco.com/techsupport
Copyright (c) 1986-2016 by Cisco Systems, Inc.
Compiled Thu 02-Jun-16 01:31 by prod_rel_team

advertisement version: 2
Protocol Hello:  OUI=0x00000C, Protocol ID=0x0112; payload len=27, value=00000000FFFFFFFF010225010000000000002C0BE9784300FF0000
VTP Management Domain: ''
Native VLAN: 666
Duplex: full
Management address(es): 
  IP address: 172.29.10.18

-------------------------
Device ID: 2nd_nt_sw01.mongeneral.com
Entry address(es): 
  IP address: 172.29.10.18
Platform: cisco WS-C2960X-24PS-L,  Capabilities: Switch IGMP 
Interface: TenGigabitEthernet1/0/9,  Port ID (outgoing port): TenGigabitEthernet1/0/1
Holdtime : 158 sec

Version :
Cisco IOS Software, C2960X Software (C2960X-UNIVERSALK9-M), Version 15.2(2)E5, RELEASE SOFTWARE (fc2)
Technical Support: http://www.cisco.com/techsupport
Copyright (c) 1986-2016 by Cisco Systems, Inc.
Compiled Thu 02-Jun-16 01:31 by prod_rel_team

advertisement version: 2
Protocol Hello:  OUI=0x00000C, Protocol ID=0x0112; payload len=27, value=00000000FFFFFFFF010225010000000000002C0BE9784300FF0000
VTP Management Domain: ''
Native VLAN: 666
Duplex: full
Management address(es): 
  IP address: 172.29.10.18

-------------------------
Device ID: 3rd_st_sw01.mongeneral.com
Entry address(es): 
  IP address: 172.29.10.13
Platform: cisco WS-C2960X-48FPD-L,  Capabilities: Switch IGMP 
Interface: TenGigabitEthernet2/0/4,  Port ID (outgoing port): TenGigabitEthernet2/0/1
Holdtime : 173 sec

Version :
Cisco IOS Software, C2960X Software (C2960X-UNIVERSALK9-M), Version 15.2(2)E5, RELEASE SOFTWARE (fc2)
Technical Support: http://www.cisco.com/techsupport
Copyright (c) 1986-2016 by Cisco Systems, Inc.
Compiled Thu 02-Jun-16 01:31 by prod_rel_team

advertisement version: 2
Protocol Hello:  OUI=0x00000C, Protocol ID=0x0112; payload len=27, value=00000000FFFFFFFF010225010000000000000038DF790280FF0000
VTP Management Domain: ''
Native VLAN: 666
Duplex: full
Management address(es): 
  IP address: 172.29.10.13

-------------------------
Device ID: 3rd_st_sw01.mongeneral.com
Entry address(es): 
  IP address: 172.29.10.13
Platform: cisco WS-C2960X-48FPD-L,  Capabilities: Switch IGMP 
Interface: TenGigabitEthernet1/0/4,  Port ID (outgoing port): TenGigabitEthernet1/0/1
Holdtime : 145 sec

Version :
Cisco IOS Software, C2960X Software (C2960X-UNIVERSALK9-M), Version 15.2(2)E5, RELEASE SOFTWARE (fc2)
Technical Support: http://www.cisco.com/techsupport
Copyright (c) 1986-2016 by Cisco Systems, Inc.
Compiled Thu 02-Jun-16 01:31 by prod_rel_team

advertisement version: 2
Protocol Hello:  OUI=0x00000C, Protocol ID=0x0112; payload len=27, value=00000000FFFFFFFF010225010000000000000038DF790280FF0000
VTP Management Domain: ''
Native VLAN: 666
Duplex: full
Management address(es): 
  IP address: 172.29.10.13

-------------------------
Device ID: 2nd_nt_sw03.mongeneral.com
Entry address(es): 
  IP address: 172.29.10.20
Platform: cisco WS-C2960X-48FPD-L,  Capabilities: Switch IGMP 
Interface: TenGigabitEthernet1/0/11,  Port ID (outgoing port): TenGigabitEthernet1/0/1
Holdtime : 130 sec

Version :
Cisco IOS Software, C2960X Software (C2960X-UNIVERSALK9-M), Version 15.2(2)E5, RELEASE SOFTWARE (fc2)
Technical Support: http://www.cisco.com/techsupport
Copyright (c) 1986-2016 by Cisco Systems, Inc.
Compiled Thu 02-Jun-16 01:31 by prod_rel_team

advertisement version: 2
Protocol Hello:  OUI=0x00000C, Protocol ID=0x0112; payload len=27, value=00000000FFFFFFFF010225010000000000000038DF0F4900FF0000
VTP Management Domain: ''
Native VLAN: 666
Duplex: full
Management address(es): 
  IP address: 172.29.10.20

-------------------------
Device ID: 2nd_nt_sw03.mongeneral.com
Entry address(es): 
  IP address: 172.29.10.20
Platform: cisco WS-C2960X-48FPD-L,  Capabilities: Switch IGMP 
Interface: TenGigabitEthernet2/0/11,  Port ID (outgoing port): TenGigabitEthernet2/0/1
Holdtime : 169 sec

Version :
Cisco IOS Software, C2960X Software (C2960X-UNIVERSALK9-M), Version 15.2(2)E5, RELEASE SOFTWARE (fc2)
Technical Support: http://www.cisco.com/techsupport
Copyright (c) 1986-2016 by Cisco Systems, Inc.
Compiled Thu 02-Jun-16 01:31 by prod_rel_team

advertisement version: 2
Protocol Hello:  OUI=0x00000C, Protocol ID=0x0112; payload len=27, value=00000000FFFFFFFF010225010000000000000038DF0F4900FF0000
VTP Management Domain: ''
Native VLAN: 666
Duplex: full
Management address(es): 
  IP address: 172.29.10.20

-------------------------
Device ID: 3rd_st_sw02.mongeneral.com
Entry address(es): 
  IP address: 172.29.10.14
Platform: cisco WS-C2960X-48FPD-L,  Capabilities: Switch IGMP 
Interface: TenGigabitEthernet1/0/5,  Port ID (outgoing port): TenGigabitEthernet1/0/1
Holdtime : 140 sec

Version :
Cisco IOS Software, C2960X Software (C2960X-UNIVERSALK9-M), Version 15.2(2)E6, RELEASE SOFTWARE (fc1)
Technical Support: http://www.cisco.com/techsupport
Copyright (c) 1986-2016 by Cisco Systems, Inc.
Compiled Fri 16-Dec-16 21:27 by prod_rel_team

advertisement version: 2
Protocol Hello:  OUI=0x00000C, Protocol ID=0x0112; payload len=27, value=00000000FFFFFFFF0102250100000000000000C1B1B8BC80FF0000
VTP Management Domain: ''
Native VLAN: 666
Duplex: full
Management address(es): 
  IP address: 172.29.10.14

-------------------------
Device ID: 2nd_nt_sw02.mongeneral.com
Entry address(es): 
  IP address: 172.29.10.19
Platform: cisco WS-C2960X-48FPD-L,  Capabilities: Switch IGMP 
Interface: TenGigabitEthernet2/0/10,  Port ID (outgoing port): TenGigabitEthernet2/0/1
Holdtime : 139 sec

Version :
Cisco IOS Software, C2960X Software (C2960X-UNIVERSALK9-M), Version 15.2(2)E5, RELEASE SOFTWARE (fc2)
Technical Support: http://www.cisco.com/techsupport
Copyright (c) 1986-2016 by Cisco Systems, Inc.
Compiled Thu 02-Jun-16 01:31 by prod_rel_team

advertisement version: 2
Protocol Hello:  OUI=0x00000C, Protocol ID=0x0112; payload len=27, value=00000000FFFFFFFF010225010000000000000038DF8ACD80FF0000
VTP Management Domain: ''
Native VLAN: 666
Duplex: full
Management address(es): 
  IP address: 172.29.10.19

-------------------------
Device ID: 3rd_st_sw02.mongeneral.com
Entry address(es): 
  IP address: 172.29.10.14
Platform: cisco WS-C2960X-48FPD-L,  Capabilities: Switch IGMP 
Interface: TenGigabitEthernet2/0/5,  Port ID (outgoing port): TenGigabitEthernet2/0/1
Holdtime : 155 sec

Version :
Cisco IOS Software, C2960X Software (C2960X-UNIVERSALK9-M), Version 15.2(2)E6, RELEASE SOFTWARE (fc1)
Technical Support: http://www.cisco.com/techsupport
Copyright (c) 1986-2016 by Cisco Systems, Inc.
Compiled Fri 16-Dec-16 21:27 by prod_rel_team

advertisement version: 2
Protocol Hello:  OUI=0x00000C, Protocol ID=0x0112; payload len=27, value=00000000FFFFFFFF0102250100000000000000C1B1B8BC80FF0000
VTP Management Domain: ''
Native VLAN: 666
Duplex: full
Management address(es): 
  IP address: 172.29.10.14

-------------------------
Device ID: 2nd_nt_sw02.mongeneral.com
Entry address(es): 
  IP address: 172.29.10.19
Platform: cisco WS-C2960X-48FPD-L,  Capabilities: Switch IGMP 
Interface: TenGigabitEthernet1/0/10,  Port ID (outgoing port): TenGigabitEthernet1/0/1
Holdtime : 162 sec

Version :
Cisco IOS Software, C2960X Software (C2960X-UNIVERSALK9-M), Version 15.2(2)E5, RELEASE SOFTWARE (fc2)
Technical Support: http://www.cisco.com/techsupport
Copyright (c) 1986-2016 by Cisco Systems, Inc.
Compiled Thu 02-Jun-16 01:31 by prod_rel_team

advertisement version: 2
Protocol Hello:  OUI=0x00000C, Protocol ID=0x0112; payload len=27, value=00000000FFFFFFFF010225010000000000000038DF8ACD80FF0000
VTP Management Domain: ''
Native VLAN: 666
Duplex: full
Management address(es): 
  IP address: 172.29.10.19

-------------------------
Device ID: MGH1A-CORE.mongeneral.com
Entry address(es): 
  IP address: 172.26.2.122
Platform: cisco WS-C4507R+E,  Capabilities: Switch IGMP 
Interface: TenGigabitEthernet2/0/24,  Port ID (outgoing port): TenGigabitEthernet4/1
Holdtime : 147 sec

Version :
Cisco IOS Software, Catalyst 4500 L3 Switch Software (cat4500e-IPBASEK9-M), Version 15.0(2)SG2, RELEASE SOFTWARE (fc3)
Technical Support: http://www.cisco.com/techsupport
Copyright (c) 1986-2011 by Cisco Systems, Inc.
Compiled Wed 07-Dec-11 20:20 by prod_rel_team

advertisement version: 2
VTP Management Domain: 'MonGen'
Native VLAN: 666
Duplex: full
Management address(es): 
  IP address: 172.26.2.122

-------------------------
Device ID: MGH1A-CORE.mongeneral.com
Entry address(es): 
  IP address: 172.26.2.122
Platform: cisco WS-C4507R+E,  Capabilities: Switch IGMP 
Interface: TenGigabitEthernet1/0/24,  Port ID (outgoing port): TenGigabitEthernet3/1
Holdtime : 147 sec

Version :
Cisco IOS Software, Catalyst 4500 L3 Switch Software (cat4500e-IPBASEK9-M), Version 15.0(2)SG2, RELEASE SOFTWARE (fc3)
Technical Support: http://www.cisco.com/techsupport
Copyright (c) 1986-2011 by Cisco Systems, Inc.
Compiled Wed 07-Dec-11 20:20 by prod_rel_team

advertisement version: 2
VTP Management Domain: 'MonGen'
Native VLAN: 666
Duplex: full
Management address(es): 
  IP address: 172.26.2.122


Total cdp entries displayed : 38
1ST_NT_MDF_SW01#
DEBUG:paramiko.transport:starting thread (client mode): 0xd9717070
DEBUG:paramiko.transport:Local version/idstring: SSH-2.0-paramiko_2.7.1
DEBUG:paramiko.transport:Remote version/idstring: SSH-2.0-Cisco-1.25
INFO:paramiko.transport:Connected (version 2.0, client Cisco-1.25)
DEBUG:paramiko.transport:kex algos:['diffie-hellman-group-exchange-sha1', 'diffie-hellman-group14-sha1', 'diffie-hellman-group1-sha1'] server key:['ssh-rsa'] client encrypt:['aes128-ctr', 'aes192-ctr', 'aes256-ctr', 'aes128-cbc', '3des-cbc', 'aes192-cbc', 'aes256-cbc'] server encrypt:['aes128-ctr', 'aes192-ctr', 'aes256-ctr', 'aes128-cbc', '3des-cbc', 'aes192-cbc', 'aes256-cbc'] client mac:['hmac-sha1', 'hmac-sha1-96'] server mac:['hmac-sha1', 'hmac-sha1-96'] client compress:['none'] server compress:['none'] client lang:[''] server lang:[''] kex follows?False
DEBUG:paramiko.transport:Kex agreed: diffie-hellman-group-exchange-sha1
DEBUG:paramiko.transport:HostKey agreed: ssh-rsa
DEBUG:paramiko.transport:Cipher agreed: aes128-ctr
DEBUG:paramiko.transport:MAC agreed: hmac-sha1
DEBUG:paramiko.transport:Compression agreed: none
DEBUG:paramiko.transport:Got server p (2048 bits)
DEBUG:paramiko.transport:kex engine KexGex specified hash_algo <built-in function openssl_sha1>
DEBUG:paramiko.transport:Switch to new keys ...
DEBUG:paramiko.transport:Adding ssh-rsa host key for 1st_nt_mdf_sw01.mhs.org: b'dff1cc3dbc8e67a39efef4da8ecb0472'
DEBUG:paramiko.transport:userauth is OK
INFO:paramiko.transport:Authentication (password) successful!
DEBUG:paramiko.transport:[chan 0] Max packet in: 32768 bytes
DEBUG:paramiko.transport:[chan 0] Max packet out: 4096 bytes
DEBUG:paramiko.transport:Secsh channel 0 opened.
DEBUG:paramiko.transport:[chan 0] Sesch channel 0 request ok
DEBUG:paramiko.transport:[chan 0] Sesch channel 0 request ok
DEBUG:netmiko:read_channel: 
------------------------------------------------------------------------------------
WARNING:


This system is for the use of authorized clients only. Individuals using the
computer network system without authorization, or in excess of their authorization,
are subject to having all their activity on this computer network system monitored
and recorded by system personnel.  To protect the computer network system from
unauthorized use and to ensure the computer network system is functioning properly,
system administrators monitor this system.  Anyone using this computer network
system expressly consents to such monitoring and is advised that if such monitoring
reveals possible conduct of criminal activity, system personnel may provide the
evidence of such activity to law enforcement officers.

Access is restricted to authorized users only.

Unauthorized access is a violation of state and federal, civil and criminal laws.
------------------------------------------------------------------------------------

1ST_NT_MDF_SW01>
DEBUG:netmiko:read_channel: 
DEBUG:netmiko:read_channel: 
DEBUG:netmiko:read_channel: 
DEBUG:netmiko:write_channel: b'\n'
DEBUG:netmiko:read_channel: 
DEBUG:netmiko:read_channel: 
DEBUG:netmiko:write_channel: b'\n'
DEBUG:netmiko:read_channel: 
1ST_NT_MDF_SW01>
DEBUG:netmiko:read_channel: 
1ST_NT_MDF_SW01>
DEBUG:netmiko:Clear buffer detects data in the channel
DEBUG:netmiko:read_channel: 
DEBUG:netmiko:[find_prompt()]: prompt is 1ST_NT_MDF_SW01>
DEBUG:netmiko:read_channel: 
DEBUG:netmiko:In disable_paging
DEBUG:netmiko:Command: terminal length 0

DEBUG:netmiko:write_channel: b'terminal length 0\n'
DEBUG:netmiko:Pattern is: terminal\ length\ 0
DEBUG:netmiko:_read_channel_expect read_data: t
DEBUG:netmiko:_read_channel_expect read_data: er
DEBUG:netmiko:_read_channel_expect read_data: m
DEBUG:netmiko:_read_channel_expect read_data: in
DEBUG:netmiko:_read_channel_expect read_data: al
DEBUG:netmiko:_read_channel_expect read_data:  l
DEBUG:netmiko:_read_channel_expect read_data: eng
DEBUG:netmiko:_read_channel_expect read_data: t
DEBUG:netmiko:_read_channel_expect read_data: h 0
DEBUG:netmiko:Pattern found: terminal\ length\ 0 terminal length 0
DEBUG:netmiko:terminal length 0
DEBUG:netmiko:Exiting disable_paging
DEBUG:netmiko:write_channel: b'terminal width 511\n'
DEBUG:netmiko:Pattern is: terminal\ width\ 511
DEBUG:netmiko:_read_channel_expect read_data: 

DEBUG:netmiko:_read_channel_expect read_data: 1ST_NT_MDF_SW01>te
DEBUG:netmiko:_read_channel_expect read_data: r
DEBUG:netmiko:_read_channel_expect read_data: mi
DEBUG:netmiko:_read_channel_expect read_data: na
DEBUG:netmiko:_read_channel_expect read_data: l 
DEBUG:netmiko:_read_channel_expect read_data: wi
DEBUG:netmiko:_read_channel_expect read_data: dth
DEBUG:netmiko:_read_channel_expect read_data:  
DEBUG:netmiko:_read_channel_expect read_data: 511
DEBUG:netmiko:Pattern found: terminal\ width\ 511 
1ST_NT_MDF_SW01>terminal width 511
DEBUG:netmiko:read_channel: 
1ST_NT_MDF_SW01>
DEBUG:netmiko:Clear buffer detects data in the channel
DEBUG:netmiko:read_channel: 
DEBUG:netmiko:write_channel: b'\n'
DEBUG:netmiko:Pattern is: 1ST_NT_MDF_SW01
DEBUG:netmiko:_read_channel_expect read_data: 

DEBUG:netmiko:_read_channel_expect read_data: 1ST_NT_MDF_SW01>
DEBUG:netmiko:Pattern found: 1ST_NT_MDF_SW01 
1ST_NT_MDF_SW01>
DEBUG:netmiko:write_channel: b'enable\n'
DEBUG:netmiko:Pattern is: (1ST_NT_MDF_SW01|ssword)
DEBUG:netmiko:_read_channel_expect read_data: e
DEBUG:netmiko:_read_channel_expect read_data: n
DEBUG:netmiko:_read_channel_expect read_data: ab
DEBUG:netmiko:_read_channel_expect read_data: le

DEBUG:netmiko:_read_channel_expect read_data: Password: 
DEBUG:netmiko:Pattern found: (1ST_NT_MDF_SW01|ssword) enable
Password: 
DEBUG:netmiko:write_channel: b'change-mgh\n'
DEBUG:netmiko:Pattern is: 1ST_NT_MDF_SW01
DEBUG:netmiko:_read_channel_expect read_data: 
1ST_NT_MDF_SW01#
DEBUG:netmiko:Pattern found: 1ST_NT_MDF_SW01 
1ST_NT_MDF_SW01#
DEBUG:netmiko:write_channel: b'\n'
DEBUG:netmiko:Pattern is: 1ST_NT_MDF_SW01
DEBUG:netmiko:_read_channel_expect read_data: 

DEBUG:netmiko:_read_channel_expect read_data: 1ST_NT_MDF_SW01#
DEBUG:netmiko:Pattern found: 1ST_NT_MDF_SW01 
1ST_NT_MDF_SW01#
DEBUG:netmiko:read_channel: 
DEBUG:netmiko:write_channel: b'\n'
DEBUG:netmiko:read_channel: 
DEBUG:netmiko:read_channel: 
DEBUG:netmiko:write_channel: b'\n'
DEBUG:netmiko:read_channel: 
1ST_NT_MDF_SW01#
DEBUG:netmiko:read_channel: 
1ST_NT_MDF_SW01#
DEBUG:netmiko:Clear buffer detects data in the channel
DEBUG:netmiko:read_channel: 
DEBUG:netmiko:[find_prompt()]: prompt is 1ST_NT_MDF_SW01#
DEBUG:netmiko:read_channel: 
DEBUG:netmiko:write_channel: b'sh cdp neighbors detail\n'
DEBUG:netmiko:Pattern is: sh\ cdp\ neighbors\ detail
DEBUG:netmiko:_read_channel_expect read_data: s
DEBUG:netmiko:_read_channel_expect read_data: h 
DEBUG:netmiko:_read_channel_expect read_data: c
DEBUG:netmiko:_read_channel_expect read_data: dp
DEBUG:netmiko:_read_channel_expect read_data:  n
DEBUG:netmiko:_read_channel_expect read_data: ei
DEBUG:netmiko:_read_channel_expect read_data: gh
DEBUG:netmiko:_read_channel_expect read_data: bo
DEBUG:netmiko:_read_channel_expect read_data: rs
DEBUG:netmiko:_read_channel_expect read_data:  d
DEBUG:netmiko:_read_channel_expect read_data: eta
DEBUG:netmiko:_read_channel_expect read_data: il
DEBUG:netmiko:Pattern found: sh\ cdp\ neighbors\ detail sh cdp neighbors detail
DEBUG:netmiko:read_channel: 

DEBUG:netmiko:read_channel: -------------------------
Device ID: 3rd_nt_sw01.mongeneral.com
Entry address(es): 
  IP address: 172.29.10.21
Platform: cisco WS-C2960X-48FPD-L,  Capabilities: Switch IGMP 
Interface: TenGigabitEthernet2/0/12,  Port ID (outgoing port): TenGigabitEthernet2/0/1
Holdtime : 143 sec

Version :
Cisco IOS Software, C2960X Software (C2960X-UNIVERSALK9-M), Version 15.2(2)E5, RELEASE SOFTWARE (fc2)
Technical Support: http://www.cisco.com/techsupport
Copyright (c) 1986-2016 by Cisco Systems, Inc.
Compiled Thu 02-Jun-16 01:31 by prod_rel_team

advertisement version: 2
Protocol Hello:  OUI=0x00000C, Protocol ID=0x0112; payload len=27, value=00000000FFFFFFFF010225010000000000000038DF86BA00FF0000
VTP Management Domain: ''
Native VLAN: 666
Duplex: full
Management address(es): 
  IP address: 172.29.10.21

-------------------------
Device ID: 3rd_nt_sw01.mongeneral.com
Entry address(es): 
  IP address: 172.29.10.21
Platform: cisco WS-C2960X-48FPD-L,  Capabilities: Switch IGMP 
Interface: TenGigabitEthernet1/0/12,  Port ID (outgoing port): TenGigabitEthernet1/0/1
Holdtime : 155 sec

Version :
Cisco IOS Software, C2960X Software (C2960X-UNIVERSALK9-M), Version 15.2(2)E5, RELEASE SOFTWARE (fc2)
Technical Support: http://www.cisco.com/techsupport
Copyright (c) 1986-2016 by Cisco Systems, Inc.
Compiled Thu 02-Jun-16 01:31 by prod_rel_team

advertisement version: 2
Protocol Hello:  OUI=0x00000C, Protocol ID=0x0112; payload len=27, value=00000000FFFFFFFF010225010000000000000038DF86BA00FF0000
VTP Management Domain: ''
Native VLAN: 666
Duplex: full
Management address(es): 
  IP address: 172.29.10.21

-------------------------
Device ID: 2nd_st_sw01.mongeneral.com
Entry address(es): 
  IP address: 172.29.10.12
Platform: cisco WS-C2960X-48FPD-L,  Capabilities: Switch IGMP 
Interface: TenGigabitEthernet2/0/3,  Port ID (outgoing port): TenGigabitEthernet2/0/1
Holdtime : 121 sec

Version :
Cisco IOS Software, C2960X Software (C2960X-UNIVERSALK9-M), Version 15.2(2)E5, RELEASE SOFTWARE (fc2)
Technical Support: http://www.cisco.com/techsupport
Copyright (c) 1986-2016 by Cisco Systems, Inc.
Compiled Thu 02-Jun-16 01:31 by prod_rel_team

advertisement version: 2
Protocol Hello:  OUI=0x00000C, Protocol ID=0x0112; payload len=27, value=00000000FFFFFFFF010225010000000000000038DF751E00FF0000
VTP Management Domain: ''
Native VLAN: 666
Duplex: full
Management address(es): 
  IP address: 172.29.10.12

-------------------------
Device ID: 2nd_st_sw01.mongeneral.com
Entry address(es): 
  IP address: 172.29.10.12
Platform: cisco WS-C2960X-48FPD-L,  Capabilities: Switch IGMP 
Interface: TenGigabitEthernet1/0/3,  Port ID (outgoing port): TenGigabitEthernet1/0/1
Holdtime : 122 sec

Version :
Cisco IOS Software, C2960X Software (C2960X-UNIVERSALK9-M), Version 15.2(2)E5, RELEASE SOFTWARE (fc2)
Technical Support: http://www.cisco.com/techsupport
Copyright (c) 1986-2016 by Cisco Systems, Inc.
Compiled Thu 02-Jun-16 01:31 by prod_rel_team

advertisement version: 2
Protocol Hello:  OUI=0x00000C, Protocol ID=0x0112; payload len=27, value=00000000FFFFFFFF010225010000000000000038DF751E00FF0000
VTP Management Domain: ''
Native VLAN: 666
Duplex: full
Management address(es): 
  IP address: 172.29.10.12

-------------------------
Device ID: 3rd_nt_sw02.mongeneral.com
Entry address(es): 
  IP address: 172.29.10.22
Platform: cisco WS-C2960X-48FPD-L,  Capabilities: Switch IGMP 
Interface: TenGigabitEthernet1/0/13,  Port ID (outgoing port): TenGigabitEthernet1/0/1
Holdtime : 131 sec

Version :
Cisco IOS Software, C2960X Software (C2960X-UNIVERSALK9-M), Version 15.2(2)E5, RELEASE SOFTWARE (fc2)
Technical Support: http://www.cisco.com/techsupport
Copyright (c) 1986-2016 by Cisco Systems, Inc.
Compiled Thu 02-Jun-16 01:31 by prod_rel_team

advertisement version: 2
Protocol Hello:  OUI=0x00000C, Protocol ID=0x0112; payload len=27, value=00000000FFFFFFFF010225010000000000000038DF0F6A00FF0000
VTP Management Domain: ''
Native VLAN: 666
Duplex: full
Management address(es): 
  IP address: 172.29.10.22

-------------------------
Device ID: 3rd_nt_sw02.mongeneral.com
Entry address(es): 
  IP address: 172.29.10.22
Platform: cisco WS-C2960X-48FPD-L,  Capabilities: Switch IGMP 
Interface: TenGigabitEthernet2/0/13,  Port ID (outgoing port): TenGigabitEthernet2/0/1
Holdtime : 134 sec

Version :
Cisco IOS Software, C2960X Software (C2960X-UNIVERSALK9-M), Version 15.2(2)E5, RELEASE SOFTWARE (fc2)
Technical Support: http://www.cisco.com/techsupport
Copyright (c) 1986-2016 by Cisco Systems, Inc.
Compiled Thu 02-Jun-16 01:31 by prod_rel_team

advertisement version: 2
Protocol Hello:  OUI=0x00000C, Protocol ID=0x0112; payload len=27, value=00000000FFFFFFFF010225010000000000000038DF0F6A00FF0000
VTP Management Domain: ''
Native VLAN: 666
Duplex: full
Management address(es): 
  IP address: 172.29.10.22

-------------------------
Device ID: 1st_conf_sw01.mongeneral.com
Entry address(es): 
  IP address: 172.29.10.28
Platform: cisco WS-C2960X-48FPD-L,  Capabilities: Switch IGMP 
Interface: TenGigabitEthernet2/0/18,  Port ID (outgoing port): TenGigabitEthernet1/0/2
Holdtime : 163 sec

Version :
Cisco IOS Software, C2960X Software (C2960X-UNIVERSALK9-M), Version 15.2(2)E5, RELEASE SOFTWARE (fc2)
Technical Support: http://www.cisco.com/techsupport
Copyright (c) 1986-2016 by Cisco Systems, Inc.
Compiled Thu 02-Jun-16 01:31 by prod_rel_team

advertisement version: 2
Protocol Hello:  OUI=0x00000C, Protocol ID=0x0112; payload len=27, value=00000000FFFFFFFF010225010000000000000038DF8AB680FF0000
VTP Management Domain: ''
Native VLAN: 666
Duplex: full
Management address(es): 
  IP address: 172.29.10.28

-------------------------
Device ID: 4th_nt_sw01.mongeneral.com
Entry address(es): 
  IP address: 172.29.10.23
Platform: cisco WS-C2960X-48FPD-L,  Capabilities: Switch IGMP 
Interface: TenGigabitEthernet1/0/14,  Port ID (outgoing port): TenGigabitEthernet1/0/1
Holdtime : 128 sec

Version :
Cisco IOS Software, C2960X Software (C2960X-UNIVERSALK9-M), Version 15.2(2)E5, RELEASE SOFTWARE (fc2)
Technical Support: http://www.cisco.com/techsupport
Copyright (c) 1986-2016 by Cisco Systems, Inc.
Compiled Thu 02-Jun-16 01:31 by prod_rel_team

advertisement version: 2
Protocol Hello:  OUI=0x00000C, Protocol ID=0x0112; payload len=27, value=00000000FFFFFFFF010225010000000000000038DF875E00FF0000
VTP Management Domain: ''
Native VLAN: 666
Duplex: full
Management address(es): 
  IP address: 172.29.10.23

-------------------------
Device ID: 4th_nt_sw01.mongeneral.com
Entry address(es): 
  IP address: 172.29.10.23
Platform: cisco WS-C2960X-48FPD-L,  Capabilities: Switch IGMP 
Interface: TenGigabitEthernet2/0/14,  Port ID (outgoing port): TenGigabitEthernet2/0/1
Holdtime : 147 sec

Version :
Cisco IOS Software, C2960X Software (C2960X-UNIVERSALK9-M), Version 15.2(2)E5, RELEASE SOFTWARE (fc2)
Technical Support: http://www.cisco.com/techsupport
Copyright (c) 1986-2016 by Cisco Systems, Inc.
Compiled Thu 02-Jun-16 01:31 by prod_rel_team

advertisement version: 2
Protocol Hello:  OUI=0x00000C, Protocol ID=0x0112; payload len=27, value=00000000FFFFFFFF010225010000000000000038DF875E00FF0000
VTP Management Domain: ''
Native VLAN: 666
Duplex: full
Management address(es): 
  IP address: 172.29.10.23

-------------------------
Device ID: 1st_conf_sw01.mongeneral.com
Entry address(es): 
  IP address: 172.29.10.28
Platform: cisco WS-C2960X-48FPD-L,  Capabilities: Switch IGMP 
Interface: TenGigabitEthernet1/0/18,  Port ID (outgoing port): TenGigabitEthernet1/0/1
Holdtime : 125 sec

Version :
Cisco IOS Software, C2960X Software (C2960X-UNIVERSALK9-M), Version 15.2(2)E5, RELEASE SOFTWARE (fc2)
Technical Support: http://www.cisco.com/techsupport
Copyright (c) 1986-2016 by Cisco Systems, Inc.
Compiled Thu 02-Jun-16 01:31 by prod_rel_team

advertisement version: 2
Protocol Hello:  OUI=0x00000C, Protocol ID=0x0112; payload len=27, value=00000000FFFFFFFF010225010000000000000038DF8AB680FF0000
VTP Management Domain: ''
Native VLAN: 666
Duplex: full
Management address(es): 
  IP address: 172.29.10.28

-------------------------
Device ID: 1st_st_sw02.mongeneral.com
Entry address(es): 
  IP address: 172.29.10.11
Platform: cisco WS-C2960X-48FPD-L,  Capabilities: Switch IGMP 
Interface: TenGigabitEthernet2/0/2,  Port ID (outgoing port): TenGigabitEthernet2/0/1
Holdtime : 124 sec

Version :
Cisco IOS Software, C2960X Software (C2960X-UNIVERSALK9-M), Version 15.2(2)E5, RELEASE SOFTWARE (fc2)
Technical Support: http://www.cisco.com/techsupport
Copyright (c) 1986-2016 by Cisco Systems, Inc.
Compiled Thu 02-Jun-16 01:31 by prod_rel_team

advertisement version: 2
Protocol Hello:  OUI=0x00000C, Protocol ID=0x0112; payload len=27, value=00000000FFFFFFFF010225010000000000000038DF790600FF0000
VTP Management Domain: ''
Native VLAN: 666
Duplex: full
Management address(es): 
  IP address: 172.29.10.11

-------------------------
Device ID: 1st_st_sw02.mongeneral.com
Entry address(es): 
  IP address: 172.29.10.11
Platform: cisco WS-C2960X-48FPD-L,  Capabilities: Switch IGMP 
Interface: TenGigabitEthernet1/0/2,  Port ID (outgoing port): TenGigabitEthernet1/0/1
Holdtime : 133 sec

Version :
Cisco IOS Software, C2960X Software (C2960X-UNIVERSALK9-M), Version 15.2(2)E5, RELEASE SOFTWARE (fc2)
Technical Support: http://www.cisco.com/techsupport
Copyright (c) 1986-2016 by Cisco Systems, Inc.
Compiled Thu 02-Jun-16 01:31 by prod_rel_team

advertisement version: 2
Protocol Hello:  OUI=0x00000C, Protocol ID=0x0112; payload len=27, value=00000000FFFFFFFF010225010000000000000038DF790600FF0000
VTP Management Domain: ''
Native VLAN: 666
Duplex: full
Management address(es): 
  IP address: 172.29.10.11

-------------------------
Device ID: 5th_nt_sw01.mongeneral.com
Entry address(es): 
  IP address: 172.29.10.24
Platform: cisco WS-C2960X-48FPD-L,  Capabilities: Switch IGMP 
Interface: TenGigabitEthernet2/0/15,  Port ID (outgoing port): TenGigabitEthernet2/0/1
Holdtime : 162 sec

Version :
Cisco IOS Software, C2960X Software (C2960X-UNIVERSALK9-M), Version 15.2(2)E5, RELEASE SOFTWARE (fc2)
Technical Support: http://www.cisco.com/techsupport
Copyright (c) 1986-2016 by Cisco Systems, Inc.
Compiled Thu 02-Jun-16 01:31 by prod_rel_team

advertisement version: 2
Protocol Hello:  OUI=0x00000C, Protocol ID=0x0112; payload len=27, value=00000000FFFFFFFF010225010000000000000038DF8AE080FF0000
VTP Management Domain: ''
Native VLAN: 666
Duplex: full
Management address(es): 
  IP address: 172.29.10.24

-------------------------
Device ID: 5th_nt_sw01.mongeneral.com
Entry address(es): 
  IP address: 172.29.10.24
Platform: cisco WS-C2960X-48FPD-L,  Capabilities: Switch IGMP 
Interface: TenGigabitEthernet1/0/15,  Port ID (outgoing port): TenGigabitEthernet1/0/1
Holdtime : 155 sec

Version :
Cisco IOS Software, C2960X Software (C2960X-UNIVERSALK9-M), Version 15.2(2)E5, RELEASE SOFTWARE (fc2)
Technical Support: http://www.cisco.com/techsupport
Copyright (c) 1986-2016 by Cisco Systems, Inc.
Compiled Thu 02-Jun-16 01:31 by prod_rel_team

advertisement version: 2
Protocol Hello:  OUI=0x00000C, Protocol ID=0x0112; payload len=27, value=00000000FFFFFFFF010225010000000000000038DF8AE080FF0000
VTP Management Domain: ''
Native VLAN: 666
Duplex: full
Management address(es): 
  IP address: 172.29.10.24

-------------------------
Device ID: 6th_nt_sw01.mongeneral.com
Entry address(es): 
  IP address: 172.29.10.26
Platform: cisco WS-C2960X-48FPD-L,  Capabilities: Switch IGMP 
Interface: TenGigabitEthernet2/0/17,  Port ID (outgoing port): TenGigabitEthernet2/0/2
Holdtime : 168 sec

Version :
Cisco IOS Software, C2960X Software (C2960X-UNIVERSALK9-M), Version 15.2(2)E5, RELEASE SOFTWARE (fc2)
Technical Support: http://www.cisco.com/techsupport
Copyright (c) 1986-2016 by Cisco Systems, Inc.
Compiled Thu 02-Jun-16 01:31 by prod_rel_team

advertisement version: 2
Protocol Hello:  OUI=0x00000C, Protocol ID=0x0112; payload len=27, value=00000000FFFFFFFF010225010000000000000038DF86E980FF0000
VTP Management Domain: ''
Native VLAN: 666
Duplex: full
Management address(es): 
  IP address: 172.29.10.26

-------------------------
Device ID: 5th_nt_sw02.mongeneral.com
Entry address(es): 
  IP address: 172.29.10.25
Platform: cisco WS-C2960X-48FPD-L,  Capabilities: Switch IGMP 
Interface: TenGigabitEthernet1/0/16,  Port ID (outgoing port): TenGigabitEthernet1/0/1
Holdtime : 124 sec

Version :
Cisco IOS Software, C2960X Software (C2960X-UNIVERSALK9-M), Version 15.2(2)E5, RELEASE SOFTWARE (fc2)
Technical Support: http://www.cisco.com/techsupport
Copyright (c) 1986-2016 by Cisco Systems, Inc.
Compiled Thu 02-Jun-16 01:31 by prod_rel_team

advertisement version: 2
Protocol Hello:  OUI=0x00000C, Protocol ID=0x0112; payload len=27, value=00000000FFFFFFFF010225010000000000000038DF0FAB00FF0000
VTP Management Domain: ''
Native VLAN: 666
Duplex: full
Management address(es): 
  IP address: 172.29.10.25

-------------------------
Device ID: 6th_nt_sw01.mongeneral.com
Entry address(es): 
  IP address: 172.29.10.26
Platform: cisco WS-C2960X-48FPD-L,  Capabilities: Switch IGMP 
Interface: TenGigabitEthernet1/0/17,  Port ID (outgoing port): TenGigabitEthernet1/0/1
Holdtime : 156 sec

Version :
Cisco IOS Software, C2960X Software (C2960X-UNIVERSALK9-M), Version 15.2(2)E5, RELEASE SOFTWARE (fc2)
Technical Support: http://www.cisco.com/techsupport
Copyright (c) 1986-2016 by Cisco Systems, Inc.
Compiled Thu 02-Jun-16 01:31 by prod_rel_team

advertisement version: 2
Protocol Hello:  OUI=0x00000C, Protocol ID=0x0112; payload len=27, value=00000000FFFFFFFF010225010000000000000038DF86E980FF0000
VTP Management Domain: ''
Native VLAN: 666
Duplex: full
Management address(es): 
  IP address: 172.29.10.26

-------------------------
Device ID: 5th_nt_sw02.mongeneral.com
Entry address(es): 
  IP address: 172.29.10.25
Platform: cisco WS-C2960X-48FPD-L,  Capabilities: Switch IGMP 
Interface: TenGigabitEthernet2/0/16,  Port ID (outgoing port): TenGigabitEthernet2/0/1
Holdtime : 145 sec

Version :
Cisco IOS Software, C2960X Software (C2960X-UNIVERSALK9-M), Version 15.2(2)E5, RELEASE SOFTWARE (fc2)
Technical Support: http://www.cisco.com/techsupport
Copyright (c) 1986-2016 by Cisco Systems, Inc.
Compiled Thu 02-Jun-16 01:31 by prod_rel_team

advertisement version: 2
Protocol Hello:  OUI=0x00000C, Protocol ID=0x0112; payload len=27, value=00000000FFFFFFFF010225010000000000000038DF0FAB00FF0000
VTP Management Domain: ''
Native VLAN: 666
Duplex: full
Management address(es): 
  IP address: 172.29.10.25

-------------------------
Device ID: 1st_st_sw01.mongeneral.com
Entry address(es): 
  IP address: 172.29.10.10
Platform: cisco WS-C2960X-48FPD-L,  Capabilities: Switch IGMP 
Interface: TenGigabitEthernet2/0/1,  Port ID (outgoing port): TenGigabitEthernet2/0/1
Holdtime : 159 sec

Version :
Cisco IOS Software, C2960X Software (C2960X-UNIVERSALK9-M), Version 15.2(2)E5, RELEASE SOFTWARE (fc2)
Technical Support: http://www.cisco.com/techsupport
Copyright (c) 1986-2016 by Cisco Systems, Inc.
Compiled Thu 02-Jun-16 01:31 by prod_rel_team

advertisement version: 2
Protocol Hello:  OUI=0x00000C, Protocol ID=0x0112; payload len=27, value=00000000FFFFFFFF010225010000000000000038DF86E780FF0000
VTP Management Domain: ''
Native VLAN: 666
Duplex: full
Management address(es): 
  IP address: 172.29.10.10

-------------------------
Device ID: 1st_st_sw01.mongeneral.com
Entry address(es): 
  IP address: 172.29.10.10
Platform: cisco WS-C2960X-48FPD-L,  Capabilities: Switch IGMP 
Interface: TenGigabitEthernet1/0/1,  Port ID (outgoing port): TenGigabitEthernet1/0/1
Holdtime : 168 sec

Version :
Cisco IOS Software, C2960X Software (C2960X-UNIVERSALK9-M), Version 15.2(2)E5, RELEASE SOFTWARE (fc2)
Technical Support: http://www.cisco.com/techsupport
Copyright (c) 1986-2016 by Cisco Systems, Inc.
Compiled Thu 02-Jun-16 01:31 by prod_rel_team

advertisement version: 2
Protocol Hello:  OUI=0x00000C, Protocol ID=0x0112; payload len=27, value=00000000FFFFFFFF010225010000000000000038DF86E780FF0000
VTP Management Domain: ''
Native VLAN: 666
Duplex: full
Management address(es): 
  IP address: 172.29.10.10

-------------------------
Device ID: 5th_st_sw01.mongeneral.com
Entry address(es): 
  IP address: 172.29.10.16
Platform: cisco WS-C2960X-48FPD-L,  Capabilities: Switch IGMP 
Interface: TenGigabitEthernet2/0/7,  Port ID (outgoing port): TenGigabitEthernet2/0/1
Holdtime : 143 sec

Version :
Cisco IOS Software, C2960X Software (C2960X-UNIVERSALK9-M), Version 15.2(2)E5, RELEASE SOFTWARE (fc2)
Technical Support: http://www.cisco.com/techsupport
Copyright (c) 1986-2016 by Cisco Systems, Inc.
Compiled Thu 02-Jun-16 01:31 by prod_rel_team

advertisement version: 2
Protocol Hello:  OUI=0x00000C, Protocol ID=0x0112; payload len=27, value=00000000FFFFFFFF010225010000000000000038DF8AC580FF0000
VTP Management Domain: ''
Native VLAN: 666
Duplex: full
Management address(es): 
  IP address: 172.29.10.16

-------------------------
Device ID: 5th_st_sw01.mongeneral.com
Entry address(es): 
  IP address: 172.29.10.16
Platform: cisco WS-C2960X-48FPD-L,  Capabilities: Switch IGMP 
Interface: TenGigabitEthernet1/0/7,  Port ID (outgoing port): TenGigabitEthernet1/0/1
Holdtime : 140 sec

Version :
Cisco IOS Software, C2960X Software (C2960X-UNIVERSALK9-M), Version 15.2(2)E5, RELEASE SOFTWARE (fc2)
Technical Support: http://www.cisco.com/techsupport
Copyright (c) 1986-2016 by Cisco Systems, Inc.
Compiled Thu 02-Jun-16 01:31 by prod_rel_team

advertisement version: 2
Protocol Hello:  OUI=0x00000C, Protocol ID=0x0112; payload len=27, value=00000000FFFFFFFF010225010000000000000038DF8AC580FF0000
VTP Management Domain: ''
Native VLAN: 666
Duplex: full
Management address(es): 
  IP address: 172.29.10.16

-------------------------
Device ID: 4th_st_sw01.mongeneral.com
Entry address(es): 
  IP address: 172.29.10.15
Platform: cisco WS-C2960X-48FPD-L,  Capabilities: Switch IGMP 
Interface: TenGigabitEthernet2/0/6,  Port ID (outgoing port): TenGigabitEthernet2/0/1
Holdtime : 162 sec

Version :
Cisco IOS Software, C2960X Software (C2960X-UNIVERSALK9-M), Version 15.2(2)E5, RELEASE SOFTWARE (fc2)
Technical Support: http://www.cisco.com/techsupport
Copyright (c) 1986-2016 by Cisco Systems, Inc.
Compiled Thu 02-Jun-16 01:31 by prod_rel_team

advertisement version: 2
Protocol Hello:  OUI=0x00000C, Protocol ID=0x0112; payload len=27, value=00000000FFFFFFFF010225010000000000000038DF876500FF0000
VTP Management Domain: ''
Native VLAN: 666
Duplex: full
Management address(es): 
  IP address: 172.29.10.15

-------------------------
Device ID: 4th_st_sw01.mongeneral.com
Entry address(es): 
  IP address: 172.29.10.15
Platform: cisco WS-C2960X-48FPD-L,  Capabilities: Switch IGMP 
Interface: TenGigabitEthernet1/0/6,  Port ID (outgoing port): TenGigabitEthernet1/0/1
Holdtime : 140 sec

Version :
Cisco IOS Software, C2960X Software (C2960X-UNIVERSALK9-M), Version 15.2(2)E5, RELEASE SOFTWARE (fc2)
Technical Support: http://www.cisco.com/techsupport
Copyright (c) 1986-2016 by Cisco Systems, Inc.
Compiled Thu 02-Jun-16 01:31 by prod_rel_team

advertisement version: 2
Protocol Hello:  OUI=0x00000C, Protocol ID=0x0112; payload len=27, value=00000000FFFFFFFF010225010000000000000038DF876500FF0000
VTP Management Domain: ''
Native VLAN: 666
Duplex: full
Management address(es): 
  IP address: 172.29.10.15

-------------------------
Device ID: 1st_nt_sw01.mongeneral.com
Entry address(es): 
  IP address: 172.29.10.17
Platform: cisco WS-C2960X-48FPD-L,  Capabilities: Switch IGMP 
Interface: TenGigabitEthernet2/0/8,  Port ID (outgoing port): TenGigabitEthernet2/0/1
Holdtime : 140 sec

Version :
Cisco IOS Software, C2960X Software (C2960X-UNIVERSALK9-M), Version 15.2(2)E5, RELEASE SOFTWARE (fc2)
Technical Support: http://www.cisco.com/techsupport
Copyright (c) 1986-2016 by Cisco Systems, Inc.
Compiled Thu 02-Jun-16 01:31 by prod_rel_team

advertisement version: 2
Protocol Hello:  OUI=0x00000C, Protocol ID=0x0112; payload len=27, value=00000000FFFFFFFF010225010000000000000038DF0FAA00FF0000
VTP Management Domain: ''
Native VLAN: 666
Duplex: full
Management address(es): 
  IP address: 172.29.10.17

-------------------------
Device ID: 1st_nt_sw01.mongeneral.com
Entry address(es): 
  IP address: 172.29.10.17
Platform: cisco WS-C2960X-48FPD-L,  Capabilities: Switch IGMP 
Interface: TenGigabitEthernet1/0/8,  Port ID (outgoing port): TenGigabitEthernet1/0/1
Holdtime : 137 sec

Version :
Cisco IOS Software, C2960X Software (C2960X-UNIVERSALK9-M), Version 15.2(2)E5, RELEASE SOFTWARE (fc2)
Technical Support: http://www.cisco.com/techsupport
Copyright (c) 1986-2016 by Cisco Systems, Inc.
Compiled Thu 02-Jun-16 01:31 by prod_rel_team

advertisement version: 2
Protocol Hello:  OUI=0x00000C, Protocol ID=0x0112; payload len=27, value=00000000FFFFFFFF010225010000000000000038DF0FAA00FF0000
VTP Management Domain: ''
Native VLAN: 666
Duplex: full
Management address(es): 
  IP address: 172.29.10.17

-------------------------
Device ID: 2nd_nt_sw01.mongeneral.com
Entry address(es): 
  IP address: 172.29.10.18
Platform: cisco WS-C2960X-24PS-L,  Capabilities: Switch IGMP 
Interface: TenGigabitEthernet2/0/9,  Port ID (outgoing port): TenGigabitEthernet2/0/1
Holdtime : 147 sec

Version :
Cisco IOS Software, C2960X Software (C2960X-UNIVERSALK9-M), Version 15.2(2)E5, RELEASE SOFTWARE (fc2)
Technical Support: http://www.cisco.com/techsupport
Copyright (c) 1986-2016 by Cisco Systems, Inc.
Compiled Thu 02-Jun-16 01:31 by prod_rel_team

advertisement version: 2
Protocol Hello:  OUI=0x00000C, Protocol ID=0x0112; payload len=27, value=00000000FFFFFFFF010225010000000000002C0BE9784300FF0000
VTP Management Domain: ''
Native VLAN: 666
Duplex: full
Management address(es): 
  IP address: 172.29.10.18

-------------------------
Device ID: 2nd_nt_sw01.mongeneral.com
Entry address(es): 
  IP address: 172.29.10.18
Platform: cisco WS-C2960X-24PS-L,  Capabilities: Switch IGMP 
Interface: TenGigabitEthernet1/0/9,  Port ID (outgoing port): TenGigabitEthernet1/0/1
Holdtime : 144 sec

Version :
Cisco IOS Software, C2960X Software (C2960X-UNIVERSALK9-M), Version 15.2(2)E5, RELEASE SOFTWARE (fc2)
Technical Support: http://www.cisco.com/techsupport
Copyright (c) 1986-2016 by Cisco Systems, Inc.
Compiled Thu 02-Jun-16 01:31 by prod_rel_team

advertisement version: 2
Protocol Hello:  OUI=0x00000C, Protocol ID=0x0112; payload len=27, value=00000000FFFFFFFF010225010000000000002C0BE9784300FF0000
VTP Management Domain: ''
Native VLAN: 666
Duplex: full
Management address(es): 
  IP address: 172.29.10.18

-------------------------
Device ID: 3rd_st_sw01.mongeneral.com
Entry address(es): 
  IP address: 172.29.10.13
Platform: cisco WS-C2960X-48FPD-L,  Capabilities: Switch IGMP 
Interface: TenGigabitEthernet2/0/4,  Port ID (outgoing port): TenGigabitEthernet2/0/1
Holdtime : 158 sec

Version :
Cisco IOS Software, C2960X Software (C2960X-UNIVERSALK9-M), Version 15.2(2)E5, RELEASE SOFTWARE (fc2)
Technical Support: http://www.cisco.com/techsupport
Copyright (c) 1986-2016 by Cisco Systems, Inc.
Compiled Thu 02-Jun-16 01:31 by prod_rel_team

advertisement version: 2
Protocol Hello:  OUI=0x00000C, Protocol ID=0x0112; payload len=27, value=00000000FFFFFFFF010225010000000000000038DF790280FF0000
VTP Management Domain: ''
Native VLAN: 666
Duplex: full
Management address(es): 
  IP address: 172.29.10.13

-------------------------
Device ID: 3rd_st_sw01.mongeneral.com
Entry address(es): 
  IP address: 172.29.10.13
Platform: cisco WS-C2960X-48FPD-L,  Capabilities: Switch IGMP 
Interface: TenGigabitEthernet1/0/4,  Port ID (outgoing port): TenGigabitEthernet1/0/1
Holdtime : 128 sec

Version :
Cisco IOS Software, C2960X Software (C2960X-UNIVERSALK9-M), Version 15.2(2)E5, RELEASE SOFTWARE (fc2)
Technical Support: http://www.cisco.com/techsupport
Copyright (c) 1986-2016 by Cisco Systems, Inc.
Compiled Thu 02-Jun-16 01:31 by prod_rel_team

advertisement version: 2
Protocol Hello:  OUI=0x00000C, Protocol ID=0x0112; payload len=27, value=00000000FFFFFFFF010225010000000000000038DF790280FF0000
VTP Management 
DEBUG:netmiko:read_channel: Domain: ''
Native VLAN: 666
Duplex: full
Management address(es): 
  IP address: 172.29.10.13

-------------------------
Device ID: 2nd_nt_sw03.mongeneral.com
Entry address(es): 
  IP address: 172.29.10.20
Platform: cisco WS-C2960X-48FPD-L,  Capabilities: Switch IGMP 
Interface: TenGigabitEthernet1/0/11,  Port ID (outgoing port): TenGigabitEthernet1/0/1
Holdtime : 152 sec

Version :
Cisco IOS Software, C2960X Software (C2960X-UNIVERSALK9-M), Version 15.2(2)E5, RELEASE SOFTWARE (fc2)
Technical Support: http://www.cisco.com/techsupport
Copyright (c) 1986-2016 by Cisco Systems, Inc.
Compiled Thu 02-Jun-16 01:31 by prod_rel_team

advertisement version: 2
Protocol Hello:  OUI=0x00000C, Protocol ID=0x0112; payload len=27, value=00000000FFFFFFFF010225010000000000000038DF0F4900FF0000
VTP Management Domain: ''
Native VLAN: 666
Duplex: full
Management address(es): 
  IP address: 172.29.10.20

-------------------------
Device ID: 2nd_nt_sw03.mongeneral.com
Entry address(es): 
  IP address: 172.29.10.20
Platform: cisco WS-C2960X-48FPD-L,  Capabilities: Switch IGMP 
Interface: TenGigabitEthernet2/0/11,  Port ID (outgoing port): TenGigabitEthernet2/0/1
Holdtime : 162 sec

Version :
Cisco IOS Software, C2960X Software (C2960X-UNIVERSALK9-M), Version 15.2(2)E5, RELEASE SOFTWARE (fc2)
Technical Support: http://www.cisco.com/techsupport
Copyright (c) 1986-2016 by Cisco Systems, Inc.
Compiled Thu 02-Jun-16 01:31 by prod_rel_team

advertisement version: 2
Protocol Hello:  OUI=0x00000C, Protocol ID=0x0112; payload len=27, value=00000000FFFFFFFF010225010000000000000038DF0F4900FF0000
VTP Management Domain: ''
Native VLAN: 666
Duplex: full
Management address(es): 
  IP address: 172.29.10.20

-------------------------
Device ID: 3rd_st_sw02.mongeneral.com
Entry address(es): 
  IP address: 172.29.10.14
Platform: cisco WS-C2960X-48FPD-L,  Capabilities: Switch IGMP 
Interface: TenGigabitEthernet1/0/5,  Port ID (outgoing port): TenGigabitEthernet1/0/1
Holdtime : 148 sec

Version :
Cisco IOS Software, C2960X Software (C2960X-UNIVERSALK9-M), Version 15.2(2)E6, RELEASE SOFTWARE (fc1)
Technical Support: http://www.cisco.com/techsupport
Copyright (c) 1986-2016 by Cisco Systems, Inc.
Compiled Fri 16-Dec-16 21:27 by prod_rel_team

advertisement version: 2
Protocol Hello:  OUI=0x00000C, Protocol ID=0x0112; payload len=27, value=00000000FFFFFFFF0102250100000000000000C1B1B8BC80FF0000
VTP Management Domain: ''
Native VLAN: 666
Duplex: full
Management address(es): 
  IP address: 172.29.10.14

-------------------------
Device ID: 2nd_nt_sw02.mongeneral.com
Entry address(es): 
  IP address: 172.29.10.19
Platform: cisco WS-C2960X-48FPD-L,  Capabilities: Switch IGMP 
Interface: TenGigabitEthernet2/0/10,  Port ID (outgoing port): TenGigabitEthernet2/0/1
Holdtime : 121 sec

Version :
Cisco IOS Software, C2960X Software (C2960X-UNIVERSALK9-M), Version 15.2(2)E5, RELEASE SOFTWARE (fc2)
Technical Support: http://www.cisco.com/techsupport
Copyright (c) 1986-2016 by Cisco Systems, Inc.
Compiled Thu 02-Jun-16 01:31 by prod_rel_team

advertisement version: 2
Protocol Hello:  OUI=0x00000C, Protocol ID=0x0112; payload len=27, value=00000000FFFFFFFF010225010000000000000038DF8ACD80FF0000
VTP Management Domain: ''
Native VLAN: 666
Duplex: full
Management address(es): 
  IP address: 172.29.10.19

-------------------------
Device ID: 3rd_st_sw02.mongeneral.com
Entry address(es): 
  IP address: 172.29.10.14
Platform: cisco WS-C2960X-48FPD-L,  Capabilities: Switch IGMP 
Interface: TenGigabitEthernet2/0/5,  Port ID (outgoing port): TenGigabitEthernet2/0/1
Holdtime : 139 sec

Version :
Cisco IOS Software, C2960X Software (C2960X-UNIVERSALK9-M), Version 15.2(2)E6, RELEASE SOFTWARE (fc1)
Technical Support: http://www.cisco.com/techsupport
Copyright (c) 1986-2016 by Cisco Systems, Inc.
Compiled Fri 16-Dec-16 21:27 by prod_rel_team

advertisement version: 2
Protocol Hello:  OUI=0x00000C, Protocol ID=0x0112; payload len=27, value=00000000FFFFFFFF0102250100000000000000C1B1B8BC80FF0000
VTP Management Domain: ''
Native VLAN: 666
Duplex: full
Management address(es): 
  IP address: 172.29.10.14

-------------------------
Device ID: 2nd_nt_sw02.mongeneral.com
Entry address(es): 
  IP address: 172.29.10.19
Platform: cisco WS-C2960X-48FPD-L,  Capabilities: Switch IGMP 
Interface: TenGigabitEthernet1/0/10,  Port ID (outgoing port): TenGigabitEthernet1/0/1
Holdtime : 127 sec

Version :
Cisco IOS Software, C2960X Software (C2960X-UNIVERSALK9-M), Version 15.2(2)E5, RELEASE SOFTWARE (fc2)
Technical Support: http://www.cisco.com/techsupport
Copyright (c) 1986-2016 by Cisco Systems, Inc.
Compiled Thu 02-Jun-16 01:31 by prod_rel_team

advertisement version: 2
Protocol Hello:  OUI=0x00000C, Protocol ID=0x0112; payload len=27, value=00000000FFFFFFFF010225010000000000000038DF8ACD80FF0000
VTP Management Domain: ''
Native VLAN: 666
Duplex: full
Management address(es): 
  IP address: 172.29.10.19

-------------------------
Device ID: MGH1A-CORE.mongeneral.com
Entry address(es): 
  IP address: 172.26.2.122
Platform: cisco WS-C4507R+E,  Capabilities: Switch IGMP 
Interface: TenGigabitEthernet2/0/24,  Port ID (outgoing port): TenGigabitEthernet4/1
Holdtime : 157 sec

Version :
Cisco IOS Software, Catalyst 4500 L3 Switch Software (cat4500e-IPBASEK9-M), Version 15.0(2)SG2, RELEASE SOFTWARE (fc3)
Technical Support: http://www.cisco.com/techsupport
Copyright (c) 1986-2011 by Cisco Systems, Inc.
Compiled Wed 07-Dec-11 20:20 by prod_rel_team

advertisement version: 2
VTP Management Domain: 'MonGen'
Native VLAN: 666
Duplex: full
Management address(es): 
  IP address: 172.26.2.122

-------------------------
Device ID: MGH1A-CORE.mongeneral.com
Entry address(es): 
  IP address: 172.26.2.122
Platform: cisco WS-C4507R+E,  Capabilities: Switch IGMP 
Interface: TenGigabitEthernet1/0/24,  Port ID (outgoing port): TenGigabitEthernet3/1
Holdtime : 157 sec

Version :
Cisco IOS Software, Catalyst 4500 L3 Switch Software (cat4500e-IPBASEK9-M), Version 15.0(2)SG2, RELEASE SOFTWARE (fc3)
Technical Support: http://www.cisco.com/techsupport
Copyright (c) 1986-2011 by Cisco Systems, Inc.
Compiled Wed 07-Dec-11 20:20 by prod_rel_team

advertisement version: 2
VTP Management Domain: 'MonGen'
Native VLAN: 666
Duplex: full
Management address(es): 
  IP address: 172.26.2.122


Total cdp entries displayed : 38
1ST_NT_MDF_SW01#
DEBUG:paramiko.transport:starting thread (client mode): 0x6b990070
DEBUG:paramiko.transport:Local version/idstring: SSH-2.0-paramiko_2.7.1
DEBUG:paramiko.transport:Remote version/idstring: SSH-2.0-Cisco-1.25
INFO:paramiko.transport:Connected (version 2.0, client Cisco-1.25)
DEBUG:paramiko.transport:kex algos:['diffie-hellman-group-exchange-sha1', 'diffie-hellman-group14-sha1', 'diffie-hellman-group1-sha1'] server key:['ssh-rsa'] client encrypt:['aes128-ctr', 'aes192-ctr', 'aes256-ctr', 'aes128-cbc', '3des-cbc', 'aes192-cbc', 'aes256-cbc'] server encrypt:['aes128-ctr', 'aes192-ctr', 'aes256-ctr', 'aes128-cbc', '3des-cbc', 'aes192-cbc', 'aes256-cbc'] client mac:['hmac-sha1', 'hmac-sha1-96'] server mac:['hmac-sha1', 'hmac-sha1-96'] client compress:['none'] server compress:['none'] client lang:[''] server lang:[''] kex follows?False
DEBUG:paramiko.transport:Kex agreed: diffie-hellman-group-exchange-sha1
DEBUG:paramiko.transport:HostKey agreed: ssh-rsa
DEBUG:paramiko.transport:Cipher agreed: aes128-ctr
DEBUG:paramiko.transport:MAC agreed: hmac-sha1
DEBUG:paramiko.transport:Compression agreed: none
DEBUG:paramiko.transport:Got server p (2048 bits)
DEBUG:paramiko.transport:kex engine KexGex specified hash_algo <built-in function openssl_sha1>
DEBUG:paramiko.transport:Switch to new keys ...
DEBUG:paramiko.transport:Adding ssh-rsa host key for 1st_nt_mdf_sw01.mhs.org: b'dff1cc3dbc8e67a39efef4da8ecb0472'
DEBUG:paramiko.transport:userauth is OK
INFO:paramiko.transport:Authentication (password) successful!
DEBUG:paramiko.transport:[chan 0] Max packet in: 32768 bytes
DEBUG:paramiko.transport:[chan 0] Max packet out: 4096 bytes
DEBUG:paramiko.transport:Secsh channel 0 opened.
DEBUG:paramiko.transport:[chan 0] Sesch channel 0 request ok
DEBUG:paramiko.transport:[chan 0] Sesch channel 0 request ok
DEBUG:netmiko:read_channel: 
------------------------------------------------------------------------------------
WARNING:


This system is for the use of authorized clients only. Individuals using the
computer network system without authorization, or in excess of their authorization,
are subject to having all their activity on this computer network system monitored
and recorded by system personnel.  To protect the computer network system from
unauthorized use and to ensure the computer network system is functioning properly,
system administrators monitor this system.  Anyone using this computer network
system expressly consents to such monitoring and is advised that if such monitoring
reveals possible conduct of criminal activity, system personnel may provide the
evidence of such activity to law enforcement officers.

Access is restricted to authorized users only.

Unauthorized access is a violation of state and federal, civil and criminal laws.
------------------------------------------------------------------------------------

1ST_NT_MDF_SW01>
DEBUG:netmiko:read_channel: 
DEBUG:netmiko:read_channel: 
DEBUG:netmiko:read_channel: 
DEBUG:netmiko:write_channel: b'\n'
DEBUG:netmiko:read_channel: 
DEBUG:netmiko:read_channel: 
DEBUG:netmiko:write_channel: b'\n'
DEBUG:netmiko:read_channel: 
1ST_NT_MDF_SW01>
DEBUG:netmiko:read_channel: 
1ST_NT_MDF_SW01>
DEBUG:netmiko:Clear buffer detects data in the channel
DEBUG:netmiko:read_channel: 
DEBUG:netmiko:[find_prompt()]: prompt is 1ST_NT_MDF_SW01>
DEBUG:netmiko:read_channel: 
DEBUG:netmiko:In disable_paging
DEBUG:netmiko:Command: terminal length 0

DEBUG:netmiko:write_channel: b'terminal length 0\n'
DEBUG:netmiko:Pattern is: terminal\ length\ 0
DEBUG:netmiko:_read_channel_expect read_data: t
DEBUG:netmiko:_read_channel_expect read_data: er
DEBUG:netmiko:_read_channel_expect read_data: mi
DEBUG:netmiko:_read_channel_expect read_data: na
DEBUG:netmiko:_read_channel_expect read_data: l 
DEBUG:netmiko:_read_channel_expect read_data: le
DEBUG:netmiko:_read_channel_expect read_data: n
DEBUG:netmiko:_read_channel_expect read_data: gth
DEBUG:netmiko:_read_channel_expect read_data:  
DEBUG:netmiko:_read_channel_expect read_data: 0
1ST_NT_MDF_SW01>
DEBUG:netmiko:Pattern found: terminal\ length\ 0 terminal length 0
1ST_NT_MDF_SW01>
DEBUG:netmiko:terminal length 0
1ST_NT_MDF_SW01>
DEBUG:netmiko:Exiting disable_paging
DEBUG:netmiko:write_channel: b'terminal width 511\n'
DEBUG:netmiko:Pattern is: terminal\ width\ 511
DEBUG:netmiko:_read_channel_expect read_data: t
DEBUG:netmiko:_read_channel_expect read_data: e
DEBUG:netmiko:_read_channel_expect read_data: rm
DEBUG:netmiko:_read_channel_expect read_data: in
DEBUG:netmiko:_read_channel_expect read_data: al
DEBUG:netmiko:_read_channel_expect read_data:  w
DEBUG:netmiko:_read_channel_expect read_data: id
DEBUG:netmiko:_read_channel_expect read_data: th 
DEBUG:netmiko:_read_channel_expect read_data: 51
DEBUG:netmiko:_read_channel_expect read_data: 1

DEBUG:netmiko:Pattern found: terminal\ width\ 511 terminal width 511

DEBUG:netmiko:read_channel: 1ST_NT_MDF_SW01>
DEBUG:netmiko:Clear buffer detects data in the channel
DEBUG:netmiko:read_channel: 
DEBUG:netmiko:write_channel: b'\n'
DEBUG:netmiko:Pattern is: 1ST_NT_MDF_SW01
DEBUG:netmiko:_read_channel_expect read_data: 

DEBUG:netmiko:_read_channel_expect read_data: 1ST_NT_MDF_SW01>
DEBUG:netmiko:Pattern found: 1ST_NT_MDF_SW01 
1ST_NT_MDF_SW01>
DEBUG:netmiko:write_channel: b'enable\n'
DEBUG:netmiko:Pattern is: (1ST_NT_MDF_SW01|ssword)
DEBUG:netmiko:_read_channel_expect read_data: e
DEBUG:netmiko:_read_channel_expect read_data: na
DEBUG:netmiko:_read_channel_expect read_data: b
DEBUG:netmiko:_read_channel_expect read_data: le
DEBUG:netmiko:_read_channel_expect read_data: 
Password: 
DEBUG:netmiko:Pattern found: (1ST_NT_MDF_SW01|ssword) enable
Password: 
DEBUG:netmiko:write_channel: b'change-mgh\n'
DEBUG:netmiko:Pattern is: 1ST_NT_MDF_SW01
DEBUG:netmiko:_read_channel_expect read_data: 
1ST_NT_MDF_SW01#
DEBUG:netmiko:Pattern found: 1ST_NT_MDF_SW01 
1ST_NT_MDF_SW01#
DEBUG:netmiko:write_channel: b'\n'
DEBUG:netmiko:Pattern is: 1ST_NT_MDF_SW01
DEBUG:netmiko:_read_channel_expect read_data: 

DEBUG:netmiko:_read_channel_expect read_data: 1ST_NT_MDF_SW01#
DEBUG:netmiko:Pattern found: 1ST_NT_MDF_SW01 
1ST_NT_MDF_SW01#
DEBUG:netmiko:read_channel: 
DEBUG:netmiko:write_channel: b'\n'
DEBUG:netmiko:read_channel: 
DEBUG:netmiko:read_channel: 
DEBUG:netmiko:write_channel: b'\n'
DEBUG:netmiko:read_channel: 
1ST_NT_MDF_SW01#
DEBUG:netmiko:read_channel: 
1ST_NT_MDF_SW01#
DEBUG:netmiko:Clear buffer detects data in the channel
DEBUG:netmiko:read_channel: 
DEBUG:netmiko:[find_prompt()]: prompt is 1ST_NT_MDF_SW01#
DEBUG:netmiko:read_channel: 
DEBUG:netmiko:write_channel: b'sh cdp neighbors detail\n'
DEBUG:netmiko:Pattern is: sh\ cdp\ neighbors\ detail
DEBUG:netmiko:_read_channel_expect read_data: s
DEBUG:netmiko:_read_channel_expect read_data: h 
DEBUG:netmiko:_read_channel_expect read_data: c
DEBUG:netmiko:_read_channel_expect read_data: dp
DEBUG:netmiko:_read_channel_expect read_data:  n
DEBUG:netmiko:_read_channel_expect read_data: eig
DEBUG:netmiko:_read_channel_expect read_data: h
DEBUG:netmiko:_read_channel_expect read_data: bor
DEBUG:netmiko:_read_channel_expect read_data: s 
DEBUG:netmiko:_read_channel_expect read_data: d
DEBUG:netmiko:_read_channel_expect read_data: eta
DEBUG:netmiko:_read_channel_expect read_data: il
DEBUG:netmiko:Pattern found: sh\ cdp\ neighbors\ detail sh cdp neighbors detail
DEBUG:netmiko:read_channel: 
-------------------------
Device ID: 3rd_nt_sw01.mongeneral.com
Entry address(es): 
  IP address: 172.29.10.21
Platform: cisco WS-C2960X-48FPD-L,  Capabilities: Switch IGMP 
Interface: TenGigabitEthernet2/0/12,  Port ID (outgoing port): TenGigabitEthernet2/0/1
Holdtime : 157 sec

Version :
Cisco IOS Software, C2960X Software (C2960X-UNIVERSALK9-M), Version 15.2(2)E5, RELEASE SOFTWARE (fc2)
Technical Support: http://www.cisco.com/techsupport
Copyright (c) 1986-2016 by Cisco Systems, Inc.
Compiled Thu 02-Jun-16 01:31 by prod_rel_team

advertisement version: 2
Protocol Hello:  OUI=0x00000C, Protocol ID=0x0112; payload len=27, value=00000000FFFFFFFF010225010000000000000038DF86BA00FF0000
VTP Management Domain: ''
Native VLAN: 666
Duplex: full
Management address(es): 
  IP address: 172.29.10.21

-------------------------
Device ID: 3rd_nt_sw01.mongeneral.com
Entry address(es): 
  IP address: 172.29.10.21
Platform: cisco WS-C2960X-48FPD-L,  Capabilities: Switch IGMP 
Interface: TenGigabitEthernet1/0/12,  Port ID (outgoing port): TenGigabitEthernet1/0/1
Holdtime : 177 sec

Version :
Cisco IOS Software, C2960X Software (C2960X-UNIVERSALK9-M), Version 15.2(2)E5, RELEASE SOFTWARE (fc2)
Technical Support: http://www.cisco.com/techsupport
Copyright (c) 1986-2016 by Cisco Systems, Inc.
Compiled Thu 02-Jun-16 01:31 by prod_rel_team

advertisement version: 2
Protocol Hello:  OUI=0x00000C, Protocol ID=0x0112; payload len=27, value=00000000FFFFFFFF010225010000000000000038DF86BA00FF0000
VTP Management Domain: ''
Native VLAN: 666
Duplex: full
Management address(es): 
  IP address: 172.29.10.21

-------------------------
Device ID: 2nd_st_sw01.mongeneral.com
Entry address(es): 
  IP address: 172.29.10.12
Platform: cisco WS-C2960X-48FPD-L,  Capabilities: Switch IGMP 
Interface: TenGigabitEthernet2/0/3,  Port ID (outgoing port): TenGigabitEthernet2/0/1
Holdtime : 155 sec

Version :
Cisco IOS Software, C2960X Software (C2960X-UNIVERSALK9-M), Version 15.2(2)E5, RELEASE SOFTWARE (fc2)
Technical Support: http://www.cisco.com/techsupport
Copyright (c) 1986-2016 by Cisco Systems, Inc.
Compiled Thu 02-Jun-16 01:31 by prod_rel_team

advertisement version: 2
Protocol Hello:  OUI=0x00000C, Protocol ID=0x0112; payload len=27, value=00000000FFFFFFFF010225010000000000000038DF751E00FF0000
VTP Management Domain: ''
Native VLAN: 666
Duplex: full
Management address(es): 
  IP address: 172.29.10.12

-------------------------
Device ID: 2nd_st_sw01.mongeneral.com
Entry address(es): 
  IP address: 172.29.10.12
Platform: cisco WS-C2960X-48FPD-L,  Capabilities: Switch IGMP 
Interface: TenGigabitEthernet1/0/3,  Port ID (outgoing port): TenGigabitEthernet1/0/1
Holdtime : 156 sec

Version :
Cisco IOS Software, C2960X Software (C2960X-UNIVERSALK9-M), Version 15.2(2)E5, RELEASE SOFTWARE (fc2)
Technical Support: http://www.cisco.com/techsupport
Copyright (c) 1986-2016 by Cisco Systems, Inc.
Compiled Thu 02-Jun-16 01:31 by prod_rel_team

advertisement version: 2
Protocol Hello:  OUI=0x00000C, Protocol ID=0x0112; payload len=27, value=00000000FFFFFFFF010225010000000000000038DF751E00FF0000
VTP Management Domain: ''
Native VLAN: 666
Duplex: full
Management address(es): 
  IP address: 172.29.10.12

-------------------------
Device ID: 3rd_nt_sw02.mongeneral.com
Entry address(es): 
  IP address: 172.29.10.22
Platform: cisco WS-C2960X-48FPD-L,  Capabilities: Switch IGMP 
Interface: TenGigabitEthernet1/0/13,  Port ID (outgoing port): TenGigabitEthernet1/0/1
Holdtime : 149 sec

Version :
Cisco IOS Software, C2960X Software (C2960X-UNIVERSALK9-M), Version 15.2(2)E5, RELEASE SOFTWARE (fc2)
Technical Support: http://www.cisco.com/techsupport
Copyright (c) 1986-2016 by Cisco Systems, Inc.
Compiled Thu 02-Jun-16 01:31 by prod_rel_team

advertisement version: 2
Protocol Hello:  OUI=0x00000C, Protocol ID=0x0112; payload len=27, value=00000000FFFFFFFF010225010000000000000038DF0F6A00FF0000
VTP Management Domain: ''
Native VLAN: 666
Duplex: full
Management address(es): 
  IP address: 172.29.10.22

-------------------------
Device ID: 3rd_nt_sw02.mongeneral.com
Entry address(es): 
  IP address: 172.29.10.22
Platform: cisco WS-C2960X-48FPD-L,  Capabilities: Switch IGMP 
Interface: TenGigabitEthernet2/0/13,  Port ID (outgoing port): TenGigabitEthernet2/0/1
Holdtime : 162 sec

Version :
Cisco IOS Software, C2960X Software (C2960X-UNIVERSALK9-M), Version 15.2(2)E5, RELEASE SOFTWARE (fc2)
Technical Support: http://www.cisco.com/techsupport
Copyright (c) 1986-2016 by Cisco Systems, Inc.
Compiled Thu 02-Jun-16 01:31 by prod_rel_team

advertisement version: 2
Protocol Hello:  OUI=0x00000C, Protocol ID=0x0112; payload len=27, value=00000000FFFFFFFF010225010000000000000038DF0F6A00FF0000
VTP Management Domain: ''
Native VLAN: 666
Duplex: full
Management address(es): 
  IP address: 172.29.10.22

-------------------------
Device ID: 1st_conf_sw01.mongeneral.com
Entry address(es): 
  IP address: 172.29.10.28
Platform: cisco WS-C2960X-48FPD-L,  Capabilities: Switch IGMP 
Interface: TenGigabitEthernet2/0/18,  Port ID (outgoing port): TenGigabitEthernet1/0/2
Holdtime : 146 sec

Version :
Cisco IOS Software, C2960X Software (C2960X-UNIVERSALK9-M), Version 15.2(2)E5, RELEASE SOFTWARE (fc2)
Technical Support: http://www.cisco.com/techsupport
Copyright (c) 1986-2016 by Cisco Systems, Inc.
Compiled Thu 02-Jun-16 01:31 by prod_rel_team

advertisement version: 2
Protocol Hello:  OUI=0x00000C, Protocol ID=0x0112; payload len=27, value=00000000FFFFFFFF010225010000000000000038DF8AB680FF0000
VTP Management Domain: ''
Native VLAN: 666
Duplex: full
Management address(es): 
  IP address: 172.29.10.28

-------------------------
Device ID: 4th_nt_sw01.mongeneral.com
Entry address(es): 
  IP address: 172.29.10.23
Platform: cisco WS-C2960X-48FPD-L,  Capabilities: Switch IGMP 
Interface: TenGigabitEthernet1/0/14,  Port ID (outgoing port): TenGigabitEthernet1/0/1
Holdtime : 161 sec

Version :
Cisco IOS Software, C2960X Software (C2960X-UNIVERSALK9-M), Version 15.2(2)E5, RELEASE SOFTWARE (fc2)
Technical Support: http://www.cisco.com/techsupport
Copyright (c) 1986-2016 by Cisco Systems, Inc.
Compiled Thu 02-Jun-16 01:31 by prod_rel_team

advertisement version: 2
Protocol Hello:  OUI=0x00000C, Protocol ID=0x0112; payload len=27, value=00000000FFFFFFFF010225010000000000000038DF875E00FF0000
VTP Management Domain: ''
Native VLAN: 666
Duplex: full
Management address(es): 
  IP address: 172.29.10.23

-------------------------
Device ID: 4th_nt_sw01.mongeneral.com
Entry address(es): 
  IP address: 172.29.10.23
Platform: cisco WS-C2960X-48FPD-L,  Capabilities: Switch IGMP 
Interface: TenGigabitEthernet2/0/14,  Port ID (outgoing port): TenGigabitEthernet2/0/1
Holdtime : 169 sec

Version :
Cisco IOS Software, C2960X Software (C2960X-UNIVERSALK9-M), Version 15.2(2)E5, RELEASE SOFTWARE (fc2)
Technical Support: http://www.cisco.com/techsupport
Copyright (c) 1986-2016 by Cisco Systems, Inc.
Compiled Thu 02-Jun-16 01:31 by prod_rel_team

advertisement version: 2
Protocol Hello:  OUI=0x00000C, Protocol ID=0x0112; payload len=27, value=00000000FFFFFFFF010225010000000000000038DF875E00FF0000
VTP Management Domain: ''
Native VLAN: 666
Duplex: full
Management address(es): 
  IP address: 172.29.10.23

-------------------------
Device ID: 1st_conf_sw01.mongeneral.com
Entry address(es): 
  IP address: 172.29.10.28
Platform: cisco WS-C2960X-48FPD-L,  Capabilities: Switch IGMP 
Interface: TenGigabitEthernet1/0/18,  Port ID (outgoing port): TenGigabitEthernet1/0/1
Holdtime : 152 sec

Version :
Cisco IOS Software, C2960X Software (C2960X-UNIVERSALK9-M), Version 15.2(2)E5, RELEASE SOFTWARE (fc2)
Technical Support: http://www.cisco.com/techsupport
Copyright (c) 1986-2016 by Cisco Systems, Inc.
Compiled Thu 02-Jun-16 01:31 by prod_rel_team

advertisement version: 2
Protocol Hello:  OUI=0x00000C, Protocol ID=0x0112; payload len=27, value=00000000FFFFFFFF010225010000000000000038DF8AB680FF0000
VTP Management Domain: ''
Native VLAN: 666
Duplex: full
Management addre
DEBUG:netmiko:read_channel: ss(es): 
  IP address: 172.29.10.28

-------------------------
Device ID: 1st_st_sw02.mongeneral.com
Entry address(es): 
  IP address: 172.29.10.11
Platform: cisco WS-C2960X-48FPD-L,  Capabilities: Switch IGMP 
Interface: TenGigabitEthernet2/0/2,  Port ID (outgoing port): TenGigabitEthernet2/0/1
Holdtime : 156 sec

Version :
Cisco IOS Software, C2960X Software (C2960X-UNIVERSALK9-M), Version 15.2(2)E5, RELEASE SOFTWARE (fc2)
Technical Support: http://www.cisco.com/techsupport
Copyright (c) 1986-2016 by Cisco Systems, Inc.
Compiled Thu 02-Jun-16 01:31 by prod_rel_team

advertisement version: 2
Protocol Hello:  OUI=0x00000C, Protocol ID=0x0112; payload len=27, value=00000000FFFFFFFF010225010000000000000038DF790600FF0000
VTP Management Domain: ''
Native VLAN: 666
Duplex: full
Management address(es): 
  IP address: 172.29.10.11

-------------------------
Device ID: 1st_st_sw02.mongeneral.com
Entry address(es): 
  IP address: 172.29.10.11
Platform: cisco WS-C2960X-48FPD-L,  Capabilities: Switch IGMP 
Interface: TenGigabitEthernet1/0/2,  Port ID (outgoing port): TenGigabitEthernet1/0/1
Holdtime : 158 sec

Version :
Cisco IOS Software, C2960X Software (C2960X-UNIVERSALK9-M), Version 15.2(2)E5, RELEASE SOFTWARE (fc2)
Technical Support: http://www.cisco.com/techsupport
Copyright (c) 1986-2016 by Cisco Systems, Inc.
Compiled Thu 02-Jun-16 01:31 by prod_rel_team

advertisement version: 2
Protocol Hello:  OUI=0x00000C, Protocol ID=0x0112; payload len=27, value=00000000FFFFFFFF010225010000000000000038DF790600FF0000
VTP Management Domain: ''
Native VLAN: 666
Duplex: full
Management address(es): 
  IP address: 172.29.10.11

-------------------------
Device ID: 5th_nt_sw01.mongeneral.com
Entry address(es): 
  IP address: 172.29.10.24
Platform: cisco WS-C2960X-48FPD-L,  Capabilities: Switch IGMP 
Interface: TenGigabitEthernet2/0/15,  Port ID (outgoing port): TenGigabitEthernet2/0/1
Holdtime : 140 sec

Version :
Cisco IOS Software, C2960X Software (C2960X-UNIVERSALK9-M), Version 15.2(2)E5, RELEASE SOFTWARE (fc2)
Technical Support: http://www.cisco.com/techsupport
Copyright (c) 1986-2016 by Cisco Systems, Inc.
Compiled Thu 02-Jun-16 01:31 by prod_rel_team

advertisement version: 2
Protocol Hello:  OUI=0x00000C, Protocol ID=0x0112; payload len=27, value=00000000FFFFFFFF010225010000000000000038DF8AE080FF0000
VTP Management Domain: ''
Native VLAN: 666
Duplex: full
Management address(es): 
  IP address: 172.29.10.24

-------------------------
Device ID: 5th_nt_sw01.mongeneral.com
Entry address(es): 
  IP address: 172.29.10.24
Platform: cisco WS-C2960X-48FPD-L,  Capabilities: Switch IGMP 
Interface: TenGigabitEthernet1/0/15,  Port ID (outgoing port): TenGigabitEthernet1/0/1
Holdtime : 173 sec

Version :
Cisco IOS Software, C2960X Software (C2960X-UNIVERSALK9-M), Version 15.2(2)E5, RELEASE SOFTWARE (fc2)
Technical Support: http://www.cisco.com/techsupport
Copyright (c) 1986-2016 by Cisco Systems, Inc.
Compiled Thu 02-Jun-16 01:31 by prod_rel_team

advertisement version: 2
Protocol Hello:  OUI=0x00000C, Protocol ID=0x0112; payload len=27, value=00000000FFFFFFFF010225010000000000000038DF8AE080FF0000
VTP Management Domain: ''
Native VLAN: 666
Duplex: full
Management address(es): 
  IP address: 172.29.10.24

-------------------------
Device ID: 6th_nt_sw01.mongeneral.com
Entry address(es): 
  IP address: 172.29.10.26
Platform: cisco WS-C2960X-48FPD-L,  Capabilities: Switch IGMP 
Interface: TenGigabitEthernet2/0/17,  Port ID (outgoing port): TenGigabitEthernet2/0/2
Holdtime : 170 sec

Version :
Cisco IOS Software, C2960X Software (C2960X-UNIVERSALK9-M), Version 15.2(2)E5, RELEASE SOFTWARE (fc2)
Technical Support: http://www.cisco.com/techsupport
Copyright (c) 1986-2016 by Cisco Systems, Inc.
Compiled Thu 02-Jun-16 01:31 by prod_rel_team

advertisement version: 2
Protocol Hello:  OUI=0x00000C, Protocol ID=0x0112; payload len=27, value=00000000FFFFFFFF010225010000000000000038DF86E980FF0000
VTP Management Domain: ''
Native VLAN: 666
Duplex: full
Management address(es): 
  IP address: 172.29.10.26

-------------------------
Device ID: 5th_nt_sw02.mongeneral.com
Entry address(es): 
  IP address: 172.29.10.25
Platform: cisco WS-C2960X-48FPD-L,  Capabilities: Switch IGMP 
Interface: TenGigabitEthernet1/0/16,  Port ID (outgoing port): TenGigabitEthernet1/0/1
Holdtime : 146 sec

Version :
Cisco IOS Software, C2960X Software (C2960X-UNIVERSALK9-M), Version 15.2(2)E5, RELEASE SOFTWARE (fc2)
Technical Support: http://www.cisco.com/techsupport
Copyright (c) 1986-2016 by Cisco Systems, Inc.
Compiled Thu 02-Jun-16 01:31 by prod_rel_team

advertisement version: 2
Protocol Hello:  OUI=0x00000C, Protocol ID=0x0112; payload len=27, value=00000000FFFFFFFF010225010000000000000038DF0FAB00FF0000
VTP Management Domain: ''
Native VLAN: 666
Duplex: full
Management address(es): 
  IP address: 172.29.10.25

-------------------------
Device ID: 6th_nt_sw01.mongeneral.com
Entry address(es): 
  IP address: 172.29.10.26
Platform: cisco WS-C2960X-48FPD-L,  Capabilities: Switch IGMP 
Interface: TenGigabitEthernet1/0/17,  Port ID (outgoing port): TenGigabitEthernet1/0/1
Holdtime : 177 sec

Version :
Cisco IOS Software, C2960X Software (C2960X-UNIVERSALK9-M), Version 15.2(2)E5, RELEASE SOFTWARE (fc2)
Technical Support: http://www.cisco.com/techsupport
Copyright (c) 1986-2016 by Cisco Systems, Inc.
Compiled Thu 02-Jun-16 01:31 by prod_rel_team

advertisement version: 2
Protocol Hello:  OUI=0x00000C, Protocol ID=0x0112; payload len=27, value=00000000FFFFFFFF010225010000000000000038DF86E980FF0000
VTP Management Domain: ''
Native VLAN: 666
Duplex: full
Management address(es): 
  IP address: 172.29.10.26

-------------------------
Device ID: 5th_nt_sw02.mongeneral.com
Entry address(es): 
  IP address: 172.29.10.25
Platform: cisco WS-C2960X-48FPD-L,  Capabilities: Switch IGMP 
Interface: TenGigabitEthernet2/0/16,  Port ID (outgoing port): TenGigabitEthernet2/0/1
Holdtime : 162 sec

Version :
Cisco IOS Software, C2960X Software (C2960X-UNIVERSALK9-M), Version 15.2(2)E5, RELEASE SOFTWARE (fc2)
Technical Support: http://www.cisco.com/techsupport
Copyright (c) 1986-2016 by Cisco Systems, Inc.
Compiled Thu 02-Jun-16 01:31 by prod_rel_team

advertisement version: 2
Protocol Hello:  OUI=0x00000C, Protocol ID=0x0112; payload len=27, value=00000000FFFFFFFF010225010000000000000038DF0FAB00FF0000
VTP Management Domain: ''
Native VLAN: 666
Duplex: full
Management address(es): 
  IP address: 172.29.10.25

-------------------------
Device ID: 1st_st_sw01.mongeneral.com
Entry address(es): 
  IP address: 172.29.10.10
Platform: cisco WS-C2960X-48FPD-L,  Capabilities: Switch IGMP 
Interface: TenGigabitEthernet2/0/1,  Port ID (outgoing port): TenGigabitEthernet2/0/1
Holdtime : 137 sec

Version :
Cisco IOS Software, C2960X Software (C2960X-UNIVERSALK9-M), Version 15.2(2)E5, RELEASE SOFTWARE (fc2)
Technical Support: http://www.cisco.com/techsupport
Copyright (c) 1986-2016 by Cisco Systems, Inc.
Compiled Thu 02-Jun-16 01:31 by prod_rel_team

advertisement version: 2
Protocol Hello:  OUI=0x00000C, Protocol ID=0x0112; payload len=27, value=00000000FFFFFFFF010225010000000000000038DF86E780FF0000
VTP Management Domain: ''
Native VLAN: 666
Duplex: full
Management address(es): 
  IP address: 172.29.10.10

-------------------------
Device ID: 1st_st_sw01.mongeneral.com
Entry address(es): 
  IP address: 172.29.10.10
Platform: cisco WS-C2960X-48FPD-L,  Capabilities: Switch IGMP 
Interface: TenGigabitEthernet1/0/1,  Port ID (outgoing port): TenGigabitEthernet1/0/1
Holdtime : 140 sec

Version :
Cisco IOS Software, C2960X Software (C2960X-UNIVERSALK9-M), Version 15.2(2)E5, RELEASE SOFTWARE (fc2)
Technical Support: http://www.cisco.com/techsupport
Copyright (c) 1986-2016 by Cisco Systems, Inc.
Compiled Thu 02-Jun-16 01:31 by prod_rel_team

advertisement version: 2
Protocol Hello:  OUI=0x00000C, Protocol ID=0x0112; payload len=27, value=00000000FFFFFFFF010225010000000000000038DF86E780FF0000
VTP Management Domain: ''
Native VLAN: 666
Duplex: full
Management address(es): 
  IP address: 172.29.10.10

-------------------------
Device ID: 5th_st_sw01.mongeneral.com
Entry address(es): 
  IP address: 172.29.10.16
Platform: cisco WS-C2960X-48FPD-L,  Capabilities: Switch IGMP 
Interface: TenGigabitEthernet2/0/7,  Port ID (outgoing port): TenGigabitEthernet2/0/1
Holdtime : 158 sec

Version :
Cisco IOS Software, C2960X Software (C2960X-UNIVERSALK9-M), Version 15.2(2)E5, RELEASE SOFTWARE (fc2)
Technical Support: http://www.cisco.com/techsupport
Copyright (c) 1986-2016 by Cisco Systems, Inc.
Compiled Thu 02-Jun-16 01:31 by prod_rel_team

advertisement version: 2
Protocol Hello:  OUI=0x00000C, Protocol ID=0x0112; payload len=27, value=00000000FFFFFFFF010225010000000000000038DF8AC580FF0000
VTP Management Domain: ''
Native VLAN: 666
Duplex: full
Management address(es): 
  IP address: 172.29.10.16

-------------------------
Device ID: 5th_st_sw01.mongeneral.com
Entry address(es): 
  IP address: 172.29.10.16
Platform: cisco WS-C2960X-48FPD-L,  Capabilities: Switch IGMP 
Interface: TenGigabitEthernet1/0/7,  Port ID (outgoing port): TenGigabitEthernet1/0/1
Holdtime : 123 sec

Version :
Cisco IOS Software, C2960X Software (C2960X-UNIVERSALK9-M), Version 15.2(2)E5, RELEASE SOFTWARE (fc2)
Technical Support: http://www.cisco.com/techsupport
Copyright (c) 1986-2016 by Cisco Systems, Inc.
Compiled Thu 02-Jun-16 01:31 by prod_rel_team

advertisement version: 2
Protocol Hello:  OUI=0x00000C, Protocol ID=0x0112; payload len=27, value=00000000FFFFFFFF010225010000000000000038DF8AC580FF0000
VTP Management Domain: ''
Native VLAN: 666
Duplex: full
Management address(es): 
  IP address: 172.29.10.16

-------------------------
Device ID: 4th_st_sw01.mongeneral.com
Entry address(es): 
  IP address: 172.29.10.15
Platform: cisco WS-C2960X-48FPD-L,  Capabilities: Switch IGMP 
Interface: TenGigabitEthernet2/0/6,  Port ID (outgoing port): TenGigabitEthernet2/0/1
Holdtime : 138 sec

Version :
Cisco IOS Software, C2960X Software (C2960X-UNIVERSALK9-M), Version 15.2(2)E5, RELEASE SOFTWARE (fc2)
Technical Support: http://www.cisco.com/techsupport
Copyright (c) 1986-2016 by Cisco Systems, Inc.
Compiled Thu 02-Jun-16 01:31 by prod_rel_team

advertisement version: 2
Protocol Hello:  OUI=0x00000C, Protocol ID=0x0112; payload len=27, value=00000000FFFFFFFF010225010000000000000038DF876500FF0000
VTP Management Domain: ''
Native VLAN: 666
Duplex: full
Management address(es): 
  IP address: 172.29.10.15

-------------------------
Device ID: 4th_st_sw01.mongeneral.com
Entry address(es): 
  IP address: 172.29.10.15
Platform: cisco WS-C2960X-48FPD-L,  Capabilities: Switch IGMP 
Interface: TenGigabitEthernet1/0/6,  Port ID (outgoing port): TenGigabitEthernet1/0/1
Holdtime : 164 sec

Version :
Cisco IOS Software, C2960X Software (C2960X-UNIVERSALK9-M), Version 15.2(2)E5, RELEASE SOFTWARE (fc2)
Technical Support: http://www.cisco.com/techsupport
Copyright (c) 1986-2016 by Cisco Systems, Inc.
Compiled Thu 02-Jun-16 01:31 by prod_rel_team

advertisement version: 2
Protocol Hello:  OUI=0x00000C, Protocol ID=0x0112; payload len=27, value=00000000FFFFFFFF010225010000000000000038DF876500FF0000
VTP Management Domain: ''
Native VLAN: 666
Duplex: full
Management address(es): 
  IP address: 172.29.10.15

-------------------------
Device ID: 1st_nt_sw01.mongeneral.com
Entry address(es): 
  IP address: 172.29.10.17
Platform: cisco WS-C2960X-48FPD-L,  Capabilities: Switch IGMP 
Interface: TenGigabitEthernet2/0/8,  Port ID (outgoing port): TenGigabitEthernet2/0/1
Holdtime : 178 sec

Version :
Cisco IOS Software, C2960X Software (C2960X-UNIVERSALK9-M), Version 15.2(2)E5, RELEASE SOFTWARE (fc2)
Technical Support: http://www.cisco.com/techsupport
Copyright (c) 1986-2016 by Cisco Systems, Inc.
Compiled Thu 02-Jun-16 01:31 by prod_rel_team

advertisement version: 2
Protocol Hello:  OUI=0x00000C, Protocol ID=0x0112; payload len=27, value=00000000FFFFFFFF010225010000000000000038DF0FAA00FF0000
VTP Management Domain: ''
Native VLAN: 666
Duplex: full
Management address(es): 
  IP address: 172.29.10.17

-------------------------
Device ID: 1st_nt_sw01.mongeneral.com
Entry address(es): 
  IP address: 172.29.10.17
Platform: cisco WS-C2960X-48FPD-L,  Capabilities: Switch IGMP 
Interface: TenGigabitEthernet1/0/8,  Port ID (outgoing port): TenGigabitEthernet1/0/1
Holdtime : 159 sec

Version :
Cisco IOS Software, C2960X Software (C2960X-UNIVERSALK9-M), Version 15.2(2)E5, RELEASE SOFTWARE (fc2)
Technical Support: http://www.cisco.com/techsupport
Copyright (c) 1986-2016 by Cisco Systems, Inc.
Compiled Thu 02-Jun-16 01:31 by prod_rel_team

advertisement version: 2
Protocol Hello:  OUI=0x00000C, Protocol ID=0x0112; payload len=27, value=00000000FFFFFFFF010225010000000000000038DF0FAA00FF0000
VTP Management Domain: ''
Native VLAN: 666
Duplex: full
Management address(es): 
  IP address: 172.29.10.17

-------------------------
Device ID: 2nd_nt_sw01.mongeneral.com
Entry address(es): 
  IP address: 172.29.10.18
Platform: cisco WS-C2960X-24PS-L,  Capabilities: Switch IGMP 
Interface: TenGigabitEthernet2/0/9,  Port ID (outgoing port): TenGigabitEthernet2/0/1
Holdtime : 164 sec

Version :
Cisco IOS Software, C2960X Software (C2960X-UNIVERSALK9-M), Version 15.2(2)E5, RELEASE SOFTWARE (fc2)
Technical Support: http://www.cisco.com/techsupport
Copyright (c) 1986-2016 by Cisco Systems, Inc.
Compiled Thu 02-Jun-16 01:31 by prod_rel_team

advertisement version: 2
Protocol Hello:  OUI=0x00000C, Protocol ID=0x0112; payload len=27, value=00000000FFFFFFFF010225010000000000002C0BE9784300FF0000
VTP Management Domain: ''
Native VLAN: 666
Duplex: full
Management address(es): 
  IP address: 172.29.10.18

-------------------------
Device ID: 2nd_nt_sw01.mongeneral.com
Entry address(es): 
  IP address: 172.29.10.18
Platform: cisco WS-C2960X-24PS-L,  Capabilities: Switch IGMP 
Interface: TenGigabitEthernet1/0/9,  Port ID (outgoing port): TenGigabitEthernet1/0/1
Holdtime : 169 sec

Version :
Cisco IOS Software, C2960X Software (C2960X-UNIVERSALK9-M), Version 15.2(2)E5, RELEASE SOFTWARE (fc2)
Technical Support: http://www.cisco.com/techsupport
Copyright (c) 1986-2016 by Cisco Systems, Inc.
Compiled Thu 02-Jun-16 01:31 by prod_rel_team

advertisement version: 2
Protocol Hello:  OUI=0x00000C, Protocol ID=0x0112; payload len=27, value=00000000FFFFFFFF010225010000000000002C0BE9784300FF0000
VTP Management Domain: ''
Native VLAN: 666
Duplex: full
Management address(es): 
  IP address: 172.29.10.18

-------------------------
Device ID: 3rd_st_sw01.mongeneral.com
Entry address(es): 
  IP address: 172.29.10.13
Platform: cisco WS-C2960X-48FPD-L,  Capabilities: Switch IGMP 
Interface: TenGigabitEthernet2/0/4,  Port ID (outgoing port): TenGigabitEthernet2/0/1
Holdtime : 126 sec

Version :
Cisco IOS Software, C2960X Software (C2960X-UNIVERSALK9-M), Version 15.2(2)E5, RELEASE SOFTWARE (fc2)
Technical Support: http://www.cisco.com/techsupport
Copyright (c) 1986-2016 by Cisco Systems, Inc.
Compiled Thu 02-Jun-16 01:31 by prod_rel_team

advertisement version: 2
Protocol Hello:  OUI=0x00000C, Protocol ID=0x0112; payload len=27, value=00000000FFFFFFFF010225010000000000000038DF790280FF0000
VTP Management Domain: ''
Native VLAN: 666
Duplex: full
Management address(es): 
  IP address: 172.29.10.13

-------------------------
Device ID: 3rd_st_sw01.mongeneral.com
Entry address(es): 
  IP address: 172.29.10.13
Platform: cisco WS-C2960X-48FPD-L,  Capabilities: Switch IGMP 
Interface: TenGigabitEthernet1/0/4,  Port ID (outgoing port): TenGigabitEthernet1/0/1
Holdtime : 144 sec

Version :
Cisco IOS Software, C2960X Software (C2960X-UNIVERSALK9-M), Version 15.2(2)E5, RELEASE SOFTWARE (fc2)
Technical Support: http://www.cisco.com/techsupport
Copyright (c) 1986-2016 by Cisco Systems, Inc.
Compiled Thu 02-Jun-16 01:31 by prod_rel_team

advertisement version: 2
Protocol Hello:  OUI=0x00000C, Protocol ID=0x0112; payload len=27, value=00000000FFFFFFFF010225010000000000000038DF790280FF0000
VTP Management 
DEBUG:netmiko:read_channel: Domain: ''
Native VLAN: 666
Duplex: full
Management address(es): 
  IP address: 172.29.10.13

-------------------------
Device ID: 2nd_nt_sw03.mongeneral.com
Entry address(es): 
  IP address: 172.29.10.20
Platform: cisco WS-C2960X-48FPD-L,  Capabilities: Switch IGMP 
Interface: TenGigabitEthernet1/0/11,  Port ID (outgoing port): TenGigabitEthernet1/0/1
Holdtime : 166 sec

Version :
Cisco IOS Software, C2960X Software (C2960X-UNIVERSALK9-M), Version 15.2(2)E5, RELEASE SOFTWARE (fc2)
Technical Support: http://www.cisco.com/techsupport
Copyright (c) 1986-2016 by Cisco Systems, Inc.
Compiled Thu 02-Jun-16 01:31 by prod_rel_team

advertisement version: 2
Protocol Hello:  OUI=0x00000C, Protocol ID=0x0112; payload len=27, value=00000000FFFFFFFF010225010000000000000038DF0F4900FF0000
VTP Management Domain: ''
Native VLAN: 666
Duplex: full
Management address(es): 
  IP address: 172.29.10.20

-------------------------
Device ID: 2nd_nt_sw03.mongeneral.com
Entry address(es): 
  IP address: 172.29.10.20
Platform: cisco WS-C2960X-48FPD-L,  Capabilities: Switch IGMP 
Interface: TenGigabitEthernet2/0/11,  Port ID (outgoing port): TenGigabitEthernet2/0/1
Holdtime : 133 sec

Version :
Cisco IOS Software, C2960X Software (C2960X-UNIVERSALK9-M), Version 15.2(2)E5, RELEASE SOFTWARE (fc2)
Technical Support: http://www.cisco.com/techsupport
Copyright (c) 1986-2016 by Cisco Systems, Inc.
Compiled Thu 02-Jun-16 01:31 by prod_rel_team

advertisement version: 2
Protocol Hello:  OUI=0x00000C, Protocol ID=0x0112; payload len=27, value=00000000FFFFFFFF010225010000000000000038DF0F4900FF0000
VTP Management Domain: ''
Native VLAN: 666
Duplex: full
Management address(es): 
  IP address: 172.29.10.20

-------------------------
Device ID: 3rd_st_sw02.mongeneral.com
Entry address(es): 
  IP address: 172.29.10.14
Platform: cisco WS-C2960X-48FPD-L,  Capabilities: Switch IGMP 
Interface: TenGigabitEthernet1/0/5,  Port ID (outgoing port): TenGigabitEthernet1/0/1
Holdtime : 173 sec

Version :
Cisco IOS Software, C2960X Software (C2960X-UNIVERSALK9-M), Version 15.2(2)E6, RELEASE SOFTWARE (fc1)
Technical Support: http://www.cisco.com/techsupport
Copyright (c) 1986-2016 by Cisco Systems, Inc.
Compiled Fri 16-Dec-16 21:27 by prod_rel_team

advertisement version: 2
Protocol Hello:  OUI=0x00000C, Protocol ID=0x0112; payload len=27, value=00000000FFFFFFFF0102250100000000000000C1B1B8BC80FF0000
VTP Management Domain: ''
Native VLAN: 666
Duplex: full
Management address(es): 
  IP address: 172.29.10.14

-------------------------
Device ID: 2nd_nt_sw02.mongeneral.com
Entry address(es): 
  IP address: 172.29.10.19
Platform: cisco WS-C2960X-48FPD-L,  Capabilities: Switch IGMP 
Interface: TenGigabitEthernet2/0/10,  Port ID (outgoing port): TenGigabitEthernet2/0/1
Holdtime : 160 sec

Version :
Cisco IOS Software, C2960X Software (C2960X-UNIVERSALK9-M), Version 15.2(2)E5, RELEASE SOFTWARE (fc2)
Technical Support: http://www.cisco.com/techsupport
Copyright (c) 1986-2016 by Cisco Systems, Inc.
Compiled Thu 02-Jun-16 01:31 by prod_rel_team

advertisement version: 2
Protocol Hello:  OUI=0x00000C, Protocol ID=0x0112; payload len=27, value=00000000FFFFFFFF010225010000000000000038DF8ACD80FF0000
VTP Management Domain: ''
Native VLAN: 666
Duplex: full
Management address(es): 
  IP address: 172.29.10.19

-------------------------
Device ID: 3rd_st_sw02.mongeneral.com
Entry address(es): 
  IP address: 172.29.10.14
Platform: cisco WS-C2960X-48FPD-L,  Capabilities: Switch IGMP 
Interface: TenGigabitEthernet2/0/5,  Port ID (outgoing port): TenGigabitEthernet2/0/1
Holdtime : 164 sec

Version :
Cisco IOS Software, C2960X Software (C2960X-UNIVERSALK9-M), Version 15.2(2)E6, RELEASE SOFTWARE (fc1)
Technical Support: http://www.cisco.com/techsupport
Copyright (c) 1986-2016 by Cisco Systems, Inc.
Compiled Fri 16-Dec-16 21:27 by prod_rel_team

advertisement version: 2
Protocol Hello:  OUI=0x00000C, Protocol ID=0x0112; payload len=27, value=00000000FFFFFFFF0102250100000000000000C1B1B8BC80FF0000
VTP Management Domain: ''
Native VLAN: 666
Duplex: full
Management address(es): 
  IP address: 172.29.10.14

-------------------------
Device ID: 2nd_nt_sw02.mongeneral.com
Entry address(es): 
  IP address: 172.29.10.19
Platform: cisco WS-C2960X-48FPD-L,  Capabilities: Switch IGMP 
Interface: TenGigabitEthernet1/0/10,  Port ID (outgoing port): TenGigabitEthernet1/0/1
Holdtime : 156 sec

Version :
Cisco IOS Software, C2960X Software (C2960X-UNIVERSALK9-M), Version 15.2(2)E5, RELEASE SOFTWARE (fc2)
Technical Support: http://www.cisco.com/techsupport
Copyright (c) 1986-2016 by Cisco Systems, Inc.
Compiled Thu 02-Jun-16 01:31 by prod_rel_team

advertisement version: 2
Protocol Hello:  OUI=0x00000C, Protocol ID=0x0112; payload len=27, value=00000000FFFFFFFF010225010000000000000038DF8ACD80FF0000
VTP Management Domain: ''
Native VLAN: 666
Duplex: full
Management address(es): 
  IP address: 172.29.10.19

-------------------------
Device ID: MGH1A-CORE.mongeneral.com
Entry address(es): 
  IP address: 172.26.2.122
Platform: cisco WS-C4507R+E,  Capabilities: Switch IGMP 
Interface: TenGigabitEthernet2/0/24,  Port ID (outgoing port): TenGigabitEthernet4/1
Holdtime : 146 sec

Version :
Cisco IOS Software, Catalyst 4500 L3 Switch Software (cat4500e-IPBASEK9-M), Version 15.0(2)SG2, RELEASE SOFTWARE (fc3)
Technical Support: http://www.cisco.com/techsupport
Copyright (c) 1986-2011 by Cisco Systems, Inc.
Compiled Wed 07-Dec-11 20:20 by prod_rel_team

advertisement version: 2
VTP Management Domain: 'MonGen'
Native VLAN: 666
Duplex: full
Management address(es): 
  IP address: 172.26.2.122

-------------------------
Device ID: MGH1A-CORE.mongeneral.com
Entry address(es): 
  IP address: 172.26.2.122
Platform: cisco WS-C4507R+E,  Capabilities: Switch IGMP 
Interface: TenGigabitEthernet1/0/24,  Port ID (outgoing port): TenGigabitEthernet3/1
Holdtime : 146 sec

Version :
Cisco IOS Software, Catalyst 4500 L3 Switch Software (cat4500e-IPBASEK9-M), Version 15.0(2)SG2, RELEASE SOFTWARE (fc3)
Technical Support: http://www.cisco.com/techsupport
Copyright (c) 1986-2011 by Cisco Systems, Inc.
Compiled Wed 07-Dec-11 20:20 by prod_rel_team

advertisement version: 2
VTP Management Domain: 'MonGen'
Native VLAN: 666
Duplex: full
Management address(es): 
  IP address: 172.26.2.122


Total cdp entries displayed : 38
1ST_NT_MDF_SW01#
DEBUG:paramiko.transport:starting thread (client mode): 0x467e7fd0
DEBUG:paramiko.transport:Local version/idstring: SSH-2.0-paramiko_2.7.1
DEBUG:paramiko.transport:Remote version/idstring: SSH-2.0-Cisco-1.25
INFO:paramiko.transport:Connected (version 2.0, client Cisco-1.25)
DEBUG:paramiko.transport:kex algos:['diffie-hellman-group-exchange-sha1', 'diffie-hellman-group14-sha1', 'diffie-hellman-group1-sha1'] server key:['ssh-rsa'] client encrypt:['aes128-ctr', 'aes192-ctr', 'aes256-ctr', 'aes128-cbc', '3des-cbc', 'aes192-cbc', 'aes256-cbc'] server encrypt:['aes128-ctr', 'aes192-ctr', 'aes256-ctr', 'aes128-cbc', '3des-cbc', 'aes192-cbc', 'aes256-cbc'] client mac:['hmac-sha1', 'hmac-sha1-96'] server mac:['hmac-sha1', 'hmac-sha1-96'] client compress:['none'] server compress:['none'] client lang:[''] server lang:[''] kex follows?False
DEBUG:paramiko.transport:Kex agreed: diffie-hellman-group-exchange-sha1
DEBUG:paramiko.transport:HostKey agreed: ssh-rsa
DEBUG:paramiko.transport:Cipher agreed: aes128-ctr
DEBUG:paramiko.transport:MAC agreed: hmac-sha1
DEBUG:paramiko.transport:Compression agreed: none
DEBUG:paramiko.transport:Got server p (2048 bits)
DEBUG:paramiko.transport:kex engine KexGex specified hash_algo <built-in function openssl_sha1>
DEBUG:paramiko.transport:Switch to new keys ...
DEBUG:paramiko.transport:Adding ssh-rsa host key for 1st_nt_mdf_sw01.mhs.org: b'dff1cc3dbc8e67a39efef4da8ecb0472'
DEBUG:paramiko.transport:userauth is OK
INFO:paramiko.transport:Authentication (password) successful!
DEBUG:paramiko.transport:[chan 0] Max packet in: 32768 bytes
DEBUG:paramiko.transport:[chan 0] Max packet out: 4096 bytes
DEBUG:paramiko.transport:Secsh channel 0 opened.
DEBUG:paramiko.transport:[chan 0] Sesch channel 0 request ok
DEBUG:paramiko.transport:[chan 0] Sesch channel 0 request ok
DEBUG:netmiko:read_channel: 
------------------------------------------------------------------------------------
WARNING:


This system is for the use of authorized clients only. Individuals using the
computer network system without authorization, or in excess of their authorization,
are subject to having all their activity on this computer network system monitored
and recorded by system personnel.  To protect the computer network system from
unauthorized use and to ensure the computer network system is functioning properly,
system administrators monitor this system.  Anyone using this computer network
system expressly consents to such monitoring and is advised that if such monitoring
reveals possible conduct of criminal activity, system personnel may provide the
evidence of such activity to law enforcement officers.

Access is restricted to authorized users only.

Unauthorized access is a violation of state and federal, civil and criminal laws.
------------------------------------------------------------------------------------

1ST_NT_MDF_SW01>
DEBUG:netmiko:read_channel: 
DEBUG:netmiko:read_channel: 
DEBUG:netmiko:read_channel: 
DEBUG:netmiko:write_channel: b'\n'
DEBUG:netmiko:read_channel: 
DEBUG:netmiko:read_channel: 
DEBUG:netmiko:write_channel: b'\n'
DEBUG:netmiko:read_channel: 
1ST_NT_MDF_SW01>
DEBUG:netmiko:read_channel: 
1ST_NT_MDF_SW01>
DEBUG:netmiko:Clear buffer detects data in the channel
DEBUG:netmiko:read_channel: 
DEBUG:netmiko:[find_prompt()]: prompt is 1ST_NT_MDF_SW01>
DEBUG:netmiko:read_channel: 
DEBUG:netmiko:In disable_paging
DEBUG:netmiko:Command: terminal length 0

DEBUG:netmiko:write_channel: b'terminal length 0\n'
DEBUG:netmiko:Pattern is: terminal\ length\ 0
DEBUG:netmiko:_read_channel_expect read_data: t
DEBUG:netmiko:_read_channel_expect read_data: e
DEBUG:netmiko:_read_channel_expect read_data: rmi
DEBUG:netmiko:_read_channel_expect read_data: n
DEBUG:netmiko:_read_channel_expect read_data: al
DEBUG:netmiko:_read_channel_expect read_data:  l
DEBUG:netmiko:_read_channel_expect read_data: en
DEBUG:netmiko:_read_channel_expect read_data: g
DEBUG:netmiko:_read_channel_expect read_data: th
DEBUG:netmiko:_read_channel_expect read_data:  0
DEBUG:netmiko:Pattern found: terminal\ length\ 0 terminal length 0
DEBUG:netmiko:terminal length 0
DEBUG:netmiko:Exiting disable_paging
DEBUG:netmiko:write_channel: b'terminal width 511\n'
DEBUG:netmiko:Pattern is: terminal\ width\ 511
DEBUG:netmiko:_read_channel_expect read_data: 

DEBUG:netmiko:_read_channel_expect read_data: 1ST_NT_MDF_SW01>
DEBUG:netmiko:_read_channel_expect read_data: t
DEBUG:netmiko:_read_channel_expect read_data: er
DEBUG:netmiko:_read_channel_expect read_data: mi
DEBUG:netmiko:_read_channel_expect read_data: na
DEBUG:netmiko:_read_channel_expect read_data: l 
DEBUG:netmiko:_read_channel_expect read_data: wi
DEBUG:netmiko:_read_channel_expect read_data: dt
DEBUG:netmiko:_read_channel_expect read_data: h 
DEBUG:netmiko:_read_channel_expect read_data: 51
DEBUG:netmiko:_read_channel_expect read_data: 1
1ST_NT_MDF_SW01>
DEBUG:netmiko:Pattern found: terminal\ width\ 511 
1ST_NT_MDF_SW01>terminal width 511
1ST_NT_MDF_SW01>
DEBUG:netmiko:read_channel: 
DEBUG:netmiko:write_channel: b'\n'
DEBUG:netmiko:Pattern is: 1ST_NT_MDF_SW01
DEBUG:netmiko:_read_channel_expect read_data: 

DEBUG:netmiko:_read_channel_expect read_data: 1ST_NT_MDF_SW01>
DEBUG:netmiko:Pattern found: 1ST_NT_MDF_SW01 
1ST_NT_MDF_SW01>
DEBUG:netmiko:write_channel: b'enable\n'
DEBUG:netmiko:Pattern is: (1ST_NT_MDF_SW01|ssword)
DEBUG:netmiko:_read_channel_expect read_data: e
DEBUG:netmiko:_read_channel_expect read_data: n
DEBUG:netmiko:_read_channel_expect read_data: ab
DEBUG:netmiko:_read_channel_expect read_data: le
DEBUG:netmiko:_read_channel_expect read_data: 
Password: 
DEBUG:netmiko:Pattern found: (1ST_NT_MDF_SW01|ssword) enable
Password: 
DEBUG:netmiko:write_channel: b'change-mgh\n'
DEBUG:netmiko:Pattern is: 1ST_NT_MDF_SW01
DEBUG:netmiko:_read_channel_expect read_data: 
1ST_NT_MDF_SW01#
DEBUG:netmiko:Pattern found: 1ST_NT_MDF_SW01 
1ST_NT_MDF_SW01#
DEBUG:netmiko:write_channel: b'\n'
DEBUG:netmiko:Pattern is: 1ST_NT_MDF_SW01
DEBUG:netmiko:_read_channel_expect read_data: 

DEBUG:netmiko:_read_channel_expect read_data: 1ST_NT_MDF_SW01#
DEBUG:netmiko:Pattern found: 1ST_NT_MDF_SW01 
1ST_NT_MDF_SW01#
DEBUG:netmiko:read_channel: 
DEBUG:netmiko:write_channel: b'\n'
DEBUG:netmiko:read_channel: 
DEBUG:netmiko:read_channel: 
DEBUG:netmiko:write_channel: b'\n'
DEBUG:netmiko:read_channel: 
1ST_NT_MDF_SW01#
DEBUG:netmiko:read_channel: 
1ST_NT_MDF_SW01#
DEBUG:netmiko:Clear buffer detects data in the channel
DEBUG:netmiko:read_channel: 
DEBUG:netmiko:[find_prompt()]: prompt is 1ST_NT_MDF_SW01#
DEBUG:netmiko:read_channel: 
DEBUG:netmiko:write_channel: b'sh cdp neighbors detail\n'
DEBUG:netmiko:Pattern is: sh\ cdp\ neighbors\ detail
DEBUG:netmiko:_read_channel_expect read_data: s
DEBUG:netmiko:_read_channel_expect read_data: h
DEBUG:netmiko:_read_channel_expect read_data:  c
DEBUG:netmiko:_read_channel_expect read_data: dp
DEBUG:netmiko:_read_channel_expect read_data:  
DEBUG:netmiko:_read_channel_expect read_data: ne
DEBUG:netmiko:_read_channel_expect read_data: ig
DEBUG:netmiko:_read_channel_expect read_data: hb
DEBUG:netmiko:_read_channel_expect read_data: or
DEBUG:netmiko:_read_channel_expect read_data: s 
DEBUG:netmiko:_read_channel_expect read_data: de
DEBUG:netmiko:_read_channel_expect read_data: t
DEBUG:netmiko:_read_channel_expect read_data: ai
DEBUG:netmiko:_read_channel_expect read_data: l

DEBUG:netmiko:Pattern found: sh\ cdp\ neighbors\ detail sh cdp neighbors detail

DEBUG:netmiko:read_channel: -------------------------
Device ID: 3rd_nt_sw01.mongeneral.com
Entry address(es): 
  IP address: 172.29.10.21
Platform: cisco WS-C2960X-48FPD-L,  Capabilities: Switch IGMP 
Interface: TenGigabitEthernet2/0/12,  Port ID (outgoing port): TenGigabitEthernet2/0/1
Holdtime : 170 sec

Version :
Cisco IOS Software, C2960X Software (C2960X-UNIVERSALK9-M), Version 15.2(2)E5, RELEASE SOFTWARE (fc2)
Technical Support: http://www.cisco.com/techsupport
Copyright (c) 1986-2016 by Cisco Systems, Inc.
Compiled Thu 02-Jun-16 01:31 by prod_rel_team

advertisement version: 2
Protocol Hello:  OUI=0x00000C, Protocol ID=0x0112; payload len=27, value=00000000FFFFFFFF010225010000000000000038DF86BA00FF0000
VTP Management Domain: ''
Native VLAN: 666
Duplex: full
Management address(es): 
  IP address: 172.29.10.21

-------------------------
Device ID: 3rd_nt_sw01.mongeneral.com
Entry address(es): 
  IP address: 172.29.10.21
Platform: cisco WS-C2960X-48FPD-L,  Capabilities: Switch IGMP 
Interface: TenGigabitEthernet1/0/12,  Port ID (outgoing port): TenGigabitEthernet1/0/1
Holdtime : 179 sec

Version :
Cisco IOS Software, C2960X Software (C2960X-UNIVERSALK9-M), Version 15.2(2)E5, RELEASE SOFTWARE (fc2)
Technical Support: http://www.cisco.com/techsupport
Copyright (c) 1986-2016 by Cisco Systems, Inc.
Compiled Thu 02-Jun-16 01:31 by prod_rel_team

advertisement version: 2
Protocol Hello:  OUI=0x00000C, Protocol ID=0x0112; payload len=27, value=00000000FFFFFFFF010225010000000000000038DF86BA00FF0000
VTP Management Domain: ''
Native VLAN: 666
Duplex: full
Management address(es): 
  IP address: 172.29.10.21

-------------------------
Device ID: 2nd_st_sw01.mongeneral.com
Entry address(es): 
  IP address: 172.29.10.12
Platform: cisco WS-C2960X-48FPD-L,  Capabilities: Switch IGMP 
Interface: TenGigabitEthernet2/0/3,  Port ID (outgoing port): TenGigabitEthernet2/0/1
Holdtime : 137 sec

Version :
Cisco IOS Software, C2960X Software (C2960X-UNIVERSALK9-M), Version 15.2(2)E5, RELEASE SOFTWARE (fc2)
Technical Support: http://www.cisco.com/techsupport
Copyright (c) 1986-2016 by Cisco Systems, Inc.
Compiled Thu 02-Jun-16 01:31 by prod_rel_team

advertisement version: 2
Protocol Hello:  OUI=0x00000C, Protocol ID=0x0112; payload len=27, value=00000000FFFFFFFF010225010000000000000038DF751E00FF0000
VTP Management Domain: ''
Native VLAN: 666
Duplex: full
Management address(es): 
  IP address: 172.29.10.12

-------------------------
Device ID: 2nd_st_sw01.mongeneral.com
Entry address(es): 
  IP address: 172.29.10.12
Platform: cisco WS-C2960X-48FPD-L,  Capabilities: Switch IGMP 
Interface: TenGigabitEthernet1/0/3,  Port ID (outgoing port): TenGigabitEthernet1/0/1
Holdtime : 135 sec

Version :
Cisco IOS Software, C2960X Software (C2960X-UNIVERSALK9-M), Version 15.2(2)E5, RELEASE SOFTWARE (fc2)
Technical Support: http://www.cisco.com/techsupport
Copyright (c) 1986-2016 by Cisco Systems, Inc.
Compiled Thu 02-Jun-16 01:31 by prod_rel_team

advertisement version: 2
Protocol Hello:  OUI=0x00000C, Protocol ID=0x0112; payload len=27, value=00000000FFFFFFFF010225010000000000000038DF751E00FF0000
VTP Management Domain: ''
Native VLAN: 666
Duplex: full
Management address(es): 
  IP address: 172.29.10.12

-------------------------
Device ID: 3rd_nt_sw02.mongeneral.com
Entry address(es): 
  IP address: 172.29.10.22
Platform: cisco WS-C2960X-48FPD-L,  Capabilities: Switch IGMP 
Interface: TenGigabitEthernet1/0/13,  Port ID (outgoing port): TenGigabitEthernet1/0/1
Holdtime : 173 sec

Version :
Cisco IOS Software, C2960X Software (C2960X-UNIVERSALK9-M), Version 15.2(2)E5, RELEASE SOFTWARE (fc2)
Technical Support: http://www.cisco.com/techsupport
Copyright (c) 1986-2016 by Cisco Systems, Inc.
Compiled Thu 02-Jun-16 01:31 by prod_rel_team

advertisement version: 2
Protocol Hello:  OUI=0x00000C, Protocol ID=0x0112; payload len=27, value=00000000FFFFFFFF010225010000000000000038DF0F6A00FF0000
VTP Management Domain: ''
Native VLAN: 666
Duplex: full
Management address(es): 
  IP address: 172.29.10.22

-------------------------
Device ID: 3rd_nt_sw02.mongeneral.com
Entry address(es): 
  IP address: 172.29.10.22
Platform: cisco WS-C2960X-48FPD-L,  Capabilities: Switch IGMP 
Interface: TenGigabitEthernet2/0/13,  Port ID (outgoing port): TenGigabitEthernet2/0/1
Holdtime : 158 sec

Version :
Cisco IOS Software, C2960X Software (C2960X-UNIVERSALK9-M), Version 15.2(2)E5, RELEASE SOFTWARE (fc2)
Technical Support: http://www.cisco.com/techsupport
Copyright (c) 1986-2016 by Cisco Systems, Inc.
Compiled Thu 02-Jun-16 01:31 by prod_rel_team

advertisement version: 2
Protocol Hello:  OUI=0x00000C, Protocol ID=0x0112; payload len=27, value=00000000FFFFFFFF010225010000000000000038DF0F6A00FF0000
VTP Management Domain: ''
Native VLAN: 666
Duplex: full
Management address(es): 
  IP address: 172.29.10.22

-------------------------
Device ID: 1st_conf_sw01.mongeneral.com
Entry address(es): 
  IP address: 172.29.10.28
Platform: cisco WS-C2960X-48FPD-L,  Capabilities: Switch IGMP 
Interface: TenGigabitEthernet2/0/18,  Port ID (outgoing port): TenGigabitEthernet1/0/2
Holdtime : 165 sec

Version :
Cisco IOS Software, C2960X Software (C2960X-UNIVERSALK9-M), Version 15.2(2)E5, RELEASE SOFTWARE (fc2)
Technical Support: http://www.cisco.com/techsupport
Copyright (c) 1986-2016 by Cisco Systems, Inc.
Compiled Thu 02-Jun-16 01:31 by prod_rel_team

advertisement version: 2
Protocol Hello:  OUI=0x00000C, Protocol ID=0x0112; payload len=27, value=00000000FFFFFFFF010225010000000000000038DF8AB680FF0000
VTP Management Domain: ''
Native VLAN: 666
Duplex: full
Management address(es): 
  IP address: 172.29.10.28

-------------------------
Device ID: 4th_nt_sw01.mongeneral.com
Entry address(es): 
  IP address: 172.29.10.23
Platform: cisco WS-C2960X-48FPD-L,  Capabilities: Switch IGMP 
Interface: TenGigabitEthernet1/0/14,  Port ID (outgoing port): TenGigabitEthernet1/0/1
Holdtime : 130 sec

Version :
Cisco IOS Software, C2960X Software (C2960X-UNIVERSALK9-M), Version 15.2(2)E5, RELEASE SOFTWARE (fc2)
Technical Support: http://www.cisco.com/techsupport
Copyright (c) 1986-2016 by Cisco Systems, Inc.
Compiled Thu 02-Jun-16 01:31 by prod_rel_team

advertisement version: 2
Protocol Hello:  OUI=0x00000C, Protocol ID=0x0112; payload len=27, value=00000000FFFFFFFF010225010000000000000038DF875E00FF0000
VTP Management Domain: ''
Native VLAN: 666
Duplex: full
Management address(es): 
  IP address: 172.29.10.23

-------------------------
Device ID: 4th_nt_sw01.mongeneral.com
Entry address(es): 
  IP address: 172.29.10.23
Platform: cisco WS-C2960X-48FPD-L,  Capabilities: Switch IGMP 
Interface: TenGigabitEthernet2/0/14,  Port ID (outgoing port): TenGigabitEthernet2/0/1
Holdtime : 144 sec

Version :
Cisco IOS Software, C2960X Software (C2960X-UNIVERSALK9-M), Version 15.2(2)E5, RELEASE SOFTWARE (fc2)
Technical Support: http://www.cisco.com/techsupport
Copyright (c) 1986-2016 by Cisco Systems, Inc.
Compiled Thu 02-Jun-16 01:31 by prod_rel_team

advertisement version: 2
Protocol Hello:  OUI=0x00000C, Protocol ID=0x0112; payload len=27, value=00000000FFFFFFFF010225010000000000000038DF875E00FF0000
VTP Management Domain: ''
Native VLAN: 666
Duplex: full
Management address(es): 
  IP address: 172.29.10.23

-------------------------
Device ID: 1st_conf_sw01.mongeneral.com
Entry address(es): 
  IP address: 172.29.10.28
Platform: cisco WS-C2960X-48FPD-L,  Capabilities: Switch IGMP 
Interface: TenGigabitEthernet1/0/18,  Port ID (outgoing port): TenGigabitEthernet1/0/1
Holdtime : 177 sec

Version :
Cisco IOS Software, C2960X Software (C2960X-UNIVERSALK9-M), Version 15.2(2)E5, RELEASE SOFTWARE (fc2)
Technical Support: http://www.cisco.com/techsupport
Copyright (c) 1986-2016 by Cisco Systems, Inc.
Compiled Thu 02-Jun-16 01:31 by prod_rel_team

advertisement version: 2
Protocol Hello:  OUI=0x00000C, Protocol ID=0x0112; payload len=27, value=00000000FFFFFFFF010225010000000000000038DF8AB680FF0000
VTP Management Domain: ''
Native VLAN: 666
Duplex: full
Management address(es): 
  IP address: 172.29.10.28

-------------------------
Device ID: 1st_st_sw02.mongeneral.com
Entry address(es): 
  IP address: 172.29.10.11
Platform: cisco WS-C2960X-48FPD-L,  Capabilities: Switch IGMP 
Interface: TenGigabitEthernet2/0/2,  Port ID (outgoing port): TenGigabitEthernet2/0/1
Holdtime : 150 sec

Version :
Cisco IOS Software, C2960X Software (C2960X-UNIVERSALK9-M), Version 15.2(2)E5, RELEASE SOFTWARE (fc2)
Technical Support: http://www.cisco.com/techsupport
Copyright (c) 1986-2016 by Cisco Systems, Inc.
Compiled Thu 02-Jun-16 01:31 by prod_rel_team

advertisement version: 2
Protocol Hello:  OUI=0x00000C, Protocol ID=0x0112; payload len=27, value=00000000FFFFFFFF010225010000000000000038DF790600FF0000
VTP Management Domain: ''
Native VLAN: 666
Duplex: full
Management address(es): 
  IP address: 172.29.10.11

-------------------------
Device ID: 1st_st_sw02.mongeneral.com
Entry address(es): 
  IP address: 172.29.10.11
Platform: cisco WS-C2960X-48FPD-L,  Capabilities: Switch IGMP 
Interface: TenGigabitEthernet1/0/2,  Port ID (outgoing port): TenGigabitEthernet1/0/1
Holdtime : 124 sec

Version :
Cisco IOS Software, C2960X Software (C2960X-UNIVERSALK9-M), Version 15.2(2)E5, RELEASE SOFTWARE (fc2)
Technical Support: http://www.cisco.com/techsupport
Copyright (c) 1986-2016 by Cisco Systems, Inc.
Compiled Thu 02-Jun-16 01:31 by prod_rel_team

advertisement version: 2
Protocol Hello:  OUI=0x00000C, Protocol ID=0x0112; payload len=27, value=00000000FFFFFFFF010225010000000000000038DF790600FF0000
VTP Management Domain: ''
Native VLAN: 666
Duplex: full
Management address(es): 
  IP address: 172.29.10.11

-------------------------
Device ID: 5th_nt_sw01.mongeneral.com
Entry address(es): 
  IP address: 172.29.10.24
Platform: cisco WS-C2960X-48FPD-L,  Capabilities: Switch IGMP 
Interface: TenGigabitEthernet2/0/15,  Port ID (outgoing port): TenGigabitEthernet2/0/1
Holdtime : 169 sec

Version :
Cisco IOS Software, C2960X Software (C2960X-UNIVERSALK9-M), Version 15.2(2)E5, RELEASE SOFTWARE (fc2)
Technical Support: http://www.cisco.com/techsupport
Copyright (c) 1986-2016 by Cisco Systems, Inc.
Compiled Thu 02-Jun-16 01:31 by prod_rel_team

advertisement version: 2
Protocol Hello:  OUI=0x00000C, Protocol ID=0x0112; payload len=27, value=00000000FFFFFFFF010225010000000000000038DF8AE080FF0000
VTP Management Domain: ''
Native VLAN: 666
Duplex: full
Management address(es): 
  IP address: 172.29.10.24

-------------------------
Device ID: 5th_nt_sw01.mongeneral.com
Entry address(es): 
  IP address: 172.29.10.24
Platform: cisco WS-C2960X-48FPD-L,  Capabilities: Switch IGMP 
Interface: TenGigabitEthernet1/0/15,  Port ID (outgoing port): TenGigabitEthernet1/0/1
Holdtime : 170 sec

Version :
Cisco IOS Software, C2960X Software (C2960X-UNIVERSALK9-M), Version 15.2(2)E5, RELEASE SOFTWARE (fc2)
Technical Support: http://www.cisco.com/techsupport
Copyright (c) 1986-2016 by Cisco Systems, Inc.
Compiled Thu 02-Jun-16 01:31 by prod_rel_team

advertisement version: 2
Protocol Hello:  OUI=0x00000C, Protocol ID=0x0112; payload len=27, value=00000000FFFFFFFF010225010000000000000038DF8AE080FF0000
VTP Management Domain: ''
Native VLAN: 666
Duplex: full
Management address(es): 
  IP address: 172.29.10.24

-------------------------
Device ID: 6th_nt_sw01.mongeneral.com
Entry address(es): 
  IP address: 172.29.10.26
Platform: cisco WS-C2960X-48FPD-L,  Capabilities: Switch IGMP 
Interface: TenGigabitEthernet2/0/17,  Port ID (outgoing port): TenGigabitEthernet2/0/2
Holdtime : 152 sec

Version :
Cisco IOS Software, C2960X Software (C2960X-UNIVERSALK9-M), Version 15.2(2)E5, RELEASE SOFTWARE (fc2)
Technical Support: http://www.cisco.com/techsupport
Copyright (c) 1986-2016 by Cisco Systems, Inc.
Compiled Thu 02-Jun-16 01:31 by prod_rel_team

advertisement version: 2
Protocol Hello:  OUI=0x00000C, Protocol ID=0x0112; payload len=27, value=00000000FFFFFFFF010225010000000000000038DF86E980FF0000
VTP Management Domain: ''
Native VLAN: 666
Duplex: full
Management address(es): 
  IP address: 172.29.10.26

-------------------------
Device ID: 5th_nt_sw02.mongeneral.com
Entry address(es): 
  IP address: 172.29.10.25
Platform: cisco WS-C2960X-48FPD-L,  Capabilities: Switch IGMP 
Interface: TenGigabitEthernet1/0/16,  Port ID (outgoing port): TenGigabitEthernet1/0/1
Holdtime : 124 sec

Version :
Cisco IOS Software, C2960X Software (C2960X-UNIVERSALK9-M), Version 15.2(2)E5, RELEASE SOFTWARE (fc2)
Technical Support: http://www.cisco.com/techsupport
Copyright (c) 1986-2016 by Cisco Systems, Inc.
Compiled Thu 02-Jun-16 01:31 by prod_rel_team

advertisement version: 2
Protocol Hello:  OUI=0x00000C, Protocol ID=0x0112; payload len=27, value=00000000FFFFFFFF010225010000000000000038DF0FAB00FF0000
VTP Management Domain: ''
Native VLAN: 666
Duplex: full
Management address(es): 
  IP address: 172.29.10.25

-------------------------
Device ID: 6th_nt_sw01.mongeneral.com
Entry address(es): 
  IP address: 172.29.10.26
Platform: cisco WS-C2960X-48FPD-L,  Capabilities: Switch IGMP 
Interface: TenGigabitEthernet1/0/17,  Port ID (outgoing port): TenGigabitEthernet1/0/1
Holdtime : 151 sec

Version :
Cisco IOS Software, C2960X Software (C2960X-UNIVERSALK9-M), Version 15.2(2)E5, RELEASE SOFTWARE (fc2)
Technical Support: http://www.cisco.com/techsupport
Copyright (c) 1986-2016 by Cisco Systems, Inc.
Compiled Thu 02-Jun-16 01:31 by prod_rel_team

advertisement version: 2
Protocol Hello:  OUI=0x00000C, Protocol ID=0x0112; payload len=27, value=00000000FFFFFFFF010225010000000000000038DF86E980FF0000
VTP Management Domain: ''
Native VLAN: 666
Duplex: full
Management address(es): 
  IP address: 172.29.10.26

-------------------------
Device ID: 5th_nt_sw02.mongeneral.com
Entry address(es): 
  IP address: 172.29.10.25
Platform: cisco WS-C2960X-48FPD-L,  Capabilities: Switch IGMP 
Interface: TenGigabitEthernet2/0/16,  Port ID (outgoing port): TenGigabitEthernet2/0/1
Holdtime : 176 sec

Version :
Cisco IOS Software, C2960X Software (C2960X-UNIVERSALK9-M), Version 15.2(2)E5, RELEASE SOFTWARE (fc2)
Technical Support: http://www.cisco.com/techsupport
Copyright (c) 1986-2016 by Cisco Systems, Inc.
Compiled Thu 02-Jun-16 01:31 by prod_rel_team

advertisement version: 2
Protocol Hello:  OUI=0x00000C, Protocol ID=0x0112; payload len=27, value=00000000FFFFFFFF010225010000000000000038DF0FAB00FF0000
VTP Management Domain: ''
Native VLAN: 666
Duplex: full
Management address(es): 
  IP address: 172.29.10.25

-------------------------
Device ID: 1st_st_sw01.mongeneral.com
Entry address(es): 
  IP address: 172.29.10.10
Platform: cisco WS-C2960X-48FPD-L,  Capabilities: Switch IGMP 
Interface: TenGigabitEthernet2/0/1,  Port ID (outgoing port): TenGigabitEthernet2/0/1
Holdtime : 146 sec

Version :
Cisco IOS Software, C2960X Software (C2960X-UNIVERSALK9-M), Version 15.2(2)E5, RELEASE SOFTWARE (fc2)
Technical Support: http://www.cisco.com/techsupport
Copyright (c) 1986-2016 by Cisco Systems, Inc.
Compiled Thu 02-Jun-16 01:31 by prod_rel_team

advertisement version: 2
Protocol Hello:  OUI=0x00000C, Protocol ID=0x0112; payload len=27, value=00000000FFFFFFFF010225010000000000000038DF86E780FF0000
VTP Management Domain: ''
Native VLAN: 666
Duplex: full
Management address(es): 
  IP address: 172.29.10.10

-------------------------
Device ID: 1st_st_sw01.mongeneral.com
Entry address(es): 
  IP address: 172.29.10.10
Platform: cisco WS-C2960X-48FPD-L,  Capabilities: Switch IGMP 
Interface: TenGigabitEthernet1/0/1,  Port ID (outgoing port): TenGigabitEthernet1/0/1
Holdtime : 160 sec

Version :
Cisco IOS Software, C2960X Software (C2960X-UNIVERSALK9-M), Version 15.2(2)E5, RELEASE SOFTWARE (fc2)
Technical Support: http://www.cisco.com/techsupport
Copyright (c) 1986-2016 by Cisco Systems, Inc.
Compiled Thu 02-Jun-16 01:31 by prod_rel_team

advertisement version: 2
Protocol Hello:  OUI=0x00000C, Protocol ID=0x0112; payload len=27, value=00000000FFFFFFFF010225010000000000000038DF86E780FF0000
VTP Management Domain: ''
Native VLAN: 6
DEBUG:netmiko:read_channel: 66
Duplex: full
Management address(es): 
  IP address: 172.29.10.10

-------------------------
Device ID: 5th_st_sw01.mongeneral.com
Entry address(es): 
  IP address: 172.29.10.16
Platform: cisco WS-C2960X-48FPD-L,  Capabilities: Switch IGMP 
Interface: TenGigabitEthernet2/0/7,  Port ID (outgoing port): TenGigabitEthernet2/0/1
Holdtime : 168 sec

Version :
Cisco IOS Software, C2960X Software (C2960X-UNIVERSALK9-M), Version 15.2(2)E5, RELEASE SOFTWARE (fc2)
Technical Support: http://www.cisco.com/techsupport
Copyright (c) 1986-2016 by Cisco Systems, Inc.
Compiled Thu 02-Jun-16 01:31 by prod_rel_team

advertisement version: 2
Protocol Hello:  OUI=0x00000C, Protocol ID=0x0112; payload len=27, value=00000000FFFFFFFF010225010000000000000038DF8AC580FF0000
VTP Management Domain: ''
Native VLAN: 666
Duplex: full
Management address(es): 
  IP address: 172.29.10.16

-------------------------
Device ID: 5th_st_sw01.mongeneral.com
Entry address(es): 
  IP address: 172.29.10.16
Platform: cisco WS-C2960X-48FPD-L,  Capabilities: Switch IGMP 
Interface: TenGigabitEthernet1/0/7,  Port ID (outgoing port): TenGigabitEthernet1/0/1
Holdtime : 142 sec

Version :
Cisco IOS Software, C2960X Software (C2960X-UNIVERSALK9-M), Version 15.2(2)E5, RELEASE SOFTWARE (fc2)
Technical Support: http://www.cisco.com/techsupport
Copyright (c) 1986-2016 by Cisco Systems, Inc.
Compiled Thu 02-Jun-16 01:31 by prod_rel_team

advertisement version: 2
Protocol Hello:  OUI=0x00000C, Protocol ID=0x0112; payload len=27, value=00000000FFFFFFFF010225010000000000000038DF8AC580FF0000
VTP Management Domain: ''
Native VLAN: 666
Duplex: full
Management address(es): 
  IP address: 172.29.10.16

-------------------------
Device ID: 4th_st_sw01.mongeneral.com
Entry address(es): 
  IP address: 172.29.10.15
Platform: cisco WS-C2960X-48FPD-L,  Capabilities: Switch IGMP 
Interface: TenGigabitEthernet2/0/6,  Port ID (outgoing port): TenGigabitEthernet2/0/1
Holdtime : 162 sec

Version :
Cisco IOS Software, C2960X Software (C2960X-UNIVERSALK9-M), Version 15.2(2)E5, RELEASE SOFTWARE (fc2)
Technical Support: http://www.cisco.com/techsupport
Copyright (c) 1986-2016 by Cisco Systems, Inc.
Compiled Thu 02-Jun-16 01:31 by prod_rel_team

advertisement version: 2
Protocol Hello:  OUI=0x00000C, Protocol ID=0x0112; payload len=27, value=00000000FFFFFFFF010225010000000000000038DF876500FF0000
VTP Management Domain: ''
Native VLAN: 666
Duplex: full
Management address(es): 
  IP address: 172.29.10.15

-------------------------
Device ID: 4th_st_sw01.mongeneral.com
Entry address(es): 
  IP address: 172.29.10.15
Platform: cisco WS-C2960X-48FPD-L,  Capabilities: Switch IGMP 
Interface: TenGigabitEthernet1/0/6,  Port ID (outgoing port): TenGigabitEthernet1/0/1
Holdtime : 150 sec

Version :
Cisco IOS Software, C2960X Software (C2960X-UNIVERSALK9-M), Version 15.2(2)E5, RELEASE SOFTWARE (fc2)
Technical Support: http://www.cisco.com/techsupport
Copyright (c) 1986-2016 by Cisco Systems, Inc.
Compiled Thu 02-Jun-16 01:31 by prod_rel_team

advertisement version: 2
Protocol Hello:  OUI=0x00000C, Protocol ID=0x0112; payload len=27, value=00000000FFFFFFFF010225010000000000000038DF876500FF0000
VTP Management Domain: ''
Native VLAN: 666
Duplex: full
Management address(es): 
  IP address: 172.29.10.15

-------------------------
Device ID: 1st_nt_sw01.mongeneral.com
Entry address(es): 
  IP address: 172.29.10.17
Platform: cisco WS-C2960X-48FPD-L,  Capabilities: Switch IGMP 
Interface: TenGigabitEthernet2/0/8,  Port ID (outgoing port): TenGigabitEthernet2/0/1
Holdtime : 165 sec

Version :
Cisco IOS Software, C2960X Software (C2960X-UNIVERSALK9-M), Version 15.2(2)E5, RELEASE SOFTWARE (fc2)
Technical Support: http://www.cisco.com/techsupport
Copyright (c) 1986-2016 by Cisco Systems, Inc.
Compiled Thu 02-Jun-16 01:31 by prod_rel_team

advertisement version: 2
Protocol Hello:  OUI=0x00000C, Protocol ID=0x0112; payload len=27, value=00000000FFFFFFFF010225010000000000000038DF0FAA00FF0000
VTP Management Domain: ''
Native VLAN: 666
Duplex: full
Management address(es): 
  IP address: 172.29.10.17

-------------------------
Device ID: 1st_nt_sw01.mongeneral.com
Entry address(es): 
  IP address: 172.29.10.17
Platform: cisco WS-C2960X-48FPD-L,  Capabilities: Switch IGMP 
Interface: TenGigabitEthernet1/0/8,  Port ID (outgoing port): TenGigabitEthernet1/0/1
Holdtime : 130 sec

Version :
Cisco IOS Software, C2960X Software (C2960X-UNIVERSALK9-M), Version 15.2(2)E5, RELEASE SOFTWARE (fc2)
Technical Support: http://www.cisco.com/techsupport
Copyright (c) 1986-2016 by Cisco Systems, Inc.
Compiled Thu 02-Jun-16 01:31 by prod_rel_team

advertisement version: 2
Protocol Hello:  OUI=0x00000C, Protocol ID=0x0112; payload len=27, value=00000000FFFFFFFF010225010000000000000038DF0FAA00FF0000
VTP Management Domain: ''
Native VLAN: 666
Duplex: full
Management address(es): 
  IP address: 172.29.10.17

-------------------------
Device ID: 2nd_nt_sw01.mongeneral.com
Entry address(es): 
  IP address: 172.29.10.18
Platform: cisco WS-C2960X-24PS-L,  Capabilities: Switch IGMP 
Interface: TenGigabitEthernet2/0/9,  Port ID (outgoing port): TenGigabitEthernet2/0/1
Holdtime : 138 sec

Version :
Cisco IOS Software, C2960X Software (C2960X-UNIVERSALK9-M), Version 15.2(2)E5, RELEASE SOFTWARE (fc2)
Technical Support: http://www.cisco.com/techsupport
Copyright (c) 1986-2016 by Cisco Systems, Inc.
Compiled Thu 02-Jun-16 01:31 by prod_rel_team

advertisement version: 2
Protocol Hello:  OUI=0x00000C, Protocol ID=0x0112; payload len=27, value=00000000FFFFFFFF010225010000000000002C0BE9784300FF0000
VTP Management Domain: ''
Native VLAN: 666
Duplex: full
Management address(es): 
  IP address: 172.29.10.18

-------------------------
Device ID: 2nd_nt_sw01.mongeneral.com
Entry address(es): 
  IP address: 172.29.10.18
Platform: cisco WS-C2960X-24PS-L,  Capabilities: Switch IGMP 
Interface: TenGigabitEthernet1/0/9,  Port ID (outgoing port): TenGigabitEthernet1/0/1
Holdtime : 126 sec

Version :
Cisco IOS Software, C2960X Software (C2960X-UNIVERSALK9-M), Version 15.2(2)E5, RELEASE SOFTWARE (fc2)
Technical Support: http://www.cisco.com/techsupport
Copyright (c) 1986-2016 by Cisco Systems, Inc.
Compiled Thu 02-Jun-16 01:31 by prod_rel_team

advertisement version: 2
Protocol Hello:  OUI=0x00000C, Protocol ID=0x0112; payload len=27, value=00000000FFFFFFFF010225010000000000002C0BE9784300FF0000
VTP Management Domain: ''
Native VLAN: 666
Duplex: full
Management address(es): 
  IP address: 172.29.10.18

-------------------------
Device ID: 3rd_st_sw01.mongeneral.com
Entry address(es): 
  IP address: 172.29.10.13
Platform: cisco WS-C2960X-48FPD-L,  Capabilities: Switch IGMP 
Interface: TenGigabitEthernet2/0/4,  Port ID (outgoing port): TenGigabitEthernet2/0/1
Holdtime : 153 sec

Version :
Cisco IOS Software, C2960X Software (C2960X-UNIVERSALK9-M), Version 15.2(2)E5, RELEASE SOFTWARE (fc2)
Technical Support: http://www.cisco.com/techsupport
Copyright (c) 1986-2016 by Cisco Systems, Inc.
Compiled Thu 02-Jun-16 01:31 by prod_rel_team

advertisement version: 2
Protocol Hello:  OUI=0x00000C, Protocol ID=0x0112; payload len=27, value=00000000FFFFFFFF010225010000000000000038DF790280FF0000
VTP Management Domain: ''
Native VLAN: 666
Duplex: full
Management address(es): 
  IP address: 172.29.10.13

-------------------------
Device ID: 3rd_st_sw01.mongeneral.com
Entry address(es): 
  IP address: 172.29.10.13
Platform: cisco WS-C2960X-48FPD-L,  Capabilities: Switch IGMP 
Interface: TenGigabitEthernet1/0/4,  Port ID (outgoing port): TenGigabitEthernet1/0/1
Holdtime : 131 sec

Version :
Cisco IOS Software, C2960X Software (C2960X-UNIVERSALK9-M), Version 15.2(2)E5, RELEASE SOFTWARE (fc2)
Technical Support: http://www.cisco.com/techsupport
Copyright (c) 1986-2016 by Cisco Systems, Inc.
Compiled Thu 02-Jun-16 01:31 by prod_rel_team

advertisement version: 2
Protocol Hello:  OUI=0x00000C, Protocol ID=0x0112; payload len=27, value=00000000FFFFFFFF010225010000000000000038DF790280FF0000
VTP Management Domain: ''
Native VLAN: 666
Duplex: full
Management address(es): 
  IP address: 172.29.10.13

-------------------------
Device ID: 2nd_nt_sw03.mongeneral.com
Entry address(es): 
  IP address: 172.29.10.20
Platform: cisco WS-C2960X-48FPD-L,  Capabilities: Switch IGMP 
Interface: TenGigabitEthernet1/0/11,  Port ID (outgoing port): TenGigabitEthernet1/0/1
Holdtime : 158 sec

Version :
Cisco IOS Software, C2960X Software (C2960X-UNIVERSALK9-M), Version 15.2(2)E5, RELEASE SOFTWARE (fc2)
Technical Support: http://www.cisco.com/techsupport
Copyright (c) 1986-2016 by Cisco Systems, Inc.
Compiled Thu 02-Jun-16 01:31 by prod_rel_team

advertisement version: 2
Protocol Hello:  OUI=0x00000C, Protocol ID=0x0112; payload len=27, value=00000000FFFFFFFF010225010000000000000038DF0F4900FF0000
VTP Management Domain: ''
Native VLAN: 666
Duplex: full
Management address(es): 
  IP address: 172.29.10.20

-------------------------
Device ID: 2nd_nt_sw03.mongeneral.com
Entry address(es): 
  IP address: 172.29.10.20
Platform: cisco WS-C2960X-48FPD-L,  Capabilities: Switch IGMP 
Interface: TenGigabitEthernet2/0/11,  Port ID (outgoing port): TenGigabitEthernet2/0/1
Holdtime : 164 sec

Version :
Cisco IOS Software, C2960X Software (C2960X-UNIVERSALK9-M), Version 15.2(2)E5, RELEASE SOFTWARE (fc2)
Technical Support: http://www.cisco.com/techsupport
Copyright (c) 1986-2016 by Cisco Systems, Inc.
Compiled Thu 02-Jun-16 01:31 by prod_rel_team

advertisement version: 2
Protocol Hello:  OUI=0x00000C, Protocol ID=0x0112; payload len=27, value=00000000FFFFFFFF010225010000000000000038DF0F4900FF0000
VTP Management Domain: ''
Native VLAN: 666
Duplex: full
Management address(es): 
  IP address: 172.29.10.20

-------------------------
Device ID: 3rd_st_sw02.mongeneral.com
Entry address(es): 
  IP address: 172.29.10.14
Platform: cisco WS-C2960X-48FPD-L,  Capabilities: Switch IGMP 
Interface: TenGigabitEthernet1/0/5,  Port ID (outgoing port): TenGigabitEthernet1/0/1
Holdtime : 156 sec

Version :
Cisco IOS Software, C2960X Software (C2960X-UNIVERSALK9-M), Version 15.2(2)E6, RELEASE SOFTWARE (fc1)
Technical Support: http://www.cisco.com/techsupport
Copyright (c) 1986-2016 by Cisco Systems, Inc.
Compiled Fri 16-Dec-16 21:27 by prod_rel_team

advertisement version: 2
Protocol Hello:  OUI=0x00000C, Protocol ID=0x0112; payload len=27, value=00000000FFFFFFFF0102250100000000000000C1B1B8BC80FF0000
VTP Management Domain: ''
Native VLAN: 666
Duplex: full
Management address(es): 
  IP address: 172.29.10.14

-------------------------
Device ID: 2nd_nt_sw02.mongeneral.com
Entry address(es): 
  IP address: 172.29.10.19
Platform: cisco WS-C2960X-48FPD-L,  Capabilities: Switch IGMP 
Interface: TenGigabitEthernet2/0/10,  Port ID (outgoing port): TenGigabitEthernet2/0/1
Holdtime : 139 sec

Version :
Cisco IOS Software, C2960X Software (C2960X-UNIVERSALK9-M), Version 15.2(2)E5, RELEASE SOFTWARE (fc2)
Technical Support: http://www.cisco.com/techsupport
Copyright (c) 1986-2016 by Cisco Systems, Inc.
Compiled Thu 02-Jun-16 01:31 by prod_rel_team

advertisement version: 2
Protocol Hello:  OUI=0x00000C, Protocol ID=0x0112; payload len=27, value=00000000FFFFFFFF010225010000000000000038DF8ACD80FF0000
VTP Management Domain: ''
Native VLAN: 666
Duplex: full
Management address(es): 
  IP address: 172.29.10.19

-------------------------
Device ID: 3rd_st_sw02.mongeneral.com
Entry address(es): 
  IP address: 172.29.10.14
Platform: cisco WS-C2960X-48FPD-L,  Capabilities: Switch IGMP 
Interface: TenGigabitEthernet2/0/5,  Port ID (outgoing port): TenGigabitEthernet2/0/1
Holdtime : 159 sec

Version :
Cisco IOS Software, C2960X Software (C2960X-UNIVERSALK9-M), Version 15.2(2)E6, RELEASE SOFTWARE (fc1)
Technical Support: http://www.cisco.com/techsupport
Copyright (c) 1986-2016 by Cisco Systems, Inc.
Compiled Fri 16-Dec-16 21:27 by prod_rel_team

advertisement version: 2
Protocol Hello:  OUI=0x00000C, Protocol ID=0x0112; payload len=27, value=00000000FFFFFFFF0102250100000000000000C1B1B8BC80FF0000
VTP Management Domain: ''
Native VLAN: 666
Duplex: full
Management address(es): 
  IP address: 172.29.10.14

-------------------------
Device ID: 2nd_nt_sw02.mongeneral.com
Entry address(es): 
  IP address: 172.29.10.19
Platform: cisco WS-C2960X-48FPD-L,  Capabilities: Switch IGMP 
Interface: TenGigabitEthernet1/0/10,  Port ID (outgoing port): TenGigabitEthernet1/0/1
Holdtime : 173 sec

Version :
Cisco IOS Software, C2960X Software (C2960X-UNIVERSALK9-M), Version 15.2(2)E5, RELEASE SOFTWARE (fc2)
Technical Support: http://www.cisco.com/techsupport
Copyright (c) 1986-2016 by Cisco Systems, Inc.
Compiled Thu 02-Jun-16 01:31 by prod_rel_team

advertisement version: 2
Protocol Hello:  OUI=0x00000C, Protocol ID=0x0112; payload len=27, value=00000000FFFFFFFF010225010000000000000038DF8ACD80FF0000
VTP Management Domain: ''
Native VLAN: 666
Duplex: full
Management address(es): 
  IP address: 172.29.10.19

-------------------------
Device ID: MGH1A-CORE.mongeneral.com
Entry address(es): 
  IP address: 172.26.2.122
Platform: cisco WS-C4507R+E,  Capabilities: Switch IGMP 
Interface: TenGigabitEthernet2/0/24,  Port ID (outgoing port): TenGigabitEthernet4/1
Holdtime : 155 sec

Version :
Cisco IOS Software, Catalyst 4500 L3 Switch Software (cat4500e-IPBASEK9-M), Version 15.0(2)SG2, RELEASE SOFTWARE (fc3)
Technical Support: http://www.cisco.com/techsupport
Copyright (c) 1986-2011 by Cisco Systems, Inc.
Compiled Wed 07-Dec-11 20:20 by prod_rel_team

advertisement version: 2
VTP Management Domain: 'MonGen'
Native VLAN: 666
Duplex: full
Management address(es): 
  IP address: 172.26.2.122

-------------------------
Device ID: MGH1A-CORE.mongeneral.com
Entry address(es): 
  IP address: 172.26.2.122
Platform: cisco WS-C4507R+E,  Capabilities: Switch IGMP 
Interface: TenGigabitEthernet1/0/24,  Port ID (outgoing port): TenGigabitEthernet3/1
Holdtime : 155 sec

Version :
Cisco IOS Software, Catalyst 4500 L3 Switch Software (cat4500e-IPBASEK9-M), Version 15.0(2)SG2, RELEASE SOFTWARE (fc3)
Technical Support: http://www.cisco.com/techsupport
Copyright (c) 1986-2011 by Cisco Systems, Inc.
Compiled Wed 07-Dec-11 20:20 by prod_rel_team

advertisement version: 2
VTP Management Domain: 'MonGen'
Native VLAN: 666
Duplex: full
Management address(es): 
  IP address: 172.26.2.122


Total cdp entries displayed : 38
1ST_NT_MDF_SW01#
DEBUG:paramiko.transport:starting thread (client mode): 0xf1ceea60
DEBUG:paramiko.transport:Local version/idstring: SSH-2.0-paramiko_2.7.1
DEBUG:paramiko.transport:Remote version/idstring: SSH-2.0-Cisco-1.25
INFO:paramiko.transport:Connected (version 2.0, client Cisco-1.25)
DEBUG:paramiko.transport:kex algos:['diffie-hellman-group-exchange-sha1', 'diffie-hellman-group14-sha1', 'diffie-hellman-group1-sha1'] server key:['ssh-rsa'] client encrypt:['aes128-ctr', 'aes192-ctr', 'aes256-ctr', 'aes128-cbc', '3des-cbc', 'aes192-cbc', 'aes256-cbc'] server encrypt:['aes128-ctr', 'aes192-ctr', 'aes256-ctr', 'aes128-cbc', '3des-cbc', 'aes192-cbc', 'aes256-cbc'] client mac:['hmac-sha1', 'hmac-sha1-96'] server mac:['hmac-sha1', 'hmac-sha1-96'] client compress:['none'] server compress:['none'] client lang:[''] server lang:[''] kex follows?False
DEBUG:paramiko.transport:Kex agreed: diffie-hellman-group-exchange-sha1
DEBUG:paramiko.transport:HostKey agreed: ssh-rsa
DEBUG:paramiko.transport:Cipher agreed: aes128-ctr
DEBUG:paramiko.transport:MAC agreed: hmac-sha1
DEBUG:paramiko.transport:Compression agreed: none
DEBUG:paramiko.transport:Got server p (2048 bits)
DEBUG:paramiko.transport:kex engine KexGex specified hash_algo <built-in function openssl_sha1>
DEBUG:paramiko.transport:Switch to new keys ...
DEBUG:paramiko.transport:Adding ssh-rsa host key for 1st_nt_mdf_sw01.mhs.org: b'dff1cc3dbc8e67a39efef4da8ecb0472'
DEBUG:paramiko.transport:userauth is OK
INFO:paramiko.transport:Authentication (password) successful!
DEBUG:paramiko.transport:[chan 0] Max packet in: 32768 bytes
DEBUG:paramiko.transport:[chan 0] Max packet out: 4096 bytes
DEBUG:paramiko.transport:Secsh channel 0 opened.
DEBUG:paramiko.transport:[chan 0] Sesch channel 0 request ok
DEBUG:paramiko.transport:[chan 0] Sesch channel 0 request ok
DEBUG:netmiko:read_channel: 
------------------------------------------------------------------------------------
WARNING:


This system is for the use of authorized clients only. Individuals using the
computer network system without authorization, or in excess of their authorization,
are subject to having all their activity on this computer network system monitored
and recorded by system personnel.  To protect the computer network system from
unauthorized use and to ensure the computer network system is functioning properly,
system administrators monitor this system.  Anyone using this computer network
system expressly consents to such monitoring and is advised that if such monitoring
reveals possible conduct of criminal activity, system personnel may provide the
evidence of such activity to law enforcement officers.

Access is restricted to authorized users only.

Unauthorized access is a violation of state and federal, civil and criminal laws.
------------------------------------------------------------------------------------

1ST_NT_MDF_SW01>
DEBUG:netmiko:read_channel: 
DEBUG:netmiko:read_channel: 
DEBUG:netmiko:read_channel: 
DEBUG:netmiko:write_channel: b'\n'
DEBUG:netmiko:read_channel: 
DEBUG:netmiko:read_channel: 
DEBUG:netmiko:write_channel: b'\n'
DEBUG:netmiko:read_channel: 
1ST_NT_MDF_SW01>
DEBUG:netmiko:read_channel: 
1ST_NT_MDF_SW01>
DEBUG:netmiko:Clear buffer detects data in the channel
DEBUG:netmiko:read_channel: 
DEBUG:netmiko:[find_prompt()]: prompt is 1ST_NT_MDF_SW01>
DEBUG:netmiko:read_channel: 
DEBUG:netmiko:In disable_paging
DEBUG:netmiko:Command: terminal length 0

DEBUG:netmiko:write_channel: b'terminal length 0\n'
DEBUG:netmiko:Pattern is: terminal\ length\ 0
DEBUG:netmiko:_read_channel_expect read_data: t
DEBUG:netmiko:_read_channel_expect read_data: e
DEBUG:netmiko:_read_channel_expect read_data: rm
DEBUG:netmiko:_read_channel_expect read_data: in
DEBUG:netmiko:_read_channel_expect read_data: al 
DEBUG:netmiko:_read_channel_expect read_data: le
DEBUG:netmiko:_read_channel_expect read_data: ng
DEBUG:netmiko:_read_channel_expect read_data: th
DEBUG:netmiko:_read_channel_expect read_data:  0
DEBUG:netmiko:Pattern found: terminal\ length\ 0 terminal length 0
DEBUG:netmiko:terminal length 0
DEBUG:netmiko:Exiting disable_paging
DEBUG:netmiko:write_channel: b'terminal width 511\n'
DEBUG:netmiko:Pattern is: terminal\ width\ 511
DEBUG:netmiko:_read_channel_expect read_data: 

DEBUG:netmiko:_read_channel_expect read_data: 1ST_NT_MDF_SW01>
DEBUG:netmiko:_read_channel_expect read_data: t
DEBUG:netmiko:_read_channel_expect read_data: er
DEBUG:netmiko:_read_channel_expect read_data: mi
DEBUG:netmiko:_read_channel_expect read_data: na
DEBUG:netmiko:_read_channel_expect read_data: l 
DEBUG:netmiko:_read_channel_expect read_data: wi
DEBUG:netmiko:_read_channel_expect read_data: dt
DEBUG:netmiko:_read_channel_expect read_data: h 
DEBUG:netmiko:_read_channel_expect read_data: 51
DEBUG:netmiko:_read_channel_expect read_data: 1

DEBUG:netmiko:Pattern found: terminal\ width\ 511 
1ST_NT_MDF_SW01>terminal width 511

DEBUG:netmiko:read_channel: 1ST_NT_MDF_SW01>
DEBUG:netmiko:Clear buffer detects data in the channel
DEBUG:netmiko:read_channel: 
DEBUG:netmiko:write_channel: b'\n'
DEBUG:netmiko:Pattern is: 1ST_NT_MDF_SW01
DEBUG:netmiko:_read_channel_expect read_data: 

DEBUG:netmiko:_read_channel_expect read_data: 1ST_NT_MDF_SW01>
DEBUG:netmiko:Pattern found: 1ST_NT_MDF_SW01 
1ST_NT_MDF_SW01>
DEBUG:netmiko:write_channel: b'enable\n'
DEBUG:netmiko:Pattern is: (1ST_NT_MDF_SW01|ssword)
DEBUG:netmiko:_read_channel_expect read_data: e
DEBUG:netmiko:_read_channel_expect read_data: n
DEBUG:netmiko:_read_channel_expect read_data: ab
DEBUG:netmiko:_read_channel_expect read_data: le
DEBUG:netmiko:_read_channel_expect read_data: 
Password: 
DEBUG:netmiko:Pattern found: (1ST_NT_MDF_SW01|ssword) enable
Password: 
DEBUG:netmiko:write_channel: b'change-mgh\n'
DEBUG:netmiko:Pattern is: 1ST_NT_MDF_SW01
DEBUG:netmiko:_read_channel_expect read_data: 
1ST_NT_MDF_SW01#
DEBUG:netmiko:Pattern found: 1ST_NT_MDF_SW01 
1ST_NT_MDF_SW01#
DEBUG:netmiko:write_channel: b'\n'
DEBUG:netmiko:Pattern is: 1ST_NT_MDF_SW01
DEBUG:netmiko:_read_channel_expect read_data: 

DEBUG:netmiko:_read_channel_expect read_data: 1ST_NT_MDF_SW01#
DEBUG:netmiko:Pattern found: 1ST_NT_MDF_SW01 
1ST_NT_MDF_SW01#
DEBUG:netmiko:read_channel: 
DEBUG:netmiko:write_channel: b'\n'
DEBUG:netmiko:read_channel: 

DEBUG:netmiko:read_channel: 
DEBUG:netmiko:write_channel: b'\n'
DEBUG:netmiko:read_channel: 1ST_NT_MDF_SW01#
DEBUG:netmiko:read_channel: 
1ST_NT_MDF_SW01#
DEBUG:netmiko:Clear buffer detects data in the channel
DEBUG:netmiko:read_channel: 
DEBUG:netmiko:[find_prompt()]: prompt is 1ST_NT_MDF_SW01#
DEBUG:netmiko:read_channel: 
DEBUG:netmiko:write_channel: b'sh cdp neighbors detail\n'
DEBUG:netmiko:Pattern is: sh\ cdp\ neighbors\ detail
DEBUG:netmiko:_read_channel_expect read_data: s
DEBUG:netmiko:_read_channel_expect read_data: h 
DEBUG:netmiko:_read_channel_expect read_data: cd
DEBUG:netmiko:_read_channel_expect read_data: p 
DEBUG:netmiko:_read_channel_expect read_data: ne
DEBUG:netmiko:_read_channel_expect read_data: ig
DEBUG:netmiko:_read_channel_expect read_data: hb
DEBUG:netmiko:_read_channel_expect read_data: or
DEBUG:netmiko:_read_channel_expect read_data: s 
DEBUG:netmiko:_read_channel_expect read_data: de
DEBUG:netmiko:_read_channel_expect read_data: ta
DEBUG:netmiko:_read_channel_expect read_data: il
DEBUG:netmiko:Pattern found: sh\ cdp\ neighbors\ detail sh cdp neighbors detail
DEBUG:netmiko:read_channel: 
-------------------------
Device ID: 3rd_nt_sw01.mongeneral.com
Entry address(es): 
  IP address: 172.29.10.21
Platform: cisco WS-C2960X-48FPD-L,  Capabilities: Switch IGMP 
Interface: TenGigabitEthernet2/0/12,  Port ID (outgoing port): TenGigabitEthernet2/0/1
Holdtime : 178 sec

Version :
Cisco IOS Software, C2960X Software (C2960X-UNIVERSALK9-M), Version 15.2(2)E5, RELEASE SOFTWARE (fc2)
Technical Support: http://www.cisco.com/techsupport
Copyright (c) 1986-2016 by Cisco Systems, Inc.
Compiled Thu 02-Jun-16 01:31 by prod_rel_team

advertisement version: 2
Protocol Hello:  OUI=0x00000C, Protocol ID=0x0112; payload len=27, value=00000000FFFFFFFF010225010000000000000038DF86BA00FF0000
VTP Management Domain: ''
Native VLAN: 666
Duplex: full
Management address(es): 
  IP address: 172.29.10.21

-------------------------
Device ID: 3rd_nt_sw01.mongeneral.com
Entry address(es): 
  IP address: 172.29.10.21
Platform: cisco WS-C2960X-48FPD-L,  Capabilities: Switch IGMP 
Interface: TenGigabitEthernet1/0/12,  Port ID (outgoing port): TenGigabitEthernet1/0/1
Holdtime : 141 sec

Version :
Cisco IOS Software, C2960X Software (C2960X-UNIVERSALK9-M), Version 15.2(2)E5, RELEASE SOFTWARE (fc2)
Technical Support: http://www.cisco.com/techsupport
Copyright (c) 1986-2016 by Cisco Systems, Inc.
Compiled Thu 02-Jun-16 01:31 by prod_rel_team

advertisement version: 2
Protocol Hello:  OUI=0x00000C, Protocol ID=0x0112; payload len=27, value=00000000FFFFFFFF010225010000000000000038DF86BA00FF0000
VTP Management Domain: ''
Native VLAN: 666
Duplex: full
Management address(es): 
  IP address: 172.29.10.21

-------------------------
Device ID: 2nd_st_sw01.mongeneral.com
Entry address(es): 
  IP address: 172.29.10.12
Platform: cisco WS-C2960X-48FPD-L,  Capabilities: Switch IGMP 
Interface: TenGigabitEthernet2/0/3,  Port ID (outgoing port): TenGigabitEthernet2/0/1
Holdtime : 165 sec

Version :
Cisco IOS Software, C2960X Software (C2960X-UNIVERSALK9-M), Version 15.2(2)E5, RELEASE SOFTWARE (fc2)
Technical Support: http://www.cisco.com/techsupport
Copyright (c) 1986-2016 by Cisco Systems, Inc.
Compiled Thu 02-Jun-16 01:31 by prod_rel_team

advertisement version: 2
Protocol Hello:  OUI=0x00000C, Protocol ID=0x0112; payload len=27, value=00000000FFFFFFFF010225010000000000000038DF751E00FF0000
VTP Management Domain: ''
Native VLAN: 666
Duplex: full
Management address(es): 
  IP address: 172.29.10.12

-------------------------
Device ID: 2nd_st_sw01.mongeneral.com
Entry address(es): 
  IP address: 172.29.10.12
Platform: cisco WS-C2960X-48FPD-L,  Capabilities: Switch IGMP 
Interface: TenGigabitEthernet1/0/3,  Port ID (outgoing port): TenGigabitEthernet1/0/1
Holdtime : 159 sec

Version :
Cisco IOS Software, C2960X Software (C2960X-UNIVERSALK9-M), Version 15.2(2)E5, RELEASE SOFTWARE (fc2)
Technical Support: http://www.cisco.com/techsupport
Copyright (c) 1986-2016 by Cisco Systems, Inc.
Compiled Thu 02-Jun-16 01:31 by prod_rel_team

advertisement version: 2
Protocol Hello:  OUI=0x00000C, Protocol ID=0x0112; payload len=27, value=00000000FFFFFFFF010225010000000000000038DF751E00FF0000
VTP Management Domain: ''
Native VLAN: 666
Duplex: full
Management address(es): 
  IP address: 172.29.10.12

-------------------------
Device ID: 3rd_nt_sw02.mongeneral.com
Entry address(es): 
  IP address: 172.29.10.22
Platform: cisco WS-C2960X-48FPD-L,  Capabilities: Switch IGMP 
Interface: TenGigabitEthernet1/0/13,  Port ID (outgoing port): TenGigabitEthernet1/0/1
Holdtime : 175 sec

Version :
Cisco IOS Software, C2960X Software (C2960X-UNIVERSALK9-M), Version 15.2(2)E5, RELEASE SOFTWARE (fc2)
Technical Support: http://www.cisco.com/techsupport
Copyright (c) 1986-2016 by Cisco Systems, Inc.
Compiled Thu 02-Jun-16 01:31 by prod_rel_team

advertisement version: 2
Protocol Hello:  OUI=0x00000C, Protocol ID=0x0112; payload len=27, value=00000000FFFFFFFF010225010000000000000038DF0F6A00FF0000
VTP Management Domain: ''
Native VLAN: 666
Duplex: full
Management address(es): 
  IP address: 172.29.10.22

-------------------------
Device ID: 3rd_nt_sw02.mongeneral.com
Entry address(es): 
  IP address: 172.29.10.22
Platform: cisco WS-C2960X-48FPD-L,  Capabilities: Switch IGMP 
Interface: TenGigabitEthernet2/0/13,  Port ID (outgoing port): TenGigabitEthernet2/0/1
Holdtime : 140 sec

Version :
Cisco IOS Software, C2960X Software (C2960X-UNIVERSALK9-M), Version 15.2(2)E5, RELEASE SOFTWARE (fc2)
Technical Support: http://www.cisco.com/techsupport
Copyright (c) 1986-2016 by Cisco Systems, Inc.
Compiled Thu 02-Jun-16 01:31 by prod_rel_team

advertisement version: 2
Protocol Hello:  OUI=0x00000C, Protocol ID=0x0112; payload len=27, value=00000000FFFFFFFF010225010000000000000038DF0F6A00FF0000
VTP Management Domain: ''
Native VLAN: 666
Duplex: full
Management address(es): 
  IP address: 172.29.10.22

-------------------------
Device ID: 1st_conf_sw01.mongeneral.com
Entry address(es): 
  IP address: 172.29.10.28
Platform: cisco WS-C2960X-48FPD-L,  Capabilities: Switch IGMP 
Interface: TenGigabitEthernet2/0/18,  Port ID (outgoing port): TenGigabitEthernet1/0/2
Holdtime : 173 sec

Version :
Cisco IOS Software, C2960X Software (C2960X-UNIVERSALK9-M), Version 15.2(2)E5, RELEASE SOFTWARE (fc2)
Technical Support: http://www.cisco.com/techsupport
Copyright (c) 1986-2016 by Cisco Systems, Inc.
Compiled Thu 02-Jun-16 01:31 by prod_rel_team

advertisement version: 2
Protocol Hello:  OUI=0x00000C, Protocol ID=0x0112; payload len=27, value=00000000FFFFFFFF010225010000000000000038DF8AB680FF0000
VTP Management Domain: ''
Native VLAN: 666
Duplex: full
Management address(es): 
  IP address: 172.29.10.28

-------------------------
Device ID: 4th_nt_sw01.mongeneral.com
Entry address(es): 
  IP address: 172.29.10.23
Platform: cisco WS-C2960X-48FPD-L,  Capabilities: Switch IGMP 
Interface: TenGigabitEthernet1/0/14,  Port ID (outgoing port): TenGigabitEthernet1/0/1
Holdtime : 162 sec

Version :
Cisco IOS Software, C2960X Software (C2960X-UNIVERSALK9-M), Version 15.2(2)E5, RELEASE SOFTWARE (fc2)
Technical Support: http://www.cisco.com/techsupport
Copyright (c) 1986-2016 by Cisco Systems, Inc.
Compiled Thu 02-Jun-16 01:31 by prod_rel_team

advertisement version: 2
Protocol Hello:  OUI=0x00000C, Protocol ID=0x0112; payload len=27, value=00000000FFFFFFFF010225010000000000000038DF875E00FF0000
VTP Management Domain: ''
Native VLAN: 666
Duplex: full
Management address(es): 
  IP address: 172.29.10.23

-------------------------
Device ID: 4th_nt_sw01.mongeneral.com
Entry address(es): 
  IP address: 172.29.10.23
Platform: cisco WS-C2960X-48FPD-L,  Capabilities: Switch IGMP 
Interface: TenGigabitEthernet2/0/14,  Port ID (outgoing port): TenGigabitEthernet2/0/1
Holdtime : 125 sec

Version :
Cisco IOS Software, C2960X Software (C2960X-UNIVERSALK9-M), Version 15.2(2)E5, RELEASE SOFTWARE (fc2)
Technical Support: http://www.cisco.com/techsupport
Copyright (c) 1986-2016 by Cisco Systems, Inc.
Compiled Thu 02-Jun-16 01:31 by prod_rel_team

advertisement version: 2
Protocol Hello:  OUI=0x00000C, Protocol ID=0x0112; payload len=27, value=00000000FFFFFFFF010225010000000000000038DF875E00FF0000
VTP Management Domain: ''
Native VLAN: 666
Duplex: full
Management address(es): 
  IP address: 172.29.10.23

-------------------------
Device ID: 1st_conf_sw01.mongeneral.com
Entry address(es): 
  IP address: 172.29.10.28
Platform: cisco WS-C2960X-48FPD-L,  Capabilities: Switch IGMP 
Interface: TenGigabitEthernet1/0/18,  Port ID (outgoing port): TenGigabitEthernet1/0/1
Holdtime : 143 sec

Version :
Cisco IOS Software, C2960X Software (C2960X-UNIVERSALK9-M), Version 15.2(2)E5, RELEASE SOFTWARE (fc2)
Technical Support: http://www.cisco.com/techsupport
Copyright (c) 1986-2016 by Cisco Systems, Inc.
Compiled Thu 02-Jun-16 01:31 by prod_rel_team

advertisement version: 2
Protocol Hello:  OUI=0x00000C, Protocol ID=0x0112; payload len=27, value=00000000FFFFFFFF010225010000000000000038DF8AB680FF0000
VTP Management Domain: ''
Native VLAN: 666
Duplex: full
Management addre
DEBUG:netmiko:read_channel: ss(es): 
  IP address: 172.29.10.28

-------------------------
Device ID: 1st_st_sw02.mongeneral.com
Entry address(es): 
  IP address: 172.29.10.11
Platform: cisco WS-C2960X-48FPD-L,  Capabilities: Switch IGMP 
Interface: TenGigabitEthernet2/0/2,  Port ID (outgoing port): TenGigabitEthernet2/0/1
Holdtime : 130 sec

Version :
Cisco IOS Software, C2960X Software (C2960X-UNIVERSALK9-M), Version 15.2(2)E5, RELEASE SOFTWARE (fc2)
Technical Support: http://www.cisco.com/techsupport
Copyright (c) 1986-2016 by Cisco Systems, Inc.
Compiled Thu 02-Jun-16 01:31 by prod_rel_team

advertisement version: 2
Protocol Hello:  OUI=0x00000C, Protocol ID=0x0112; payload len=27, value=00000000FFFFFFFF010225010000000000000038DF790600FF0000
VTP Management Domain: ''
Native VLAN: 666
Duplex: full
Management address(es): 
  IP address: 172.29.10.11

-------------------------
Device ID: 1st_st_sw02.mongeneral.com
Entry address(es): 
  IP address: 172.29.10.11
Platform: cisco WS-C2960X-48FPD-L,  Capabilities: Switch IGMP 
Interface: TenGigabitEthernet1/0/2,  Port ID (outgoing port): TenGigabitEthernet1/0/1
Holdtime : 134 sec

Version :
Cisco IOS Software, C2960X Software (C2960X-UNIVERSALK9-M), Version 15.2(2)E5, RELEASE SOFTWARE (fc2)
Technical Support: http://www.cisco.com/techsupport
Copyright (c) 1986-2016 by Cisco Systems, Inc.
Compiled Thu 02-Jun-16 01:31 by prod_rel_team

advertisement version: 2
Protocol Hello:  OUI=0x00000C, Protocol ID=0x0112; payload len=27, value=00000000FFFFFFFF010225010000000000000038DF790600FF0000
VTP Management Domain: ''
Native VLAN: 666
Duplex: full
Management address(es): 
  IP address: 172.29.10.11

-------------------------
Device ID: 5th_nt_sw01.mongeneral.com
Entry address(es): 
  IP address: 172.29.10.24
Platform: cisco WS-C2960X-48FPD-L,  Capabilities: Switch IGMP 
Interface: TenGigabitEthernet2/0/15,  Port ID (outgoing port): TenGigabitEthernet2/0/1
Holdtime : 143 sec

Version :
Cisco IOS Software, C2960X Software (C2960X-UNIVERSALK9-M), Version 15.2(2)E5, RELEASE SOFTWARE (fc2)
Technical Support: http://www.cisco.com/techsupport
Copyright (c) 1986-2016 by Cisco Systems, Inc.
Compiled Thu 02-Jun-16 01:31 by prod_rel_team

advertisement version: 2
Protocol Hello:  OUI=0x00000C, Protocol ID=0x0112; payload len=27, value=00000000FFFFFFFF010225010000000000000038DF8AE080FF0000
VTP Management Domain: ''
Native VLAN: 666
Duplex: full
Management address(es): 
  IP address: 172.29.10.24

-------------------------
Device ID: 5th_nt_sw01.mongeneral.com
Entry address(es): 
  IP address: 172.29.10.24
Platform: cisco WS-C2960X-48FPD-L,  Capabilities: Switch IGMP 
Interface: TenGigabitEthernet1/0/15,  Port ID (outgoing port): TenGigabitEthernet1/0/1
Holdtime : 127 sec

Version :
Cisco IOS Software, C2960X Software (C2960X-UNIVERSALK9-M), Version 15.2(2)E5, RELEASE SOFTWARE (fc2)
Technical Support: http://www.cisco.com/techsupport
Copyright (c) 1986-2016 by Cisco Systems, Inc.
Compiled Thu 02-Jun-16 01:31 by prod_rel_team

advertisement version: 2
Protocol Hello:  OUI=0x00000C, Protocol ID=0x0112; payload len=27, value=00000000FFFFFFFF010225010000000000000038DF8AE080FF0000
VTP Management Domain: ''
Native VLAN: 666
Duplex: full
Management address(es): 
  IP address: 172.29.10.24

-------------------------
Device ID: 6th_nt_sw01.mongeneral.com
Entry address(es): 
  IP address: 172.29.10.26
Platform: cisco WS-C2960X-48FPD-L,  Capabilities: Switch IGMP 
Interface: TenGigabitEthernet2/0/17,  Port ID (outgoing port): TenGigabitEthernet2/0/2
Holdtime : 141 sec

Version :
Cisco IOS Software, C2960X Software (C2960X-UNIVERSALK9-M), Version 15.2(2)E5, RELEASE SOFTWARE (fc2)
Technical Support: http://www.cisco.com/techsupport
Copyright (c) 1986-2016 by Cisco Systems, Inc.
Compiled Thu 02-Jun-16 01:31 by prod_rel_team

advertisement version: 2
Protocol Hello:  OUI=0x00000C, Protocol ID=0x0112; payload len=27, value=00000000FFFFFFFF010225010000000000000038DF86E980FF0000
VTP Management Domain: ''
Native VLAN: 666
Duplex: full
Management address(es): 
  IP address: 172.29.10.26

-------------------------
Device ID: 5th_nt_sw02.mongeneral.com
Entry address(es): 
  IP address: 172.29.10.25
Platform: cisco WS-C2960X-48FPD-L,  Capabilities: Switch IGMP 
Interface: TenGigabitEthernet1/0/16,  Port ID (outgoing port): TenGigabitEthernet1/0/1
Holdtime : 161 sec

Version :
Cisco IOS Software, C2960X Software (C2960X-UNIVERSALK9-M), Version 15.2(2)E5, RELEASE SOFTWARE (fc2)
Technical Support: http://www.cisco.com/techsupport
Copyright (c) 1986-2016 by Cisco Systems, Inc.
Compiled Thu 02-Jun-16 01:31 by prod_rel_team

advertisement version: 2
Protocol Hello:  OUI=0x00000C, Protocol ID=0x0112; payload len=27, value=00000000FFFFFFFF010225010000000000000038DF0FAB00FF0000
VTP Management Domain: ''
Native VLAN: 666
Duplex: full
Management address(es): 
  IP address: 172.29.10.25

-------------------------
Device ID: 6th_nt_sw01.mongeneral.com
Entry address(es): 
  IP address: 172.29.10.26
Platform: cisco WS-C2960X-48FPD-L,  Capabilities: Switch IGMP 
Interface: TenGigabitEthernet1/0/17,  Port ID (outgoing port): TenGigabitEthernet1/0/1
Holdtime : 175 sec

Version :
Cisco IOS Software, C2960X Software (C2960X-UNIVERSALK9-M), Version 15.2(2)E5, RELEASE SOFTWARE (fc2)
Technical Support: http://www.cisco.com/techsupport
Copyright (c) 1986-2016 by Cisco Systems, Inc.
Compiled Thu 02-Jun-16 01:31 by prod_rel_team

advertisement version: 2
Protocol Hello:  OUI=0x00000C, Protocol ID=0x0112; payload len=27, value=00000000FFFFFFFF010225010000000000000038DF86E980FF0000
VTP Management Domain: ''
Native VLAN: 666
Duplex: full
Management address(es): 
  IP address: 172.29.10.26

-------------------------
Device ID: 5th_nt_sw02.mongeneral.com
Entry address(es): 
  IP address: 172.29.10.25
Platform: cisco WS-C2960X-48FPD-L,  Capabilities: Switch IGMP 
Interface: TenGigabitEthernet2/0/16,  Port ID (outgoing port): TenGigabitEthernet2/0/1
Holdtime : 157 sec

Version :
Cisco IOS Software, C2960X Software (C2960X-UNIVERSALK9-M), Version 15.2(2)E5, RELEASE SOFTWARE (fc2)
Technical Support: http://www.cisco.com/techsupport
Copyright (c) 1986-2016 by Cisco Systems, Inc.
Compiled Thu 02-Jun-16 01:31 by prod_rel_team

advertisement version: 2
Protocol Hello:  OUI=0x00000C, Protocol ID=0x0112; payload len=27, value=00000000FFFFFFFF010225010000000000000038DF0FAB00FF0000
VTP Management Domain: ''
Native VLAN: 666
Duplex: full
Management address(es): 
  IP address: 172.29.10.25

-------------------------
Device ID: 1st_st_sw01.mongeneral.com
Entry address(es): 
  IP address: 172.29.10.10
Platform: cisco WS-C2960X-48FPD-L,  Capabilities: Switch IGMP 
Interface: TenGigabitEthernet2/0/1,  Port ID (outgoing port): TenGigabitEthernet2/0/1
Holdtime : 131 sec

Version :
Cisco IOS Software, C2960X Software (C2960X-UNIVERSALK9-M), Version 15.2(2)E5, RELEASE SOFTWARE (fc2)
Technical Support: http://www.cisco.com/techsupport
Copyright (c) 1986-2016 by Cisco Systems, Inc.
Compiled Thu 02-Jun-16 01:31 by prod_rel_team

advertisement version: 2
Protocol Hello:  OUI=0x00000C, Protocol ID=0x0112; payload len=27, value=00000000FFFFFFFF010225010000000000000038DF86E780FF0000
VTP Management Domain: ''
Native VLAN: 666
Duplex: full
Management address(es): 
  IP address: 172.29.10.10

-------------------------
Device ID: 1st_st_sw01.mongeneral.com
Entry address(es): 
  IP address: 172.29.10.10
Platform: cisco WS-C2960X-48FPD-L,  Capabilities: Switch IGMP 
Interface: TenGigabitEthernet1/0/1,  Port ID (outgoing port): TenGigabitEthernet1/0/1
Holdtime : 144 sec

Version :
Cisco IOS Software, C2960X Software (C2960X-UNIVERSALK9-M), Version 15.2(2)E5, RELEASE SOFTWARE (fc2)
Technical Support: http://www.cisco.com/techsupport
Copyright (c) 1986-2016 by Cisco Systems, Inc.
Compiled Thu 02-Jun-16 01:31 by prod_rel_team

advertisement version: 2
Protocol Hello:  OUI=0x00000C, Protocol ID=0x0112; payload len=27, value=00000000FFFFFFFF010225010000000000000038DF86E780FF0000
VTP Management Domain: ''
Native VLAN: 666
Duplex: full
Management address(es): 
  IP address: 172.29.10.10

-------------------------
Device ID: 5th_st_sw01.mongeneral.com
Entry address(es): 
  IP address: 172.29.10.16
Platform: cisco WS-C2960X-48FPD-L,  Capabilities: Switch IGMP 
Interface: TenGigabitEthernet2/0/7,  Port ID (outgoing port): TenGigabitEthernet2/0/1
Holdtime : 150 sec

Version :
Cisco IOS Software, C2960X Software (C2960X-UNIVERSALK9-M), Version 15.2(2)E5, RELEASE SOFTWARE (fc2)
Technical Support: http://www.cisco.com/techsupport
Copyright (c) 1986-2016 by Cisco Systems, Inc.
Compiled Thu 02-Jun-16 01:31 by prod_rel_team

advertisement version: 2
Protocol Hello:  OUI=0x00000C, Protocol ID=0x0112; payload len=27, value=00000000FFFFFFFF010225010000000000000038DF8AC580FF0000
VTP Management Domain: ''
Native VLAN: 666
Duplex: full
Management address(es): 
  IP address: 172.29.10.16

-------------------------
Device ID: 5th_st_sw01.mongeneral.com
Entry address(es): 
  IP address: 172.29.10.16
Platform: cisco WS-C2960X-48FPD-L,  Capabilities: Switch IGMP 
Interface: TenGigabitEthernet1/0/7,  Port ID (outgoing port): TenGigabitEthernet1/0/1
Holdtime : 131 sec

Version :
Cisco IOS Software, C2960X Software (C2960X-UNIVERSALK9-M), Version 15.2(2)E5, RELEASE SOFTWARE (fc2)
Technical Support: http://www.cisco.com/techsupport
Copyright (c) 1986-2016 by Cisco Systems, Inc.
Compiled Thu 02-Jun-16 01:31 by prod_rel_team

advertisement version: 2
Protocol Hello:  OUI=0x00000C, Protocol ID=0x0112; payload len=27, value=00000000FFFFFFFF010225010000000000000038DF8AC580FF0000
VTP Management Domain: ''
Native VLAN: 666
Duplex: full
Management address(es): 
  IP address: 172.29.10.16

-------------------------
Device ID: 4th_st_sw01.mongeneral.com
Entry address(es): 
  IP address: 172.29.10.15
Platform: cisco WS-C2960X-48FPD-L,  Capabilities: Switch IGMP 
Interface: TenGigabitEthernet2/0/6,  Port ID (outgoing port): TenGigabitEthernet2/0/1
Holdtime : 143 sec

Version :
Cisco IOS Software, C2960X Software (C2960X-UNIVERSALK9-M), Version 15.2(2)E5, RELEASE SOFTWARE (fc2)
Technical Support: http://www.cisco.com/techsupport
Copyright (c) 1986-2016 by Cisco Systems, Inc.
Compiled Thu 02-Jun-16 01:31 by prod_rel_team

advertisement version: 2
Protocol Hello:  OUI=0x00000C, Protocol ID=0x0112; payload len=27, value=00000000FFFFFFFF010225010000000000000038DF876500FF0000
VTP Management Domain: ''
Native VLAN: 666
Duplex: full
Management address(es): 
  IP address: 172.29.10.15

-------------------------
Device ID: 4th_st_sw01.mongeneral.com
Entry address(es): 
  IP address: 172.29.10.15
Platform: cisco WS-C2960X-48FPD-L,  Capabilities: Switch IGMP 
Interface: TenGigabitEthernet1/0/6,  Port ID (outgoing port): TenGigabitEthernet1/0/1
Holdtime : 167 sec

Version :
Cisco IOS Software, C2960X Software (C2960X-UNIVERSALK9-M), Version 15.2(2)E5, RELEASE SOFTWARE (fc2)
Technical Support: http://www.cisco.com/techsupport
Copyright (c) 1986-2016 by Cisco Systems, Inc.
Compiled Thu 02-Jun-16 01:31 by prod_rel_team

advertisement version: 2
Protocol Hello:  OUI=0x00000C, Protocol ID=0x0112; payload len=27, value=00000000FFFFFFFF010225010000000000000038DF876500FF0000
VTP Management Domain: ''
Native VLAN: 666
Duplex: full
Management address(es): 
  IP address: 172.29.10.15

-------------------------
Device ID: 1st_nt_sw01.mongeneral.com
Entry address(es): 
  IP address: 172.29.10.17
Platform: cisco WS-C2960X-48FPD-L,  Capabilities: Switch IGMP 
Interface: TenGigabitEthernet2/0/8,  Port ID (outgoing port): TenGigabitEthernet2/0/1
Holdtime : 150 sec

Version :
Cisco IOS Software, C2960X Software (C2960X-UNIVERSALK9-M), Version 15.2(2)E5, RELEASE SOFTWARE (fc2)
Technical Support: http://www.cisco.com/techsupport
Copyright (c) 1986-2016 by Cisco Systems, Inc.
Compiled Thu 02-Jun-16 01:31 by prod_rel_team

advertisement version: 2
Protocol Hello:  OUI=0x00000C, Protocol ID=0x0112; payload len=27, value=00000000FFFFFFFF010225010000000000000038DF0FAA00FF0000
VTP Management Domain: ''
Native VLAN: 666
Duplex: full
Management address(es): 
  IP address: 172.29.10.17

-------------------------
Device ID: 1st_nt_sw01.mongeneral.com
Entry address(es): 
  IP address: 172.29.10.17
Platform: cisco WS-C2960X-48FPD-L,  Capabilities: Switch IGMP 
Interface: TenGigabitEthernet1/0/8,  Port ID (outgoing port): TenGigabitEthernet1/0/1
Holdtime : 170 sec

Version :
Cisco IOS Software, C2960X Software (C2960X-UNIVERSALK9-M), Version 15.2(2)E5, RELEASE SOFTWARE (fc2)
Technical Support: http://www.cisco.com/techsupport
Copyright (c) 1986-2016 by Cisco Systems, Inc.
Compiled Thu 02-Jun-16 01:31 by prod_rel_team

advertisement version: 2
Protocol Hello:  OUI=0x00000C, Protocol ID=0x0112; payload len=27, value=00000000FFFFFFFF010225010000000000000038DF0FAA00FF0000
VTP Management Domain: ''
Native VLAN: 666
Duplex: full
Management address(es): 
  IP address: 172.29.10.17

-------------------------
Device ID: 2nd_nt_sw01.mongeneral.com
Entry address(es): 
  IP address: 172.29.10.18
Platform: cisco WS-C2960X-24PS-L,  Capabilities: Switch IGMP 
Interface: TenGigabitEthernet2/0/9,  Port ID (outgoing port): TenGigabitEthernet2/0/1
Holdtime : 154 sec

Version :
Cisco IOS Software, C2960X Software (C2960X-UNIVERSALK9-M), Version 15.2(2)E5, RELEASE SOFTWARE (fc2)
Technical Support: http://www.cisco.com/techsupport
Copyright (c) 1986-2016 by Cisco Systems, Inc.
Compiled Thu 02-Jun-16 01:31 by prod_rel_team

advertisement version: 2
Protocol Hello:  OUI=0x00000C, Protocol ID=0x0112; payload len=27, value=00000000FFFFFFFF010225010000000000002C0BE9784300FF0000
VTP Management Domain: ''
Native VLAN: 666
Duplex: full
Management address(es): 
  IP address: 172.29.10.18

-------------------------
Device ID: 2nd_nt_sw01.mongeneral.com
Entry address(es): 
  IP address: 172.29.10.18
Platform: cisco WS-C2960X-24PS-L,  Capabilities: Switch IGMP 
Interface: TenGigabitEthernet1/0/9,  Port ID (outgoing port): TenGigabitEthernet1/0/1
Holdtime : 124 sec

Version :
Cisco IOS Software, C2960X Software (C2960X-UNIVERSALK9-M), Version 15.2(2)E5, RELEASE SOFTWARE (fc2)
Technical Support: http://www.cisco.com/techsupport
Copyright (c) 1986-2016 by Cisco Systems, Inc.
Compiled Thu 02-Jun-16 01:31 by prod_rel_team

advertisement version: 2
Protocol Hello:  OUI=0x00000C, Protocol ID=0x0112; payload len=27, value=00000000FFFFFFFF010225010000000000002C0BE9784300FF0000
VTP Management Domain: ''
Native VLAN: 666
Duplex: full
Management address(es): 
  IP address: 172.29.10.18

-------------------------
Device ID: 3rd_st_sw01.mongeneral.com
Entry address(es): 
  IP address: 172.29.10.13
Platform: cisco WS-C2960X-48FPD-L,  Capabilities: Switch IGMP 
Interface: TenGigabitEthernet2/0/4,  Port ID (outgoing port): TenGigabitEthernet2/0/1
Holdtime : 157 sec

Version :
Cisco IOS Software, C2960X Software (C2960X-UNIVERSALK9-M), Version 15.2(2)E5, RELEASE SOFTWARE (fc2)
Technical Support: http://www.cisco.com/techsupport
Copyright (c) 1986-2016 by Cisco Systems, Inc.
Compiled Thu 02-Jun-16 01:31 by prod_rel_team

advertisement version: 2
Protocol Hello:  OUI=0x00000C, Protocol ID=0x0112; payload len=27, value=00000000FFFFFFFF010225010000000000000038DF790280FF0000
VTP Management Domain: ''
Native VLAN: 666
Duplex: full
Management address(es): 
  IP address: 172.29.10.13

-------------------------
Device ID: 3rd_st_sw01.mongeneral.com
Entry address(es): 
  IP address: 172.29.10.13
Platform: cisco WS-C2960X-48FPD-L,  Capabilities: Switch IGMP 
Interface: TenGigabitEthernet1/0/4,  Port ID (outgoing port): TenGigabitEthernet1/0/1
Holdtime : 131 sec

Version :
Cisco IOS Software, C2960X Software (C2960X-UNIVERSALK9-M), Version 15.2(2)E5, RELEASE SOFTWARE (fc2)
Technical Support: http://www.cisco.com/techsupport
Copyright (c) 1986-2016 by Cisco Systems, Inc.
Compiled Thu 02-Jun-16 01:31 by prod_rel_team

advertisement version: 2
Protocol Hello:  OUI=0x00000C, Protocol ID=0x0112; payload len=27, value=00000000FFFFFFFF010225010000000000000038DF790280FF0000
VTP Management 
DEBUG:netmiko:read_channel: Domain: ''
Native VLAN: 666
Duplex: full
Management address(es): 
  IP address: 172.29.10.13

-------------------------
Device ID: 2nd_nt_sw03.mongeneral.com
Entry address(es): 
  IP address: 172.29.10.20
Platform: cisco WS-C2960X-48FPD-L,  Capabilities: Switch IGMP 
Interface: TenGigabitEthernet1/0/11,  Port ID (outgoing port): TenGigabitEthernet1/0/1
Holdtime : 174 sec

Version :
Cisco IOS Software, C2960X Software (C2960X-UNIVERSALK9-M), Version 15.2(2)E5, RELEASE SOFTWARE (fc2)
Technical Support: http://www.cisco.com/techsupport
Copyright (c) 1986-2016 by Cisco Systems, Inc.
Compiled Thu 02-Jun-16 01:31 by prod_rel_team

advertisement version: 2
Protocol Hello:  OUI=0x00000C, Protocol ID=0x0112; payload len=27, value=00000000FFFFFFFF010225010000000000000038DF0F4900FF0000
VTP Management Domain: ''
Native VLAN: 666
Duplex: full
Management address(es): 
  IP address: 172.29.10.20

-------------------------
Device ID: 2nd_nt_sw03.mongeneral.com
Entry address(es): 
  IP address: 172.29.10.20
Platform: cisco WS-C2960X-48FPD-L,  Capabilities: Switch IGMP 
Interface: TenGigabitEthernet2/0/11,  Port ID (outgoing port): TenGigabitEthernet2/0/1
Holdtime : 140 sec

Version :
Cisco IOS Software, C2960X Software (C2960X-UNIVERSALK9-M), Version 15.2(2)E5, RELEASE SOFTWARE (fc2)
Technical Support: http://www.cisco.com/techsupport
Copyright (c) 1986-2016 by Cisco Systems, Inc.
Compiled Thu 02-Jun-16 01:31 by prod_rel_team

advertisement version: 2
Protocol Hello:  OUI=0x00000C, Protocol ID=0x0112; payload len=27, value=00000000FFFFFFFF010225010000000000000038DF0F4900FF0000
VTP Management Domain: ''
Native VLAN: 666
Duplex: full
Management address(es): 
  IP address: 172.29.10.20

-------------------------
Device ID: 3rd_st_sw02.mongeneral.com
Entry address(es): 
  IP address: 172.29.10.14
Platform: cisco WS-C2960X-48FPD-L,  Capabilities: Switch IGMP 
Interface: TenGigabitEthernet1/0/5,  Port ID (outgoing port): TenGigabitEthernet1/0/1
Holdtime : 179 sec

Version :
Cisco IOS Software, C2960X Software (C2960X-UNIVERSALK9-M), Version 15.2(2)E6, RELEASE SOFTWARE (fc1)
Technical Support: http://www.cisco.com/techsupport
Copyright (c) 1986-2016 by Cisco Systems, Inc.
Compiled Fri 16-Dec-16 21:27 by prod_rel_team

advertisement version: 2
Protocol Hello:  OUI=0x00000C, Protocol ID=0x0112; payload len=27, value=00000000FFFFFFFF0102250100000000000000C1B1B8BC80FF0000
VTP Management Domain: ''
Native VLAN: 666
Duplex: full
Management address(es): 
  IP address: 172.29.10.14

-------------------------
Device ID: 2nd_nt_sw02.mongeneral.com
Entry address(es): 
  IP address: 172.29.10.19
Platform: cisco WS-C2960X-48FPD-L,  Capabilities: Switch IGMP 
Interface: TenGigabitEthernet2/0/10,  Port ID (outgoing port): TenGigabitEthernet2/0/1
Holdtime : 139 sec

Version :
Cisco IOS Software, C2960X Software (C2960X-UNIVERSALK9-M), Version 15.2(2)E5, RELEASE SOFTWARE (fc2)
Technical Support: http://www.cisco.com/techsupport
Copyright (c) 1986-2016 by Cisco Systems, Inc.
Compiled Thu 02-Jun-16 01:31 by prod_rel_team

advertisement version: 2
Protocol Hello:  OUI=0x00000C, Protocol ID=0x0112; payload len=27, value=00000000FFFFFFFF010225010000000000000038DF8ACD80FF0000
VTP Management Domain: ''
Native VLAN: 666
Duplex: full
Management address(es): 
  IP address: 172.29.10.19

-------------------------
Device ID: 3rd_st_sw02.mongeneral.com
Entry address(es): 
  IP address: 172.29.10.14
Platform: cisco WS-C2960X-48FPD-L,  Capabilities: Switch IGMP 
Interface: TenGigabitEthernet2/0/5,  Port ID (outgoing port): TenGigabitEthernet2/0/1
Holdtime : 162 sec

Version :
Cisco IOS Software, C2960X Software (C2960X-UNIVERSALK9-M), Version 15.2(2)E6, RELEASE SOFTWARE (fc1)
Technical Support: http://www.cisco.com/techsupport
Copyright (c) 1986-2016 by Cisco Systems, Inc.
Compiled Fri 16-Dec-16 21:27 by prod_rel_team

advertisement version: 2
Protocol Hello:  OUI=0x00000C, Protocol ID=0x0112; payload len=27, value=00000000FFFFFFFF0102250100000000000000C1B1B8BC80FF0000
VTP Management Domain: ''
Native VLAN: 666
Duplex: full
Management address(es): 
  IP address: 172.29.10.14

-------------------------
Device ID: 2nd_nt_sw02.mongeneral.com
Entry address(es): 
  IP address: 172.29.10.19
Platform: cisco WS-C2960X-48FPD-L,  Capabilities: Switch IGMP 
Interface: TenGigabitEthernet1/0/10,  Port ID (outgoing port): TenGigabitEthernet1/0/1
Holdtime : 157 sec

Version :
Cisco IOS Software, C2960X Software (C2960X-UNIVERSALK9-M), Version 15.2(2)E5, RELEASE SOFTWARE (fc2)
Technical Support: http://www.cisco.com/techsupport
Copyright (c) 1986-2016 by Cisco Systems, Inc.
Compiled Thu 02-Jun-16 01:31 by prod_rel_team

advertisement version: 2
Protocol Hello:  OUI=0x00000C, Protocol ID=0x0112; payload len=27, value=00000000FFFFFFFF010225010000000000000038DF8ACD80FF0000
VTP Management Domain: ''
Native VLAN: 666
Duplex: full
Management address(es): 
  IP address: 172.29.10.19

-------------------------
Device ID: MGH1A-CORE.mongeneral.com
Entry address(es): 
  IP address: 172.26.2.122
Platform: cisco WS-C4507R+E,  Capabilities: Switch IGMP 
Interface: TenGigabitEthernet2/0/24,  Port ID (outgoing port): TenGigabitEthernet4/1
Holdtime : 137 sec

Version :
Cisco IOS Software, Catalyst 4500 L3 Switch Software (cat4500e-IPBASEK9-M), Version 15.0(2)SG2, RELEASE SOFTWARE (fc3)
Technical Support: http://www.cisco.com/techsupport
Copyright (c) 1986-2011 by Cisco Systems, Inc.
Compiled Wed 07-Dec-11 20:20 by prod_rel_team

advertisement version: 2
VTP Management Domain: 'MonGen'
Native VLAN: 666
Duplex: full
Management address(es): 
  IP address: 172.26.2.122

-------------------------
Device ID: MGH1A-CORE.mongeneral.com
Entry address(es): 
  IP address: 172.26.2.122
Platform: cisco WS-C4507R+E,  Capabilities: Switch IGMP 
Interface: TenGigabitEthernet1/0/24,  Port ID (outgoing port): TenGigabitEthernet3/1
Holdtime : 137 sec

Version :
Cisco IOS Software, Catalyst 4500 L3 Switch Software (cat4500e-IPBASEK9-M), Version 15.0(2)SG2, RELEASE SOFTWARE (fc3)
Technical Support: http://www.cisco.com/techsupport
Copyright (c) 1986-2011 by Cisco Systems, Inc.
Compiled Wed 07-Dec-11 20:20 by prod_rel_team

advertisement version: 2
VTP Management Domain: 'MonGen'
Native VLAN: 666
Duplex: full
Management address(es): 
  IP address: 172.26.2.122


Total cdp entries displayed : 38
1ST_NT_MDF_SW01#
DEBUG:paramiko.transport:starting thread (client mode): 0x18d67e20
DEBUG:paramiko.transport:Local version/idstring: SSH-2.0-paramiko_2.7.1
DEBUG:paramiko.transport:Remote version/idstring: SSH-2.0-Cisco-1.25
INFO:paramiko.transport:Connected (version 2.0, client Cisco-1.25)
DEBUG:paramiko.transport:kex algos:['diffie-hellman-group-exchange-sha1', 'diffie-hellman-group14-sha1', 'diffie-hellman-group1-sha1'] server key:['ssh-rsa'] client encrypt:['aes128-ctr', 'aes192-ctr', 'aes256-ctr', 'aes128-cbc', '3des-cbc', 'aes192-cbc', 'aes256-cbc'] server encrypt:['aes128-ctr', 'aes192-ctr', 'aes256-ctr', 'aes128-cbc', '3des-cbc', 'aes192-cbc', 'aes256-cbc'] client mac:['hmac-sha1', 'hmac-sha1-96'] server mac:['hmac-sha1', 'hmac-sha1-96'] client compress:['none'] server compress:['none'] client lang:[''] server lang:[''] kex follows?False
DEBUG:paramiko.transport:Kex agreed: diffie-hellman-group-exchange-sha1
DEBUG:paramiko.transport:HostKey agreed: ssh-rsa
DEBUG:paramiko.transport:Cipher agreed: aes128-ctr
DEBUG:paramiko.transport:MAC agreed: hmac-sha1
DEBUG:paramiko.transport:Compression agreed: none
DEBUG:paramiko.transport:Got server p (2048 bits)
DEBUG:paramiko.transport:kex engine KexGex specified hash_algo <built-in function openssl_sha1>
DEBUG:paramiko.transport:Switch to new keys ...
DEBUG:paramiko.transport:Adding ssh-rsa host key for 1st_nt_mdf_sw01.mhs.org: b'dff1cc3dbc8e67a39efef4da8ecb0472'
DEBUG:paramiko.transport:userauth is OK
INFO:paramiko.transport:Authentication (password) successful!
DEBUG:paramiko.transport:[chan 0] Max packet in: 32768 bytes
DEBUG:paramiko.transport:[chan 0] Max packet out: 4096 bytes
DEBUG:paramiko.transport:Secsh channel 0 opened.
DEBUG:paramiko.transport:[chan 0] Sesch channel 0 request ok
DEBUG:paramiko.transport:[chan 0] Sesch channel 0 request ok
DEBUG:netmiko:read_channel: 
------------------------------------------------------------------------------------
WARNING:


This system is for the use of authorized clients only. Individuals using the
computer network system without authorization, or in excess of their authorization,
are subject to having all their activity on this computer network system monitored
and recorded by system personnel.  To protect the computer network system from
unauthorized use and to ensure the computer network system is functioning properly,
system administrators monitor this system.  Anyone using this computer network
system expressly consents to such monitoring and is advised that if such monitoring
reveals possible conduct of criminal activity, system personnel may provide the
evidence of such activity to law enforcement officers.

Access is restricted to authorized users only.

Unauthorized access is a violation of state and federal, civil and criminal laws.
------------------------------------------------------------------------------------
1ST_NT_MDF_SW01>
DEBUG:netmiko:read_channel: 
DEBUG:netmiko:read_channel: 
DEBUG:netmiko:read_channel: 
DEBUG:netmiko:write_channel: b'\n'
DEBUG:netmiko:read_channel: 
DEBUG:netmiko:read_channel: 
DEBUG:netmiko:write_channel: b'\n'
DEBUG:netmiko:read_channel: 
1ST_NT_MDF_SW01>
DEBUG:netmiko:read_channel: 
1ST_NT_MDF_SW01>
DEBUG:netmiko:Clear buffer detects data in the channel
DEBUG:netmiko:read_channel: 
DEBUG:netmiko:[find_prompt()]: prompt is 1ST_NT_MDF_SW01>
DEBUG:netmiko:read_channel: 
DEBUG:netmiko:In disable_paging
DEBUG:netmiko:Command: terminal length 0

DEBUG:netmiko:write_channel: b'terminal length 0\n'
DEBUG:netmiko:Pattern is: terminal\ length\ 0
DEBUG:netmiko:_read_channel_expect read_data: t
DEBUG:netmiko:_read_channel_expect read_data: e
DEBUG:netmiko:_read_channel_expect read_data: rm
DEBUG:netmiko:_read_channel_expect read_data: i
DEBUG:netmiko:_read_channel_expect read_data: na
DEBUG:netmiko:_read_channel_expect read_data: l 
DEBUG:netmiko:_read_channel_expect read_data: le
DEBUG:netmiko:_read_channel_expect read_data: ng
DEBUG:netmiko:_read_channel_expect read_data: th
DEBUG:netmiko:_read_channel_expect read_data:  0
DEBUG:netmiko:Pattern found: terminal\ length\ 0 terminal length 0
DEBUG:netmiko:terminal length 0
DEBUG:netmiko:Exiting disable_paging
DEBUG:netmiko:write_channel: b'terminal width 511\n'
DEBUG:netmiko:Pattern is: terminal\ width\ 511
DEBUG:netmiko:_read_channel_expect read_data: 

DEBUG:netmiko:_read_channel_expect read_data: 1ST_NT_MDF_SW01>
DEBUG:netmiko:_read_channel_expect read_data: t
DEBUG:netmiko:_read_channel_expect read_data: erm
DEBUG:netmiko:_read_channel_expect read_data: i
DEBUG:netmiko:_read_channel_expect read_data: na
DEBUG:netmiko:_read_channel_expect read_data: l 
DEBUG:netmiko:_read_channel_expect read_data: wi
DEBUG:netmiko:_read_channel_expect read_data: dt
DEBUG:netmiko:_read_channel_expect read_data: h 
DEBUG:netmiko:_read_channel_expect read_data: 51
DEBUG:netmiko:_read_channel_expect read_data: 1

DEBUG:netmiko:Pattern found: terminal\ width\ 511 
1ST_NT_MDF_SW01>terminal width 511

DEBUG:netmiko:read_channel: 1ST_NT_MDF_SW01>
DEBUG:netmiko:Clear buffer detects data in the channel
DEBUG:netmiko:read_channel: 
DEBUG:netmiko:write_channel: b'\n'
DEBUG:netmiko:Pattern is: 1ST_NT_MDF_SW01
DEBUG:netmiko:_read_channel_expect read_data: 

DEBUG:netmiko:_read_channel_expect read_data: 1ST_NT_MDF_SW01>
DEBUG:netmiko:Pattern found: 1ST_NT_MDF_SW01 
1ST_NT_MDF_SW01>
DEBUG:netmiko:write_channel: b'enable\n'
DEBUG:netmiko:Pattern is: (1ST_NT_MDF_SW01|ssword)
DEBUG:netmiko:_read_channel_expect read_data: e
DEBUG:netmiko:_read_channel_expect read_data: n
DEBUG:netmiko:_read_channel_expect read_data: abl
DEBUG:netmiko:_read_channel_expect read_data: e

DEBUG:netmiko:_read_channel_expect read_data: Password: 
DEBUG:netmiko:Pattern found: (1ST_NT_MDF_SW01|ssword) enable
Password: 
DEBUG:netmiko:write_channel: b'change-mgh\n'
DEBUG:netmiko:Pattern is: 1ST_NT_MDF_SW01
DEBUG:netmiko:_read_channel_expect read_data: 
1ST_NT_MDF_SW01#
DEBUG:netmiko:Pattern found: 1ST_NT_MDF_SW01 
1ST_NT_MDF_SW01#
DEBUG:netmiko:write_channel: b'\n'
DEBUG:netmiko:Pattern is: 1ST_NT_MDF_SW01
DEBUG:netmiko:_read_channel_expect read_data: 

DEBUG:netmiko:_read_channel_expect read_data: 1ST_NT_MDF_SW01#
DEBUG:netmiko:Pattern found: 1ST_NT_MDF_SW01 
1ST_NT_MDF_SW01#
DEBUG:netmiko:read_channel: 
DEBUG:netmiko:write_channel: b'\n'
DEBUG:netmiko:read_channel: 
DEBUG:netmiko:read_channel: 
DEBUG:netmiko:write_channel: b'\n'
DEBUG:netmiko:read_channel: 
1ST_NT_MDF_SW01#
DEBUG:netmiko:read_channel: 
1ST_NT_MDF_SW01#
DEBUG:netmiko:Clear buffer detects data in the channel
DEBUG:netmiko:read_channel: 
DEBUG:netmiko:[find_prompt()]: prompt is 1ST_NT_MDF_SW01#
DEBUG:netmiko:read_channel: 
DEBUG:netmiko:write_channel: b'sh cdp neighbors detail\n'
DEBUG:netmiko:Pattern is: sh\ cdp\ neighbors\ detail
DEBUG:netmiko:_read_channel_expect read_data: s
DEBUG:netmiko:_read_channel_expect read_data: h
DEBUG:netmiko:_read_channel_expect read_data:  c
DEBUG:netmiko:_read_channel_expect read_data: dp
DEBUG:netmiko:_read_channel_expect read_data:  n
DEBUG:netmiko:_read_channel_expect read_data: ei
DEBUG:netmiko:_read_channel_expect read_data: gh
DEBUG:netmiko:_read_channel_expect read_data: bo
DEBUG:netmiko:_read_channel_expect read_data: r
DEBUG:netmiko:_read_channel_expect read_data: s 
DEBUG:netmiko:_read_channel_expect read_data: de
DEBUG:netmiko:_read_channel_expect read_data: ta
DEBUG:netmiko:_read_channel_expect read_data: il
DEBUG:netmiko:Pattern found: sh\ cdp\ neighbors\ detail sh cdp neighbors detail
DEBUG:netmiko:read_channel: 
-------------------------
Device ID: 3rd_nt_sw01.mongeneral.com
Entry address(es): 
  IP address: 172.29.10.21
Platform: cisco WS-C2960X-48FPD-L,  Capabilities: Switch IGMP 
Interface: TenGigabitEthernet2/0/12,  Port ID (outgoing port): TenGigabitEthernet2/0/1
Holdtime : 149 sec

Version :
Cisco IOS Software, C2960X Software (C2960X-UNIVERSALK9-M), Version 15.2(2)E5, RELEASE SOFTWARE (fc2)
Technical Support: http://www.cisco.com/techsupport
Copyright (c) 1986-2016 by Cisco Systems, Inc.
Compiled Thu 02-Jun-16 01:31 by prod_rel_team

advertisement version: 2
Protocol Hello:  OUI=0x00000C, Protocol ID=0x0112; payload len=27, value=00000000FFFFFFFF010225010000000000000038DF86BA00FF0000
VTP Management Domain: ''
Native VLAN: 666
Duplex: full
Management address(es): 
  IP address: 172.29.10.21

-------------------------
Device ID: 3rd_nt_sw01.mongeneral.com
Entry address(es): 
  IP address: 172.29.10.21
Platform: cisco WS-C2960X-48FPD-L,  Capabilities: Switch IGMP 
Interface: TenGigabitEthernet1/0/12,  Port ID (outgoing port): TenGigabitEthernet1/0/1
Holdtime : 133 sec

Version :
Cisco IOS Software, C2960X Software (C2960X-UNIVERSALK9-M), Version 15.2(2)E5, RELEASE SOFTWARE (fc2)
Technical Support: http://www.cisco.com/techsupport
Copyright (c) 1986-2016 by Cisco Systems, Inc.
Compiled Thu 02-Jun-16 01:31 by prod_rel_team

advertisement version: 2
Protocol Hello:  OUI=0x00000C, Protocol ID=0x0112; payload len=27, value=00000000FFFFFFFF010225010000000000000038DF86BA00FF0000
VTP Management Domain: ''
Native VLAN: 666
Duplex: full
Management address(es): 
  IP address: 172.29.10.21

-------------------------
Device ID: 2nd_st_sw01.mongeneral.com
Entry address(es): 
  IP address: 172.29.10.12
Platform: cisco WS-C2960X-48FPD-L,  Capabilities: Switch IGMP 
Interface: TenGigabitEthernet2/0/3,  Port ID (outgoing port): TenGigabitEthernet2/0/1
Holdtime : 131 sec

Version :
Cisco IOS Software, C2960X Software (C2960X-UNIVERSALK9-M), Version 15.2(2)E5, RELEASE SOFTWARE (fc2)
Technical Support: http://www.cisco.com/techsupport
Copyright (c) 1986-2016 by Cisco Systems, Inc.
Compiled Thu 02-Jun-16 01:31 by prod_rel_team

advertisement version: 2
Protocol Hello:  OUI=0x00000C, Protocol ID=0x0112; payload len=27, value=00000000FFFFFFFF010225010000000000000038DF751E00FF0000
VTP Management Domain: ''
Native VLAN: 666
Duplex: full
Management address(es): 
  IP address: 172.29.10.12

-------------------------
Device ID: 2nd_st_sw01.mongeneral.com
Entry address(es): 
  IP address: 172.29.10.12
Platform: cisco WS-C2960X-48FPD-L,  Capabilities: Switch IGMP 
Interface: TenGigabitEthernet1/0/3,  Port ID (outgoing port): TenGigabitEthernet1/0/1
Holdtime : 124 sec

Version :
Cisco IOS Software, C2960X Software (C2960X-UNIVERSALK9-M), Version 15.2(2)E5, RELEASE SOFTWARE (fc2)
Technical Support: http://www.cisco.com/techsupport
Copyright (c) 1986-2016 by Cisco Systems, Inc.
Compiled Thu 02-Jun-16 01:31 by prod_rel_team

advertisement version: 2
Protocol Hello:  OUI=0x00000C, Protocol ID=0x0112; payload len=27, value=00000000FFFFFFFF010225010000000000000038DF751E00FF0000
VTP Management Domain: ''
Native VLAN: 666
Duplex: full
Management address(es): 
  IP address: 172.29.10.12

-------------------------
Device ID: 3rd_nt_sw02.mongeneral.com
Entry address(es): 
  IP address: 172.29.10.22
Platform: cisco WS-C2960X-48FPD-L,  Capabilities: Switch IGMP 
Interface: TenGigabitEthernet1/0/13,  Port ID (outgoing port): TenGigabitEthernet1/0/1
Holdtime : 145 sec

Version :
Cisco IOS Software, C2960X Software (C2960X-UNIVERSALK9-M), Version 15.2(2)E5, RELEASE SOFTWARE (fc2)
Technical Support: http://www.cisco.com/techsupport
Copyright (c) 1986-2016 by Cisco Systems, Inc.
Compiled Thu 02-Jun-16 01:31 by prod_rel_team

advertisement version: 2
Protocol Hello:  OUI=0x00000C, Protocol ID=0x0112; payload len=27, value=00000000FFFFFFFF010225010000000000000038DF0F6A00FF0000
VTP Management Domain: ''
Native VLAN: 666
Duplex: full
Management address(es): 
  IP address: 172.29.10.22

-------------------------
Device ID: 3rd_nt_sw02.mongeneral.com
Entry address(es): 
  IP address: 172.29.10.22
Platform: cisco WS-C2960X-48FPD-L,  Capabilities: Switch IGMP 
Interface: TenGigabitEthernet2/0/13,  Port ID (outgoing port): TenGigabitEthernet2/0/1
Holdtime : 146 sec

Version :
Cisco IOS Software, C2960X Software (C2960X-UNIVERSALK9-M), Version 15.2(2)E5, RELEASE SOFTWARE (fc2)
Technical Support: http://www.cisco.com/techsupport
Copyright (c) 1986-2016 by Cisco Systems, Inc.
Compiled Thu 02-Jun-16 01:31 by prod_rel_team

advertisement version: 2
Protocol Hello:  OUI=0x00000C, Protocol ID=0x0112; payload len=27, value=00000000FFFFFFFF010225010000000000000038DF0F6A00FF0000
VTP Management Domain: ''
Native VLAN: 666
Duplex: full
Management address(es): 
  IP address: 172.29.10.22

-------------------------
Device ID: 1st_conf_sw01.mongeneral.com
Entry address(es): 
  IP address: 172.29.10.28
Platform: cisco WS-C2960X-48FPD-L,  Capabilities: Switch IGMP 
Interface: TenGigabitEthernet2/0/18,  Port ID (outgoing port): TenGigabitEthernet1/0/2
Holdtime : 157 sec

Version :
Cisco IOS Software, C2960X Software (C2960X-UNIVERSALK9-M), Version 15.2(2)E5, RELEASE SOFTWARE (fc2)
Technical Support: http://www.cisco.com/techsupport
Copyright (c) 1986-2016 by Cisco Systems, Inc.
Compiled Thu 02-Jun-16 01:31 by prod_rel_team

advertisement version: 2
Protocol Hello:  OUI=0x00000C, Protocol ID=0x0112; payload len=27, value=00000000FFFFFFFF010225010000000000000038DF8AB680FF0000
VTP Management Domain: ''
Native VLAN: 666
Duplex: full
Management address(es): 
  IP address: 172.29.10.28

-------------------------
Device ID: 4th_nt_sw01.mongeneral.com
Entry address(es): 
  IP address: 172.29.10.23
Platform: cisco WS-C2960X-48FPD-L,  Capabilities: Switch IGMP 
Interface: TenGigabitEthernet1/0/14,  Port ID (outgoing port): TenGigabitEthernet1/0/1
Holdtime : 154 sec

Version :
Cisco IOS Software, C2960X Software (C2960X-UNIVERSALK9-M), Version 15.2(2)E5, RELEASE SOFTWARE (fc2)
Technical Support: http://www.cisco.com/techsupport
Copyright (c) 1986-2016 by Cisco Systems, Inc.
Compiled Thu 02-Jun-16 01:31 by prod_rel_team

advertisement version: 2
Protocol Hello:  OUI=0x00000C, Protocol ID=0x0112; payload len=27, value=00000000FFFFFFFF010225010000000000000038DF875E00FF0000
VTP Management Domain: ''
Native VLAN: 666
Duplex: full
Management address(es): 
  IP address: 172.29.10.23

-------------------------
Device ID: 4th_nt_sw01.mongeneral.com
Entry address(es): 
  IP address: 172.29.10.23
Platform: cisco WS-C2960X-48FPD-L,  Capabilities: Switch IGMP 
Interface: TenGigabitEthernet2/0/14,  Port ID (outgoing port): TenGigabitEthernet2/0/1
Holdtime : 129 sec

Version :
Cisco IOS Software, C2960X Software (C2960X-UNIVERSALK9-M), Version 15.2(2)E5, RELEASE SOFTWARE (fc2)
Technical Support: http://www.cisco.com/techsupport
Copyright (c) 1986-2016 by Cisco Systems, Inc.
Compiled Thu 02-Jun-16 01:31 by prod_rel_team

advertisement version: 2
Protocol Hello:  OUI=0x00000C, Protocol ID=0x0112; payload len=27, value=00000000FFFFFFFF010225010000000000000038DF875E00FF0000
VTP Management Domain: ''
Native VLAN: 666
Duplex: full
Management address(es): 
  IP address: 172.29.10.23

-------------------------
Device ID: 1st_conf_sw01.mongeneral.com
Entry address(es): 
  IP address: 172.29.10.28
Platform: cisco WS-C2960X-48FPD-L,  Capabilities: Switch IGMP 
Interface: TenGigabitEthernet1/0/18,  Port ID (outgoing port): TenGigabitEthernet1/0/1
Holdtime : 154 sec

Version :
Cisco IOS Software, C2960X Software (C2960X-UNIVERSALK9-M), Version 15.2(2)E5, RELEASE SOFTWARE (fc2)
Technical Support: http://www.cisco.com/techsupport
Copyright (c) 1986-2016 by Cisco Systems, Inc.
Compiled Thu 02-Jun-16 01:31 by prod_rel_team

advertisement version: 2
Protocol Hello:  OUI=0x00000C, Protocol ID=0x0112; payload len=27, value=00000000FFFFFFFF010225010000000000000038DF8AB680FF0000
VTP Management Domain: ''
Native VLAN: 666
Duplex: full
Management address(es): 
  IP address: 172.29.10.28

-------------------------
Device ID: 1st_st_sw02.mongeneral.com
Entry address(es): 
  IP address: 172.29.10.11
Platform: cisco WS-C2960X-48FPD-L,  Capabilities: Switch IGMP 
Interface: TenGigabitEthernet2/0/2,  Port ID (outgoing port): TenGigabitEthernet2/0/1
Holdtime : 131 sec

Version :
Cisco IOS Software, C2960X Software (C2960X-UNIVERSALK9-M), Version 15.2(2)E5, RELEASE SOFTWARE (fc2)
Technical Support: http://www.cisco.com/techsupport
Copyright (c) 1986-2016 by Cisco Systems, Inc.
Compiled Thu 02-Jun-16 01:31 by prod_rel_team

advertisement version: 2
Protocol Hello:  OUI=0x00000C, Protocol ID=0x0112; payload len=27, value=00000000FFFFFFFF010225010000000000000038DF790600FF0000
VTP Management Domain: ''
Native VLAN: 666
Duplex: full
Management address(es): 
  IP address: 172.29.10.11

-------------------------
Device ID: 1st_st_sw02.mongeneral.com
Entry address(es): 
  IP address: 172.29.10.11
Platform: cisco WS-C2960X-48FPD-L,  Capabilities: Switch IGMP 
Interface: TenGigabitEthernet1/0/2,  Port ID (outgoing port): TenGigabitEthernet1/0/1
Holdtime : 127 sec

Version :
Cisco IOS Software, C2960X Software (C2960X-UNIVERSALK9-M), Version 15.2(2)E5, RELEASE SOFTWARE (fc2)
Technical Support: http://www.cisco.com/techsupport
Copyright (c) 1986-2016 by Cisco Systems, Inc.
Compiled Thu 02-Jun-16 01:31 by prod_rel_team

advertisement version: 2
Protocol Hello:  OUI=0x00000C, Protocol ID=0x0112; payload len=27, value=00000000FFFFFFFF010225010000000000000038DF790600FF0000
VTP Management Domain: ''
Native VLAN: 666
Duplex: full
Management address(es): 
  IP address: 172.29.10.11

-------------------------
Device ID: 5th_nt_sw01.mongeneral.com
Entry address(es): 
  IP address: 172.29.10.24
Platform: cisco WS-C2960X-48FPD-L,  Capabilities: Switch IGMP 
Interface: TenGigabitEthernet2/0/15,  Port ID (outgoing port): TenGigabitEthernet2/0/1
Holdtime : 131 sec

Version :
Cisco IOS Software, C2960X Software (C2960X-UNIVERSALK9-M), Version 15.2(2)E5, RELEASE SOFTWARE (fc2)
Technical Support: http://www.cisco.com/techsupport
Copyright (c) 1986-2016 by Cisco Systems, Inc.
Compiled Thu 02-Jun-16 01:31 by prod_rel_team

advertisement version: 2
Protocol Hello:  OUI=0x00000C, Protocol ID=0x0112; payload len=27, value=00000000FFFFFFFF010225010000000000000038DF8AE080FF0000
VTP Management Domain: ''
Native VLAN: 666
Duplex: full
Management address(es): 
  IP address: 172.29.10.24

-------------------------
Device ID: 5th_nt_sw01.mongeneral.com
Entry address(es): 
  IP address: 172.29.10.24
Platform: cisco WS-C2960X-48FPD-L,  Capabilities: Switch IGMP 
Interface: TenGigabitEthernet1/0/15,  Port ID (outgoing port): TenGigabitEthernet1/0/1
Holdtime : 146 sec

Version :
Cisco IOS Software, C2960X Software (C2960X-UNIVERSALK9-M), Version 15.2(2)E5, RELEASE SOFTWARE (fc2)
Technical Support: http://www.cisco.com/techsupport
Copyright (c) 1986-2016 by Cisco Systems, Inc.
Compiled Thu 02-Jun-16 01:31 by prod_rel_team

advertisement version: 2
Protocol Hello:  OUI=0x00000C, Protocol ID=0x0112; payload len=27, value=00000000FFFFFFFF010225010000000000000038DF8AE080FF0000
VTP Management Domain: ''
Native VLAN: 666
Duplex: full
Management address(es): 
  IP address: 172.29.10.24

-------------------------
Device ID: 6th_nt_sw01.mongeneral.com
Entry address(es): 
  IP address: 172.29.10.26
Platform: cisco WS-C2960X-48FPD-L,  Capabilities: Switch IGMP 
Interface: TenGigabitEthernet2/0/17,  Port ID (outgoing port): TenGigabitEthernet2/0/2
Holdtime : 175 sec

Version :
Cisco IOS Software, C2960X Software (C2960X-UNIVERSALK9-M), Version 15.2(2)E5, RELEASE SOFTWARE (fc2)
Technical Support: http://www.cisco.com/techsupport
Copyright (c) 1986-2016 by Cisco Systems, Inc.
Compiled Thu 02-Jun-16 01:31 by prod_rel_team

advertisement version: 2
Protocol Hello:  OUI=0x00000C, Protocol ID=0x0112; payload len=27, value=00000000FFFFFFFF010225010000000000000038DF86E980FF0000
VTP Management Domain: ''
Native VLAN: 666
Duplex: full
Management address(es): 
  IP address: 172.29.10.26

-------------------------
Device ID: 5th_nt_sw02.mongeneral.com
Entry address(es): 
  IP address: 172.29.10.25
Platform: cisco WS-C2960X-48FPD-L,  Capabilities: Switch IGMP 
Interface: TenGigabitEthernet1/0/16,  Port ID (outgoing port): TenGigabitEthernet1/0/1
Holdtime : 122 sec

Version :
Cisco IOS Software, C2960X Software (C2960X-UNIVERSALK9-M), Version 15.2(2)E5, RELEASE SOFTWARE (fc2)
Technical Support: http://www.cisco.com/techsupport
Copyright (c) 1986-2016 by Cisco Systems, Inc.
Compiled Thu 02-Jun-16 01:31 by prod_rel_team

advertisement version: 2
Protocol Hello:  OUI=0x00000C, Protocol ID=0x0112; payload len=27, value=00000000FFFFFFFF010225010000000000000038DF0FAB00FF0000
VTP Management Domain: ''
Native VLAN: 666
Duplex: full
Management address(es): 
  IP address: 172.29.10.25

-------------------------
Device ID: 6th_nt_sw01.mongeneral.com
Entry address(es): 
  IP address: 172.29.10.26
Platform: cisco WS-C2960X-48FPD-L,  Capabilities: Switch IGMP 
Interface: TenGigabitEthernet1/0/17,  Port ID (outgoing port): TenGigabitEthernet1/0/1
Holdtime : 176 sec

Version :
Cisco IOS Software, C2960X Software (C2960X-UNIVERSALK9-M), Version 15.2(2)E5, RELEASE SOFTWARE (fc2)
Technical Support: http://www.cisco.com/techsupport
Copyright (c) 1986-2016 by Cisco Systems, Inc.
Compiled Thu 02-Jun-16 01:31 by prod_rel_team

advertisement version: 2
Protocol Hello:  OUI=0x00000C, Protocol ID=0x0112; payload len=27, value=00000000FFFFFFFF010225010000000000000038DF86E980FF0000
VTP Management Domain: ''
Native VLAN: 666
Duplex: full
Management address(es): 
  IP address: 172.29.10.26

-------------------------
Device ID: 5th_nt_sw02.mongeneral.com
Entry address(es): 
  IP address: 172.29.10.25
Platform: cisco WS-C2960X-48FPD-L,  Capabilities: Switch IGMP 
Interface: TenGigabitEthernet2/0/16,  Port ID (outgoing port): TenGigabitEthernet2/0/1
Holdtime : 157 sec

Version :
Cisco IOS Software, C2960X Software (C2960X-UNIVERSALK9-M), Version 15.2(2)E5, RELEASE SOFTWARE (fc2)
Technical Support: http://www.cisco.com/techsupport
Copyright (c) 1986-2016 by Cisco Systems, Inc.
Compiled Thu 02-Jun-16 01:31 by prod_rel_team

advertisement version: 2
Protocol Hello:  OUI=0x00000C, Protocol ID=0x0112; payload len=27, value=00000000FFFFFFFF010225010000000000000038DF0FAB00FF0000
VTP Management Domain: ''
Native VLAN: 666
Duplex: full
Management address(es): 
  IP address: 172.29.10.25

-------------------------
Device ID: 1st_st_sw01.mongeneral.com
Entry address(es): 
  IP address: 172.29.10.10
Platform: cisco WS-C2960X-48FPD-L,  Capabilities: Switch IGMP 
Interface: TenGigabitEthernet2/0/1,  Port ID (outgoing port): TenGigabitEthernet2/0/1
Holdtime : 128 sec

Version :
Cisco IOS Software, C2960X Software (C2960X-UNIVERSALK9-M), Version 15.2(2)E5, RELEASE SOFTWARE (fc2)
Technical Support: http://www.cisco.com/techsupport
Copyright (c) 1986-2016 by Cisco Systems, Inc.
Compiled Thu 02-Jun-16 01:31 by prod_rel_team

advertisement version: 2
Protocol Hello:  OUI=0x00000C, Protocol ID=0x0112; payload len=27, value=00000000FFFFFFFF010225010000000000000038DF86E780FF0000
VTP Management Domain: ''
Native VLAN: 666
Duplex: full
Management address(es): 
  IP address: 172.29.10.10

-------------------------
Device ID: 1st_st_sw01.mongeneral.com
Entry address(es): 
  IP address: 172.29.10.10
Platform: cisco WS-C2960X-48FPD-L,  Capabilities: Switch IGMP 
Interface: TenGigabitEthernet1/0/1,  Port ID (outgoing port): TenGigabitEthernet1/0/1
Holdtime : 149 sec

Version :
Cisco IOS Software, C2960X Software (C2960X-UNIVERSALK9-M), Version 15.2(2)E5, RELEASE SOFTWARE (fc2)
Technical Support: http://www.cisco.com/techsupport
Copyright (c) 1986-2016 by Cisco Systems, Inc.
Compiled Thu 02-Jun-16 01:31 by prod_rel_team

advertisement version: 2
Protocol Hello:  OUI=0x00000C, Protocol ID=0x0112; payload len=27, value=00000000FFFFFFFF010225010000000000000038DF86E780FF0000
VTP Management Domain: ''
Native VLAN: 6
DEBUG:netmiko:read_channel: 66
Duplex: full
Management address(es): 
  IP address: 172.29.10.10

-------------------------
Device ID: 5th_st_sw01.mongeneral.com
Entry address(es): 
  IP address: 172.29.10.16
Platform: cisco WS-C2960X-48FPD-L,  Capabilities: Switch IGMP 
Interface: TenGigabitEthernet2/0/7,  Port ID (outgoing port): TenGigabitEthernet2/0/1
Holdtime : 127 sec

Version :
Cisco IOS Software, C2960X Software (C2960X-UNIVERSALK9-M), Version 15.2(2)E5, RELEASE SOFTWARE (fc2)
Technical Support: http://www.cisco.com/techsupport
Copyright (c) 1986-2016 by Cisco Systems, Inc.
Compiled Thu 02-Jun-16 01:31 by prod_rel_team

advertisement version: 2
Protocol Hello:  OUI=0x00000C, Protocol ID=0x0112; payload len=27, value=00000000FFFFFFFF010225010000000000000038DF8AC580FF0000
VTP Management Domain: ''
Native VLAN: 666
Duplex: full
Management address(es): 
  IP address: 172.29.10.16

-------------------------
Device ID: 5th_st_sw01.mongeneral.com
Entry address(es): 
  IP address: 172.29.10.16
Platform: cisco WS-C2960X-48FPD-L,  Capabilities: Switch IGMP 
Interface: TenGigabitEthernet1/0/7,  Port ID (outgoing port): TenGigabitEthernet1/0/1
Holdtime : 165 sec

Version :
Cisco IOS Software, C2960X Software (C2960X-UNIVERSALK9-M), Version 15.2(2)E5, RELEASE SOFTWARE (fc2)
Technical Support: http://www.cisco.com/techsupport
Copyright (c) 1986-2016 by Cisco Systems, Inc.
Compiled Thu 02-Jun-16 01:31 by prod_rel_team

advertisement version: 2
Protocol Hello:  OUI=0x00000C, Protocol ID=0x0112; payload len=27, value=00000000FFFFFFFF010225010000000000000038DF8AC580FF0000
VTP Management Domain: ''
Native VLAN: 666
Duplex: full
Management address(es): 
  IP address: 172.29.10.16

-------------------------
Device ID: 4th_st_sw01.mongeneral.com
Entry address(es): 
  IP address: 172.29.10.15
Platform: cisco WS-C2960X-48FPD-L,  Capabilities: Switch IGMP 
Interface: TenGigabitEthernet2/0/6,  Port ID (outgoing port): TenGigabitEthernet2/0/1
Holdtime : 144 sec

Version :
Cisco IOS Software, C2960X Software (C2960X-UNIVERSALK9-M), Version 15.2(2)E5, RELEASE SOFTWARE (fc2)
Technical Support: http://www.cisco.com/techsupport
Copyright (c) 1986-2016 by Cisco Systems, Inc.
Compiled Thu 02-Jun-16 01:31 by prod_rel_team

advertisement version: 2
Protocol Hello:  OUI=0x00000C, Protocol ID=0x0112; payload len=27, value=00000000FFFFFFFF010225010000000000000038DF876500FF0000
VTP Management Domain: ''
Native VLAN: 666
Duplex: full
Management address(es): 
  IP address: 172.29.10.15

-------------------------
Device ID: 4th_st_sw01.mongeneral.com
Entry address(es): 
  IP address: 172.29.10.15
Platform: cisco WS-C2960X-48FPD-L,  Capabilities: Switch IGMP 
Interface: TenGigabitEthernet1/0/6,  Port ID (outgoing port): TenGigabitEthernet1/0/1
Holdtime : 159 sec

Version :
Cisco IOS Software, C2960X Software (C2960X-UNIVERSALK9-M), Version 15.2(2)E5, RELEASE SOFTWARE (fc2)
Technical Support: http://www.cisco.com/techsupport
Copyright (c) 1986-2016 by Cisco Systems, Inc.
Compiled Thu 02-Jun-16 01:31 by prod_rel_team

advertisement version: 2
Protocol Hello:  OUI=0x00000C, Protocol ID=0x0112; payload len=27, value=00000000FFFFFFFF010225010000000000000038DF876500FF0000
VTP Management Domain: ''
Native VLAN: 666
Duplex: full
Management address(es): 
  IP address: 172.29.10.15

-------------------------
Device ID: 1st_nt_sw01.mongeneral.com
Entry address(es): 
  IP address: 172.29.10.17
Platform: cisco WS-C2960X-48FPD-L,  Capabilities: Switch IGMP 
Interface: TenGigabitEthernet2/0/8,  Port ID (outgoing port): TenGigabitEthernet2/0/1
Holdtime : 153 sec

Version :
Cisco IOS Software, C2960X Software (C2960X-UNIVERSALK9-M), Version 15.2(2)E5, RELEASE SOFTWARE (fc2)
Technical Support: http://www.cisco.com/techsupport
Copyright (c) 1986-2016 by Cisco Systems, Inc.
Compiled Thu 02-Jun-16 01:31 by prod_rel_team

advertisement version: 2
Protocol Hello:  OUI=0x00000C, Protocol ID=0x0112; payload len=27, value=00000000FFFFFFFF010225010000000000000038DF0FAA00FF0000
VTP Management Domain: ''
Native VLAN: 666
Duplex: full
Management address(es): 
  IP address: 172.29.10.17

-------------------------
Device ID: 1st_nt_sw01.mongeneral.com
Entry address(es): 
  IP address: 172.29.10.17
Platform: cisco WS-C2960X-48FPD-L,  Capabilities: Switch IGMP 
Interface: TenGigabitEthernet1/0/8,  Port ID (outgoing port): TenGigabitEthernet1/0/1
Holdtime : 176 sec

Version :
Cisco IOS Software, C2960X Software (C2960X-UNIVERSALK9-M), Version 15.2(2)E5, RELEASE SOFTWARE (fc2)
Technical Support: http://www.cisco.com/techsupport
Copyright (c) 1986-2016 by Cisco Systems, Inc.
Compiled Thu 02-Jun-16 01:31 by prod_rel_team

advertisement version: 2
Protocol Hello:  OUI=0x00000C, Protocol ID=0x0112; payload len=27, value=00000000FFFFFFFF010225010000000000000038DF0FAA00FF0000
VTP Management Domain: ''
Native VLAN: 666
Duplex: full
Management address(es): 
  IP address: 172.29.10.17

-------------------------
Device ID: 2nd_nt_sw01.mongeneral.com
Entry address(es): 
  IP address: 172.29.10.18
Platform: cisco WS-C2960X-24PS-L,  Capabilities: Switch IGMP 
Interface: TenGigabitEthernet2/0/9,  Port ID (outgoing port): TenGigabitEthernet2/0/1
Holdtime : 131 sec

Version :
Cisco IOS Software, C2960X Software (C2960X-UNIVERSALK9-M), Version 15.2(2)E5, RELEASE SOFTWARE (fc2)
Technical Support: http://www.cisco.com/techsupport
Copyright (c) 1986-2016 by Cisco Systems, Inc.
Compiled Thu 02-Jun-16 01:31 by prod_rel_team

advertisement version: 2
Protocol Hello:  OUI=0x00000C, Protocol ID=0x0112; payload len=27, value=00000000FFFFFFFF010225010000000000002C0BE9784300FF0000
VTP Management Domain: ''
Native VLAN: 666
Duplex: full
Management address(es): 
  IP address: 172.29.10.18

-------------------------
Device ID: 2nd_nt_sw01.mongeneral.com
Entry address(es): 
  IP address: 172.29.10.18
Platform: cisco WS-C2960X-24PS-L,  Capabilities: Switch IGMP 
Interface: TenGigabitEthernet1/0/9,  Port ID (outgoing port): TenGigabitEthernet1/0/1
Holdtime : 134 sec

Version :
Cisco IOS Software, C2960X Software (C2960X-UNIVERSALK9-M), Version 15.2(2)E5, RELEASE SOFTWARE (fc2)
Technical Support: http://www.cisco.com/techsupport
Copyright (c) 1986-2016 by Cisco Systems, Inc.
Compiled Thu 02-Jun-16 01:31 by prod_rel_team

advertisement version: 2
Protocol Hello:  OUI=0x00000C, Protocol ID=0x0112; payload len=27, value=00000000FFFFFFFF010225010000000000002C0BE9784300FF0000
VTP Management Domain: ''
Native VLAN: 666
Duplex: full
Management address(es): 
  IP address: 172.29.10.18

-------------------------
Device ID: 3rd_st_sw01.mongeneral.com
Entry address(es): 
  IP address: 172.29.10.13
Platform: cisco WS-C2960X-48FPD-L,  Capabilities: Switch IGMP 
Interface: TenGigabitEthernet2/0/4,  Port ID (outgoing port): TenGigabitEthernet2/0/1
Holdtime : 161 sec

Version :
Cisco IOS Software, C2960X Software (C2960X-UNIVERSALK9-M), Version 15.2(2)E5, RELEASE SOFTWARE (fc2)
Technical Support: http://www.cisco.com/techsupport
Copyright (c) 1986-2016 by Cisco Systems, Inc.
Compiled Thu 02-Jun-16 01:31 by prod_rel_team

advertisement version: 2
Protocol Hello:  OUI=0x00000C, Protocol ID=0x0112; payload len=27, value=00000000FFFFFFFF010225010000000000000038DF790280FF0000
VTP Management Domain: ''
Native VLAN: 666
Duplex: full
Management address(es): 
  IP address: 172.29.10.13

-------------------------
Device ID: 3rd_st_sw01.mongeneral.com
Entry address(es): 
  IP address: 172.29.10.13
Platform: cisco WS-C2960X-48FPD-L,  Capabilities: Switch IGMP 
Interface: TenGigabitEthernet1/0/4,  Port ID (outgoing port): TenGigabitEthernet1/0/1
Holdtime : 176 sec

Version :
Cisco IOS Software, C2960X Software (C2960X-UNIVERSALK9-M), Version 15.2(2)E5, RELEASE SOFTWARE (fc2)
Technical Support: http://www.cisco.com/techsupport
Copyright (c) 1986-2016 by Cisco Systems, Inc.
Compiled Thu 02-Jun-16 01:31 by prod_rel_team

advertisement version: 2
Protocol Hello:  OUI=0x00000C, Protocol ID=0x0112; payload len=27, value=00000000FFFFFFFF010225010000000000000038DF790280FF0000
VTP Management Domain: ''
Native VLAN: 666
Duplex: full
Management address(es): 
  IP address: 172.29.10.13

-------------------------
Device ID: 2nd_nt_sw03.mongeneral.com
Entry address(es): 
  IP address: 172.29.10.20
Platform: cisco WS-C2960X-48FPD-L,  Capabilities: Switch IGMP 
Interface: TenGigabitEthernet1/0/11,  Port ID (outgoing port): TenGigabitEthernet1/0/1
Holdtime : 137 sec

Version :
Cisco IOS Software, C2960X Software (C2960X-UNIVERSALK9-M), Version 15.2(2)E5, RELEASE SOFTWARE (fc2)
Technical Support: http://www.cisco.com/techsupport
Copyright (c) 1986-2016 by Cisco Systems, Inc.
Compiled Thu 02-Jun-16 01:31 by prod_rel_team

advertisement version: 2
Protocol Hello:  OUI=0x00000C, Protocol ID=0x0112; payload len=27, value=00000000FFFFFFFF010225010000000000000038DF0F4900FF0000
VTP Management Domain: ''
Native VLAN: 666
Duplex: full
Management address(es): 
  IP address: 172.29.10.20

-------------------------
Device ID: 2nd_nt_sw03.mongeneral.com
Entry address(es): 
  IP address: 172.29.10.20
Platform: cisco WS-C2960X-48FPD-L,  Capabilities: Switch IGMP 
Interface: TenGigabitEthernet2/0/11,  Port ID (outgoing port): TenGigabitEthernet2/0/1
Holdtime : 179 sec

Version :
Cisco IOS Software, C2960X Software (C2960X-UNIVERSALK9-M), Version 15.2(2)E5, RELEASE SOFTWARE (fc2)
Technical Support: http://www.cisco.com/techsupport
Copyright (c) 1986-2016 by Cisco Systems, Inc.
Compiled Thu 02-Jun-16 01:31 by prod_rel_team

advertisement version: 2
Protocol Hello:  OUI=0x00000C, Protocol ID=0x0112; payload len=27, value=00000000FFFFFFFF010225010000000000000038DF0F4900FF0000
VTP Management Domain: ''
Native VLAN: 666
Duplex: full
Management address(es): 
  IP address: 172.29.10.20

-------------------------
Device ID: 3rd_st_sw02.mongeneral.com
Entry address(es): 
  IP address: 172.29.10.14
Platform: cisco WS-C2960X-48FPD-L,  Capabilities: Switch IGMP 
Interface: TenGigabitEthernet1/0/5,  Port ID (outgoing port): TenGigabitEthernet1/0/1
Holdtime : 132 sec

Version :
Cisco IOS Software, C2960X Software (C2960X-UNIVERSALK9-M), Version 15.2(2)E6, RELEASE SOFTWARE (fc1)
Technical Support: http://www.cisco.com/techsupport
Copyright (c) 1986-2016 by Cisco Systems, Inc.
Compiled Fri 16-Dec-16 21:27 by prod_rel_team

advertisement version: 2
Protocol Hello:  OUI=0x00000C, Protocol ID=0x0112; payload len=27, value=00000000FFFFFFFF0102250100000000000000C1B1B8BC80FF0000
VTP Management Domain: ''
Native VLAN: 666
Duplex: full
Management address(es): 
  IP address: 172.29.10.14

-------------------------
Device ID: 2nd_nt_sw02.mongeneral.com
Entry address(es): 
  IP address: 172.29.10.19
Platform: cisco WS-C2960X-48FPD-L,  Capabilities: Switch IGMP 
Interface: TenGigabitEthernet2/0/10,  Port ID (outgoing port): TenGigabitEthernet2/0/1
Holdtime : 144 sec

Version :
Cisco IOS Software, C2960X Software (C2960X-UNIVERSALK9-M), Version 15.2(2)E5, RELEASE SOFTWARE (fc2)
Technical Support: http://www.cisco.com/techsupport
Copyright (c) 1986-2016 by Cisco Systems, Inc.
Compiled Thu 02-Jun-16 01:31 by prod_rel_team

advertisement version: 2
Protocol Hello:  OUI=0x00000C, Protocol ID=0x0112; payload len=27, value=00000000FFFFFFFF010225010000000000000038DF8ACD80FF0000
VTP Management Domain: ''
Native VLAN: 666
Duplex: full
Management address(es): 
  IP address: 172.29.10.19

-------------------------
Device ID: 3rd_st_sw02.mongeneral.com
Entry address(es): 
  IP address: 172.29.10.14
Platform: cisco WS-C2960X-48FPD-L,  Capabilities: Switch IGMP 
Interface: TenGigabitEthernet2/0/5,  Port ID (outgoing port): TenGigabitEthernet2/0/1
Holdtime : 158 sec

Version :
Cisco IOS Software, C2960X Software (C2960X-UNIVERSALK9-M), Version 15.2(2)E6, RELEASE SOFTWARE (fc1)
Technical Support: http://www.cisco.com/techsupport
Copyright (c) 1986-2016 by Cisco Systems, Inc.
Compiled Fri 16-Dec-16 21:27 by prod_rel_team

advertisement version: 2
Protocol Hello:  OUI=0x00000C, Protocol ID=0x0112; payload len=27, value=00000000FFFFFFFF0102250100000000000000C1B1B8BC80FF0000
VTP Management Domain: ''
Native VLAN: 666
Duplex: full
Management address(es): 
  IP address: 172.29.10.14

-------------------------
Device ID: 2nd_nt_sw02.mongeneral.com
Entry address(es): 
  IP address: 172.29.10.19
Platform: cisco WS-C2960X-48FPD-L,  Capabilities: Switch IGMP 
Interface: TenGigabitEthernet1/0/10,  Port ID (outgoing port): TenGigabitEthernet1/0/1
Holdtime : 170 sec

Version :
Cisco IOS Software, C2960X Software (C2960X-UNIVERSALK9-M), Version 15.2(2)E5, RELEASE SOFTWARE (fc2)
Technical Support: http://www.cisco.com/techsupport
Copyright (c) 1986-2016 by Cisco Systems, Inc.
Compiled Thu 02-Jun-16 01:31 by prod_rel_team

advertisement version: 2
Protocol Hello:  OUI=0x00000C, Protocol ID=0x0112; payload len=27, value=00000000FFFFFFFF010225010000000000000038DF8ACD80FF0000
VTP Management Domain: ''
Native VLAN: 666
Duplex: full
Management address(es): 
  IP address: 172.29.10.19

-------------------------
Device ID: MGH1A-CORE.mongeneral.com
Entry address(es): 
  IP address: 172.26.2.122
Platform: cisco WS-C4507R+E,  Capabilities: Switch IGMP 
Interface: TenGigabitEthernet2/0/24,  Port ID (outgoing port): TenGigabitEthernet4/1
Holdtime : 123 sec

Version :
Cisco IOS Software, Catalyst 4500 L3 Switch Software (cat4500e-IPBASEK9-M), Version 15.0(2)SG2, RELEASE SOFTWARE (fc3)
Technical Support: http://www.cisco.com/techsupport
Copyright (c) 1986-2011 by Cisco Systems, Inc.
Compiled Wed 07-Dec-11 20:20 by prod_rel_team

advertisement version: 2
VTP Management Domain: 'MonGen'
Native VLAN: 666
Duplex: full
Management address(es): 
  IP address: 172.26.2.122

-------------------------
Device ID: MGH1A-CORE.mongeneral.com
Entry address(es): 
  IP address: 172.26.2.122
Platform: cisco WS-C4507R+E,  Capabilities: Switch IGMP 
Interface: TenGigabitEthernet1/0/24,  Port ID (outgoing port): TenGigabitEthernet3/1
Holdtime : 123 sec

Version :
Cisco IOS Software, Catalyst 4500 L3 Switch Software (cat4500e-IPBASEK9-M), Version 15.0(2)SG2, RELEASE SOFTWARE (fc3)
Technical Support: http://www.cisco.com/techsupport
Copyright (c) 1986-2011 by Cisco Systems, Inc.
Compiled Wed 07-Dec-11 20:20 by prod_rel_team

advertisement version: 2
VTP Management Domain: 'MonGen'
Native VLAN: 666
Duplex: full
Management address(es): 
  IP address: 172.26.2.122


Total cdp entries displayed : 38
1ST_NT_MDF_SW01#
DEBUG:paramiko.transport:starting thread (client mode): 0x4a75e20
DEBUG:paramiko.transport:Local version/idstring: SSH-2.0-paramiko_2.7.1
DEBUG:paramiko.transport:Remote version/idstring: SSH-2.0-Cisco-1.25
INFO:paramiko.transport:Connected (version 2.0, client Cisco-1.25)
DEBUG:paramiko.transport:kex algos:['diffie-hellman-group-exchange-sha1', 'diffie-hellman-group14-sha1', 'diffie-hellman-group1-sha1'] server key:['ssh-rsa'] client encrypt:['aes128-ctr', 'aes192-ctr', 'aes256-ctr', 'aes128-cbc', '3des-cbc', 'aes192-cbc', 'aes256-cbc'] server encrypt:['aes128-ctr', 'aes192-ctr', 'aes256-ctr', 'aes128-cbc', '3des-cbc', 'aes192-cbc', 'aes256-cbc'] client mac:['hmac-sha1', 'hmac-sha1-96'] server mac:['hmac-sha1', 'hmac-sha1-96'] client compress:['none'] server compress:['none'] client lang:[''] server lang:[''] kex follows?False
DEBUG:paramiko.transport:Kex agreed: diffie-hellman-group-exchange-sha1
DEBUG:paramiko.transport:HostKey agreed: ssh-rsa
DEBUG:paramiko.transport:Cipher agreed: aes128-ctr
DEBUG:paramiko.transport:MAC agreed: hmac-sha1
DEBUG:paramiko.transport:Compression agreed: none
DEBUG:paramiko.transport:Got server p (2048 bits)
DEBUG:paramiko.transport:kex engine KexGex specified hash_algo <built-in function openssl_sha1>
DEBUG:paramiko.transport:Switch to new keys ...
DEBUG:paramiko.transport:Adding ssh-rsa host key for 1st_nt_mdf_sw01.mhs.org: b'dff1cc3dbc8e67a39efef4da8ecb0472'
DEBUG:paramiko.transport:userauth is OK
INFO:paramiko.transport:Authentication (password) successful!
DEBUG:paramiko.transport:[chan 0] Max packet in: 32768 bytes
DEBUG:paramiko.transport:[chan 0] Max packet out: 4096 bytes
DEBUG:paramiko.transport:Secsh channel 0 opened.
DEBUG:paramiko.transport:[chan 0] Sesch channel 0 request ok
DEBUG:paramiko.transport:[chan 0] Sesch channel 0 request ok
DEBUG:netmiko:read_channel: 
------------------------------------------------------------------------------------
WARNING:


This system is for the use of authorized clients only. Individuals using the
computer network system without authorization, or in excess of their authorization,
are subject to having all their activity on this computer network system monitored
and recorded by system personnel.  To protect the computer network system from
unauthorized use and to ensure the computer network system is functioning properly,
system administrators monitor this system.  Anyone using this computer network
system expressly consents to such monitoring and is advised that if such monitoring
reveals possible conduct of criminal activity, system personnel may provide the
evidence of such activity to law enforcement officers.

Access is restricted to authorized users only.

Unauthorized access is a violation of state and federal, civil and criminal laws.
------------------------------------------------------------------------------------

1ST_NT_MDF_SW01>
DEBUG:netmiko:read_channel: 
DEBUG:netmiko:read_channel: 
DEBUG:netmiko:read_channel: 
DEBUG:netmiko:write_channel: b'\n'
DEBUG:netmiko:read_channel: 

DEBUG:netmiko:read_channel: 
DEBUG:netmiko:write_channel: b'\n'
DEBUG:netmiko:read_channel: 1ST_NT_MDF_SW01>
DEBUG:netmiko:read_channel: 
1ST_NT_MDF_SW01>
DEBUG:netmiko:Clear buffer detects data in the channel
DEBUG:netmiko:read_channel: 
DEBUG:netmiko:[find_prompt()]: prompt is 1ST_NT_MDF_SW01>
DEBUG:netmiko:read_channel: 
DEBUG:netmiko:In disable_paging
DEBUG:netmiko:Command: terminal length 0

DEBUG:netmiko:write_channel: b'terminal length 0\n'
DEBUG:netmiko:Pattern is: terminal\ length\ 0
DEBUG:netmiko:_read_channel_expect read_data: t
DEBUG:netmiko:_read_channel_expect read_data: e
DEBUG:netmiko:_read_channel_expect read_data: rmi
DEBUG:netmiko:_read_channel_expect read_data: n
DEBUG:netmiko:_read_channel_expect read_data: al
DEBUG:netmiko:_read_channel_expect read_data:  le
DEBUG:netmiko:_read_channel_expect read_data: ng
DEBUG:netmiko:_read_channel_expect read_data: th
DEBUG:netmiko:_read_channel_expect read_data:  0
DEBUG:netmiko:Pattern found: terminal\ length\ 0 terminal length 0
DEBUG:netmiko:terminal length 0
DEBUG:netmiko:Exiting disable_paging
DEBUG:netmiko:write_channel: b'terminal width 511\n'
DEBUG:netmiko:Pattern is: terminal\ width\ 511
DEBUG:netmiko:_read_channel_expect read_data: 

DEBUG:netmiko:_read_channel_expect read_data: 1ST_NT_MDF_SW01>
DEBUG:netmiko:_read_channel_expect read_data: te
DEBUG:netmiko:_read_channel_expect read_data: rm
DEBUG:netmiko:_read_channel_expect read_data: in
DEBUG:netmiko:_read_channel_expect read_data: al
DEBUG:netmiko:_read_channel_expect read_data:  w
DEBUG:netmiko:_read_channel_expect read_data: id
DEBUG:netmiko:_read_channel_expect read_data: th
DEBUG:netmiko:_read_channel_expect read_data:  5
DEBUG:netmiko:_read_channel_expect read_data: 11
DEBUG:netmiko:Pattern found: terminal\ width\ 511 
1ST_NT_MDF_SW01>terminal width 511
DEBUG:netmiko:read_channel: 
1ST_NT_MDF_SW01>
DEBUG:netmiko:Clear buffer detects data in the channel
DEBUG:netmiko:read_channel: 
DEBUG:netmiko:write_channel: b'\n'
DEBUG:netmiko:Pattern is: 1ST_NT_MDF_SW01
DEBUG:netmiko:_read_channel_expect read_data: 

DEBUG:netmiko:_read_channel_expect read_data: 1ST_NT_MDF_SW01>
DEBUG:netmiko:Pattern found: 1ST_NT_MDF_SW01 
1ST_NT_MDF_SW01>
DEBUG:netmiko:write_channel: b'enable\n'
DEBUG:netmiko:Pattern is: (1ST_NT_MDF_SW01|ssword)
DEBUG:netmiko:_read_channel_expect read_data: e
DEBUG:netmiko:_read_channel_expect read_data: n
DEBUG:netmiko:_read_channel_expect read_data: ab
DEBUG:netmiko:_read_channel_expect read_data: le
DEBUG:netmiko:_read_channel_expect read_data: 
Password: 
DEBUG:netmiko:Pattern found: (1ST_NT_MDF_SW01|ssword) enable
Password: 
DEBUG:netmiko:write_channel: b'change-mgh\n'
DEBUG:netmiko:Pattern is: 1ST_NT_MDF_SW01
DEBUG:netmiko:_read_channel_expect read_data: 
1ST_NT_MDF_SW01#
DEBUG:netmiko:Pattern found: 1ST_NT_MDF_SW01 
1ST_NT_MDF_SW01#
DEBUG:netmiko:write_channel: b'\n'
DEBUG:netmiko:Pattern is: 1ST_NT_MDF_SW01
DEBUG:netmiko:_read_channel_expect read_data: 

DEBUG:netmiko:_read_channel_expect read_data: 1ST_NT_MDF_SW01#
DEBUG:netmiko:Pattern found: 1ST_NT_MDF_SW01 
1ST_NT_MDF_SW01#
DEBUG:netmiko:read_channel: 
DEBUG:netmiko:write_channel: b'\n'
DEBUG:netmiko:read_channel: 
DEBUG:netmiko:read_channel: 
DEBUG:netmiko:write_channel: b'\n'
DEBUG:netmiko:read_channel: 
1ST_NT_MDF_SW01#
DEBUG:netmiko:read_channel: 
1ST_NT_MDF_SW01#
DEBUG:netmiko:Clear buffer detects data in the channel
DEBUG:netmiko:read_channel: 
DEBUG:netmiko:[find_prompt()]: prompt is 1ST_NT_MDF_SW01#
DEBUG:netmiko:read_channel: 
DEBUG:netmiko:write_channel: b'sh cdp neighbors detail\n'
DEBUG:netmiko:Pattern is: sh\ cdp\ neighbors\ detail
DEBUG:netmiko:_read_channel_expect read_data: s
DEBUG:netmiko:_read_channel_expect read_data: h
DEBUG:netmiko:_read_channel_expect read_data:  c
DEBUG:netmiko:_read_channel_expect read_data: dp
DEBUG:netmiko:_read_channel_expect read_data:  n
DEBUG:netmiko:_read_channel_expect read_data: ei
DEBUG:netmiko:_read_channel_expect read_data: gh
DEBUG:netmiko:_read_channel_expect read_data: bo
DEBUG:netmiko:_read_channel_expect read_data: rs
DEBUG:netmiko:_read_channel_expect read_data:  d
DEBUG:netmiko:_read_channel_expect read_data: et
DEBUG:netmiko:_read_channel_expect read_data: ai
DEBUG:netmiko:_read_channel_expect read_data: l

DEBUG:netmiko:Pattern found: sh\ cdp\ neighbors\ detail sh cdp neighbors detail

DEBUG:netmiko:read_channel: -------------------------
Device ID: 3rd_nt_sw01.mongeneral.com
Entry address(es): 
  IP address: 172.29.10.21
Platform: cisco WS-C2960X-48FPD-L,  Capabilities: Switch IGMP 
Interface: TenGigabitEthernet2/0/12,  Port ID (outgoing port): TenGigabitEthernet2/0/1
Holdtime : 171 sec

Version :
Cisco IOS Software, C2960X Software (C2960X-UNIVERSALK9-M), Version 15.2(2)E5, RELEASE SOFTWARE (fc2)
Technical Support: http://www.cisco.com/techsupport
Copyright (c) 1986-2016 by Cisco Systems, Inc.
Compiled Thu 02-Jun-16 01:31 by prod_rel_team

advertisement version: 2
Protocol Hello:  OUI=0x00000C, Protocol ID=0x0112; payload len=27, value=00000000FFFFFFFF010225010000000000000038DF86BA00FF0000
VTP Management Domain: ''
Native VLAN: 666
Duplex: full
Management address(es): 
  IP address: 172.29.10.21

-------------------------
Device ID: 3rd_nt_sw01.mongeneral.com
Entry address(es): 
  IP address: 172.29.10.21
Platform: cisco WS-C2960X-48FPD-L,  Capabilities: Switch IGMP 
Interface: TenGigabitEthernet1/0/12,  Port ID (outgoing port): TenGigabitEthernet1/0/1
Holdtime : 148 sec

Version :
Cisco IOS Software, C2960X Software (C2960X-UNIVERSALK9-M), Version 15.2(2)E5, RELEASE SOFTWARE (fc2)
Technical Support: http://www.cisco.com/techsupport
Copyright (c) 1986-2016 by Cisco Systems, Inc.
Compiled Thu 02-Jun-16 01:31 by prod_rel_team

advertisement version: 2
Protocol Hello:  OUI=0x00000C, Protocol ID=0x0112; payload len=27, value=00000000FFFFFFFF010225010000000000000038DF86BA00FF0000
VTP Management Domain: ''
Native VLAN: 666
Duplex: full
Management address(es): 
  IP address: 172.29.10.21

-------------------------
Device ID: 2nd_st_sw01.mongeneral.com
Entry address(es): 
  IP address: 172.29.10.12
Platform: cisco WS-C2960X-48FPD-L,  Capabilities: Switch IGMP 
Interface: TenGigabitEthernet2/0/3,  Port ID (outgoing port): TenGigabitEthernet2/0/1
Holdtime : 148 sec

Version :
Cisco IOS Software, C2960X Software (C2960X-UNIVERSALK9-M), Version 15.2(2)E5, RELEASE SOFTWARE (fc2)
Technical Support: http://www.cisco.com/techsupport
Copyright (c) 1986-2016 by Cisco Systems, Inc.
Compiled Thu 02-Jun-16 01:31 by prod_rel_team

advertisement version: 2
Protocol Hello:  OUI=0x00000C, Protocol ID=0x0112; payload len=27, value=00000000FFFFFFFF010225010000000000000038DF751E00FF0000
VTP Management Domain: ''
Native VLAN: 666
Duplex: full
Management address(es): 
  IP address: 172.29.10.12

-------------------------
Device ID: 2nd_st_sw01.mongeneral.com
Entry address(es): 
  IP address: 172.29.10.12
Platform: cisco WS-C2960X-48FPD-L,  Capabilities: Switch IGMP 
Interface: TenGigabitEthernet1/0/3,  Port ID (outgoing port): TenGigabitEthernet1/0/1
Holdtime : 132 sec

Version :
Cisco IOS Software, C2960X Software (C2960X-UNIVERSALK9-M), Version 15.2(2)E5, RELEASE SOFTWARE (fc2)
Technical Support: http://www.cisco.com/techsupport
Copyright (c) 1986-2016 by Cisco Systems, Inc.
Compiled Thu 02-Jun-16 01:31 by prod_rel_team

advertisement version: 2
Protocol Hello:  OUI=0x00000C, Protocol ID=0x0112; payload len=27, value=00000000FFFFFFFF010225010000000000000038DF751E00FF0000
VTP Management Domain: ''
Native VLAN: 666
Duplex: full
Management address(es): 
  IP address: 172.29.10.12

-------------------------
Device ID: 3rd_nt_sw02.mongeneral.com
Entry address(es): 
  IP address: 172.29.10.22
Platform: cisco WS-C2960X-48FPD-L,  Capabilities: Switch IGMP 
Interface: TenGigabitEthernet1/0/13,  Port ID (outgoing port): TenGigabitEthernet1/0/1
Holdtime : 156 sec

Version :
Cisco IOS Software, C2960X Software (C2960X-UNIVERSALK9-M), Version 15.2(2)E5, RELEASE SOFTWARE (fc2)
Technical Support: http://www.cisco.com/techsupport
Copyright (c) 1986-2016 by Cisco Systems, Inc.
Compiled Thu 02-Jun-16 01:31 by prod_rel_team

advertisement version: 2
Protocol Hello:  OUI=0x00000C, Protocol ID=0x0112; payload len=27, value=00000000FFFFFFFF010225010000000000000038DF0F6A00FF0000
VTP Management Domain: ''
Native VLAN: 666
Duplex: full
Management address(es): 
  IP address: 172.29.10.22

-------------------------
Device ID: 3rd_nt_sw02.mongeneral.com
Entry address(es): 
  IP address: 172.29.10.22
Platform: cisco WS-C2960X-48FPD-L,  Capabilities: Switch IGMP 
Interface: TenGigabitEthernet2/0/13,  Port ID (outgoing port): TenGigabitEthernet2/0/1
Holdtime : 164 sec

Version :
Cisco IOS Software, C2960X Software (C2960X-UNIVERSALK9-M), Version 15.2(2)E5, RELEASE SOFTWARE (fc2)
Technical Support: http://www.cisco.com/techsupport
Copyright (c) 1986-2016 by Cisco Systems, Inc.
Compiled Thu 02-Jun-16 01:31 by prod_rel_team

advertisement version: 2
Protocol Hello:  OUI=0x00000C, Protocol ID=0x0112; payload len=27, value=00000000FFFFFFFF010225010000000000000038DF0F6A00FF0000
VTP Management Domain: ''
Native VLAN: 666
Duplex: full
Management address(es): 
  IP address: 172.29.10.22

-------------------------
Device ID: 1st_conf_sw01.mongeneral.com
Entry address(es): 
  IP address: 172.29.10.28
Platform: cisco WS-C2960X-48FPD-L,  Capabilities: Switch IGMP 
Interface: TenGigabitEthernet2/0/18,  Port ID (outgoing port): TenGigabitEthernet1/0/2
Holdtime : 153 sec

Version :
Cisco IOS Software, C2960X Software (C2960X-UNIVERSALK9-M), Version 15.2(2)E5, RELEASE SOFTWARE (fc2)
Technical Support: http://www.cisco.com/techsupport
Copyright (c) 1986-2016 by Cisco Systems, Inc.
Compiled Thu 02-Jun-16 01:31 by prod_rel_team

advertisement version: 2
Protocol Hello:  OUI=0x00000C, Protocol ID=0x0112; payload len=27, value=00000000FFFFFFFF010225010000000000000038DF8AB680FF0000
VTP Management Domain: ''
Native VLAN: 666
Duplex: full
Management address(es): 
  IP address: 172.29.10.28

-------------------------
Device ID: 4th_nt_sw01.mongeneral.com
Entry address(es): 
  IP address: 172.29.10.23
Platform: cisco WS-C2960X-48FPD-L,  Capabilities: Switch IGMP 
Interface: TenGigabitEthernet1/0/14,  Port ID (outgoing port): TenGigabitEthernet1/0/1
Holdtime : 154 sec

Version :
Cisco IOS Software, C2960X Software (C2960X-UNIVERSALK9-M), Version 15.2(2)E5, RELEASE SOFTWARE (fc2)
Technical Support: http://www.cisco.com/techsupport
Copyright (c) 1986-2016 by Cisco Systems, Inc.
Compiled Thu 02-Jun-16 01:31 by prod_rel_team

advertisement version: 2
Protocol Hello:  OUI=0x00000C, Protocol ID=0x0112; payload len=27, value=00000000FFFFFFFF010225010000000000000038DF875E00FF0000
VTP Management Domain: ''
Native VLAN: 666
Duplex: full
Management address(es): 
  IP address: 172.29.10.23

-------------------------
Device ID: 4th_nt_sw01.mongeneral.com
Entry address(es): 
  IP address: 172.29.10.23
Platform: cisco WS-C2960X-48FPD-L,  Capabilities: Switch IGMP 
Interface: TenGigabitEthernet2/0/14,  Port ID (outgoing port): TenGigabitEthernet2/0/1
Holdtime : 157 sec

Version :
Cisco IOS Software, C2960X Software (C2960X-UNIVERSALK9-M), Version 15.2(2)E5, RELEASE SOFTWARE (fc2)
Technical Support: http://www.cisco.com/techsupport
Copyright (c) 1986-2016 by Cisco Systems, Inc.
Compiled Thu 02-Jun-16 01:31 by prod_rel_team

advertisement version: 2
Protocol Hello:  OUI=0x00000C, Protocol ID=0x0112; payload len=27, value=00000000FFFFFFFF010225010000000000000038DF875E00FF0000
VTP Management Domain: ''
Native VLAN: 666
Duplex: full
Management address(es): 
  IP address: 172.29.10.23

-------------------------
Device ID: 1st_conf_sw01.mongeneral.com
Entry address(es): 
  IP address: 172.29.10.28
Platform: cisco WS-C2960X-48FPD-L,  Capabilities: Switch IGMP 
Interface: TenGigabitEthernet1/0/18,  Port ID (outgoing port): TenGigabitEthernet1/0/1
Holdtime : 170 sec

Version :
Cisco IOS Software, C2960X Software (C2960X-UNIVERSALK9-M), Version 15.2(2)E5, RELEASE SOFTWARE (fc2)
Technical Support: http://www.cisco.com/techsupport
Copyright (c) 1986-2016 by Cisco Systems, Inc.
Compiled Thu 02-Jun-16 01:31 by prod_rel_team

advertisement version: 2
Protocol Hello:  OUI=0x00000C, Protocol ID=0x0112; payload len=27, value=00000000FFFFFFFF010225010000000000000038DF8AB680FF0000
VTP Management Domain: ''
Native VLAN: 666
Duplex: full
Management address(es): 
  IP address: 172.29.10.28

-------------------------
Device ID: 1st_st_sw02.mongeneral.com
Entry address(es): 
  IP address: 172.29.10.11
Platform: cisco WS-C2960X-48FPD-L,  Capabilities: Switch IGMP 
Interface: TenGigabitEthernet2/0/2,  Port ID (outgoing port): TenGigabitEthernet2/0/1
Holdtime : 148 sec

Version :
Cisco IOS Software, C2960X Software (C2960X-UNIVERSALK9-M), Version 15.2(2)E5, RELEASE SOFTWARE (fc2)
Technical Support: http://www.cisco.com/techsupport
Copyright (c) 1986-2016 by Cisco Systems, Inc.
Compiled Thu 02-Jun-16 01:31 by prod_rel_team

advertisement version: 2
Protocol Hello:  OUI=0x00000C, Protocol ID=0x0112; payload len=27, value=00000000FFFFFFFF010225010000000000000038DF790600FF0000
VTP Management Domain: ''
Native VLAN: 666
Duplex: full
Management address(es): 
  IP address: 172.29.10.11

-------------------------
Device ID: 1st_st_sw02.mongeneral.com
Entry address(es): 
  IP address: 172.29.10.11
Platform: cisco WS-C2960X-48FPD-L,  Capabilities: Switch IGMP 
Interface: TenGigabitEthernet1/0/2,  Port ID (outgoing port): TenGigabitEthernet1/0/1
Holdtime : 138 sec

Version :
Cisco IOS Software, C2960X Software (C2960X-UNIVERSALK9-M), Version 15.2(2)E5, RELEASE SOFTWARE (fc2)
Technical Support: http://www.cisco.com/techsupport
Copyright (c) 1986-2016 by Cisco Systems, Inc.
Compiled Thu 02-Jun-16 01:31 by prod_rel_team

advertisement version: 2
Protocol Hello:  OUI=0x00000C, Protocol ID=0x0112; payload len=27, value=00000000FFFFFFFF010225010000000000000038DF790600FF0000
VTP Management Domain: ''
Native VLAN: 666
Duplex: full
Management address(es): 
  IP address: 172.29.10.11

-------------------------
Device ID: 5th_nt_sw01.mongeneral.com
Entry address(es): 
  IP address: 172.29.10.24
Platform: cisco WS-C2960X-48FPD-L,  Capabilities: Switch IGMP 
Interface: TenGigabitEthernet2/0/15,  Port ID (outgoing port): TenGigabitEthernet2/0/1
Holdtime : 141 sec

Version :
Cisco IOS Software, C2960X Software (C2960X-UNIVERSALK9-M), Version 15.2(2)E5, RELEASE SOFTWARE (fc2)
Technical Support: http://www.cisco.com/techsupport
Copyright (c) 1986-2016 by Cisco Systems, Inc.
Compiled Thu 02-Jun-16 01:31 by prod_rel_team

advertisement version: 2
Protocol Hello:  OUI=0x00000C, Protocol ID=0x0112; payload len=27, value=00000000FFFFFFFF010225010000000000000038DF8AE080FF0000
VTP Management Domain: ''
Native VLAN: 666
Duplex: full
Management address(es): 
  IP address: 172.29.10.24

-------------------------
Device ID: 5th_nt_sw01.mongeneral.com
Entry address(es): 
  IP address: 172.29.10.24
Platform: cisco WS-C2960X-48FPD-L,  Capabilities: Switch IGMP 
Interface: TenGigabitEthernet1/0/15,  Port ID (outgoing port): TenGigabitEthernet1/0/1
Holdtime : 152 sec

Version :
Cisco IOS Software, C2960X Software (C2960X-UNIVERSALK9-M), Version 15.2(2)E5, RELEASE SOFTWARE (fc2)
Technical Support: http://www.cisco.com/techsupport
Copyright (c) 1986-2016 by Cisco Systems, Inc.
Compiled Thu 02-Jun-16 01:31 by prod_rel_team

advertisement version: 2
Protocol Hello:  OUI=0x00000C, Protocol ID=0x0112; payload len=27, value=00000000FFFFFFFF010225010000000000000038DF8AE080FF0000
VTP Management Domain: ''
Native VLAN: 666
Duplex: full
Management address(es): 
  IP address: 172.29.10.24

-------------------------
Device ID: 6th_nt_sw01.mongeneral.com
Entry address(es): 
  IP address: 172.29.10.26
Platform: cisco WS-C2960X-48FPD-L,  Capabilities: Switch IGMP 
Interface: TenGigabitEthernet2/0/17,  Port ID (outgoing port): TenGigabitEthernet2/0/2
Holdtime : 135 sec

Version :
Cisco IOS Software, C2960X Software (C2960X-UNIVERSALK9-M), Version 15.2(2)E5, RELEASE SOFTWARE (fc2)
Technical Support: http://www.cisco.com/techsupport
Copyright (c) 1986-2016 by Cisco Systems, Inc.
Compiled Thu 02-Jun-16 01:31 by prod_rel_team

advertisement version: 2
Protocol Hello:  OUI=0x00000C, Protocol ID=0x0112; payload len=27, value=00000000FFFFFFFF010225010000000000000038DF86E980FF0000
VTP Management Domain: ''
Native VLAN: 666
Duplex: full
Management address(es): 
  IP address: 172.29.10.26

-------------------------
Device ID: 5th_nt_sw02.mongeneral.com
Entry address(es): 
  IP address: 172.29.10.25
Platform: cisco WS-C2960X-48FPD-L,  Capabilities: Switch IGMP 
Interface: TenGigabitEthernet1/0/16,  Port ID (outgoing port): TenGigabitEthernet1/0/1
Holdtime : 144 sec

Version :
Cisco IOS Software, C2960X Software (C2960X-UNIVERSALK9-M), Version 15.2(2)E5, RELEASE SOFTWARE (fc2)
Technical Support: http://www.cisco.com/techsupport
Copyright (c) 1986-2016 by Cisco Systems, Inc.
Compiled Thu 02-Jun-16 01:31 by prod_rel_team

advertisement version: 2
Protocol Hello:  OUI=0x00000C, Protocol ID=0x0112; payload len=27, value=00000000FFFFFFFF010225010000000000000038DF0FAB00FF0000
VTP Management Domain: ''
Native VLAN: 666
Duplex: full
Management address(es): 
  IP address: 172.29.10.25

-------------------------
Device ID: 6th_nt_sw01.mongeneral.com
Entry address(es): 
  IP address: 172.29.10.26
Platform: cisco WS-C2960X-48FPD-L,  Capabilities: Switch IGMP 
Interface: TenGigabitEthernet1/0/17,  Port ID (outgoing port): TenGigabitEthernet1/0/1
Holdtime : 140 sec

Version :
Cisco IOS Software, C2960X Software (C2960X-UNIVERSALK9-M), Version 15.2(2)E5, RELEASE SOFTWARE (fc2)
Technical Support: http://www.cisco.com/techsupport
Copyright (c) 1986-2016 by Cisco Systems, Inc.
Compiled Thu 02-Jun-16 01:31 by prod_rel_team

advertisement version: 2
Protocol Hello:  OUI=0x00000C, Protocol ID=0x0112; payload len=27, value=00000000FFFFFFFF010225010000000000000038DF86E980FF0000
VTP Management Domain: ''
Native VLAN: 666
Duplex: full
Management address(es): 
  IP address: 172.29.10.26

-------------------------
Device ID: 5th_nt_sw02.mongeneral.com
Entry address(es): 
  IP address: 172.29.10.25
Platform: cisco WS-C2960X-48FPD-L,  Capabilities: Switch IGMP 
Interface: TenGigabitEthernet2/0/16,  Port ID (outgoing port): TenGigabitEthernet2/0/1
Holdtime : 171 sec

Version :
Cisco IOS Software, C2960X Software (C2960X-UNIVERSALK9-M), Version 15.2(2)E5, RELEASE SOFTWARE (fc2)
Technical Support: http://www.cisco.com/techsupport
Copyright (c) 1986-2016 by Cisco Systems, Inc.
Compiled Thu 02-Jun-16 01:31 by prod_rel_team

advertisement version: 2
Protocol Hello:  OUI=0x00000C, Protocol ID=0x0112; payload len=27, value=00000000FFFFFFFF010225010000000000000038DF0FAB00FF0000
VTP Management Domain: ''
Native VLAN: 666
Duplex: full
Management address(es): 
  IP address: 172.29.10.25

-------------------------
Device ID: 1st_st_sw01.mongeneral.com
Entry address(es): 
  IP address: 172.29.10.10
Platform: cisco WS-C2960X-48FPD-L,  Capabilities: Switch IGMP 
Interface: TenGigabitEthernet2/0/1,  Port ID (outgoing port): TenGigabitEthernet2/0/1
Holdtime : 138 sec

Version :
Cisco IOS Software, C2960X Software (C2960X-UNIVERSALK9-M), Version 15.2(2)E5, RELEASE SOFTWARE (fc2)
Technical Support: http://www.cisco.com/techsupport
Copyright (c) 1986-2016 by Cisco Systems, Inc.
Compiled Thu 02-Jun-16 01:31 by prod_rel_team

advertisement version: 2
Protocol Hello:  OUI=0x00000C, Protocol ID=0x0112; payload len=27, value=00000000FFFFFFFF010225010000000000000038DF86E780FF0000
VTP Management Domain: ''
Native VLAN: 666
Duplex: full
Management address(es): 
  IP address: 172.29.10.10

-------------------------
Device ID: 1st_st_sw01.mongeneral.com
Entry address(es): 
  IP address: 172.29.10.10
Platform: cisco WS-C2960X-48FPD-L,  Capabilities: Switch IGMP 
Interface: TenGigabitEthernet1/0/1,  Port ID (outgoing port): TenGigabitEthernet1/0/1
Holdtime : 171 sec

Version :
Cisco IOS Software, C2960X Software (C2960X-UNIVERSALK9-M), Version 15.2(2)E5, RELEASE SOFTWARE (fc2)
Technical Support: http://www.cisco.com/techsupport
Copyright (c) 1986-2016 by Cisco Systems, Inc.
Compiled Thu 02-Jun-16 01:31 by prod_rel_team

advertisement version: 2
Protocol Hello:  OUI=0x00000C, Protocol ID=0x0112; payload len=27, value=00000000FFFFFFFF010225010000000000000038DF86E780FF0000
VTP Management Domain: ''
Native VLAN: 6
DEBUG:netmiko:read_channel: 66
Duplex: full
Management address(es): 
  IP address: 172.29.10.10

-------------------------
Device ID: 5th_st_sw01.mongeneral.com
Entry address(es): 
  IP address: 172.29.10.16
Platform: cisco WS-C2960X-48FPD-L,  Capabilities: Switch IGMP 
Interface: TenGigabitEthernet2/0/7,  Port ID (outgoing port): TenGigabitEthernet2/0/1
Holdtime : 142 sec

Version :
Cisco IOS Software, C2960X Software (C2960X-UNIVERSALK9-M), Version 15.2(2)E5, RELEASE SOFTWARE (fc2)
Technical Support: http://www.cisco.com/techsupport
Copyright (c) 1986-2016 by Cisco Systems, Inc.
Compiled Thu 02-Jun-16 01:31 by prod_rel_team

advertisement version: 2
Protocol Hello:  OUI=0x00000C, Protocol ID=0x0112; payload len=27, value=00000000FFFFFFFF010225010000000000000038DF8AC580FF0000
VTP Management Domain: ''
Native VLAN: 666
Duplex: full
Management address(es): 
  IP address: 172.29.10.16

-------------------------
Device ID: 5th_st_sw01.mongeneral.com
Entry address(es): 
  IP address: 172.29.10.16
Platform: cisco WS-C2960X-48FPD-L,  Capabilities: Switch IGMP 
Interface: TenGigabitEthernet1/0/7,  Port ID (outgoing port): TenGigabitEthernet1/0/1
Holdtime : 174 sec

Version :
Cisco IOS Software, C2960X Software (C2960X-UNIVERSALK9-M), Version 15.2(2)E5, RELEASE SOFTWARE (fc2)
Technical Support: http://www.cisco.com/techsupport
Copyright (c) 1986-2016 by Cisco Systems, Inc.
Compiled Thu 02-Jun-16 01:31 by prod_rel_team

advertisement version: 2
Protocol Hello:  OUI=0x00000C, Protocol ID=0x0112; payload len=27, value=00000000FFFFFFFF010225010000000000000038DF8AC580FF0000
VTP Management Domain: ''
Native VLAN: 666
Duplex: full
Management address(es): 
  IP address: 172.29.10.16

-------------------------
Device ID: 4th_st_sw01.mongeneral.com
Entry address(es): 
  IP address: 172.29.10.15
Platform: cisco WS-C2960X-48FPD-L,  Capabilities: Switch IGMP 
Interface: TenGigabitEthernet2/0/6,  Port ID (outgoing port): TenGigabitEthernet2/0/1
Holdtime : 160 sec

Version :
Cisco IOS Software, C2960X Software (C2960X-UNIVERSALK9-M), Version 15.2(2)E5, RELEASE SOFTWARE (fc2)
Technical Support: http://www.cisco.com/techsupport
Copyright (c) 1986-2016 by Cisco Systems, Inc.
Compiled Thu 02-Jun-16 01:31 by prod_rel_team

advertisement version: 2
Protocol Hello:  OUI=0x00000C, Protocol ID=0x0112; payload len=27, value=00000000FFFFFFFF010225010000000000000038DF876500FF0000
VTP Management Domain: ''
Native VLAN: 666
Duplex: full
Management address(es): 
  IP address: 172.29.10.15

-------------------------
Device ID: 4th_st_sw01.mongeneral.com
Entry address(es): 
  IP address: 172.29.10.15
Platform: cisco WS-C2960X-48FPD-L,  Capabilities: Switch IGMP 
Interface: TenGigabitEthernet1/0/6,  Port ID (outgoing port): TenGigabitEthernet1/0/1
Holdtime : 125 sec

Version :
Cisco IOS Software, C2960X Software (C2960X-UNIVERSALK9-M), Version 15.2(2)E5, RELEASE SOFTWARE (fc2)
Technical Support: http://www.cisco.com/techsupport
Copyright (c) 1986-2016 by Cisco Systems, Inc.
Compiled Thu 02-Jun-16 01:31 by prod_rel_team

advertisement version: 2
Protocol Hello:  OUI=0x00000C, Protocol ID=0x0112; payload len=27, value=00000000FFFFFFFF010225010000000000000038DF876500FF0000
VTP Management Domain: ''
Native VLAN: 666
Duplex: full
Management address(es): 
  IP address: 172.29.10.15

-------------------------
Device ID: 1st_nt_sw01.mongeneral.com
Entry address(es): 
  IP address: 172.29.10.17
Platform: cisco WS-C2960X-48FPD-L,  Capabilities: Switch IGMP 
Interface: TenGigabitEthernet2/0/8,  Port ID (outgoing port): TenGigabitEthernet2/0/1
Holdtime : 170 sec

Version :
Cisco IOS Software, C2960X Software (C2960X-UNIVERSALK9-M), Version 15.2(2)E5, RELEASE SOFTWARE (fc2)
Technical Support: http://www.cisco.com/techsupport
Copyright (c) 1986-2016 by Cisco Systems, Inc.
Compiled Thu 02-Jun-16 01:31 by prod_rel_team

advertisement version: 2
Protocol Hello:  OUI=0x00000C, Protocol ID=0x0112; payload len=27, value=00000000FFFFFFFF010225010000000000000038DF0FAA00FF0000
VTP Management Domain: ''
Native VLAN: 666
Duplex: full
Management address(es): 
  IP address: 172.29.10.17

-------------------------
Device ID: 1st_nt_sw01.mongeneral.com
Entry address(es): 
  IP address: 172.29.10.17
Platform: cisco WS-C2960X-48FPD-L,  Capabilities: Switch IGMP 
Interface: TenGigabitEthernet1/0/8,  Port ID (outgoing port): TenGigabitEthernet1/0/1
Holdtime : 139 sec

Version :
Cisco IOS Software, C2960X Software (C2960X-UNIVERSALK9-M), Version 15.2(2)E5, RELEASE SOFTWARE (fc2)
Technical Support: http://www.cisco.com/techsupport
Copyright (c) 1986-2016 by Cisco Systems, Inc.
Compiled Thu 02-Jun-16 01:31 by prod_rel_team

advertisement version: 2
Protocol Hello:  OUI=0x00000C, Protocol ID=0x0112; payload len=27, value=00000000FFFFFFFF010225010000000000000038DF0FAA00FF0000
VTP Management Domain: ''
Native VLAN: 666
Duplex: full
Management address(es): 
  IP address: 172.29.10.17

-------------------------
Device ID: 2nd_nt_sw01.mongeneral.com
Entry address(es): 
  IP address: 172.29.10.18
Platform: cisco WS-C2960X-24PS-L,  Capabilities: Switch IGMP 
Interface: TenGigabitEthernet2/0/9,  Port ID (outgoing port): TenGigabitEthernet2/0/1
Holdtime : 146 sec

Version :
Cisco IOS Software, C2960X Software (C2960X-UNIVERSALK9-M), Version 15.2(2)E5, RELEASE SOFTWARE (fc2)
Technical Support: http://www.cisco.com/techsupport
Copyright (c) 1986-2016 by Cisco Systems, Inc.
Compiled Thu 02-Jun-16 01:31 by prod_rel_team

advertisement version: 2
Protocol Hello:  OUI=0x00000C, Protocol ID=0x0112; payload len=27, value=00000000FFFFFFFF010225010000000000002C0BE9784300FF0000
VTP Management Domain: ''
Native VLAN: 666
Duplex: full
Management address(es): 
  IP address: 172.29.10.18

-------------------------
Device ID: 2nd_nt_sw01.mongeneral.com
Entry address(es): 
  IP address: 172.29.10.18
Platform: cisco WS-C2960X-24PS-L,  Capabilities: Switch IGMP 
Interface: TenGigabitEthernet1/0/9,  Port ID (outgoing port): TenGigabitEthernet1/0/1
Holdtime : 152 sec

Version :
Cisco IOS Software, C2960X Software (C2960X-UNIVERSALK9-M), Version 15.2(2)E5, RELEASE SOFTWARE (fc2)
Technical Support: http://www.cisco.com/techsupport
Copyright (c) 1986-2016 by Cisco Systems, Inc.
Compiled Thu 02-Jun-16 01:31 by prod_rel_team

advertisement version: 2
Protocol Hello:  OUI=0x00000C, Protocol ID=0x0112; payload len=27, value=00000000FFFFFFFF010225010000000000002C0BE9784300FF0000
VTP Management Domain: ''
Native VLAN: 666
Duplex: full
Management address(es): 
  IP address: 172.29.10.18

-------------------------
Device ID: 3rd_st_sw01.mongeneral.com
Entry address(es): 
  IP address: 172.29.10.13
Platform: cisco WS-C2960X-48FPD-L,  Capabilities: Switch IGMP 
Interface: TenGigabitEthernet2/0/4,  Port ID (outgoing port): TenGigabitEthernet2/0/1
Holdtime : 121 sec

Version :
Cisco IOS Software, C2960X Software (C2960X-UNIVERSALK9-M), Version 15.2(2)E5, RELEASE SOFTWARE (fc2)
Technical Support: http://www.cisco.com/techsupport
Copyright (c) 1986-2016 by Cisco Systems, Inc.
Compiled Thu 02-Jun-16 01:31 by prod_rel_team

advertisement version: 2
Protocol Hello:  OUI=0x00000C, Protocol ID=0x0112; payload len=27, value=00000000FFFFFFFF010225010000000000000038DF790280FF0000
VTP Management Domain: ''
Native VLAN: 666
Duplex: full
Management address(es): 
  IP address: 172.29.10.13

-------------------------
Device ID: 3rd_st_sw01.mongeneral.com
Entry address(es): 
  IP address: 172.29.10.13
Platform: cisco WS-C2960X-48FPD-L,  Capabilities: Switch IGMP 
Interface: TenGigabitEthernet1/0/4,  Port ID (outgoing port): TenGigabitEthernet1/0/1
Holdtime : 137 sec

Version :
Cisco IOS Software, C2960X Software (C2960X-UNIVERSALK9-M), Version 15.2(2)E5, RELEASE SOFTWARE (fc2)
Technical Support: http://www.cisco.com/techsupport
Copyright (c) 1986-2016 by Cisco Systems, Inc.
Compiled Thu 02-Jun-16 01:31 by prod_rel_team

advertisement version: 2
Protocol Hello:  OUI=0x00000C, Protocol ID=0x0112; payload len=27, value=00000000FFFFFFFF010225010000000000000038DF790280FF0000
VTP Management Domain: ''
Native VLAN: 666
Duplex: full
Management address(es): 
  IP address: 172.29.10.13

-------------------------
Device ID: 2nd_nt_sw03.mongeneral.com
Entry address(es): 
  IP address: 172.29.10.20
Platform: cisco WS-C2960X-48FPD-L,  Capabilities: Switch IGMP 
Interface: TenGigabitEthernet1/0/11,  Port ID (outgoing port): TenGigabitEthernet1/0/1
Holdtime : 157 sec

Version :
Cisco IOS Software, C2960X Software (C2960X-UNIVERSALK9-M), Version 15.2(2)E5, RELEASE SOFTWARE (fc2)
Technical Support: http://www.cisco.com/techsupport
Copyright (c) 1986-2016 by Cisco Systems, Inc.
Compiled Thu 02-Jun-16 01:31 by prod_rel_team

advertisement version: 2
Protocol Hello:  OUI=0x00000C, Protocol ID=0x0112; payload len=27, value=00000000FFFFFFFF010225010000000000000038DF0F4900FF0000
VTP Management Domain: ''
Native VLAN: 666
Duplex: full
Management address(es): 
  IP address: 172.29.10.20

-------------------------
Device ID: 2nd_nt_sw03.mongeneral.com
Entry address(es): 
  IP address: 172.29.10.20
Platform: cisco WS-C2960X-48FPD-L,  Capabilities: Switch IGMP 
Interface: TenGigabitEthernet2/0/11,  Port ID (outgoing port): TenGigabitEthernet2/0/1
Holdtime : 146 sec

Version :
Cisco IOS Software, C2960X Software (C2960X-UNIVERSALK9-M), Version 15.2(2)E5, RELEASE SOFTWARE (fc2)
Technical Support: http://www.cisco.com/techsupport
Copyright (c) 1986-2016 by Cisco Systems, Inc.
Compiled Thu 02-Jun-16 01:31 by prod_rel_team

advertisement version: 2
Protocol Hello:  OUI=0x00000C, Protocol ID=0x0112; payload len=27, value=00000000FFFFFFFF010225010000000000000038DF0F4900FF0000
VTP Management Domain: ''
Native VLAN: 666
Duplex: full
Management address(es): 
  IP address: 172.29.10.20

-------------------------
Device ID: 3rd_st_sw02.mongeneral.com
Entry address(es): 
  IP address: 172.29.10.14
Platform: cisco WS-C2960X-48FPD-L,  Capabilities: Switch IGMP 
Interface: TenGigabitEthernet1/0/5,  Port ID (outgoing port): TenGigabitEthernet1/0/1
Holdtime : 137 sec

Version :
Cisco IOS Software, C2960X Software (C2960X-UNIVERSALK9-M), Version 15.2(2)E6, RELEASE SOFTWARE (fc1)
Technical Support: http://www.cisco.com/techsupport
Copyright (c) 1986-2016 by Cisco Systems, Inc.
Compiled Fri 16-Dec-16 21:27 by prod_rel_team

advertisement version: 2
Protocol Hello:  OUI=0x00000C, Protocol ID=0x0112; payload len=27, value=00000000FFFFFFFF0102250100000000000000C1B1B8BC80FF0000
VTP Management Domain: ''
Native VLAN: 666
Duplex: full
Management address(es): 
  IP address: 172.29.10.14

-------------------------
Device ID: 2nd_nt_sw02.mongeneral.com
Entry address(es): 
  IP address: 172.29.10.19
Platform: cisco WS-C2960X-48FPD-L,  Capabilities: Switch IGMP 
Interface: TenGigabitEthernet2/0/10,  Port ID (outgoing port): TenGigabitEthernet2/0/1
Holdtime : 152 sec

Version :
Cisco IOS Software, C2960X Software (C2960X-UNIVERSALK9-M), Version 15.2(2)E5, RELEASE SOFTWARE (fc2)
Technical Support: http://www.cisco.com/techsupport
Copyright (c) 1986-2016 by Cisco Systems, Inc.
Compiled Thu 02-Jun-16 01:31 by prod_rel_team

advertisement version: 2
Protocol Hello:  OUI=0x00000C, Protocol ID=0x0112; payload len=27, value=00000000FFFFFFFF010225010000000000000038DF8ACD80FF0000
VTP Management Domain: ''
Native VLAN: 666
Duplex: full
Management address(es): 
  IP address: 172.29.10.19

-------------------------
Device ID: 3rd_st_sw02.mongeneral.com
Entry address(es): 
  IP address: 172.29.10.14
Platform: cisco WS-C2960X-48FPD-L,  Capabilities: Switch IGMP 
Interface: TenGigabitEthernet2/0/5,  Port ID (outgoing port): TenGigabitEthernet2/0/1
Holdtime : 170 sec

Version :
Cisco IOS Software, C2960X Software (C2960X-UNIVERSALK9-M), Version 15.2(2)E6, RELEASE SOFTWARE (fc1)
Technical Support: http://www.cisco.com/techsupport
Copyright (c) 1986-2016 by Cisco Systems, Inc.
Compiled Fri 16-Dec-16 21:27 by prod_rel_team

advertisement version: 2
Protocol Hello:  OUI=0x00000C, Protocol ID=0x0112; payload len=27, value=00000000FFFFFFFF0102250100000000000000C1B1B8BC80FF0000
VTP Management Domain: ''
Native VLAN: 666
Duplex: full
Management address(es): 
  IP address: 172.29.10.14

-------------------------
Device ID: 2nd_nt_sw02.mongeneral.com
Entry address(es): 
  IP address: 172.29.10.19
Platform: cisco WS-C2960X-48FPD-L,  Capabilities: Switch IGMP 
Interface: TenGigabitEthernet1/0/10,  Port ID (outgoing port): TenGigabitEthernet1/0/1
Holdtime : 129 sec

Version :
Cisco IOS Software, C2960X Software (C2960X-UNIVERSALK9-M), Version 15.2(2)E5, RELEASE SOFTWARE (fc2)
Technical Support: http://www.cisco.com/techsupport
Copyright (c) 1986-2016 by Cisco Systems, Inc.
Compiled Thu 02-Jun-16 01:31 by prod_rel_team

advertisement version: 2
Protocol Hello:  OUI=0x00000C, Protocol ID=0x0112; payload len=27, value=00000000FFFFFFFF010225010000000000000038DF8ACD80FF0000
VTP Management Domain: ''
Native VLAN: 666
Duplex: full
Management address(es): 
  IP address: 172.29.10.19

-------------------------
Device ID: MGH1A-CORE.mongeneral.com
Entry address(es): 
  IP address: 172.26.2.122
Platform: cisco WS-C4507R+E,  Capabilities: Switch IGMP 
Interface: TenGigabitEthernet2/0/24,  Port ID (outgoing port): TenGigabitEthernet4/1
Holdtime : 155 sec

Version :
Cisco IOS Software, Catalyst 4500 L3 Switch Software (cat4500e-IPBASEK9-M), Version 15.0(2)SG2, RELEASE SOFTWARE (fc3)
Technical Support: http://www.cisco.com/techsupport
Copyright (c) 1986-2011 by Cisco Systems, Inc.
Compiled Wed 07-Dec-11 20:20 by prod_rel_team

advertisement version: 2
VTP Management Domain: 'MonGen'
Native VLAN: 666
Duplex: full
Management address(es): 
  IP address: 172.26.2.122

-------------------------
Device ID: MGH1A-CORE.mongeneral.com
Entry address(es): 
  IP address: 172.26.2.122
Platform: cisco WS-C4507R+E,  Capabilities: Switch IGMP 
Interface: TenGigabitEthernet1/0/24,  Port ID (outgoing port): TenGigabitEthernet3/1
Holdtime : 155 sec

Version :
Cisco IOS Software, Catalyst 4500 L3 Switch Software (cat4500e-IPBASEK9-M), Version 15.0(2)SG2, RELEASE SOFTWARE (fc3)
Technical Support: http://www.cisco.com/techsupport
Copyright (c) 1986-2011 by Cisco Systems, Inc.
Compiled Wed 07-Dec-11 20:20 by prod_rel_team

advertisement version: 2
VTP Management Domain: 'MonGen'
Native VLAN: 666
Duplex: full
Management address(es): 
  IP address: 172.26.2.122


Total cdp entries displayed : 38
1ST_NT_MDF_SW01#
DEBUG:paramiko.transport:starting thread (client mode): 0xfd20fe50
DEBUG:paramiko.transport:Local version/idstring: SSH-2.0-paramiko_2.7.1
DEBUG:paramiko.transport:Remote version/idstring: SSH-2.0-Cisco-1.25
INFO:paramiko.transport:Connected (version 2.0, client Cisco-1.25)
DEBUG:paramiko.transport:kex algos:['diffie-hellman-group-exchange-sha1', 'diffie-hellman-group14-sha1', 'diffie-hellman-group1-sha1'] server key:['ssh-rsa'] client encrypt:['aes128-ctr', 'aes192-ctr', 'aes256-ctr', 'aes128-cbc', '3des-cbc', 'aes192-cbc', 'aes256-cbc'] server encrypt:['aes128-ctr', 'aes192-ctr', 'aes256-ctr', 'aes128-cbc', '3des-cbc', 'aes192-cbc', 'aes256-cbc'] client mac:['hmac-sha1', 'hmac-sha1-96'] server mac:['hmac-sha1', 'hmac-sha1-96'] client compress:['none'] server compress:['none'] client lang:[''] server lang:[''] kex follows?False
DEBUG:paramiko.transport:Kex agreed: diffie-hellman-group-exchange-sha1
DEBUG:paramiko.transport:HostKey agreed: ssh-rsa
DEBUG:paramiko.transport:Cipher agreed: aes128-ctr
DEBUG:paramiko.transport:MAC agreed: hmac-sha1
DEBUG:paramiko.transport:Compression agreed: none
DEBUG:paramiko.transport:Got server p (2048 bits)
DEBUG:paramiko.transport:kex engine KexGex specified hash_algo <built-in function openssl_sha1>
DEBUG:paramiko.transport:Switch to new keys ...
DEBUG:paramiko.transport:Adding ssh-rsa host key for 1st_nt_mdf_sw01.mhs.org: b'dff1cc3dbc8e67a39efef4da8ecb0472'
DEBUG:paramiko.transport:userauth is OK
INFO:paramiko.transport:Authentication (password) successful!
DEBUG:paramiko.transport:[chan 0] Max packet in: 32768 bytes
DEBUG:paramiko.transport:[chan 0] Max packet out: 4096 bytes
DEBUG:paramiko.transport:Secsh channel 0 opened.
DEBUG:paramiko.transport:[chan 0] Sesch channel 0 request ok
DEBUG:paramiko.transport:[chan 0] Sesch channel 0 request ok
DEBUG:netmiko:read_channel: 
------------------------------------------------------------------------------------
WARNING:


This system is for the use of authorized clients only. Individuals using the
computer network system without authorization, or in excess of their authorization,
are subject to having all their activity on this computer network system monitored
and recorded by system personnel.  To protect the computer network system from
unauthorized use and to ensure the computer network system is functioning properly,
system administrators monitor this system.  Anyone using this computer network
system expressly consents to such monitoring and is advised that if such monitoring
reveals possible conduct of criminal activity, system personnel may provide the
evidence of such activity to law enforcement officers.

Access is restricted to authorized users only.

Unauthorized access is a violation of state and federal, civil and criminal laws.
------------------------------------------------------------------------------------

1ST_NT_MDF_SW01>
DEBUG:netmiko:read_channel: 
DEBUG:netmiko:read_channel: 
DEBUG:netmiko:read_channel: 
DEBUG:netmiko:write_channel: b'\n'
DEBUG:netmiko:read_channel: 
DEBUG:netmiko:read_channel: 
DEBUG:netmiko:write_channel: b'\n'
DEBUG:netmiko:read_channel: 
1ST_NT_MDF_SW01>
DEBUG:netmiko:read_channel: 
1ST_NT_MDF_SW01>
DEBUG:netmiko:Clear buffer detects data in the channel
DEBUG:netmiko:read_channel: 
DEBUG:netmiko:[find_prompt()]: prompt is 1ST_NT_MDF_SW01>
DEBUG:netmiko:read_channel: 
DEBUG:netmiko:In disable_paging
DEBUG:netmiko:Command: terminal length 0

DEBUG:netmiko:write_channel: b'terminal length 0\n'
DEBUG:netmiko:Pattern is: terminal\ length\ 0
DEBUG:netmiko:_read_channel_expect read_data: t
DEBUG:netmiko:_read_channel_expect read_data: e
DEBUG:netmiko:_read_channel_expect read_data: rm
DEBUG:netmiko:_read_channel_expect read_data: i
DEBUG:netmiko:_read_channel_expect read_data: na
DEBUG:netmiko:_read_channel_expect read_data: l 
DEBUG:netmiko:_read_channel_expect read_data: le
DEBUG:netmiko:_read_channel_expect read_data: ng
DEBUG:netmiko:_read_channel_expect read_data: th
DEBUG:netmiko:_read_channel_expect read_data:  0
DEBUG:netmiko:Pattern found: terminal\ length\ 0 terminal length 0
DEBUG:netmiko:terminal length 0
DEBUG:netmiko:Exiting disable_paging
DEBUG:netmiko:write_channel: b'terminal width 511\n'
DEBUG:netmiko:Pattern is: terminal\ width\ 511
DEBUG:netmiko:_read_channel_expect read_data: 

DEBUG:netmiko:_read_channel_expect read_data: 1ST_NT_MDF_SW01>
DEBUG:netmiko:_read_channel_expect read_data: t
DEBUG:netmiko:_read_channel_expect read_data: erm
DEBUG:netmiko:_read_channel_expect read_data: i
DEBUG:netmiko:_read_channel_expect read_data: na
DEBUG:netmiko:_read_channel_expect read_data: l 
DEBUG:netmiko:_read_channel_expect read_data: wi
DEBUG:netmiko:_read_channel_expect read_data: d
DEBUG:netmiko:_read_channel_expect read_data: th
DEBUG:netmiko:_read_channel_expect read_data:  5
DEBUG:netmiko:_read_channel_expect read_data: 11
DEBUG:netmiko:Pattern found: terminal\ width\ 511 
1ST_NT_MDF_SW01>terminal width 511
DEBUG:netmiko:read_channel: 
1ST_NT_MDF_SW01>
DEBUG:netmiko:Clear buffer detects data in the channel
DEBUG:netmiko:read_channel: 
DEBUG:netmiko:write_channel: b'\n'
DEBUG:netmiko:Pattern is: 1ST_NT_MDF_SW01
DEBUG:netmiko:_read_channel_expect read_data: 

DEBUG:netmiko:_read_channel_expect read_data: 1ST_NT_MDF_SW01>
DEBUG:netmiko:Pattern found: 1ST_NT_MDF_SW01 
1ST_NT_MDF_SW01>
DEBUG:netmiko:write_channel: b'enable\n'
DEBUG:netmiko:Pattern is: (1ST_NT_MDF_SW01|ssword)
DEBUG:netmiko:_read_channel_expect read_data: e
DEBUG:netmiko:_read_channel_expect read_data: na
DEBUG:netmiko:_read_channel_expect read_data: bl
DEBUG:netmiko:_read_channel_expect read_data: e
DEBUG:netmiko:_read_channel_expect read_data: 
Password: 
DEBUG:netmiko:Pattern found: (1ST_NT_MDF_SW01|ssword) enable
Password: 
DEBUG:netmiko:write_channel: b'change-mgh\n'
DEBUG:netmiko:Pattern is: 1ST_NT_MDF_SW01
DEBUG:netmiko:_read_channel_expect read_data: 
1ST_NT_MDF_SW01#
DEBUG:netmiko:Pattern found: 1ST_NT_MDF_SW01 
1ST_NT_MDF_SW01#
DEBUG:netmiko:write_channel: b'\n'
DEBUG:netmiko:Pattern is: 1ST_NT_MDF_SW01
DEBUG:netmiko:_read_channel_expect read_data: 

DEBUG:netmiko:_read_channel_expect read_data: 1ST_NT_MDF_SW01#
DEBUG:netmiko:Pattern found: 1ST_NT_MDF_SW01 
1ST_NT_MDF_SW01#
DEBUG:netmiko:read_channel: 
DEBUG:netmiko:write_channel: b'\n'
DEBUG:netmiko:read_channel: 

DEBUG:netmiko:read_channel: 
DEBUG:netmiko:write_channel: b'\n'
DEBUG:netmiko:read_channel: 1ST_NT_MDF_SW01#
DEBUG:netmiko:read_channel: 
1ST_NT_MDF_SW01#
DEBUG:netmiko:Clear buffer detects data in the channel
DEBUG:netmiko:read_channel: 
DEBUG:netmiko:[find_prompt()]: prompt is 1ST_NT_MDF_SW01#
DEBUG:netmiko:read_channel: 
DEBUG:netmiko:write_channel: b'sh cdp neighbors detail\n'
DEBUG:netmiko:Pattern is: sh\ cdp\ neighbors\ detail
DEBUG:netmiko:_read_channel_expect read_data: s
DEBUG:netmiko:_read_channel_expect read_data: h
DEBUG:netmiko:_read_channel_expect read_data:  c
DEBUG:netmiko:_read_channel_expect read_data: dp
DEBUG:netmiko:_read_channel_expect read_data:  n
DEBUG:netmiko:_read_channel_expect read_data: ei
DEBUG:netmiko:_read_channel_expect read_data: gh
DEBUG:netmiko:_read_channel_expect read_data: bo
DEBUG:netmiko:_read_channel_expect read_data: rs
DEBUG:netmiko:_read_channel_expect read_data:  d
DEBUG:netmiko:_read_channel_expect read_data: et
DEBUG:netmiko:_read_channel_expect read_data: ai
DEBUG:netmiko:_read_channel_expect read_data: l

DEBUG:netmiko:Pattern found: sh\ cdp\ neighbors\ detail sh cdp neighbors detail

DEBUG:netmiko:read_channel: -------------------------
Device ID: 3rd_nt_sw01.mongeneral.com
Entry address(es): 
  IP address: 172.29.10.21
Platform: cisco WS-C2960X-48FPD-L,  Capabilities: Switch IGMP 
Interface: TenGigabitEthernet2/0/12,  Port ID (outgoing port): TenGigabitEthernet2/0/1
Holdtime : 137 sec

Version :
Cisco IOS Software, C2960X Software (C2960X-UNIVERSALK9-M), Version 15.2(2)E5, RELEASE SOFTWARE (fc2)
Technical Support: http://www.cisco.com/techsupport
Copyright (c) 1986-2016 by Cisco Systems, Inc.
Compiled Thu 02-Jun-16 01:31 by prod_rel_team

advertisement version: 2
Protocol Hello:  OUI=0x00000C, Protocol ID=0x0112; payload len=27, value=00000000FFFFFFFF010225010000000000000038DF86BA00FF0000
VTP Management Domain: ''
Native VLAN: 666
Duplex: full
Management address(es): 
  IP address: 172.29.10.21

-------------------------
Device ID: 3rd_nt_sw01.mongeneral.com
Entry address(es): 
  IP address: 172.29.10.21
Platform: cisco WS-C2960X-48FPD-L,  Capabilities: Switch IGMP 
Interface: TenGigabitEthernet1/0/12,  Port ID (outgoing port): TenGigabitEthernet1/0/1
Holdtime : 170 sec

Version :
Cisco IOS Software, C2960X Software (C2960X-UNIVERSALK9-M), Version 15.2(2)E5, RELEASE SOFTWARE (fc2)
Technical Support: http://www.cisco.com/techsupport
Copyright (c) 1986-2016 by Cisco Systems, Inc.
Compiled Thu 02-Jun-16 01:31 by prod_rel_team

advertisement version: 2
Protocol Hello:  OUI=0x00000C, Protocol ID=0x0112; payload len=27, value=00000000FFFFFFFF010225010000000000000038DF86BA00FF0000
VTP Management Domain: ''
Native VLAN: 666
Duplex: full
Management address(es): 
  IP address: 172.29.10.21

-------------------------
Device ID: 2nd_st_sw01.mongeneral.com
Entry address(es): 
  IP address: 172.29.10.12
Platform: cisco WS-C2960X-48FPD-L,  Capabilities: Switch IGMP 
Interface: TenGigabitEthernet2/0/3,  Port ID (outgoing port): TenGigabitEthernet2/0/1
Holdtime : 121 sec

Version :
Cisco IOS Software, C2960X Software (C2960X-UNIVERSALK9-M), Version 15.2(2)E5, RELEASE SOFTWARE (fc2)
Technical Support: http://www.cisco.com/techsupport
Copyright (c) 1986-2016 by Cisco Systems, Inc.
Compiled Thu 02-Jun-16 01:31 by prod_rel_team

advertisement version: 2
Protocol Hello:  OUI=0x00000C, Protocol ID=0x0112; payload len=27, value=00000000FFFFFFFF010225010000000000000038DF751E00FF0000
VTP Management Domain: ''
Native VLAN: 666
Duplex: full
Management address(es): 
  IP address: 172.29.10.12

-------------------------
Device ID: 2nd_st_sw01.mongeneral.com
Entry address(es): 
  IP address: 172.29.10.12
Platform: cisco WS-C2960X-48FPD-L,  Capabilities: Switch IGMP 
Interface: TenGigabitEthernet1/0/3,  Port ID (outgoing port): TenGigabitEthernet1/0/1
Holdtime : 166 sec

Version :
Cisco IOS Software, C2960X Software (C2960X-UNIVERSALK9-M), Version 15.2(2)E5, RELEASE SOFTWARE (fc2)
Technical Support: http://www.cisco.com/techsupport
Copyright (c) 1986-2016 by Cisco Systems, Inc.
Compiled Thu 02-Jun-16 01:31 by prod_rel_team

advertisement version: 2
Protocol Hello:  OUI=0x00000C, Protocol ID=0x0112; payload len=27, value=00000000FFFFFFFF010225010000000000000038DF751E00FF0000
VTP Management Domain: ''
Native VLAN: 666
Duplex: full
Management address(es): 
  IP address: 172.29.10.12

-------------------------
Device ID: 3rd_nt_sw02.mongeneral.com
Entry address(es): 
  IP address: 172.29.10.22
Platform: cisco WS-C2960X-48FPD-L,  Capabilities: Switch IGMP 
Interface: TenGigabitEthernet1/0/13,  Port ID (outgoing port): TenGigabitEthernet1/0/1
Holdtime : 128 sec

Version :
Cisco IOS Software, C2960X Software (C2960X-UNIVERSALK9-M), Version 15.2(2)E5, RELEASE SOFTWARE (fc2)
Technical Support: http://www.cisco.com/techsupport
Copyright (c) 1986-2016 by Cisco Systems, Inc.
Compiled Thu 02-Jun-16 01:31 by prod_rel_team

advertisement version: 2
Protocol Hello:  OUI=0x00000C, Protocol ID=0x0112; payload len=27, value=00000000FFFFFFFF010225010000000000000038DF0F6A00FF0000
VTP Management Domain: ''
Native VLAN: 666
Duplex: full
Management address(es): 
  IP address: 172.29.10.22

-------------------------
Device ID: 3rd_nt_sw02.mongeneral.com
Entry address(es): 
  IP address: 172.29.10.22
Platform: cisco WS-C2960X-48FPD-L,  Capabilities: Switch IGMP 
Interface: TenGigabitEthernet2/0/13,  Port ID (outgoing port): TenGigabitEthernet2/0/1
Holdtime : 125 sec

Version :
Cisco IOS Software, C2960X Software (C2960X-UNIVERSALK9-M), Version 15.2(2)E5, RELEASE SOFTWARE (fc2)
Technical Support: http://www.cisco.com/techsupport
Copyright (c) 1986-2016 by Cisco Systems, Inc.
Compiled Thu 02-Jun-16 01:31 by prod_rel_team

advertisement version: 2
Protocol Hello:  OUI=0x00000C, Protocol ID=0x0112; payload len=27, value=00000000FFFFFFFF010225010000000000000038DF0F6A00FF0000
VTP Management Domain: ''
Native VLAN: 666
Duplex: full
Management address(es): 
  IP address: 172.29.10.22

-------------------------
Device ID: 1st_conf_sw01.mongeneral.com
Entry address(es): 
  IP address: 172.29.10.28
Platform: cisco WS-C2960X-48FPD-L,  Capabilities: Switch IGMP 
Interface: TenGigabitEthernet2/0/18,  Port ID (outgoing port): TenGigabitEthernet1/0/2
Holdtime : 168 sec

Version :
Cisco IOS Software, C2960X Software (C2960X-UNIVERSALK9-M), Version 15.2(2)E5, RELEASE SOFTWARE (fc2)
Technical Support: http://www.cisco.com/techsupport
Copyright (c) 1986-2016 by Cisco Systems, Inc.
Compiled Thu 02-Jun-16 01:31 by prod_rel_team

advertisement version: 2
Protocol Hello:  OUI=0x00000C, Protocol ID=0x0112; payload len=27, value=00000000FFFFFFFF010225010000000000000038DF8AB680FF0000
VTP Management Domain: ''
Native VLAN: 666
Duplex: full
Management address(es): 
  IP address: 172.29.10.28

-------------------------
Device ID: 4th_nt_sw01.mongeneral.com
Entry address(es): 
  IP address: 172.29.10.23
Platform: cisco WS-C2960X-48FPD-L,  Capabilities: Switch IGMP 
Interface: TenGigabitEthernet1/0/14,  Port ID (outgoing port): TenGigabitEthernet1/0/1
Holdtime : 139 sec

Version :
Cisco IOS Software, C2960X Software (C2960X-UNIVERSALK9-M), Version 15.2(2)E5, RELEASE SOFTWARE (fc2)
Technical Support: http://www.cisco.com/techsupport
Copyright (c) 1986-2016 by Cisco Systems, Inc.
Compiled Thu 02-Jun-16 01:31 by prod_rel_team

advertisement version: 2
Protocol Hello:  OUI=0x00000C, Protocol ID=0x0112; payload len=27, value=00000000FFFFFFFF010225010000000000000038DF875E00FF0000
VTP Management Domain: ''
Native VLAN: 666
Duplex: full
Management address(es): 
  IP address: 172.29.10.23

-------------------------
Device ID: 4th_nt_sw01.mongeneral.com
Entry address(es): 
  IP address: 172.29.10.23
Platform: cisco WS-C2960X-48FPD-L,  Capabilities: Switch IGMP 
Interface: TenGigabitEthernet2/0/14,  Port ID (outgoing port): TenGigabitEthernet2/0/1
Holdtime : 161 sec

Version :
Cisco IOS Software, C2960X Software (C2960X-UNIVERSALK9-M), Version 15.2(2)E5, RELEASE SOFTWARE (fc2)
Technical Support: http://www.cisco.com/techsupport
Copyright (c) 1986-2016 by Cisco Systems, Inc.
Compiled Thu 02-Jun-16 01:31 by prod_rel_team

advertisement version: 2
Protocol Hello:  OUI=0x00000C, Protocol ID=0x0112; payload len=27, value=00000000FFFFFFFF010225010000000000000038DF875E00FF0000
VTP Management Domain: ''
Native VLAN: 666
Duplex: full
Management address(es): 
  IP address: 172.29.10.23

-------------------------
Device ID: 1st_conf_sw01.mongeneral.com
Entry address(es): 
  IP address: 172.29.10.28
Platform: cisco WS-C2960X-48FPD-L,  Capabilities: Switch IGMP 
Interface: TenGigabitEthernet1/0/18,  Port ID (outgoing port): TenGigabitEthernet1/0/1
Holdtime : 143 sec

Version :
Cisco IOS Software, C2960X Software (C2960X-UNIVERSALK9-M), Version 15.2(2)E5, RELEASE SOFTWARE (fc2)
Technical Support: http://www.cisco.com/techsupport
Copyright (c) 1986-2016 by Cisco Systems, Inc.
Compiled Thu 02-Jun-16 01:31 by prod_rel_team

advertisement version: 2
Protocol Hello:  OUI=0x00000C, Protocol ID=0x0112; payload len=27, value=00000000FFFFFFFF010225010000000000000038DF8AB680FF0000
VTP Management Domain: ''
Native VLAN: 666
Duplex: full
Management address(es): 
  IP address: 172.29.10.28

-------------------------
Device ID: 1st_st_sw02.mongeneral.com
Entry address(es): 
  IP address: 172.29.10.11
Platform: cisco WS-C2960X-48FPD-L,  Capabilities: Switch IGMP 
Interface: TenGigabitEthernet2/0/2,  Port ID (outgoing port): TenGigabitEthernet2/0/1
Holdtime : 178 sec

Version :
Cisco IOS Software, C2960X Software (C2960X-UNIVERSALK9-M), Version 15.2(2)E5, RELEASE SOFTWARE (fc2)
Technical Support: http://www.cisco.com/techsupport
Copyright (c) 1986-2016 by Cisco Systems, Inc.
Compiled Thu 02-Jun-16 01:31 by prod_rel_team

advertisement version: 2
Protocol Hello:  OUI=0x00000C, Protocol ID=0x0112; payload len=27, value=00000000FFFFFFFF010225010000000000000038DF790600FF0000
VTP Management Domain: ''
Native VLAN: 666
Duplex: full
Management address(es): 
  IP address: 172.29.10.11

-------------------------
Device ID: 1st_st_sw02.mongeneral.com
Entry address(es): 
  IP address: 172.29.10.11
Platform: cisco WS-C2960X-48FPD-L,  Capabilities: Switch IGMP 
Interface: TenGigabitEthernet1/0/2,  Port ID (outgoing port): TenGigabitEthernet1/0/1
Holdtime : 137 sec

Version :
Cisco IOS Software, C2960X Software (C2960X-UNIVERSALK9-M), Version 15.2(2)E5, RELEASE SOFTWARE (fc2)
Technical Support: http://www.cisco.com/techsupport
Copyright (c) 1986-2016 by Cisco Systems, Inc.
Compiled Thu 02-Jun-16 01:31 by prod_rel_team

advertisement version: 2
Protocol Hello:  OUI=0x00000C, Protocol ID=0x0112; payload len=27, value=00000000FFFFFFFF010225010000000000000038DF790600FF0000
VTP Management Domain: ''
Native VLAN: 666
Duplex: full
Management address(es): 
  IP address: 172.29.10.11

-------------------------
Device ID: 5th_nt_sw01.mongeneral.com
Entry address(es): 
  IP address: 172.29.10.24
Platform: cisco WS-C2960X-48FPD-L,  Capabilities: Switch IGMP 
Interface: TenGigabitEthernet2/0/15,  Port ID (outgoing port): TenGigabitEthernet2/0/1
Holdtime : 164 sec

Version :
Cisco IOS Software, C2960X Software (C2960X-UNIVERSALK9-M), Version 15.2(2)E5, RELEASE SOFTWARE (fc2)
Technical Support: http://www.cisco.com/techsupport
Copyright (c) 1986-2016 by Cisco Systems, Inc.
Compiled Thu 02-Jun-16 01:31 by prod_rel_team

advertisement version: 2
Protocol Hello:  OUI=0x00000C, Protocol ID=0x0112; payload len=27, value=00000000FFFFFFFF010225010000000000000038DF8AE080FF0000
VTP Management Domain: ''
Native VLAN: 666
Duplex: full
Management address(es): 
  IP address: 172.29.10.24

-------------------------
Device ID: 5th_nt_sw01.mongeneral.com
Entry address(es): 
  IP address: 172.29.10.24
Platform: cisco WS-C2960X-48FPD-L,  Capabilities: Switch IGMP 
Interface: TenGigabitEthernet1/0/15,  Port ID (outgoing port): TenGigabitEthernet1/0/1
Holdtime : 127 sec

Version :
Cisco IOS Software, C2960X Software (C2960X-UNIVERSALK9-M), Version 15.2(2)E5, RELEASE SOFTWARE (fc2)
Technical Support: http://www.cisco.com/techsupport
Copyright (c) 1986-2016 by Cisco Systems, Inc.
Compiled Thu 02-Jun-16 01:31 by prod_rel_team

advertisement version: 2
Protocol Hello:  OUI=0x00000C, Protocol ID=0x0112; payload len=27, value=00000000FFFFFFFF010225010000000000000038DF8AE080FF0000
VTP Management Domain: ''
Native VLAN: 666
Duplex: full
Management address(es): 
  IP address: 172.29.10.24

-------------------------
Device ID: 6th_nt_sw01.mongeneral.com
Entry address(es): 
  IP address: 172.29.10.26
Platform: cisco WS-C2960X-48FPD-L,  Capabilities: Switch IGMP 
Interface: TenGigabitEthernet2/0/17,  Port ID (outgoing port): TenGigabitEthernet2/0/2
Holdtime : 161 sec

Version :
Cisco IOS Software, C2960X Software (C2960X-UNIVERSALK9-M), Version 15.2(2)E5, RELEASE SOFTWARE (fc2)
Technical Support: http://www.cisco.com/techsupport
Copyright (c) 1986-2016 by Cisco Systems, Inc.
Compiled Thu 02-Jun-16 01:31 by prod_rel_team

advertisement version: 2
Protocol Hello:  OUI=0x00000C, Protocol ID=0x0112; payload len=27, value=00000000FFFFFFFF010225010000000000000038DF86E980FF0000
VTP Management Domain: ''
Native VLAN: 666
Duplex: full
Management address(es): 
  IP address: 172.29.10.26

-------------------------
Device ID: 5th_nt_sw02.mongeneral.com
Entry address(es): 
  IP address: 172.29.10.25
Platform: cisco WS-C2960X-48FPD-L,  Capabilities: Switch IGMP 
Interface: TenGigabitEthernet1/0/16,  Port ID (outgoing port): TenGigabitEthernet1/0/1
Holdtime : 148 sec

Version :
Cisco IOS Software, C2960X Software (C2960X-UNIVERSALK9-M), Version 15.2(2)E5, RELEASE SOFTWARE (fc2)
Technical Support: http://www.cisco.com/techsupport
Copyright (c) 1986-2016 by Cisco Systems, Inc.
Compiled Thu 02-Jun-16 01:31 by prod_rel_team

advertisement version: 2
Protocol Hello:  OUI=0x00000C, Protocol ID=0x0112; payload len=27, value=00000000FFFFFFFF010225010000000000000038DF0FAB00FF0000
VTP Management Domain: ''
Native VLAN: 666
Duplex: full
Management address(es): 
  IP address: 172.29.10.25

-------------------------
Device ID: 6th_nt_sw01.mongeneral.com
Entry address(es): 
  IP address: 172.29.10.26
Platform: cisco WS-C2960X-48FPD-L,  Capabilities: Switch IGMP 
Interface: TenGigabitEthernet1/0/17,  Port ID (outgoing port): TenGigabitEthernet1/0/1
Holdtime : 148 sec

Version :
Cisco IOS Software, C2960X Software (C2960X-UNIVERSALK9-M), Version 15.2(2)E5, RELEASE SOFTWARE (fc2)
Technical Support: http://www.cisco.com/techsupport
Copyright (c) 1986-2016 by Cisco Systems, Inc.
Compiled Thu 02-Jun-16 01:31 by prod_rel_team

advertisement version: 2
Protocol Hello:  OUI=0x00000C, Protocol ID=0x0112; payload len=27, value=00000000FFFFFFFF010225010000000000000038DF86E980FF0000
VTP Management Domain: ''
Native VLAN: 666
Duplex: full
Management address(es): 
  IP address: 172.29.10.26

-------------------------
Device ID: 5th_nt_sw02.mongeneral.com
Entry address(es): 
  IP address: 172.29.10.25
Platform: cisco WS-C2960X-48FPD-L,  Capabilities: Switch IGMP 
Interface: TenGigabitEthernet2/0/16,  Port ID (outgoing port): TenGigabitEthernet2/0/1
Holdtime : 146 sec

Version :
Cisco IOS Software, C2960X Software (C2960X-UNIVERSALK9-M), Version 15.2(2)E5, RELEASE SOFTWARE (fc2)
Technical Support: http://www.cisco.com/techsupport
Copyright (c) 1986-2016 by Cisco Systems, Inc.
Compiled Thu 02-Jun-16 01:31 by prod_rel_team

advertisement version: 2
Protocol Hello:  OUI=0x00000C, Protocol ID=0x0112; payload len=27, value=00000000FFFFFFFF010225010000000000000038DF0FAB00FF0000
VTP Management Domain: ''
Native VLAN: 666
Duplex: full
Management address(es): 
  IP address: 172.29.10.25

-------------------------
Device ID: 1st_st_sw01.mongeneral.com
Entry address(es): 
  IP address: 172.29.10.10
Platform: cisco WS-C2960X-48FPD-L,  Capabilities: Switch IGMP 
Interface: TenGigabitEthernet2/0/1,  Port ID (outgoing port): TenGigabitEthernet2/0/1
Holdtime : 173 sec

Version :
Cisco IOS Software, C2960X Software (C2960X-UNIVERSALK9-M), Version 15.2(2)E5, RELEASE SOFTWARE (fc2)
Technical Support: http://www.cisco.com/techsupport
Copyright (c) 1986-2016 by Cisco Systems, Inc.
Compiled Thu 02-Jun-16 01:31 by prod_rel_team

advertisement version: 2
Protocol Hello:  OUI=0x00000C, Protocol ID=0x0112; payload len=27, value=00000000FFFFFFFF010225010000000000000038DF86E780FF0000
VTP Management Domain: ''
Native VLAN: 666
Duplex: full
Management address(es): 
  IP address: 172.29.10.10

-------------------------
Device ID: 1st_st_sw01.mongeneral.com
Entry address(es): 
  IP address: 172.29.10.10
Platform: cisco WS-C2960X-48FPD-L,  Capabilities: Switch IGMP 
Interface: TenGigabitEthernet1/0/1,  Port ID (outgoing port): TenGigabitEthernet1/0/1
Holdtime : 157 sec

Version :
Cisco IOS Software, C2960X Software (C2960X-UNIVERSALK9-M), Version 15.2(2)E5, RELEASE SOFTWARE (fc2)
Technical Support: http://www.cisco.com/techsupport
Copyright (c) 1986-2016 by Cisco Systems, Inc.
Compiled Thu 02-Jun-16 01:31 by prod_rel_team

advertisement version: 2
Protocol Hello:  OUI=0x00000C, Protocol ID=0x0112; payload len=27, value=00000000FFFFFFFF010225010000000000000038DF86E780FF0000
VTP Management Domain: ''
Native VLAN: 6
DEBUG:netmiko:read_channel: 66
Duplex: full
Management address(es): 
  IP address: 172.29.10.10

-------------------------
Device ID: 5th_st_sw01.mongeneral.com
Entry address(es): 
  IP address: 172.29.10.16
Platform: cisco WS-C2960X-48FPD-L,  Capabilities: Switch IGMP 
Interface: TenGigabitEthernet2/0/7,  Port ID (outgoing port): TenGigabitEthernet2/0/1
Holdtime : 151 sec

Version :
Cisco IOS Software, C2960X Software (C2960X-UNIVERSALK9-M), Version 15.2(2)E5, RELEASE SOFTWARE (fc2)
Technical Support: http://www.cisco.com/techsupport
Copyright (c) 1986-2016 by Cisco Systems, Inc.
Compiled Thu 02-Jun-16 01:31 by prod_rel_team

advertisement version: 2
Protocol Hello:  OUI=0x00000C, Protocol ID=0x0112; payload len=27, value=00000000FFFFFFFF010225010000000000000038DF8AC580FF0000
VTP Management Domain: ''
Native VLAN: 666
Duplex: full
Management address(es): 
  IP address: 172.29.10.16

-------------------------
Device ID: 5th_st_sw01.mongeneral.com
Entry address(es): 
  IP address: 172.29.10.16
Platform: cisco WS-C2960X-48FPD-L,  Capabilities: Switch IGMP 
Interface: TenGigabitEthernet1/0/7,  Port ID (outgoing port): TenGigabitEthernet1/0/1
Holdtime : 139 sec

Version :
Cisco IOS Software, C2960X Software (C2960X-UNIVERSALK9-M), Version 15.2(2)E5, RELEASE SOFTWARE (fc2)
Technical Support: http://www.cisco.com/techsupport
Copyright (c) 1986-2016 by Cisco Systems, Inc.
Compiled Thu 02-Jun-16 01:31 by prod_rel_team

advertisement version: 2
Protocol Hello:  OUI=0x00000C, Protocol ID=0x0112; payload len=27, value=00000000FFFFFFFF010225010000000000000038DF8AC580FF0000
VTP Management Domain: ''
Native VLAN: 666
Duplex: full
Management address(es): 
  IP address: 172.29.10.16

-------------------------
Device ID: 4th_st_sw01.mongeneral.com
Entry address(es): 
  IP address: 172.29.10.15
Platform: cisco WS-C2960X-48FPD-L,  Capabilities: Switch IGMP 
Interface: TenGigabitEthernet2/0/6,  Port ID (outgoing port): TenGigabitEthernet2/0/1
Holdtime : 174 sec

Version :
Cisco IOS Software, C2960X Software (C2960X-UNIVERSALK9-M), Version 15.2(2)E5, RELEASE SOFTWARE (fc2)
Technical Support: http://www.cisco.com/techsupport
Copyright (c) 1986-2016 by Cisco Systems, Inc.
Compiled Thu 02-Jun-16 01:31 by prod_rel_team

advertisement version: 2
Protocol Hello:  OUI=0x00000C, Protocol ID=0x0112; payload len=27, value=00000000FFFFFFFF010225010000000000000038DF876500FF0000
VTP Management Domain: ''
Native VLAN: 666
Duplex: full
Management address(es): 
  IP address: 172.29.10.15

-------------------------
Device ID: 4th_st_sw01.mongeneral.com
Entry address(es): 
  IP address: 172.29.10.15
Platform: cisco WS-C2960X-48FPD-L,  Capabilities: Switch IGMP 
Interface: TenGigabitEthernet1/0/6,  Port ID (outgoing port): TenGigabitEthernet1/0/1
Holdtime : 137 sec

Version :
Cisco IOS Software, C2960X Software (C2960X-UNIVERSALK9-M), Version 15.2(2)E5, RELEASE SOFTWARE (fc2)
Technical Support: http://www.cisco.com/techsupport
Copyright (c) 1986-2016 by Cisco Systems, Inc.
Compiled Thu 02-Jun-16 01:31 by prod_rel_team

advertisement version: 2
Protocol Hello:  OUI=0x00000C, Protocol ID=0x0112; payload len=27, value=00000000FFFFFFFF010225010000000000000038DF876500FF0000
VTP Management Domain: ''
Native VLAN: 666
Duplex: full
Management address(es): 
  IP address: 172.29.10.15

-------------------------
Device ID: 1st_nt_sw01.mongeneral.com
Entry address(es): 
  IP address: 172.29.10.17
Platform: cisco WS-C2960X-48FPD-L,  Capabilities: Switch IGMP 
Interface: TenGigabitEthernet2/0/8,  Port ID (outgoing port): TenGigabitEthernet2/0/1
Holdtime : 145 sec

Version :
Cisco IOS Software, C2960X Software (C2960X-UNIVERSALK9-M), Version 15.2(2)E5, RELEASE SOFTWARE (fc2)
Technical Support: http://www.cisco.com/techsupport
Copyright (c) 1986-2016 by Cisco Systems, Inc.
Compiled Thu 02-Jun-16 01:31 by prod_rel_team

advertisement version: 2
Protocol Hello:  OUI=0x00000C, Protocol ID=0x0112; payload len=27, value=00000000FFFFFFFF010225010000000000000038DF0FAA00FF0000
VTP Management Domain: ''
Native VLAN: 666
Duplex: full
Management address(es): 
  IP address: 172.29.10.17

-------------------------
Device ID: 1st_nt_sw01.mongeneral.com
Entry address(es): 
  IP address: 172.29.10.17
Platform: cisco WS-C2960X-48FPD-L,  Capabilities: Switch IGMP 
Interface: TenGigabitEthernet1/0/8,  Port ID (outgoing port): TenGigabitEthernet1/0/1
Holdtime : 127 sec

Version :
Cisco IOS Software, C2960X Software (C2960X-UNIVERSALK9-M), Version 15.2(2)E5, RELEASE SOFTWARE (fc2)
Technical Support: http://www.cisco.com/techsupport
Copyright (c) 1986-2016 by Cisco Systems, Inc.
Compiled Thu 02-Jun-16 01:31 by prod_rel_team

advertisement version: 2
Protocol Hello:  OUI=0x00000C, Protocol ID=0x0112; payload len=27, value=00000000FFFFFFFF010225010000000000000038DF0FAA00FF0000
VTP Management Domain: ''
Native VLAN: 666
Duplex: full
Management address(es): 
  IP address: 172.29.10.17

-------------------------
Device ID: 2nd_nt_sw01.mongeneral.com
Entry address(es): 
  IP address: 172.29.10.18
Platform: cisco WS-C2960X-24PS-L,  Capabilities: Switch IGMP 
Interface: TenGigabitEthernet2/0/9,  Port ID (outgoing port): TenGigabitEthernet2/0/1
Holdtime : 174 sec

Version :
Cisco IOS Software, C2960X Software (C2960X-UNIVERSALK9-M), Version 15.2(2)E5, RELEASE SOFTWARE (fc2)
Technical Support: http://www.cisco.com/techsupport
Copyright (c) 1986-2016 by Cisco Systems, Inc.
Compiled Thu 02-Jun-16 01:31 by prod_rel_team

advertisement version: 2
Protocol Hello:  OUI=0x00000C, Protocol ID=0x0112; payload len=27, value=00000000FFFFFFFF010225010000000000002C0BE9784300FF0000
VTP Management Domain: ''
Native VLAN: 666
Duplex: full
Management address(es): 
  IP address: 172.29.10.18

-------------------------
Device ID: 2nd_nt_sw01.mongeneral.com
Entry address(es): 
  IP address: 172.29.10.18
Platform: cisco WS-C2960X-24PS-L,  Capabilities: Switch IGMP 
Interface: TenGigabitEthernet1/0/9,  Port ID (outgoing port): TenGigabitEthernet1/0/1
Holdtime : 172 sec

Version :
Cisco IOS Software, C2960X Software (C2960X-UNIVERSALK9-M), Version 15.2(2)E5, RELEASE SOFTWARE (fc2)
Technical Support: http://www.cisco.com/techsupport
Copyright (c) 1986-2016 by Cisco Systems, Inc.
Compiled Thu 02-Jun-16 01:31 by prod_rel_team

advertisement version: 2
Protocol Hello:  OUI=0x00000C, Protocol ID=0x0112; payload len=27, value=00000000FFFFFFFF010225010000000000002C0BE9784300FF0000
VTP Management Domain: ''
Native VLAN: 666
Duplex: full
Management address(es): 
  IP address: 172.29.10.18

-------------------------
Device ID: 3rd_st_sw01.mongeneral.com
Entry address(es): 
  IP address: 172.29.10.13
Platform: cisco WS-C2960X-48FPD-L,  Capabilities: Switch IGMP 
Interface: TenGigabitEthernet2/0/4,  Port ID (outgoing port): TenGigabitEthernet2/0/1
Holdtime : 171 sec

Version :
Cisco IOS Software, C2960X Software (C2960X-UNIVERSALK9-M), Version 15.2(2)E5, RELEASE SOFTWARE (fc2)
Technical Support: http://www.cisco.com/techsupport
Copyright (c) 1986-2016 by Cisco Systems, Inc.
Compiled Thu 02-Jun-16 01:31 by prod_rel_team

advertisement version: 2
Protocol Hello:  OUI=0x00000C, Protocol ID=0x0112; payload len=27, value=00000000FFFFFFFF010225010000000000000038DF790280FF0000
VTP Management Domain: ''
Native VLAN: 666
Duplex: full
Management address(es): 
  IP address: 172.29.10.13

-------------------------
Device ID: 3rd_st_sw01.mongeneral.com
Entry address(es): 
  IP address: 172.29.10.13
Platform: cisco WS-C2960X-48FPD-L,  Capabilities: Switch IGMP 
Interface: TenGigabitEthernet1/0/4,  Port ID (outgoing port): TenGigabitEthernet1/0/1
Holdtime : 169 sec

Version :
Cisco IOS Software, C2960X Software (C2960X-UNIVERSALK9-M), Version 15.2(2)E5, RELEASE SOFTWARE (fc2)
Technical Support: http://www.cisco.com/techsupport
Copyright (c) 1986-2016 by Cisco Systems, Inc.
Compiled Thu 02-Jun-16 01:31 by prod_rel_team

advertisement version: 2
Protocol Hello:  OUI=0x00000C, Protocol ID=0x0112; payload len=27, value=00000000FFFFFFFF010225010000000000000038DF790280FF0000
VTP Management Domain: ''
Native VLAN: 666
Duplex: full
Management address(es): 
  IP address: 172.29.10.13

-------------------------
Device ID: 2nd_nt_sw03.mongeneral.com
Entry address(es): 
  IP address: 172.29.10.20
Platform: cisco WS-C2960X-48FPD-L,  Capabilities: Switch IGMP 
Interface: TenGigabitEthernet1/0/11,  Port ID (outgoing port): TenGigabitEthernet1/0/1
Holdtime : 170 sec

Version :
Cisco IOS Software, C2960X Software (C2960X-UNIVERSALK9-M), Version 15.2(2)E5, RELEASE SOFTWARE (fc2)
Technical Support: http://www.cisco.com/techsupport
Copyright (c) 1986-2016 by Cisco Systems, Inc.
Compiled Thu 02-Jun-16 01:31 by prod_rel_team

advertisement version: 2
Protocol Hello:  OUI=0x00000C, Protocol ID=0x0112; payload len=27, value=00000000FFFFFFFF010225010000000000000038DF0F4900FF0000
VTP Management Domain: ''
Native VLAN: 666
Duplex: full
Management address(es): 
  IP address: 172.29.10.20

-------------------------
Device ID: 2nd_nt_sw03.mongeneral.com
Entry address(es): 
  IP address: 172.29.10.20
Platform: cisco WS-C2960X-48FPD-L,  Capabilities: Switch IGMP 
Interface: TenGigabitEthernet2/0/11,  Port ID (outgoing port): TenGigabitEthernet2/0/1
Holdtime : 173 sec

Version :
Cisco IOS Software, C2960X Software (C2960X-UNIVERSALK9-M), Version 15.2(2)E5, RELEASE SOFTWARE (fc2)
Technical Support: http://www.cisco.com/techsupport
Copyright (c) 1986-2016 by Cisco Systems, Inc.
Compiled Thu 02-Jun-16 01:31 by prod_rel_team

advertisement version: 2
Protocol Hello:  OUI=0x00000C, Protocol ID=0x0112; payload len=27, value=00000000FFFFFFFF010225010000000000000038DF0F4900FF0000
VTP Management Domain: ''
Native VLAN: 666
Duplex: full
Management address(es): 
  IP address: 172.29.10.20

-------------------------
Device ID: 3rd_st_sw02.mongeneral.com
Entry address(es): 
  IP address: 172.29.10.14
Platform: cisco WS-C2960X-48FPD-L,  Capabilities: Switch IGMP 
Interface: TenGigabitEthernet1/0/5,  Port ID (outgoing port): TenGigabitEthernet1/0/1
Holdtime : 155 sec

Version :
Cisco IOS Software, C2960X Software (C2960X-UNIVERSALK9-M), Version 15.2(2)E6, RELEASE SOFTWARE (fc1)
Technical Support: http://www.cisco.com/techsupport
Copyright (c) 1986-2016 by Cisco Systems, Inc.
Compiled Fri 16-Dec-16 21:27 by prod_rel_team

advertisement version: 2
Protocol Hello:  OUI=0x00000C, Protocol ID=0x0112; payload len=27, value=00000000FFFFFFFF0102250100000000000000C1B1B8BC80FF0000
VTP Management Domain: ''
Native VLAN: 666
Duplex: full
Management address(es): 
  IP address: 172.29.10.14

-------------------------
Device ID: 2nd_nt_sw02.mongeneral.com
Entry address(es): 
  IP address: 172.29.10.19
Platform: cisco WS-C2960X-48FPD-L,  Capabilities: Switch IGMP 
Interface: TenGigabitEthernet2/0/10,  Port ID (outgoing port): TenGigabitEthernet2/0/1
Holdtime : 166 sec

Version :
Cisco IOS Software, C2960X Software (C2960X-UNIVERSALK9-M), Version 15.2(2)E5, RELEASE SOFTWARE (fc2)
Technical Support: http://www.cisco.com/techsupport
Copyright (c) 1986-2016 by Cisco Systems, Inc.
Compiled Thu 02-Jun-16 01:31 by prod_rel_team

advertisement version: 2
Protocol Hello:  OUI=0x00000C, Protocol ID=0x0112; payload len=27, value=00000000FFFFFFFF010225010000000000000038DF8ACD80FF0000
VTP Management Domain: ''
Native VLAN: 666
Duplex: full
Management address(es): 
  IP address: 172.29.10.19

-------------------------
Device ID: 3rd_st_sw02.mongeneral.com
Entry address(es): 
  IP address: 172.29.10.14
Platform: cisco WS-C2960X-48FPD-L,  Capabilities: Switch IGMP 
Interface: TenGigabitEthernet2/0/5,  Port ID (outgoing port): TenGigabitEthernet2/0/1
Holdtime : 144 sec

Version :
Cisco IOS Software, C2960X Software (C2960X-UNIVERSALK9-M), Version 15.2(2)E6, RELEASE SOFTWARE (fc1)
Technical Support: http://www.cisco.com/techsupport
Copyright (c) 1986-2016 by Cisco Systems, Inc.
Compiled Fri 16-Dec-16 21:27 by prod_rel_team

advertisement version: 2
Protocol Hello:  OUI=0x00000C, Protocol ID=0x0112; payload len=27, value=00000000FFFFFFFF0102250100000000000000C1B1B8BC80FF0000
VTP Management Domain: ''
Native VLAN: 666
Duplex: full
Management address(es): 
  IP address: 172.29.10.14

-------------------------
Device ID: 2nd_nt_sw02.mongeneral.com
Entry address(es): 
  IP address: 172.29.10.19
Platform: cisco WS-C2960X-48FPD-L,  Capabilities: Switch IGMP 
Interface: TenGigabitEthernet1/0/10,  Port ID (outgoing port): TenGigabitEthernet1/0/1
Holdtime : 151 sec

Version :
Cisco IOS Software, C2960X Software (C2960X-UNIVERSALK9-M), Version 15.2(2)E5, RELEASE SOFTWARE (fc2)
Technical Support: http://www.cisco.com/techsupport
Copyright (c) 1986-2016 by Cisco Systems, Inc.
Compiled Thu 02-Jun-16 01:31 by prod_rel_team

advertisement version: 2
Protocol Hello:  OUI=0x00000C, Protocol ID=0x0112; payload len=27, value=00000000FFFFFFFF010225010000000000000038DF8ACD80FF0000
VTP Management Domain: ''
Native VLAN: 666
Duplex: full
Management address(es): 
  IP address: 172.29.10.19

-------------------------
Device ID: MGH1A-CORE.mongeneral.com
Entry address(es): 
  IP address: 172.26.2.122
Platform: cisco WS-C4507R+E,  Capabilities: Switch IGMP 
Interface: TenGigabitEthernet2/0/24,  Port ID (outgoing port): TenGigabitEthernet4/1
Holdtime : 131 sec

Version :
Cisco IOS Software, Catalyst 4500 L3 Switch Software (cat4500e-IPBASEK9-M), Version 15.0(2)SG2, RELEASE SOFTWARE (fc3)
Technical Support: http://www.cisco.com/techsupport
Copyright (c) 1986-2011 by Cisco Systems, Inc.
Compiled Wed 07-Dec-11 20:20 by prod_rel_team

advertisement version: 2
VTP Management Domain: 'MonGen'
Native VLAN: 666
Duplex: full
Management address(es): 
  IP address: 172.26.2.122

-------------------------
Device ID: MGH1A-CORE.mongeneral.com
Entry address(es): 
  IP address: 172.26.2.122
Platform: cisco WS-C4507R+E,  Capabilities: Switch IGMP 
Interface: TenGigabitEthernet1/0/24,  Port ID (outgoing port): TenGigabitEthernet3/1
Holdtime : 131 sec

Version :
Cisco IOS Software, Catalyst 4500 L3 Switch Software (cat4500e-IPBASEK9-M), Version 15.0(2)SG2, RELEASE SOFTWARE (fc3)
Technical Support: http://www.cisco.com/techsupport
Copyright (c) 1986-2011 by Cisco Systems, Inc.
Compiled Wed 07-Dec-11 20:20 by prod_rel_team

advertisement version: 2
VTP Management Domain: 'MonGen'
Native VLAN: 666
Duplex: full
Management address(es): 
  IP address: 172.26.2.122


Total cdp entries displayed : 38
1ST_NT_MDF_SW01#
DEBUG:paramiko.transport:starting thread (client mode): 0x51377e20
DEBUG:paramiko.transport:Local version/idstring: SSH-2.0-paramiko_2.7.1
DEBUG:paramiko.transport:Remote version/idstring: SSH-2.0-Cisco-1.25
INFO:paramiko.transport:Connected (version 2.0, client Cisco-1.25)
DEBUG:paramiko.transport:kex algos:['diffie-hellman-group-exchange-sha1', 'diffie-hellman-group14-sha1', 'diffie-hellman-group1-sha1'] server key:['ssh-rsa'] client encrypt:['aes128-ctr', 'aes192-ctr', 'aes256-ctr', 'aes128-cbc', '3des-cbc', 'aes192-cbc', 'aes256-cbc'] server encrypt:['aes128-ctr', 'aes192-ctr', 'aes256-ctr', 'aes128-cbc', '3des-cbc', 'aes192-cbc', 'aes256-cbc'] client mac:['hmac-sha1', 'hmac-sha1-96'] server mac:['hmac-sha1', 'hmac-sha1-96'] client compress:['none'] server compress:['none'] client lang:[''] server lang:[''] kex follows?False
DEBUG:paramiko.transport:Kex agreed: diffie-hellman-group-exchange-sha1
DEBUG:paramiko.transport:HostKey agreed: ssh-rsa
DEBUG:paramiko.transport:Cipher agreed: aes128-ctr
DEBUG:paramiko.transport:MAC agreed: hmac-sha1
DEBUG:paramiko.transport:Compression agreed: none
DEBUG:paramiko.transport:Got server p (2048 bits)
DEBUG:paramiko.transport:kex engine KexGex specified hash_algo <built-in function openssl_sha1>
DEBUG:paramiko.transport:Switch to new keys ...
DEBUG:paramiko.transport:Adding ssh-rsa host key for 1st_nt_mdf_sw01.mhs.org: b'dff1cc3dbc8e67a39efef4da8ecb0472'
DEBUG:paramiko.transport:userauth is OK
INFO:paramiko.transport:Authentication (password) successful!
DEBUG:paramiko.transport:[chan 0] Max packet in: 32768 bytes
DEBUG:paramiko.transport:[chan 0] Max packet out: 4096 bytes
DEBUG:paramiko.transport:Secsh channel 0 opened.
DEBUG:paramiko.transport:[chan 0] Sesch channel 0 request ok
DEBUG:paramiko.transport:[chan 0] Sesch channel 0 request ok
DEBUG:netmiko:read_channel: 
------------------------------------------------------------------------------------
WARNING:


This system is for the use of authorized clients only. Individuals using the
computer network system without authorization, or in excess of their authorization,
are subject to having all their activity on this computer network system monitored
and recorded by system personnel.  To protect the computer network system from
unauthorized use and to ensure the computer network system is functioning properly,
system administrators monitor this system.  Anyone using this computer network
system expressly consents to such monitoring and is advised that if such monitoring
reveals possible conduct of criminal activity, system personnel may provide the
evidence of such activity to law enforcement officers.

Access is restricted to authorized users only.

Unauthorized access is a violation of state and federal, civil and criminal laws.
------------------------------------------------------------------------------------
1ST_NT_MDF_SW01>
DEBUG:netmiko:read_channel: 
DEBUG:netmiko:read_channel: 
DEBUG:netmiko:read_channel: 
DEBUG:netmiko:write_channel: b'\n'
DEBUG:netmiko:read_channel: 

DEBUG:netmiko:read_channel: 
DEBUG:netmiko:write_channel: b'\n'
DEBUG:netmiko:read_channel: 1ST_NT_MDF_SW01>

DEBUG:netmiko:read_channel: 1ST_NT_MDF_SW01>
DEBUG:netmiko:Clear buffer detects data in the channel
DEBUG:netmiko:read_channel: 
DEBUG:netmiko:[find_prompt()]: prompt is 1ST_NT_MDF_SW01>
DEBUG:netmiko:read_channel: 
DEBUG:netmiko:In disable_paging
DEBUG:netmiko:Command: terminal length 0

DEBUG:netmiko:write_channel: b'terminal length 0\n'
DEBUG:netmiko:Pattern is: terminal\ length\ 0
DEBUG:netmiko:_read_channel_expect read_data: t
DEBUG:netmiko:_read_channel_expect read_data: e
DEBUG:netmiko:_read_channel_expect read_data: rm
DEBUG:netmiko:_read_channel_expect read_data: in
DEBUG:netmiko:_read_channel_expect read_data: al
DEBUG:netmiko:_read_channel_expect read_data:  l
DEBUG:netmiko:_read_channel_expect read_data: e
DEBUG:netmiko:_read_channel_expect read_data: ng
DEBUG:netmiko:_read_channel_expect read_data: th 
DEBUG:netmiko:_read_channel_expect read_data: 0

DEBUG:netmiko:Pattern found: terminal\ length\ 0 terminal length 0

DEBUG:netmiko:terminal length 0

DEBUG:netmiko:Exiting disable_paging
DEBUG:netmiko:write_channel: b'terminal width 511\n'
DEBUG:netmiko:Pattern is: terminal\ width\ 511
DEBUG:netmiko:_read_channel_expect read_data: 1ST_NT_MDF_SW01>
DEBUG:netmiko:_read_channel_expect read_data: te
DEBUG:netmiko:_read_channel_expect read_data: rm
DEBUG:netmiko:_read_channel_expect read_data: in
DEBUG:netmiko:_read_channel_expect read_data: al
DEBUG:netmiko:_read_channel_expect read_data:  w
DEBUG:netmiko:_read_channel_expect read_data: id
DEBUG:netmiko:_read_channel_expect read_data: th
DEBUG:netmiko:_read_channel_expect read_data:  5
DEBUG:netmiko:_read_channel_expect read_data: 11
DEBUG:netmiko:Pattern found: terminal\ width\ 511 1ST_NT_MDF_SW01>terminal width 511
DEBUG:netmiko:read_channel: 
1ST_NT_MDF_SW01>
DEBUG:netmiko:Clear buffer detects data in the channel
DEBUG:netmiko:read_channel: 
DEBUG:netmiko:write_channel: b'\n'
DEBUG:netmiko:Pattern is: 1ST_NT_MDF_SW01
DEBUG:netmiko:_read_channel_expect read_data: 

DEBUG:netmiko:_read_channel_expect read_data: 1ST_NT_MDF_SW01>
DEBUG:netmiko:Pattern found: 1ST_NT_MDF_SW01 
1ST_NT_MDF_SW01>
DEBUG:netmiko:write_channel: b'enable\n'
DEBUG:netmiko:Pattern is: (1ST_NT_MDF_SW01|ssword)
DEBUG:netmiko:_read_channel_expect read_data: e
DEBUG:netmiko:_read_channel_expect read_data: na
DEBUG:netmiko:_read_channel_expect read_data: bl
DEBUG:netmiko:_read_channel_expect read_data: e
DEBUG:netmiko:_read_channel_expect read_data: 
Password: 
DEBUG:netmiko:Pattern found: (1ST_NT_MDF_SW01|ssword) enable
Password: 
DEBUG:netmiko:write_channel: b'change-mgh\n'
DEBUG:netmiko:Pattern is: 1ST_NT_MDF_SW01
DEBUG:netmiko:_read_channel_expect read_data: 
1ST_NT_MDF_SW01#
DEBUG:netmiko:Pattern found: 1ST_NT_MDF_SW01 
1ST_NT_MDF_SW01#
DEBUG:netmiko:write_channel: b'\n'
DEBUG:netmiko:Pattern is: 1ST_NT_MDF_SW01
DEBUG:netmiko:_read_channel_expect read_data: 

DEBUG:netmiko:_read_channel_expect read_data: 1ST_NT_MDF_SW01#
DEBUG:netmiko:Pattern found: 1ST_NT_MDF_SW01 
1ST_NT_MDF_SW01#
DEBUG:netmiko:read_channel: 
DEBUG:netmiko:write_channel: b'\n'
DEBUG:netmiko:read_channel: 
DEBUG:netmiko:read_channel: 
DEBUG:netmiko:write_channel: b'\n'
DEBUG:netmiko:read_channel: 
1ST_NT_MDF_SW01#
DEBUG:netmiko:read_channel: 
1ST_NT_MDF_SW01#
DEBUG:netmiko:Clear buffer detects data in the channel
DEBUG:netmiko:read_channel: 
DEBUG:netmiko:[find_prompt()]: prompt is 1ST_NT_MDF_SW01#
DEBUG:netmiko:read_channel: 
DEBUG:netmiko:write_channel: b'sh cdp nei det\n'
DEBUG:netmiko:Pattern is: sh\ cdp\ nei\ det
DEBUG:netmiko:_read_channel_expect read_data: s
DEBUG:netmiko:_read_channel_expect read_data: h
DEBUG:netmiko:_read_channel_expect read_data:  c
DEBUG:netmiko:_read_channel_expect read_data: dp
DEBUG:netmiko:_read_channel_expect read_data:  n
DEBUG:netmiko:_read_channel_expect read_data: ei
DEBUG:netmiko:_read_channel_expect read_data:  d
DEBUG:netmiko:_read_channel_expect read_data: et
DEBUG:netmiko:Pattern found: sh\ cdp\ nei\ det sh cdp nei det
DEBUG:netmiko:read_channel: 
-------------------------
Device ID: 3rd_nt_sw01.mongeneral.com
Entry address(es): 
  IP address: 172.29.10.21
Platform: cisco WS-C2960X-48FPD-L,  Capabilities: Switch IGMP 
Interface: TenGigabitEthernet2/0/12,  Port ID (outgoing port): TenGigabitEthernet2/0/1
Holdtime : 140 sec

Version :
Cisco IOS Software, C2960X Software (C2960X-UNIVERSALK9-M), Version 15.2(2)E5, RELEASE SOFTWARE (fc2)
Technical Support: http://www.cisco.com/techsupport
Copyright (c) 1986-2016 by Cisco Systems, Inc.
Compiled Thu 02-Jun-16 01:31 by prod_rel_team

advertisement version: 2
Protocol Hello:  OUI=0x00000C, Protocol ID=0x0112; payload len=27, value=00000000FFFFFFFF010225010000000000000038DF86BA00FF0000
VTP Management Domain: ''
Native VLAN: 666
Duplex: full
Management address(es): 
  IP address: 172.29.10.21

-------------------------
Device ID: 3rd_nt_sw01.mongeneral.com
Entry address(es): 
  IP address: 172.29.10.21
Platform: cisco WS-C2960X-48FPD-L,  Capabilities: Switch IGMP 
Interface: TenGigabitEthernet1/0/12,  Port ID (outgoing port): TenGigabitEthernet1/0/1
Holdtime : 144 sec

Version :
Cisco IOS Software, C2960X Software (C2960X-UNIVERSALK9-M), Version 15.2(2)E5, RELEASE SOFTWARE (fc2)
Technical Support: http://www.cisco.com/techsupport
Copyright (c) 1986-2016 by Cisco Systems, Inc.
Compiled Thu 02-Jun-16 01:31 by prod_rel_team

advertisement version: 2
Protocol Hello:  OUI=0x00000C, Protocol ID=0x0112; payload len=27, value=00000000FFFFFFFF010225010000000000000038DF86BA00FF0000
VTP Management Domain: ''
Native VLAN: 666
Duplex: full
Management address(es): 
  IP address: 172.29.10.21

-------------------------
Device ID: 2nd_st_sw01.mongeneral.com
Entry address(es): 
  IP address: 172.29.10.12
Platform: cisco WS-C2960X-48FPD-L,  Capabilities: Switch IGMP 
Interface: TenGigabitEthernet2/0/3,  Port ID (outgoing port): TenGigabitEthernet2/0/1
Holdtime : 131 sec

Version :
Cisco IOS Software, C2960X Software (C2960X-UNIVERSALK9-M), Version 15.2(2)E5, RELEASE SOFTWARE (fc2)
Technical Support: http://www.cisco.com/techsupport
Copyright (c) 1986-2016 by Cisco Systems, Inc.
Compiled Thu 02-Jun-16 01:31 by prod_rel_team

advertisement version: 2
Protocol Hello:  OUI=0x00000C, Protocol ID=0x0112; payload len=27, value=00000000FFFFFFFF010225010000000000000038DF751E00FF0000
VTP Management Domain: ''
Native VLAN: 666
Duplex: full
Management address(es): 
  IP address: 172.29.10.12

-------------------------
Device ID: 2nd_st_sw01.mongeneral.com
Entry address(es): 
  IP address: 172.29.10.12
Platform: cisco WS-C2960X-48FPD-L,  Capabilities: Switch IGMP 
Interface: TenGigabitEthernet1/0/3,  Port ID (outgoing port): TenGigabitEthernet1/0/1
Holdtime : 152 sec

Version :
Cisco IOS Software, C2960X Software (C2960X-UNIVERSALK9-M), Version 15.2(2)E5, RELEASE SOFTWARE (fc2)
Technical Support: http://www.cisco.com/techsupport
Copyright (c) 1986-2016 by Cisco Systems, Inc.
Compiled Thu 02-Jun-16 01:31 by prod_rel_team

advertisement version: 2
Protocol Hello:  OUI=0x00000C, Protocol ID=0x0112; payload len=27, value=00000000FFFFFFFF010225010000000000000038DF751E00FF0000
VTP Management Domain: ''
Native VLAN: 666
Duplex: full
Management address(es): 
  IP address: 172.29.10.12

-------------------------
Device ID: 3rd_nt_sw02.mongeneral.com
Entry address(es): 
  IP address: 172.29.10.22
Platform: cisco WS-C2960X-48FPD-L,  Capabilities: Switch IGMP 
Interface: TenGigabitEthernet1/0/13,  Port ID (outgoing port): TenGigabitEthernet1/0/1
Holdtime : 155 sec

Version :
Cisco IOS Software, C2960X Software (C2960X-UNIVERSALK9-M), Version 15.2(2)E5, RELEASE SOFTWARE (fc2)
Technical Support: http://www.cisco.com/techsupport
Copyright (c) 1986-2016 by Cisco Systems, Inc.
Compiled Thu 02-Jun-16 01:31 by prod_rel_team

advertisement version: 2
Protocol Hello:  OUI=0x00000C, Protocol ID=0x0112; payload len=27, value=00000000FFFFFFFF010225010000000000000038DF0F6A00FF0000
VTP Management Domain: ''
Native VLAN: 666
Duplex: full
Management address(es): 
  IP address: 172.29.10.22

-------------------------
Device ID: 3rd_nt_sw02.mongeneral.com
Entry address(es): 
  IP address: 172.29.10.22
Platform: cisco WS-C2960X-48FPD-L,  Capabilities: Switch IGMP 
Interface: TenGigabitEthernet2/0/13,  Port ID (outgoing port): TenGigabitEthernet2/0/1
Holdtime : 154 sec

Version :
Cisco IOS Software, C2960X Software (C2960X-UNIVERSALK9-M), Version 15.2(2)E5, RELEASE SOFTWARE (fc2)
Technical Support: http://www.cisco.com/techsupport
Copyright (c) 1986-2016 by Cisco Systems, Inc.
Compiled Thu 02-Jun-16 01:31 by prod_rel_team

advertisement version: 2
Protocol Hello:  OUI=0x00000C, Protocol ID=0x0112; payload len=27, value=00000000FFFFFFFF010225010000000000000038DF0F6A00FF0000
VTP Management Domain: ''
Native VLAN: 666
Duplex: full
Management address(es): 
  IP address: 172.29.10.22

-------------------------
Device ID: 1st_conf_sw01.mongeneral.com
Entry address(es): 
  IP address: 172.29.10.28
Platform: cisco WS-C2960X-48FPD-L,  Capabilities: Switch IGMP 
Interface: TenGigabitEthernet2/0/18,  Port ID (outgoing port): TenGigabitEthernet1/0/2
Holdtime : 130 sec

Version :
Cisco IOS Software, C2960X Software (C2960X-UNIVERSALK9-M), Version 15.2(2)E5, RELEASE SOFTWARE (fc2)
Technical Support: http://www.cisco.com/techsupport
Copyright (c) 1986-2016 by Cisco Systems, Inc.
Compiled Thu 02-Jun-16 01:31 by prod_rel_team

advertisement version: 2
Protocol Hello:  OUI=0x00000C, Protocol ID=0x0112; payload len=27, value=00000000FFFFFFFF010225010000000000000038DF8AB680FF0000
VTP Management Domain: ''
Native VLAN: 666
Duplex: full
Management address(es): 
  IP address: 172.29.10.28

-------------------------
Device ID: 4th_nt_sw01.mongeneral.com
Entry address(es): 
  IP address: 172.29.10.23
Platform: cisco WS-C2960X-48FPD-L,  Capabilities: Switch IGMP 
Interface: TenGigabitEthernet1/0/14,  Port ID (outgoing port): TenGigabitEthernet1/0/1
Holdtime : 165 sec

Version :
Cisco IOS Software, C2960X Software (C2960X-UNIVERSALK9-M), Version 15.2(2)E5, RELEASE SOFTWARE (fc2)
Technical Support: http://www.cisco.com/techsupport
Copyright (c) 1986-2016 by Cisco Systems, Inc.
Compiled Thu 02-Jun-16 01:31 by prod_rel_team

advertisement version: 2
Protocol Hello:  OUI=0x00000C, Protocol ID=0x0112; payload len=27, value=00000000FFFFFFFF010225010000000000000038DF875E00FF0000
VTP Management Domain: ''
Native VLAN: 666
Duplex: full
Management address(es): 
  IP address: 172.29.10.23

-------------------------
Device ID: 4th_nt_sw01.mongeneral.com
Entry address(es): 
  IP address: 172.29.10.23
Platform: cisco WS-C2960X-48FPD-L,  Capabilities: Switch IGMP 
Interface: TenGigabitEthernet2/0/14,  Port ID (outgoing port): TenGigabitEthernet2/0/1
Holdtime : 141 sec

Version :
Cisco IOS Software, C2960X Software (C2960X-UNIVERSALK9-M), Version 15.2(2)E5, RELEASE SOFTWARE (fc2)
Technical Support: http://www.cisco.com/techsupport
Copyright (c) 1986-2016 by Cisco Systems, Inc.
Compiled Thu 02-Jun-16 01:31 by prod_rel_team

advertisement version: 2
Protocol Hello:  OUI=0x00000C, Protocol ID=0x0112; payload len=27, value=00000000FFFFFFFF010225010000000000000038DF875E00FF0000
VTP Management Domain: ''
Native VLAN: 666
Duplex: full
Management address(es): 
  IP address: 172.29.10.23

-------------------------
Device ID: 1st_conf_sw01.mongeneral.com
Entry address(es): 
  IP address: 172.29.10.28
Platform: cisco WS-C2960X-48FPD-L,  Capabilities: Switch IGMP 
Interface: TenGigabitEthernet1/0/18,  Port ID (outgoing port): TenGigabitEthernet1/0/1
Holdtime : 160 sec

Version :
Cisco IOS Software, C2960X Software (C2960X-UNIVERSALK9-M), Version 15.2(2)E5, RELEASE SOFTWARE (fc2)
Technical Support: http://www.cisco.com/techsupport
Copyright (c) 1986-2016 by Cisco Systems, Inc.
Compiled Thu 02-Jun-16 01:31 by prod_rel_team

advertisement version: 2
Protocol Hello:  OUI=0x00000C, Protocol ID=0x0112; payload len=27, value=00000000FFFFFFFF010225010000000000000038DF8AB680FF0000
VTP Management Domain: ''
Native VLAN: 666
Duplex: full
Management addre
DEBUG:netmiko:read_channel: ss(es): 
  IP address: 172.29.10.28

-------------------------
Device ID: 1st_st_sw02.mongeneral.com
Entry address(es): 
  IP address: 172.29.10.11
Platform: cisco WS-C2960X-48FPD-L,  Capabilities: Switch IGMP 
Interface: TenGigabitEthernet2/0/2,  Port ID (outgoing port): TenGigabitEthernet2/0/1
Holdtime : 131 sec

Version :
Cisco IOS Software, C2960X Software (C2960X-UNIVERSALK9-M), Version 15.2(2)E5, RELEASE SOFTWARE (fc2)
Technical Support: http://www.cisco.com/techsupport
Copyright (c) 1986-2016 by Cisco Systems, Inc.
Compiled Thu 02-Jun-16 01:31 by prod_rel_team

advertisement version: 2
Protocol Hello:  OUI=0x00000C, Protocol ID=0x0112; payload len=27, value=00000000FFFFFFFF010225010000000000000038DF790600FF0000
VTP Management Domain: ''
Native VLAN: 666
Duplex: full
Management address(es): 
  IP address: 172.29.10.11

-------------------------
Device ID: 1st_st_sw02.mongeneral.com
Entry address(es): 
  IP address: 172.29.10.11
Platform: cisco WS-C2960X-48FPD-L,  Capabilities: Switch IGMP 
Interface: TenGigabitEthernet1/0/2,  Port ID (outgoing port): TenGigabitEthernet1/0/1
Holdtime : 124 sec

Version :
Cisco IOS Software, C2960X Software (C2960X-UNIVERSALK9-M), Version 15.2(2)E5, RELEASE SOFTWARE (fc2)
Technical Support: http://www.cisco.com/techsupport
Copyright (c) 1986-2016 by Cisco Systems, Inc.
Compiled Thu 02-Jun-16 01:31 by prod_rel_team

advertisement version: 2
Protocol Hello:  OUI=0x00000C, Protocol ID=0x0112; payload len=27, value=00000000FFFFFFFF010225010000000000000038DF790600FF0000
VTP Management Domain: ''
Native VLAN: 666
Duplex: full
Management address(es): 
  IP address: 172.29.10.11

-------------------------
Device ID: 5th_nt_sw01.mongeneral.com
Entry address(es): 
  IP address: 172.29.10.24
Platform: cisco WS-C2960X-48FPD-L,  Capabilities: Switch IGMP 
Interface: TenGigabitEthernet2/0/15,  Port ID (outgoing port): TenGigabitEthernet2/0/1
Holdtime : 123 sec

Version :
Cisco IOS Software, C2960X Software (C2960X-UNIVERSALK9-M), Version 15.2(2)E5, RELEASE SOFTWARE (fc2)
Technical Support: http://www.cisco.com/techsupport
Copyright (c) 1986-2016 by Cisco Systems, Inc.
Compiled Thu 02-Jun-16 01:31 by prod_rel_team

advertisement version: 2
Protocol Hello:  OUI=0x00000C, Protocol ID=0x0112; payload len=27, value=00000000FFFFFFFF010225010000000000000038DF8AE080FF0000
VTP Management Domain: ''
Native VLAN: 666
Duplex: full
Management address(es): 
  IP address: 172.29.10.24

-------------------------
Device ID: 5th_nt_sw01.mongeneral.com
Entry address(es): 
  IP address: 172.29.10.24
Platform: cisco WS-C2960X-48FPD-L,  Capabilities: Switch IGMP 
Interface: TenGigabitEthernet1/0/15,  Port ID (outgoing port): TenGigabitEthernet1/0/1
Holdtime : 139 sec

Version :
Cisco IOS Software, C2960X Software (C2960X-UNIVERSALK9-M), Version 15.2(2)E5, RELEASE SOFTWARE (fc2)
Technical Support: http://www.cisco.com/techsupport
Copyright (c) 1986-2016 by Cisco Systems, Inc.
Compiled Thu 02-Jun-16 01:31 by prod_rel_team

advertisement version: 2
Protocol Hello:  OUI=0x00000C, Protocol ID=0x0112; payload len=27, value=00000000FFFFFFFF010225010000000000000038DF8AE080FF0000
VTP Management Domain: ''
Native VLAN: 666
Duplex: full
Management address(es): 
  IP address: 172.29.10.24

-------------------------
Device ID: 6th_nt_sw01.mongeneral.com
Entry address(es): 
  IP address: 172.29.10.26
Platform: cisco WS-C2960X-48FPD-L,  Capabilities: Switch IGMP 
Interface: TenGigabitEthernet2/0/17,  Port ID (outgoing port): TenGigabitEthernet2/0/2
Holdtime : 122 sec

Version :
Cisco IOS Software, C2960X Software (C2960X-UNIVERSALK9-M), Version 15.2(2)E5, RELEASE SOFTWARE (fc2)
Technical Support: http://www.cisco.com/techsupport
Copyright (c) 1986-2016 by Cisco Systems, Inc.
Compiled Thu 02-Jun-16 01:31 by prod_rel_team

advertisement version: 2
Protocol Hello:  OUI=0x00000C, Protocol ID=0x0112; payload len=27, value=00000000FFFFFFFF010225010000000000000038DF86E980FF0000
VTP Management Domain: ''
Native VLAN: 666
Duplex: full
Management address(es): 
  IP address: 172.29.10.26

-------------------------
Device ID: 5th_nt_sw02.mongeneral.com
Entry address(es): 
  IP address: 172.29.10.25
Platform: cisco WS-C2960X-48FPD-L,  Capabilities: Switch IGMP 
Interface: TenGigabitEthernet1/0/16,  Port ID (outgoing port): TenGigabitEthernet1/0/1
Holdtime : 139 sec

Version :
Cisco IOS Software, C2960X Software (C2960X-UNIVERSALK9-M), Version 15.2(2)E5, RELEASE SOFTWARE (fc2)
Technical Support: http://www.cisco.com/techsupport
Copyright (c) 1986-2016 by Cisco Systems, Inc.
Compiled Thu 02-Jun-16 01:31 by prod_rel_team

advertisement version: 2
Protocol Hello:  OUI=0x00000C, Protocol ID=0x0112; payload len=27, value=00000000FFFFFFFF010225010000000000000038DF0FAB00FF0000
VTP Management Domain: ''
Native VLAN: 666
Duplex: full
Management address(es): 
  IP address: 172.29.10.25

-------------------------
Device ID: 6th_nt_sw01.mongeneral.com
Entry address(es): 
  IP address: 172.29.10.26
Platform: cisco WS-C2960X-48FPD-L,  Capabilities: Switch IGMP 
Interface: TenGigabitEthernet1/0/17,  Port ID (outgoing port): TenGigabitEthernet1/0/1
Holdtime : 157 sec

Version :
Cisco IOS Software, C2960X Software (C2960X-UNIVERSALK9-M), Version 15.2(2)E5, RELEASE SOFTWARE (fc2)
Technical Support: http://www.cisco.com/techsupport
Copyright (c) 1986-2016 by Cisco Systems, Inc.
Compiled Thu 02-Jun-16 01:31 by prod_rel_team

advertisement version: 2
Protocol Hello:  OUI=0x00000C, Protocol ID=0x0112; payload len=27, value=00000000FFFFFFFF010225010000000000000038DF86E980FF0000
VTP Management Domain: ''
Native VLAN: 666
Duplex: full
Management address(es): 
  IP address: 172.29.10.26

-------------------------
Device ID: 5th_nt_sw02.mongeneral.com
Entry address(es): 
  IP address: 172.29.10.25
Platform: cisco WS-C2960X-48FPD-L,  Capabilities: Switch IGMP 
Interface: TenGigabitEthernet2/0/16,  Port ID (outgoing port): TenGigabitEthernet2/0/1
Holdtime : 161 sec

Version :
Cisco IOS Software, C2960X Software (C2960X-UNIVERSALK9-M), Version 15.2(2)E5, RELEASE SOFTWARE (fc2)
Technical Support: http://www.cisco.com/techsupport
Copyright (c) 1986-2016 by Cisco Systems, Inc.
Compiled Thu 02-Jun-16 01:31 by prod_rel_team

advertisement version: 2
Protocol Hello:  OUI=0x00000C, Protocol ID=0x0112; payload len=27, value=00000000FFFFFFFF010225010000000000000038DF0FAB00FF0000
VTP Management Domain: ''
Native VLAN: 666
Duplex: full
Management address(es): 
  IP address: 172.29.10.25

-------------------------
Device ID: 1st_st_sw01.mongeneral.com
Entry address(es): 
  IP address: 172.29.10.10
Platform: cisco WS-C2960X-48FPD-L,  Capabilities: Switch IGMP 
Interface: TenGigabitEthernet2/0/1,  Port ID (outgoing port): TenGigabitEthernet2/0/1
Holdtime : 166 sec

Version :
Cisco IOS Software, C2960X Software (C2960X-UNIVERSALK9-M), Version 15.2(2)E5, RELEASE SOFTWARE (fc2)
Technical Support: http://www.cisco.com/techsupport
Copyright (c) 1986-2016 by Cisco Systems, Inc.
Compiled Thu 02-Jun-16 01:31 by prod_rel_team

advertisement version: 2
Protocol Hello:  OUI=0x00000C, Protocol ID=0x0112; payload len=27, value=00000000FFFFFFFF010225010000000000000038DF86E780FF0000
VTP Management Domain: ''
Native VLAN: 666
Duplex: full
Management address(es): 
  IP address: 172.29.10.10

-------------------------
Device ID: 1st_st_sw01.mongeneral.com
Entry address(es): 
  IP address: 172.29.10.10
Platform: cisco WS-C2960X-48FPD-L,  Capabilities: Switch IGMP 
Interface: TenGigabitEthernet1/0/1,  Port ID (outgoing port): TenGigabitEthernet1/0/1
Holdtime : 169 sec

Version :
Cisco IOS Software, C2960X Software (C2960X-UNIVERSALK9-M), Version 15.2(2)E5, RELEASE SOFTWARE (fc2)
Technical Support: http://www.cisco.com/techsupport
Copyright (c) 1986-2016 by Cisco Systems, Inc.
Compiled Thu 02-Jun-16 01:31 by prod_rel_team

advertisement version: 2
Protocol Hello:  OUI=0x00000C, Protocol ID=0x0112; payload len=27, value=00000000FFFFFFFF010225010000000000000038DF86E780FF0000
VTP Management Domain: ''
Native VLAN: 666
Duplex: full
Management address(es): 
  IP address: 172.29.10.10

-------------------------
Device ID: 5th_st_sw01.mongeneral.com
Entry address(es): 
  IP address: 172.29.10.16
Platform: cisco WS-C2960X-48FPD-L,  Capabilities: Switch IGMP 
Interface: TenGigabitEthernet2/0/7,  Port ID (outgoing port): TenGigabitEthernet2/0/1
Holdtime : 158 sec

Version :
Cisco IOS Software, C2960X Software (C2960X-UNIVERSALK9-M), Version 15.2(2)E5, RELEASE SOFTWARE (fc2)
Technical Support: http://www.cisco.com/techsupport
Copyright (c) 1986-2016 by Cisco Systems, Inc.
Compiled Thu 02-Jun-16 01:31 by prod_rel_team

advertisement version: 2
Protocol Hello:  OUI=0x00000C, Protocol ID=0x0112; payload len=27, value=00000000FFFFFFFF010225010000000000000038DF8AC580FF0000
VTP Management Domain: ''
Native VLAN: 666
Duplex: full
Management address(es): 
  IP address: 172.29.10.16

-------------------------
Device ID: 5th_st_sw01.mongeneral.com
Entry address(es): 
  IP address: 172.29.10.16
Platform: cisco WS-C2960X-48FPD-L,  Capabilities: Switch IGMP 
Interface: TenGigabitEthernet1/0/7,  Port ID (outgoing port): TenGigabitEthernet1/0/1
Holdtime : 161 sec

Version :
Cisco IOS Software, C2960X Software (C2960X-UNIVERSALK9-M), Version 15.2(2)E5, RELEASE SOFTWARE (fc2)
Technical Support: http://www.cisco.com/techsupport
Copyright (c) 1986-2016 by Cisco Systems, Inc.
Compiled Thu 02-Jun-16 01:31 by prod_rel_team

advertisement version: 2
Protocol Hello:  OUI=0x00000C, Protocol ID=0x0112; payload len=27, value=00000000FFFFFFFF010225010000000000000038DF8AC580FF0000
VTP Management Domain: ''
Native VLAN: 666
Duplex: full
Management address(es): 
  IP address: 172.29.10.16

-------------------------
Device ID: 4th_st_sw01.mongeneral.com
Entry address(es): 
  IP address: 172.29.10.15
Platform: cisco WS-C2960X-48FPD-L,  Capabilities: Switch IGMP 
Interface: TenGigabitEthernet2/0/6,  Port ID (outgoing port): TenGigabitEthernet2/0/1
Holdtime : 169 sec

Version :
Cisco IOS Software, C2960X Software (C2960X-UNIVERSALK9-M), Version 15.2(2)E5, RELEASE SOFTWARE (fc2)
Technical Support: http://www.cisco.com/techsupport
Copyright (c) 1986-2016 by Cisco Systems, Inc.
Compiled Thu 02-Jun-16 01:31 by prod_rel_team

advertisement version: 2
Protocol Hello:  OUI=0x00000C, Protocol ID=0x0112; payload len=27, value=00000000FFFFFFFF010225010000000000000038DF876500FF0000
VTP Management Domain: ''
Native VLAN: 666
Duplex: full
Management address(es): 
  IP address: 172.29.10.15

-------------------------
Device ID: 4th_st_sw01.mongeneral.com
Entry address(es): 
  IP address: 172.29.10.15
Platform: cisco WS-C2960X-48FPD-L,  Capabilities: Switch IGMP 
Interface: TenGigabitEthernet1/0/6,  Port ID (outgoing port): TenGigabitEthernet1/0/1
Holdtime : 142 sec

Version :
Cisco IOS Software, C2960X Software (C2960X-UNIVERSALK9-M), Version 15.2(2)E5, RELEASE SOFTWARE (fc2)
Technical Support: http://www.cisco.com/techsupport
Copyright (c) 1986-2016 by Cisco Systems, Inc.
Compiled Thu 02-Jun-16 01:31 by prod_rel_team

advertisement version: 2
Protocol Hello:  OUI=0x00000C, Protocol ID=0x0112; payload len=27, value=00000000FFFFFFFF010225010000000000000038DF876500FF0000
VTP Management Domain: ''
Native VLAN: 666
Duplex: full
Management address(es): 
  IP address: 172.29.10.15

-------------------------
Device ID: 1st_nt_sw01.mongeneral.com
Entry address(es): 
  IP address: 172.29.10.17
Platform: cisco WS-C2960X-48FPD-L,  Capabilities: Switch IGMP 
Interface: TenGigabitEthernet2/0/8,  Port ID (outgoing port): TenGigabitEthernet2/0/1
Holdtime : 134 sec

Version :
Cisco IOS Software, C2960X Software (C2960X-UNIVERSALK9-M), Version 15.2(2)E5, RELEASE SOFTWARE (fc2)
Technical Support: http://www.cisco.com/techsupport
Copyright (c) 1986-2016 by Cisco Systems, Inc.
Compiled Thu 02-Jun-16 01:31 by prod_rel_team

advertisement version: 2
Protocol Hello:  OUI=0x00000C, Protocol ID=0x0112; payload len=27, value=00000000FFFFFFFF010225010000000000000038DF0FAA00FF0000
VTP Management Domain: ''
Native VLAN: 666
Duplex: full
Management address(es): 
  IP address: 172.29.10.17

-------------------------
Device ID: 1st_nt_sw01.mongeneral.com
Entry address(es): 
  IP address: 172.29.10.17
Platform: cisco WS-C2960X-48FPD-L,  Capabilities: Switch IGMP 
Interface: TenGigabitEthernet1/0/8,  Port ID (outgoing port): TenGigabitEthernet1/0/1
Holdtime : 151 sec

Version :
Cisco IOS Software, C2960X Software (C2960X-UNIVERSALK9-M), Version 15.2(2)E5, RELEASE SOFTWARE (fc2)
Technical Support: http://www.cisco.com/techsupport
Copyright (c) 1986-2016 by Cisco Systems, Inc.
Compiled Thu 02-Jun-16 01:31 by prod_rel_team

advertisement version: 2
Protocol Hello:  OUI=0x00000C, Protocol ID=0x0112; payload len=27, value=00000000FFFFFFFF010225010000000000000038DF0FAA00FF0000
VTP Management Domain: ''
Native VLAN: 666
Duplex: full
Management address(es): 
  IP address: 172.29.10.17

-------------------------
Device ID: 2nd_nt_sw01.mongeneral.com
Entry address(es): 
  IP address: 172.29.10.18
Platform: cisco WS-C2960X-24PS-L,  Capabilities: Switch IGMP 
Interface: TenGigabitEthernet2/0/9,  Port ID (outgoing port): TenGigabitEthernet2/0/1
Holdtime : 146 sec

Version :
Cisco IOS Software, C2960X Software (C2960X-UNIVERSALK9-M), Version 15.2(2)E5, RELEASE SOFTWARE (fc2)
Technical Support: http://www.cisco.com/techsupport
Copyright (c) 1986-2016 by Cisco Systems, Inc.
Compiled Thu 02-Jun-16 01:31 by prod_rel_team

advertisement version: 2
Protocol Hello:  OUI=0x00000C, Protocol ID=0x0112; payload len=27, value=00000000FFFFFFFF010225010000000000002C0BE9784300FF0000
VTP Management Domain: ''
Native VLAN: 666
Duplex: full
Management address(es): 
  IP address: 172.29.10.18

-------------------------
Device ID: 2nd_nt_sw01.mongeneral.com
Entry address(es): 
  IP address: 172.29.10.18
Platform: cisco WS-C2960X-24PS-L,  Capabilities: Switch IGMP 
Interface: TenGigabitEthernet1/0/9,  Port ID (outgoing port): TenGigabitEthernet1/0/1
Holdtime : 173 sec

Version :
Cisco IOS Software, C2960X Software (C2960X-UNIVERSALK9-M), Version 15.2(2)E5, RELEASE SOFTWARE (fc2)
Technical Support: http://www.cisco.com/techsupport
Copyright (c) 1986-2016 by Cisco Systems, Inc.
Compiled Thu 02-Jun-16 01:31 by prod_rel_team

advertisement version: 2
Protocol Hello:  OUI=0x00000C, Protocol ID=0x0112; payload len=27, value=00000000FFFFFFFF010225010000000000002C0BE9784300FF0000
VTP Management Domain: ''
Native VLAN: 666
Duplex: full
Management address(es): 
  IP address: 172.29.10.18

-------------------------
Device ID: 3rd_st_sw01.mongeneral.com
Entry address(es): 
  IP address: 172.29.10.13
Platform: cisco WS-C2960X-48FPD-L,  Capabilities: Switch IGMP 
Interface: TenGigabitEthernet2/0/4,  Port ID (outgoing port): TenGigabitEthernet2/0/1
Holdtime : 155 sec

Version :
Cisco IOS Software, C2960X Software (C2960X-UNIVERSALK9-M), Version 15.2(2)E5, RELEASE SOFTWARE (fc2)
Technical Support: http://www.cisco.com/techsupport
Copyright (c) 1986-2016 by Cisco Systems, Inc.
Compiled Thu 02-Jun-16 01:31 by prod_rel_team

advertisement version: 2
Protocol Hello:  OUI=0x00000C, Protocol ID=0x0112; payload len=27, value=00000000FFFFFFFF010225010000000000000038DF790280FF0000
VTP Management Domain: ''
Native VLAN: 666
Duplex: full
Management address(es): 
  IP address: 172.29.10.13

-------------------------
Device ID: 3rd_st_sw01.mongeneral.com
Entry address(es): 
  IP address: 172.29.10.13
Platform: cisco WS-C2960X-48FPD-L,  Capabilities: Switch IGMP 
Interface: TenGigabitEthernet1/0/4,  Port ID (outgoing port): TenGigabitEthernet1/0/1
Holdtime : 150 sec

Version :
Cisco IOS Software, C2960X Software (C2960X-UNIVERSALK9-M), Version 15.2(2)E5, RELEASE SOFTWARE (fc2)
Technical Support: http://www.cisco.com/techsupport
Copyright (c) 1986-2016 by Cisco Systems, Inc.
Compiled Thu 02-Jun-16 01:31 by prod_rel_team

advertisement version: 2
Protocol Hello:  OUI=0x00000C, Protocol ID=0x0112; payload len=27, value=00000000FFFFFFFF010225010000000000000038DF790280FF0000
VTP Management 
DEBUG:netmiko:read_channel: Domain: ''
Native VLAN: 666
Duplex: full
Management address(es): 
  IP address: 172.29.10.13

-------------------------
Device ID: 2nd_nt_sw03.mongeneral.com
Entry address(es): 
  IP address: 172.29.10.20
Platform: cisco WS-C2960X-48FPD-L,  Capabilities: Switch IGMP 
Interface: TenGigabitEthernet1/0/11,  Port ID (outgoing port): TenGigabitEthernet1/0/1
Holdtime : 153 sec

Version :
Cisco IOS Software, C2960X Software (C2960X-UNIVERSALK9-M), Version 15.2(2)E5, RELEASE SOFTWARE (fc2)
Technical Support: http://www.cisco.com/techsupport
Copyright (c) 1986-2016 by Cisco Systems, Inc.
Compiled Thu 02-Jun-16 01:31 by prod_rel_team

advertisement version: 2
Protocol Hello:  OUI=0x00000C, Protocol ID=0x0112; payload len=27, value=00000000FFFFFFFF010225010000000000000038DF0F4900FF0000
VTP Management Domain: ''
Native VLAN: 666
Duplex: full
Management address(es): 
  IP address: 172.29.10.20

-------------------------
Device ID: 2nd_nt_sw03.mongeneral.com
Entry address(es): 
  IP address: 172.29.10.20
Platform: cisco WS-C2960X-48FPD-L,  Capabilities: Switch IGMP 
Interface: TenGigabitEthernet2/0/11,  Port ID (outgoing port): TenGigabitEthernet2/0/1
Holdtime : 172 sec

Version :
Cisco IOS Software, C2960X Software (C2960X-UNIVERSALK9-M), Version 15.2(2)E5, RELEASE SOFTWARE (fc2)
Technical Support: http://www.cisco.com/techsupport
Copyright (c) 1986-2016 by Cisco Systems, Inc.
Compiled Thu 02-Jun-16 01:31 by prod_rel_team

advertisement version: 2
Protocol Hello:  OUI=0x00000C, Protocol ID=0x0112; payload len=27, value=00000000FFFFFFFF010225010000000000000038DF0F4900FF0000
VTP Management Domain: ''
Native VLAN: 666
Duplex: full
Management address(es): 
  IP address: 172.29.10.20

-------------------------
Device ID: 3rd_st_sw02.mongeneral.com
Entry address(es): 
  IP address: 172.29.10.14
Platform: cisco WS-C2960X-48FPD-L,  Capabilities: Switch IGMP 
Interface: TenGigabitEthernet1/0/5,  Port ID (outgoing port): TenGigabitEthernet1/0/1
Holdtime : 141 sec

Version :
Cisco IOS Software, C2960X Software (C2960X-UNIVERSALK9-M), Version 15.2(2)E6, RELEASE SOFTWARE (fc1)
Technical Support: http://www.cisco.com/techsupport
Copyright (c) 1986-2016 by Cisco Systems, Inc.
Compiled Fri 16-Dec-16 21:27 by prod_rel_team

advertisement version: 2
Protocol Hello:  OUI=0x00000C, Protocol ID=0x0112; payload len=27, value=00000000FFFFFFFF0102250100000000000000C1B1B8BC80FF0000
VTP Management Domain: ''
Native VLAN: 666
Duplex: full
Management address(es): 
  IP address: 172.29.10.14

-------------------------
Device ID: 2nd_nt_sw02.mongeneral.com
Entry address(es): 
  IP address: 172.29.10.19
Platform: cisco WS-C2960X-48FPD-L,  Capabilities: Switch IGMP 
Interface: TenGigabitEthernet2/0/10,  Port ID (outgoing port): TenGigabitEthernet2/0/1
Holdtime : 157 sec

Version :
Cisco IOS Software, C2960X Software (C2960X-UNIVERSALK9-M), Version 15.2(2)E5, RELEASE SOFTWARE (fc2)
Technical Support: http://www.cisco.com/techsupport
Copyright (c) 1986-2016 by Cisco Systems, Inc.
Compiled Thu 02-Jun-16 01:31 by prod_rel_team

advertisement version: 2
Protocol Hello:  OUI=0x00000C, Protocol ID=0x0112; payload len=27, value=00000000FFFFFFFF010225010000000000000038DF8ACD80FF0000
VTP Management Domain: ''
Native VLAN: 666
Duplex: full
Management address(es): 
  IP address: 172.29.10.19

-------------------------
Device ID: 3rd_st_sw02.mongeneral.com
Entry address(es): 
  IP address: 172.29.10.14
Platform: cisco WS-C2960X-48FPD-L,  Capabilities: Switch IGMP 
Interface: TenGigabitEthernet2/0/5,  Port ID (outgoing port): TenGigabitEthernet2/0/1
Holdtime : 172 sec

Version :
Cisco IOS Software, C2960X Software (C2960X-UNIVERSALK9-M), Version 15.2(2)E6, RELEASE SOFTWARE (fc1)
Technical Support: http://www.cisco.com/techsupport
Copyright (c) 1986-2016 by Cisco Systems, Inc.
Compiled Fri 16-Dec-16 21:27 by prod_rel_team

advertisement version: 2
Protocol Hello:  OUI=0x00000C, Protocol ID=0x0112; payload len=27, value=00000000FFFFFFFF0102250100000000000000C1B1B8BC80FF0000
VTP Management Domain: ''
Native VLAN: 666
Duplex: full
Management address(es): 
  IP address: 172.29.10.14

-------------------------
Device ID: 2nd_nt_sw02.mongeneral.com
Entry address(es): 
  IP address: 172.29.10.19
Platform: cisco WS-C2960X-48FPD-L,  Capabilities: Switch IGMP 
Interface: TenGigabitEthernet1/0/10,  Port ID (outgoing port): TenGigabitEthernet1/0/1
Holdtime : 169 sec

Version :
Cisco IOS Software, C2960X Software (C2960X-UNIVERSALK9-M), Version 15.2(2)E5, RELEASE SOFTWARE (fc2)
Technical Support: http://www.cisco.com/techsupport
Copyright (c) 1986-2016 by Cisco Systems, Inc.
Compiled Thu 02-Jun-16 01:31 by prod_rel_team

advertisement version: 2
Protocol Hello:  OUI=0x00000C, Protocol ID=0x0112; payload len=27, value=00000000FFFFFFFF010225010000000000000038DF8ACD80FF0000
VTP Management Domain: ''
Native VLAN: 666
Duplex: full
Management address(es): 
  IP address: 172.29.10.19

-------------------------
Device ID: MGH1A-CORE.mongeneral.com
Entry address(es): 
  IP address: 172.26.2.122
Platform: cisco WS-C4507R+E,  Capabilities: Switch IGMP 
Interface: TenGigabitEthernet2/0/24,  Port ID (outgoing port): TenGigabitEthernet4/1
Holdtime : 177 sec

Version :
Cisco IOS Software, Catalyst 4500 L3 Switch Software (cat4500e-IPBASEK9-M), Version 15.0(2)SG2, RELEASE SOFTWARE (fc3)
Technical Support: http://www.cisco.com/techsupport
Copyright (c) 1986-2011 by Cisco Systems, Inc.
Compiled Wed 07-Dec-11 20:20 by prod_rel_team

advertisement version: 2
VTP Management Domain: 'MonGen'
Native VLAN: 666
Duplex: full
Management address(es): 
  IP address: 172.26.2.122

-------------------------
Device ID: MGH1A-CORE.mongeneral.com
Entry address(es): 
  IP address: 172.26.2.122
Platform: cisco WS-C4507R+E,  Capabilities: Switch IGMP 
Interface: TenGigabitEthernet1/0/24,  Port ID (outgoing port): TenGigabitEthernet3/1
Holdtime : 177 sec

Version :
Cisco IOS Software, Catalyst 4500 L3 Switch Software (cat4500e-IPBASEK9-M), Version 15.0(2)SG2, RELEASE SOFTWARE (fc3)
Technical Support: http://www.cisco.com/techsupport
Copyright (c) 1986-2011 by Cisco Systems, Inc.
Compiled Wed 07-Dec-11 20:20 by prod_rel_team

advertisement version: 2
VTP Management Domain: 'MonGen'
Native VLAN: 666
Duplex: full
Management address(es): 
  IP address: 172.26.2.122


Total cdp entries displayed : 38
1ST_NT_MDF_SW01#
DEBUG:paramiko.transport:starting thread (client mode): 0x4195be20
DEBUG:paramiko.transport:Local version/idstring: SSH-2.0-paramiko_2.7.1
DEBUG:paramiko.transport:Remote version/idstring: SSH-2.0-Cisco-1.25
INFO:paramiko.transport:Connected (version 2.0, client Cisco-1.25)
DEBUG:paramiko.transport:kex algos:['diffie-hellman-group-exchange-sha1', 'diffie-hellman-group14-sha1', 'diffie-hellman-group1-sha1'] server key:['ssh-rsa'] client encrypt:['aes128-ctr', 'aes192-ctr', 'aes256-ctr', 'aes128-cbc', '3des-cbc', 'aes192-cbc', 'aes256-cbc'] server encrypt:['aes128-ctr', 'aes192-ctr', 'aes256-ctr', 'aes128-cbc', '3des-cbc', 'aes192-cbc', 'aes256-cbc'] client mac:['hmac-sha1', 'hmac-sha1-96'] server mac:['hmac-sha1', 'hmac-sha1-96'] client compress:['none'] server compress:['none'] client lang:[''] server lang:[''] kex follows?False
DEBUG:paramiko.transport:Kex agreed: diffie-hellman-group-exchange-sha1
DEBUG:paramiko.transport:HostKey agreed: ssh-rsa
DEBUG:paramiko.transport:Cipher agreed: aes128-ctr
DEBUG:paramiko.transport:MAC agreed: hmac-sha1
DEBUG:paramiko.transport:Compression agreed: none
DEBUG:paramiko.transport:Got server p (2048 bits)
DEBUG:paramiko.transport:kex engine KexGex specified hash_algo <built-in function openssl_sha1>
DEBUG:paramiko.transport:Switch to new keys ...
DEBUG:paramiko.transport:Adding ssh-rsa host key for 1st_nt_mdf_sw01.mhs.org: b'dff1cc3dbc8e67a39efef4da8ecb0472'
DEBUG:paramiko.transport:userauth is OK
INFO:paramiko.transport:Authentication (password) successful!
DEBUG:paramiko.transport:[chan 0] Max packet in: 32768 bytes
DEBUG:paramiko.transport:[chan 0] Max packet out: 4096 bytes
DEBUG:paramiko.transport:Secsh channel 0 opened.
DEBUG:paramiko.transport:[chan 0] Sesch channel 0 request ok
DEBUG:paramiko.transport:[chan 0] Sesch channel 0 request ok
DEBUG:netmiko:read_channel: 
------------------------------------------------------------------------------------
WARNING:


This system is for the use of authorized clients only. Individuals using the
computer network system without authorization, or in excess of their authorization,
are subject to having all their activity on this computer network system monitored
and recorded by system personnel.  To protect the computer network system from
unauthorized use and to ensure the computer network system is functioning properly,
system administrators monitor this system.  Anyone using this computer network
system expressly consents to such monitoring and is advised that if such monitoring
reveals possible conduct of criminal activity, system personnel may provide the
evidence of such activity to law enforcement officers.

Access is restricted to authorized users only.

Unauthorized access is a violation of state and federal, civil and criminal laws.
------------------------------------------------------------------------------------

1ST_NT_MDF_SW01>
DEBUG:netmiko:read_channel: 
DEBUG:netmiko:read_channel: 
DEBUG:netmiko:read_channel: 
DEBUG:netmiko:write_channel: b'\n'
DEBUG:netmiko:read_channel: 
DEBUG:netmiko:read_channel: 
DEBUG:netmiko:write_channel: b'\n'
DEBUG:netmiko:read_channel: 
1ST_NT_MDF_SW01>
DEBUG:netmiko:read_channel: 
1ST_NT_MDF_SW01>
DEBUG:netmiko:Clear buffer detects data in the channel
DEBUG:netmiko:read_channel: 
DEBUG:netmiko:[find_prompt()]: prompt is 1ST_NT_MDF_SW01>
DEBUG:netmiko:read_channel: 
DEBUG:netmiko:In disable_paging
DEBUG:netmiko:Command: terminal length 0

DEBUG:netmiko:write_channel: b'terminal length 0\n'
DEBUG:netmiko:Pattern is: terminal\ length\ 0
DEBUG:netmiko:_read_channel_expect read_data: t
DEBUG:netmiko:_read_channel_expect read_data: e
DEBUG:netmiko:_read_channel_expect read_data: rm
DEBUG:netmiko:_read_channel_expect read_data: ina
DEBUG:netmiko:_read_channel_expect read_data: l
DEBUG:netmiko:_read_channel_expect read_data:  le
DEBUG:netmiko:_read_channel_expect read_data: ng
DEBUG:netmiko:_read_channel_expect read_data: th
DEBUG:netmiko:_read_channel_expect read_data:  0
DEBUG:netmiko:Pattern found: terminal\ length\ 0 terminal length 0
DEBUG:netmiko:terminal length 0
DEBUG:netmiko:Exiting disable_paging
DEBUG:netmiko:write_channel: b'terminal width 511\n'
DEBUG:netmiko:Pattern is: terminal\ width\ 511
DEBUG:netmiko:_read_channel_expect read_data: 

DEBUG:netmiko:_read_channel_expect read_data: 1ST_NT_MDF_SW01>
DEBUG:netmiko:_read_channel_expect read_data: t
DEBUG:netmiko:_read_channel_expect read_data: erm
DEBUG:netmiko:_read_channel_expect read_data: in
DEBUG:netmiko:_read_channel_expect read_data: al
DEBUG:netmiko:_read_channel_expect read_data:  
DEBUG:netmiko:_read_channel_expect read_data: wi
DEBUG:netmiko:_read_channel_expect read_data: dt
DEBUG:netmiko:_read_channel_expect read_data: h 
DEBUG:netmiko:_read_channel_expect read_data: 51
DEBUG:netmiko:_read_channel_expect read_data: 1

DEBUG:netmiko:Pattern found: terminal\ width\ 511 
1ST_NT_MDF_SW01>terminal width 511

DEBUG:netmiko:read_channel: 1ST_NT_MDF_SW01>
DEBUG:netmiko:Clear buffer detects data in the channel
DEBUG:netmiko:read_channel: 
DEBUG:netmiko:write_channel: b'\n'
DEBUG:netmiko:Pattern is: 1ST_NT_MDF_SW01
DEBUG:netmiko:_read_channel_expect read_data: 

DEBUG:netmiko:_read_channel_expect read_data: 1ST_NT_MDF_SW01>
DEBUG:netmiko:Pattern found: 1ST_NT_MDF_SW01 
1ST_NT_MDF_SW01>
DEBUG:netmiko:write_channel: b'enable\n'
DEBUG:netmiko:Pattern is: (1ST_NT_MDF_SW01|ssword)
DEBUG:netmiko:_read_channel_expect read_data: e
DEBUG:netmiko:_read_channel_expect read_data: n
DEBUG:netmiko:_read_channel_expect read_data: ab
DEBUG:netmiko:_read_channel_expect read_data: le

DEBUG:netmiko:_read_channel_expect read_data: Password: 
DEBUG:netmiko:Pattern found: (1ST_NT_MDF_SW01|ssword) enable
Password: 
DEBUG:netmiko:write_channel: b'change-mgh\n'
DEBUG:netmiko:Pattern is: 1ST_NT_MDF_SW01
DEBUG:netmiko:_read_channel_expect read_data: 
1ST_NT_MDF_SW01#
DEBUG:netmiko:Pattern found: 1ST_NT_MDF_SW01 
1ST_NT_MDF_SW01#
DEBUG:netmiko:write_channel: b'\n'
DEBUG:netmiko:Pattern is: 1ST_NT_MDF_SW01
DEBUG:netmiko:_read_channel_expect read_data: 

DEBUG:netmiko:_read_channel_expect read_data: 1ST_NT_MDF_SW01#
DEBUG:netmiko:Pattern found: 1ST_NT_MDF_SW01 
1ST_NT_MDF_SW01#
DEBUG:netmiko:read_channel: 
DEBUG:netmiko:write_channel: b'\n'
DEBUG:netmiko:read_channel: 
DEBUG:netmiko:read_channel: 
DEBUG:netmiko:write_channel: b'\n'
DEBUG:netmiko:read_channel: 
1ST_NT_MDF_SW01#
DEBUG:netmiko:read_channel: 
1ST_NT_MDF_SW01#
DEBUG:netmiko:Clear buffer detects data in the channel
DEBUG:netmiko:read_channel: 
DEBUG:netmiko:[find_prompt()]: prompt is 1ST_NT_MDF_SW01#
DEBUG:netmiko:read_channel: 
DEBUG:netmiko:write_channel: b'sh cdp nei det\n'
DEBUG:netmiko:Pattern is: sh\ cdp\ nei\ det
DEBUG:netmiko:_read_channel_expect read_data: s
DEBUG:netmiko:_read_channel_expect read_data: h 
DEBUG:netmiko:_read_channel_expect read_data: cd
DEBUG:netmiko:_read_channel_expect read_data: p
DEBUG:netmiko:_read_channel_expect read_data:  ne
DEBUG:netmiko:_read_channel_expect read_data: i
DEBUG:netmiko:_read_channel_expect read_data:  d
DEBUG:netmiko:_read_channel_expect read_data: et
DEBUG:netmiko:Pattern found: sh\ cdp\ nei\ det sh cdp nei det
DEBUG:netmiko:read_channel: 
-------------------------
Device ID: 3rd_nt_sw01.mongeneral.com
Entry address(es): 
  IP address: 172.29.10.21
Platform: cisco WS-C2960X-48FPD-L,  Capabilities: Switch IGMP 
Interface: TenGigabitEthernet2/0/12,  Port ID (outgoing port): TenGigabitEthernet2/0/1
Holdtime : 163 sec

Version :
Cisco IOS Software, C2960X Software (C2960X-UNIVERSALK9-M), Version 15.2(2)E5, RELEASE SOFTWARE (fc2)
Technical Support: http://www.cisco.com/techsupport
Copyright (c) 1986-2016 by Cisco Systems, Inc.
Compiled Thu 02-Jun-16 01:31 by prod_rel_team

advertisement version: 2
Protocol Hello:  OUI=0x00000C, Protocol ID=0x0112; payload len=27, value=00000000FFFFFFFF010225010000000000000038DF86BA00FF0000
VTP Management Domain: ''
Native VLAN: 666
Duplex: full
Management address(es): 
  IP address: 172.29.10.21

-------------------------
Device ID: 3rd_nt_sw01.mongeneral.com
Entry address(es): 
  IP address: 172.29.10.21
Platform: cisco WS-C2960X-48FPD-L,  Capabilities: Switch IGMP 
Interface: TenGigabitEthernet1/0/12,  Port ID (outgoing port): TenGigabitEthernet1/0/1
Holdtime : 167 sec

Version :
Cisco IOS Software, C2960X Software (C2960X-UNIVERSALK9-M), Version 15.2(2)E5, RELEASE SOFTWARE (fc2)
Technical Support: http://www.cisco.com/techsupport
Copyright (c) 1986-2016 by Cisco Systems, Inc.
Compiled Thu 02-Jun-16 01:31 by prod_rel_team

advertisement version: 2
Protocol Hello:  OUI=0x00000C, Protocol ID=0x0112; payload len=27, value=00000000FFFFFFFF010225010000000000000038DF86BA00FF0000
VTP Management Domain: ''
Native VLAN: 666
Duplex: full
Management address(es): 
  IP address: 172.29.10.21

-------------------------
Device ID: 2nd_st_sw01.mongeneral.com
Entry address(es): 
  IP address: 172.29.10.12
Platform: cisco WS-C2960X-48FPD-L,  Capabilities: Switch IGMP 
Interface: TenGigabitEthernet2/0/3,  Port ID (outgoing port): TenGigabitEthernet2/0/1
Holdtime : 153 sec

Version :
Cisco IOS Software, C2960X Software (C2960X-UNIVERSALK9-M), Version 15.2(2)E5, RELEASE SOFTWARE (fc2)
Technical Support: http://www.cisco.com/techsupport
Copyright (c) 1986-2016 by Cisco Systems, Inc.
Compiled Thu 02-Jun-16 01:31 by prod_rel_team

advertisement version: 2
Protocol Hello:  OUI=0x00000C, Protocol ID=0x0112; payload len=27, value=00000000FFFFFFFF010225010000000000000038DF751E00FF0000
VTP Management Domain: ''
Native VLAN: 666
Duplex: full
Management address(es): 
  IP address: 172.29.10.12

-------------------------
Device ID: 2nd_st_sw01.mongeneral.com
Entry address(es): 
  IP address: 172.29.10.12
Platform: cisco WS-C2960X-48FPD-L,  Capabilities: Switch IGMP 
Interface: TenGigabitEthernet1/0/3,  Port ID (outgoing port): TenGigabitEthernet1/0/1
Holdtime : 170 sec

Version :
Cisco IOS Software, C2960X Software (C2960X-UNIVERSALK9-M), Version 15.2(2)E5, RELEASE SOFTWARE (fc2)
Technical Support: http://www.cisco.com/techsupport
Copyright (c) 1986-2016 by Cisco Systems, Inc.
Compiled Thu 02-Jun-16 01:31 by prod_rel_team

advertisement version: 2
Protocol Hello:  OUI=0x00000C, Protocol ID=0x0112; payload len=27, value=00000000FFFFFFFF010225010000000000000038DF751E00FF0000
VTP Management Domain: ''
Native VLAN: 666
Duplex: full
Management address(es): 
  IP address: 172.29.10.12

-------------------------
Device ID: 3rd_nt_sw02.mongeneral.com
Entry address(es): 
  IP address: 172.29.10.22
Platform: cisco WS-C2960X-48FPD-L,  Capabilities: Switch IGMP 
Interface: TenGigabitEthernet1/0/13,  Port ID (outgoing port): TenGigabitEthernet1/0/1
Holdtime : 124 sec

Version :
Cisco IOS Software, C2960X Software (C2960X-UNIVERSALK9-M), Version 15.2(2)E5, RELEASE SOFTWARE (fc2)
Technical Support: http://www.cisco.com/techsupport
Copyright (c) 1986-2016 by Cisco Systems, Inc.
Compiled Thu 02-Jun-16 01:31 by prod_rel_team

advertisement version: 2
Protocol Hello:  OUI=0x00000C, Protocol ID=0x0112; payload len=27, value=00000000FFFFFFFF010225010000000000000038DF0F6A00FF0000
VTP Management Domain: ''
Native VLAN: 666
Duplex: full
Management address(es): 
  IP address: 172.29.10.22

-------------------------
Device ID: 3rd_nt_sw02.mongeneral.com
Entry address(es): 
  IP address: 172.29.10.22
Platform: cisco WS-C2960X-48FPD-L,  Capabilities: Switch IGMP 
Interface: TenGigabitEthernet2/0/13,  Port ID (outgoing port): TenGigabitEthernet2/0/1
Holdtime : 122 sec

Version :
Cisco IOS Software, C2960X Software (C2960X-UNIVERSALK9-M), Version 15.2(2)E5, RELEASE SOFTWARE (fc2)
Technical Support: http://www.cisco.com/techsupport
Copyright (c) 1986-2016 by Cisco Systems, Inc.
Compiled Thu 02-Jun-16 01:31 by prod_rel_team

advertisement version: 2
Protocol Hello:  OUI=0x00000C, Protocol ID=0x0112; payload len=27, value=00000000FFFFFFFF010225010000000000000038DF0F6A00FF0000
VTP Management Domain: ''
Native VLAN: 666
Duplex: full
Management address(es): 
  IP address: 172.29.10.22

-------------------------
Device ID: 1st_conf_sw01.mongeneral.com
Entry address(es): 
  IP address: 172.29.10.28
Platform: cisco WS-C2960X-48FPD-L,  Capabilities: Switch IGMP 
Interface: TenGigabitEthernet2/0/18,  Port ID (outgoing port): TenGigabitEthernet1/0/2
Holdtime : 155 sec

Version :
Cisco IOS Software, C2960X Software (C2960X-UNIVERSALK9-M), Version 15.2(2)E5, RELEASE SOFTWARE (fc2)
Technical Support: http://www.cisco.com/techsupport
Copyright (c) 1986-2016 by Cisco Systems, Inc.
Compiled Thu 02-Jun-16 01:31 by prod_rel_team

advertisement version: 2
Protocol Hello:  OUI=0x00000C, Protocol ID=0x0112; payload len=27, value=00000000FFFFFFFF010225010000000000000038DF8AB680FF0000
VTP Management Domain: ''
Native VLAN: 666
Duplex: full
Management address(es): 
  IP address: 172.29.10.28

-------------------------
Device ID: 4th_nt_sw01.mongeneral.com
Entry address(es): 
  IP address: 172.29.10.23
Platform: cisco WS-C2960X-48FPD-L,  Capabilities: Switch IGMP 
Interface: TenGigabitEthernet1/0/14,  Port ID (outgoing port): TenGigabitEthernet1/0/1
Holdtime : 134 sec

Version :
Cisco IOS Software, C2960X Software (C2960X-UNIVERSALK9-M), Version 15.2(2)E5, RELEASE SOFTWARE (fc2)
Technical Support: http://www.cisco.com/techsupport
Copyright (c) 1986-2016 by Cisco Systems, Inc.
Compiled Thu 02-Jun-16 01:31 by prod_rel_team

advertisement version: 2
Protocol Hello:  OUI=0x00000C, Protocol ID=0x0112; payload len=27, value=00000000FFFFFFFF010225010000000000000038DF875E00FF0000
VTP Management Domain: ''
Native VLAN: 666
Duplex: full
Management address(es): 
  IP address: 172.29.10.23

-------------------------
Device ID: 4th_nt_sw01.mongeneral.com
Entry address(es): 
  IP address: 172.29.10.23
Platform: cisco WS-C2960X-48FPD-L,  Capabilities: Switch IGMP 
Interface: TenGigabitEthernet2/0/14,  Port ID (outgoing port): TenGigabitEthernet2/0/1
Holdtime : 164 sec

Version :
Cisco IOS Software, C2960X Software (C2960X-UNIVERSALK9-M), Version 15.2(2)E5, RELEASE SOFTWARE (fc2)
Technical Support: http://www.cisco.com/techsupport
Copyright (c) 1986-2016 by Cisco Systems, Inc.
Compiled Thu 02-Jun-16 01:31 by prod_rel_team

advertisement version: 2
Protocol Hello:  OUI=0x00000C, Protocol ID=0x0112; payload len=27, value=00000000FFFFFFFF010225010000000000000038DF875E00FF0000
VTP Management Domain: ''
Native VLAN: 666
Duplex: full
Management address(es): 
  IP address: 172.29.10.23

-------------------------
Device ID: 1st_conf_sw01.mongeneral.com
Entry address(es): 
  IP address: 172.29.10.28
Platform: cisco WS-C2960X-48FPD-L,  Capabilities: Switch IGMP 
Interface: TenGigabitEthernet1/0/18,  Port ID (outgoing port): TenGigabitEthernet1/0/1
Holdtime : 175 sec

Version :
Cisco IOS Software, C2960X Software (C2960X-UNIVERSALK9-M), Version 15.2(2)E5, RELEASE SOFTWARE (fc2)
Technical Support: http://www.cisco.com/techsupport
Copyright (c) 1986-2016 by Cisco Systems, Inc.
Compiled Thu 02-Jun-16 01:31 by prod_rel_team

advertisement version: 2
Protocol Hello:  OUI=0x00000C, Protocol ID=0x0112; payload len=27, value=00000000FFFFFFFF010225010000000000000038DF8AB680FF0000
VTP Management Domain: ''
Native VLAN: 666
Duplex: full
Management addre
DEBUG:netmiko:read_channel: ss(es): 
  IP address: 172.29.10.28

-------------------------
Device ID: 1st_st_sw02.mongeneral.com
Entry address(es): 
  IP address: 172.29.10.11
Platform: cisco WS-C2960X-48FPD-L,  Capabilities: Switch IGMP 
Interface: TenGigabitEthernet2/0/2,  Port ID (outgoing port): TenGigabitEthernet2/0/1
Holdtime : 157 sec

Version :
Cisco IOS Software, C2960X Software (C2960X-UNIVERSALK9-M), Version 15.2(2)E5, RELEASE SOFTWARE (fc2)
Technical Support: http://www.cisco.com/techsupport
Copyright (c) 1986-2016 by Cisco Systems, Inc.
Compiled Thu 02-Jun-16 01:31 by prod_rel_team

advertisement version: 2
Protocol Hello:  OUI=0x00000C, Protocol ID=0x0112; payload len=27, value=00000000FFFFFFFF010225010000000000000038DF790600FF0000
VTP Management Domain: ''
Native VLAN: 666
Duplex: full
Management address(es): 
  IP address: 172.29.10.11

-------------------------
Device ID: 1st_st_sw02.mongeneral.com
Entry address(es): 
  IP address: 172.29.10.11
Platform: cisco WS-C2960X-48FPD-L,  Capabilities: Switch IGMP 
Interface: TenGigabitEthernet1/0/2,  Port ID (outgoing port): TenGigabitEthernet1/0/1
Holdtime : 144 sec

Version :
Cisco IOS Software, C2960X Software (C2960X-UNIVERSALK9-M), Version 15.2(2)E5, RELEASE SOFTWARE (fc2)
Technical Support: http://www.cisco.com/techsupport
Copyright (c) 1986-2016 by Cisco Systems, Inc.
Compiled Thu 02-Jun-16 01:31 by prod_rel_team

advertisement version: 2
Protocol Hello:  OUI=0x00000C, Protocol ID=0x0112; payload len=27, value=00000000FFFFFFFF010225010000000000000038DF790600FF0000
VTP Management Domain: ''
Native VLAN: 666
Duplex: full
Management address(es): 
  IP address: 172.29.10.11

-------------------------
Device ID: 5th_nt_sw01.mongeneral.com
Entry address(es): 
  IP address: 172.29.10.24
Platform: cisco WS-C2960X-48FPD-L,  Capabilities: Switch IGMP 
Interface: TenGigabitEthernet2/0/15,  Port ID (outgoing port): TenGigabitEthernet2/0/1
Holdtime : 147 sec

Version :
Cisco IOS Software, C2960X Software (C2960X-UNIVERSALK9-M), Version 15.2(2)E5, RELEASE SOFTWARE (fc2)
Technical Support: http://www.cisco.com/techsupport
Copyright (c) 1986-2016 by Cisco Systems, Inc.
Compiled Thu 02-Jun-16 01:31 by prod_rel_team

advertisement version: 2
Protocol Hello:  OUI=0x00000C, Protocol ID=0x0112; payload len=27, value=00000000FFFFFFFF010225010000000000000038DF8AE080FF0000
VTP Management Domain: ''
Native VLAN: 666
Duplex: full
Management address(es): 
  IP address: 172.29.10.24

-------------------------
Device ID: 5th_nt_sw01.mongeneral.com
Entry address(es): 
  IP address: 172.29.10.24
Platform: cisco WS-C2960X-48FPD-L,  Capabilities: Switch IGMP 
Interface: TenGigabitEthernet1/0/15,  Port ID (outgoing port): TenGigabitEthernet1/0/1
Holdtime : 162 sec

Version :
Cisco IOS Software, C2960X Software (C2960X-UNIVERSALK9-M), Version 15.2(2)E5, RELEASE SOFTWARE (fc2)
Technical Support: http://www.cisco.com/techsupport
Copyright (c) 1986-2016 by Cisco Systems, Inc.
Compiled Thu 02-Jun-16 01:31 by prod_rel_team

advertisement version: 2
Protocol Hello:  OUI=0x00000C, Protocol ID=0x0112; payload len=27, value=00000000FFFFFFFF010225010000000000000038DF8AE080FF0000
VTP Management Domain: ''
Native VLAN: 666
Duplex: full
Management address(es): 
  IP address: 172.29.10.24

-------------------------
Device ID: 6th_nt_sw01.mongeneral.com
Entry address(es): 
  IP address: 172.29.10.26
Platform: cisco WS-C2960X-48FPD-L,  Capabilities: Switch IGMP 
Interface: TenGigabitEthernet2/0/17,  Port ID (outgoing port): TenGigabitEthernet2/0/2
Holdtime : 141 sec

Version :
Cisco IOS Software, C2960X Software (C2960X-UNIVERSALK9-M), Version 15.2(2)E5, RELEASE SOFTWARE (fc2)
Technical Support: http://www.cisco.com/techsupport
Copyright (c) 1986-2016 by Cisco Systems, Inc.
Compiled Thu 02-Jun-16 01:31 by prod_rel_team

advertisement version: 2
Protocol Hello:  OUI=0x00000C, Protocol ID=0x0112; payload len=27, value=00000000FFFFFFFF010225010000000000000038DF86E980FF0000
VTP Management Domain: ''
Native VLAN: 666
Duplex: full
Management address(es): 
  IP address: 172.29.10.26

-------------------------
Device ID: 5th_nt_sw02.mongeneral.com
Entry address(es): 
  IP address: 172.29.10.25
Platform: cisco WS-C2960X-48FPD-L,  Capabilities: Switch IGMP 
Interface: TenGigabitEthernet1/0/16,  Port ID (outgoing port): TenGigabitEthernet1/0/1
Holdtime : 162 sec

Version :
Cisco IOS Software, C2960X Software (C2960X-UNIVERSALK9-M), Version 15.2(2)E5, RELEASE SOFTWARE (fc2)
Technical Support: http://www.cisco.com/techsupport
Copyright (c) 1986-2016 by Cisco Systems, Inc.
Compiled Thu 02-Jun-16 01:31 by prod_rel_team

advertisement version: 2
Protocol Hello:  OUI=0x00000C, Protocol ID=0x0112; payload len=27, value=00000000FFFFFFFF010225010000000000000038DF0FAB00FF0000
VTP Management Domain: ''
Native VLAN: 666
Duplex: full
Management address(es): 
  IP address: 172.29.10.25

-------------------------
Device ID: 6th_nt_sw01.mongeneral.com
Entry address(es): 
  IP address: 172.29.10.26
Platform: cisco WS-C2960X-48FPD-L,  Capabilities: Switch IGMP 
Interface: TenGigabitEthernet1/0/17,  Port ID (outgoing port): TenGigabitEthernet1/0/1
Holdtime : 128 sec

Version :
Cisco IOS Software, C2960X Software (C2960X-UNIVERSALK9-M), Version 15.2(2)E5, RELEASE SOFTWARE (fc2)
Technical Support: http://www.cisco.com/techsupport
Copyright (c) 1986-2016 by Cisco Systems, Inc.
Compiled Thu 02-Jun-16 01:31 by prod_rel_team

advertisement version: 2
Protocol Hello:  OUI=0x00000C, Protocol ID=0x0112; payload len=27, value=00000000FFFFFFFF010225010000000000000038DF86E980FF0000
VTP Management Domain: ''
Native VLAN: 666
Duplex: full
Management address(es): 
  IP address: 172.29.10.26

-------------------------
Device ID: 5th_nt_sw02.mongeneral.com
Entry address(es): 
  IP address: 172.29.10.25
Platform: cisco WS-C2960X-48FPD-L,  Capabilities: Switch IGMP 
Interface: TenGigabitEthernet2/0/16,  Port ID (outgoing port): TenGigabitEthernet2/0/1
Holdtime : 129 sec

Version :
Cisco IOS Software, C2960X Software (C2960X-UNIVERSALK9-M), Version 15.2(2)E5, RELEASE SOFTWARE (fc2)
Technical Support: http://www.cisco.com/techsupport
Copyright (c) 1986-2016 by Cisco Systems, Inc.
Compiled Thu 02-Jun-16 01:31 by prod_rel_team

advertisement version: 2
Protocol Hello:  OUI=0x00000C, Protocol ID=0x0112; payload len=27, value=00000000FFFFFFFF010225010000000000000038DF0FAB00FF0000
VTP Management Domain: ''
Native VLAN: 666
Duplex: full
Management address(es): 
  IP address: 172.29.10.25

-------------------------
Device ID: 1st_st_sw01.mongeneral.com
Entry address(es): 
  IP address: 172.29.10.10
Platform: cisco WS-C2960X-48FPD-L,  Capabilities: Switch IGMP 
Interface: TenGigabitEthernet2/0/1,  Port ID (outgoing port): TenGigabitEthernet2/0/1
Holdtime : 178 sec

Version :
Cisco IOS Software, C2960X Software (C2960X-UNIVERSALK9-M), Version 15.2(2)E5, RELEASE SOFTWARE (fc2)
Technical Support: http://www.cisco.com/techsupport
Copyright (c) 1986-2016 by Cisco Systems, Inc.
Compiled Thu 02-Jun-16 01:31 by prod_rel_team

advertisement version: 2
Protocol Hello:  OUI=0x00000C, Protocol ID=0x0112; payload len=27, value=00000000FFFFFFFF010225010000000000000038DF86E780FF0000
VTP Management Domain: ''
Native VLAN: 666
Duplex: full
Management address(es): 
  IP address: 172.29.10.10

-------------------------
Device ID: 1st_st_sw01.mongeneral.com
Entry address(es): 
  IP address: 172.29.10.10
Platform: cisco WS-C2960X-48FPD-L,  Capabilities: Switch IGMP 
Interface: TenGigabitEthernet1/0/1,  Port ID (outgoing port): TenGigabitEthernet1/0/1
Holdtime : 138 sec

Version :
Cisco IOS Software, C2960X Software (C2960X-UNIVERSALK9-M), Version 15.2(2)E5, RELEASE SOFTWARE (fc2)
Technical Support: http://www.cisco.com/techsupport
Copyright (c) 1986-2016 by Cisco Systems, Inc.
Compiled Thu 02-Jun-16 01:31 by prod_rel_team

advertisement version: 2
Protocol Hello:  OUI=0x00000C, Protocol ID=0x0112; payload len=27, value=00000000FFFFFFFF010225010000000000000038DF86E780FF0000
VTP Management Domain: ''
Native VLAN: 666
Duplex: full
Management address(es): 
  IP address: 172.29.10.10

-------------------------
Device ID: 5th_st_sw01.mongeneral.com
Entry address(es): 
  IP address: 172.29.10.16
Platform: cisco WS-C2960X-48FPD-L,  Capabilities: Switch IGMP 
Interface: TenGigabitEthernet2/0/7,  Port ID (outgoing port): TenGigabitEthernet2/0/1
Holdtime : 178 sec

Version :
Cisco IOS Software, C2960X Software (C2960X-UNIVERSALK9-M), Version 15.2(2)E5, RELEASE SOFTWARE (fc2)
Technical Support: http://www.cisco.com/techsupport
Copyright (c) 1986-2016 by Cisco Systems, Inc.
Compiled Thu 02-Jun-16 01:31 by prod_rel_team

advertisement version: 2
Protocol Hello:  OUI=0x00000C, Protocol ID=0x0112; payload len=27, value=00000000FFFFFFFF010225010000000000000038DF8AC580FF0000
VTP Management Domain: ''
Native VLAN: 666
Duplex: full
Management address(es): 
  IP address: 172.29.10.16

-------------------------
Device ID: 5th_st_sw01.mongeneral.com
Entry address(es): 
  IP address: 172.29.10.16
Platform: cisco WS-C2960X-48FPD-L,  Capabilities: Switch IGMP 
Interface: TenGigabitEthernet1/0/7,  Port ID (outgoing port): TenGigabitEthernet1/0/1
Holdtime : 175 sec

Version :
Cisco IOS Software, C2960X Software (C2960X-UNIVERSALK9-M), Version 15.2(2)E5, RELEASE SOFTWARE (fc2)
Technical Support: http://www.cisco.com/techsupport
Copyright (c) 1986-2016 by Cisco Systems, Inc.
Compiled Thu 02-Jun-16 01:31 by prod_rel_team

advertisement version: 2
Protocol Hello:  OUI=0x00000C, Protocol ID=0x0112; payload len=27, value=00000000FFFFFFFF010225010000000000000038DF8AC580FF0000
VTP Management Domain: ''
Native VLAN: 666
Duplex: full
Management address(es): 
  IP address: 172.29.10.16

-------------------------
Device ID: 4th_st_sw01.mongeneral.com
Entry address(es): 
  IP address: 172.29.10.15
Platform: cisco WS-C2960X-48FPD-L,  Capabilities: Switch IGMP 
Interface: TenGigabitEthernet2/0/6,  Port ID (outgoing port): TenGigabitEthernet2/0/1
Holdtime : 139 sec

Version :
Cisco IOS Software, C2960X Software (C2960X-UNIVERSALK9-M), Version 15.2(2)E5, RELEASE SOFTWARE (fc2)
Technical Support: http://www.cisco.com/techsupport
Copyright (c) 1986-2016 by Cisco Systems, Inc.
Compiled Thu 02-Jun-16 01:31 by prod_rel_team

advertisement version: 2
Protocol Hello:  OUI=0x00000C, Protocol ID=0x0112; payload len=27, value=00000000FFFFFFFF010225010000000000000038DF876500FF0000
VTP Management Domain: ''
Native VLAN: 666
Duplex: full
Management address(es): 
  IP address: 172.29.10.15

-------------------------
Device ID: 4th_st_sw01.mongeneral.com
Entry address(es): 
  IP address: 172.29.10.15
Platform: cisco WS-C2960X-48FPD-L,  Capabilities: Switch IGMP 
Interface: TenGigabitEthernet1/0/6,  Port ID (outgoing port): TenGigabitEthernet1/0/1
Holdtime : 169 sec

Version :
Cisco IOS Software, C2960X Software (C2960X-UNIVERSALK9-M), Version 15.2(2)E5, RELEASE SOFTWARE (fc2)
Technical Support: http://www.cisco.com/techsupport
Copyright (c) 1986-2016 by Cisco Systems, Inc.
Compiled Thu 02-Jun-16 01:31 by prod_rel_team

advertisement version: 2
Protocol Hello:  OUI=0x00000C, Protocol ID=0x0112; payload len=27, value=00000000FFFFFFFF010225010000000000000038DF876500FF0000
VTP Management Domain: ''
Native VLAN: 666
Duplex: full
Management address(es): 
  IP address: 172.29.10.15

-------------------------
Device ID: 1st_nt_sw01.mongeneral.com
Entry address(es): 
  IP address: 172.29.10.17
Platform: cisco WS-C2960X-48FPD-L,  Capabilities: Switch IGMP 
Interface: TenGigabitEthernet2/0/8,  Port ID (outgoing port): TenGigabitEthernet2/0/1
Holdtime : 158 sec

Version :
Cisco IOS Software, C2960X Software (C2960X-UNIVERSALK9-M), Version 15.2(2)E5, RELEASE SOFTWARE (fc2)
Technical Support: http://www.cisco.com/techsupport
Copyright (c) 1986-2016 by Cisco Systems, Inc.
Compiled Thu 02-Jun-16 01:31 by prod_rel_team

advertisement version: 2
Protocol Hello:  OUI=0x00000C, Protocol ID=0x0112; payload len=27, value=00000000FFFFFFFF010225010000000000000038DF0FAA00FF0000
VTP Management Domain: ''
Native VLAN: 666
Duplex: full
Management address(es): 
  IP address: 172.29.10.17

-------------------------
Device ID: 1st_nt_sw01.mongeneral.com
Entry address(es): 
  IP address: 172.29.10.17
Platform: cisco WS-C2960X-48FPD-L,  Capabilities: Switch IGMP 
Interface: TenGigabitEthernet1/0/8,  Port ID (outgoing port): TenGigabitEthernet1/0/1
Holdtime : 123 sec

Version :
Cisco IOS Software, C2960X Software (C2960X-UNIVERSALK9-M), Version 15.2(2)E5, RELEASE SOFTWARE (fc2)
Technical Support: http://www.cisco.com/techsupport
Copyright (c) 1986-2016 by Cisco Systems, Inc.
Compiled Thu 02-Jun-16 01:31 by prod_rel_team

advertisement version: 2
Protocol Hello:  OUI=0x00000C, Protocol ID=0x0112; payload len=27, value=00000000FFFFFFFF010225010000000000000038DF0FAA00FF0000
VTP Management Domain: ''
Native VLAN: 666
Duplex: full
Management address(es): 
  IP address: 172.29.10.17

-------------------------
Device ID: 2nd_nt_sw01.mongeneral.com
Entry address(es): 
  IP address: 172.29.10.18
Platform: cisco WS-C2960X-24PS-L,  Capabilities: Switch IGMP 
Interface: TenGigabitEthernet2/0/9,  Port ID (outgoing port): TenGigabitEthernet2/0/1
Holdtime : 178 sec

Version :
Cisco IOS Software, C2960X Software (C2960X-UNIVERSALK9-M), Version 15.2(2)E5, RELEASE SOFTWARE (fc2)
Technical Support: http://www.cisco.com/techsupport
Copyright (c) 1986-2016 by Cisco Systems, Inc.
Compiled Thu 02-Jun-16 01:31 by prod_rel_team

advertisement version: 2
Protocol Hello:  OUI=0x00000C, Protocol ID=0x0112; payload len=27, value=00000000FFFFFFFF010225010000000000002C0BE9784300FF0000
VTP Management Domain: ''
Native VLAN: 666
Duplex: full
Management address(es): 
  IP address: 172.29.10.18

-------------------------
Device ID: 2nd_nt_sw01.mongeneral.com
Entry address(es): 
  IP address: 172.29.10.18
Platform: cisco WS-C2960X-24PS-L,  Capabilities: Switch IGMP 
Interface: TenGigabitEthernet1/0/9,  Port ID (outgoing port): TenGigabitEthernet1/0/1
Holdtime : 136 sec

Version :
Cisco IOS Software, C2960X Software (C2960X-UNIVERSALK9-M), Version 15.2(2)E5, RELEASE SOFTWARE (fc2)
Technical Support: http://www.cisco.com/techsupport
Copyright (c) 1986-2016 by Cisco Systems, Inc.
Compiled Thu 02-Jun-16 01:31 by prod_rel_team

advertisement version: 2
Protocol Hello:  OUI=0x00000C, Protocol ID=0x0112; payload len=27, value=00000000FFFFFFFF010225010000000000002C0BE9784300FF0000
VTP Management Domain: ''
Native VLAN: 666
Duplex: full
Management address(es): 
  IP address: 172.29.10.18

-------------------------
Device ID: 3rd_st_sw01.mongeneral.com
Entry address(es): 
  IP address: 172.29.10.13
Platform: cisco WS-C2960X-48FPD-L,  Capabilities: Switch IGMP 
Interface: TenGigabitEthernet2/0/4,  Port ID (outgoing port): TenGigabitEthernet2/0/1
Holdtime : 173 sec

Version :
Cisco IOS Software, C2960X Software (C2960X-UNIVERSALK9-M), Version 15.2(2)E5, RELEASE SOFTWARE (fc2)
Technical Support: http://www.cisco.com/techsupport
Copyright (c) 1986-2016 by Cisco Systems, Inc.
Compiled Thu 02-Jun-16 01:31 by prod_rel_team

advertisement version: 2
Protocol Hello:  OUI=0x00000C, Protocol ID=0x0112; payload len=27, value=00000000FFFFFFFF010225010000000000000038DF790280FF0000
VTP Management Domain: ''
Native VLAN: 666
Duplex: full
Management address(es): 
  IP address: 172.29.10.13

-------------------------
Device ID: 3rd_st_sw01.mongeneral.com
Entry address(es): 
  IP address: 172.29.10.13
Platform: cisco WS-C2960X-48FPD-L,  Capabilities: Switch IGMP 
Interface: TenGigabitEthernet1/0/4,  Port ID (outgoing port): TenGigabitEthernet1/0/1
Holdtime : 171 sec

Version :
Cisco IOS Software, C2960X Software (C2960X-UNIVERSALK9-M), Version 15.2(2)E5, RELEASE SOFTWARE (fc2)
Technical Support: http://www.cisco.com/techsupport
Copyright (c) 1986-2016 by Cisco Systems, Inc.
Compiled Thu 02-Jun-16 01:31 by prod_rel_team

advertisement version: 2
Protocol Hello:  OUI=0x00000C, Protocol ID=0x0112; payload len=27, value=00000000FFFFFFFF010225010000000000000038DF790280FF0000
VTP Management 
DEBUG:netmiko:read_channel: Domain: ''
Native VLAN: 666
Duplex: full
Management address(es): 
  IP address: 172.29.10.13

-------------------------
Device ID: 2nd_nt_sw03.mongeneral.com
Entry address(es): 
  IP address: 172.29.10.20
Platform: cisco WS-C2960X-48FPD-L,  Capabilities: Switch IGMP 
Interface: TenGigabitEthernet1/0/11,  Port ID (outgoing port): TenGigabitEthernet1/0/1
Holdtime : 177 sec

Version :
Cisco IOS Software, C2960X Software (C2960X-UNIVERSALK9-M), Version 15.2(2)E5, RELEASE SOFTWARE (fc2)
Technical Support: http://www.cisco.com/techsupport
Copyright (c) 1986-2016 by Cisco Systems, Inc.
Compiled Thu 02-Jun-16 01:31 by prod_rel_team

advertisement version: 2
Protocol Hello:  OUI=0x00000C, Protocol ID=0x0112; payload len=27, value=00000000FFFFFFFF010225010000000000000038DF0F4900FF0000
VTP Management Domain: ''
Native VLAN: 666
Duplex: full
Management address(es): 
  IP address: 172.29.10.20

-------------------------
Device ID: 2nd_nt_sw03.mongeneral.com
Entry address(es): 
  IP address: 172.29.10.20
Platform: cisco WS-C2960X-48FPD-L,  Capabilities: Switch IGMP 
Interface: TenGigabitEthernet2/0/11,  Port ID (outgoing port): TenGigabitEthernet2/0/1
Holdtime : 146 sec

Version :
Cisco IOS Software, C2960X Software (C2960X-UNIVERSALK9-M), Version 15.2(2)E5, RELEASE SOFTWARE (fc2)
Technical Support: http://www.cisco.com/techsupport
Copyright (c) 1986-2016 by Cisco Systems, Inc.
Compiled Thu 02-Jun-16 01:31 by prod_rel_team

advertisement version: 2
Protocol Hello:  OUI=0x00000C, Protocol ID=0x0112; payload len=27, value=00000000FFFFFFFF010225010000000000000038DF0F4900FF0000
VTP Management Domain: ''
Native VLAN: 666
Duplex: full
Management address(es): 
  IP address: 172.29.10.20

-------------------------
Device ID: 3rd_st_sw02.mongeneral.com
Entry address(es): 
  IP address: 172.29.10.14
Platform: cisco WS-C2960X-48FPD-L,  Capabilities: Switch IGMP 
Interface: TenGigabitEthernet1/0/5,  Port ID (outgoing port): TenGigabitEthernet1/0/1
Holdtime : 163 sec

Version :
Cisco IOS Software, C2960X Software (C2960X-UNIVERSALK9-M), Version 15.2(2)E6, RELEASE SOFTWARE (fc1)
Technical Support: http://www.cisco.com/techsupport
Copyright (c) 1986-2016 by Cisco Systems, Inc.
Compiled Fri 16-Dec-16 21:27 by prod_rel_team

advertisement version: 2
Protocol Hello:  OUI=0x00000C, Protocol ID=0x0112; payload len=27, value=00000000FFFFFFFF0102250100000000000000C1B1B8BC80FF0000
VTP Management Domain: ''
Native VLAN: 666
Duplex: full
Management address(es): 
  IP address: 172.29.10.14

-------------------------
Device ID: 2nd_nt_sw02.mongeneral.com
Entry address(es): 
  IP address: 172.29.10.19
Platform: cisco WS-C2960X-48FPD-L,  Capabilities: Switch IGMP 
Interface: TenGigabitEthernet2/0/10,  Port ID (outgoing port): TenGigabitEthernet2/0/1
Holdtime : 178 sec

Version :
Cisco IOS Software, C2960X Software (C2960X-UNIVERSALK9-M), Version 15.2(2)E5, RELEASE SOFTWARE (fc2)
Technical Support: http://www.cisco.com/techsupport
Copyright (c) 1986-2016 by Cisco Systems, Inc.
Compiled Thu 02-Jun-16 01:31 by prod_rel_team

advertisement version: 2
Protocol Hello:  OUI=0x00000C, Protocol ID=0x0112; payload len=27, value=00000000FFFFFFFF010225010000000000000038DF8ACD80FF0000
VTP Management Domain: ''
Native VLAN: 666
Duplex: full
Management address(es): 
  IP address: 172.29.10.19

-------------------------
Device ID: 3rd_st_sw02.mongeneral.com
Entry address(es): 
  IP address: 172.29.10.14
Platform: cisco WS-C2960X-48FPD-L,  Capabilities: Switch IGMP 
Interface: TenGigabitEthernet2/0/5,  Port ID (outgoing port): TenGigabitEthernet2/0/1
Holdtime : 136 sec

Version :
Cisco IOS Software, C2960X Software (C2960X-UNIVERSALK9-M), Version 15.2(2)E6, RELEASE SOFTWARE (fc1)
Technical Support: http://www.cisco.com/techsupport
Copyright (c) 1986-2016 by Cisco Systems, Inc.
Compiled Fri 16-Dec-16 21:27 by prod_rel_team

advertisement version: 2
Protocol Hello:  OUI=0x00000C, Protocol ID=0x0112; payload len=27, value=00000000FFFFFFFF0102250100000000000000C1B1B8BC80FF0000
VTP Management Domain: ''
Native VLAN: 666
Duplex: full
Management address(es): 
  IP address: 172.29.10.14

-------------------------
Device ID: 2nd_nt_sw02.mongeneral.com
Entry address(es): 
  IP address: 172.29.10.19
Platform: cisco WS-C2960X-48FPD-L,  Capabilities: Switch IGMP 
Interface: TenGigabitEthernet1/0/10,  Port ID (outgoing port): TenGigabitEthernet1/0/1
Holdtime : 135 sec

Version :
Cisco IOS Software, C2960X Software (C2960X-UNIVERSALK9-M), Version 15.2(2)E5, RELEASE SOFTWARE (fc2)
Technical Support: http://www.cisco.com/techsupport
Copyright (c) 1986-2016 by Cisco Systems, Inc.
Compiled Thu 02-Jun-16 01:31 by prod_rel_team

advertisement version: 2
Protocol Hello:  OUI=0x00000C, Protocol ID=0x0112; payload len=27, value=00000000FFFFFFFF010225010000000000000038DF8ACD80FF0000
VTP Management Domain: ''
Native VLAN: 666
Duplex: full
Management address(es): 
  IP address: 172.29.10.19

-------------------------
Device ID: MGH1A-CORE.mongeneral.com
Entry address(es): 
  IP address: 172.26.2.122
Platform: cisco WS-C4507R+E,  Capabilities: Switch IGMP 
Interface: TenGigabitEthernet2/0/24,  Port ID (outgoing port): TenGigabitEthernet4/1
Holdtime : 152 sec

Version :
Cisco IOS Software, Catalyst 4500 L3 Switch Software (cat4500e-IPBASEK9-M), Version 15.0(2)SG2, RELEASE SOFTWARE (fc3)
Technical Support: http://www.cisco.com/techsupport
Copyright (c) 1986-2011 by Cisco Systems, Inc.
Compiled Wed 07-Dec-11 20:20 by prod_rel_team

advertisement version: 2
VTP Management Domain: 'MonGen'
Native VLAN: 666
Duplex: full
Management address(es): 
  IP address: 172.26.2.122

-------------------------
Device ID: MGH1A-CORE.mongeneral.com
Entry address(es): 
  IP address: 172.26.2.122
Platform: cisco WS-C4507R+E,  Capabilities: Switch IGMP 
Interface: TenGigabitEthernet1/0/24,  Port ID (outgoing port): TenGigabitEthernet3/1
Holdtime : 152 sec

Version :
Cisco IOS Software, Catalyst 4500 L3 Switch Software (cat4500e-IPBASEK9-M), Version 15.0(2)SG2, RELEASE SOFTWARE (fc3)
Technical Support: http://www.cisco.com/techsupport
Copyright (c) 1986-2011 by Cisco Systems, Inc.
Compiled Wed 07-Dec-11 20:20 by prod_rel_team

advertisement version: 2
VTP Management Domain: 'MonGen'
Native VLAN: 666
Duplex: full
Management address(es): 
  IP address: 172.26.2.122


Total cdp entries displayed : 38
1ST_NT_MDF_SW01#
DEBUG:paramiko.transport:starting thread (client mode): 0xba24ce20
DEBUG:paramiko.transport:Local version/idstring: SSH-2.0-paramiko_2.7.1
DEBUG:paramiko.transport:Remote version/idstring: SSH-2.0-Cisco-1.25
INFO:paramiko.transport:Connected (version 2.0, client Cisco-1.25)
DEBUG:paramiko.transport:kex algos:['diffie-hellman-group-exchange-sha1', 'diffie-hellman-group14-sha1', 'diffie-hellman-group1-sha1'] server key:['ssh-rsa'] client encrypt:['aes128-ctr', 'aes192-ctr', 'aes256-ctr', 'aes128-cbc', '3des-cbc', 'aes192-cbc', 'aes256-cbc'] server encrypt:['aes128-ctr', 'aes192-ctr', 'aes256-ctr', 'aes128-cbc', '3des-cbc', 'aes192-cbc', 'aes256-cbc'] client mac:['hmac-sha1', 'hmac-sha1-96'] server mac:['hmac-sha1', 'hmac-sha1-96'] client compress:['none'] server compress:['none'] client lang:[''] server lang:[''] kex follows?False
DEBUG:paramiko.transport:Kex agreed: diffie-hellman-group-exchange-sha1
DEBUG:paramiko.transport:HostKey agreed: ssh-rsa
DEBUG:paramiko.transport:Cipher agreed: aes128-ctr
DEBUG:paramiko.transport:MAC agreed: hmac-sha1
DEBUG:paramiko.transport:Compression agreed: none
DEBUG:paramiko.transport:Got server p (2048 bits)
DEBUG:paramiko.transport:kex engine KexGex specified hash_algo <built-in function openssl_sha1>
DEBUG:paramiko.transport:Switch to new keys ...
DEBUG:paramiko.transport:Adding ssh-rsa host key for 1st_nt_mdf_sw01.mhs.org: b'dff1cc3dbc8e67a39efef4da8ecb0472'
DEBUG:paramiko.transport:userauth is OK
INFO:paramiko.transport:Authentication (password) successful!
DEBUG:paramiko.transport:[chan 0] Max packet in: 32768 bytes
DEBUG:paramiko.transport:[chan 0] Max packet out: 4096 bytes
DEBUG:paramiko.transport:Secsh channel 0 opened.
DEBUG:paramiko.transport:[chan 0] Sesch channel 0 request ok
DEBUG:paramiko.transport:[chan 0] Sesch channel 0 request ok
DEBUG:netmiko:read_channel: 
------------------------------------------------------------------------------------
WARNING:


This system is for the use of authorized clients only. Individuals using the
computer network system without authorization, or in excess of their authorization,
are subject to having all their activity on this computer network system monitored
and recorded by system personnel.  To protect the computer network system from
unauthorized use and to ensure the computer network system is functioning properly,
system administrators monitor this system.  Anyone using this computer network
system expressly consents to such monitoring and is advised that if such monitoring
reveals possible conduct of criminal activity, system personnel may provide the
evidence of such activity to law enforcement officers.

Access is restricted to authorized users only.

Unauthorized access is a violation of state and federal, civil and criminal laws.
------------------------------------------------------------------------------------

1ST_NT_MDF_SW01>
DEBUG:netmiko:read_channel: 
DEBUG:netmiko:read_channel: 
DEBUG:netmiko:read_channel: 
DEBUG:netmiko:write_channel: b'\n'
DEBUG:netmiko:read_channel: 

DEBUG:netmiko:read_channel: 
DEBUG:netmiko:write_channel: b'\n'
DEBUG:netmiko:read_channel: 1ST_NT_MDF_SW01>
DEBUG:netmiko:read_channel: 
1ST_NT_MDF_SW01>
DEBUG:netmiko:Clear buffer detects data in the channel
DEBUG:netmiko:read_channel: 
DEBUG:netmiko:[find_prompt()]: prompt is 1ST_NT_MDF_SW01>
DEBUG:netmiko:read_channel: 
DEBUG:netmiko:In disable_paging
DEBUG:netmiko:Command: terminal length 0

DEBUG:netmiko:write_channel: b'terminal length 0\n'
DEBUG:netmiko:Pattern is: terminal\ length\ 0
DEBUG:netmiko:_read_channel_expect read_data: t
DEBUG:netmiko:_read_channel_expect read_data: e
DEBUG:netmiko:_read_channel_expect read_data: rm
DEBUG:netmiko:_read_channel_expect read_data: in
DEBUG:netmiko:_read_channel_expect read_data: al
DEBUG:netmiko:_read_channel_expect read_data:  l
DEBUG:netmiko:_read_channel_expect read_data: en
DEBUG:netmiko:_read_channel_expect read_data: g
DEBUG:netmiko:_read_channel_expect read_data: th
DEBUG:netmiko:_read_channel_expect read_data:  0
DEBUG:netmiko:Pattern found: terminal\ length\ 0 terminal length 0
DEBUG:netmiko:terminal length 0
DEBUG:netmiko:Exiting disable_paging
DEBUG:netmiko:write_channel: b'terminal width 511\n'
DEBUG:netmiko:Pattern is: terminal\ width\ 511
DEBUG:netmiko:_read_channel_expect read_data: 

DEBUG:netmiko:_read_channel_expect read_data: 1ST_NT_MDF_SW01>
DEBUG:netmiko:_read_channel_expect read_data: te
DEBUG:netmiko:_read_channel_expect read_data: r
DEBUG:netmiko:_read_channel_expect read_data: mi
DEBUG:netmiko:_read_channel_expect read_data: na
DEBUG:netmiko:_read_channel_expect read_data: l 
DEBUG:netmiko:_read_channel_expect read_data: wi
DEBUG:netmiko:_read_channel_expect read_data: dt
DEBUG:netmiko:_read_channel_expect read_data: h 
DEBUG:netmiko:_read_channel_expect read_data: 5
DEBUG:netmiko:_read_channel_expect read_data: 11
DEBUG:netmiko:Pattern found: terminal\ width\ 511 
1ST_NT_MDF_SW01>terminal width 511
DEBUG:netmiko:read_channel: 
1ST_NT_MDF_SW01>
DEBUG:netmiko:Clear buffer detects data in the channel
DEBUG:netmiko:read_channel: 
DEBUG:netmiko:write_channel: b'\n'
DEBUG:netmiko:Pattern is: 1ST_NT_MDF_SW01
DEBUG:netmiko:_read_channel_expect read_data: 

DEBUG:netmiko:_read_channel_expect read_data: 1ST_NT_MDF_SW01>
DEBUG:netmiko:Pattern found: 1ST_NT_MDF_SW01 
1ST_NT_MDF_SW01>
DEBUG:netmiko:write_channel: b'enable\n'
DEBUG:netmiko:Pattern is: (1ST_NT_MDF_SW01|ssword)
DEBUG:netmiko:_read_channel_expect read_data: e
DEBUG:netmiko:_read_channel_expect read_data: na
DEBUG:netmiko:_read_channel_expect read_data: bl
DEBUG:netmiko:_read_channel_expect read_data: e
DEBUG:netmiko:_read_channel_expect read_data: 
Password: 
DEBUG:netmiko:Pattern found: (1ST_NT_MDF_SW01|ssword) enable
Password: 
DEBUG:netmiko:write_channel: b'change-mgh\n'
DEBUG:netmiko:Pattern is: 1ST_NT_MDF_SW01
DEBUG:netmiko:_read_channel_expect read_data: 
1ST_NT_MDF_SW01#
DEBUG:netmiko:Pattern found: 1ST_NT_MDF_SW01 
1ST_NT_MDF_SW01#
DEBUG:netmiko:write_channel: b'\n'
DEBUG:netmiko:Pattern is: 1ST_NT_MDF_SW01
DEBUG:netmiko:_read_channel_expect read_data: 

DEBUG:netmiko:_read_channel_expect read_data: 1ST_NT_MDF_SW01#
DEBUG:netmiko:Pattern found: 1ST_NT_MDF_SW01 
1ST_NT_MDF_SW01#
DEBUG:netmiko:read_channel: 
DEBUG:netmiko:write_channel: b'\n'
DEBUG:netmiko:read_channel: 
DEBUG:netmiko:read_channel: 
DEBUG:netmiko:write_channel: b'\n'
DEBUG:netmiko:read_channel: 
1ST_NT_MDF_SW01#
DEBUG:netmiko:read_channel: 
1ST_NT_MDF_SW01#
DEBUG:netmiko:Clear buffer detects data in the channel
DEBUG:netmiko:read_channel: 
DEBUG:netmiko:[find_prompt()]: prompt is 1ST_NT_MDF_SW01#
DEBUG:netmiko:read_channel: 
DEBUG:netmiko:write_channel: b'sh cdp nei det\n'
DEBUG:netmiko:Pattern is: sh\ cdp\ nei\ det
DEBUG:netmiko:_read_channel_expect read_data: s
DEBUG:netmiko:_read_channel_expect read_data: h 
DEBUG:netmiko:_read_channel_expect read_data: cd
DEBUG:netmiko:_read_channel_expect read_data: p 
DEBUG:netmiko:_read_channel_expect read_data: ne
DEBUG:netmiko:_read_channel_expect read_data: i 
DEBUG:netmiko:_read_channel_expect read_data: d
DEBUG:netmiko:_read_channel_expect read_data: et

DEBUG:netmiko:Pattern found: sh\ cdp\ nei\ det sh cdp nei det

DEBUG:netmiko:read_channel: -------------------------
Device ID: 3rd_nt_sw01.mongeneral.com
Entry address(es): 
  IP address: 172.29.10.21
Platform: cisco WS-C2960X-48FPD-L,  Capabilities: Switch IGMP 
Interface: TenGigabitEthernet2/0/12,  Port ID (outgoing port): TenGigabitEthernet2/0/1
Holdtime : 157 sec

Version :
Cisco IOS Software, C2960X Software (C2960X-UNIVERSALK9-M), Version 15.2(2)E5, RELEASE SOFTWARE (fc2)
Technical Support: http://www.cisco.com/techsupport
Copyright (c) 1986-2016 by Cisco Systems, Inc.
Compiled Thu 02-Jun-16 01:31 by prod_rel_team

advertisement version: 2
Protocol Hello:  OUI=0x00000C, Protocol ID=0x0112; payload len=27, value=00000000FFFFFFFF010225010000000000000038DF86BA00FF0000
VTP Management Domain: ''
Native VLAN: 666
Duplex: full
Management address(es): 
  IP address: 172.29.10.21

-------------------------
Device ID: 3rd_nt_sw01.mongeneral.com
Entry address(es): 
  IP address: 172.29.10.21
Platform: cisco WS-C2960X-48FPD-L,  Capabilities: Switch IGMP 
Interface: TenGigabitEthernet1/0/12,  Port ID (outgoing port): TenGigabitEthernet1/0/1
Holdtime : 171 sec

Version :
Cisco IOS Software, C2960X Software (C2960X-UNIVERSALK9-M), Version 15.2(2)E5, RELEASE SOFTWARE (fc2)
Technical Support: http://www.cisco.com/techsupport
Copyright (c) 1986-2016 by Cisco Systems, Inc.
Compiled Thu 02-Jun-16 01:31 by prod_rel_team

advertisement version: 2
Protocol Hello:  OUI=0x00000C, Protocol ID=0x0112; payload len=27, value=00000000FFFFFFFF010225010000000000000038DF86BA00FF0000
VTP Management Domain: ''
Native VLAN: 666
Duplex: full
Management address(es): 
  IP address: 172.29.10.21

-------------------------
Device ID: 2nd_st_sw01.mongeneral.com
Entry address(es): 
  IP address: 172.29.10.12
Platform: cisco WS-C2960X-48FPD-L,  Capabilities: Switch IGMP 
Interface: TenGigabitEthernet2/0/3,  Port ID (outgoing port): TenGigabitEthernet2/0/1
Holdtime : 151 sec

Version :
Cisco IOS Software, C2960X Software (C2960X-UNIVERSALK9-M), Version 15.2(2)E5, RELEASE SOFTWARE (fc2)
Technical Support: http://www.cisco.com/techsupport
Copyright (c) 1986-2016 by Cisco Systems, Inc.
Compiled Thu 02-Jun-16 01:31 by prod_rel_team

advertisement version: 2
Protocol Hello:  OUI=0x00000C, Protocol ID=0x0112; payload len=27, value=00000000FFFFFFFF010225010000000000000038DF751E00FF0000
VTP Management Domain: ''
Native VLAN: 666
Duplex: full
Management address(es): 
  IP address: 172.29.10.12

-------------------------
Device ID: 2nd_st_sw01.mongeneral.com
Entry address(es): 
  IP address: 172.29.10.12
Platform: cisco WS-C2960X-48FPD-L,  Capabilities: Switch IGMP 
Interface: TenGigabitEthernet1/0/3,  Port ID (outgoing port): TenGigabitEthernet1/0/1
Holdtime : 173 sec

Version :
Cisco IOS Software, C2960X Software (C2960X-UNIVERSALK9-M), Version 15.2(2)E5, RELEASE SOFTWARE (fc2)
Technical Support: http://www.cisco.com/techsupport
Copyright (c) 1986-2016 by Cisco Systems, Inc.
Compiled Thu 02-Jun-16 01:31 by prod_rel_team

advertisement version: 2
Protocol Hello:  OUI=0x00000C, Protocol ID=0x0112; payload len=27, value=00000000FFFFFFFF010225010000000000000038DF751E00FF0000
VTP Management Domain: ''
Native VLAN: 666
Duplex: full
Management address(es): 
  IP address: 172.29.10.12

-------------------------
Device ID: 3rd_nt_sw02.mongeneral.com
Entry address(es): 
  IP address: 172.29.10.22
Platform: cisco WS-C2960X-48FPD-L,  Capabilities: Switch IGMP 
Interface: TenGigabitEthernet1/0/13,  Port ID (outgoing port): TenGigabitEthernet1/0/1
Holdtime : 179 sec

Version :
Cisco IOS Software, C2960X Software (C2960X-UNIVERSALK9-M), Version 15.2(2)E5, RELEASE SOFTWARE (fc2)
Technical Support: http://www.cisco.com/techsupport
Copyright (c) 1986-2016 by Cisco Systems, Inc.
Compiled Thu 02-Jun-16 01:31 by prod_rel_team

advertisement version: 2
Protocol Hello:  OUI=0x00000C, Protocol ID=0x0112; payload len=27, value=00000000FFFFFFFF010225010000000000000038DF0F6A00FF0000
VTP Management Domain: ''
Native VLAN: 666
Duplex: full
Management address(es): 
  IP address: 172.29.10.22

-------------------------
Device ID: 3rd_nt_sw02.mongeneral.com
Entry address(es): 
  IP address: 172.29.10.22
Platform: cisco WS-C2960X-48FPD-L,  Capabilities: Switch IGMP 
Interface: TenGigabitEthernet2/0/13,  Port ID (outgoing port): TenGigabitEthernet2/0/1
Holdtime : 179 sec

Version :
Cisco IOS Software, C2960X Software (C2960X-UNIVERSALK9-M), Version 15.2(2)E5, RELEASE SOFTWARE (fc2)
Technical Support: http://www.cisco.com/techsupport
Copyright (c) 1986-2016 by Cisco Systems, Inc.
Compiled Thu 02-Jun-16 01:31 by prod_rel_team

advertisement version: 2
Protocol Hello:  OUI=0x00000C, Protocol ID=0x0112; payload len=27, value=00000000FFFFFFFF010225010000000000000038DF0F6A00FF0000
VTP Management Domain: ''
Native VLAN: 666
Duplex: full
Management address(es): 
  IP address: 172.29.10.22

-------------------------
Device ID: 1st_conf_sw01.mongeneral.com
Entry address(es): 
  IP address: 172.29.10.28
Platform: cisco WS-C2960X-48FPD-L,  Capabilities: Switch IGMP 
Interface: TenGigabitEthernet2/0/18,  Port ID (outgoing port): TenGigabitEthernet1/0/2
Holdtime : 150 sec

Version :
Cisco IOS Software, C2960X Software (C2960X-UNIVERSALK9-M), Version 15.2(2)E5, RELEASE SOFTWARE (fc2)
Technical Support: http://www.cisco.com/techsupport
Copyright (c) 1986-2016 by Cisco Systems, Inc.
Compiled Thu 02-Jun-16 01:31 by prod_rel_team

advertisement version: 2
Protocol Hello:  OUI=0x00000C, Protocol ID=0x0112; payload len=27, value=00000000FFFFFFFF010225010000000000000038DF8AB680FF0000
VTP Management Domain: ''
Native VLAN: 666
Duplex: full
Management address(es): 
  IP address: 172.29.10.28

-------------------------
Device ID: 4th_nt_sw01.mongeneral.com
Entry address(es): 
  IP address: 172.29.10.23
Platform: cisco WS-C2960X-48FPD-L,  Capabilities: Switch IGMP 
Interface: TenGigabitEthernet1/0/14,  Port ID (outgoing port): TenGigabitEthernet1/0/1
Holdtime : 136 sec

Version :
Cisco IOS Software, C2960X Software (C2960X-UNIVERSALK9-M), Version 15.2(2)E5, RELEASE SOFTWARE (fc2)
Technical Support: http://www.cisco.com/techsupport
Copyright (c) 1986-2016 by Cisco Systems, Inc.
Compiled Thu 02-Jun-16 01:31 by prod_rel_team

advertisement version: 2
Protocol Hello:  OUI=0x00000C, Protocol ID=0x0112; payload len=27, value=00000000FFFFFFFF010225010000000000000038DF875E00FF0000
VTP Management Domain: ''
Native VLAN: 666
Duplex: full
Management address(es): 
  IP address: 172.29.10.23

-------------------------
Device ID: 4th_nt_sw01.mongeneral.com
Entry address(es): 
  IP address: 172.29.10.23
Platform: cisco WS-C2960X-48FPD-L,  Capabilities: Switch IGMP 
Interface: TenGigabitEthernet2/0/14,  Port ID (outgoing port): TenGigabitEthernet2/0/1
Holdtime : 161 sec

Version :
Cisco IOS Software, C2960X Software (C2960X-UNIVERSALK9-M), Version 15.2(2)E5, RELEASE SOFTWARE (fc2)
Technical Support: http://www.cisco.com/techsupport
Copyright (c) 1986-2016 by Cisco Systems, Inc.
Compiled Thu 02-Jun-16 01:31 by prod_rel_team

advertisement version: 2
Protocol Hello:  OUI=0x00000C, Protocol ID=0x0112; payload len=27, value=00000000FFFFFFFF010225010000000000000038DF875E00FF0000
VTP Management Domain: ''
Native VLAN: 666
Duplex: full
Management address(es): 
  IP address: 172.29.10.23

-------------------------
Device ID: 1st_conf_sw01.mongeneral.com
Entry address(es): 
  IP address: 172.29.10.28
Platform: cisco WS-C2960X-48FPD-L,  Capabilities: Switch IGMP 
Interface: TenGigabitEthernet1/0/18,  Port ID (outgoing port): TenGigabitEthernet1/0/1
Holdtime : 169 sec

Version :
Cisco IOS Software, C2960X Software (C2960X-UNIVERSALK9-M), Version 15.2(2)E5, RELEASE SOFTWARE (fc2)
Technical Support: http://www.cisco.com/techsupport
Copyright (c) 1986-2016 by Cisco Systems, Inc.
Compiled Thu 02-Jun-16 01:31 by prod_rel_team

advertisement version: 2
Protocol Hello:  OUI=0x00000C, Protocol ID=0x0112; payload len=27, value=00000000FFFFFFFF010225010000000000000038DF8AB680FF0000
VTP Management Domain: ''
Native VLAN: 666
Duplex: full
Management addre
DEBUG:netmiko:read_channel: ss(es): 
  IP address: 172.29.10.28

-------------------------
Device ID: 1st_st_sw02.mongeneral.com
Entry address(es): 
  IP address: 172.29.10.11
Platform: cisco WS-C2960X-48FPD-L,  Capabilities: Switch IGMP 
Interface: TenGigabitEthernet2/0/2,  Port ID (outgoing port): TenGigabitEthernet2/0/1
Holdtime : 162 sec

Version :
Cisco IOS Software, C2960X Software (C2960X-UNIVERSALK9-M), Version 15.2(2)E5, RELEASE SOFTWARE (fc2)
Technical Support: http://www.cisco.com/techsupport
Copyright (c) 1986-2016 by Cisco Systems, Inc.
Compiled Thu 02-Jun-16 01:31 by prod_rel_team

advertisement version: 2
Protocol Hello:  OUI=0x00000C, Protocol ID=0x0112; payload len=27, value=00000000FFFFFFFF010225010000000000000038DF790600FF0000
VTP Management Domain: ''
Native VLAN: 666
Duplex: full
Management address(es): 
  IP address: 172.29.10.11

-------------------------
Device ID: 1st_st_sw02.mongeneral.com
Entry address(es): 
  IP address: 172.29.10.11
Platform: cisco WS-C2960X-48FPD-L,  Capabilities: Switch IGMP 
Interface: TenGigabitEthernet1/0/2,  Port ID (outgoing port): TenGigabitEthernet1/0/1
Holdtime : 142 sec

Version :
Cisco IOS Software, C2960X Software (C2960X-UNIVERSALK9-M), Version 15.2(2)E5, RELEASE SOFTWARE (fc2)
Technical Support: http://www.cisco.com/techsupport
Copyright (c) 1986-2016 by Cisco Systems, Inc.
Compiled Thu 02-Jun-16 01:31 by prod_rel_team

advertisement version: 2
Protocol Hello:  OUI=0x00000C, Protocol ID=0x0112; payload len=27, value=00000000FFFFFFFF010225010000000000000038DF790600FF0000
VTP Management Domain: ''
Native VLAN: 666
Duplex: full
Management address(es): 
  IP address: 172.29.10.11

-------------------------
Device ID: 5th_nt_sw01.mongeneral.com
Entry address(es): 
  IP address: 172.29.10.24
Platform: cisco WS-C2960X-48FPD-L,  Capabilities: Switch IGMP 
Interface: TenGigabitEthernet2/0/15,  Port ID (outgoing port): TenGigabitEthernet2/0/1
Holdtime : 150 sec

Version :
Cisco IOS Software, C2960X Software (C2960X-UNIVERSALK9-M), Version 15.2(2)E5, RELEASE SOFTWARE (fc2)
Technical Support: http://www.cisco.com/techsupport
Copyright (c) 1986-2016 by Cisco Systems, Inc.
Compiled Thu 02-Jun-16 01:31 by prod_rel_team

advertisement version: 2
Protocol Hello:  OUI=0x00000C, Protocol ID=0x0112; payload len=27, value=00000000FFFFFFFF010225010000000000000038DF8AE080FF0000
VTP Management Domain: ''
Native VLAN: 666
Duplex: full
Management address(es): 
  IP address: 172.29.10.24

-------------------------
Device ID: 5th_nt_sw01.mongeneral.com
Entry address(es): 
  IP address: 172.29.10.24
Platform: cisco WS-C2960X-48FPD-L,  Capabilities: Switch IGMP 
Interface: TenGigabitEthernet1/0/15,  Port ID (outgoing port): TenGigabitEthernet1/0/1
Holdtime : 162 sec

Version :
Cisco IOS Software, C2960X Software (C2960X-UNIVERSALK9-M), Version 15.2(2)E5, RELEASE SOFTWARE (fc2)
Technical Support: http://www.cisco.com/techsupport
Copyright (c) 1986-2016 by Cisco Systems, Inc.
Compiled Thu 02-Jun-16 01:31 by prod_rel_team

advertisement version: 2
Protocol Hello:  OUI=0x00000C, Protocol ID=0x0112; payload len=27, value=00000000FFFFFFFF010225010000000000000038DF8AE080FF0000
VTP Management Domain: ''
Native VLAN: 666
Duplex: full
Management address(es): 
  IP address: 172.29.10.24

-------------------------
Device ID: 6th_nt_sw01.mongeneral.com
Entry address(es): 
  IP address: 172.29.10.26
Platform: cisco WS-C2960X-48FPD-L,  Capabilities: Switch IGMP 
Interface: TenGigabitEthernet2/0/17,  Port ID (outgoing port): TenGigabitEthernet2/0/2
Holdtime : 142 sec

Version :
Cisco IOS Software, C2960X Software (C2960X-UNIVERSALK9-M), Version 15.2(2)E5, RELEASE SOFTWARE (fc2)
Technical Support: http://www.cisco.com/techsupport
Copyright (c) 1986-2016 by Cisco Systems, Inc.
Compiled Thu 02-Jun-16 01:31 by prod_rel_team

advertisement version: 2
Protocol Hello:  OUI=0x00000C, Protocol ID=0x0112; payload len=27, value=00000000FFFFFFFF010225010000000000000038DF86E980FF0000
VTP Management Domain: ''
Native VLAN: 666
Duplex: full
Management address(es): 
  IP address: 172.29.10.26

-------------------------
Device ID: 5th_nt_sw02.mongeneral.com
Entry address(es): 
  IP address: 172.29.10.25
Platform: cisco WS-C2960X-48FPD-L,  Capabilities: Switch IGMP 
Interface: TenGigabitEthernet1/0/16,  Port ID (outgoing port): TenGigabitEthernet1/0/1
Holdtime : 158 sec

Version :
Cisco IOS Software, C2960X Software (C2960X-UNIVERSALK9-M), Version 15.2(2)E5, RELEASE SOFTWARE (fc2)
Technical Support: http://www.cisco.com/techsupport
Copyright (c) 1986-2016 by Cisco Systems, Inc.
Compiled Thu 02-Jun-16 01:31 by prod_rel_team

advertisement version: 2
Protocol Hello:  OUI=0x00000C, Protocol ID=0x0112; payload len=27, value=00000000FFFFFFFF010225010000000000000038DF0FAB00FF0000
VTP Management Domain: ''
Native VLAN: 666
Duplex: full
Management address(es): 
  IP address: 172.29.10.25

-------------------------
Device ID: 6th_nt_sw01.mongeneral.com
Entry address(es): 
  IP address: 172.29.10.26
Platform: cisco WS-C2960X-48FPD-L,  Capabilities: Switch IGMP 
Interface: TenGigabitEthernet1/0/17,  Port ID (outgoing port): TenGigabitEthernet1/0/1
Holdtime : 128 sec

Version :
Cisco IOS Software, C2960X Software (C2960X-UNIVERSALK9-M), Version 15.2(2)E5, RELEASE SOFTWARE (fc2)
Technical Support: http://www.cisco.com/techsupport
Copyright (c) 1986-2016 by Cisco Systems, Inc.
Compiled Thu 02-Jun-16 01:31 by prod_rel_team

advertisement version: 2
Protocol Hello:  OUI=0x00000C, Protocol ID=0x0112; payload len=27, value=00000000FFFFFFFF010225010000000000000038DF86E980FF0000
VTP Management Domain: ''
Native VLAN: 666
Duplex: full
Management address(es): 
  IP address: 172.29.10.26

-------------------------
Device ID: 5th_nt_sw02.mongeneral.com
Entry address(es): 
  IP address: 172.29.10.25
Platform: cisco WS-C2960X-48FPD-L,  Capabilities: Switch IGMP 
Interface: TenGigabitEthernet2/0/16,  Port ID (outgoing port): TenGigabitEthernet2/0/1
Holdtime : 131 sec

Version :
Cisco IOS Software, C2960X Software (C2960X-UNIVERSALK9-M), Version 15.2(2)E5, RELEASE SOFTWARE (fc2)
Technical Support: http://www.cisco.com/techsupport
Copyright (c) 1986-2016 by Cisco Systems, Inc.
Compiled Thu 02-Jun-16 01:31 by prod_rel_team

advertisement version: 2
Protocol Hello:  OUI=0x00000C, Protocol ID=0x0112; payload len=27, value=00000000FFFFFFFF010225010000000000000038DF0FAB00FF0000
VTP Management Domain: ''
Native VLAN: 666
Duplex: full
Management address(es): 
  IP address: 172.29.10.25

-------------------------
Device ID: 1st_st_sw01.mongeneral.com
Entry address(es): 
  IP address: 172.29.10.10
Platform: cisco WS-C2960X-48FPD-L,  Capabilities: Switch IGMP 
Interface: TenGigabitEthernet2/0/1,  Port ID (outgoing port): TenGigabitEthernet2/0/1
Holdtime : 175 sec

Version :
Cisco IOS Software, C2960X Software (C2960X-UNIVERSALK9-M), Version 15.2(2)E5, RELEASE SOFTWARE (fc2)
Technical Support: http://www.cisco.com/techsupport
Copyright (c) 1986-2016 by Cisco Systems, Inc.
Compiled Thu 02-Jun-16 01:31 by prod_rel_team

advertisement version: 2
Protocol Hello:  OUI=0x00000C, Protocol ID=0x0112; payload len=27, value=00000000FFFFFFFF010225010000000000000038DF86E780FF0000
VTP Management Domain: ''
Native VLAN: 666
Duplex: full
Management address(es): 
  IP address: 172.29.10.10

-------------------------
Device ID: 1st_st_sw01.mongeneral.com
Entry address(es): 
  IP address: 172.29.10.10
Platform: cisco WS-C2960X-48FPD-L,  Capabilities: Switch IGMP 
Interface: TenGigabitEthernet1/0/1,  Port ID (outgoing port): TenGigabitEthernet1/0/1
Holdtime : 130 sec

Version :
Cisco IOS Software, C2960X Software (C2960X-UNIVERSALK9-M), Version 15.2(2)E5, RELEASE SOFTWARE (fc2)
Technical Support: http://www.cisco.com/techsupport
Copyright (c) 1986-2016 by Cisco Systems, Inc.
Compiled Thu 02-Jun-16 01:31 by prod_rel_team

advertisement version: 2
Protocol Hello:  OUI=0x00000C, Protocol ID=0x0112; payload len=27, value=00000000FFFFFFFF010225010000000000000038DF86E780FF0000
VTP Management Domain: ''
Native VLAN: 666
Duplex: full
Management address(es): 
  IP address: 172.29.10.10

-------------------------
Device ID: 5th_st_sw01.mongeneral.com
Entry address(es): 
  IP address: 172.29.10.16
Platform: cisco WS-C2960X-48FPD-L,  Capabilities: Switch IGMP 
Interface: TenGigabitEthernet2/0/7,  Port ID (outgoing port): TenGigabitEthernet2/0/1
Holdtime : 173 sec

Version :
Cisco IOS Software, C2960X Software (C2960X-UNIVERSALK9-M), Version 15.2(2)E5, RELEASE SOFTWARE (fc2)
Technical Support: http://www.cisco.com/techsupport
Copyright (c) 1986-2016 by Cisco Systems, Inc.
Compiled Thu 02-Jun-16 01:31 by prod_rel_team

advertisement version: 2
Protocol Hello:  OUI=0x00000C, Protocol ID=0x0112; payload len=27, value=00000000FFFFFFFF010225010000000000000038DF8AC580FF0000
VTP Management Domain: ''
Native VLAN: 666
Duplex: full
Management address(es): 
  IP address: 172.29.10.16

-------------------------
Device ID: 5th_st_sw01.mongeneral.com
Entry address(es): 
  IP address: 172.29.10.16
Platform: cisco WS-C2960X-48FPD-L,  Capabilities: Switch IGMP 
Interface: TenGigabitEthernet1/0/7,  Port ID (outgoing port): TenGigabitEthernet1/0/1
Holdtime : 170 sec

Version :
Cisco IOS Software, C2960X Software (C2960X-UNIVERSALK9-M), Version 15.2(2)E5, RELEASE SOFTWARE (fc2)
Technical Support: http://www.cisco.com/techsupport
Copyright (c) 1986-2016 by Cisco Systems, Inc.
Compiled Thu 02-Jun-16 01:31 by prod_rel_team

advertisement version: 2
Protocol Hello:  OUI=0x00000C, Protocol ID=0x0112; payload len=27, value=00000000FFFFFFFF010225010000000000000038DF8AC580FF0000
VTP Management Domain: ''
Native VLAN: 666
Duplex: full
Management address(es): 
  IP address: 172.29.10.16

-------------------------
Device ID: 4th_st_sw01.mongeneral.com
Entry address(es): 
  IP address: 172.29.10.15
Platform: cisco WS-C2960X-48FPD-L,  Capabilities: Switch IGMP 
Interface: TenGigabitEthernet2/0/6,  Port ID (outgoing port): TenGigabitEthernet2/0/1
Holdtime : 140 sec

Version :
Cisco IOS Software, C2960X Software (C2960X-UNIVERSALK9-M), Version 15.2(2)E5, RELEASE SOFTWARE (fc2)
Technical Support: http://www.cisco.com/techsupport
Copyright (c) 1986-2016 by Cisco Systems, Inc.
Compiled Thu 02-Jun-16 01:31 by prod_rel_team

advertisement version: 2
Protocol Hello:  OUI=0x00000C, Protocol ID=0x0112; payload len=27, value=00000000FFFFFFFF010225010000000000000038DF876500FF0000
VTP Management Domain: ''
Native VLAN: 666
Duplex: full
Management address(es): 
  IP address: 172.29.10.15

-------------------------
Device ID: 4th_st_sw01.mongeneral.com
Entry address(es): 
  IP address: 172.29.10.15
Platform: cisco WS-C2960X-48FPD-L,  Capabilities: Switch IGMP 
Interface: TenGigabitEthernet1/0/6,  Port ID (outgoing port): TenGigabitEthernet1/0/1
Holdtime : 170 sec

Version :
Cisco IOS Software, C2960X Software (C2960X-UNIVERSALK9-M), Version 15.2(2)E5, RELEASE SOFTWARE (fc2)
Technical Support: http://www.cisco.com/techsupport
Copyright (c) 1986-2016 by Cisco Systems, Inc.
Compiled Thu 02-Jun-16 01:31 by prod_rel_team

advertisement version: 2
Protocol Hello:  OUI=0x00000C, Protocol ID=0x0112; payload len=27, value=00000000FFFFFFFF010225010000000000000038DF876500FF0000
VTP Management Domain: ''
Native VLAN: 666
Duplex: full
Management address(es): 
  IP address: 172.29.10.15

-------------------------
Device ID: 1st_nt_sw01.mongeneral.com
Entry address(es): 
  IP address: 172.29.10.17
Platform: cisco WS-C2960X-48FPD-L,  Capabilities: Switch IGMP 
Interface: TenGigabitEthernet2/0/8,  Port ID (outgoing port): TenGigabitEthernet2/0/1
Holdtime : 152 sec

Version :
Cisco IOS Software, C2960X Software (C2960X-UNIVERSALK9-M), Version 15.2(2)E5, RELEASE SOFTWARE (fc2)
Technical Support: http://www.cisco.com/techsupport
Copyright (c) 1986-2016 by Cisco Systems, Inc.
Compiled Thu 02-Jun-16 01:31 by prod_rel_team

advertisement version: 2
Protocol Hello:  OUI=0x00000C, Protocol ID=0x0112; payload len=27, value=00000000FFFFFFFF010225010000000000000038DF0FAA00FF0000
VTP Management Domain: ''
Native VLAN: 666
Duplex: full
Management address(es): 
  IP address: 172.29.10.17

-------------------------
Device ID: 1st_nt_sw01.mongeneral.com
Entry address(es): 
  IP address: 172.29.10.17
Platform: cisco WS-C2960X-48FPD-L,  Capabilities: Switch IGMP 
Interface: TenGigabitEthernet1/0/8,  Port ID (outgoing port): TenGigabitEthernet1/0/1
Holdtime : 178 sec

Version :
Cisco IOS Software, C2960X Software (C2960X-UNIVERSALK9-M), Version 15.2(2)E5, RELEASE SOFTWARE (fc2)
Technical Support: http://www.cisco.com/techsupport
Copyright (c) 1986-2016 by Cisco Systems, Inc.
Compiled Thu 02-Jun-16 01:31 by prod_rel_team

advertisement version: 2
Protocol Hello:  OUI=0x00000C, Protocol ID=0x0112; payload len=27, value=00000000FFFFFFFF010225010000000000000038DF0FAA00FF0000
VTP Management Domain: ''
Native VLAN: 666
Duplex: full
Management address(es): 
  IP address: 172.29.10.17

-------------------------
Device ID: 2nd_nt_sw01.mongeneral.com
Entry address(es): 
  IP address: 172.29.10.18
Platform: cisco WS-C2960X-24PS-L,  Capabilities: Switch IGMP 
Interface: TenGigabitEthernet2/0/9,  Port ID (outgoing port): TenGigabitEthernet2/0/1
Holdtime : 125 sec

Version :
Cisco IOS Software, C2960X Software (C2960X-UNIVERSALK9-M), Version 15.2(2)E5, RELEASE SOFTWARE (fc2)
Technical Support: http://www.cisco.com/techsupport
Copyright (c) 1986-2016 by Cisco Systems, Inc.
Compiled Thu 02-Jun-16 01:31 by prod_rel_team

advertisement version: 2
Protocol Hello:  OUI=0x00000C, Protocol ID=0x0112; payload len=27, value=00000000FFFFFFFF010225010000000000002C0BE9784300FF0000
VTP Management Domain: ''
Native VLAN: 666
Duplex: full
Management address(es): 
  IP address: 172.29.10.18

-------------------------
Device ID: 2nd_nt_sw01.mongeneral.com
Entry address(es): 
  IP address: 172.29.10.18
Platform: cisco WS-C2960X-24PS-L,  Capabilities: Switch IGMP 
Interface: TenGigabitEthernet1/0/9,  Port ID (outgoing port): TenGigabitEthernet1/0/1
Holdtime : 176 sec

Version :
Cisco IOS Software, C2960X Software (C2960X-UNIVERSALK9-M), Version 15.2(2)E5, RELEASE SOFTWARE (fc2)
Technical Support: http://www.cisco.com/techsupport
Copyright (c) 1986-2016 by Cisco Systems, Inc.
Compiled Thu 02-Jun-16 01:31 by prod_rel_team

advertisement version: 2
Protocol Hello:  OUI=0x00000C, Protocol ID=0x0112; payload len=27, value=00000000FFFFFFFF010225010000000000002C0BE9784300FF0000
VTP Management Domain: ''
Native VLAN: 666
Duplex: full
Management address(es): 
  IP address: 172.29.10.18

-------------------------
Device ID: 3rd_st_sw01.mongeneral.com
Entry address(es): 
  IP address: 172.29.10.13
Platform: cisco WS-C2960X-48FPD-L,  Capabilities: Switch IGMP 
Interface: TenGigabitEthernet2/0/4,  Port ID (outgoing port): TenGigabitEthernet2/0/1
Holdtime : 177 sec

Version :
Cisco IOS Software, C2960X Software (C2960X-UNIVERSALK9-M), Version 15.2(2)E5, RELEASE SOFTWARE (fc2)
Technical Support: http://www.cisco.com/techsupport
Copyright (c) 1986-2016 by Cisco Systems, Inc.
Compiled Thu 02-Jun-16 01:31 by prod_rel_team

advertisement version: 2
Protocol Hello:  OUI=0x00000C, Protocol ID=0x0112; payload len=27, value=00000000FFFFFFFF010225010000000000000038DF790280FF0000
VTP Management Domain: ''
Native VLAN: 666
Duplex: full
Management address(es): 
  IP address: 172.29.10.13

-------------------------
Device ID: 3rd_st_sw01.mongeneral.com
Entry address(es): 
  IP address: 172.29.10.13
Platform: cisco WS-C2960X-48FPD-L,  Capabilities: Switch IGMP 
Interface: TenGigabitEthernet1/0/4,  Port ID (outgoing port): TenGigabitEthernet1/0/1
Holdtime : 171 sec

Version :
Cisco IOS Software, C2960X Software (C2960X-UNIVERSALK9-M), Version 15.2(2)E5, RELEASE SOFTWARE (fc2)
Technical Support: http://www.cisco.com/techsupport
Copyright (c) 1986-2016 by Cisco Systems, Inc.
Compiled Thu 02-Jun-16 01:31 by prod_rel_team

advertisement version: 2
Protocol Hello:  OUI=0x00000C, Protocol ID=0x0112; payload len=27, value=00000000FFFFFFFF010225010000000000000038DF790280FF0000
VTP Management 
DEBUG:netmiko:read_channel: Domain: ''
Native VLAN: 666
Duplex: full
Management address(es): 
  IP address: 172.29.10.13

-------------------------
Device ID: 2nd_nt_sw03.mongeneral.com
Entry address(es): 
  IP address: 172.29.10.20
Platform: cisco WS-C2960X-48FPD-L,  Capabilities: Switch IGMP 
Interface: TenGigabitEthernet1/0/11,  Port ID (outgoing port): TenGigabitEthernet1/0/1
Holdtime : 172 sec

Version :
Cisco IOS Software, C2960X Software (C2960X-UNIVERSALK9-M), Version 15.2(2)E5, RELEASE SOFTWARE (fc2)
Technical Support: http://www.cisco.com/techsupport
Copyright (c) 1986-2016 by Cisco Systems, Inc.
Compiled Thu 02-Jun-16 01:31 by prod_rel_team

advertisement version: 2
Protocol Hello:  OUI=0x00000C, Protocol ID=0x0112; payload len=27, value=00000000FFFFFFFF010225010000000000000038DF0F4900FF0000
VTP Management Domain: ''
Native VLAN: 666
Duplex: full
Management address(es): 
  IP address: 172.29.10.20

-------------------------
Device ID: 2nd_nt_sw03.mongeneral.com
Entry address(es): 
  IP address: 172.29.10.20
Platform: cisco WS-C2960X-48FPD-L,  Capabilities: Switch IGMP 
Interface: TenGigabitEthernet2/0/11,  Port ID (outgoing port): TenGigabitEthernet2/0/1
Holdtime : 137 sec

Version :
Cisco IOS Software, C2960X Software (C2960X-UNIVERSALK9-M), Version 15.2(2)E5, RELEASE SOFTWARE (fc2)
Technical Support: http://www.cisco.com/techsupport
Copyright (c) 1986-2016 by Cisco Systems, Inc.
Compiled Thu 02-Jun-16 01:31 by prod_rel_team

advertisement version: 2
Protocol Hello:  OUI=0x00000C, Protocol ID=0x0112; payload len=27, value=00000000FFFFFFFF010225010000000000000038DF0F4900FF0000
VTP Management Domain: ''
Native VLAN: 666
Duplex: full
Management address(es): 
  IP address: 172.29.10.20

-------------------------
Device ID: 3rd_st_sw02.mongeneral.com
Entry address(es): 
  IP address: 172.29.10.14
Platform: cisco WS-C2960X-48FPD-L,  Capabilities: Switch IGMP 
Interface: TenGigabitEthernet1/0/5,  Port ID (outgoing port): TenGigabitEthernet1/0/1
Holdtime : 160 sec

Version :
Cisco IOS Software, C2960X Software (C2960X-UNIVERSALK9-M), Version 15.2(2)E6, RELEASE SOFTWARE (fc1)
Technical Support: http://www.cisco.com/techsupport
Copyright (c) 1986-2016 by Cisco Systems, Inc.
Compiled Fri 16-Dec-16 21:27 by prod_rel_team

advertisement version: 2
Protocol Hello:  OUI=0x00000C, Protocol ID=0x0112; payload len=27, value=00000000FFFFFFFF0102250100000000000000C1B1B8BC80FF0000
VTP Management Domain: ''
Native VLAN: 666
Duplex: full
Management address(es): 
  IP address: 172.29.10.14

-------------------------
Device ID: 2nd_nt_sw02.mongeneral.com
Entry address(es): 
  IP address: 172.29.10.19
Platform: cisco WS-C2960X-48FPD-L,  Capabilities: Switch IGMP 
Interface: TenGigabitEthernet2/0/10,  Port ID (outgoing port): TenGigabitEthernet2/0/1
Holdtime : 127 sec

Version :
Cisco IOS Software, C2960X Software (C2960X-UNIVERSALK9-M), Version 15.2(2)E5, RELEASE SOFTWARE (fc2)
Technical Support: http://www.cisco.com/techsupport
Copyright (c) 1986-2016 by Cisco Systems, Inc.
Compiled Thu 02-Jun-16 01:31 by prod_rel_team

advertisement version: 2
Protocol Hello:  OUI=0x00000C, Protocol ID=0x0112; payload len=27, value=00000000FFFFFFFF010225010000000000000038DF8ACD80FF0000
VTP Management Domain: ''
Native VLAN: 666
Duplex: full
Management address(es): 
  IP address: 172.29.10.19

-------------------------
Device ID: 3rd_st_sw02.mongeneral.com
Entry address(es): 
  IP address: 172.29.10.14
Platform: cisco WS-C2960X-48FPD-L,  Capabilities: Switch IGMP 
Interface: TenGigabitEthernet2/0/5,  Port ID (outgoing port): TenGigabitEthernet2/0/1
Holdtime : 134 sec

Version :
Cisco IOS Software, C2960X Software (C2960X-UNIVERSALK9-M), Version 15.2(2)E6, RELEASE SOFTWARE (fc1)
Technical Support: http://www.cisco.com/techsupport
Copyright (c) 1986-2016 by Cisco Systems, Inc.
Compiled Fri 16-Dec-16 21:27 by prod_rel_team

advertisement version: 2
Protocol Hello:  OUI=0x00000C, Protocol ID=0x0112; payload len=27, value=00000000FFFFFFFF0102250100000000000000C1B1B8BC80FF0000
VTP Management Domain: ''
Native VLAN: 666
Duplex: full
Management address(es): 
  IP address: 172.29.10.14

-------------------------
Device ID: 2nd_nt_sw02.mongeneral.com
Entry address(es): 
  IP address: 172.29.10.19
Platform: cisco WS-C2960X-48FPD-L,  Capabilities: Switch IGMP 
Interface: TenGigabitEthernet1/0/10,  Port ID (outgoing port): TenGigabitEthernet1/0/1
Holdtime : 127 sec

Version :
Cisco IOS Software, C2960X Software (C2960X-UNIVERSALK9-M), Version 15.2(2)E5, RELEASE SOFTWARE (fc2)
Technical Support: http://www.cisco.com/techsupport
Copyright (c) 1986-2016 by Cisco Systems, Inc.
Compiled Thu 02-Jun-16 01:31 by prod_rel_team

advertisement version: 2
Protocol Hello:  OUI=0x00000C, Protocol ID=0x0112; payload len=27, value=00000000FFFFFFFF010225010000000000000038DF8ACD80FF0000
VTP Management Domain: ''
Native VLAN: 666
Duplex: full
Management address(es): 
  IP address: 172.29.10.19

-------------------------
Device ID: MGH1A-CORE.mongeneral.com
Entry address(es): 
  IP address: 172.26.2.122
Platform: cisco WS-C4507R+E,  Capabilities: Switch IGMP 
Interface: TenGigabitEthernet2/0/24,  Port ID (outgoing port): TenGigabitEthernet4/1
Holdtime : 162 sec

Version :
Cisco IOS Software, Catalyst 4500 L3 Switch Software (cat4500e-IPBASEK9-M), Version 15.0(2)SG2, RELEASE SOFTWARE (fc3)
Technical Support: http://www.cisco.com/techsupport
Copyright (c) 1986-2011 by Cisco Systems, Inc.
Compiled Wed 07-Dec-11 20:20 by prod_rel_team

advertisement version: 2
VTP Management Domain: 'MonGen'
Native VLAN: 666
Duplex: full
Management address(es): 
  IP address: 172.26.2.122

-------------------------
Device ID: MGH1A-CORE.mongeneral.com
Entry address(es): 
  IP address: 172.26.2.122
Platform: cisco WS-C4507R+E,  Capabilities: Switch IGMP 
Interface: TenGigabitEthernet1/0/24,  Port ID (outgoing port): TenGigabitEthernet3/1
Holdtime : 162 sec

Version :
Cisco IOS Software, Catalyst 4500 L3 Switch Software (cat4500e-IPBASEK9-M), Version 15.0(2)SG2, RELEASE SOFTWARE (fc3)
Technical Support: http://www.cisco.com/techsupport
Copyright (c) 1986-2011 by Cisco Systems, Inc.
Compiled Wed 07-Dec-11 20:20 by prod_rel_team

advertisement version: 2
VTP Management Domain: 'MonGen'
Native VLAN: 666
Duplex: full
Management address(es): 
  IP address: 172.26.2.122


Total cdp entries displayed : 38
1ST_NT_MDF_SW01#
DEBUG:paramiko.transport:starting thread (client mode): 0x68bb1670
DEBUG:paramiko.transport:Local version/idstring: SSH-2.0-paramiko_2.7.1
DEBUG:paramiko.transport:Remote version/idstring: SSH-2.0-Cisco-1.25
INFO:paramiko.transport:Connected (version 2.0, client Cisco-1.25)
DEBUG:paramiko.transport:kex algos:['diffie-hellman-group-exchange-sha1', 'diffie-hellman-group14-sha1', 'diffie-hellman-group1-sha1'] server key:['ssh-rsa'] client encrypt:['aes128-ctr', 'aes192-ctr', 'aes256-ctr', 'aes128-cbc', '3des-cbc', 'aes192-cbc', 'aes256-cbc'] server encrypt:['aes128-ctr', 'aes192-ctr', 'aes256-ctr', 'aes128-cbc', '3des-cbc', 'aes192-cbc', 'aes256-cbc'] client mac:['hmac-sha1', 'hmac-sha1-96'] server mac:['hmac-sha1', 'hmac-sha1-96'] client compress:['none'] server compress:['none'] client lang:[''] server lang:[''] kex follows?False
DEBUG:paramiko.transport:Kex agreed: diffie-hellman-group-exchange-sha1
DEBUG:paramiko.transport:HostKey agreed: ssh-rsa
DEBUG:paramiko.transport:Cipher agreed: aes128-ctr
DEBUG:paramiko.transport:MAC agreed: hmac-sha1
DEBUG:paramiko.transport:Compression agreed: none
DEBUG:paramiko.transport:Got server p (2048 bits)
DEBUG:paramiko.transport:kex engine KexGex specified hash_algo <built-in function openssl_sha1>
DEBUG:paramiko.transport:Switch to new keys ...
DEBUG:paramiko.transport:Adding ssh-rsa host key for 1st_nt_mdf_sw01.mhs.org: b'dff1cc3dbc8e67a39efef4da8ecb0472'
DEBUG:paramiko.transport:userauth is OK
INFO:paramiko.transport:Authentication (password) successful!
DEBUG:paramiko.transport:[chan 0] Max packet in: 32768 bytes
DEBUG:paramiko.transport:[chan 0] Max packet out: 4096 bytes
DEBUG:paramiko.transport:Secsh channel 0 opened.
DEBUG:paramiko.transport:[chan 0] Sesch channel 0 request ok
DEBUG:paramiko.transport:[chan 0] Sesch channel 0 request ok
DEBUG:netmiko:read_channel: 
------------------------------------------------------------------------------------
WARNING:


This system is for the use of authorized clients only. Individuals using the
computer network system without authorization, or in excess of their authorization,
are subject to having all their activity on this computer network system monitored
and recorded by system personnel.  To protect the computer network system from
unauthorized use and to ensure the computer network system is functioning properly,
system administrators monitor this system.  Anyone using this computer network
system expressly consents to such monitoring and is advised that if such monitoring
reveals possible conduct of criminal activity, system personnel may provide the
evidence of such activity to law enforcement officers.

Access is restricted to authorized users only.

Unauthorized access is a violation of state and federal, civil and criminal laws.
------------------------------------------------------------------------------------

1ST_NT_MDF_SW01>
DEBUG:netmiko:read_channel: 
DEBUG:netmiko:read_channel: 
DEBUG:netmiko:read_channel: 
DEBUG:netmiko:write_channel: b'\n'
DEBUG:netmiko:read_channel: 
DEBUG:netmiko:read_channel: 
DEBUG:netmiko:write_channel: b'\n'
DEBUG:netmiko:read_channel: 
1ST_NT_MDF_SW01>
DEBUG:netmiko:read_channel: 
1ST_NT_MDF_SW01>
DEBUG:netmiko:Clear buffer detects data in the channel
DEBUG:netmiko:read_channel: 
DEBUG:netmiko:[find_prompt()]: prompt is 1ST_NT_MDF_SW01>
DEBUG:netmiko:read_channel: 
DEBUG:netmiko:In disable_paging
DEBUG:netmiko:Command: terminal length 0

DEBUG:netmiko:write_channel: b'terminal length 0\n'
DEBUG:netmiko:Pattern is: terminal\ length\ 0
DEBUG:netmiko:_read_channel_expect read_data: t
DEBUG:netmiko:_read_channel_expect read_data: e
DEBUG:netmiko:_read_channel_expect read_data: rm
DEBUG:netmiko:_read_channel_expect read_data: in
DEBUG:netmiko:_read_channel_expect read_data: al
DEBUG:netmiko:_read_channel_expect read_data:  l
DEBUG:netmiko:_read_channel_expect read_data: en
DEBUG:netmiko:_read_channel_expect read_data: gt
DEBUG:netmiko:_read_channel_expect read_data: h 
DEBUG:netmiko:_read_channel_expect read_data: 0

DEBUG:netmiko:Pattern found: terminal\ length\ 0 terminal length 0

DEBUG:netmiko:terminal length 0

DEBUG:netmiko:Exiting disable_paging
DEBUG:netmiko:write_channel: b'terminal width 511\n'
DEBUG:netmiko:Pattern is: terminal\ width\ 511
DEBUG:netmiko:_read_channel_expect read_data: 1ST_NT_MDF_SW01>
DEBUG:netmiko:_read_channel_expect read_data: t
DEBUG:netmiko:_read_channel_expect read_data: er
DEBUG:netmiko:_read_channel_expect read_data: mi
DEBUG:netmiko:_read_channel_expect read_data: na
DEBUG:netmiko:_read_channel_expect read_data: l
DEBUG:netmiko:_read_channel_expect read_data:  w
DEBUG:netmiko:_read_channel_expect read_data: id
DEBUG:netmiko:_read_channel_expect read_data: th
DEBUG:netmiko:_read_channel_expect read_data:  5
DEBUG:netmiko:_read_channel_expect read_data: 11
DEBUG:netmiko:Pattern found: terminal\ width\ 511 1ST_NT_MDF_SW01>terminal width 511
DEBUG:netmiko:read_channel: 
1ST_NT_MDF_SW01>
DEBUG:netmiko:Clear buffer detects data in the channel
DEBUG:netmiko:read_channel: 
DEBUG:netmiko:write_channel: b'\n'
DEBUG:netmiko:Pattern is: 1ST_NT_MDF_SW01
DEBUG:netmiko:_read_channel_expect read_data: 

DEBUG:netmiko:_read_channel_expect read_data: 1ST_NT_MDF_SW01>
DEBUG:netmiko:Pattern found: 1ST_NT_MDF_SW01 
1ST_NT_MDF_SW01>
DEBUG:netmiko:write_channel: b'enable\n'
DEBUG:netmiko:Pattern is: (1ST_NT_MDF_SW01|ssword)
DEBUG:netmiko:_read_channel_expect read_data: e
DEBUG:netmiko:_read_channel_expect read_data: n
DEBUG:netmiko:_read_channel_expect read_data: ab
DEBUG:netmiko:_read_channel_expect read_data: le
DEBUG:netmiko:_read_channel_expect read_data: 
Password: 
DEBUG:netmiko:Pattern found: (1ST_NT_MDF_SW01|ssword) enable
Password: 
DEBUG:netmiko:write_channel: b'change-mgh\n'
DEBUG:netmiko:Pattern is: 1ST_NT_MDF_SW01
DEBUG:netmiko:_read_channel_expect read_data: 
1ST_NT_MDF_SW01#
DEBUG:netmiko:Pattern found: 1ST_NT_MDF_SW01 
1ST_NT_MDF_SW01#
DEBUG:netmiko:write_channel: b'\n'
DEBUG:netmiko:Pattern is: 1ST_NT_MDF_SW01
DEBUG:netmiko:_read_channel_expect read_data: 

DEBUG:netmiko:_read_channel_expect read_data: 1ST_NT_MDF_SW01#
DEBUG:netmiko:Pattern found: 1ST_NT_MDF_SW01 
1ST_NT_MDF_SW01#
DEBUG:netmiko:read_channel: 
DEBUG:netmiko:write_channel: b'\n'
DEBUG:netmiko:read_channel: 
DEBUG:netmiko:read_channel: 
DEBUG:netmiko:write_channel: b'\n'
DEBUG:netmiko:read_channel: 
1ST_NT_MDF_SW01#
DEBUG:netmiko:read_channel: 
1ST_NT_MDF_SW01#
DEBUG:netmiko:Clear buffer detects data in the channel
DEBUG:netmiko:read_channel: 
DEBUG:netmiko:[find_prompt()]: prompt is 1ST_NT_MDF_SW01#
DEBUG:netmiko:read_channel: 
DEBUG:netmiko:write_channel: b'sh cdp nei det\n'
DEBUG:netmiko:Pattern is: sh\ cdp\ nei\ det
DEBUG:netmiko:_read_channel_expect read_data: s
DEBUG:netmiko:_read_channel_expect read_data: h 
DEBUG:netmiko:_read_channel_expect read_data: c
DEBUG:netmiko:_read_channel_expect read_data: dp
DEBUG:netmiko:_read_channel_expect read_data:  n
DEBUG:netmiko:_read_channel_expect read_data: ei
DEBUG:netmiko:_read_channel_expect read_data:  d
DEBUG:netmiko:_read_channel_expect read_data: et
DEBUG:netmiko:Pattern found: sh\ cdp\ nei\ det sh cdp nei det
DEBUG:netmiko:read_channel: 
-------------------------
Device ID: 3rd_nt_sw01.mongeneral.com
Entry address(es): 
  IP address: 172.29.10.21
Platform: cisco WS-C2960X-48FPD-L,  Capabilities: Switch IGMP 
Interface: TenGigabitEthernet2/0/12,  Port ID (outgoing port): TenGigabitEthernet2/0/1
Holdtime : 153 sec

Version :
Cisco IOS Software, C2960X Software (C2960X-UNIVERSALK9-M), Version 15.2(2)E5, RELEASE SOFTWARE (fc2)
Technical Support: http://www.cisco.com/techsupport
Copyright (c) 1986-2016 by Cisco Systems, Inc.
Compiled Thu 02-Jun-16 01:31 by prod_rel_team

advertisement version: 2
Protocol Hello:  OUI=0x00000C, Protocol ID=0x0112; payload len=27, value=00000000FFFFFFFF010225010000000000000038DF86BA00FF0000
VTP Management Domain: ''
Native VLAN: 666
Duplex: full
Management address(es): 
  IP address: 172.29.10.21

-------------------------
Device ID: 3rd_nt_sw01.mongeneral.com
Entry address(es): 
  IP address: 172.29.10.21
Platform: cisco WS-C2960X-48FPD-L,  Capabilities: Switch IGMP 
Interface: TenGigabitEthernet1/0/12,  Port ID (outgoing port): TenGigabitEthernet1/0/1
Holdtime : 161 sec

Version :
Cisco IOS Software, C2960X Software (C2960X-UNIVERSALK9-M), Version 15.2(2)E5, RELEASE SOFTWARE (fc2)
Technical Support: http://www.cisco.com/techsupport
Copyright (c) 1986-2016 by Cisco Systems, Inc.
Compiled Thu 02-Jun-16 01:31 by prod_rel_team

advertisement version: 2
Protocol Hello:  OUI=0x00000C, Protocol ID=0x0112; payload len=27, value=00000000FFFFFFFF010225010000000000000038DF86BA00FF0000
VTP Management Domain: ''
Native VLAN: 666
Duplex: full
Management address(es): 
  IP address: 172.29.10.21

-------------------------
Device ID: 2nd_st_sw01.mongeneral.com
Entry address(es): 
  IP address: 172.29.10.12
Platform: cisco WS-C2960X-48FPD-L,  Capabilities: Switch IGMP 
Interface: TenGigabitEthernet2/0/3,  Port ID (outgoing port): TenGigabitEthernet2/0/1
Holdtime : 143 sec

Version :
Cisco IOS Software, C2960X Software (C2960X-UNIVERSALK9-M), Version 15.2(2)E5, RELEASE SOFTWARE (fc2)
Technical Support: http://www.cisco.com/techsupport
Copyright (c) 1986-2016 by Cisco Systems, Inc.
Compiled Thu 02-Jun-16 01:31 by prod_rel_team

advertisement version: 2
Protocol Hello:  OUI=0x00000C, Protocol ID=0x0112; payload len=27, value=00000000FFFFFFFF010225010000000000000038DF751E00FF0000
VTP Management Domain: ''
Native VLAN: 666
Duplex: full
Management address(es): 
  IP address: 172.29.10.12

-------------------------
Device ID: 2nd_st_sw01.mongeneral.com
Entry address(es): 
  IP address: 172.29.10.12
Platform: cisco WS-C2960X-48FPD-L,  Capabilities: Switch IGMP 
Interface: TenGigabitEthernet1/0/3,  Port ID (outgoing port): TenGigabitEthernet1/0/1
Holdtime : 126 sec

Version :
Cisco IOS Software, C2960X Software (C2960X-UNIVERSALK9-M), Version 15.2(2)E5, RELEASE SOFTWARE (fc2)
Technical Support: http://www.cisco.com/techsupport
Copyright (c) 1986-2016 by Cisco Systems, Inc.
Compiled Thu 02-Jun-16 01:31 by prod_rel_team

advertisement version: 2
Protocol Hello:  OUI=0x00000C, Protocol ID=0x0112; payload len=27, value=00000000FFFFFFFF010225010000000000000038DF751E00FF0000
VTP Management Domain: ''
Native VLAN: 666
Duplex: full
Management address(es): 
  IP address: 172.29.10.12

-------------------------
Device ID: 3rd_nt_sw02.mongeneral.com
Entry address(es): 
  IP address: 172.29.10.22
Platform: cisco WS-C2960X-48FPD-L,  Capabilities: Switch IGMP 
Interface: TenGigabitEthernet1/0/13,  Port ID (outgoing port): TenGigabitEthernet1/0/1
Holdtime : 169 sec

Version :
Cisco IOS Software, C2960X Software (C2960X-UNIVERSALK9-M), Version 15.2(2)E5, RELEASE SOFTWARE (fc2)
Technical Support: http://www.cisco.com/techsupport
Copyright (c) 1986-2016 by Cisco Systems, Inc.
Compiled Thu 02-Jun-16 01:31 by prod_rel_team

advertisement version: 2
Protocol Hello:  OUI=0x00000C, Protocol ID=0x0112; payload len=27, value=00000000FFFFFFFF010225010000000000000038DF0F6A00FF0000
VTP Management Domain: ''
Native VLAN: 666
Duplex: full
Management address(es): 
  IP address: 172.29.10.22

-------------------------
Device ID: 3rd_nt_sw02.mongeneral.com
Entry address(es): 
  IP address: 172.29.10.22
Platform: cisco WS-C2960X-48FPD-L,  Capabilities: Switch IGMP 
Interface: TenGigabitEthernet2/0/13,  Port ID (outgoing port): TenGigabitEthernet2/0/1
Holdtime : 162 sec

Version :
Cisco IOS Software, C2960X Software (C2960X-UNIVERSALK9-M), Version 15.2(2)E5, RELEASE SOFTWARE (fc2)
Technical Support: http://www.cisco.com/techsupport
Copyright (c) 1986-2016 by Cisco Systems, Inc.
Compiled Thu 02-Jun-16 01:31 by prod_rel_team

advertisement version: 2
Protocol Hello:  OUI=0x00000C, Protocol ID=0x0112; payload len=27, value=00000000FFFFFFFF010225010000000000000038DF0F6A00FF0000
VTP Management Domain: ''
Native VLAN: 666
Duplex: full
Management address(es): 
  IP address: 172.29.10.22

-------------------------
Device ID: 1st_conf_sw01.mongeneral.com
Entry address(es): 
  IP address: 172.29.10.28
Platform: cisco WS-C2960X-48FPD-L,  Capabilities: Switch IGMP 
Interface: TenGigabitEthernet2/0/18,  Port ID (outgoing port): TenGigabitEthernet1/0/2
Holdtime : 178 sec

Version :
Cisco IOS Software, C2960X Software (C2960X-UNIVERSALK9-M), Version 15.2(2)E5, RELEASE SOFTWARE (fc2)
Technical Support: http://www.cisco.com/techsupport
Copyright (c) 1986-2016 by Cisco Systems, Inc.
Compiled Thu 02-Jun-16 01:31 by prod_rel_team

advertisement version: 2
Protocol Hello:  OUI=0x00000C, Protocol ID=0x0112; payload len=27, value=00000000FFFFFFFF010225010000000000000038DF8AB680FF0000
VTP Management Domain: ''
Native VLAN: 666
Duplex: full
Management address(es): 
  IP address: 172.29.10.28

-------------------------
Device ID: 4th_nt_sw01.mongeneral.com
Entry address(es): 
  IP address: 172.29.10.23
Platform: cisco WS-C2960X-48FPD-L,  Capabilities: Switch IGMP 
Interface: TenGigabitEthernet1/0/14,  Port ID (outgoing port): TenGigabitEthernet1/0/1
Holdtime : 177 sec

Version :
Cisco IOS Software, C2960X Software (C2960X-UNIVERSALK9-M), Version 15.2(2)E5, RELEASE SOFTWARE (fc2)
Technical Support: http://www.cisco.com/techsupport
Copyright (c) 1986-2016 by Cisco Systems, Inc.
Compiled Thu 02-Jun-16 01:31 by prod_rel_team

advertisement version: 2
Protocol Hello:  OUI=0x00000C, Protocol ID=0x0112; payload len=27, value=00000000FFFFFFFF010225010000000000000038DF875E00FF0000
VTP Management Domain: ''
Native VLAN: 666
Duplex: full
Management address(es): 
  IP address: 172.29.10.23

-------------------------
Device ID: 4th_nt_sw01.mongeneral.com
Entry address(es): 
  IP address: 172.29.10.23
Platform: cisco WS-C2960X-48FPD-L,  Capabilities: Switch IGMP 
Interface: TenGigabitEthernet2/0/14,  Port ID (outgoing port): TenGigabitEthernet2/0/1
Holdtime : 143 sec

Version :
Cisco IOS Software, C2960X Software (C2960X-UNIVERSALK9-M), Version 15.2(2)E5, RELEASE SOFTWARE (fc2)
Technical Support: http://www.cisco.com/techsupport
Copyright (c) 1986-2016 by Cisco Systems, Inc.
Compiled Thu 02-Jun-16 01:31 by prod_rel_team

advertisement version: 2
Protocol Hello:  OUI=0x00000C, Protocol ID=0x0112; payload len=27, value=00000000FFFFFFFF010225010000000000000038DF875E00FF0000
VTP Management Domain: ''
Native VLAN: 666
Duplex: full
Management address(es): 
  IP address: 172.29.10.23

-------------------------
Device ID: 1st_conf_sw01.mongeneral.com
Entry address(es): 
  IP address: 172.29.10.28
Platform: cisco WS-C2960X-48FPD-L,  Capabilities: Switch IGMP 
Interface: TenGigabitEthernet1/0/18,  Port ID (outgoing port): TenGigabitEthernet1/0/1
Holdtime : 159 sec

Version :
Cisco IOS Software, C2960X Software (C2960X-UNIVERSALK9-M), Version 15.2(2)E5, RELEASE SOFTWARE (fc2)
Technical Support: http://www.cisco.com/techsupport
Copyright (c) 1986-2016 by Cisco Systems, Inc.
Compiled Thu 02-Jun-16 01:31 by prod_rel_team

advertisement version: 2
Protocol Hello:  OUI=0x00000C, Protocol ID=0x0112; payload len=27, value=00000000FFFFFFFF010225010000000000000038DF8AB680FF0000
VTP Management Domain: ''
Native VLAN: 666
Duplex: full
Management addre
DEBUG:netmiko:read_channel: ss(es): 
  IP address: 172.29.10.28

-------------------------
Device ID: 1st_st_sw02.mongeneral.com
Entry address(es): 
  IP address: 172.29.10.11
Platform: cisco WS-C2960X-48FPD-L,  Capabilities: Switch IGMP 
Interface: TenGigabitEthernet2/0/2,  Port ID (outgoing port): TenGigabitEthernet2/0/1
Holdtime : 154 sec

Version :
Cisco IOS Software, C2960X Software (C2960X-UNIVERSALK9-M), Version 15.2(2)E5, RELEASE SOFTWARE (fc2)
Technical Support: http://www.cisco.com/techsupport
Copyright (c) 1986-2016 by Cisco Systems, Inc.
Compiled Thu 02-Jun-16 01:31 by prod_rel_team

advertisement version: 2
Protocol Hello:  OUI=0x00000C, Protocol ID=0x0112; payload len=27, value=00000000FFFFFFFF010225010000000000000038DF790600FF0000
VTP Management Domain: ''
Native VLAN: 666
Duplex: full
Management address(es): 
  IP address: 172.29.10.11

-------------------------
Device ID: 1st_st_sw02.mongeneral.com
Entry address(es): 
  IP address: 172.29.10.11
Platform: cisco WS-C2960X-48FPD-L,  Capabilities: Switch IGMP 
Interface: TenGigabitEthernet1/0/2,  Port ID (outgoing port): TenGigabitEthernet1/0/1
Holdtime : 142 sec

Version :
Cisco IOS Software, C2960X Software (C2960X-UNIVERSALK9-M), Version 15.2(2)E5, RELEASE SOFTWARE (fc2)
Technical Support: http://www.cisco.com/techsupport
Copyright (c) 1986-2016 by Cisco Systems, Inc.
Compiled Thu 02-Jun-16 01:31 by prod_rel_team

advertisement version: 2
Protocol Hello:  OUI=0x00000C, Protocol ID=0x0112; payload len=27, value=00000000FFFFFFFF010225010000000000000038DF790600FF0000
VTP Management Domain: ''
Native VLAN: 666
Duplex: full
Management address(es): 
  IP address: 172.29.10.11

-------------------------
Device ID: 5th_nt_sw01.mongeneral.com
Entry address(es): 
  IP address: 172.29.10.24
Platform: cisco WS-C2960X-48FPD-L,  Capabilities: Switch IGMP 
Interface: TenGigabitEthernet2/0/15,  Port ID (outgoing port): TenGigabitEthernet2/0/1
Holdtime : 157 sec

Version :
Cisco IOS Software, C2960X Software (C2960X-UNIVERSALK9-M), Version 15.2(2)E5, RELEASE SOFTWARE (fc2)
Technical Support: http://www.cisco.com/techsupport
Copyright (c) 1986-2016 by Cisco Systems, Inc.
Compiled Thu 02-Jun-16 01:31 by prod_rel_team

advertisement version: 2
Protocol Hello:  OUI=0x00000C, Protocol ID=0x0112; payload len=27, value=00000000FFFFFFFF010225010000000000000038DF8AE080FF0000
VTP Management Domain: ''
Native VLAN: 666
Duplex: full
Management address(es): 
  IP address: 172.29.10.24

-------------------------
Device ID: 5th_nt_sw01.mongeneral.com
Entry address(es): 
  IP address: 172.29.10.24
Platform: cisco WS-C2960X-48FPD-L,  Capabilities: Switch IGMP 
Interface: TenGigabitEthernet1/0/15,  Port ID (outgoing port): TenGigabitEthernet1/0/1
Holdtime : 159 sec

Version :
Cisco IOS Software, C2960X Software (C2960X-UNIVERSALK9-M), Version 15.2(2)E5, RELEASE SOFTWARE (fc2)
Technical Support: http://www.cisco.com/techsupport
Copyright (c) 1986-2016 by Cisco Systems, Inc.
Compiled Thu 02-Jun-16 01:31 by prod_rel_team

advertisement version: 2
Protocol Hello:  OUI=0x00000C, Protocol ID=0x0112; payload len=27, value=00000000FFFFFFFF010225010000000000000038DF8AE080FF0000
VTP Management Domain: ''
Native VLAN: 666
Duplex: full
Management address(es): 
  IP address: 172.29.10.24

-------------------------
Device ID: 6th_nt_sw01.mongeneral.com
Entry address(es): 
  IP address: 172.29.10.26
Platform: cisco WS-C2960X-48FPD-L,  Capabilities: Switch IGMP 
Interface: TenGigabitEthernet2/0/17,  Port ID (outgoing port): TenGigabitEthernet2/0/2
Holdtime : 146 sec

Version :
Cisco IOS Software, C2960X Software (C2960X-UNIVERSALK9-M), Version 15.2(2)E5, RELEASE SOFTWARE (fc2)
Technical Support: http://www.cisco.com/techsupport
Copyright (c) 1986-2016 by Cisco Systems, Inc.
Compiled Thu 02-Jun-16 01:31 by prod_rel_team

advertisement version: 2
Protocol Hello:  OUI=0x00000C, Protocol ID=0x0112; payload len=27, value=00000000FFFFFFFF010225010000000000000038DF86E980FF0000
VTP Management Domain: ''
Native VLAN: 666
Duplex: full
Management address(es): 
  IP address: 172.29.10.26

-------------------------
Device ID: 5th_nt_sw02.mongeneral.com
Entry address(es): 
  IP address: 172.29.10.25
Platform: cisco WS-C2960X-48FPD-L,  Capabilities: Switch IGMP 
Interface: TenGigabitEthernet1/0/16,  Port ID (outgoing port): TenGigabitEthernet1/0/1
Holdtime : 157 sec

Version :
Cisco IOS Software, C2960X Software (C2960X-UNIVERSALK9-M), Version 15.2(2)E5, RELEASE SOFTWARE (fc2)
Technical Support: http://www.cisco.com/techsupport
Copyright (c) 1986-2016 by Cisco Systems, Inc.
Compiled Thu 02-Jun-16 01:31 by prod_rel_team

advertisement version: 2
Protocol Hello:  OUI=0x00000C, Protocol ID=0x0112; payload len=27, value=00000000FFFFFFFF010225010000000000000038DF0FAB00FF0000
VTP Management Domain: ''
Native VLAN: 666
Duplex: full
Management address(es): 
  IP address: 172.29.10.25

-------------------------
Device ID: 6th_nt_sw01.mongeneral.com
Entry address(es): 
  IP address: 172.29.10.26
Platform: cisco WS-C2960X-48FPD-L,  Capabilities: Switch IGMP 
Interface: TenGigabitEthernet1/0/17,  Port ID (outgoing port): TenGigabitEthernet1/0/1
Holdtime : 148 sec

Version :
Cisco IOS Software, C2960X Software (C2960X-UNIVERSALK9-M), Version 15.2(2)E5, RELEASE SOFTWARE (fc2)
Technical Support: http://www.cisco.com/techsupport
Copyright (c) 1986-2016 by Cisco Systems, Inc.
Compiled Thu 02-Jun-16 01:31 by prod_rel_team

advertisement version: 2
Protocol Hello:  OUI=0x00000C, Protocol ID=0x0112; payload len=27, value=00000000FFFFFFFF010225010000000000000038DF86E980FF0000
VTP Management Domain: ''
Native VLAN: 666
Duplex: full
Management address(es): 
  IP address: 172.29.10.26

-------------------------
Device ID: 5th_nt_sw02.mongeneral.com
Entry address(es): 
  IP address: 172.29.10.25
Platform: cisco WS-C2960X-48FPD-L,  Capabilities: Switch IGMP 
Interface: TenGigabitEthernet2/0/16,  Port ID (outgoing port): TenGigabitEthernet2/0/1
Holdtime : 151 sec

Version :
Cisco IOS Software, C2960X Software (C2960X-UNIVERSALK9-M), Version 15.2(2)E5, RELEASE SOFTWARE (fc2)
Technical Support: http://www.cisco.com/techsupport
Copyright (c) 1986-2016 by Cisco Systems, Inc.
Compiled Thu 02-Jun-16 01:31 by prod_rel_team

advertisement version: 2
Protocol Hello:  OUI=0x00000C, Protocol ID=0x0112; payload len=27, value=00000000FFFFFFFF010225010000000000000038DF0FAB00FF0000
VTP Management Domain: ''
Native VLAN: 666
Duplex: full
Management address(es): 
  IP address: 172.29.10.25

-------------------------
Device ID: 1st_st_sw01.mongeneral.com
Entry address(es): 
  IP address: 172.29.10.10
Platform: cisco WS-C2960X-48FPD-L,  Capabilities: Switch IGMP 
Interface: TenGigabitEthernet2/0/1,  Port ID (outgoing port): TenGigabitEthernet2/0/1
Holdtime : 166 sec

Version :
Cisco IOS Software, C2960X Software (C2960X-UNIVERSALK9-M), Version 15.2(2)E5, RELEASE SOFTWARE (fc2)
Technical Support: http://www.cisco.com/techsupport
Copyright (c) 1986-2016 by Cisco Systems, Inc.
Compiled Thu 02-Jun-16 01:31 by prod_rel_team

advertisement version: 2
Protocol Hello:  OUI=0x00000C, Protocol ID=0x0112; payload len=27, value=00000000FFFFFFFF010225010000000000000038DF86E780FF0000
VTP Management Domain: ''
Native VLAN: 666
Duplex: full
Management address(es): 
  IP address: 172.29.10.10

-------------------------
Device ID: 1st_st_sw01.mongeneral.com
Entry address(es): 
  IP address: 172.29.10.10
Platform: cisco WS-C2960X-48FPD-L,  Capabilities: Switch IGMP 
Interface: TenGigabitEthernet1/0/1,  Port ID (outgoing port): TenGigabitEthernet1/0/1
Holdtime : 121 sec

Version :
Cisco IOS Software, C2960X Software (C2960X-UNIVERSALK9-M), Version 15.2(2)E5, RELEASE SOFTWARE (fc2)
Technical Support: http://www.cisco.com/techsupport
Copyright (c) 1986-2016 by Cisco Systems, Inc.
Compiled Thu 02-Jun-16 01:31 by prod_rel_team

advertisement version: 2
Protocol Hello:  OUI=0x00000C, Protocol ID=0x0112; payload len=27, value=00000000FFFFFFFF010225010000000000000038DF86E780FF0000
VTP Management Domain: ''
Native VLAN: 666
Duplex: full
Management address(es): 
  IP address: 172.29.10.10

-------------------------
Device ID: 5th_st_sw01.mongeneral.com
Entry address(es): 
  IP address: 172.29.10.16
Platform: cisco WS-C2960X-48FPD-L,  Capabilities: Switch IGMP 
Interface: TenGigabitEthernet2/0/7,  Port ID (outgoing port): TenGigabitEthernet2/0/1
Holdtime : 158 sec

Version :
Cisco IOS Software, C2960X Software (C2960X-UNIVERSALK9-M), Version 15.2(2)E5, RELEASE SOFTWARE (fc2)
Technical Support: http://www.cisco.com/techsupport
Copyright (c) 1986-2016 by Cisco Systems, Inc.
Compiled Thu 02-Jun-16 01:31 by prod_rel_team

advertisement version: 2
Protocol Hello:  OUI=0x00000C, Protocol ID=0x0112; payload len=27, value=00000000FFFFFFFF010225010000000000000038DF8AC580FF0000
VTP Management Domain: ''
Native VLAN: 666
Duplex: full
Management address(es): 
  IP address: 172.29.10.16

-------------------------
Device ID: 5th_st_sw01.mongeneral.com
Entry address(es): 
  IP address: 172.29.10.16
Platform: cisco WS-C2960X-48FPD-L,  Capabilities: Switch IGMP 
Interface: TenGigabitEthernet1/0/7,  Port ID (outgoing port): TenGigabitEthernet1/0/1
Holdtime : 169 sec

Version :
Cisco IOS Software, C2960X Software (C2960X-UNIVERSALK9-M), Version 15.2(2)E5, RELEASE SOFTWARE (fc2)
Technical Support: http://www.cisco.com/techsupport
Copyright (c) 1986-2016 by Cisco Systems, Inc.
Compiled Thu 02-Jun-16 01:31 by prod_rel_team

advertisement version: 2
Protocol Hello:  OUI=0x00000C, Protocol ID=0x0112; payload len=27, value=00000000FFFFFFFF010225010000000000000038DF8AC580FF0000
VTP Management Domain: ''
Native VLAN: 666
Duplex: full
Management address(es): 
  IP address: 172.29.10.16

-------------------------
Device ID: 4th_st_sw01.mongeneral.com
Entry address(es): 
  IP address: 172.29.10.15
Platform: cisco WS-C2960X-48FPD-L,  Capabilities: Switch IGMP 
Interface: TenGigabitEthernet2/0/6,  Port ID (outgoing port): TenGigabitEthernet2/0/1
Holdtime : 153 sec

Version :
Cisco IOS Software, C2960X Software (C2960X-UNIVERSALK9-M), Version 15.2(2)E5, RELEASE SOFTWARE (fc2)
Technical Support: http://www.cisco.com/techsupport
Copyright (c) 1986-2016 by Cisco Systems, Inc.
Compiled Thu 02-Jun-16 01:31 by prod_rel_team

advertisement version: 2
Protocol Hello:  OUI=0x00000C, Protocol ID=0x0112; payload len=27, value=00000000FFFFFFFF010225010000000000000038DF876500FF0000
VTP Management Domain: ''
Native VLAN: 666
Duplex: full
Management address(es): 
  IP address: 172.29.10.15

-------------------------
Device ID: 4th_st_sw01.mongeneral.com
Entry address(es): 
  IP address: 172.29.10.15
Platform: cisco WS-C2960X-48FPD-L,  Capabilities: Switch IGMP 
Interface: TenGigabitEthernet1/0/6,  Port ID (outgoing port): TenGigabitEthernet1/0/1
Holdtime : 168 sec

Version :
Cisco IOS Software, C2960X Software (C2960X-UNIVERSALK9-M), Version 15.2(2)E5, RELEASE SOFTWARE (fc2)
Technical Support: http://www.cisco.com/techsupport
Copyright (c) 1986-2016 by Cisco Systems, Inc.
Compiled Thu 02-Jun-16 01:31 by prod_rel_team

advertisement version: 2
Protocol Hello:  OUI=0x00000C, Protocol ID=0x0112; payload len=27, value=00000000FFFFFFFF010225010000000000000038DF876500FF0000
VTP Management Domain: ''
Native VLAN: 666
Duplex: full
Management address(es): 
  IP address: 172.29.10.15

-------------------------
Device ID: 1st_nt_sw01.mongeneral.com
Entry address(es): 
  IP address: 172.29.10.17
Platform: cisco WS-C2960X-48FPD-L,  Capabilities: Switch IGMP 
Interface: TenGigabitEthernet2/0/8,  Port ID (outgoing port): TenGigabitEthernet2/0/1
Holdtime : 146 sec

Version :
Cisco IOS Software, C2960X Software (C2960X-UNIVERSALK9-M), Version 15.2(2)E5, RELEASE SOFTWARE (fc2)
Technical Support: http://www.cisco.com/techsupport
Copyright (c) 1986-2016 by Cisco Systems, Inc.
Compiled Thu 02-Jun-16 01:31 by prod_rel_team

advertisement version: 2
Protocol Hello:  OUI=0x00000C, Protocol ID=0x0112; payload len=27, value=00000000FFFFFFFF010225010000000000000038DF0FAA00FF0000
VTP Management Domain: ''
Native VLAN: 666
Duplex: full
Management address(es): 
  IP address: 172.29.10.17

-------------------------
Device ID: 1st_nt_sw01.mongeneral.com
Entry address(es): 
  IP address: 172.29.10.17
Platform: cisco WS-C2960X-48FPD-L,  Capabilities: Switch IGMP 
Interface: TenGigabitEthernet1/0/8,  Port ID (outgoing port): TenGigabitEthernet1/0/1
Holdtime : 168 sec

Version :
Cisco IOS Software, C2960X Software (C2960X-UNIVERSALK9-M), Version 15.2(2)E5, RELEASE SOFTWARE (fc2)
Technical Support: http://www.cisco.com/techsupport
Copyright (c) 1986-2016 by Cisco Systems, Inc.
Compiled Thu 02-Jun-16 01:31 by prod_rel_team

advertisement version: 2
Protocol Hello:  OUI=0x00000C, Protocol ID=0x0112; payload len=27, value=00000000FFFFFFFF010225010000000000000038DF0FAA00FF0000
VTP Management Domain: ''
Native VLAN: 666
Duplex: full
Management address(es): 
  IP address: 172.29.10.17

-------------------------
Device ID: 2nd_nt_sw01.mongeneral.com
Entry address(es): 
  IP address: 172.29.10.18
Platform: cisco WS-C2960X-24PS-L,  Capabilities: Switch IGMP 
Interface: TenGigabitEthernet2/0/9,  Port ID (outgoing port): TenGigabitEthernet2/0/1
Holdtime : 154 sec

Version :
Cisco IOS Software, C2960X Software (C2960X-UNIVERSALK9-M), Version 15.2(2)E5, RELEASE SOFTWARE (fc2)
Technical Support: http://www.cisco.com/techsupport
Copyright (c) 1986-2016 by Cisco Systems, Inc.
Compiled Thu 02-Jun-16 01:31 by prod_rel_team

advertisement version: 2
Protocol Hello:  OUI=0x00000C, Protocol ID=0x0112; payload len=27, value=00000000FFFFFFFF010225010000000000002C0BE9784300FF0000
VTP Management Domain: ''
Native VLAN: 666
Duplex: full
Management address(es): 
  IP address: 172.29.10.18

-------------------------
Device ID: 2nd_nt_sw01.mongeneral.com
Entry address(es): 
  IP address: 172.29.10.18
Platform: cisco WS-C2960X-24PS-L,  Capabilities: Switch IGMP 
Interface: TenGigabitEthernet1/0/9,  Port ID (outgoing port): TenGigabitEthernet1/0/1
Holdtime : 167 sec

Version :
Cisco IOS Software, C2960X Software (C2960X-UNIVERSALK9-M), Version 15.2(2)E5, RELEASE SOFTWARE (fc2)
Technical Support: http://www.cisco.com/techsupport
Copyright (c) 1986-2016 by Cisco Systems, Inc.
Compiled Thu 02-Jun-16 01:31 by prod_rel_team

advertisement version: 2
Protocol Hello:  OUI=0x00000C, Protocol ID=0x0112; payload len=27, value=00000000FFFFFFFF010225010000000000002C0BE9784300FF0000
VTP Management Domain: ''
Native VLAN: 666
Duplex: full
Management address(es): 
  IP address: 172.29.10.18

-------------------------
Device ID: 3rd_st_sw01.mongeneral.com
Entry address(es): 
  IP address: 172.29.10.13
Platform: cisco WS-C2960X-48FPD-L,  Capabilities: Switch IGMP 
Interface: TenGigabitEthernet2/0/4,  Port ID (outgoing port): TenGigabitEthernet2/0/1
Holdtime : 156 sec

Version :
Cisco IOS Software, C2960X Software (C2960X-UNIVERSALK9-M), Version 15.2(2)E5, RELEASE SOFTWARE (fc2)
Technical Support: http://www.cisco.com/techsupport
Copyright (c) 1986-2016 by Cisco Systems, Inc.
Compiled Thu 02-Jun-16 01:31 by prod_rel_team

advertisement version: 2
Protocol Hello:  OUI=0x00000C, Protocol ID=0x0112; payload len=27, value=00000000FFFFFFFF010225010000000000000038DF790280FF0000
VTP Management Domain: ''
Native VLAN: 666
Duplex: full
Management address(es): 
  IP address: 172.29.10.13

-------------------------
Device ID: 3rd_st_sw01.mongeneral.com
Entry address(es): 
  IP address: 172.29.10.13
Platform: cisco WS-C2960X-48FPD-L,  Capabilities: Switch IGMP 
Interface: TenGigabitEthernet1/0/4,  Port ID (outgoing port): TenGigabitEthernet1/0/1
Holdtime : 173 sec

Version :
Cisco IOS Software, C2960X Software (C2960X-UNIVERSALK9-M), Version 15.2(2)E5, RELEASE SOFTWARE (fc2)
Technical Support: http://www.cisco.com/techsupport
Copyright (c) 1986-2016 by Cisco Systems, Inc.
Compiled Thu 02-Jun-16 01:31 by prod_rel_team

advertisement version: 2
Protocol Hello:  OUI=0x00000C, Protocol ID=0x0112; payload len=27, value=00000000FFFFFFFF010225010000000000000038DF790280FF0000
VTP Management 
DEBUG:netmiko:read_channel: Domain: ''
Native VLAN: 666
Duplex: full
Management address(es): 
  IP address: 172.29.10.13

-------------------------
Device ID: 2nd_nt_sw03.mongeneral.com
Entry address(es): 
  IP address: 172.29.10.20
Platform: cisco WS-C2960X-48FPD-L,  Capabilities: Switch IGMP 
Interface: TenGigabitEthernet1/0/11,  Port ID (outgoing port): TenGigabitEthernet1/0/1
Holdtime : 166 sec

Version :
Cisco IOS Software, C2960X Software (C2960X-UNIVERSALK9-M), Version 15.2(2)E5, RELEASE SOFTWARE (fc2)
Technical Support: http://www.cisco.com/techsupport
Copyright (c) 1986-2016 by Cisco Systems, Inc.
Compiled Thu 02-Jun-16 01:31 by prod_rel_team

advertisement version: 2
Protocol Hello:  OUI=0x00000C, Protocol ID=0x0112; payload len=27, value=00000000FFFFFFFF010225010000000000000038DF0F4900FF0000
VTP Management Domain: ''
Native VLAN: 666
Duplex: full
Management address(es): 
  IP address: 172.29.10.20

-------------------------
Device ID: 2nd_nt_sw03.mongeneral.com
Entry address(es): 
  IP address: 172.29.10.20
Platform: cisco WS-C2960X-48FPD-L,  Capabilities: Switch IGMP 
Interface: TenGigabitEthernet2/0/11,  Port ID (outgoing port): TenGigabitEthernet2/0/1
Holdtime : 176 sec

Version :
Cisco IOS Software, C2960X Software (C2960X-UNIVERSALK9-M), Version 15.2(2)E5, RELEASE SOFTWARE (fc2)
Technical Support: http://www.cisco.com/techsupport
Copyright (c) 1986-2016 by Cisco Systems, Inc.
Compiled Thu 02-Jun-16 01:31 by prod_rel_team

advertisement version: 2
Protocol Hello:  OUI=0x00000C, Protocol ID=0x0112; payload len=27, value=00000000FFFFFFFF010225010000000000000038DF0F4900FF0000
VTP Management Domain: ''
Native VLAN: 666
Duplex: full
Management address(es): 
  IP address: 172.29.10.20

-------------------------
Device ID: 3rd_st_sw02.mongeneral.com
Entry address(es): 
  IP address: 172.29.10.14
Platform: cisco WS-C2960X-48FPD-L,  Capabilities: Switch IGMP 
Interface: TenGigabitEthernet1/0/5,  Port ID (outgoing port): TenGigabitEthernet1/0/1
Holdtime : 136 sec

Version :
Cisco IOS Software, C2960X Software (C2960X-UNIVERSALK9-M), Version 15.2(2)E6, RELEASE SOFTWARE (fc1)
Technical Support: http://www.cisco.com/techsupport
Copyright (c) 1986-2016 by Cisco Systems, Inc.
Compiled Fri 16-Dec-16 21:27 by prod_rel_team

advertisement version: 2
Protocol Hello:  OUI=0x00000C, Protocol ID=0x0112; payload len=27, value=00000000FFFFFFFF0102250100000000000000C1B1B8BC80FF0000
VTP Management Domain: ''
Native VLAN: 666
Duplex: full
Management address(es): 
  IP address: 172.29.10.14

-------------------------
Device ID: 2nd_nt_sw02.mongeneral.com
Entry address(es): 
  IP address: 172.29.10.19
Platform: cisco WS-C2960X-48FPD-L,  Capabilities: Switch IGMP 
Interface: TenGigabitEthernet2/0/10,  Port ID (outgoing port): TenGigabitEthernet2/0/1
Holdtime : 125 sec

Version :
Cisco IOS Software, C2960X Software (C2960X-UNIVERSALK9-M), Version 15.2(2)E5, RELEASE SOFTWARE (fc2)
Technical Support: http://www.cisco.com/techsupport
Copyright (c) 1986-2016 by Cisco Systems, Inc.
Compiled Thu 02-Jun-16 01:31 by prod_rel_team

advertisement version: 2
Protocol Hello:  OUI=0x00000C, Protocol ID=0x0112; payload len=27, value=00000000FFFFFFFF010225010000000000000038DF8ACD80FF0000
VTP Management Domain: ''
Native VLAN: 666
Duplex: full
Management address(es): 
  IP address: 172.29.10.19

-------------------------
Device ID: 3rd_st_sw02.mongeneral.com
Entry address(es): 
  IP address: 172.29.10.14
Platform: cisco WS-C2960X-48FPD-L,  Capabilities: Switch IGMP 
Interface: TenGigabitEthernet2/0/5,  Port ID (outgoing port): TenGigabitEthernet2/0/1
Holdtime : 137 sec

Version :
Cisco IOS Software, C2960X Software (C2960X-UNIVERSALK9-M), Version 15.2(2)E6, RELEASE SOFTWARE (fc1)
Technical Support: http://www.cisco.com/techsupport
Copyright (c) 1986-2016 by Cisco Systems, Inc.
Compiled Fri 16-Dec-16 21:27 by prod_rel_team

advertisement version: 2
Protocol Hello:  OUI=0x00000C, Protocol ID=0x0112; payload len=27, value=00000000FFFFFFFF0102250100000000000000C1B1B8BC80FF0000
VTP Management Domain: ''
Native VLAN: 666
Duplex: full
Management address(es): 
  IP address: 172.29.10.14

-------------------------
Device ID: 2nd_nt_sw02.mongeneral.com
Entry address(es): 
  IP address: 172.29.10.19
Platform: cisco WS-C2960X-48FPD-L,  Capabilities: Switch IGMP 
Interface: TenGigabitEthernet1/0/10,  Port ID (outgoing port): TenGigabitEthernet1/0/1
Holdtime : 127 sec

Version :
Cisco IOS Software, C2960X Software (C2960X-UNIVERSALK9-M), Version 15.2(2)E5, RELEASE SOFTWARE (fc2)
Technical Support: http://www.cisco.com/techsupport
Copyright (c) 1986-2016 by Cisco Systems, Inc.
Compiled Thu 02-Jun-16 01:31 by prod_rel_team

advertisement version: 2
Protocol Hello:  OUI=0x00000C, Protocol ID=0x0112; payload len=27, value=00000000FFFFFFFF010225010000000000000038DF8ACD80FF0000
VTP Management Domain: ''
Native VLAN: 666
Duplex: full
Management address(es): 
  IP address: 172.29.10.19

-------------------------
Device ID: MGH1A-CORE.mongeneral.com
Entry address(es): 
  IP address: 172.26.2.122
Platform: cisco WS-C4507R+E,  Capabilities: Switch IGMP 
Interface: TenGigabitEthernet2/0/24,  Port ID (outgoing port): TenGigabitEthernet4/1
Holdtime : 167 sec

Version :
Cisco IOS Software, Catalyst 4500 L3 Switch Software (cat4500e-IPBASEK9-M), Version 15.0(2)SG2, RELEASE SOFTWARE (fc3)
Technical Support: http://www.cisco.com/techsupport
Copyright (c) 1986-2011 by Cisco Systems, Inc.
Compiled Wed 07-Dec-11 20:20 by prod_rel_team

advertisement version: 2
VTP Management Domain: 'MonGen'
Native VLAN: 666
Duplex: full
Management address(es): 
  IP address: 172.26.2.122

-------------------------
Device ID: MGH1A-CORE.mongeneral.com
Entry address(es): 
  IP address: 172.26.2.122
Platform: cisco WS-C4507R+E,  Capabilities: Switch IGMP 
Interface: TenGigabitEthernet1/0/24,  Port ID (outgoing port): TenGigabitEthernet3/1
Holdtime : 167 sec

Version :
Cisco IOS Software, Catalyst 4500 L3 Switch Software (cat4500e-IPBASEK9-M), Version 15.0(2)SG2, RELEASE SOFTWARE (fc3)
Technical Support: http://www.cisco.com/techsupport
Copyright (c) 1986-2011 by Cisco Systems, Inc.
Compiled Wed 07-Dec-11 20:20 by prod_rel_team

advertisement version: 2
VTP Management Domain: 'MonGen'
Native VLAN: 666
Duplex: full
Management address(es): 
  IP address: 172.26.2.122


Total cdp entries displayed : 38
1ST_NT_MDF_SW01#
DEBUG:paramiko.transport:starting thread (client mode): 0x4f2af100
DEBUG:paramiko.transport:Local version/idstring: SSH-2.0-paramiko_2.7.1
DEBUG:paramiko.transport:Remote version/idstring: SSH-2.0-Cisco-1.25
INFO:paramiko.transport:Connected (version 2.0, client Cisco-1.25)
DEBUG:paramiko.transport:kex algos:['diffie-hellman-group-exchange-sha1', 'diffie-hellman-group14-sha1', 'diffie-hellman-group1-sha1'] server key:['ssh-rsa'] client encrypt:['aes128-ctr', 'aes192-ctr', 'aes256-ctr', 'aes128-cbc', '3des-cbc', 'aes192-cbc', 'aes256-cbc'] server encrypt:['aes128-ctr', 'aes192-ctr', 'aes256-ctr', 'aes128-cbc', '3des-cbc', 'aes192-cbc', 'aes256-cbc'] client mac:['hmac-sha1', 'hmac-sha1-96'] server mac:['hmac-sha1', 'hmac-sha1-96'] client compress:['none'] server compress:['none'] client lang:[''] server lang:[''] kex follows?False
DEBUG:paramiko.transport:Kex agreed: diffie-hellman-group-exchange-sha1
DEBUG:paramiko.transport:HostKey agreed: ssh-rsa
DEBUG:paramiko.transport:Cipher agreed: aes128-ctr
DEBUG:paramiko.transport:MAC agreed: hmac-sha1
DEBUG:paramiko.transport:Compression agreed: none
DEBUG:paramiko.transport:Got server p (2048 bits)
DEBUG:paramiko.transport:kex engine KexGex specified hash_algo <built-in function openssl_sha1>
DEBUG:paramiko.transport:Switch to new keys ...
DEBUG:paramiko.transport:Adding ssh-rsa host key for 1st_nt_mdf_sw01.mhs.org: b'dff1cc3dbc8e67a39efef4da8ecb0472'
DEBUG:paramiko.transport:userauth is OK
INFO:paramiko.transport:Authentication (password) successful!
DEBUG:paramiko.transport:[chan 0] Max packet in: 32768 bytes
DEBUG:paramiko.transport:[chan 0] Max packet out: 4096 bytes
DEBUG:paramiko.transport:Secsh channel 0 opened.
DEBUG:paramiko.transport:[chan 0] Sesch channel 0 request ok
DEBUG:paramiko.transport:[chan 0] Sesch channel 0 request ok
DEBUG:netmiko:read_channel: 
------------------------------------------------------------------------------------
WARNING:


This system is for the use of authorized clients only. Individuals using the
computer network system without authorization, or in excess of their authorization,
are subject to having all their activity on this computer network system monitored
and recorded by system personnel.  To protect the computer network system from
unauthorized use and to ensure the computer network system is functioning properly,
system administrators monitor this system.  Anyone using this computer network
system expressly consents to such monitoring and is advised that if such monitoring
reveals possible conduct of criminal activity, system personnel may provide the
evidence of such activity to law enforcement officers.

Access is restricted to authorized users only.

Unauthorized access is a violation of state and federal, civil and criminal laws.
------------------------------------------------------------------------------------

1ST_NT_MDF_SW01>
DEBUG:netmiko:read_channel: 
DEBUG:netmiko:read_channel: 
DEBUG:netmiko:read_channel: 
DEBUG:netmiko:write_channel: b'\n'
DEBUG:netmiko:read_channel: 
DEBUG:netmiko:read_channel: 
DEBUG:netmiko:write_channel: b'\n'
DEBUG:netmiko:read_channel: 
1ST_NT_MDF_SW01>
DEBUG:netmiko:read_channel: 
1ST_NT_MDF_SW01>
DEBUG:netmiko:Clear buffer detects data in the channel
DEBUG:netmiko:read_channel: 
DEBUG:netmiko:[find_prompt()]: prompt is 1ST_NT_MDF_SW01>
DEBUG:netmiko:read_channel: 
DEBUG:netmiko:In disable_paging
DEBUG:netmiko:Command: terminal length 0

DEBUG:netmiko:write_channel: b'terminal length 0\n'
DEBUG:netmiko:Pattern is: terminal\ length\ 0
DEBUG:netmiko:_read_channel_expect read_data: t
DEBUG:netmiko:_read_channel_expect read_data: e
DEBUG:netmiko:_read_channel_expect read_data: rm
DEBUG:netmiko:_read_channel_expect read_data: in
DEBUG:netmiko:_read_channel_expect read_data: al
DEBUG:netmiko:_read_channel_expect read_data:  l
DEBUG:netmiko:_read_channel_expect read_data: en
DEBUG:netmiko:_read_channel_expect read_data: gt
DEBUG:netmiko:_read_channel_expect read_data: h 
DEBUG:netmiko:_read_channel_expect read_data: 0

DEBUG:netmiko:Pattern found: terminal\ length\ 0 terminal length 0

DEBUG:netmiko:terminal length 0

DEBUG:netmiko:Exiting disable_paging
DEBUG:netmiko:write_channel: b'terminal width 511\n'
DEBUG:netmiko:Pattern is: terminal\ width\ 511
DEBUG:netmiko:_read_channel_expect read_data: 1ST_NT_MDF_SW01>
DEBUG:netmiko:_read_channel_expect read_data: t
DEBUG:netmiko:_read_channel_expect read_data: e
DEBUG:netmiko:_read_channel_expect read_data: rmi
DEBUG:netmiko:_read_channel_expect read_data: n
DEBUG:netmiko:_read_channel_expect read_data: al 
DEBUG:netmiko:_read_channel_expect read_data: wi
DEBUG:netmiko:_read_channel_expect read_data: d
DEBUG:netmiko:_read_channel_expect read_data: th
DEBUG:netmiko:_read_channel_expect read_data:  5
DEBUG:netmiko:_read_channel_expect read_data: 11
DEBUG:netmiko:Pattern found: terminal\ width\ 511 1ST_NT_MDF_SW01>terminal width 511
DEBUG:netmiko:read_channel: 
1ST_NT_MDF_SW01>
DEBUG:netmiko:Clear buffer detects data in the channel
DEBUG:netmiko:read_channel: 
DEBUG:netmiko:write_channel: b'\n'
DEBUG:netmiko:Pattern is: 1ST_NT_MDF_SW01
DEBUG:netmiko:_read_channel_expect read_data: 

DEBUG:netmiko:_read_channel_expect read_data: 1ST_NT_MDF_SW01>
DEBUG:netmiko:Pattern found: 1ST_NT_MDF_SW01 
1ST_NT_MDF_SW01>
DEBUG:netmiko:write_channel: b'enable\n'
DEBUG:netmiko:Pattern is: (1ST_NT_MDF_SW01|ssword)
DEBUG:netmiko:_read_channel_expect read_data: e
DEBUG:netmiko:_read_channel_expect read_data: na
DEBUG:netmiko:_read_channel_expect read_data: bl
DEBUG:netmiko:_read_channel_expect read_data: e
DEBUG:netmiko:_read_channel_expect read_data: 
Password: 
DEBUG:netmiko:Pattern found: (1ST_NT_MDF_SW01|ssword) enable
Password: 
DEBUG:netmiko:write_channel: b'change-mgh\n'
DEBUG:netmiko:Pattern is: 1ST_NT_MDF_SW01
DEBUG:netmiko:_read_channel_expect read_data: 
1ST_NT_MDF_SW01#
DEBUG:netmiko:Pattern found: 1ST_NT_MDF_SW01 
1ST_NT_MDF_SW01#
DEBUG:netmiko:write_channel: b'\n'
DEBUG:netmiko:Pattern is: 1ST_NT_MDF_SW01
DEBUG:netmiko:_read_channel_expect read_data: 

DEBUG:netmiko:_read_channel_expect read_data: 1ST_NT_MDF_SW01#
DEBUG:netmiko:Pattern found: 1ST_NT_MDF_SW01 
1ST_NT_MDF_SW01#
DEBUG:netmiko:read_channel: 
DEBUG:netmiko:write_channel: b'\n'
DEBUG:netmiko:read_channel: 
DEBUG:netmiko:read_channel: 
DEBUG:netmiko:write_channel: b'\n'
DEBUG:netmiko:read_channel: 
1ST_NT_MDF_SW01#
DEBUG:netmiko:read_channel: 
1ST_NT_MDF_SW01#
DEBUG:netmiko:Clear buffer detects data in the channel
DEBUG:netmiko:read_channel: 
DEBUG:netmiko:[find_prompt()]: prompt is 1ST_NT_MDF_SW01#
DEBUG:netmiko:read_channel: 
DEBUG:netmiko:write_channel: b'sh cdp nei det\n'
DEBUG:netmiko:Pattern is: sh\ cdp\ nei\ det
DEBUG:netmiko:_read_channel_expect read_data: s
DEBUG:netmiko:_read_channel_expect read_data: h
DEBUG:netmiko:_read_channel_expect read_data:  c
DEBUG:netmiko:_read_channel_expect read_data: dp
DEBUG:netmiko:_read_channel_expect read_data:  n
DEBUG:netmiko:_read_channel_expect read_data: ei
DEBUG:netmiko:_read_channel_expect read_data:  d
DEBUG:netmiko:_read_channel_expect read_data: et
DEBUG:netmiko:Pattern found: sh\ cdp\ nei\ det sh cdp nei det
DEBUG:netmiko:read_channel: 
-------------------------
Device ID: 3rd_nt_sw01.mongeneral.com
Entry address(es): 
  IP address: 172.29.10.21
Platform: cisco WS-C2960X-48FPD-L,  Capabilities: Switch IGMP 
Interface: TenGigabitEthernet2/0/12,  Port ID (outgoing port): TenGigabitEthernet2/0/1
Holdtime : 179 sec

Version :
Cisco IOS Software, C2960X Software (C2960X-UNIVERSALK9-M), Version 15.2(2)E5, RELEASE SOFTWARE (fc2)
Technical Support: http://www.cisco.com/techsupport
Copyright (c) 1986-2016 by Cisco Systems, Inc.
Compiled Thu 02-Jun-16 01:31 by prod_rel_team

advertisement version: 2
Protocol Hello:  OUI=0x00000C, Protocol ID=0x0112; payload len=27, value=00000000FFFFFFFF010225010000000000000038DF86BA00FF0000
VTP Management Domain: ''
Native VLAN: 666
Duplex: full
Management address(es): 
  IP address: 172.29.10.21

-------------------------
Device ID: 3rd_nt_sw01.mongeneral.com
Entry address(es): 
  IP address: 172.29.10.21
Platform: cisco WS-C2960X-48FPD-L,  Capabilities: Switch IGMP 
Interface: TenGigabitEthernet1/0/12,  Port ID (outgoing port): TenGigabitEthernet1/0/1
Holdtime : 129 sec

Version :
Cisco IOS Software, C2960X Software (C2960X-UNIVERSALK9-M), Version 15.2(2)E5, RELEASE SOFTWARE (fc2)
Technical Support: http://www.cisco.com/techsupport
Copyright (c) 1986-2016 by Cisco Systems, Inc.
Compiled Thu 02-Jun-16 01:31 by prod_rel_team

advertisement version: 2
Protocol Hello:  OUI=0x00000C, Protocol ID=0x0112; payload len=27, value=00000000FFFFFFFF010225010000000000000038DF86BA00FF0000
VTP Management Domain: ''
Native VLAN: 666
Duplex: full
Management address(es): 
  IP address: 172.29.10.21

-------------------------
Device ID: 2nd_st_sw01.mongeneral.com
Entry address(es): 
  IP address: 172.29.10.12
Platform: cisco WS-C2960X-48FPD-L,  Capabilities: Switch IGMP 
Interface: TenGigabitEthernet2/0/3,  Port ID (outgoing port): TenGigabitEthernet2/0/1
Holdtime : 164 sec

Version :
Cisco IOS Software, C2960X Software (C2960X-UNIVERSALK9-M), Version 15.2(2)E5, RELEASE SOFTWARE (fc2)
Technical Support: http://www.cisco.com/techsupport
Copyright (c) 1986-2016 by Cisco Systems, Inc.
Compiled Thu 02-Jun-16 01:31 by prod_rel_team

advertisement version: 2
Protocol Hello:  OUI=0x00000C, Protocol ID=0x0112; payload len=27, value=00000000FFFFFFFF010225010000000000000038DF751E00FF0000
VTP Management Domain: ''
Native VLAN: 666
Duplex: full
Management address(es): 
  IP address: 172.29.10.12

-------------------------
Device ID: 2nd_st_sw01.mongeneral.com
Entry address(es): 
  IP address: 172.29.10.12
Platform: cisco WS-C2960X-48FPD-L,  Capabilities: Switch IGMP 
Interface: TenGigabitEthernet1/0/3,  Port ID (outgoing port): TenGigabitEthernet1/0/1
Holdtime : 152 sec

Version :
Cisco IOS Software, C2960X Software (C2960X-UNIVERSALK9-M), Version 15.2(2)E5, RELEASE SOFTWARE (fc2)
Technical Support: http://www.cisco.com/techsupport
Copyright (c) 1986-2016 by Cisco Systems, Inc.
Compiled Thu 02-Jun-16 01:31 by prod_rel_team

advertisement version: 2
Protocol Hello:  OUI=0x00000C, Protocol ID=0x0112; payload len=27, value=00000000FFFFFFFF010225010000000000000038DF751E00FF0000
VTP Management Domain: ''
Native VLAN: 666
Duplex: full
Management address(es): 
  IP address: 172.29.10.12

-------------------------
Device ID: 3rd_nt_sw02.mongeneral.com
Entry address(es): 
  IP address: 172.29.10.22
Platform: cisco WS-C2960X-48FPD-L,  Capabilities: Switch IGMP 
Interface: TenGigabitEthernet1/0/13,  Port ID (outgoing port): TenGigabitEthernet1/0/1
Holdtime : 129 sec

Version :
Cisco IOS Software, C2960X Software (C2960X-UNIVERSALK9-M), Version 15.2(2)E5, RELEASE SOFTWARE (fc2)
Technical Support: http://www.cisco.com/techsupport
Copyright (c) 1986-2016 by Cisco Systems, Inc.
Compiled Thu 02-Jun-16 01:31 by prod_rel_team

advertisement version: 2
Protocol Hello:  OUI=0x00000C, Protocol ID=0x0112; payload len=27, value=00000000FFFFFFFF010225010000000000000038DF0F6A00FF0000
VTP Management Domain: ''
Native VLAN: 666
Duplex: full
Management address(es): 
  IP address: 172.29.10.22

-------------------------
Device ID: 3rd_nt_sw02.mongeneral.com
Entry address(es): 
  IP address: 172.29.10.22
Platform: cisco WS-C2960X-48FPD-L,  Capabilities: Switch IGMP 
Interface: TenGigabitEthernet2/0/13,  Port ID (outgoing port): TenGigabitEthernet2/0/1
Holdtime : 126 sec

Version :
Cisco IOS Software, C2960X Software (C2960X-UNIVERSALK9-M), Version 15.2(2)E5, RELEASE SOFTWARE (fc2)
Technical Support: http://www.cisco.com/techsupport
Copyright (c) 1986-2016 by Cisco Systems, Inc.
Compiled Thu 02-Jun-16 01:31 by prod_rel_team

advertisement version: 2
Protocol Hello:  OUI=0x00000C, Protocol ID=0x0112; payload len=27, value=00000000FFFFFFFF010225010000000000000038DF0F6A00FF0000
VTP Management Domain: ''
Native VLAN: 666
Duplex: full
Management address(es): 
  IP address: 172.29.10.22

-------------------------
Device ID: 1st_conf_sw01.mongeneral.com
Entry address(es): 
  IP address: 172.29.10.28
Platform: cisco WS-C2960X-48FPD-L,  Capabilities: Switch IGMP 
Interface: TenGigabitEthernet2/0/18,  Port ID (outgoing port): TenGigabitEthernet1/0/2
Holdtime : 146 sec

Version :
Cisco IOS Software, C2960X Software (C2960X-UNIVERSALK9-M), Version 15.2(2)E5, RELEASE SOFTWARE (fc2)
Technical Support: http://www.cisco.com/techsupport
Copyright (c) 1986-2016 by Cisco Systems, Inc.
Compiled Thu 02-Jun-16 01:31 by prod_rel_team

advertisement version: 2
Protocol Hello:  OUI=0x00000C, Protocol ID=0x0112; payload len=27, value=00000000FFFFFFFF010225010000000000000038DF8AB680FF0000
VTP Management Domain: ''
Native VLAN: 666
Duplex: full
Management address(es): 
  IP address: 172.29.10.28

-------------------------
Device ID: 4th_nt_sw01.mongeneral.com
Entry address(es): 
  IP address: 172.29.10.23
Platform: cisco WS-C2960X-48FPD-L,  Capabilities: Switch IGMP 
Interface: TenGigabitEthernet1/0/14,  Port ID (outgoing port): TenGigabitEthernet1/0/1
Holdtime : 146 sec

Version :
Cisco IOS Software, C2960X Software (C2960X-UNIVERSALK9-M), Version 15.2(2)E5, RELEASE SOFTWARE (fc2)
Technical Support: http://www.cisco.com/techsupport
Copyright (c) 1986-2016 by Cisco Systems, Inc.
Compiled Thu 02-Jun-16 01:31 by prod_rel_team

advertisement version: 2
Protocol Hello:  OUI=0x00000C, Protocol ID=0x0112; payload len=27, value=00000000FFFFFFFF010225010000000000000038DF875E00FF0000
VTP Management Domain: ''
Native VLAN: 666
Duplex: full
Management address(es): 
  IP address: 172.29.10.23

-------------------------
Device ID: 4th_nt_sw01.mongeneral.com
Entry address(es): 
  IP address: 172.29.10.23
Platform: cisco WS-C2960X-48FPD-L,  Capabilities: Switch IGMP 
Interface: TenGigabitEthernet2/0/14,  Port ID (outgoing port): TenGigabitEthernet2/0/1
Holdtime : 164 sec

Version :
Cisco IOS Software, C2960X Software (C2960X-UNIVERSALK9-M), Version 15.2(2)E5, RELEASE SOFTWARE (fc2)
Technical Support: http://www.cisco.com/techsupport
Copyright (c) 1986-2016 by Cisco Systems, Inc.
Compiled Thu 02-Jun-16 01:31 by prod_rel_team

advertisement version: 2
Protocol Hello:  OUI=0x00000C, Protocol ID=0x0112; payload len=27, value=00000000FFFFFFFF010225010000000000000038DF875E00FF0000
VTP Management Domain: ''
Native VLAN: 666
Duplex: full
Management address(es): 
  IP address: 172.29.10.23

-------------------------
Device ID: 1st_conf_sw01.mongeneral.com
Entry address(es): 
  IP address: 172.29.10.28
Platform: cisco WS-C2960X-48FPD-L,  Capabilities: Switch IGMP 
Interface: TenGigabitEthernet1/0/18,  Port ID (outgoing port): TenGigabitEthernet1/0/1
Holdtime : 174 sec

Version :
Cisco IOS Software, C2960X Software (C2960X-UNIVERSALK9-M), Version 15.2(2)E5, RELEASE SOFTWARE (fc2)
Technical Support: http://www.cisco.com/techsupport
Copyright (c) 1986-2016 by Cisco Systems, Inc.
Compiled Thu 02-Jun-16 01:31 by prod_rel_team

advertisement version: 2
Protocol Hello:  OUI=0x00000C, Protocol ID=0x0112; payload len=27, value=00000000FFFFFFFF010225010000000000000038DF8AB680FF0000
VTP Management Domain: ''
Native VLAN: 666
Duplex: full
Management addre
DEBUG:netmiko:read_channel: ss(es): 
  IP address: 172.29.10.28

-------------------------
Device ID: 1st_st_sw02.mongeneral.com
Entry address(es): 
  IP address: 172.29.10.11
Platform: cisco WS-C2960X-48FPD-L,  Capabilities: Switch IGMP 
Interface: TenGigabitEthernet2/0/2,  Port ID (outgoing port): TenGigabitEthernet2/0/1
Holdtime : 174 sec

Version :
Cisco IOS Software, C2960X Software (C2960X-UNIVERSALK9-M), Version 15.2(2)E5, RELEASE SOFTWARE (fc2)
Technical Support: http://www.cisco.com/techsupport
Copyright (c) 1986-2016 by Cisco Systems, Inc.
Compiled Thu 02-Jun-16 01:31 by prod_rel_team

advertisement version: 2
Protocol Hello:  OUI=0x00000C, Protocol ID=0x0112; payload len=27, value=00000000FFFFFFFF010225010000000000000038DF790600FF0000
VTP Management Domain: ''
Native VLAN: 666
Duplex: full
Management address(es): 
  IP address: 172.29.10.11

-------------------------
Device ID: 1st_st_sw02.mongeneral.com
Entry address(es): 
  IP address: 172.29.10.11
Platform: cisco WS-C2960X-48FPD-L,  Capabilities: Switch IGMP 
Interface: TenGigabitEthernet1/0/2,  Port ID (outgoing port): TenGigabitEthernet1/0/1
Holdtime : 162 sec

Version :
Cisco IOS Software, C2960X Software (C2960X-UNIVERSALK9-M), Version 15.2(2)E5, RELEASE SOFTWARE (fc2)
Technical Support: http://www.cisco.com/techsupport
Copyright (c) 1986-2016 by Cisco Systems, Inc.
Compiled Thu 02-Jun-16 01:31 by prod_rel_team

advertisement version: 2
Protocol Hello:  OUI=0x00000C, Protocol ID=0x0112; payload len=27, value=00000000FFFFFFFF010225010000000000000038DF790600FF0000
VTP Management Domain: ''
Native VLAN: 666
Duplex: full
Management address(es): 
  IP address: 172.29.10.11

-------------------------
Device ID: 5th_nt_sw01.mongeneral.com
Entry address(es): 
  IP address: 172.29.10.24
Platform: cisco WS-C2960X-48FPD-L,  Capabilities: Switch IGMP 
Interface: TenGigabitEthernet2/0/15,  Port ID (outgoing port): TenGigabitEthernet2/0/1
Holdtime : 175 sec

Version :
Cisco IOS Software, C2960X Software (C2960X-UNIVERSALK9-M), Version 15.2(2)E5, RELEASE SOFTWARE (fc2)
Technical Support: http://www.cisco.com/techsupport
Copyright (c) 1986-2016 by Cisco Systems, Inc.
Compiled Thu 02-Jun-16 01:31 by prod_rel_team

advertisement version: 2
Protocol Hello:  OUI=0x00000C, Protocol ID=0x0112; payload len=27, value=00000000FFFFFFFF010225010000000000000038DF8AE080FF0000
VTP Management Domain: ''
Native VLAN: 666
Duplex: full
Management address(es): 
  IP address: 172.29.10.24

-------------------------
Device ID: 5th_nt_sw01.mongeneral.com
Entry address(es): 
  IP address: 172.29.10.24
Platform: cisco WS-C2960X-48FPD-L,  Capabilities: Switch IGMP 
Interface: TenGigabitEthernet1/0/15,  Port ID (outgoing port): TenGigabitEthernet1/0/1
Holdtime : 177 sec

Version :
Cisco IOS Software, C2960X Software (C2960X-UNIVERSALK9-M), Version 15.2(2)E5, RELEASE SOFTWARE (fc2)
Technical Support: http://www.cisco.com/techsupport
Copyright (c) 1986-2016 by Cisco Systems, Inc.
Compiled Thu 02-Jun-16 01:31 by prod_rel_team

advertisement version: 2
Protocol Hello:  OUI=0x00000C, Protocol ID=0x0112; payload len=27, value=00000000FFFFFFFF010225010000000000000038DF8AE080FF0000
VTP Management Domain: ''
Native VLAN: 666
Duplex: full
Management address(es): 
  IP address: 172.29.10.24

-------------------------
Device ID: 6th_nt_sw01.mongeneral.com
Entry address(es): 
  IP address: 172.29.10.26
Platform: cisco WS-C2960X-48FPD-L,  Capabilities: Switch IGMP 
Interface: TenGigabitEthernet2/0/17,  Port ID (outgoing port): TenGigabitEthernet2/0/2
Holdtime : 162 sec

Version :
Cisco IOS Software, C2960X Software (C2960X-UNIVERSALK9-M), Version 15.2(2)E5, RELEASE SOFTWARE (fc2)
Technical Support: http://www.cisco.com/techsupport
Copyright (c) 1986-2016 by Cisco Systems, Inc.
Compiled Thu 02-Jun-16 01:31 by prod_rel_team

advertisement version: 2
Protocol Hello:  OUI=0x00000C, Protocol ID=0x0112; payload len=27, value=00000000FFFFFFFF010225010000000000000038DF86E980FF0000
VTP Management Domain: ''
Native VLAN: 666
Duplex: full
Management address(es): 
  IP address: 172.29.10.26

-------------------------
Device ID: 5th_nt_sw02.mongeneral.com
Entry address(es): 
  IP address: 172.29.10.25
Platform: cisco WS-C2960X-48FPD-L,  Capabilities: Switch IGMP 
Interface: TenGigabitEthernet1/0/16,  Port ID (outgoing port): TenGigabitEthernet1/0/1
Holdtime : 175 sec

Version :
Cisco IOS Software, C2960X Software (C2960X-UNIVERSALK9-M), Version 15.2(2)E5, RELEASE SOFTWARE (fc2)
Technical Support: http://www.cisco.com/techsupport
Copyright (c) 1986-2016 by Cisco Systems, Inc.
Compiled Thu 02-Jun-16 01:31 by prod_rel_team

advertisement version: 2
Protocol Hello:  OUI=0x00000C, Protocol ID=0x0112; payload len=27, value=00000000FFFFFFFF010225010000000000000038DF0FAB00FF0000
VTP Management Domain: ''
Native VLAN: 666
Duplex: full
Management address(es): 
  IP address: 172.29.10.25

-------------------------
Device ID: 6th_nt_sw01.mongeneral.com
Entry address(es): 
  IP address: 172.29.10.26
Platform: cisco WS-C2960X-48FPD-L,  Capabilities: Switch IGMP 
Interface: TenGigabitEthernet1/0/17,  Port ID (outgoing port): TenGigabitEthernet1/0/1
Holdtime : 165 sec

Version :
Cisco IOS Software, C2960X Software (C2960X-UNIVERSALK9-M), Version 15.2(2)E5, RELEASE SOFTWARE (fc2)
Technical Support: http://www.cisco.com/techsupport
Copyright (c) 1986-2016 by Cisco Systems, Inc.
Compiled Thu 02-Jun-16 01:31 by prod_rel_team

advertisement version: 2
Protocol Hello:  OUI=0x00000C, Protocol ID=0x0112; payload len=27, value=00000000FFFFFFFF010225010000000000000038DF86E980FF0000
VTP Management Domain: ''
Native VLAN: 666
Duplex: full
Management address(es): 
  IP address: 172.29.10.26

-------------------------
Device ID: 5th_nt_sw02.mongeneral.com
Entry address(es): 
  IP address: 172.29.10.25
Platform: cisco WS-C2960X-48FPD-L,  Capabilities: Switch IGMP 
Interface: TenGigabitEthernet2/0/16,  Port ID (outgoing port): TenGigabitEthernet2/0/1
Holdtime : 164 sec

Version :
Cisco IOS Software, C2960X Software (C2960X-UNIVERSALK9-M), Version 15.2(2)E5, RELEASE SOFTWARE (fc2)
Technical Support: http://www.cisco.com/techsupport
Copyright (c) 1986-2016 by Cisco Systems, Inc.
Compiled Thu 02-Jun-16 01:31 by prod_rel_team

advertisement version: 2
Protocol Hello:  OUI=0x00000C, Protocol ID=0x0112; payload len=27, value=00000000FFFFFFFF010225010000000000000038DF0FAB00FF0000
VTP Management Domain: ''
Native VLAN: 666
Duplex: full
Management address(es): 
  IP address: 172.29.10.25

-------------------------
Device ID: 1st_st_sw01.mongeneral.com
Entry address(es): 
  IP address: 172.29.10.10
Platform: cisco WS-C2960X-48FPD-L,  Capabilities: Switch IGMP 
Interface: TenGigabitEthernet2/0/1,  Port ID (outgoing port): TenGigabitEthernet2/0/1
Holdtime : 134 sec

Version :
Cisco IOS Software, C2960X Software (C2960X-UNIVERSALK9-M), Version 15.2(2)E5, RELEASE SOFTWARE (fc2)
Technical Support: http://www.cisco.com/techsupport
Copyright (c) 1986-2016 by Cisco Systems, Inc.
Compiled Thu 02-Jun-16 01:31 by prod_rel_team

advertisement version: 2
Protocol Hello:  OUI=0x00000C, Protocol ID=0x0112; payload len=27, value=00000000FFFFFFFF010225010000000000000038DF86E780FF0000
VTP Management Domain: ''
Native VLAN: 666
Duplex: full
Management address(es): 
  IP address: 172.29.10.10

-------------------------
Device ID: 1st_st_sw01.mongeneral.com
Entry address(es): 
  IP address: 172.29.10.10
Platform: cisco WS-C2960X-48FPD-L,  Capabilities: Switch IGMP 
Interface: TenGigabitEthernet1/0/1,  Port ID (outgoing port): TenGigabitEthernet1/0/1
Holdtime : 141 sec

Version :
Cisco IOS Software, C2960X Software (C2960X-UNIVERSALK9-M), Version 15.2(2)E5, RELEASE SOFTWARE (fc2)
Technical Support: http://www.cisco.com/techsupport
Copyright (c) 1986-2016 by Cisco Systems, Inc.
Compiled Thu 02-Jun-16 01:31 by prod_rel_team

advertisement version: 2
Protocol Hello:  OUI=0x00000C, Protocol ID=0x0112; payload len=27, value=00000000FFFFFFFF010225010000000000000038DF86E780FF0000
VTP Management Domain: ''
Native VLAN: 666
Duplex: full
Management address(es): 
  IP address: 172.29.10.10

-------------------------
Device ID: 5th_st_sw01.mongeneral.com
Entry address(es): 
  IP address: 172.29.10.16
Platform: cisco WS-C2960X-48FPD-L,  Capabilities: Switch IGMP 
Interface: TenGigabitEthernet2/0/7,  Port ID (outgoing port): TenGigabitEthernet2/0/1
Holdtime : 168 sec

Version :
Cisco IOS Software, C2960X Software (C2960X-UNIVERSALK9-M), Version 15.2(2)E5, RELEASE SOFTWARE (fc2)
Technical Support: http://www.cisco.com/techsupport
Copyright (c) 1986-2016 by Cisco Systems, Inc.
Compiled Thu 02-Jun-16 01:31 by prod_rel_team

advertisement version: 2
Protocol Hello:  OUI=0x00000C, Protocol ID=0x0112; payload len=27, value=00000000FFFFFFFF010225010000000000000038DF8AC580FF0000
VTP Management Domain: ''
Native VLAN: 666
Duplex: full
Management address(es): 
  IP address: 172.29.10.16

-------------------------
Device ID: 5th_st_sw01.mongeneral.com
Entry address(es): 
  IP address: 172.29.10.16
Platform: cisco WS-C2960X-48FPD-L,  Capabilities: Switch IGMP 
Interface: TenGigabitEthernet1/0/7,  Port ID (outgoing port): TenGigabitEthernet1/0/1
Holdtime : 138 sec

Version :
Cisco IOS Software, C2960X Software (C2960X-UNIVERSALK9-M), Version 15.2(2)E5, RELEASE SOFTWARE (fc2)
Technical Support: http://www.cisco.com/techsupport
Copyright (c) 1986-2016 by Cisco Systems, Inc.
Compiled Thu 02-Jun-16 01:31 by prod_rel_team

advertisement version: 2
Protocol Hello:  OUI=0x00000C, Protocol ID=0x0112; payload len=27, value=00000000FFFFFFFF010225010000000000000038DF8AC580FF0000
VTP Management Domain: ''
Native VLAN: 666
Duplex: full
Management address(es): 
  IP address: 172.29.10.16

-------------------------
Device ID: 4th_st_sw01.mongeneral.com
Entry address(es): 
  IP address: 172.29.10.15
Platform: cisco WS-C2960X-48FPD-L,  Capabilities: Switch IGMP 
Interface: TenGigabitEthernet2/0/6,  Port ID (outgoing port): TenGigabitEthernet2/0/1
Holdtime : 168 sec

Version :
Cisco IOS Software, C2960X Software (C2960X-UNIVERSALK9-M), Version 15.2(2)E5, RELEASE SOFTWARE (fc2)
Technical Support: http://www.cisco.com/techsupport
Copyright (c) 1986-2016 by Cisco Systems, Inc.
Compiled Thu 02-Jun-16 01:31 by prod_rel_team

advertisement version: 2
Protocol Hello:  OUI=0x00000C, Protocol ID=0x0112; payload len=27, value=00000000FFFFFFFF010225010000000000000038DF876500FF0000
VTP Management Domain: ''
Native VLAN: 666
Duplex: full
Management address(es): 
  IP address: 172.29.10.15

-------------------------
Device ID: 4th_st_sw01.mongeneral.com
Entry address(es): 
  IP address: 172.29.10.15
Platform: cisco WS-C2960X-48FPD-L,  Capabilities: Switch IGMP 
Interface: TenGigabitEthernet1/0/6,  Port ID (outgoing port): TenGigabitEthernet1/0/1
Holdtime : 133 sec

Version :
Cisco IOS Software, C2960X Software (C2960X-UNIVERSALK9-M), Version 15.2(2)E5, RELEASE SOFTWARE (fc2)
Technical Support: http://www.cisco.com/techsupport
Copyright (c) 1986-2016 by Cisco Systems, Inc.
Compiled Thu 02-Jun-16 01:31 by prod_rel_team

advertisement version: 2
Protocol Hello:  OUI=0x00000C, Protocol ID=0x0112; payload len=27, value=00000000FFFFFFFF010225010000000000000038DF876500FF0000
VTP Management Domain: ''
Native VLAN: 666
Duplex: full
Management address(es): 
  IP address: 172.29.10.15

-------------------------
Device ID: 1st_nt_sw01.mongeneral.com
Entry address(es): 
  IP address: 172.29.10.17
Platform: cisco WS-C2960X-48FPD-L,  Capabilities: Switch IGMP 
Interface: TenGigabitEthernet2/0/8,  Port ID (outgoing port): TenGigabitEthernet2/0/1
Holdtime : 171 sec

Version :
Cisco IOS Software, C2960X Software (C2960X-UNIVERSALK9-M), Version 15.2(2)E5, RELEASE SOFTWARE (fc2)
Technical Support: http://www.cisco.com/techsupport
Copyright (c) 1986-2016 by Cisco Systems, Inc.
Compiled Thu 02-Jun-16 01:31 by prod_rel_team

advertisement version: 2
Protocol Hello:  OUI=0x00000C, Protocol ID=0x0112; payload len=27, value=00000000FFFFFFFF010225010000000000000038DF0FAA00FF0000
VTP Management Domain: ''
Native VLAN: 666
Duplex: full
Management address(es): 
  IP address: 172.29.10.17

-------------------------
Device ID: 1st_nt_sw01.mongeneral.com
Entry address(es): 
  IP address: 172.29.10.17
Platform: cisco WS-C2960X-48FPD-L,  Capabilities: Switch IGMP 
Interface: TenGigabitEthernet1/0/8,  Port ID (outgoing port): TenGigabitEthernet1/0/1
Holdtime : 130 sec

Version :
Cisco IOS Software, C2960X Software (C2960X-UNIVERSALK9-M), Version 15.2(2)E5, RELEASE SOFTWARE (fc2)
Technical Support: http://www.cisco.com/techsupport
Copyright (c) 1986-2016 by Cisco Systems, Inc.
Compiled Thu 02-Jun-16 01:31 by prod_rel_team

advertisement version: 2
Protocol Hello:  OUI=0x00000C, Protocol ID=0x0112; payload len=27, value=00000000FFFFFFFF010225010000000000000038DF0FAA00FF0000
VTP Management Domain: ''
Native VLAN: 666
Duplex: full
Management address(es): 
  IP address: 172.29.10.17

-------------------------
Device ID: 2nd_nt_sw01.mongeneral.com
Entry address(es): 
  IP address: 172.29.10.18
Platform: cisco WS-C2960X-24PS-L,  Capabilities: Switch IGMP 
Interface: TenGigabitEthernet2/0/9,  Port ID (outgoing port): TenGigabitEthernet2/0/1
Holdtime : 123 sec

Version :
Cisco IOS Software, C2960X Software (C2960X-UNIVERSALK9-M), Version 15.2(2)E5, RELEASE SOFTWARE (fc2)
Technical Support: http://www.cisco.com/techsupport
Copyright (c) 1986-2016 by Cisco Systems, Inc.
Compiled Thu 02-Jun-16 01:31 by prod_rel_team

advertisement version: 2
Protocol Hello:  OUI=0x00000C, Protocol ID=0x0112; payload len=27, value=00000000FFFFFFFF010225010000000000002C0BE9784300FF0000
VTP Management Domain: ''
Native VLAN: 666
Duplex: full
Management address(es): 
  IP address: 172.29.10.18

-------------------------
Device ID: 2nd_nt_sw01.mongeneral.com
Entry address(es): 
  IP address: 172.29.10.18
Platform: cisco WS-C2960X-24PS-L,  Capabilities: Switch IGMP 
Interface: TenGigabitEthernet1/0/9,  Port ID (outgoing port): TenGigabitEthernet1/0/1
Holdtime : 174 sec

Version :
Cisco IOS Software, C2960X Software (C2960X-UNIVERSALK9-M), Version 15.2(2)E5, RELEASE SOFTWARE (fc2)
Technical Support: http://www.cisco.com/techsupport
Copyright (c) 1986-2016 by Cisco Systems, Inc.
Compiled Thu 02-Jun-16 01:31 by prod_rel_team

advertisement version: 2
Protocol Hello:  OUI=0x00000C, Protocol ID=0x0112; payload len=27, value=00000000FFFFFFFF010225010000000000002C0BE9784300FF0000
VTP Management Domain: ''
Native VLAN: 666
Duplex: full
Management address(es): 
  IP address: 172.29.10.18

-------------------------
Device ID: 3rd_st_sw01.mongeneral.com
Entry address(es): 
  IP address: 172.29.10.13
Platform: cisco WS-C2960X-48FPD-L,  Capabilities: Switch IGMP 
Interface: TenGigabitEthernet2/0/4,  Port ID (outgoing port): TenGigabitEthernet2/0/1
Holdtime : 171 sec

Version :
Cisco IOS Software, C2960X Software (C2960X-UNIVERSALK9-M), Version 15.2(2)E5, RELEASE SOFTWARE (fc2)
Technical Support: http://www.cisco.com/techsupport
Copyright (c) 1986-2016 by Cisco Systems, Inc.
Compiled Thu 02-Jun-16 01:31 by prod_rel_team

advertisement version: 2
Protocol Hello:  OUI=0x00000C, Protocol ID=0x0112; payload len=27, value=00000000FFFFFFFF010225010000000000000038DF790280FF0000
VTP Management Domain: ''
Native VLAN: 666
Duplex: full
Management address(es): 
  IP address: 172.29.10.13

-------------------------
Device ID: 3rd_st_sw01.mongeneral.com
Entry address(es): 
  IP address: 172.29.10.13
Platform: cisco WS-C2960X-48FPD-L,  Capabilities: Switch IGMP 
Interface: TenGigabitEthernet1/0/4,  Port ID (outgoing port): TenGigabitEthernet1/0/1
Holdtime : 136 sec

Version :
Cisco IOS Software, C2960X Software (C2960X-UNIVERSALK9-M), Version 15.2(2)E5, RELEASE SOFTWARE (fc2)
Technical Support: http://www.cisco.com/techsupport
Copyright (c) 1986-2016 by Cisco Systems, Inc.
Compiled Thu 02-Jun-16 01:31 by prod_rel_team

advertisement version: 2
Protocol Hello:  OUI=0x00000C, Protocol ID=0x0112; payload len=27, value=00000000FFFFFFFF010225010000000000000038DF790280FF0000
VTP Management 
DEBUG:netmiko:read_channel: Domain: ''
Native VLAN: 666
Duplex: full
Management address(es): 
  IP address: 172.29.10.13

-------------------------
Device ID: 2nd_nt_sw03.mongeneral.com
Entry address(es): 
  IP address: 172.29.10.20
Platform: cisco WS-C2960X-48FPD-L,  Capabilities: Switch IGMP 
Interface: TenGigabitEthernet1/0/11,  Port ID (outgoing port): TenGigabitEthernet1/0/1
Holdtime : 127 sec

Version :
Cisco IOS Software, C2960X Software (C2960X-UNIVERSALK9-M), Version 15.2(2)E5, RELEASE SOFTWARE (fc2)
Technical Support: http://www.cisco.com/techsupport
Copyright (c) 1986-2016 by Cisco Systems, Inc.
Compiled Thu 02-Jun-16 01:31 by prod_rel_team

advertisement version: 2
Protocol Hello:  OUI=0x00000C, Protocol ID=0x0112; payload len=27, value=00000000FFFFFFFF010225010000000000000038DF0F4900FF0000
VTP Management Domain: ''
Native VLAN: 666
Duplex: full
Management address(es): 
  IP address: 172.29.10.20

-------------------------
Device ID: 2nd_nt_sw03.mongeneral.com
Entry address(es): 
  IP address: 172.29.10.20
Platform: cisco WS-C2960X-48FPD-L,  Capabilities: Switch IGMP 
Interface: TenGigabitEthernet2/0/11,  Port ID (outgoing port): TenGigabitEthernet2/0/1
Holdtime : 142 sec

Version :
Cisco IOS Software, C2960X Software (C2960X-UNIVERSALK9-M), Version 15.2(2)E5, RELEASE SOFTWARE (fc2)
Technical Support: http://www.cisco.com/techsupport
Copyright (c) 1986-2016 by Cisco Systems, Inc.
Compiled Thu 02-Jun-16 01:31 by prod_rel_team

advertisement version: 2
Protocol Hello:  OUI=0x00000C, Protocol ID=0x0112; payload len=27, value=00000000FFFFFFFF010225010000000000000038DF0F4900FF0000
VTP Management Domain: ''
Native VLAN: 666
Duplex: full
Management address(es): 
  IP address: 172.29.10.20

-------------------------
Device ID: 3rd_st_sw02.mongeneral.com
Entry address(es): 
  IP address: 172.29.10.14
Platform: cisco WS-C2960X-48FPD-L,  Capabilities: Switch IGMP 
Interface: TenGigabitEthernet1/0/5,  Port ID (outgoing port): TenGigabitEthernet1/0/1
Holdtime : 155 sec

Version :
Cisco IOS Software, C2960X Software (C2960X-UNIVERSALK9-M), Version 15.2(2)E6, RELEASE SOFTWARE (fc1)
Technical Support: http://www.cisco.com/techsupport
Copyright (c) 1986-2016 by Cisco Systems, Inc.
Compiled Fri 16-Dec-16 21:27 by prod_rel_team

advertisement version: 2
Protocol Hello:  OUI=0x00000C, Protocol ID=0x0112; payload len=27, value=00000000FFFFFFFF0102250100000000000000C1B1B8BC80FF0000
VTP Management Domain: ''
Native VLAN: 666
Duplex: full
Management address(es): 
  IP address: 172.29.10.14

-------------------------
Device ID: 2nd_nt_sw02.mongeneral.com
Entry address(es): 
  IP address: 172.29.10.19
Platform: cisco WS-C2960X-48FPD-L,  Capabilities: Switch IGMP 
Interface: TenGigabitEthernet2/0/10,  Port ID (outgoing port): TenGigabitEthernet2/0/1
Holdtime : 146 sec

Version :
Cisco IOS Software, C2960X Software (C2960X-UNIVERSALK9-M), Version 15.2(2)E5, RELEASE SOFTWARE (fc2)
Technical Support: http://www.cisco.com/techsupport
Copyright (c) 1986-2016 by Cisco Systems, Inc.
Compiled Thu 02-Jun-16 01:31 by prod_rel_team

advertisement version: 2
Protocol Hello:  OUI=0x00000C, Protocol ID=0x0112; payload len=27, value=00000000FFFFFFFF010225010000000000000038DF8ACD80FF0000
VTP Management Domain: ''
Native VLAN: 666
Duplex: full
Management address(es): 
  IP address: 172.29.10.19

-------------------------
Device ID: 3rd_st_sw02.mongeneral.com
Entry address(es): 
  IP address: 172.29.10.14
Platform: cisco WS-C2960X-48FPD-L,  Capabilities: Switch IGMP 
Interface: TenGigabitEthernet2/0/5,  Port ID (outgoing port): TenGigabitEthernet2/0/1
Holdtime : 154 sec

Version :
Cisco IOS Software, C2960X Software (C2960X-UNIVERSALK9-M), Version 15.2(2)E6, RELEASE SOFTWARE (fc1)
Technical Support: http://www.cisco.com/techsupport
Copyright (c) 1986-2016 by Cisco Systems, Inc.
Compiled Fri 16-Dec-16 21:27 by prod_rel_team

advertisement version: 2
Protocol Hello:  OUI=0x00000C, Protocol ID=0x0112; payload len=27, value=00000000FFFFFFFF0102250100000000000000C1B1B8BC80FF0000
VTP Management Domain: ''
Native VLAN: 666
Duplex: full
Management address(es): 
  IP address: 172.29.10.14

-------------------------
Device ID: 2nd_nt_sw02.mongeneral.com
Entry address(es): 
  IP address: 172.29.10.19
Platform: cisco WS-C2960X-48FPD-L,  Capabilities: Switch IGMP 
Interface: TenGigabitEthernet1/0/10,  Port ID (outgoing port): TenGigabitEthernet1/0/1
Holdtime : 146 sec

Version :
Cisco IOS Software, C2960X Software (C2960X-UNIVERSALK9-M), Version 15.2(2)E5, RELEASE SOFTWARE (fc2)
Technical Support: http://www.cisco.com/techsupport
Copyright (c) 1986-2016 by Cisco Systems, Inc.
Compiled Thu 02-Jun-16 01:31 by prod_rel_team

advertisement version: 2
Protocol Hello:  OUI=0x00000C, Protocol ID=0x0112; payload len=27, value=00000000FFFFFFFF010225010000000000000038DF8ACD80FF0000
VTP Management Domain: ''
Native VLAN: 666
Duplex: full
Management address(es): 
  IP address: 172.29.10.19

-------------------------
Device ID: MGH1A-CORE.mongeneral.com
Entry address(es): 
  IP address: 172.26.2.122
Platform: cisco WS-C4507R+E,  Capabilities: Switch IGMP 
Interface: TenGigabitEthernet2/0/24,  Port ID (outgoing port): TenGigabitEthernet4/1
Holdtime : 137 sec

Version :
Cisco IOS Software, Catalyst 4500 L3 Switch Software (cat4500e-IPBASEK9-M), Version 15.0(2)SG2, RELEASE SOFTWARE (fc3)
Technical Support: http://www.cisco.com/techsupport
Copyright (c) 1986-2011 by Cisco Systems, Inc.
Compiled Wed 07-Dec-11 20:20 by prod_rel_team

advertisement version: 2
VTP Management Domain: 'MonGen'
Native VLAN: 666
Duplex: full
Management address(es): 
  IP address: 172.26.2.122

-------------------------
Device ID: MGH1A-CORE.mongeneral.com
Entry address(es): 
  IP address: 172.26.2.122
Platform: cisco WS-C4507R+E,  Capabilities: Switch IGMP 
Interface: TenGigabitEthernet1/0/24,  Port ID (outgoing port): TenGigabitEthernet3/1
Holdtime : 137 sec

Version :
Cisco IOS Software, Catalyst 4500 L3 Switch Software (cat4500e-IPBASEK9-M), Version 15.0(2)SG2, RELEASE SOFTWARE (fc3)
Technical Support: http://www.cisco.com/techsupport
Copyright (c) 1986-2011 by Cisco Systems, Inc.
Compiled Wed 07-Dec-11 20:20 by prod_rel_team

advertisement version: 2
VTP Management Domain: 'MonGen'
Native VLAN: 666
Duplex: full
Management address(es): 
  IP address: 172.26.2.122


Total cdp entries displayed : 38
1ST_NT_MDF_SW01#
DEBUG:matplotlib.font_manager:findfont: Matching sans\-serif:style=normal:variant=normal:weight=normal:stretch=normal:size=12.0.
DEBUG:matplotlib.font_manager:findfont: score(<Font 'STIXSizeFourSym' (STIXSizFourSymBol.ttf) normal normal 700 normal>) = 10.335
DEBUG:matplotlib.font_manager:findfont: score(<Font 'DejaVu Sans' (DejaVuSans-Bold.ttf) normal normal 700 normal>) = 0.33499999999999996
DEBUG:matplotlib.font_manager:findfont: score(<Font 'STIXGeneral' (STIXGeneralBol.ttf) normal normal 700 normal>) = 10.335
DEBUG:matplotlib.font_manager:findfont: score(<Font 'DejaVu Sans Mono' (DejaVuSansMono.ttf) normal normal 400 normal>) = 10.05
DEBUG:matplotlib.font_manager:findfont: score(<Font 'DejaVu Sans Mono' (DejaVuSansMono-BoldOblique.ttf) oblique normal 700 normal>) = 11.335
DEBUG:matplotlib.font_manager:findfont: score(<Font 'cmsy10' (cmsy10.ttf) normal normal 400 normal>) = 10.05
DEBUG:matplotlib.font_manager:findfont: score(<Font 'STIXSizeThreeSym' (STIXSizThreeSymBol.ttf) normal normal 700 normal>) = 10.335
DEBUG:matplotlib.font_manager:findfont: score(<Font 'STIXGeneral' (STIXGeneralBolIta.ttf) italic normal 700 normal>) = 11.335
DEBUG:matplotlib.font_manager:findfont: score(<Font 'cmr10' (cmr10.ttf) normal normal 400 normal>) = 10.05
DEBUG:matplotlib.font_manager:findfont: score(<Font 'cmex10' (cmex10.ttf) normal normal 400 normal>) = 10.05
DEBUG:matplotlib.font_manager:findfont: score(<Font 'DejaVu Sans Mono' (DejaVuSansMono-Bold.ttf) normal normal 700 normal>) = 10.335
DEBUG:matplotlib.font_manager:findfont: score(<Font 'DejaVu Serif' (DejaVuSerif-Bold.ttf) normal normal 700 normal>) = 10.335
DEBUG:matplotlib.font_manager:findfont: score(<Font 'STIXGeneral' (STIXGeneral.ttf) normal normal regular normal>) = 10.05
DEBUG:matplotlib.font_manager:findfont: score(<Font 'DejaVu Sans' (DejaVuSans.ttf) normal normal 400 normal>) = 0.05
DEBUG:matplotlib.font_manager:findfont: score(<Font 'DejaVu Serif Display' (DejaVuSerifDisplay.ttf) normal normal 400 normal>) = 10.05
DEBUG:matplotlib.font_manager:findfont: score(<Font 'STIXGeneral' (STIXGeneralItalic.ttf) italic normal 400 normal>) = 11.05
DEBUG:matplotlib.font_manager:findfont: score(<Font 'STIXSizeThreeSym' (STIXSizThreeSymReg.ttf) normal normal regular normal>) = 10.05
DEBUG:matplotlib.font_manager:findfont: score(<Font 'DejaVu Serif' (DejaVuSerif-BoldItalic.ttf) italic normal 700 normal>) = 11.335
DEBUG:matplotlib.font_manager:findfont: score(<Font 'DejaVu Sans Mono' (DejaVuSansMono-Oblique.ttf) oblique normal 400 normal>) = 11.05
DEBUG:matplotlib.font_manager:findfont: score(<Font 'DejaVu Sans' (DejaVuSans-Oblique.ttf) oblique normal 400 normal>) = 1.05
DEBUG:matplotlib.font_manager:findfont: score(<Font 'STIXSizeFourSym' (STIXSizFourSymReg.ttf) normal normal regular normal>) = 10.05
DEBUG:matplotlib.font_manager:findfont: score(<Font 'DejaVu Serif' (DejaVuSerif.ttf) normal normal 400 normal>) = 10.05
DEBUG:matplotlib.font_manager:findfont: score(<Font 'STIXNonUnicode' (STIXNonUni.ttf) normal normal regular normal>) = 10.05
DEBUG:matplotlib.font_manager:findfont: score(<Font 'cmb10' (cmb10.ttf) normal normal 400 normal>) = 10.05
DEBUG:matplotlib.font_manager:findfont: score(<Font 'STIXNonUnicode' (STIXNonUniIta.ttf) italic normal 400 normal>) = 11.05
DEBUG:matplotlib.font_manager:findfont: score(<Font 'STIXSizeOneSym' (STIXSizOneSymReg.ttf) normal normal regular normal>) = 10.05
DEBUG:matplotlib.font_manager:findfont: score(<Font 'cmmi10' (cmmi10.ttf) normal normal 400 normal>) = 10.05
DEBUG:matplotlib.font_manager:findfont: score(<Font 'DejaVu Sans Display' (DejaVuSansDisplay.ttf) normal normal 400 normal>) = 10.05
DEBUG:matplotlib.font_manager:findfont: score(<Font 'DejaVu Sans' (DejaVuSans-BoldOblique.ttf) oblique normal 700 normal>) = 1.335
DEBUG:matplotlib.font_manager:findfont: score(<Font 'STIXSizeTwoSym' (STIXSizTwoSymBol.ttf) normal normal 700 normal>) = 10.335
DEBUG:matplotlib.font_manager:findfont: score(<Font 'cmss10' (cmss10.ttf) normal normal 400 normal>) = 10.05
DEBUG:matplotlib.font_manager:findfont: score(<Font 'STIXSizeOneSym' (STIXSizOneSymBol.ttf) normal normal 700 normal>) = 10.335
DEBUG:matplotlib.font_manager:findfont: score(<Font 'STIXSizeTwoSym' (STIXSizTwoSymReg.ttf) normal normal regular normal>) = 10.05
DEBUG:matplotlib.font_manager:findfont: score(<Font 'STIXNonUnicode' (STIXNonUniBol.ttf) normal normal 700 normal>) = 10.335
DEBUG:matplotlib.font_manager:findfont: score(<Font 'DejaVu Serif' (DejaVuSerif-Italic.ttf) italic normal 400 normal>) = 11.05
DEBUG:matplotlib.font_manager:findfont: score(<Font 'STIXNonUnicode' (STIXNonUniBolIta.ttf) italic normal 700 normal>) = 11.335
DEBUG:matplotlib.font_manager:findfont: score(<Font 'cmtt10' (cmtt10.ttf) normal normal 400 normal>) = 10.05
DEBUG:matplotlib.font_manager:findfont: score(<Font 'STIXSizeFiveSym' (STIXSizFiveSymReg.ttf) normal normal regular normal>) = 10.05
DEBUG:matplotlib.font_manager:findfont: score(<Font 'NotoSans Nerd Font Mono' (Noto Sans Condensed Nerd Font Complete Mono.ttf) normal normal 400 condensed>) = 10.25
DEBUG:matplotlib.font_manager:findfont: score(<Font 'NotoSans Nerd Font Mono' (Noto Sans Medium Nerd Font Complete Mono.ttf) normal normal medium normal>) = 10.145
DEBUG:matplotlib.font_manager:findfont: score(<Font 'NotoSans Nerd Font Mono' (Noto Sans Condensed Medium Nerd Font Complete Mono.ttf) normal normal medium condensed>) = 10.344999999999999
DEBUG:matplotlib.font_manager:findfont: score(<Font 'Noto Sans Kannada' (NotoSansKannada-Medium.ttf) normal normal medium normal>) = 10.145
DEBUG:matplotlib.font_manager:findfont: score(<Font 'mononoki Nerd Font Mono' (mononoki Italic Nerd Font Complete Mono.ttf) italic normal 400 normal>) = 11.05
DEBUG:matplotlib.font_manager:findfont: score(<Font 'NotoSansMono Nerd Font Mono' (Noto Sans Mono SemiCondensed Bold Nerd Font Complete Mono.ttf) normal normal 700 condensed>) = 10.535
DEBUG:matplotlib.font_manager:findfont: score(<Font 'Monoid Nerd Font Mono' (Monoid Italic Nerd Font Complete Mono.ttf) italic normal 400 normal>) = 11.05
DEBUG:matplotlib.font_manager:findfont: score(<Font 'NotoSerif Nerd Font' (Noto Serif SemiCondensed ExtraBold Nerd Font Complete.ttf) normal normal bold condensed>) = 10.535
DEBUG:matplotlib.font_manager:findfont: score(<Font 'mplus Nerd Font Mono' (M+ 1mn light Nerd Font Complete Mono.ttf) normal normal light normal>) = 10.24
DEBUG:matplotlib.font_manager:findfont: score(<Font 'NotoSerifDisplay Nerd Font' (Noto Serif Display Condensed SemiBold Italic Nerd Font Complete.ttf) italic normal semibold condensed>) = 11.44
DEBUG:matplotlib.font_manager:findfont: score(<Font 'NotoSansDisplay Nerd Font Mono' (Noto Sans Display Condensed Bold Italic Nerd Font Complete Mono.ttf) italic normal 700 condensed>) = 11.535
DEBUG:matplotlib.font_manager:findfont: score(<Font 'CodeNewRoman Nerd Font Mono' (Code New Roman Nerd Font Complete Mono.otf) normal normal roman normal>) = 10.145
DEBUG:matplotlib.font_manager:findfont: score(<Font 'Noto Serif Georgian' (NotoSerifGeorgian-Regular.ttf) normal normal regular normal>) = 10.05
DEBUG:matplotlib.font_manager:findfont: score(<Font 'NotoSansMono Nerd Font' (Noto Sans Mono ExtraCondensed SemiBold Nerd Font Complete.ttf) normal normal semibold condensed>) = 10.44
DEBUG:matplotlib.font_manager:findfont: score(<Font 'Iosevka' (Iosevka Heavy Italic Nerd Font Complete.ttf) italic normal 700 normal>) = 11.335
DEBUG:matplotlib.font_manager:findfont: score(<Font 'NotoSans Nerd Font Mono' (Noto Sans Medium Italic Nerd Font Complete Mono.ttf) italic normal medium normal>) = 11.145
DEBUG:matplotlib.font_manager:findfont: score(<Font 'NotoSans Nerd Font' (Noto Sans ExtraBold Italic Nerd Font Complete.ttf) italic normal bold normal>) = 11.335
DEBUG:matplotlib.font_manager:findfont: score(<Font 'Liberation Serif' (LiberationSerif-Italic.ttf) italic normal 400 normal>) = 11.05
DEBUG:matplotlib.font_manager:findfont: score(<Font 'Hurmit Nerd Font Mono' (Hurmit Light Nerd Font Complete Mono.otf) normal normal light normal>) = 10.24
DEBUG:matplotlib.font_manager:findfont: score(<Font 'NotoSans Nerd Font Mono' (Noto Sans SemiCondensed SemiBold Nerd Font Complete Mono.ttf) normal normal semibold condensed>) = 10.44
DEBUG:matplotlib.font_manager:findfont: score(<Font 'NotoSerifDisplay Nerd Font' (Noto Serif Display Italic Nerd Font Complete.ttf) italic normal 400 normal>) = 11.05
DEBUG:matplotlib.font_manager:findfont: score(<Font 'mplus Nerd Font' (M+ 1c Nerd Font Complete.ttf) normal normal 400 normal>) = 10.05
DEBUG:matplotlib.font_manager:findfont: score(<Font 'mplus Nerd Font' (M+ 1c bold Nerd Font Complete.ttf) normal normal 700 normal>) = 10.335
DEBUG:matplotlib.font_manager:findfont: score(<Font 'Liberation Sans' (LiberationSans-Bold.ttf) normal normal 700 normal>) = 10.335
DEBUG:matplotlib.font_manager:findfont: score(<Font 'NotoSansDisplay Nerd Font' (Noto Sans Display SemiCondensed ExtraBold Italic Nerd Font Complete.ttf) italic normal bold condensed>) = 11.535
DEBUG:matplotlib.font_manager:findfont: score(<Font 'NotoSans Nerd Font' (Noto Sans ExtraCondensed Bold Italic Nerd Font Complete.ttf) italic normal 700 condensed>) = 11.535
DEBUG:matplotlib.font_manager:findfont: score(<Font 'Noto Sans Myanmar UI' (NotoSansMyanmarUI-Bold.ttf) normal normal 700 normal>) = 10.335
DEBUG:matplotlib.font_manager:findfont: score(<Font 'TerminessTTF Nerd Font' (Terminess (TTF) Italic Nerd Font Complete.ttf) italic normal 400 normal>) = 11.05
DEBUG:matplotlib.font_manager:findfont: score(<Font 'NotoSerif Nerd Font' (Noto Serif ExtraLight Nerd Font Complete.ttf) normal normal light normal>) = 10.24
DEBUG:matplotlib.font_manager:findfont: score(<Font 'NotoSans Nerd Font Mono' (Noto Sans ExtraCondensed ExtraBold Nerd Font Complete Mono.ttf) normal normal bold condensed>) = 10.535
DEBUG:matplotlib.font_manager:findfont: score(<Font 'NotoSerifDisplay Nerd Font Mono' (Noto Serif Display ExtraCondensed Medium Nerd Font Complete Mono.ttf) normal normal medium condensed>) = 10.344999999999999
DEBUG:matplotlib.font_manager:findfont: score(<Font 'NotoSansDisplay Nerd Font' (Noto Sans Display ExtraCondensed Bold Nerd Font Complete.ttf) normal normal 700 condensed>) = 10.535
DEBUG:matplotlib.font_manager:findfont: score(<Font 'Noto Serif Malayalam' (NotoSerifMalayalam-Regular.ttf) normal normal regular normal>) = 10.05
DEBUG:matplotlib.font_manager:findfont: score(<Font 'Noto Sans Armenian' (NotoSansArmenian-Thin.ttf) normal normal 400 normal>) = 10.05
DEBUG:matplotlib.font_manager:findfont: score(<Font 'Noto Sans Lao UI' (NotoSansLaoUI-Bold.ttf) normal normal 700 normal>) = 10.335
DEBUG:matplotlib.font_manager:findfont: score(<Font 'NotoSerifDisplay Nerd Font' (Noto Serif Display ExtraCondensed Medium Nerd Font Complete.ttf) normal normal medium condensed>) = 10.344999999999999
DEBUG:matplotlib.font_manager:findfont: score(<Font 'NotoSerif Nerd Font' (Noto Serif Condensed Medium Italic Nerd Font Complete.ttf) italic normal medium condensed>) = 11.344999999999999
DEBUG:matplotlib.font_manager:findfont: score(<Font 'NotoSans Nerd Font' (Noto Sans SemiCondensed Italic Nerd Font Complete.ttf) italic normal 400 condensed>) = 11.25
DEBUG:matplotlib.font_manager:findfont: score(<Font 'NotoSans Nerd Font' (Noto Sans Condensed Medium Italic Nerd Font Complete.ttf) italic normal medium condensed>) = 11.344999999999999
DEBUG:matplotlib.font_manager:findfont: score(<Font 'NotoSansDisplay Nerd Font Mono' (Noto Sans Display Bold Italic Nerd Font Complete Mono.ttf) italic normal 700 normal>) = 11.335
DEBUG:matplotlib.font_manager:findfont: score(<Font 'FuraCode Nerd Font' (Fura Code Bold Nerd Font Complete.otf) normal normal 700 normal>) = 10.335
DEBUG:matplotlib.font_manager:findfont: score(<Font 'NotoSerif Nerd Font Mono' (Noto Serif ExtraLight Italic Nerd Font Complete Mono.ttf) italic normal light normal>) = 11.24
DEBUG:matplotlib.font_manager:findfont: score(<Font 'NotoSans Nerd Font' (Noto Sans ExtraCondensed ExtraLight Nerd Font Complete.ttf) normal normal light condensed>) = 10.44
DEBUG:matplotlib.font_manager:findfont: score(<Font 'Noto Sans Telugu' (NotoSansTelugu-Thin.ttf) normal normal 400 normal>) = 10.05
DEBUG:matplotlib.font_manager:findfont: score(<Font 'NotoSansDisplay Nerd Font Mono' (Noto Sans Display SemiCondensed ExtraLight Nerd Font Complete Mono.ttf) normal normal light condensed>) = 10.44
DEBUG:matplotlib.font_manager:findfont: score(<Font 'NotoSerif Nerd Font Mono' (Noto Serif Condensed SemiBold Nerd Font Complete Mono.ttf) normal normal semibold condensed>) = 10.44
DEBUG:matplotlib.font_manager:findfont: score(<Font 'BlexMono Nerd Font Mono' (Blex Mono Medium Italic Nerd Font Complete Mono.ttf) italic normal medium normal>) = 11.145
DEBUG:matplotlib.font_manager:findfont: score(<Font 'Iosevka Term' (Iosevka Term Italic Nerd Font Complete.ttf) italic normal 400 normal>) = 11.05
DEBUG:matplotlib.font_manager:findfont: score(<Font 'NotoSerifDisplay Nerd Font' (Noto Serif Display ExtraCondensed Nerd Font Complete.ttf) normal normal 400 condensed>) = 10.25
DEBUG:matplotlib.font_manager:findfont: score(<Font 'NotoSansDisplay Nerd Font' (Noto Sans Display SemiCondensed Black Italic Nerd Font Complete.ttf) italic normal black condensed>) = 11.725
DEBUG:matplotlib.font_manager:findfont: score(<Font 'NotoSerifDisplay Nerd Font Mono' (Noto Serif Display Condensed ExtraLight Nerd Font Complete Mono.ttf) normal normal light condensed>) = 10.44
DEBUG:matplotlib.font_manager:findfont: score(<Font 'Noto Serif Display' (NotoSerifDisplay-Regular.ttf) normal normal regular normal>) = 10.05
DEBUG:matplotlib.font_manager:findfont: score(<Font 'OpenDyslexicAlta Nerd Font Mono' (OpenDyslexicAlta Bold Italic Nerd Font Complete Mono.otf) italic normal 700 normal>) = 11.335
DEBUG:matplotlib.font_manager:findfont: score(<Font 'NotoSansMono Nerd Font Mono' (Noto Sans Mono ExtraCondensed Nerd Font Complete Mono.ttf) normal normal 400 condensed>) = 10.25
DEBUG:matplotlib.font_manager:findfont: score(<Font 'NotoSansMono Nerd Font Mono' (Noto Sans Mono ExtraCondensed ExtraLight Nerd Font Complete Mono.ttf) normal normal light condensed>) = 10.44
DEBUG:matplotlib.font_manager:findfont: score(<Font 'Noto Serif Gujarati' (NotoSerifGujarati-Bold.ttf) normal normal 700 normal>) = 10.335
DEBUG:matplotlib.font_manager:findfont: score(<Font 'NotoSansDisplay Nerd Font' (Noto Sans Display Thin Italic Nerd Font Complete.ttf) italic normal 400 normal>) = 11.05
DEBUG:matplotlib.font_manager:findfont: score(<Font 'Overpass Nerd Font' (Overpass Heavy Italic Nerd Font Complete.otf) italic normal heavy normal>) = 11.43
DEBUG:matplotlib.font_manager:findfont: score(<Font 'Noto Sans Runic' (NotoSansRunic-Regular.ttf) normal normal regular normal>) = 10.05
DEBUG:matplotlib.font_manager:findfont: score(<Font 'InconsolataGo Nerd Font' (InconsolataGo Bold Nerd Font Complete.ttf) normal normal 700 normal>) = 10.335
DEBUG:matplotlib.font_manager:findfont: score(<Font 'RobotoMono Nerd Font' (Roboto Mono Bold Italic Nerd Font Complete.ttf) italic normal 700 normal>) = 11.335
DEBUG:matplotlib.font_manager:findfont: score(<Font 'NotoSerif Nerd Font' (Noto Serif ExtraCondensed Thin Nerd Font Complete.ttf) normal normal 400 condensed>) = 10.25
DEBUG:matplotlib.font_manager:findfont: score(<Font 'Noto Sans Symbols' (NotoSansSymbols-Light.ttf) normal normal light normal>) = 10.24
DEBUG:matplotlib.font_manager:findfont: score(<Font 'NotoSansMono Nerd Font' (Noto Sans Mono Condensed Thin Nerd Font Complete.ttf) normal normal 400 condensed>) = 10.25
DEBUG:matplotlib.font_manager:findfont: score(<Font 'NotoSans Nerd Font' (Noto Sans Condensed Bold Italic Nerd Font Complete.ttf) italic normal 700 condensed>) = 11.535
DEBUG:matplotlib.font_manager:findfont: score(<Font 'Noto Sans Mono' (NotoSansMono-Thin.ttf) normal normal 400 normal>) = 10.05
DEBUG:matplotlib.font_manager:findfont: score(<Font 'DejaVuSansMono Nerd Font' (DejaVu Sans Mono Oblique Nerd Font Complete.ttf) oblique normal 400 normal>) = 11.05
DEBUG:matplotlib.font_manager:findfont: score(<Font 'Iosevka' (Iosevka Medium Nerd Font Complete Mono.ttf) normal normal medium normal>) = 10.145
DEBUG:matplotlib.font_manager:findfont: score(<Font 'mplus Nerd Font' (M+ 1c medium Nerd Font Complete.ttf) normal normal medium normal>) = 10.145
DEBUG:matplotlib.font_manager:findfont: score(<Font 'BlexMono Nerd Font' (Blex Mono ExtraLight Italic Nerd Font Complete.ttf) italic normal light normal>) = 11.24
DEBUG:matplotlib.font_manager:findfont: score(<Font 'NotoSans Nerd Font' (Noto Sans ExtraCondensed Medium Italic Nerd Font Complete.ttf) italic normal medium condensed>) = 11.344999999999999
DEBUG:matplotlib.font_manager:findfont: score(<Font 'NotoSerif Nerd Font Mono' (Noto Serif Condensed Thin Nerd Font Complete Mono.ttf) normal normal 400 condensed>) = 10.25
DEBUG:matplotlib.font_manager:findfont: score(<Font 'DejaVu Serif' (DejaVuSerif-Bold.ttf) normal normal 700 normal>) = 10.335
DEBUG:matplotlib.font_manager:findfont: score(<Font 'NotoSans Nerd Font' (Noto Sans ExtraCondensed Light Italic Nerd Font Complete.ttf) italic normal light condensed>) = 11.44
DEBUG:matplotlib.font_manager:findfont: score(<Font 'Noto Serif Lao' (NotoSerifLao-Medium.ttf) normal normal medium normal>) = 10.145
DEBUG:matplotlib.font_manager:findfont: score(<Font 'Noto Sans Ogham' (NotoSansOgham-Regular.ttf) normal normal regular normal>) = 10.05
DEBUG:matplotlib.font_manager:findfont: score(<Font 'FuraMono Nerd Font Mono' (Fura Mono Bold Nerd Font Complete Mono.otf) normal normal 700 normal>) = 10.335
DEBUG:matplotlib.font_manager:findfont: score(<Font 'Iosevka Term' (Iosevka Term Nerd Font Complete.ttf) normal normal 400 normal>) = 10.05
DEBUG:matplotlib.font_manager:findfont: score(<Font 'NotoSerifDisplay Nerd Font Mono' (Noto Serif Display ExtraCondensed SemiBold Italic Nerd Font Complete Mono.ttf) italic normal semibold condensed>) = 11.44
DEBUG:matplotlib.font_manager:findfont: score(<Font 'NotoSans Nerd Font Mono' (Noto Sans ExtraCondensed Black Italic Nerd Font Complete Mono.ttf) italic normal black condensed>) = 11.725
DEBUG:matplotlib.font_manager:findfont: score(<Font 'Noto Sans Kharoshthi' (NotoSansKharoshthi-Regular.ttf) normal normal regular normal>) = 10.05
DEBUG:matplotlib.font_manager:findfont: score(<Font 'mononoki Nerd Font' (mononoki Bold Italic Nerd Font Complete.ttf) italic normal 700 normal>) = 11.335
DEBUG:matplotlib.font_manager:findfont: score(<Font 'Noto Sans Tamil' (NotoSansTamil-Medium.ttf) normal normal medium normal>) = 10.145
DEBUG:matplotlib.font_manager:findfont: score(<Font 'Tinos Nerd Font' (Tinos Nerd Font Complete.ttf) normal normal 400 normal>) = 10.05
DEBUG:matplotlib.font_manager:findfont: score(<Font 'NotoSans Nerd Font' (Noto Sans SemiCondensed Black Nerd Font Complete.ttf) normal normal black condensed>) = 10.725
DEBUG:matplotlib.font_manager:findfont: score(<Font 'NotoSansDisplay Nerd Font' (Noto Sans Display ExtraCondensed Italic Nerd Font Complete.ttf) italic normal 400 condensed>) = 11.25
DEBUG:matplotlib.font_manager:findfont: score(<Font 'InconsolataLGC Nerd Font' (Inconsolata LGC Bold Nerd Font Complete.ttf) normal normal 700 normal>) = 10.335
DEBUG:matplotlib.font_manager:findfont: score(<Font 'Noto Sans Oriya UI' (NotoSansOriyaUI-Bold.ttf) normal normal 700 normal>) = 10.335
DEBUG:matplotlib.font_manager:findfont: score(<Font 'Noto Sans Sharada' (NotoSansSharada-Regular.ttf) normal normal regular normal>) = 10.05
DEBUG:matplotlib.font_manager:findfont: score(<Font 'mplus Nerd Font' (M+ 1c light Nerd Font Complete.ttf) normal normal light normal>) = 10.24
DEBUG:matplotlib.font_manager:findfont: score(<Font 'NotoSansMono Nerd Font Mono' (Noto Sans Mono Condensed Bold Nerd Font Complete Mono.ttf) normal normal 700 condensed>) = 10.535
DEBUG:matplotlib.font_manager:findfont: score(<Font 'NotoSansMono Nerd Font' (Noto Sans Mono ExtraCondensed Light Nerd Font Complete.ttf) normal normal light condensed>) = 10.44
DEBUG:matplotlib.font_manager:findfont: score(<Font 'NotoSansDisplay Nerd Font Mono' (Noto Sans Display Thin Italic Nerd Font Complete Mono.ttf) italic normal 400 normal>) = 11.05
DEBUG:matplotlib.font_manager:findfont: score(<Font 'NotoSans Nerd Font Mono' (Noto Sans Medium Italic Nerd Font Complete Mono.ttf) italic normal medium normal>) = 11.145
DEBUG:matplotlib.font_manager:findfont: score(<Font 'Iosevka' (Iosevka Extralight Oblique Nerd Font Complete.ttf) oblique normal light normal>) = 11.24
DEBUG:matplotlib.font_manager:findfont: score(<Font 'MesloLGL Nerd Font' (Meslo LG L Regular Nerd Font Complete.otf) normal normal regular normal>) = 10.05
DEBUG:matplotlib.font_manager:findfont: score(<Font 'mplus Nerd Font' (M+ 2m medium Nerd Font Complete.ttf) normal normal medium normal>) = 10.145
DEBUG:matplotlib.font_manager:findfont: score(<Font 'NotoSansDisplay Nerd Font Mono' (Noto Sans Display ExtraCondensed Medium Italic Nerd Font Complete Mono.ttf) italic normal medium condensed>) = 11.344999999999999
DEBUG:matplotlib.font_manager:findfont: score(<Font 'mplus Nerd Font' (M+ 2c black Nerd Font Complete.ttf) normal normal 700 normal>) = 10.335
DEBUG:matplotlib.font_manager:findfont: score(<Font 'Iosevka' (Iosevka Light Nerd Font Complete Mono.ttf) normal normal light normal>) = 10.24
DEBUG:matplotlib.font_manager:findfont: score(<Font 'NotoSerif Nerd Font Mono' (Noto Serif Condensed Bold Nerd Font Complete Mono.ttf) normal normal 700 condensed>) = 10.535
DEBUG:matplotlib.font_manager:findfont: score(<Font 'Overpass Nerd Font' (Overpass ExtraLight Italic Nerd Font Complete.otf) italic normal light normal>) = 11.24
DEBUG:matplotlib.font_manager:findfont: score(<Font 'RobotoMono Nerd Font Mono' (Roboto Mono Italic Nerd Font Complete Mono.ttf) italic normal 400 normal>) = 11.05
DEBUG:matplotlib.font_manager:findfont: score(<Font 'Noto Sans Thai' (NotoSansThai-Bold.ttf) normal normal 700 normal>) = 10.335
DEBUG:matplotlib.font_manager:findfont: score(<Font 'Ubuntu Nerd Font Mono' (Ubuntu Italic Nerd Font Complete Mono.ttf) italic normal 400 normal>) = 11.05
DEBUG:matplotlib.font_manager:findfont: score(<Font 'Hasklug Nerd Font' (Hasklug Light Italic Nerd Font Complete.otf) italic normal light normal>) = 11.24
DEBUG:matplotlib.font_manager:findfont: score(<Font 'NotoSerif Nerd Font' (Noto Serif Condensed Bold Nerd Font Complete.ttf) normal normal 700 condensed>) = 10.535
DEBUG:matplotlib.font_manager:findfont: score(<Font 'mplus Nerd Font Mono' (M+ 2c Nerd Font Complete Mono.ttf) normal normal 400 normal>) = 10.05
DEBUG:matplotlib.font_manager:findfont: score(<Font 'Noto Sans Malayalam' (NotoSansMalayalam-Black.ttf) normal normal black normal>) = 10.525
DEBUG:matplotlib.font_manager:findfont: score(<Font 'NotoSans Nerd Font Mono' (Noto Sans ExtraLight Italic Nerd Font Complete Mono.ttf) italic normal light normal>) = 11.24
DEBUG:matplotlib.font_manager:findfont: score(<Font 'Noto Sans Rejang' (NotoSansRejang-Regular.ttf) normal normal regular normal>) = 10.05
DEBUG:matplotlib.font_manager:findfont: score(<Font 'SpaceMono Nerd Font Mono' (Space Mono Nerd Font Complete Mono.ttf) normal normal 400 normal>) = 10.05
DEBUG:matplotlib.font_manager:findfont: score(<Font 'mplus Nerd Font Mono' (M+ 1mn Nerd Font Complete Mono.ttf) normal normal 400 normal>) = 10.05
DEBUG:matplotlib.font_manager:findfont: score(<Font 'Noto Serif Tangut' (NotoSerifTangut-Regular.ttf) normal normal regular normal>) = 10.05
DEBUG:matplotlib.font_manager:findfont: score(<Font 'NotoSerif Nerd Font Mono' (Noto Serif ExtraCondensed Black Nerd Font Complete Mono.ttf) normal normal black condensed>) = 10.725
DEBUG:matplotlib.font_manager:findfont: score(<Font 'NotoSerifDisplay Nerd Font' (Noto Serif Display Light Nerd Font Complete.ttf) normal normal light normal>) = 10.24
DEBUG:matplotlib.font_manager:findfont: score(<Font '3270Narrow Nerd Font' (3270 Narrow Nerd Font Complete.otf) normal normal 400 condensed>) = 10.25
DEBUG:matplotlib.font_manager:findfont: score(<Font 'GohuFont Nerd Font' (GohuFont Nerd Font Complete.ttf) normal normal 400 normal>) = 10.05
DEBUG:matplotlib.font_manager:findfont: score(<Font 'NotoSansDisplay Nerd Font' (Noto Sans Display SemiCondensed Nerd Font Complete.ttf) normal normal 400 condensed>) = 10.25
DEBUG:matplotlib.font_manager:findfont: score(<Font 'Ubuntu Nerd Font Mono' (Ubuntu Bold Italic Nerd Font Complete Mono.ttf) italic normal 700 normal>) = 11.335
DEBUG:matplotlib.font_manager:findfont: score(<Font 'NotoSansMono Nerd Font' (Noto Sans Mono ExtraCondensed Thin Nerd Font Complete.ttf) normal normal 400 condensed>) = 10.25
DEBUG:matplotlib.font_manager:findfont: score(<Font 'Hurmit Nerd Font' (Hurmit Light Nerd Font Complete.otf) normal normal light normal>) = 10.24
DEBUG:matplotlib.font_manager:findfont: score(<Font 'NotoSerif Nerd Font Mono' (Noto Serif ExtraCondensed Light Nerd Font Complete Mono.ttf) normal normal light condensed>) = 10.44
DEBUG:matplotlib.font_manager:findfont: score(<Font 'NotoSerif Nerd Font Mono' (Noto Serif SemiCondensed ExtraLight Italic Nerd Font Complete Mono.ttf) italic normal light condensed>) = 11.44
DEBUG:matplotlib.font_manager:findfont: score(<Font 'Overpass Nerd Font Mono' (Overpass ExtraLight Nerd Font Complete Mono.otf) normal normal light normal>) = 10.24
DEBUG:matplotlib.font_manager:findfont: score(<Font 'Hack Nerd Font Mono' (Hack Bold Nerd Font Complete Mono.ttf) normal normal 700 normal>) = 10.335
DEBUG:matplotlib.font_manager:findfont: score(<Font 'NotoSansDisplay Nerd Font' (Noto Sans Display ExtraCondensed Black Nerd Font Complete.ttf) normal normal black condensed>) = 10.725
DEBUG:matplotlib.font_manager:findfont: score(<Font 'Ubuntu Nerd Font Mono' (Ubuntu Nerd Font Complete Mono.ttf) normal normal 400 normal>) = 10.05
DEBUG:matplotlib.font_manager:findfont: score(<Font 'NotoSans Nerd Font' (Noto Sans Condensed Thin Italic Nerd Font Complete.ttf) italic normal 400 condensed>) = 11.25
DEBUG:matplotlib.font_manager:findfont: score(<Font 'NotoSerifDisplay Nerd Font Mono' (Noto Serif Display SemiCondensed ExtraLight Italic Nerd Font Complete Mono.ttf) italic normal light condensed>) = 11.44
DEBUG:matplotlib.font_manager:findfont: score(<Font 'NotoSans Nerd Font Mono' (Noto Sans Condensed Medium Italic Nerd Font Complete Mono.ttf) italic normal medium condensed>) = 11.344999999999999
DEBUG:matplotlib.font_manager:findfont: score(<Font 'RobotoMono Nerd Font' (Roboto Mono Italic Nerd Font Complete.ttf) italic normal 400 normal>) = 11.05
DEBUG:matplotlib.font_manager:findfont: score(<Font 'NotoSans Nerd Font' (Noto Sans SemiCondensed SemiBold Italic Nerd Font Complete.ttf) italic normal semibold condensed>) = 11.44
DEBUG:matplotlib.font_manager:findfont: score(<Font 'SauceCodePro Nerd Font Mono' (Sauce Code Pro Light Italic Nerd Font Complete Mono.ttf) italic normal light normal>) = 11.24
DEBUG:matplotlib.font_manager:findfont: score(<Font 'mplus Nerd Font' (M+ 1p heavy Nerd Font Complete.ttf) normal normal 700 normal>) = 10.335
DEBUG:matplotlib.font_manager:findfont: score(<Font 'Nimbus Mono PS' (NimbusMonoPS-Regular.otf) normal normal 400 normal>) = 10.05
DEBUG:matplotlib.font_manager:findfont: score(<Font 'Hurmit Nerd Font Mono' (Hurmit Medium Nerd Font Complete Mono.otf) normal normal medium normal>) = 10.145
DEBUG:matplotlib.font_manager:findfont: score(<Font 'NotoSans Nerd Font Mono' (Noto Sans SemiCondensed SemiBold Italic Nerd Font Complete Mono.ttf) italic normal semibold condensed>) = 11.44
DEBUG:matplotlib.font_manager:findfont: score(<Font 'NotoSerif Nerd Font Mono' (Noto Serif SemiCondensed ExtraLight Nerd Font Complete Mono.ttf) normal normal light condensed>) = 10.44
DEBUG:matplotlib.font_manager:findfont: score(<Font 'NotoSansDisplay Nerd Font' (Noto Sans Display Light Italic Nerd Font Complete.ttf) italic normal light normal>) = 11.24
DEBUG:matplotlib.font_manager:findfont: score(<Font 'Tinos Nerd Font Mono' (Tinos Italic Nerd Font Complete Mono.ttf) italic normal 400 normal>) = 11.05
DEBUG:matplotlib.font_manager:findfont: score(<Font 'NotoSerif Nerd Font Mono' (Noto Serif Medium Italic Nerd Font Complete Mono.ttf) italic normal medium normal>) = 11.145
DEBUG:matplotlib.font_manager:findfont: score(<Font 'Noto Sans Kannada UI' (NotoSansKannadaUI-Bold.ttf) normal normal 700 normal>) = 10.335
DEBUG:matplotlib.font_manager:findfont: score(<Font 'SauceCodePro Nerd Font' (Sauce Code Pro Medium Italic Nerd Font Complete.ttf) italic normal medium normal>) = 11.145
DEBUG:matplotlib.font_manager:findfont: score(<Font 'Noto Serif Kannada' (NotoSerifKannada-Light.ttf) normal normal light normal>) = 10.24
DEBUG:matplotlib.font_manager:findfont: score(<Font 'SauceCodePro Nerd Font Mono' (Sauce Code Pro Bold Italic Nerd Font Complete Mono.ttf) italic normal 700 normal>) = 11.335
DEBUG:matplotlib.font_manager:findfont: score(<Font 'NotoSerif Nerd Font' (Noto Serif ExtraCondensed Thin Italic Nerd Font Complete.ttf) italic normal 400 condensed>) = 11.25
DEBUG:matplotlib.font_manager:findfont: score(<Font 'NotoSerifDisplay Nerd Font Mono' (Noto Serif Display ExtraCondensed Black Italic Nerd Font Complete Mono.ttf) italic normal black condensed>) = 11.725
DEBUG:matplotlib.font_manager:findfont: score(<Font 'NotoSerifDisplay Nerd Font' (Noto Serif Display ExtraCondensed Thin Nerd Font Complete.ttf) normal normal 400 condensed>) = 10.25
DEBUG:matplotlib.font_manager:findfont: score(<Font 'Noto Sans Old Italic' (NotoSansOldItalic-Regular.ttf) italic normal regular normal>) = 11.05
DEBUG:matplotlib.font_manager:findfont: score(<Font 'Noto Serif Tamil Slanted' (NotoSerifTamilSlanted-Medium.ttf) normal normal medium normal>) = 10.145
DEBUG:matplotlib.font_manager:findfont: score(<Font 'Cantarell' (Cantarell-Light.otf) normal normal light normal>) = 10.24
DEBUG:matplotlib.font_manager:findfont: score(<Font 'Iosevka' (Iosevka Thin Nerd Font Complete Mono.ttf) normal normal 400 normal>) = 10.05
DEBUG:matplotlib.font_manager:findfont: score(<Font 'NotoSansDisplay Nerd Font' (Noto Sans Display Bold Italic Nerd Font Complete.ttf) italic normal 700 normal>) = 11.335
DEBUG:matplotlib.font_manager:findfont: score(<Font 'BlexMono Nerd Font Mono' (Blex Mono Text Nerd Font Complete Mono.ttf) normal normal 400 normal>) = 10.05
DEBUG:matplotlib.font_manager:findfont: score(<Font 'Noto Sans Myanmar UI' (NotoSansMyanmarUI-Regular.ttf) normal normal regular normal>) = 10.05
DEBUG:matplotlib.font_manager:findfont: score(<Font 'mplus Nerd Font' (M+ 2p Nerd Font Complete.ttf) normal normal 400 normal>) = 10.05
DEBUG:matplotlib.font_manager:findfont: score(<Font 'NotoSerif Nerd Font' (Noto Serif ExtraCondensed Light Italic Nerd Font Complete.ttf) italic normal light condensed>) = 11.44
DEBUG:matplotlib.font_manager:findfont: score(<Font 'NotoSerifDisplay Nerd Font' (Noto Serif Display ExtraCondensed Medium Italic Nerd Font Complete.ttf) italic normal medium condensed>) = 11.344999999999999
DEBUG:matplotlib.font_manager:findfont: score(<Font 'AurulentSansMono Nerd Font Mono' (AurulentSansMono-Regular Nerd Font Complete Mono.otf) normal normal regular normal>) = 10.05
DEBUG:matplotlib.font_manager:findfont: score(<Font 'Noto Sans Thai' (NotoSansThai-Light.ttf) normal normal light normal>) = 10.24
DEBUG:matplotlib.font_manager:findfont: score(<Font 'Noto Naskh Arabic' (NotoNaskhArabic-Regular.ttf) normal normal 400 normal>) = 10.05
DEBUG:matplotlib.font_manager:findfont: score(<Font 'FuraCode Nerd Font' (Fura Code Medium Nerd Font Complete.otf) normal normal medium normal>) = 10.145
DEBUG:matplotlib.font_manager:findfont: score(<Font 'NotoSans Nerd Font Mono' (Noto Sans SemiBold Italic Nerd Font Complete Mono.ttf) italic normal semibold normal>) = 11.24
DEBUG:matplotlib.font_manager:findfont: score(<Font 'NotoSerif Nerd Font' (Noto Serif ExtraLight Italic Nerd Font Complete.ttf) italic normal light normal>) = 11.24
DEBUG:matplotlib.font_manager:findfont: score(<Font 'mplus Nerd Font Mono' (M+ 1m Nerd Font Complete Mono.ttf) normal normal 400 normal>) = 10.05
DEBUG:matplotlib.font_manager:findfont: score(<Font 'mplus Nerd Font Mono' (M+ 1mn thin Nerd Font Complete Mono.ttf) normal normal 400 normal>) = 10.05
DEBUG:matplotlib.font_manager:findfont: score(<Font 'FantasqueSansMono Nerd Font Mono' (Fantasque Sans Mono Bold Italic Nerd Font Complete Mono.ttf) italic normal 700 normal>) = 11.335
DEBUG:matplotlib.font_manager:findfont: score(<Font 'Hurmit Nerd Font Mono' (Hurmit Medium Nerd Font Complete Mono.otf) normal normal medium normal>) = 10.145
DEBUG:matplotlib.font_manager:findfont: score(<Font 'mplus Nerd Font' (M+ 1mn bold Nerd Font Complete.ttf) normal normal 700 normal>) = 10.335
DEBUG:matplotlib.font_manager:findfont: score(<Font 'NotoSansMono Nerd Font Mono' (Noto Sans Mono ExtraCondensed SemiBold Nerd Font Complete Mono.ttf) normal normal semibold condensed>) = 10.44
DEBUG:matplotlib.font_manager:findfont: score(<Font 'Libertinus Serif' (LibertinusSerif-Bold.otf) normal normal 700 normal>) = 10.335
DEBUG:matplotlib.font_manager:findfont: score(<Font 'Hasklug Nerd Font Mono' (Hasklug Italic Nerd Font Complete Mono.otf) italic normal 400 normal>) = 11.05
DEBUG:matplotlib.font_manager:findfont: score(<Font 'Hasklug Nerd Font' (Hasklug Medium Nerd Font Complete.otf) normal normal medium normal>) = 10.145
DEBUG:matplotlib.font_manager:findfont: score(<Font 'Noto Sans Psalter Pahlavi' (NotoSansPsalterPahlavi-Regular.ttf) normal normal regular normal>) = 10.05
DEBUG:matplotlib.font_manager:findfont: score(<Font 'Noto Sans Javanese' (NotoSansJavanese-Regular.ttf) normal normal regular normal>) = 10.05
DEBUG:matplotlib.font_manager:findfont: score(<Font 'NotoSerif Nerd Font Mono' (Noto Serif ExtraBold Nerd Font Complete Mono.ttf) normal normal bold normal>) = 10.335
DEBUG:matplotlib.font_manager:findfont: score(<Font 'NotoSerifDisplay Nerd Font' (Noto Serif Display SemiCondensed ExtraLight Nerd Font Complete.ttf) normal normal light condensed>) = 10.44
DEBUG:matplotlib.font_manager:findfont: score(<Font 'NotoSansDisplay Nerd Font Mono' (Noto Sans Display SemiCondensed SemiBold Nerd Font Complete Mono.ttf) normal normal semibold condensed>) = 10.44
DEBUG:matplotlib.font_manager:findfont: score(<Font 'BlexMono Nerd Font' (Blex Mono Bold Italic Nerd Font Complete.ttf) italic normal 700 normal>) = 11.335
DEBUG:matplotlib.font_manager:findfont: score(<Font 'Noto Sans' (NotoSans-Black.ttf) normal normal black normal>) = 10.525
DEBUG:matplotlib.font_manager:findfont: score(<Font 'SauceCodePro Nerd Font Mono' (Sauce Code Pro ExtraLight Italic Nerd Font Complete Mono.ttf) italic normal light normal>) = 11.24
DEBUG:matplotlib.font_manager:findfont: score(<Font 'Serto Batnan' (SyrCOMBatnanBold.otf) normal normal 700 normal>) = 10.335
DEBUG:matplotlib.font_manager:findfont: score(<Font 'SauceCodePro Nerd Font Mono' (Sauce Code Pro Medium Nerd Font Complete Mono.ttf) normal normal medium normal>) = 10.145
DEBUG:matplotlib.font_manager:findfont: score(<Font 'NotoSerifDisplay Nerd Font Mono' (Noto Serif Display ExtraCondensed Bold Italic Nerd Font Complete Mono.ttf) italic normal 700 condensed>) = 11.535
DEBUG:matplotlib.font_manager:findfont: score(<Font 'Overpass Nerd Font Mono' (Overpass Heavy Italic Nerd Font Complete Mono.otf) italic normal heavy normal>) = 11.43
DEBUG:matplotlib.font_manager:findfont: score(<Font 'BlexMono Nerd Font' (Blex Mono Bold Nerd Font Complete.ttf) normal normal 700 normal>) = 10.335
DEBUG:matplotlib.font_manager:findfont: score(<Font 'NotoSerifDisplay Nerd Font' (Noto Serif Display SemiCondensed ExtraBold Nerd Font Complete.ttf) normal normal bold condensed>) = 10.535
DEBUG:matplotlib.font_manager:findfont: score(<Font 'Noto Sans Vai' (NotoSansVai-Regular.ttf) normal normal regular normal>) = 10.05
DEBUG:matplotlib.font_manager:findfont: score(<Font 'NotoSerifDisplay Nerd Font' (Noto Serif Display SemiCondensed ExtraBold Italic Nerd Font Complete.ttf) italic normal bold condensed>) = 11.535
DEBUG:matplotlib.font_manager:findfont: score(<Font 'NotoSerif Nerd Font Mono' (Noto Serif SemiCondensed Italic Nerd Font Complete Mono.ttf) italic normal 400 condensed>) = 11.25
DEBUG:matplotlib.font_manager:findfont: score(<Font 'MesloLGM Nerd Font' (Meslo LG M Regular Nerd Font Complete.otf) normal normal regular normal>) = 10.05
DEBUG:matplotlib.font_manager:findfont: score(<Font 'Hasklug Nerd Font Mono' (Hasklug Bold Nerd Font Complete Mono.otf) normal normal 700 normal>) = 10.335
DEBUG:matplotlib.font_manager:findfont: score(<Font 'BlexMono Nerd Font' (Blex Mono Medium Italic Nerd Font Complete.ttf) italic normal medium normal>) = 11.145
DEBUG:matplotlib.font_manager:findfont: score(<Font 'mplus Nerd Font Mono' (M+ 1m bold Nerd Font Complete Mono.ttf) normal normal 700 normal>) = 10.335
DEBUG:matplotlib.font_manager:findfont: score(<Font 'DroidSansMono Nerd Font Mono' (Droid Sans Mono Nerd Font Complete Mono.otf) normal normal 400 normal>) = 10.05
DEBUG:matplotlib.font_manager:findfont: score(<Font 'Ubuntu Nerd Font Mono' (Ubuntu Light Nerd Font Complete Mono.ttf) normal normal light normal>) = 10.24
DEBUG:matplotlib.font_manager:findfont: score(<Font 'FuraCode Nerd Font Mono' (Fura Code Medium Nerd Font Complete Mono.otf) normal normal medium normal>) = 10.145
DEBUG:matplotlib.font_manager:findfont: score(<Font 'Noto Sans Khmer UI' (NotoSansKhmerUI-Regular.ttf) normal normal regular normal>) = 10.05
DEBUG:matplotlib.font_manager:findfont: score(<Font 'Tinos Nerd Font' (Tinos Bold Italic Nerd Font Complete.ttf) italic normal 700 normal>) = 11.335
DEBUG:matplotlib.font_manager:findfont: score(<Font 'NotoSansDisplay Nerd Font Mono' (Noto Sans Display SemiCondensed ExtraBold Italic Nerd Font Complete Mono.ttf) italic normal bold condensed>) = 11.535
DEBUG:matplotlib.font_manager:findfont: score(<Font 'mplus Nerd Font Mono' (M+ 1c heavy Nerd Font Complete Mono.ttf) normal normal 700 normal>) = 10.335
DEBUG:matplotlib.font_manager:findfont: score(<Font 'AurulentSansMono Nerd Font' (AurulentSansMono-Regular Nerd Font Complete.otf) normal normal regular normal>) = 10.05
DEBUG:matplotlib.font_manager:findfont: score(<Font 'NotoSerif Nerd Font' (Noto Serif Condensed Bold Italic Nerd Font Complete.ttf) italic normal 700 condensed>) = 11.535
DEBUG:matplotlib.font_manager:findfont: score(<Font 'NotoSerif Nerd Font Mono' (Noto Serif Condensed Bold Nerd Font Complete Mono.ttf) normal normal 700 condensed>) = 10.535
DEBUG:matplotlib.font_manager:findfont: score(<Font 'Noto Sans Bengali' (NotoSansBengali-Regular.ttf) normal normal regular normal>) = 10.05
DEBUG:matplotlib.font_manager:findfont: score(<Font 'NotoSansDisplay Nerd Font Mono' (Noto Sans Display ExtraCondensed Bold Nerd Font Complete Mono.ttf) normal normal 700 condensed>) = 10.535
DEBUG:matplotlib.font_manager:findfont: score(<Font 'NotoSans Nerd Font' (Noto Sans SemiBold Italic Nerd Font Complete.ttf) italic normal semibold normal>) = 11.24
DEBUG:matplotlib.font_manager:findfont: score(<Font 'BitstreamVeraSansMono Nerd Font Mono' (Bitstream Vera Sans Mono Nerd Font Complete Mono.ttf) normal normal 400 normal>) = 10.05
DEBUG:matplotlib.font_manager:findfont: score(<Font 'Noto Sans Saurashtra' (NotoSansSaurashtra-Regular.ttf) normal normal regular normal>) = 10.05
DEBUG:matplotlib.font_manager:findfont: score(<Font 'Noto Sans Symbols' (NotoSansSymbols-Regular.ttf) normal normal regular normal>) = 10.05
DEBUG:matplotlib.font_manager:findfont: score(<Font 'UbuntuMono Nerd Font' (Ubuntu Mono Bold Nerd Font Complete.ttf) normal normal 700 normal>) = 10.335
DEBUG:matplotlib.font_manager:findfont: score(<Font 'Noto Sans Arabic UI' (NotoSansArabicUI-Regular.ttf) normal normal regular normal>) = 10.05
DEBUG:matplotlib.font_manager:findfont: score(<Font 'Overpass Nerd Font Mono' (Overpass Thin Italic Nerd Font Complete Mono.otf) italic normal 400 normal>) = 11.05
DEBUG:matplotlib.font_manager:findfont: score(<Font 'NotoSansDisplay Nerd Font Mono' (Noto Sans Display SemiCondensed Black Italic Nerd Font Complete Mono.ttf) italic normal black condensed>) = 11.725
DEBUG:matplotlib.font_manager:findfont: score(<Font 'Noto Sans Gurmukhi' (NotoSansGurmukhi-Bold.ttf) normal normal 700 normal>) = 10.335
DEBUG:matplotlib.font_manager:findfont: score(<Font '3270SemiNarrow Nerd Font Mono' (3270 Semi-Narrow Nerd Font Complete Mono.otf) normal normal 400 condensed>) = 10.25
DEBUG:matplotlib.font_manager:findfont: score(<Font 'NotoSansDisplay Nerd Font Mono' (Noto Sans Display Condensed Light Nerd Font Complete Mono.ttf) normal normal light condensed>) = 10.44
DEBUG:matplotlib.font_manager:findfont: score(<Font 'mononoki Nerd Font' (mononoki Bold Italic Nerd Font Complete.ttf) italic normal 700 normal>) = 11.335
DEBUG:matplotlib.font_manager:findfont: score(<Font 'SauceCodePro Nerd Font Mono' (Sauce Code Pro Medium Italic Nerd Font Complete Mono.ttf) italic normal medium normal>) = 11.145
DEBUG:matplotlib.font_manager:findfont: score(<Font 'NotoSansDisplay Nerd Font' (Noto Sans Display Condensed Italic Nerd Font Complete.ttf) italic normal 400 condensed>) = 11.25
DEBUG:matplotlib.font_manager:findfont: score(<Font 'Overpass Nerd Font' (Overpass Italic Nerd Font Complete.otf) italic normal 400 normal>) = 11.05
DEBUG:matplotlib.font_manager:findfont: score(<Font 'Iosevka' (Iosevka Light Italic Nerd Font Complete.ttf) italic normal light normal>) = 11.24
DEBUG:matplotlib.font_manager:findfont: score(<Font 'NotoSansDisplay Nerd Font Mono' (Noto Sans Display ExtraCondensed Thin Nerd Font Complete Mono.ttf) normal normal 400 condensed>) = 10.25
DEBUG:matplotlib.font_manager:findfont: score(<Font 'NotoSansMono Nerd Font' (Noto Sans Mono ExtraCondensed Black Nerd Font Complete.ttf) normal normal black condensed>) = 10.725
DEBUG:matplotlib.font_manager:findfont: score(<Font 'NotoSansMono Nerd Font Mono' (Noto Sans Mono Condensed SemiBold Nerd Font Complete Mono.ttf) normal normal semibold condensed>) = 10.44
DEBUG:matplotlib.font_manager:findfont: score(<Font 'NotoSerif Nerd Font Mono' (Noto Serif Condensed Light Nerd Font Complete Mono.ttf) normal normal light condensed>) = 10.44
DEBUG:matplotlib.font_manager:findfont: score(<Font 'NotoSansMono Nerd Font' (Noto Sans Mono SemiCondensed Medium Nerd Font Complete.ttf) normal normal medium condensed>) = 10.344999999999999
DEBUG:matplotlib.font_manager:findfont: score(<Font 'NotoSansDisplay Nerd Font Mono' (Noto Sans Display Condensed ExtraBold Italic Nerd Font Complete Mono.ttf) italic normal bold condensed>) = 11.535
DEBUG:matplotlib.font_manager:findfont: score(<Font 'NotoSansMono Nerd Font' (Noto Sans Mono SemiCondensed ExtraBold Nerd Font Complete.ttf) normal normal bold condensed>) = 10.535
DEBUG:matplotlib.font_manager:findfont: score(<Font 'mplus Nerd Font' (M+ 1p light Nerd Font Complete.ttf) normal normal light normal>) = 10.24
DEBUG:matplotlib.font_manager:findfont: score(<Font 'Noto Sans Malayalam UI' (NotoSansMalayalamUI-Bold.ttf) normal normal 700 normal>) = 10.335
DEBUG:matplotlib.font_manager:findfont: score(<Font 'NotoSans Nerd Font Mono' (Noto Sans SemiCondensed SemiBold Nerd Font Complete Mono.ttf) normal normal semibold condensed>) = 10.44
DEBUG:matplotlib.font_manager:findfont: score(<Font 'SauceCodePro Nerd Font' (Sauce Code Pro Black Italic Nerd Font Complete.ttf) italic normal black normal>) = 11.525
DEBUG:matplotlib.font_manager:findfont: score(<Font 'mononoki Nerd Font' (mononoki Italic Nerd Font Complete.ttf) italic normal 400 normal>) = 11.05
DEBUG:matplotlib.font_manager:findfont: score(<Font 'NotoSansDisplay Nerd Font Mono' (Noto Sans Display ExtraCondensed Thin Nerd Font Complete Mono.ttf) normal normal 400 condensed>) = 10.25
DEBUG:matplotlib.font_manager:findfont: score(<Font 'NotoSerif Nerd Font Mono' (Noto Serif ExtraCondensed ExtraBold Italic Nerd Font Complete Mono.ttf) italic normal bold condensed>) = 11.535
DEBUG:matplotlib.font_manager:findfont: score(<Font 'NotoSerifDisplay Nerd Font Mono' (Noto Serif Display ExtraBold Italic Nerd Font Complete Mono.ttf) italic normal bold normal>) = 11.335
DEBUG:matplotlib.font_manager:findfont: score(<Font 'NotoSerif Nerd Font' (Noto Serif ExtraCondensed ExtraLight Italic Nerd Font Complete.ttf) italic normal light condensed>) = 11.44
DEBUG:matplotlib.font_manager:findfont: score(<Font 'CodeNewRoman Nerd Font Mono' (Code New Roman Bold Nerd Font Complete Mono.otf) normal normal 700 normal>) = 10.335
DEBUG:matplotlib.font_manager:findfont: score(<Font 'Noto Sans Lao' (NotoSansLao-Regular.ttf) normal normal regular normal>) = 10.05
DEBUG:matplotlib.font_manager:findfont: score(<Font 'Iosevka' (Iosevka Medium Nerd Font Complete Mono.ttf) normal normal medium normal>) = 10.145
DEBUG:matplotlib.font_manager:findfont: score(<Font 'NotoSans Nerd Font' (Noto Sans ExtraCondensed Nerd Font Complete.ttf) normal normal 400 condensed>) = 10.25
DEBUG:matplotlib.font_manager:findfont: score(<Font 'NotoSansDisplay Nerd Font' (Noto Sans Display SemiCondensed Light Nerd Font Complete.ttf) normal normal light condensed>) = 10.44
DEBUG:matplotlib.font_manager:findfont: score(<Font 'Inconsolata Nerd Font Mono' (Inconsolata Nerd Font Complete Mono.otf) normal normal 400 normal>) = 10.05
DEBUG:matplotlib.font_manager:findfont: score(<Font 'C059' (C059-Bold.otf) normal normal 700 normal>) = 10.335
DEBUG:matplotlib.font_manager:findfont: score(<Font 'mononoki Nerd Font Mono' (mononoki Bold Nerd Font Complete Mono.ttf) normal normal 700 normal>) = 10.335
DEBUG:matplotlib.font_manager:findfont: score(<Font 'FuraMono Nerd Font Mono' (Fura Mono Medium Nerd Font Complete Mono.otf) normal normal medium normal>) = 10.145
DEBUG:matplotlib.font_manager:findfont: score(<Font 'NotoSans Nerd Font Mono' (Noto Sans ExtraCondensed Medium Italic Nerd Font Complete Mono.ttf) italic normal medium condensed>) = 11.344999999999999
DEBUG:matplotlib.font_manager:findfont: score(<Font 'RobotoMono Nerd Font' (Roboto Mono Bold Nerd Font Complete.ttf) normal normal 700 normal>) = 10.335
DEBUG:matplotlib.font_manager:findfont: score(<Font 'Iosevka' (Iosevka Bold Nerd Font Complete Mono.ttf) normal normal 700 normal>) = 10.335
DEBUG:matplotlib.font_manager:findfont: score(<Font 'Noto Serif Tamil Slanted' (NotoSerifTamilSlanted-Black.ttf) normal normal black normal>) = 10.525
DEBUG:matplotlib.font_manager:findfont: score(<Font 'mplus Nerd Font Mono' (M+ 1m light Nerd Font Complete Mono.ttf) normal normal light normal>) = 10.24
DEBUG:matplotlib.font_manager:findfont: score(<Font 'Iosevka Term' (Iosevka Term Oblique Nerd Font Complete.ttf) oblique normal 400 normal>) = 11.05
DEBUG:matplotlib.font_manager:findfont: score(<Font 'NotoSansMono Nerd Font' (Noto Sans Mono Thin Nerd Font Complete.ttf) normal normal 400 normal>) = 10.05
DEBUG:matplotlib.font_manager:findfont: score(<Font 'NotoSerif Nerd Font' (Noto Serif Condensed ExtraBold Italic Nerd Font Complete.ttf) italic normal bold condensed>) = 11.535
DEBUG:matplotlib.font_manager:findfont: score(<Font 'NotoSansDisplay Nerd Font' (Noto Sans Display Condensed Medium Italic Nerd Font Complete.ttf) italic normal medium condensed>) = 11.344999999999999
DEBUG:matplotlib.font_manager:findfont: score(<Font 'NotoSans Nerd Font' (Noto Sans ExtraCondensed Light Italic Nerd Font Complete.ttf) italic normal light condensed>) = 11.44
DEBUG:matplotlib.font_manager:findfont: score(<Font 'NotoSansMono Nerd Font Mono' (Noto Sans Mono SemiCondensed Nerd Font Complete Mono.ttf) normal normal 400 condensed>) = 10.25
DEBUG:matplotlib.font_manager:findfont: score(<Font 'NotoSerifDisplay Nerd Font' (Noto Serif Display Regular Nerd Font Complete.ttf) normal normal regular normal>) = 10.05
DEBUG:matplotlib.font_manager:findfont: score(<Font 'OpenDyslexicAlta Nerd Font' (OpenDyslexicAlta Italic Nerd Font Complete.otf) italic normal 400 normal>) = 11.05
DEBUG:matplotlib.font_manager:findfont: score(<Font 'NotoSerifDisplay Nerd Font Mono' (Noto Serif Display ExtraBold Nerd Font Complete Mono.ttf) normal normal bold normal>) = 10.335
DEBUG:matplotlib.font_manager:findfont: score(<Font 'NotoSans Nerd Font' (Noto Sans Thin Italic Nerd Font Complete.ttf) italic normal 400 normal>) = 11.05
DEBUG:matplotlib.font_manager:findfont: score(<Font 'Overpass Nerd Font' (Overpass Bold Nerd Font Complete.otf) normal normal 700 normal>) = 10.335
DEBUG:matplotlib.font_manager:findfont: score(<Font 'mplus Nerd Font' (M+ 2p heavy Nerd Font Complete.ttf) normal normal 700 normal>) = 10.335
DEBUG:matplotlib.font_manager:findfont: score(<Font 'Noto Serif Display' (NotoSerifDisplay-Bold.ttf) normal normal 700 normal>) = 10.335
DEBUG:matplotlib.font_manager:findfont: score(<Font 'Noto Sans Sinhala UI' (NotoSansSinhalaUI-Light.ttf) normal normal light normal>) = 10.24
DEBUG:matplotlib.font_manager:findfont: score(<Font 'ShureTechMono Nerd Font' (Shure Tech Mono Nerd Font Complete.ttf) normal normal 400 normal>) = 10.05
DEBUG:matplotlib.font_manager:findfont: score(<Font 'Noto Sans Ethiopic' (NotoSansEthiopic-Black.ttf) normal normal black normal>) = 10.525
DEBUG:matplotlib.font_manager:findfont: score(<Font 'NotoSansDisplay Nerd Font Mono' (Noto Sans Display SemiCondensed Medium Italic Nerd Font Complete Mono.ttf) italic normal medium condensed>) = 11.344999999999999
DEBUG:matplotlib.font_manager:findfont: score(<Font 'NotoSans Nerd Font' (Noto Sans Condensed Medium Nerd Font Complete.ttf) normal normal medium condensed>) = 10.344999999999999
DEBUG:matplotlib.font_manager:findfont: score(<Font 'Noto Kufi Arabic' (NotoKufiArabic-Bold.ttf) normal normal 700 normal>) = 10.335
DEBUG:matplotlib.font_manager:findfont: score(<Font 'Noto Kufi Arabic' (NotoKufiArabic-Regular.ttf) normal normal regular normal>) = 10.05
DEBUG:matplotlib.font_manager:findfont: score(<Font 'Overpass Nerd Font Mono' (Overpass ExtraLight Italic Nerd Font Complete Mono.otf) italic normal light normal>) = 11.24
DEBUG:matplotlib.font_manager:findfont: score(<Font 'Lekton Nerd Font Mono' (Lekton-Italic Nerd Font Complete Mono.ttf) italic normal 400 normal>) = 11.05
DEBUG:matplotlib.font_manager:findfont: score(<Font 'NotoSans Nerd Font' (Noto Sans ExtraCondensed Thin Italic Nerd Font Complete.ttf) italic normal 400 condensed>) = 11.25
DEBUG:matplotlib.font_manager:findfont: score(<Font 'NotoSerif Nerd Font' (Noto Serif Condensed Nerd Font Complete.ttf) normal normal 400 condensed>) = 10.25
DEBUG:matplotlib.font_manager:findfont: score(<Font 'Noto Sans Georgian' (NotoSansGeorgian-Light.ttf) normal normal light normal>) = 10.24
DEBUG:matplotlib.font_manager:findfont: score(<Font 'NotoSansDisplay Nerd Font' (Noto Sans Display Condensed SemiBold Italic Nerd Font Complete.ttf) italic normal semibold condensed>) = 11.44
DEBUG:matplotlib.font_manager:findfont: score(<Font 'NotoSans Nerd Font Mono' (Noto Sans Italic Nerd Font Complete Mono.ttf) italic normal 400 normal>) = 11.05
DEBUG:matplotlib.font_manager:findfont: score(<Font 'SauceCodePro Nerd Font Mono' (Sauce Code Pro Light Nerd Font Complete Mono.ttf) normal normal light normal>) = 10.24
DEBUG:matplotlib.font_manager:findfont: score(<Font 'NotoSerif Nerd Font Mono' (Noto Serif SemiCondensed Medium Nerd Font Complete Mono.ttf) normal normal medium condensed>) = 10.344999999999999
DEBUG:matplotlib.font_manager:findfont: score(<Font 'NotoSerif Nerd Font Mono' (Noto Serif Condensed Italic Nerd Font Complete Mono.ttf) italic normal 400 condensed>) = 11.25
DEBUG:matplotlib.font_manager:findfont: score(<Font 'FuraCode Nerd Font' (Fura Code Regular Nerd Font Complete.otf) normal normal regular normal>) = 10.05
DEBUG:matplotlib.font_manager:findfont: score(<Font 'NotoSansDisplay Nerd Font' (Noto Sans Display ExtraCondensed ExtraLight Italic Nerd Font Complete.ttf) italic normal light condensed>) = 11.44
DEBUG:matplotlib.font_manager:findfont: score(<Font 'NotoSerifDisplay Nerd Font' (Noto Serif Display Bold Italic Nerd Font Complete.ttf) italic normal 700 normal>) = 11.335
DEBUG:matplotlib.font_manager:findfont: score(<Font 'BlexMono Nerd Font' (Blex Mono Italic Nerd Font Complete.ttf) italic normal 400 normal>) = 11.05
DEBUG:matplotlib.font_manager:findfont: score(<Font 'Monoid Nerd Font' (Monoid Regular Nerd Font Complete.ttf) normal normal regular normal>) = 10.05
DEBUG:matplotlib.font_manager:findfont: score(<Font 'Noto Sans Tamil' (NotoSansTamil-Light.ttf) normal normal light normal>) = 10.24
DEBUG:matplotlib.font_manager:findfont: score(<Font 'mplus Nerd Font Mono' (M+ 1mn Nerd Font Complete Mono.ttf) normal normal 400 normal>) = 10.05
DEBUG:matplotlib.font_manager:findfont: score(<Font 'NotoSansDisplay Nerd Font' (Noto Sans Display Condensed Black Italic Nerd Font Complete.ttf) italic normal black condensed>) = 11.725
DEBUG:matplotlib.font_manager:findfont: score(<Font 'Overpass Nerd Font' (Overpass ExtraLight Italic Nerd Font Complete.otf) italic normal light normal>) = 11.24
DEBUG:matplotlib.font_manager:findfont: score(<Font 'Noto Serif Devanagari' (NotoSerifDevanagari-Thin.ttf) normal normal 400 normal>) = 10.05
DEBUG:matplotlib.font_manager:findfont: score(<Font 'NotoSerif Nerd Font Mono' (Noto Serif SemiBold Nerd Font Complete Mono.ttf) normal normal semibold normal>) = 10.24
DEBUG:matplotlib.font_manager:findfont: score(<Font 'Iosevka' (Iosevka Bold Oblique Nerd Font Complete Mono.ttf) oblique normal 700 normal>) = 11.335
DEBUG:matplotlib.font_manager:findfont: score(<Font 'NotoSansMono Nerd Font Mono' (Noto Sans Mono SemiCondensed Light Nerd Font Complete Mono.ttf) normal normal light condensed>) = 10.44
DEBUG:matplotlib.font_manager:findfont: score(<Font 'Ubuntu Nerd Font' (Ubuntu Medium Italic Nerd Font Complete.ttf) italic normal 700 normal>) = 11.335
DEBUG:matplotlib.font_manager:findfont: score(<Font 'Noto Sans Myanmar' (NotoSansMyanmar-Light.ttf) normal normal light normal>) = 10.24
DEBUG:matplotlib.font_manager:findfont: score(<Font 'Lekton Nerd Font Mono' (Lekton-Bold Nerd Font Complete Mono.ttf) normal normal 700 normal>) = 10.335
DEBUG:matplotlib.font_manager:findfont: score(<Font 'NotoSansMono Nerd Font Mono' (Noto Sans Mono Condensed Thin Nerd Font Complete Mono.ttf) normal normal 400 condensed>) = 10.25
DEBUG:matplotlib.font_manager:findfont: score(<Font 'NotoSerif Nerd Font Mono' (Noto Serif ExtraCondensed SemiBold Nerd Font Complete Mono.ttf) normal normal semibold condensed>) = 10.44
DEBUG:matplotlib.font_manager:findfont: score(<Font 'ProggyCleanTTCE Nerd Font Mono' (ProggyCleanTT CE Nerd Font Complete Mono.ttf) normal normal 400 normal>) = 10.05
DEBUG:matplotlib.font_manager:findfont: score(<Font 'Noto Sans Kannada' (NotoSansKannada-Bold.ttf) normal normal 700 normal>) = 10.335
DEBUG:matplotlib.font_manager:findfont: score(<Font 'Nimbus Sans' (NimbusSans-BoldItalic.otf) italic normal 700 normal>) = 11.335
DEBUG:matplotlib.font_manager:findfont: score(<Font 'Monoid Nerd Font' (Monoid Regular Nerd Font Complete.ttf) normal normal regular normal>) = 10.05
DEBUG:matplotlib.font_manager:findfont: score(<Font 'Noto Sans Tamil' (NotoSansTamil-Thin.ttf) normal normal 400 normal>) = 10.05
DEBUG:matplotlib.font_manager:findfont: score(<Font 'NotoSerifDisplay Nerd Font' (Noto Serif Display ExtraCondensed Light Nerd Font Complete.ttf) normal normal light condensed>) = 10.44
DEBUG:matplotlib.font_manager:findfont: score(<Font 'SpaceMono Nerd Font Mono' (Space Mono Bold Nerd Font Complete Mono.ttf) normal normal 700 normal>) = 10.335
DEBUG:matplotlib.font_manager:findfont: score(<Font 'Noto Serif Lao' (NotoSerifLao-Light.ttf) normal normal light normal>) = 10.24
DEBUG:matplotlib.font_manager:findfont: score(<Font 'Noto Serif Kannada' (NotoSerifKannada-Medium.ttf) normal normal medium normal>) = 10.145
DEBUG:matplotlib.font_manager:findfont: score(<Font 'Noto Sans Thaana' (NotoSansThaana-Black.ttf) normal normal black normal>) = 10.525
DEBUG:matplotlib.font_manager:findfont: score(<Font 'Noto Sans PhagsPa' (NotoSansPhagsPa-Regular.ttf) normal normal regular normal>) = 10.05
DEBUG:matplotlib.font_manager:findfont: score(<Font 'mplus Nerd Font' (M+ 1c heavy Nerd Font Complete.ttf) normal normal 700 normal>) = 10.335
DEBUG:matplotlib.font_manager:findfont: score(<Font 'Iosevka Term' (Iosevka Term Medium Nerd Font Complete Mono.ttf) normal normal medium normal>) = 10.145
DEBUG:matplotlib.font_manager:findfont: score(<Font 'Noto Sans Display' (NotoSansDisplay-Regular.ttf) normal normal regular normal>) = 10.05
DEBUG:matplotlib.font_manager:findfont: score(<Font 'Noto Sans Gujarati' (NotoSansGujarati-Bold.ttf) normal normal 700 normal>) = 10.335
DEBUG:matplotlib.font_manager:findfont: score(<Font 'NotoSans Nerd Font Mono' (Noto Sans Condensed ExtraBold Nerd Font Complete Mono.ttf) normal normal bold condensed>) = 10.535
DEBUG:matplotlib.font_manager:findfont: score(<Font 'NotoSansDisplay Nerd Font' (Noto Sans Display ExtraCondensed Light Nerd Font Complete.ttf) normal normal light condensed>) = 10.44
DEBUG:matplotlib.font_manager:findfont: score(<Font 'NotoSerif Nerd Font' (Noto Serif Light Nerd Font Complete.ttf) normal normal light normal>) = 10.24
DEBUG:matplotlib.font_manager:findfont: score(<Font 'DejaVu Sans Mono' (DejaVuSansMono-Bold.ttf) normal normal 700 normal>) = 10.335
DEBUG:matplotlib.font_manager:findfont: score(<Font 'DejaVu Serif' (DejaVuSerif-Italic.ttf) italic normal 400 normal>) = 11.05
DEBUG:matplotlib.font_manager:findfont: score(<Font 'NotoSansDisplay Nerd Font Mono' (Noto Sans Display Condensed Black Nerd Font Complete Mono.ttf) normal normal black condensed>) = 10.725
DEBUG:matplotlib.font_manager:findfont: score(<Font 'mononoki Nerd Font' (mononoki-Regular Nerd Font Complete.ttf) normal normal regular normal>) = 10.05
DEBUG:matplotlib.font_manager:findfont: score(<Font 'BlexMono Nerd Font Mono' (Blex Mono Text Nerd Font Complete Mono.ttf) normal normal 400 normal>) = 10.05
DEBUG:matplotlib.font_manager:findfont: score(<Font 'NotoSerifDisplay Nerd Font Mono' (Noto Serif Display SemiCondensed Thin Italic Nerd Font Complete Mono.ttf) italic normal 400 condensed>) = 11.25
DEBUG:matplotlib.font_manager:findfont: score(<Font 'Hasklug Nerd Font Mono' (Hasklug Black Italic Nerd Font Complete Mono.otf) italic normal black normal>) = 11.525
DEBUG:matplotlib.font_manager:findfont: score(<Font 'Noto Sans Arabic UI' (NotoSansArabicUI-Medium.ttf) normal normal medium normal>) = 10.145
DEBUG:matplotlib.font_manager:findfont: score(<Font 'Noto Sans Devanagari UI' (NotoSansDevanagariUI-Light.ttf) normal normal light normal>) = 10.24
DEBUG:matplotlib.font_manager:findfont: score(<Font 'NotoSerifDisplay Nerd Font Mono' (Noto Serif Display Black Italic Nerd Font Complete Mono.ttf) italic normal black normal>) = 11.525
DEBUG:matplotlib.font_manager:findfont: score(<Font 'NotoSansMono Nerd Font Mono' (Noto Sans Mono Medium Nerd Font Complete Mono.ttf) normal normal medium normal>) = 10.145
DEBUG:matplotlib.font_manager:findfont: score(<Font 'Overpass Nerd Font Mono' (Overpass Bold Italic Nerd Font Complete Mono.otf) italic normal 700 normal>) = 11.335
DEBUG:matplotlib.font_manager:findfont: score(<Font 'OverpassMono Nerd Font' (Overpass Mono Regular Nerd Font Complete.otf) normal normal regular normal>) = 10.05
DEBUG:matplotlib.font_manager:findfont: score(<Font 'NotoSerif Nerd Font Mono' (Noto Serif SemiCondensed SemiBold Italic Nerd Font Complete Mono.ttf) italic normal semibold condensed>) = 11.44
DEBUG:matplotlib.font_manager:findfont: score(<Font 'Hasklug Nerd Font Mono' (Hasklug Medium Italic Nerd Font Complete Mono.otf) italic normal medium normal>) = 11.145
DEBUG:matplotlib.font_manager:findfont: score(<Font 'NotoSansMono Nerd Font Mono' (Noto Sans Mono Condensed Nerd Font Complete Mono.ttf) normal normal 400 condensed>) = 10.25
DEBUG:matplotlib.font_manager:findfont: score(<Font 'Noto Sans Oriya UI' (NotoSansOriyaUI-Regular.ttf) normal normal 400 normal>) = 10.05
DEBUG:matplotlib.font_manager:findfont: score(<Font 'NotoSerifDisplay Nerd Font' (Noto Serif Display Italic Nerd Font Complete.ttf) italic normal 400 normal>) = 11.05
DEBUG:matplotlib.font_manager:findfont: score(<Font 'NotoSerif Nerd Font' (Noto Serif ExtraCondensed ExtraLight Italic Nerd Font Complete.ttf) italic normal light condensed>) = 11.44
DEBUG:matplotlib.font_manager:findfont: score(<Font 'Iosevka Term' (Iosevka Term Thin Nerd Font Complete.ttf) normal normal 400 normal>) = 10.05
DEBUG:matplotlib.font_manager:findfont: score(<Font 'Overpass Nerd Font Mono' (Overpass SemiBold Nerd Font Complete Mono.otf) normal normal 700 normal>) = 10.335
DEBUG:matplotlib.font_manager:findfont: score(<Font 'NotoSerifDisplay Nerd Font Mono' (Noto Serif Display Condensed Thin Nerd Font Complete Mono.ttf) normal normal 400 condensed>) = 10.25
DEBUG:matplotlib.font_manager:findfont: score(<Font 'NotoSerifDisplay Nerd Font Mono' (Noto Serif Display SemiCondensed Nerd Font Complete Mono.ttf) normal normal 400 condensed>) = 10.25
DEBUG:matplotlib.font_manager:findfont: score(<Font 'NotoSansDisplay Nerd Font' (Noto Sans Display Condensed Bold Italic Nerd Font Complete.ttf) italic normal 700 condensed>) = 11.535
DEBUG:matplotlib.font_manager:findfont: score(<Font 'NotoSans Nerd Font Mono' (Noto Sans ExtraCondensed Thin Nerd Font Complete Mono.ttf) normal normal 400 condensed>) = 10.25
DEBUG:matplotlib.font_manager:findfont: score(<Font 'NotoSerif Nerd Font Mono' (Noto Serif Condensed ExtraBold Nerd Font Complete Mono.ttf) normal normal bold condensed>) = 10.535
DEBUG:matplotlib.font_manager:findfont: score(<Font 'mplus Nerd Font Mono' (M+ 1c heavy Nerd Font Complete Mono.ttf) normal normal 700 normal>) = 10.335
DEBUG:matplotlib.font_manager:findfont: score(<Font 'Iosevka Term' (Iosevka Term Light Oblique Nerd Font Complete.ttf) oblique normal light normal>) = 11.24
DEBUG:matplotlib.font_manager:findfont: score(<Font 'NotoSerifDisplay Nerd Font Mono' (Noto Serif Display ExtraCondensed Light Nerd Font Complete Mono.ttf) normal normal light condensed>) = 10.44
DEBUG:matplotlib.font_manager:findfont: score(<Font 'Noto Serif Armenian' (NotoSerifArmenian-Black.ttf) normal normal black normal>) = 10.525
DEBUG:matplotlib.font_manager:findfont: score(<Font 'Iosevka Term' (Iosevka Term Extralight Nerd Font Complete Mono.ttf) normal normal light normal>) = 10.24
DEBUG:matplotlib.font_manager:findfont: score(<Font 'NotoSans Nerd Font' (Noto Sans Regular Nerd Font Complete.ttf) normal normal regular normal>) = 10.05
DEBUG:matplotlib.font_manager:findfont: score(<Font 'NotoSerif Nerd Font' (Noto Serif ExtraCondensed Black Nerd Font Complete.ttf) normal normal black condensed>) = 10.725
DEBUG:matplotlib.font_manager:findfont: score(<Font 'Hurmit Nerd Font Mono' (Hurmit Light Nerd Font Complete Mono.otf) normal normal light normal>) = 10.24
DEBUG:matplotlib.font_manager:findfont: score(<Font 'NotoSansDisplay Nerd Font' (Noto Sans Display Condensed Thin Italic Nerd Font Complete.ttf) italic normal 400 condensed>) = 11.25
DEBUG:matplotlib.font_manager:findfont: score(<Font 'NotoSansDisplay Nerd Font' (Noto Sans Display Black Nerd Font Complete.ttf) normal normal black normal>) = 10.525
DEBUG:matplotlib.font_manager:findfont: score(<Font 'NotoSansMono Nerd Font' (Noto Sans Mono SemiCondensed Medium Nerd Font Complete.ttf) normal normal medium condensed>) = 10.344999999999999
DEBUG:matplotlib.font_manager:findfont: score(<Font 'Iosevka Term' (Iosevka Term Light Italic Nerd Font Complete Mono.ttf) italic normal light normal>) = 11.24
DEBUG:matplotlib.font_manager:findfont: score(<Font 'NotoSerif Nerd Font Mono' (Noto Serif ExtraCondensed Black Italic Nerd Font Complete Mono.ttf) italic normal black condensed>) = 11.725
DEBUG:matplotlib.font_manager:findfont: score(<Font 'NotoSerif Nerd Font' (Noto Serif SemiCondensed Italic Nerd Font Complete.ttf) italic normal 400 condensed>) = 11.25
DEBUG:matplotlib.font_manager:findfont: score(<Font 'Iosevka' (Iosevka Bold Italic Nerd Font Complete.ttf) italic normal 700 normal>) = 11.335
DEBUG:matplotlib.font_manager:findfont: score(<Font 'GohuFont Nerd Font Mono' (GohuFont Nerd Font Complete Mono.ttf) normal normal 400 normal>) = 10.05
DEBUG:matplotlib.font_manager:findfont: score(<Font 'ShureTechMono Nerd Font Mono' (Shure Tech Mono Nerd Font Complete Mono.ttf) normal normal 400 normal>) = 10.05
DEBUG:matplotlib.font_manager:findfont: score(<Font 'NotoSansMono Nerd Font' (Noto Sans Mono ExtraCondensed Medium Nerd Font Complete.ttf) normal normal medium condensed>) = 10.344999999999999
DEBUG:matplotlib.font_manager:findfont: score(<Font 'NotoSerif Nerd Font Mono' (Noto Serif Light Italic Nerd Font Complete Mono.ttf) italic normal light normal>) = 11.24
DEBUG:matplotlib.font_manager:findfont: score(<Font 'NotoSans Nerd Font' (Noto Sans ExtraBold Italic Nerd Font Complete.ttf) italic normal bold normal>) = 11.335
DEBUG:matplotlib.font_manager:findfont: score(<Font 'NotoSerifDisplay Nerd Font' (Noto Serif Display ExtraCondensed ExtraLight Nerd Font Complete.ttf) normal normal light condensed>) = 10.44
DEBUG:matplotlib.font_manager:findfont: score(<Font 'NotoSans Nerd Font' (Noto Sans SemiCondensed ExtraBold Nerd Font Complete.ttf) normal normal bold condensed>) = 10.535
DEBUG:matplotlib.font_manager:findfont: score(<Font 'NotoSerif Nerd Font Mono' (Noto Serif ExtraCondensed Black Italic Nerd Font Complete Mono.ttf) italic normal black condensed>) = 11.725
DEBUG:matplotlib.font_manager:findfont: score(<Font 'NotoSansDisplay Nerd Font' (Noto Sans Display SemiCondensed Bold Nerd Font Complete.ttf) normal normal 700 condensed>) = 10.535
DEBUG:matplotlib.font_manager:findfont: score(<Font 'Noto Sans Bengali' (NotoSansBengali-Light.ttf) normal normal light normal>) = 10.24
DEBUG:matplotlib.font_manager:findfont: score(<Font 'Hasklug Nerd Font Mono' (Hasklug Medium Nerd Font Complete Mono.otf) normal normal medium normal>) = 10.145
DEBUG:matplotlib.font_manager:findfont: score(<Font 'ProggyCleanTTSZ Nerd Font Mono' (ProggyCleanTTSZ Nerd Font Complete Mono.ttf) normal normal 400 normal>) = 10.05
DEBUG:matplotlib.font_manager:findfont: score(<Font 'DejaVu Sans' (DejaVuSansCondensed-Oblique.ttf) oblique normal 400 condensed>) = 1.25
DEBUG:matplotlib.font_manager:findfont: score(<Font 'mplus Nerd Font' (M+ 2m bold Nerd Font Complete.ttf) normal normal 700 normal>) = 10.335
DEBUG:matplotlib.font_manager:findfont: score(<Font 'NotoSansDisplay Nerd Font' (Noto Sans Display SemiCondensed SemiBold Nerd Font Complete.ttf) normal normal semibold condensed>) = 10.44
DEBUG:matplotlib.font_manager:findfont: score(<Font 'NotoSans Nerd Font' (Noto Sans SemiCondensed SemiBold Nerd Font Complete.ttf) normal normal semibold condensed>) = 10.44
DEBUG:matplotlib.font_manager:findfont: score(<Font 'SauceCodePro Nerd Font Mono' (Sauce Code Pro Black Italic Nerd Font Complete Mono.ttf) italic normal black normal>) = 11.525
DEBUG:matplotlib.font_manager:findfont: score(<Font 'Noto Serif Khmer' (NotoSerifKhmer-Bold.ttf) normal normal 700 normal>) = 10.335
DEBUG:matplotlib.font_manager:findfont: score(<Font 'NotoSerif Nerd Font' (Noto Serif Condensed Bold Italic Nerd Font Complete.ttf) italic normal 700 condensed>) = 11.535
DEBUG:matplotlib.font_manager:findfont: score(<Font 'BlexMono Nerd Font Mono' (Blex Mono SemiBold Italic Nerd Font Complete Mono.ttf) italic normal semibold normal>) = 11.24
DEBUG:matplotlib.font_manager:findfont: score(<Font 'NotoSansDisplay Nerd Font Mono' (Noto Sans Display ExtraBold Italic Nerd Font Complete Mono.ttf) italic normal bold normal>) = 11.335
DEBUG:matplotlib.font_manager:findfont: score(<Font 'Noto Sans Indic Siyaq Numbers' (NotoSansIndicSiyaqNumbers-Regular.ttf) normal normal regular normal>) = 10.05
DEBUG:matplotlib.font_manager:findfont: score(<Font 'mplus Nerd Font' (M+ 1m light Nerd Font Complete.ttf) normal normal light normal>) = 10.24
DEBUG:matplotlib.font_manager:findfont: score(<Font 'NotoSans Nerd Font' (Noto Sans SemiCondensed Black Italic Nerd Font Complete.ttf) italic normal black condensed>) = 11.725
DEBUG:matplotlib.font_manager:findfont: score(<Font 'NotoSansDisplay Nerd Font' (Noto Sans Display SemiCondensed Black Italic Nerd Font Complete.ttf) italic normal black condensed>) = 11.725
DEBUG:matplotlib.font_manager:findfont: score(<Font 'NotoSans Nerd Font Mono' (Noto Sans Condensed Bold Nerd Font Complete Mono.ttf) normal normal 700 condensed>) = 10.535
DEBUG:matplotlib.font_manager:findfont: score(<Font 'NotoSans Nerd Font' (Noto Sans Condensed Black Italic Nerd Font Complete.ttf) italic normal black condensed>) = 11.725
DEBUG:matplotlib.font_manager:findfont: score(<Font 'NotoSans Nerd Font' (Noto Sans SemiCondensed ExtraLight Nerd Font Complete.ttf) normal normal light condensed>) = 10.44
DEBUG:matplotlib.font_manager:findfont: score(<Font 'East Syriac Adiabene' (SyrCOMAdiabene.otf) normal normal 400 normal>) = 10.05
DEBUG:matplotlib.font_manager:findfont: score(<Font 'mplus Nerd Font' (M+ 1c bold Nerd Font Complete.ttf) normal normal 700 normal>) = 10.335
DEBUG:matplotlib.font_manager:findfont: score(<Font 'Noto Sans Meroitic' (NotoSansMeroitic-Regular.ttf) normal normal regular normal>) = 10.05
DEBUG:matplotlib.font_manager:findfont: score(<Font 'NotoSerif Nerd Font' (Noto Serif SemiCondensed ExtraBold Nerd Font Complete.ttf) normal normal bold condensed>) = 10.535
DEBUG:matplotlib.font_manager:findfont: score(<Font 'Noto Sans Thaana' (NotoSansThaana-Medium.ttf) normal normal medium normal>) = 10.145
DEBUG:matplotlib.font_manager:findfont: score(<Font 'NotoSerif Nerd Font' (Noto Serif SemiCondensed Thin Nerd Font Complete.ttf) normal normal 400 condensed>) = 10.25
DEBUG:matplotlib.font_manager:findfont: score(<Font 'Iosevka Term' (Iosevka Term Bold Italic Nerd Font Complete Mono.ttf) italic normal 700 normal>) = 11.335
DEBUG:matplotlib.font_manager:findfont: score(<Font 'NotoSerif Nerd Font Mono' (Noto Serif Condensed Medium Nerd Font Complete Mono.ttf) normal normal medium condensed>) = 10.344999999999999
DEBUG:matplotlib.font_manager:findfont: score(<Font 'Noto Sans Gurmukhi' (NotoSansGurmukhi-Medium.ttf) normal normal medium normal>) = 10.145
DEBUG:matplotlib.font_manager:findfont: score(<Font 'NotoSans Nerd Font' (Noto Sans SemiCondensed ExtraBold Italic Nerd Font Complete.ttf) italic normal bold condensed>) = 11.535
DEBUG:matplotlib.font_manager:findfont: score(<Font 'NotoSerifDisplay Nerd Font' (Noto Serif Display ExtraCondensed Bold Italic Nerd Font Complete.ttf) italic normal 700 condensed>) = 11.535
DEBUG:matplotlib.font_manager:findfont: score(<Font 'NotoSerif Nerd Font Mono' (Noto Serif ExtraCondensed Italic Nerd Font Complete Mono.ttf) italic normal 400 condensed>) = 11.25
DEBUG:matplotlib.font_manager:findfont: score(<Font 'NotoSansDisplay Nerd Font Mono' (Noto Sans Display Condensed Black Italic Nerd Font Complete Mono.ttf) italic normal black condensed>) = 11.725
DEBUG:matplotlib.font_manager:findfont: score(<Font '3270SemiNarrow Nerd Font' (3270 Semi-Narrow Nerd Font Complete.otf) normal normal 400 condensed>) = 10.25
DEBUG:matplotlib.font_manager:findfont: score(<Font 'Noto Serif Ethiopic' (NotoSerifEthiopic-Bold.ttf) normal normal 700 normal>) = 10.335
DEBUG:matplotlib.font_manager:findfont: score(<Font 'NotoSansMono Nerd Font' (Noto Sans Mono Condensed Black Nerd Font Complete.ttf) normal normal black condensed>) = 10.725
DEBUG:matplotlib.font_manager:findfont: score(<Font 'NotoSerifDisplay Nerd Font Mono' (Noto Serif Display Condensed ExtraBold Nerd Font Complete Mono.ttf) normal normal bold condensed>) = 10.535
DEBUG:matplotlib.font_manager:findfont: score(<Font 'Noto Serif Sinhala' (NotoSerifSinhala-Black.ttf) normal normal black normal>) = 10.525
DEBUG:matplotlib.font_manager:findfont: score(<Font 'NotoSerif Nerd Font' (Noto Serif SemiCondensed Bold Nerd Font Complete.ttf) normal normal 700 condensed>) = 10.535
DEBUG:matplotlib.font_manager:findfont: score(<Font 'BlexMono Nerd Font' (Blex Mono Italic Nerd Font Complete.ttf) italic normal 400 normal>) = 11.05
DEBUG:matplotlib.font_manager:findfont: score(<Font 'NotoSerifDisplay Nerd Font' (Noto Serif Display ExtraCondensed Light Italic Nerd Font Complete.ttf) italic normal light condensed>) = 11.44
DEBUG:matplotlib.font_manager:findfont: score(<Font 'Noto Nastaliq Urdu' (NotoNastaliqUrdu-Bold.ttf) normal normal 700 normal>) = 10.335
DEBUG:matplotlib.font_manager:findfont: score(<Font 'NotoSerif Nerd Font Mono' (Noto Serif ExtraCondensed ExtraBold Nerd Font Complete Mono.ttf) normal normal bold condensed>) = 10.535
DEBUG:matplotlib.font_manager:findfont: score(<Font 'InconsolataLGC Nerd Font Mono' (Inconsolata LGC Nerd Font Complete Mono.ttf) normal normal 400 normal>) = 10.05
DEBUG:matplotlib.font_manager:findfont: score(<Font 'Arimo Nerd Font' (Arimo Italic Nerd Font Complete.ttf) italic normal 400 normal>) = 11.05
DEBUG:matplotlib.font_manager:findfont: score(<Font 'mplus Nerd Font' (M+ 1p bold Nerd Font Complete.ttf) normal normal 700 normal>) = 10.335
DEBUG:matplotlib.font_manager:findfont: score(<Font 'RobotoMono Nerd Font Mono' (Roboto Mono Thin Italic Nerd Font Complete Mono.ttf) italic normal 400 normal>) = 11.05
DEBUG:matplotlib.font_manager:findfont: score(<Font 'NotoSerifDisplay Nerd Font Mono' (Noto Serif Display SemiCondensed Bold Italic Nerd Font Complete Mono.ttf) italic normal 700 condensed>) = 11.535
DEBUG:matplotlib.font_manager:findfont: score(<Font 'Noto Serif Tibetan' (NotoSerifTibetan-Light.ttf) normal normal light normal>) = 10.24
DEBUG:matplotlib.font_manager:findfont: score(<Font 'Noto Serif Ethiopic' (NotoSerifEthiopic-Medium.ttf) normal normal medium normal>) = 10.145
DEBUG:matplotlib.font_manager:findfont: score(<Font 'ShureTechMono Nerd Font' (Shure Tech Mono Nerd Font Complete.ttf) normal normal 400 normal>) = 10.05
DEBUG:matplotlib.font_manager:findfont: score(<Font 'NotoSans Nerd Font' (Noto Sans Condensed Thin Nerd Font Complete.ttf) normal normal 400 condensed>) = 10.25
DEBUG:matplotlib.font_manager:findfont: score(<Font 'mplus Nerd Font Mono' (M+ 1m thin Nerd Font Complete Mono.ttf) normal normal 400 normal>) = 10.05
DEBUG:matplotlib.font_manager:findfont: score(<Font 'Noto Sans Elbasan' (NotoSansElbasan-Regular.ttf) normal normal regular normal>) = 10.05
DEBUG:matplotlib.font_manager:findfont: score(<Font 'RobotoMono Nerd Font' (Roboto Mono Light Italic Nerd Font Complete.ttf) italic normal light normal>) = 11.24
DEBUG:matplotlib.font_manager:findfont: score(<Font 'NotoSans Nerd Font' (Noto Sans ExtraCondensed Medium Nerd Font Complete.ttf) normal normal medium condensed>) = 10.344999999999999
DEBUG:matplotlib.font_manager:findfont: score(<Font 'Hack Nerd Font' (Hack Regular Nerd Font Complete.ttf) normal normal regular normal>) = 10.05
DEBUG:matplotlib.font_manager:findfont: score(<Font 'mplus Nerd Font Mono' (M+ 2p medium Nerd Font Complete Mono.ttf) normal normal medium normal>) = 10.145
DEBUG:matplotlib.font_manager:findfont: score(<Font 'RobotoMono Nerd Font' (Roboto Mono Medium Nerd Font Complete.ttf) normal normal medium normal>) = 10.145
DEBUG:matplotlib.font_manager:findfont: score(<Font 'Nimbus Mono PS' (NimbusMonoPS-Italic.otf) italic normal 400 normal>) = 11.05
DEBUG:matplotlib.font_manager:findfont: score(<Font 'NotoSerif Nerd Font Mono' (Noto Serif Condensed ExtraLight Italic Nerd Font Complete Mono.ttf) italic normal light condensed>) = 11.44
DEBUG:matplotlib.font_manager:findfont: score(<Font 'UbuntuMono Nerd Font' (Ubuntu Mono Italic Nerd Font Complete.ttf) italic normal 400 normal>) = 11.05
DEBUG:matplotlib.font_manager:findfont: score(<Font 'NotoSerif Nerd Font' (Noto Serif SemiCondensed Medium Nerd Font Complete.ttf) normal normal medium condensed>) = 10.344999999999999
DEBUG:matplotlib.font_manager:findfont: score(<Font 'Noto Serif Myanmar' (NotoSerifMyanmar-Medium.ttf) normal normal medium normal>) = 10.145
DEBUG:matplotlib.font_manager:findfont: score(<Font 'NotoSerifDisplay Nerd Font' (Noto Serif Display ExtraCondensed Bold Nerd Font Complete.ttf) normal normal 700 condensed>) = 10.535
DEBUG:matplotlib.font_manager:findfont: score(<Font 'NotoSansMono Nerd Font' (Noto Sans Mono ExtraCondensed SemiBold Nerd Font Complete.ttf) normal normal semibold condensed>) = 10.44
DEBUG:matplotlib.font_manager:findfont: score(<Font 'NotoSansDisplay Nerd Font Mono' (Noto Sans Display Black Italic Nerd Font Complete Mono.ttf) italic normal black normal>) = 11.525
DEBUG:matplotlib.font_manager:findfont: score(<Font 'NotoSans Nerd Font Mono' (Noto Sans ExtraCondensed Black Nerd Font Complete Mono.ttf) normal normal black condensed>) = 10.725
DEBUG:matplotlib.font_manager:findfont: score(<Font 'NotoSans Nerd Font Mono' (Noto Sans SemiCondensed Light Nerd Font Complete Mono.ttf) normal normal light condensed>) = 10.44
DEBUG:matplotlib.font_manager:findfont: score(<Font 'NotoSerif Nerd Font Mono' (Noto Serif SemiCondensed Thin Nerd Font Complete Mono.ttf) normal normal 400 condensed>) = 10.25
DEBUG:matplotlib.font_manager:findfont: score(<Font 'Hack Nerd Font' (Hack Bold Italic Nerd Font Complete.ttf) italic normal 700 normal>) = 11.335
DEBUG:matplotlib.font_manager:findfont: score(<Font 'UbuntuMono Nerd Font Mono' (Ubuntu Mono Nerd Font Complete Mono.ttf) normal normal 400 normal>) = 10.05
DEBUG:matplotlib.font_manager:findfont: score(<Font 'mplus Nerd Font' (M+ 2p medium Nerd Font Complete.ttf) normal normal medium normal>) = 10.145
DEBUG:matplotlib.font_manager:findfont: score(<Font 'NotoSans Nerd Font Mono' (Noto Sans SemiCondensed Black Nerd Font Complete Mono.ttf) normal normal black condensed>) = 10.725
DEBUG:matplotlib.font_manager:findfont: score(<Font 'ProggyCleanTTSZ Nerd Font Mono' (ProggyCleanTTSZ Nerd Font Complete Mono.ttf) normal normal 400 normal>) = 10.05
DEBUG:matplotlib.font_manager:findfont: score(<Font 'Noto Kufi Arabic' (NotoKufiArabic-Semibold.ttf) normal normal bold normal>) = 10.335
DEBUG:matplotlib.font_manager:findfont: score(<Font 'NotoSansDisplay Nerd Font' (Noto Sans Display Condensed Bold Nerd Font Complete.ttf) normal normal 700 condensed>) = 10.535
DEBUG:matplotlib.font_manager:findfont: score(<Font 'Noto Sans Tai Le' (NotoSansTaiLe-Regular.ttf) normal normal regular normal>) = 10.05
DEBUG:matplotlib.font_manager:findfont: score(<Font 'Noto Sans Bengali UI' (NotoSansBengaliUI-Bold.ttf) normal normal 700 normal>) = 10.335
DEBUG:matplotlib.font_manager:findfont: score(<Font 'SauceCodePro Nerd Font Mono' (Sauce Code Pro Light Nerd Font Complete Mono.ttf) normal normal light normal>) = 10.24
DEBUG:matplotlib.font_manager:findfont: score(<Font 'Iosevka' (Iosevka Extralight Nerd Font Complete.ttf) normal normal light normal>) = 10.24
DEBUG:matplotlib.font_manager:findfont: score(<Font 'RobotoMono Nerd Font' (Roboto Mono Thin Italic Nerd Font Complete.ttf) italic normal 400 normal>) = 11.05
DEBUG:matplotlib.font_manager:findfont: score(<Font 'NotoSansMono Nerd Font Mono' (Noto Sans Mono Condensed SemiBold Nerd Font Complete Mono.ttf) normal normal semibold condensed>) = 10.44
DEBUG:matplotlib.font_manager:findfont: score(<Font 'P052' (P052-Roman.otf) normal normal roman normal>) = 10.145
DEBUG:matplotlib.font_manager:findfont: score(<Font 'URW Bookman' (URWBookman-Light.otf) normal normal light normal>) = 10.24
DEBUG:matplotlib.font_manager:findfont: score(<Font 'NotoSansDisplay Nerd Font' (Noto Sans Display SemiCondensed Light Nerd Font Complete.ttf) normal normal light condensed>) = 10.44
DEBUG:matplotlib.font_manager:findfont: score(<Font 'Inconsolata Nerd Font' (Inconsolata Nerd Font Complete.otf) normal normal 400 normal>) = 10.05
DEBUG:matplotlib.font_manager:findfont: score(<Font 'NotoSerif Nerd Font' (Noto Serif ExtraCondensed ExtraBold Italic Nerd Font Complete.ttf) italic normal bold condensed>) = 11.535
DEBUG:matplotlib.font_manager:findfont: score(<Font 'Noto Serif' (NotoSerif-Black.ttf) normal normal black normal>) = 10.525
DEBUG:matplotlib.font_manager:findfont: score(<Font 'InconsolataGo Nerd Font Mono' (InconsolataGo Nerd Font Complete Mono.ttf) normal normal 400 normal>) = 10.05
DEBUG:matplotlib.font_manager:findfont: score(<Font 'NotoSansMono Nerd Font Mono' (Noto Sans Mono SemiBold Nerd Font Complete Mono.ttf) normal normal semibold normal>) = 10.24
DEBUG:matplotlib.font_manager:findfont: score(<Font 'NotoSans Nerd Font' (Noto Sans Condensed Medium Italic Nerd Font Complete.ttf) italic normal medium condensed>) = 11.344999999999999
DEBUG:matplotlib.font_manager:findfont: score(<Font 'NotoSerif Nerd Font' (Noto Serif ExtraLight Nerd Font Complete.ttf) normal normal light normal>) = 10.24
DEBUG:matplotlib.font_manager:findfont: score(<Font 'mplus Nerd Font' (M+ 2p thin Nerd Font Complete.ttf) normal normal 400 normal>) = 10.05
DEBUG:matplotlib.font_manager:findfont: score(<Font 'NotoSerifDisplay Nerd Font Mono' (Noto Serif Display SemiCondensed Medium Nerd Font Complete Mono.ttf) normal normal medium condensed>) = 10.344999999999999
DEBUG:matplotlib.font_manager:findfont: score(<Font 'Hasklug Nerd Font' (Hasklug Medium Nerd Font Complete.otf) normal normal medium normal>) = 10.145
DEBUG:matplotlib.font_manager:findfont: score(<Font 'SauceCodePro Nerd Font Mono' (Sauce Code Pro Black Nerd Font Complete Mono.ttf) normal normal black normal>) = 10.525
DEBUG:matplotlib.font_manager:findfont: score(<Font 'Noto Sans Khudawadi' (NotoSansKhudawadi-Regular.ttf) normal normal regular normal>) = 10.05
DEBUG:matplotlib.font_manager:findfont: score(<Font 'Noto Sans Malayalam' (NotoSansMalayalam-Thin.ttf) normal normal 400 normal>) = 10.05
DEBUG:matplotlib.font_manager:findfont: score(<Font 'mplus Nerd Font' (M+ 1m medium Nerd Font Complete.ttf) normal normal medium normal>) = 10.145
DEBUG:matplotlib.font_manager:findfont: score(<Font 'NotoSansMono Nerd Font Mono' (Noto Sans Mono Condensed Medium Nerd Font Complete Mono.ttf) normal normal medium condensed>) = 10.344999999999999
DEBUG:matplotlib.font_manager:findfont: score(<Font 'SpaceMono Nerd Font' (Space Mono Nerd Font Complete.ttf) normal normal 400 normal>) = 10.05
DEBUG:matplotlib.font_manager:findfont: score(<Font 'NotoSansDisplay Nerd Font Mono' (Noto Sans Display ExtraCondensed ExtraLight Nerd Font Complete Mono.ttf) normal normal light condensed>) = 10.44
DEBUG:matplotlib.font_manager:findfont: score(<Font 'OverpassMono Nerd Font Mono' (Overpass Mono Regular Nerd Font Complete Mono.otf) normal normal regular normal>) = 10.05
DEBUG:matplotlib.font_manager:findfont: score(<Font 'Noto Sans Telugu UI' (NotoSansTeluguUI-Light.ttf) normal normal light normal>) = 10.24
DEBUG:matplotlib.font_manager:findfont: score(<Font 'NotoSerifDisplay Nerd Font' (Noto Serif Display ExtraCondensed Nerd Font Complete.ttf) normal normal 400 condensed>) = 10.25
DEBUG:matplotlib.font_manager:findfont: score(<Font 'Noto Sans Arabic' (NotoSansArabic-Bold.ttf) normal normal 700 normal>) = 10.335
DEBUG:matplotlib.font_manager:findfont: score(<Font 'Noto Sans Bengali UI' (NotoSansBengaliUI-Thin.ttf) normal normal 400 normal>) = 10.05
DEBUG:matplotlib.font_manager:findfont: score(<Font 'NotoSerif Nerd Font' (Noto Serif Regular Nerd Font Complete.ttf) normal normal regular normal>) = 10.05
DEBUG:matplotlib.font_manager:findfont: score(<Font 'NotoSans Nerd Font Mono' (Noto Sans ExtraCondensed Light Nerd Font Complete Mono.ttf) normal normal light condensed>) = 10.44
DEBUG:matplotlib.font_manager:findfont: score(<Font 'NotoSansDisplay Nerd Font' (Noto Sans Display ExtraCondensed Thin Nerd Font Complete.ttf) normal normal 400 condensed>) = 10.25
DEBUG:matplotlib.font_manager:findfont: score(<Font 'NotoSansDisplay Nerd Font' (Noto Sans Display Condensed Thin Italic Nerd Font Complete.ttf) italic normal 400 condensed>) = 11.25
DEBUG:matplotlib.font_manager:findfont: score(<Font 'Noto Sans Gujarati UI' (NotoSansGujaratiUI-Bold.ttf) normal normal 700 normal>) = 10.335
DEBUG:matplotlib.font_manager:findfont: score(<Font 'NotoSerif Nerd Font' (Noto Serif SemiCondensed ExtraLight Italic Nerd Font Complete.ttf) italic normal light condensed>) = 11.44
DEBUG:matplotlib.font_manager:findfont: score(<Font 'NotoSerifDisplay Nerd Font Mono' (Noto Serif Display ExtraCondensed ExtraBold Italic Nerd Font Complete Mono.ttf) italic normal bold condensed>) = 11.535
DEBUG:matplotlib.font_manager:findfont: score(<Font 'NotoSerif Nerd Font' (Noto Serif Condensed Black Nerd Font Complete.ttf) normal normal black condensed>) = 10.725
DEBUG:matplotlib.font_manager:findfont: score(<Font 'NotoSans Nerd Font Mono' (Noto Sans ExtraCondensed ExtraBold Italic Nerd Font Complete Mono.ttf) italic normal bold condensed>) = 11.535
DEBUG:matplotlib.font_manager:findfont: score(<Font 'Hurmit Nerd Font Mono' (Hurmit Bold Nerd Font Complete Mono.otf) normal normal 700 normal>) = 10.335
DEBUG:matplotlib.font_manager:findfont: score(<Font 'NotoSansDisplay Nerd Font Mono' (Noto Sans Display Bold Nerd Font Complete Mono.ttf) normal normal 700 normal>) = 10.335
DEBUG:matplotlib.font_manager:findfont: score(<Font 'Noto Sans Lepcha' (NotoSansLepcha-Regular.ttf) normal normal regular normal>) = 10.05
DEBUG:matplotlib.font_manager:findfont: score(<Font 'Iosevka' (Iosevka Extralight Italic Nerd Font Complete.ttf) italic normal light normal>) = 11.24
DEBUG:matplotlib.font_manager:findfont: score(<Font 'BlexMono Nerd Font Mono' (Blex Mono ExtraLight Nerd Font Complete Mono.ttf) normal normal light normal>) = 10.24
DEBUG:matplotlib.font_manager:findfont: score(<Font 'SpaceMono Nerd Font Mono' (Space Mono Bold Nerd Font Complete Mono.ttf) normal normal 700 normal>) = 10.335
DEBUG:matplotlib.font_manager:findfont: score(<Font 'NotoSerif Nerd Font Mono' (Noto Serif ExtraCondensed Black Nerd Font Complete Mono.ttf) normal normal black condensed>) = 10.725
DEBUG:matplotlib.font_manager:findfont: score(<Font 'Noto Sans Myanmar' (NotoSansMyanmar-Bold.ttf) normal normal 700 normal>) = 10.335
DEBUG:matplotlib.font_manager:findfont: score(<Font 'NotoSansDisplay Nerd Font Mono' (Noto Sans Display SemiCondensed SemiBold Italic Nerd Font Complete Mono.ttf) italic normal semibold condensed>) = 11.44
DEBUG:matplotlib.font_manager:findfont: score(<Font 'NotoSansDisplay Nerd Font Mono' (Noto Sans Display SemiCondensed SemiBold Italic Nerd Font Complete Mono.ttf) italic normal semibold condensed>) = 11.44
DEBUG:matplotlib.font_manager:findfont: score(<Font 'Overpass Nerd Font Mono' (Overpass SemiBold Nerd Font Complete Mono.otf) normal normal 700 normal>) = 10.335
DEBUG:matplotlib.font_manager:findfont: score(<Font 'ProFontIIx Nerd Font Mono' (ProFont IIx Nerd Font Complete Mono.ttf) normal normal 400 normal>) = 10.05
DEBUG:matplotlib.font_manager:findfont: score(<Font 'Cousine Nerd Font' (Cousine Italic Nerd Font Complete.ttf) italic normal 400 normal>) = 11.05
DEBUG:matplotlib.font_manager:findfont: score(<Font 'Noto Sans Gujarati' (NotoSansGujarati-Regular.ttf) normal normal 400 normal>) = 10.05
DEBUG:matplotlib.font_manager:findfont: score(<Font 'mplus Nerd Font' (M+ 1mn light Nerd Font Complete.ttf) normal normal light normal>) = 10.24
DEBUG:matplotlib.font_manager:findfont: score(<Font 'ProFontWindows Nerd Font Mono' (ProFontWindows Nerd Font Complete Mono.ttf) normal normal 400 normal>) = 10.05
DEBUG:matplotlib.font_manager:findfont: score(<Font 'FantasqueSansMono Nerd Font' (Fantasque Sans Mono Bold Italic Nerd Font Complete.ttf) italic normal 700 normal>) = 11.335
DEBUG:matplotlib.font_manager:findfont: score(<Font 'Cantarell' (Cantarell-Thin.otf) normal normal 400 normal>) = 10.05
DEBUG:matplotlib.font_manager:findfont: score(<Font 'Noto Sans Takri' (NotoSansTakri-Regular.ttf) normal normal regular normal>) = 10.05
DEBUG:matplotlib.font_manager:findfont: score(<Font 'NotoSerifDisplay Nerd Font' (Noto Serif Display ExtraCondensed Light Italic Nerd Font Complete.ttf) italic normal light condensed>) = 11.44
DEBUG:matplotlib.font_manager:findfont: score(<Font 'NotoSerifDisplay Nerd Font' (Noto Serif Display SemiCondensed Black Nerd Font Complete.ttf) normal normal black condensed>) = 10.725
DEBUG:matplotlib.font_manager:findfont: score(<Font 'Noto Sans Georgian' (NotoSansGeorgian-Bold.ttf) normal normal 700 normal>) = 10.335
DEBUG:matplotlib.font_manager:findfont: score(<Font 'NotoSansDisplay Nerd Font Mono' (Noto Sans Display Bold Italic Nerd Font Complete Mono.ttf) italic normal 700 normal>) = 11.335
DEBUG:matplotlib.font_manager:findfont: score(<Font 'NotoSerif Nerd Font' (Noto Serif Bold Nerd Font Complete.ttf) normal normal 700 normal>) = 10.335
DEBUG:matplotlib.font_manager:findfont: score(<Font 'Monofuritalic Nerd Font' (monofur italic Nerd Font Complete.ttf) italic normal 400 normal>) = 11.05
DEBUG:matplotlib.font_manager:findfont: score(<Font 'mplus Nerd Font' (M+ 2p medium Nerd Font Complete.ttf) normal normal medium normal>) = 10.145
DEBUG:matplotlib.font_manager:findfont: score(<Font 'FantasqueSansMono Nerd Font' (Fantasque Sans Mono Bold Nerd Font Complete.ttf) normal normal 700 normal>) = 10.335
DEBUG:matplotlib.font_manager:findfont: score(<Font 'NotoSansDisplay Nerd Font' (Noto Sans Display SemiCondensed Thin Nerd Font Complete.ttf) normal normal 400 condensed>) = 10.25
DEBUG:matplotlib.font_manager:findfont: score(<Font 'NotoSans Nerd Font Mono' (Noto Sans Condensed SemiBold Italic Nerd Font Complete Mono.ttf) italic normal semibold condensed>) = 11.44
DEBUG:matplotlib.font_manager:findfont: score(<Font 'NotoSerif Nerd Font Mono' (Noto Serif Light Nerd Font Complete Mono.ttf) normal normal light normal>) = 10.24
DEBUG:matplotlib.font_manager:findfont: score(<Font 'NotoSansDisplay Nerd Font' (Noto Sans Display ExtraCondensed Nerd Font Complete.ttf) normal normal 400 condensed>) = 10.25
DEBUG:matplotlib.font_manager:findfont: score(<Font 'NotoSansDisplay Nerd Font Mono' (Noto Sans Display ExtraCondensed ExtraLight Italic Nerd Font Complete Mono.ttf) italic normal light condensed>) = 11.44
DEBUG:matplotlib.font_manager:findfont: score(<Font 'Noto Sans Bengali UI' (NotoSansBengaliUI-Medium.ttf) normal normal medium normal>) = 10.145
DEBUG:matplotlib.font_manager:findfont: score(<Font 'NotoSans Nerd Font Mono' (Noto Sans Condensed Italic Nerd Font Complete Mono.ttf) italic normal 400 condensed>) = 11.25
DEBUG:matplotlib.font_manager:findfont: score(<Font 'NotoSansMono Nerd Font' (Noto Sans Mono Regular Nerd Font Complete.ttf) normal normal regular normal>) = 10.05
DEBUG:matplotlib.font_manager:findfont: score(<Font 'NotoSerif Nerd Font' (Noto Serif Condensed ExtraLight Italic Nerd Font Complete.ttf) italic normal light condensed>) = 11.44
DEBUG:matplotlib.font_manager:findfont: score(<Font 'Noto Sans Carian' (NotoSansCarian-Regular.ttf) normal normal regular normal>) = 10.05
DEBUG:matplotlib.font_manager:findfont: score(<Font 'Iosevka' (Iosevka Heavy Nerd Font Complete Mono.ttf) normal normal 700 normal>) = 10.335
DEBUG:matplotlib.font_manager:findfont: score(<Font 'Noto Sans Armenian' (NotoSansArmenian-Light.ttf) normal normal light normal>) = 10.24
DEBUG:matplotlib.font_manager:findfont: score(<Font 'NotoSerif Nerd Font' (Noto Serif SemiCondensed SemiBold Nerd Font Complete.ttf) normal normal semibold condensed>) = 10.44
DEBUG:matplotlib.font_manager:findfont: score(<Font 'NotoSansMono Nerd Font' (Noto Sans Mono SemiCondensed ExtraBold Nerd Font Complete.ttf) normal normal bold condensed>) = 10.535
DEBUG:matplotlib.font_manager:findfont: score(<Font 'FuraMono Nerd Font Mono' (Fura Mono Regular Nerd Font Complete Mono.otf) normal normal 400 normal>) = 10.05
DEBUG:matplotlib.font_manager:findfont: score(<Font 'Noto Sans Glagolitic' (NotoSansGlagolitic-Regular.ttf) normal normal regular normal>) = 10.05
DEBUG:matplotlib.font_manager:findfont: score(<Font 'mplus Nerd Font' (M+ 1c thin Nerd Font Complete.ttf) normal normal 400 normal>) = 10.05
DEBUG:matplotlib.font_manager:findfont: score(<Font 'MesloLGMDZ Nerd Font Mono' (Meslo LG M DZ Regular Nerd Font Complete Mono.otf) normal normal regular normal>) = 10.05
DEBUG:matplotlib.font_manager:findfont: score(<Font 'Tinos Nerd Font Mono' (Tinos Italic Nerd Font Complete Mono.ttf) italic normal 400 normal>) = 11.05
DEBUG:matplotlib.font_manager:findfont: score(<Font 'Cousine Nerd Font Mono' (Cousine Bold Nerd Font Complete Mono.ttf) normal normal 700 normal>) = 10.335
DEBUG:matplotlib.font_manager:findfont: score(<Font 'Noto Sans Khojki' (NotoSansKhojki-Regular.ttf) normal normal regular normal>) = 10.05
DEBUG:matplotlib.font_manager:findfont: score(<Font 'Serto Mardin' (SyrCOMMardinBold.otf) normal normal 700 normal>) = 10.335
DEBUG:matplotlib.font_manager:findfont: score(<Font 'Hasklug Nerd Font' (Hasklug Medium Italic Nerd Font Complete.otf) italic normal medium normal>) = 11.145
DEBUG:matplotlib.font_manager:findfont: score(<Font 'Noto Sans Thaana' (NotoSansThaana-Light.ttf) normal normal light normal>) = 10.24
DEBUG:matplotlib.font_manager:findfont: score(<Font 'NotoSerif Nerd Font Mono' (Noto Serif Condensed Light Nerd Font Complete Mono.ttf) normal normal light condensed>) = 10.44
DEBUG:matplotlib.font_manager:findfont: score(<Font 'Noto Sans Armenian' (NotoSansArmenian-Bold.ttf) normal normal 700 normal>) = 10.335
DEBUG:matplotlib.font_manager:findfont: score(<Font 'NotoSerif Nerd Font' (Noto Serif SemiCondensed SemiBold Italic Nerd Font Complete.ttf) italic normal semibold condensed>) = 11.44
DEBUG:matplotlib.font_manager:findfont: score(<Font 'Noto Sans Tamil UI' (NotoSansTamilUI-Light.ttf) normal normal light normal>) = 10.24
DEBUG:matplotlib.font_manager:findfont: score(<Font 'NotoSansMono Nerd Font Mono' (Noto Sans Mono ExtraCondensed Black Nerd Font Complete Mono.ttf) normal normal black condensed>) = 10.725
DEBUG:matplotlib.font_manager:findfont: score(<Font 'NotoSerifDisplay Nerd Font' (Noto Serif Display SemiCondensed Light Italic Nerd Font Complete.ttf) italic normal light condensed>) = 11.44
DEBUG:matplotlib.font_manager:findfont: score(<Font 'RobotoMono Nerd Font Mono' (Roboto Mono Medium Nerd Font Complete Mono.ttf) normal normal medium normal>) = 10.145
DEBUG:matplotlib.font_manager:findfont: score(<Font 'SauceCodePro Nerd Font Mono' (Sauce Code Pro ExtraLight Nerd Font Complete Mono.ttf) normal normal light normal>) = 10.24
DEBUG:matplotlib.font_manager:findfont: score(<Font 'NotoSansDisplay Nerd Font' (Noto Sans Display SemiCondensed Bold Nerd Font Complete.ttf) normal normal 700 condensed>) = 10.535
DEBUG:matplotlib.font_manager:findfont: score(<Font 'NotoSansMono Nerd Font' (Noto Sans Mono ExtraCondensed Medium Nerd Font Complete.ttf) normal normal medium condensed>) = 10.344999999999999
DEBUG:matplotlib.font_manager:findfont: score(<Font 'SauceCodePro Nerd Font' (Sauce Code Pro Black Nerd Font Complete.ttf) normal normal black normal>) = 10.525
DEBUG:matplotlib.font_manager:findfont: score(<Font 'NotoSansDisplay Nerd Font Mono' (Noto Sans Display Condensed Thin Nerd Font Complete Mono.ttf) normal normal 400 condensed>) = 10.25
DEBUG:matplotlib.font_manager:findfont: score(<Font 'RobotoMono Nerd Font' (Roboto Mono Nerd Font Complete.ttf) normal normal 400 normal>) = 10.05
DEBUG:matplotlib.font_manager:findfont: score(<Font 'NotoSans Nerd Font' (Noto Sans ExtraLight Italic Nerd Font Complete.ttf) italic normal light normal>) = 11.24
DEBUG:matplotlib.font_manager:findfont: score(<Font 'DejaVuSansMono Nerd Font Mono' (DejaVu Sans Mono Oblique Nerd Font Complete Mono.ttf) oblique normal 400 normal>) = 11.05
DEBUG:matplotlib.font_manager:findfont: score(<Font 'NotoSerifDisplay Nerd Font Mono' (Noto Serif Display Light Nerd Font Complete Mono.ttf) normal normal light normal>) = 10.24
DEBUG:matplotlib.font_manager:findfont: score(<Font 'NotoSansMono Nerd Font' (Noto Sans Mono ExtraLight Nerd Font Complete.ttf) normal normal light normal>) = 10.24
DEBUG:matplotlib.font_manager:findfont: score(<Font 'NotoSansDisplay Nerd Font' (Noto Sans Display SemiCondensed Medium Italic Nerd Font Complete.ttf) italic normal medium condensed>) = 11.344999999999999
DEBUG:matplotlib.font_manager:findfont: score(<Font 'PowerlineSymbols' (PowerlineSymbols.otf) normal normal 400 normal>) = 10.05
DEBUG:matplotlib.font_manager:findfont: score(<Font 'NotoSansMono Nerd Font' (Noto Sans Mono ExtraBold Nerd Font Complete.ttf) normal normal bold normal>) = 10.335
DEBUG:matplotlib.font_manager:findfont: score(<Font 'Noto Serif Armenian' (NotoSerifArmenian-Thin.ttf) normal normal 400 normal>) = 10.05
DEBUG:matplotlib.font_manager:findfont: score(<Font 'NotoSansDisplay Nerd Font' (Noto Sans Display Condensed Bold Nerd Font Complete.ttf) normal normal 700 condensed>) = 10.535
DEBUG:matplotlib.font_manager:findfont: score(<Font 'NotoSansDisplay Nerd Font' (Noto Sans Display Light Nerd Font Complete.ttf) normal normal light normal>) = 10.24
DEBUG:matplotlib.font_manager:findfont: score(<Font 'NotoSansDisplay Nerd Font Mono' (Noto Sans Display SemiCondensed Thin Nerd Font Complete Mono.ttf) normal normal 400 condensed>) = 10.25
DEBUG:matplotlib.font_manager:findfont: score(<Font 'MesloLGSDZ Nerd Font Mono' (Meslo LG S DZ Regular Nerd Font Complete Mono.otf) normal normal regular normal>) = 10.05
DEBUG:matplotlib.font_manager:findfont: score(<Font 'NotoSansMono Nerd Font Mono' (Noto Sans Mono SemiCondensed Thin Nerd Font Complete Mono.ttf) normal normal 400 condensed>) = 10.25
DEBUG:matplotlib.font_manager:findfont: score(<Font 'NotoSansMono Nerd Font Mono' (Noto Sans Mono SemiBold Nerd Font Complete Mono.ttf) normal normal semibold normal>) = 10.24
DEBUG:matplotlib.font_manager:findfont: score(<Font 'NotoSans Nerd Font Mono' (Noto Sans Condensed ExtraLight Nerd Font Complete Mono.ttf) normal normal light condensed>) = 10.44
DEBUG:matplotlib.font_manager:findfont: score(<Font 'Overpass Nerd Font' (Overpass ExtraBold Italic Nerd Font Complete.otf) italic normal bold normal>) = 11.335
DEBUG:matplotlib.font_manager:findfont: score(<Font 'ProggyCleanTT Nerd Font Mono' (ProggyCleanTT Nerd Font Complete Mono.ttf) normal normal 400 normal>) = 10.05
DEBUG:matplotlib.font_manager:findfont: score(<Font 'Overpass Nerd Font' (Overpass Thin Italic Nerd Font Complete.otf) italic normal 400 normal>) = 11.05
DEBUG:matplotlib.font_manager:findfont: score(<Font 'NotoSerifDisplay Nerd Font Mono' (Noto Serif Display SemiCondensed ExtraBold Nerd Font Complete Mono.ttf) normal normal bold condensed>) = 10.535
DEBUG:matplotlib.font_manager:findfont: score(<Font 'Noto Sans Old North Arabian' (NotoSansOldNorthArabian-Regular.ttf) normal normal regular normal>) = 10.05
DEBUG:matplotlib.font_manager:findfont: score(<Font 'NotoSans Nerd Font Mono' (Noto Sans Light Nerd Font Complete Mono.ttf) normal normal light normal>) = 10.24
DEBUG:matplotlib.font_manager:findfont: score(<Font 'SpaceMono Nerd Font' (Space Mono Bold Nerd Font Complete.ttf) normal normal 700 normal>) = 10.335
DEBUG:matplotlib.font_manager:findfont: score(<Font 'NotoSansDisplay Nerd Font' (Noto Sans Display Medium Italic Nerd Font Complete.ttf) italic normal medium normal>) = 11.145
DEBUG:matplotlib.font_manager:findfont: score(<Font 'BlexMono Nerd Font Mono' (Blex Mono Thin Italic Nerd Font Complete Mono.ttf) italic normal 400 normal>) = 11.05
DEBUG:matplotlib.font_manager:findfont: score(<Font 'NotoSerif Nerd Font' (Noto Serif SemiBold Nerd Font Complete.ttf) normal normal semibold normal>) = 10.24
DEBUG:matplotlib.font_manager:findfont: score(<Font 'NotoSans Nerd Font' (Noto Sans ExtraCondensed Bold Italic Nerd Font Complete.ttf) italic normal 700 condensed>) = 11.535
DEBUG:matplotlib.font_manager:findfont: score(<Font 'NotoSerifDisplay Nerd Font Mono' (Noto Serif Display ExtraLight Nerd Font Complete Mono.ttf) normal normal light normal>) = 10.24
DEBUG:matplotlib.font_manager:findfont: score(<Font 'NotoSans Nerd Font Mono' (Noto Sans ExtraCondensed Thin Italic Nerd Font Complete Mono.ttf) italic normal 400 condensed>) = 11.25
DEBUG:matplotlib.font_manager:findfont: score(<Font 'Iosevka Term' (Iosevka Term Extralight Oblique Nerd Font Complete.ttf) oblique normal light normal>) = 11.24
DEBUG:matplotlib.font_manager:findfont: score(<Font 'NotoSerif Nerd Font Mono' (Noto Serif ExtraCondensed Medium Nerd Font Complete Mono.ttf) normal normal medium condensed>) = 10.344999999999999
DEBUG:matplotlib.font_manager:findfont: score(<Font 'Overpass Nerd Font Mono' (Overpass Light Nerd Font Complete Mono.otf) normal normal light normal>) = 10.24
DEBUG:matplotlib.font_manager:findfont: score(<Font 'Noto Sans Inscriptional Pahlavi' (NotoSansInscriptionalPahlavi-Regular.ttf) normal normal regular normal>) = 10.05
DEBUG:matplotlib.font_manager:findfont: score(<Font 'NotoSans Nerd Font Mono' (Noto Sans SemiCondensed Thin Nerd Font Complete Mono.ttf) normal normal 400 condensed>) = 10.25
DEBUG:matplotlib.font_manager:findfont: score(<Font 'InconsolataLGC Nerd Font Mono' (Inconsolata LGC Bold Italic Nerd Font Complete Mono.ttf) italic normal 700 normal>) = 11.335
DEBUG:matplotlib.font_manager:findfont: score(<Font 'NotoSans Nerd Font Mono' (Noto Sans Condensed Black Italic Nerd Font Complete Mono.ttf) italic normal black condensed>) = 11.725
DEBUG:matplotlib.font_manager:findfont: score(<Font 'InconsolataLGC Nerd Font' (Inconsolata LGC Italic Nerd Font Complete.ttf) italic normal 400 normal>) = 11.05
DEBUG:matplotlib.font_manager:findfont: score(<Font 'Hasklug Nerd Font' (Hasklug Semibold Nerd Font Complete.otf) normal normal semibold normal>) = 10.24
DEBUG:matplotlib.font_manager:findfont: score(<Font 'Iosevka Term' (Iosevka Term Light Italic Nerd Font Complete.ttf) italic normal light normal>) = 11.24
DEBUG:matplotlib.font_manager:findfont: score(<Font 'Overpass Nerd Font Mono' (Overpass ExtraBold Nerd Font Complete Mono.otf) normal normal bold normal>) = 10.335
DEBUG:matplotlib.font_manager:findfont: score(<Font 'NotoSerifDisplay Nerd Font' (Noto Serif Display SemiCondensed Bold Nerd Font Complete.ttf) normal normal 700 condensed>) = 10.535
DEBUG:matplotlib.font_manager:findfont: score(<Font 'NotoSansMono Nerd Font Mono' (Noto Sans Mono Light Nerd Font Complete Mono.ttf) normal normal light normal>) = 10.24
DEBUG:matplotlib.font_manager:findfont: score(<Font 'BitstreamVeraSansMono Nerd Font' (Bitstream Vera Sans Mono Nerd Font Complete.ttf) normal normal 400 normal>) = 10.05
DEBUG:matplotlib.font_manager:findfont: score(<Font 'ProggyCleanTTCE Nerd Font' (ProggyCleanTT CE Nerd Font Complete.ttf) normal normal 400 normal>) = 10.05
DEBUG:matplotlib.font_manager:findfont: score(<Font 'NotoSans Nerd Font' (Noto Sans ExtraCondensed ExtraBold Nerd Font Complete.ttf) normal normal bold condensed>) = 10.535
DEBUG:matplotlib.font_manager:findfont: score(<Font 'RobotoMono Nerd Font Mono' (Roboto Mono Italic Nerd Font Complete Mono.ttf) italic normal 400 normal>) = 11.05
DEBUG:matplotlib.font_manager:findfont: score(<Font 'NotoSansDisplay Nerd Font' (Noto Sans Display Condensed ExtraLight Italic Nerd Font Complete.ttf) italic normal light condensed>) = 11.44
DEBUG:matplotlib.font_manager:findfont: score(<Font 'ProFontIIx Nerd Font' (ProFont IIx Nerd Font Complete.ttf) normal normal 400 normal>) = 10.05
DEBUG:matplotlib.font_manager:findfont: score(<Font 'NotoSerifDisplay Nerd Font' (Noto Serif Display Bold Nerd Font Complete.ttf) normal normal 700 normal>) = 10.335
DEBUG:matplotlib.font_manager:findfont: score(<Font 'mplus Nerd Font' (M+ 1mn medium Nerd Font Complete.ttf) normal normal medium normal>) = 10.145
DEBUG:matplotlib.font_manager:findfont: score(<Font 'Noto Serif Gujarati' (NotoSerifGujarati-Light.ttf) normal normal light normal>) = 10.24
DEBUG:matplotlib.font_manager:findfont: score(<Font 'OverpassMono Nerd Font Mono' (Overpass Mono Regular Nerd Font Complete Mono.otf) normal normal regular normal>) = 10.05
DEBUG:matplotlib.font_manager:findfont: score(<Font 'Noto Sans Tirhuta' (NotoSansTirhuta-Regular.ttf) normal normal regular normal>) = 10.05
DEBUG:matplotlib.font_manager:findfont: score(<Font 'NotoSans Nerd Font' (Noto Sans ExtraCondensed Black Italic Nerd Font Complete.ttf) italic normal black condensed>) = 11.725
DEBUG:matplotlib.font_manager:findfont: score(<Font 'Overpass Nerd Font Mono' (Overpass Thin Italic Nerd Font Complete Mono.otf) italic normal 400 normal>) = 11.05
DEBUG:matplotlib.font_manager:findfont: score(<Font 'Noto Sans Lao' (NotoSansLao-Bold.ttf) normal normal 700 normal>) = 10.335
DEBUG:matplotlib.font_manager:findfont: score(<Font 'NotoSansDisplay Nerd Font' (Noto Sans Display ExtraBold Nerd Font Complete.ttf) normal normal bold normal>) = 10.335
DEBUG:matplotlib.font_manager:findfont: score(<Font 'NotoSerif Nerd Font Mono' (Noto Serif Condensed ExtraLight Nerd Font Complete Mono.ttf) normal normal light condensed>) = 10.44
DEBUG:matplotlib.font_manager:findfont: score(<Font 'MesloLGM Nerd Font' (Meslo LG M Regular Nerd Font Complete.otf) normal normal regular normal>) = 10.05
DEBUG:matplotlib.font_manager:findfont: score(<Font 'URW Gothic' (URWGothic-BookOblique.otf) oblique normal book normal>) = 11.05
DEBUG:matplotlib.font_manager:findfont: score(<Font 'Source Code Pro' (SourceCodePro-LightIt.otf) italic normal light normal>) = 11.24
DEBUG:matplotlib.font_manager:findfont: score(<Font 'Noto Sans Armenian' (NotoSansArmenian-Regular.ttf) normal normal regular normal>) = 10.05
DEBUG:matplotlib.font_manager:findfont: score(<Font 'mplus Nerd Font Mono' (M+ 1c bold Nerd Font Complete Mono.ttf) normal normal 700 normal>) = 10.335
DEBUG:matplotlib.font_manager:findfont: score(<Font 'NotoSansMono Nerd Font' (Noto Sans Mono Condensed SemiBold Nerd Font Complete.ttf) normal normal semibold condensed>) = 10.44
DEBUG:matplotlib.font_manager:findfont: score(<Font 'NotoSerifDisplay Nerd Font' (Noto Serif Display Condensed ExtraBold Italic Nerd Font Complete.ttf) italic normal bold condensed>) = 11.535
DEBUG:matplotlib.font_manager:findfont: score(<Font 'Hasklug Nerd Font' (Hasklug Italic Nerd Font Complete.otf) italic normal 400 normal>) = 11.05
DEBUG:matplotlib.font_manager:findfont: score(<Font 'NotoSansDisplay Nerd Font' (Noto Sans Display SemiCondensed Medium Italic Nerd Font Complete.ttf) italic normal medium condensed>) = 11.344999999999999
DEBUG:matplotlib.font_manager:findfont: score(<Font 'Noto Sans Gurmukhi UI' (NotoSansGurmukhiUI-Black.ttf) normal normal black normal>) = 10.525
DEBUG:matplotlib.font_manager:findfont: score(<Font 'NotoSerifDisplay Nerd Font' (Noto Serif Display Medium Nerd Font Complete.ttf) normal normal medium normal>) = 10.145
DEBUG:matplotlib.font_manager:findfont: score(<Font 'ProFontIIx Nerd Font Mono' (ProFont IIx Nerd Font Complete Mono.ttf) normal normal 400 normal>) = 10.05
DEBUG:matplotlib.font_manager:findfont: score(<Font 'Noto Sans Syloti Nagri' (NotoSansSylotiNagri-Regular.ttf) normal normal regular normal>) = 10.05
DEBUG:matplotlib.font_manager:findfont: score(<Font 'BlexMono Nerd Font Mono' (Blex Mono Italic Nerd Font Complete Mono.ttf) italic normal 400 normal>) = 11.05
DEBUG:matplotlib.font_manager:findfont: score(<Font 'SpaceMono Nerd Font' (Space Mono Bold Italic Nerd Font Complete.ttf) italic normal 700 normal>) = 11.335
DEBUG:matplotlib.font_manager:findfont: score(<Font 'NotoSerifDisplay Nerd Font' (Noto Serif Display Regular Nerd Font Complete.ttf) normal normal regular normal>) = 10.05
DEBUG:matplotlib.font_manager:findfont: score(<Font 'NotoSerif Nerd Font Mono' (Noto Serif Condensed Medium Italic Nerd Font Complete Mono.ttf) italic normal medium condensed>) = 11.344999999999999
DEBUG:matplotlib.font_manager:findfont: score(<Font 'NotoSansMono Nerd Font Mono' (Noto Sans Mono Medium Nerd Font Complete Mono.ttf) normal normal medium normal>) = 10.145
DEBUG:matplotlib.font_manager:findfont: score(<Font 'NotoSerif Nerd Font Mono' (Noto Serif SemiCondensed Bold Italic Nerd Font Complete Mono.ttf) italic normal 700 condensed>) = 11.535
DEBUG:matplotlib.font_manager:findfont: score(<Font 'mplus Nerd Font Mono' (M+ 2c light Nerd Font Complete Mono.ttf) normal normal light normal>) = 10.24
DEBUG:matplotlib.font_manager:findfont: score(<Font 'NotoSerifDisplay Nerd Font Mono' (Noto Serif Display ExtraCondensed ExtraBold Italic Nerd Font Complete Mono.ttf) italic normal bold condensed>) = 11.535
DEBUG:matplotlib.font_manager:findfont: score(<Font 'NotoSansDisplay Nerd Font Mono' (Noto Sans Display Bold Nerd Font Complete Mono.ttf) normal normal 700 normal>) = 10.335
DEBUG:matplotlib.font_manager:findfont: score(<Font 'Noto Sans Devanagari UI' (NotoSansDevanagariUI-Medium.ttf) normal normal medium normal>) = 10.145
DEBUG:matplotlib.font_manager:findfont: score(<Font 'NotoSansMono Nerd Font' (Noto Sans Mono Condensed SemiBold Nerd Font Complete.ttf) normal normal semibold condensed>) = 10.44
DEBUG:matplotlib.font_manager:findfont: score(<Font 'TerminessTTF Nerd Font' (Terminess (TTF) Bold Nerd Font Complete.ttf) normal normal 700 normal>) = 10.335
DEBUG:matplotlib.font_manager:findfont: score(<Font 'NotoSerif Nerd Font Mono' (Noto Serif ExtraLight Nerd Font Complete Mono.ttf) normal normal light normal>) = 10.24
DEBUG:matplotlib.font_manager:findfont: score(<Font 'NotoSans Nerd Font' (Noto Sans SemiCondensed Light Italic Nerd Font Complete.ttf) italic normal light condensed>) = 11.44
DEBUG:matplotlib.font_manager:findfont: score(<Font 'OpenDyslexicAlta Nerd Font' (OpenDyslexicAlta Italic Nerd Font Complete.otf) italic normal 400 normal>) = 11.05
DEBUG:matplotlib.font_manager:findfont: score(<Font 'InconsolataGo Nerd Font' (InconsolataGo Nerd Font Complete.ttf) normal normal 400 normal>) = 10.05
DEBUG:matplotlib.font_manager:findfont: score(<Font 'NotoSansMono Nerd Font Mono' (Noto Sans Mono Thin Nerd Font Complete Mono.ttf) normal normal 400 normal>) = 10.05
DEBUG:matplotlib.font_manager:findfont: score(<Font 'NotoSerif Nerd Font' (Noto Serif Condensed Thin Italic Nerd Font Complete.ttf) italic normal 400 condensed>) = 11.25
DEBUG:matplotlib.font_manager:findfont: score(<Font 'Monoid Nerd Font Mono' (Monoid Italic Nerd Font Complete Mono.ttf) italic normal 400 normal>) = 11.05
DEBUG:matplotlib.font_manager:findfont: score(<Font 'Iosevka Term' (Iosevka Term Medium Italic Nerd Font Complete.ttf) italic normal medium normal>) = 11.145
DEBUG:matplotlib.font_manager:findfont: score(<Font 'Iosevka' (Iosevka Thin Nerd Font Complete.ttf) normal normal 400 normal>) = 10.05
DEBUG:matplotlib.font_manager:findfont: score(<Font 'Noto Sans Telugu' (NotoSansTelugu-Light.ttf) normal normal light normal>) = 10.24
DEBUG:matplotlib.font_manager:findfont: score(<Font 'Iosevka' (Iosevka Heavy Nerd Font Complete.ttf) normal normal 700 normal>) = 10.335
DEBUG:matplotlib.font_manager:findfont: score(<Font 'DejaVu Sans' (DejaVuSans.ttf) normal normal 400 normal>) = 0.05
DEBUG:matplotlib.font_manager:findfont: score(<Font 'NotoSerifDisplay Nerd Font Mono' (Noto Serif Display ExtraBold Italic Nerd Font Complete Mono.ttf) italic normal bold normal>) = 11.335
DEBUG:matplotlib.font_manager:findfont: score(<Font 'TerminessTTF Nerd Font Mono' (Terminess (TTF) Bold Italic Nerd Font Complete Mono.ttf) italic normal 700 normal>) = 11.335
DEBUG:matplotlib.font_manager:findfont: score(<Font 'NotoSans Nerd Font' (Noto Sans SemiCondensed ExtraBold Italic Nerd Font Complete.ttf) italic normal bold condensed>) = 11.535
DEBUG:matplotlib.font_manager:findfont: score(<Font 'RobotoMono Nerd Font' (Roboto Mono Bold Italic Nerd Font Complete.ttf) italic normal 700 normal>) = 11.335
DEBUG:matplotlib.font_manager:findfont: score(<Font 'NotoSerifDisplay Nerd Font Mono' (Noto Serif Display ExtraBold Nerd Font Complete Mono.ttf) normal normal bold normal>) = 10.335
DEBUG:matplotlib.font_manager:findfont: score(<Font 'NotoSerifDisplay Nerd Font' (Noto Serif Display Condensed Bold Italic Nerd Font Complete.ttf) italic normal 700 condensed>) = 11.535
DEBUG:matplotlib.font_manager:findfont: score(<Font 'FuraCode Nerd Font Mono' (Fura Code Medium Nerd Font Complete Mono.otf) normal normal medium normal>) = 10.145
DEBUG:matplotlib.font_manager:findfont: score(<Font 'MesloLGMDZ Nerd Font' (Meslo LG M DZ Regular Nerd Font Complete.otf) normal normal regular normal>) = 10.05
DEBUG:matplotlib.font_manager:findfont: score(<Font 'mplus Nerd Font Mono' (M+ 2m bold Nerd Font Complete Mono.ttf) normal normal 700 normal>) = 10.335
DEBUG:matplotlib.font_manager:findfont: score(<Font 'NotoSansDisplay Nerd Font' (Noto Sans Display Medium Nerd Font Complete.ttf) normal normal medium normal>) = 10.145
DEBUG:matplotlib.font_manager:findfont: score(<Font 'NotoSans Nerd Font' (Noto Sans SemiCondensed SemiBold Nerd Font Complete.ttf) normal normal semibold condensed>) = 10.44
DEBUG:matplotlib.font_manager:findfont: score(<Font 'BlexMono Nerd Font Mono' (Blex Mono Bold Nerd Font Complete Mono.ttf) normal normal 700 normal>) = 10.335
DEBUG:matplotlib.font_manager:findfont: score(<Font 'Noto Serif Lao' (NotoSerifLao-Black.ttf) normal normal black normal>) = 10.525
DEBUG:matplotlib.font_manager:findfont: score(<Font 'NotoSans Nerd Font' (Noto Sans SemiCondensed Black Nerd Font Complete.ttf) normal normal black condensed>) = 10.725
DEBUG:matplotlib.font_manager:findfont: score(<Font 'NotoSansDisplay Nerd Font' (Noto Sans Display SemiCondensed Thin Italic Nerd Font Complete.ttf) italic normal 400 condensed>) = 11.25
DEBUG:matplotlib.font_manager:findfont: score(<Font 'Noto Serif Bengali' (NotoSerifBengali-Thin.ttf) normal normal 400 normal>) = 10.05
DEBUG:matplotlib.font_manager:findfont: score(<Font 'Iosevka' (Iosevka Extralight Oblique Nerd Font Complete Mono.ttf) oblique normal light normal>) = 11.24
DEBUG:matplotlib.font_manager:findfont: score(<Font 'Iosevka' (Iosevka Thin Nerd Font Complete.ttf) normal normal 400 normal>) = 10.05
DEBUG:matplotlib.font_manager:findfont: score(<Font 'NotoSansDisplay Nerd Font' (Noto Sans Display ExtraCondensed Bold Italic Nerd Font Complete.ttf) italic normal 700 condensed>) = 11.535
DEBUG:matplotlib.font_manager:findfont: score(<Font 'Arimo Nerd Font' (Arimo Bold Italic Nerd Font Complete.ttf) italic normal 700 normal>) = 11.335
DEBUG:matplotlib.font_manager:findfont: score(<Font 'GoMono Nerd Font Mono' (Go Mono Bold Nerd Font Complete Mono.ttf) normal normal 700 normal>) = 10.335
DEBUG:matplotlib.font_manager:findfont: score(<Font 'DejaVuSansMono Nerd Font Mono' (DejaVu Sans Mono Bold Oblique Nerd Font Complete Mono.ttf) oblique normal 700 normal>) = 11.335
DEBUG:matplotlib.font_manager:findfont: score(<Font 'Noto Serif Devanagari' (NotoSerifDevanagari-Black.ttf) normal normal black normal>) = 10.525
DEBUG:matplotlib.font_manager:findfont: score(<Font 'Noto Sans Cherokee' (NotoSansCherokee-Thin.ttf) normal normal 400 normal>) = 10.05
DEBUG:matplotlib.font_manager:findfont: score(<Font 'OpenDyslexic Nerd Font' (OpenDyslexic Regular Nerd Font Complete.otf) normal normal 400 normal>) = 10.05
DEBUG:matplotlib.font_manager:findfont: score(<Font 'mplus Nerd Font' (M+ 2p light Nerd Font Complete.ttf) normal normal light normal>) = 10.24
DEBUG:matplotlib.font_manager:findfont: score(<Font 'NotoSerif Nerd Font' (Noto Serif Condensed ExtraLight Nerd Font Complete.ttf) normal normal light condensed>) = 10.44
DEBUG:matplotlib.font_manager:findfont: score(<Font 'BlexMono Nerd Font' (Blex Mono Medium Nerd Font Complete.ttf) normal normal medium normal>) = 10.145
DEBUG:matplotlib.font_manager:findfont: score(<Font 'Noto Sans Gurmukhi' (NotoSansGurmukhi-Regular.ttf) normal normal regular normal>) = 10.05
DEBUG:matplotlib.font_manager:findfont: score(<Font 'NotoSans Nerd Font Mono' (Noto Sans ExtraCondensed Light Nerd Font Complete Mono.ttf) normal normal light condensed>) = 10.44
DEBUG:matplotlib.font_manager:findfont: score(<Font 'mplus Nerd Font Mono' (M+ 1p bold Nerd Font Complete Mono.ttf) normal normal 700 normal>) = 10.335
DEBUG:matplotlib.font_manager:findfont: score(<Font 'NotoSerif Nerd Font Mono' (Noto Serif Condensed Bold Italic Nerd Font Complete Mono.ttf) italic normal 700 condensed>) = 11.535
DEBUG:matplotlib.font_manager:findfont: score(<Font 'NotoSerifDisplay Nerd Font Mono' (Noto Serif Display SemiCondensed Black Italic Nerd Font Complete Mono.ttf) italic normal black condensed>) = 11.725
DEBUG:matplotlib.font_manager:findfont: score(<Font 'Noto Sans Sinhala UI' (NotoSansSinhalaUI-Black.ttf) normal normal black normal>) = 10.525
DEBUG:matplotlib.font_manager:findfont: score(<Font 'SpaceMono Nerd Font' (Space Mono Bold Italic Nerd Font Complete.ttf) italic normal 700 normal>) = 11.335
DEBUG:matplotlib.font_manager:findfont: score(<Font 'NotoSansDisplay Nerd Font Mono' (Noto Sans Display Condensed Black Nerd Font Complete Mono.ttf) normal normal black condensed>) = 10.725
DEBUG:matplotlib.font_manager:findfont: score(<Font 'Iosevka Term' (Iosevka Term Heavy Nerd Font Complete Mono.ttf) normal normal 700 normal>) = 10.335
DEBUG:matplotlib.font_manager:findfont: score(<Font 'Hack Nerd Font Mono' (Hack Italic Nerd Font Complete Mono.ttf) italic normal 400 normal>) = 11.05
DEBUG:matplotlib.font_manager:findfont: score(<Font 'Noto Sans Gurmukhi UI' (NotoSansGurmukhiUI-Thin.ttf) normal normal 400 normal>) = 10.05
DEBUG:matplotlib.font_manager:findfont: score(<Font 'NotoSansDisplay Nerd Font Mono' (Noto Sans Display Black Italic Nerd Font Complete Mono.ttf) italic normal black normal>) = 11.525
DEBUG:matplotlib.font_manager:findfont: score(<Font 'InconsolataGo Nerd Font Mono' (InconsolataGo Bold Nerd Font Complete Mono.ttf) normal normal 700 normal>) = 10.335
DEBUG:matplotlib.font_manager:findfont: score(<Font 'NotoSerifDisplay Nerd Font' (Noto Serif Display ExtraLight Italic Nerd Font Complete.ttf) italic normal light normal>) = 11.24
DEBUG:matplotlib.font_manager:findfont: score(<Font 'NotoSansMono Nerd Font Mono' (Noto Sans Mono SemiCondensed Medium Nerd Font Complete Mono.ttf) normal normal medium condensed>) = 10.344999999999999
DEBUG:matplotlib.font_manager:findfont: score(<Font 'Iosevka' (Iosevka Thin Oblique Nerd Font Complete.ttf) oblique normal 400 normal>) = 11.05
DEBUG:matplotlib.font_manager:findfont: score(<Font 'FuraCode Nerd Font Mono' (Fura Code Regular Nerd Font Complete Mono.otf) normal normal regular normal>) = 10.05
DEBUG:matplotlib.font_manager:findfont: score(<Font 'Iosevka Term' (Iosevka Term Heavy Oblique Nerd Font Complete.ttf) oblique normal 700 normal>) = 11.335
DEBUG:matplotlib.font_manager:findfont: score(<Font 'NotoSerifDisplay Nerd Font' (Noto Serif Display ExtraCondensed Medium Nerd Font Complete.ttf) normal normal medium condensed>) = 10.344999999999999
DEBUG:matplotlib.font_manager:findfont: score(<Font 'NotoSans Nerd Font Mono' (Noto Sans SemiCondensed Black Nerd Font Complete Mono.ttf) normal normal black condensed>) = 10.725
DEBUG:matplotlib.font_manager:findfont: score(<Font 'NotoSansDisplay Nerd Font Mono' (Noto Sans Display ExtraCondensed Medium Italic Nerd Font Complete Mono.ttf) italic normal medium condensed>) = 11.344999999999999
DEBUG:matplotlib.font_manager:findfont: score(<Font 'Noto Sans Display' (NotoSansDisplay-LightItalic.ttf) italic normal light normal>) = 11.24
DEBUG:matplotlib.font_manager:findfont: score(<Font 'InconsolataGo Nerd Font' (InconsolataGo Nerd Font Complete.ttf) normal normal 400 normal>) = 10.05
DEBUG:matplotlib.font_manager:findfont: score(<Font 'MesloLGSDZ Nerd Font Mono' (Meslo LG S DZ Regular Nerd Font Complete Mono.otf) normal normal regular normal>) = 10.05
DEBUG:matplotlib.font_manager:findfont: score(<Font 'Iosevka Term' (Iosevka Term Medium Italic Nerd Font Complete Mono.ttf) italic normal medium normal>) = 11.145
DEBUG:matplotlib.font_manager:findfont: score(<Font 'NotoSans Nerd Font' (Noto Sans ExtraCondensed ExtraLight Italic Nerd Font Complete.ttf) italic normal light condensed>) = 11.44
DEBUG:matplotlib.font_manager:findfont: score(<Font 'BitstreamVeraSansMono Nerd Font' (Bitstream Vera Sans Mono Bold Oblique Nerd Font Complete.ttf) oblique normal 700 normal>) = 11.335
DEBUG:matplotlib.font_manager:findfont: score(<Font 'HeavyData Nerd Font Mono' (Heavy Data Nerd Font Complete Mono.ttf) normal normal heavy normal>) = 10.43
DEBUG:matplotlib.font_manager:findfont: score(<Font 'Noto Serif Kannada' (NotoSerifKannada-Black.ttf) normal normal black normal>) = 10.525
DEBUG:matplotlib.font_manager:findfont: score(<Font 'Noto Sans Symbols' (NotoSansSymbols-Black.ttf) normal normal black normal>) = 10.525
DEBUG:matplotlib.font_manager:findfont: score(<Font 'Noto Sans Cham' (NotoSansCham-Thin.ttf) normal normal 400 normal>) = 10.05
DEBUG:matplotlib.font_manager:findfont: score(<Font 'NotoSerifDisplay Nerd Font' (Noto Serif Display Condensed Italic Nerd Font Complete.ttf) italic normal 400 condensed>) = 11.25
DEBUG:matplotlib.font_manager:findfont: score(<Font 'NotoSansMono Nerd Font' (Noto Sans Mono Condensed Nerd Font Complete.ttf) normal normal 400 condensed>) = 10.25
DEBUG:matplotlib.font_manager:findfont: score(<Font 'Noto Sans Bamum' (NotoSansBamum-Regular.ttf) normal normal regular normal>) = 10.05
DEBUG:matplotlib.font_manager:findfont: score(<Font 'Noto Serif Hebrew' (NotoSerifHebrew-Light.ttf) normal normal light normal>) = 10.24
DEBUG:matplotlib.font_manager:findfont: score(<Font 'Noto Sans Khmer' (NotoSansKhmer-Thin.ttf) normal normal 400 normal>) = 10.05
DEBUG:matplotlib.font_manager:findfont: score(<Font 'Cousine Nerd Font' (Cousine Bold Nerd Font Complete.ttf) normal normal 700 normal>) = 10.335
DEBUG:matplotlib.font_manager:findfont: score(<Font 'NotoSansDisplay Nerd Font' (Noto Sans Display SemiCondensed Light Italic Nerd Font Complete.ttf) italic normal light condensed>) = 11.44
DEBUG:matplotlib.font_manager:findfont: score(<Font 'Noto Sans Lao UI' (NotoSansLaoUI-Thin.ttf) normal normal 400 normal>) = 10.05
DEBUG:matplotlib.font_manager:findfont: score(<Font 'NotoSansDisplay Nerd Font' (Noto Sans Display Black Italic Nerd Font Complete.ttf) italic normal black normal>) = 11.525
DEBUG:matplotlib.font_manager:findfont: score(<Font 'Noto Sans Display' (NotoSansDisplay-Bold.ttf) normal normal 700 normal>) = 10.335
DEBUG:matplotlib.font_manager:findfont: score(<Font 'mplus Nerd Font Mono' (M+ 1p thin Nerd Font Complete Mono.ttf) normal normal 400 normal>) = 10.05
DEBUG:matplotlib.font_manager:findfont: score(<Font 'Standard Symbols PS' (StandardSymbolsPS.otf) normal normal 400 normal>) = 10.05
DEBUG:matplotlib.font_manager:findfont: score(<Font 'NotoSerifDisplay Nerd Font' (Noto Serif Display ExtraCondensed Black Italic Nerd Font Complete.ttf) italic normal black condensed>) = 11.725
DEBUG:matplotlib.font_manager:findfont: score(<Font 'Liberation Serif' (LiberationSerif-Bold.ttf) normal normal 700 normal>) = 10.335
DEBUG:matplotlib.font_manager:findfont: score(<Font 'Iosevka Term' (Iosevka Term Thin Italic Nerd Font Complete.ttf) italic normal 400 normal>) = 11.05
DEBUG:matplotlib.font_manager:findfont: score(<Font 'Noto Sans Tamil UI' (NotoSansTamilUI-Thin.ttf) normal normal 400 normal>) = 10.05
DEBUG:matplotlib.font_manager:findfont: score(<Font 'NotoSerifDisplay Nerd Font' (Noto Serif Display SemiCondensed Thin Nerd Font Complete.ttf) normal normal 400 condensed>) = 10.25
DEBUG:matplotlib.font_manager:findfont: score(<Font 'Overpass Nerd Font Mono' (Overpass ExtraBold Nerd Font Complete Mono.otf) normal normal bold normal>) = 10.335
DEBUG:matplotlib.font_manager:findfont: score(<Font 'NotoSans Nerd Font Mono' (Noto Sans ExtraCondensed ExtraBold Nerd Font Complete Mono.ttf) normal normal bold condensed>) = 10.535
DEBUG:matplotlib.font_manager:findfont: score(<Font 'NotoSerif Nerd Font Mono' (Noto Serif ExtraCondensed Light Italic Nerd Font Complete Mono.ttf) italic normal light condensed>) = 11.44
DEBUG:matplotlib.font_manager:findfont: score(<Font 'Noto Sans Khmer' (NotoSansKhmer-Medium.ttf) normal normal medium normal>) = 10.145
DEBUG:matplotlib.font_manager:findfont: score(<Font 'NotoSerif Nerd Font Mono' (Noto Serif Condensed ExtraLight Nerd Font Complete Mono.ttf) normal normal light condensed>) = 10.44
DEBUG:matplotlib.font_manager:findfont: score(<Font 'SauceCodePro Nerd Font Mono' (Sauce Code Pro Nerd Font Complete Mono.ttf) normal normal 400 normal>) = 10.05
DEBUG:matplotlib.font_manager:findfont: score(<Font 'Hasklug Nerd Font' (Hasklug Semibold Italic Nerd Font Complete.otf) italic normal semibold normal>) = 11.24
DEBUG:matplotlib.font_manager:findfont: score(<Font 'Arimo Nerd Font Mono' (Arimo Regular Nerd Font Complete Mono.ttf) normal normal regular normal>) = 10.05
DEBUG:matplotlib.font_manager:findfont: score(<Font 'NotoSansDisplay Nerd Font' (Noto Sans Display SemiCondensed ExtraBold Nerd Font Complete.ttf) normal normal bold condensed>) = 10.535
DEBUG:matplotlib.font_manager:findfont: score(<Font 'mplus Nerd Font' (M+ 2c heavy Nerd Font Complete.ttf) normal normal 700 normal>) = 10.335
DEBUG:matplotlib.font_manager:findfont: score(<Font 'NotoSans Nerd Font Mono' (Noto Sans Regular Nerd Font Complete Mono.ttf) normal normal regular normal>) = 10.05
DEBUG:matplotlib.font_manager:findfont: score(<Font 'RobotoMono Nerd Font Mono' (Roboto Mono Light Nerd Font Complete Mono.ttf) normal normal light normal>) = 10.24
DEBUG:matplotlib.font_manager:findfont: score(<Font 'DejaVu Math TeX Gyre' (DejaVuMathTeXGyre.ttf) normal normal regular normal>) = 10.05
DEBUG:matplotlib.font_manager:findfont: score(<Font 'DejaVuSansMono Nerd Font' (DejaVu Sans Mono Bold Nerd Font Complete.ttf) normal normal 700 normal>) = 10.335
DEBUG:matplotlib.font_manager:findfont: score(<Font 'Nimbus Roman' (NimbusRoman-Italic.otf) italic normal roman normal>) = 11.145
DEBUG:matplotlib.font_manager:findfont: score(<Font 'NotoSans Nerd Font Mono' (Noto Sans ExtraCondensed SemiBold Nerd Font Complete Mono.ttf) normal normal semibold condensed>) = 10.44
DEBUG:matplotlib.font_manager:findfont: score(<Font 'Noto Sans Egyptian Hieroglyphs' (NotoSansEgyptianHieroglyphs-Regular.ttf) normal normal regular normal>) = 10.05
DEBUG:matplotlib.font_manager:findfont: score(<Font 'NotoSansMono Nerd Font Mono' (Noto Sans Mono SemiCondensed Light Nerd Font Complete Mono.ttf) normal normal light condensed>) = 10.44
DEBUG:matplotlib.font_manager:findfont: score(<Font 'NotoSans Nerd Font' (Noto Sans SemiCondensed ExtraBold Nerd Font Complete.ttf) normal normal bold condensed>) = 10.535
DEBUG:matplotlib.font_manager:findfont: score(<Font 'NotoSerif Nerd Font' (Noto Serif Condensed ExtraBold Italic Nerd Font Complete.ttf) italic normal bold condensed>) = 11.535
DEBUG:matplotlib.font_manager:findfont: score(<Font 'DejaVu Serif' (DejaVuSerifCondensed-Italic.ttf) italic normal 400 condensed>) = 11.25
DEBUG:matplotlib.font_manager:findfont: score(<Font 'BlexMono Nerd Font' (Blex Mono Light Nerd Font Complete.ttf) normal normal light normal>) = 10.24
DEBUG:matplotlib.font_manager:findfont: score(<Font 'Iosevka' (Iosevka Bold Nerd Font Complete Mono.ttf) normal normal 700 normal>) = 10.335
DEBUG:matplotlib.font_manager:findfont: score(<Font 'RobotoMono Nerd Font Mono' (Roboto Mono Bold Nerd Font Complete Mono.ttf) normal normal 700 normal>) = 10.335
DEBUG:matplotlib.font_manager:findfont: score(<Font 'Noto Serif Myanmar' (NotoSerifMyanmar-Bold.ttf) normal normal 700 normal>) = 10.335
DEBUG:matplotlib.font_manager:findfont: score(<Font 'Noto Naskh Arabic UI' (NotoNaskhArabicUI-Bold.ttf) normal normal 700 normal>) = 10.335
DEBUG:matplotlib.font_manager:findfont: score(<Font 'NotoSerifDisplay Nerd Font Mono' (Noto Serif Display ExtraCondensed ExtraLight Nerd Font Complete Mono.ttf) normal normal light condensed>) = 10.44
DEBUG:matplotlib.font_manager:findfont: score(<Font 'Hasklug Nerd Font' (Hasklug Bold Nerd Font Complete.otf) normal normal 700 normal>) = 10.335
DEBUG:matplotlib.font_manager:findfont: score(<Font 'Iosevka Term' (Iosevka Term Bold Oblique Nerd Font Complete.ttf) oblique normal 700 normal>) = 11.335
DEBUG:matplotlib.font_manager:findfont: score(<Font 'mplus Nerd Font Mono' (M+ 2m Nerd Font Complete Mono.ttf) normal normal 400 normal>) = 10.05
DEBUG:matplotlib.font_manager:findfont: score(<Font 'SpaceMono Nerd Font Mono' (Space Mono Nerd Font Complete Mono.ttf) normal normal 400 normal>) = 10.05
DEBUG:matplotlib.font_manager:findfont: score(<Font 'NotoSerifDisplay Nerd Font Mono' (Noto Serif Display Condensed Black Nerd Font Complete Mono.ttf) normal normal black condensed>) = 10.725
DEBUG:matplotlib.font_manager:findfont: score(<Font 'NotoSerifDisplay Nerd Font' (Noto Serif Display ExtraCondensed Light Nerd Font Complete.ttf) normal normal light condensed>) = 10.44
DEBUG:matplotlib.font_manager:findfont: score(<Font 'NotoSans Nerd Font' (Noto Sans Condensed Black Nerd Font Complete.ttf) normal normal black condensed>) = 10.725
DEBUG:matplotlib.font_manager:findfont: score(<Font 'InconsolataLGC Nerd Font Mono' (Inconsolata LGC Italic Nerd Font Complete Mono.ttf) italic normal 400 normal>) = 11.05
DEBUG:matplotlib.font_manager:findfont: score(<Font 'NotoSans Nerd Font Mono' (Noto Sans SemiCondensed Thin Italic Nerd Font Complete Mono.ttf) italic normal 400 condensed>) = 11.25
DEBUG:matplotlib.font_manager:findfont: score(<Font 'NotoSans Nerd Font Mono' (Noto Sans SemiCondensed Medium Italic Nerd Font Complete Mono.ttf) italic normal medium condensed>) = 11.344999999999999
DEBUG:matplotlib.font_manager:findfont: score(<Font 'Noto Sans Display' (NotoSansDisplay-BoldItalic.ttf) italic normal 700 normal>) = 11.335
DEBUG:matplotlib.font_manager:findfont: score(<Font 'Noto Sans Canadian Aboriginal' (NotoSansCanadianAboriginal-Bold.ttf) normal normal 700 normal>) = 10.335
DEBUG:matplotlib.font_manager:findfont: score(<Font 'NotoSerif Nerd Font Mono' (Noto Serif SemiCondensed Bold Italic Nerd Font Complete Mono.ttf) italic normal 700 condensed>) = 11.535
DEBUG:matplotlib.font_manager:findfont: score(<Font 'NotoSerif Nerd Font Mono' (Noto Serif SemiCondensed Nerd Font Complete Mono.ttf) normal normal 400 condensed>) = 10.25
DEBUG:matplotlib.font_manager:findfont: score(<Font 'NotoSansMono Nerd Font Mono' (Noto Sans Mono Condensed Medium Nerd Font Complete Mono.ttf) normal normal medium condensed>) = 10.344999999999999
DEBUG:matplotlib.font_manager:findfont: score(<Font 'NotoSerif Nerd Font' (Noto Serif ExtraCondensed Bold Nerd Font Complete.ttf) normal normal 700 condensed>) = 10.535
DEBUG:matplotlib.font_manager:findfont: score(<Font 'NotoSansMono Nerd Font' (Noto Sans Mono Condensed Light Nerd Font Complete.ttf) normal normal light condensed>) = 10.44
DEBUG:matplotlib.font_manager:findfont: score(<Font 'Cousine Nerd Font' (Cousine Italic Nerd Font Complete.ttf) italic normal 400 normal>) = 11.05
DEBUG:matplotlib.font_manager:findfont: score(<Font 'NotoSansDisplay Nerd Font Mono' (Noto Sans Display SemiCondensed ExtraBold Nerd Font Complete Mono.ttf) normal normal bold condensed>) = 10.535
DEBUG:matplotlib.font_manager:findfont: score(<Font 'NotoSerifDisplay Nerd Font Mono' (Noto Serif Display SemiCondensed Bold Nerd Font Complete Mono.ttf) normal normal 700 condensed>) = 10.535
DEBUG:matplotlib.font_manager:findfont: score(<Font 'SauceCodePro Nerd Font Mono' (Sauce Code Pro Black Italic Nerd Font Complete Mono.ttf) italic normal black normal>) = 11.525
DEBUG:matplotlib.font_manager:findfont: score(<Font 'ProggyCleanTTCE Nerd Font' (ProggyCleanTT CE Nerd Font Complete.ttf) normal normal 400 normal>) = 10.05
DEBUG:matplotlib.font_manager:findfont: score(<Font 'mplus Nerd Font Mono' (M+ 2c black Nerd Font Complete Mono.ttf) normal normal 700 normal>) = 10.335
DEBUG:matplotlib.font_manager:findfont: score(<Font 'DejaVuSansMono Nerd Font Mono' (DejaVu Sans Mono Oblique Nerd Font Complete Mono.ttf) oblique normal 400 normal>) = 11.05
DEBUG:matplotlib.font_manager:findfont: score(<Font 'NotoSansDisplay Nerd Font' (Noto Sans Display SemiCondensed SemiBold Italic Nerd Font Complete.ttf) italic normal semibold condensed>) = 11.44
DEBUG:matplotlib.font_manager:findfont: score(<Font 'Iosevka' (Iosevka Thin Oblique Nerd Font Complete Mono.ttf) oblique normal 400 normal>) = 11.05
DEBUG:matplotlib.font_manager:findfont: score(<Font 'NotoSansDisplay Nerd Font Mono' (Noto Sans Display SemiCondensed Thin Nerd Font Complete Mono.ttf) normal normal 400 condensed>) = 10.25
DEBUG:matplotlib.font_manager:findfont: score(<Font 'NotoSans Nerd Font Mono' (Noto Sans Regular Nerd Font Complete Mono.ttf) normal normal regular normal>) = 10.05
DEBUG:matplotlib.font_manager:findfont: score(<Font 'Ubuntu Nerd Font Mono' (Ubuntu Italic Nerd Font Complete Mono.ttf) italic normal 400 normal>) = 11.05
DEBUG:matplotlib.font_manager:findfont: score(<Font 'HeavyData Nerd Font' (Heavy Data Nerd Font Complete.ttf) normal normal heavy normal>) = 10.43
DEBUG:matplotlib.font_manager:findfont: score(<Font 'NotoSans Nerd Font' (Noto Sans Condensed Light Italic Nerd Font Complete.ttf) italic normal light condensed>) = 11.44
DEBUG:matplotlib.font_manager:findfont: score(<Font 'Noto Sans Warang Citi' (NotoSansWarangCiti-Regular.ttf) normal normal regular normal>) = 10.05
DEBUG:matplotlib.font_manager:findfont: score(<Font 'Noto Sans Malayalam' (NotoSansMalayalam-Bold.ttf) normal normal 700 normal>) = 10.335
DEBUG:matplotlib.font_manager:findfont: score(<Font 'NotoSans Nerd Font Mono' (Noto Sans Medium Nerd Font Complete Mono.ttf) normal normal medium normal>) = 10.145
DEBUG:matplotlib.font_manager:findfont: score(<Font 'Noto Sans Arabic' (NotoSansArabic-Regular.ttf) normal normal regular normal>) = 10.05
DEBUG:matplotlib.font_manager:findfont: score(<Font 'Iosevka Term' (Iosevka Term Medium Oblique Nerd Font Complete.ttf) oblique normal medium normal>) = 11.145
DEBUG:matplotlib.font_manager:findfont: score(<Font 'OpenDyslexicAlta Nerd Font Mono' (OpenDyslexicAlta Bold Nerd Font Complete Mono.otf) normal normal 700 normal>) = 10.335
DEBUG:matplotlib.font_manager:findfont: score(<Font 'NotoSans Nerd Font Mono' (Noto Sans Condensed Light Italic Nerd Font Complete Mono.ttf) italic normal light condensed>) = 11.44
DEBUG:matplotlib.font_manager:findfont: score(<Font 'InconsolataLGC Nerd Font' (Inconsolata LGC Bold Nerd Font Complete.ttf) normal normal 700 normal>) = 10.335
DEBUG:matplotlib.font_manager:findfont: score(<Font 'Noto Serif Ethiopic' (NotoSerifEthiopic-Light.ttf) normal normal light normal>) = 10.24
DEBUG:matplotlib.font_manager:findfont: score(<Font 'Iosevka' (Iosevka Extralight Oblique Nerd Font Complete Mono.ttf) oblique normal light normal>) = 11.24
DEBUG:matplotlib.font_manager:findfont: score(<Font 'BlexMono Nerd Font' (Blex Mono SemiBold Italic Nerd Font Complete.ttf) italic normal semibold normal>) = 11.24
DEBUG:matplotlib.font_manager:findfont: score(<Font 'Arimo Nerd Font Mono' (Arimo Bold Italic Nerd Font Complete Mono.ttf) italic normal 700 normal>) = 11.335
DEBUG:matplotlib.font_manager:findfont: score(<Font 'mplus Nerd Font' (M+ 2p black Nerd Font Complete.ttf) normal normal 700 normal>) = 10.335
DEBUG:matplotlib.font_manager:findfont: score(<Font 'NotoSerifDisplay Nerd Font Mono' (Noto Serif Display SemiCondensed Bold Nerd Font Complete Mono.ttf) normal normal 700 condensed>) = 10.535
DEBUG:matplotlib.font_manager:findfont: score(<Font 'Overpass Nerd Font Mono' (Overpass Bold Italic Nerd Font Complete Mono.otf) italic normal 700 normal>) = 11.335
DEBUG:matplotlib.font_manager:findfont: score(<Font 'DejaVuSansMono Nerd Font' (DejaVu Sans Mono Oblique Nerd Font Complete.ttf) oblique normal 400 normal>) = 11.05
DEBUG:matplotlib.font_manager:findfont: score(<Font 'NotoSerif Nerd Font Mono' (Noto Serif Light Nerd Font Complete Mono.ttf) normal normal light normal>) = 10.24
DEBUG:matplotlib.font_manager:findfont: score(<Font 'Anonymice Nerd Font' (Anonymice Nerd Font Complete.ttf) normal normal 400 normal>) = 10.05
DEBUG:matplotlib.font_manager:findfont: score(<Font 'NotoSansDisplay Nerd Font' (Noto Sans Display ExtraCondensed Thin Nerd Font Complete.ttf) normal normal 400 condensed>) = 10.25
DEBUG:matplotlib.font_manager:findfont: score(<Font 'Noto Sans Cham' (NotoSansCham-Bold.ttf) normal normal 700 normal>) = 10.335
DEBUG:matplotlib.font_manager:findfont: score(<Font 'NotoSans Nerd Font Mono' (Noto Sans SemiCondensed Bold Italic Nerd Font Complete Mono.ttf) italic normal 700 condensed>) = 11.535
DEBUG:matplotlib.font_manager:findfont: score(<Font 'Noto Sans Palmyrene' (NotoSansPalmyrene-Regular.ttf) normal normal regular normal>) = 10.05
DEBUG:matplotlib.font_manager:findfont: score(<Font 'OpenDyslexic Nerd Font' (OpenDyslexic Bold Nerd Font Complete.otf) normal normal 700 normal>) = 10.335
DEBUG:matplotlib.font_manager:findfont: score(<Font 'NotoSans Nerd Font' (Noto Sans Condensed Bold Nerd Font Complete.ttf) normal normal 700 condensed>) = 10.535
DEBUG:matplotlib.font_manager:findfont: score(<Font 'mplus Nerd Font' (M+ 2p black Nerd Font Complete.ttf) normal normal 700 normal>) = 10.335
DEBUG:matplotlib.font_manager:findfont: score(<Font 'NotoSerif Nerd Font Mono' (Noto Serif ExtraBold Italic Nerd Font Complete Mono.ttf) italic normal bold normal>) = 11.335
DEBUG:matplotlib.font_manager:findfont: score(<Font 'RobotoMono Nerd Font Mono' (Roboto Mono Thin Nerd Font Complete Mono.ttf) normal normal 400 normal>) = 10.05
DEBUG:matplotlib.font_manager:findfont: score(<Font 'mplus Nerd Font Mono' (M+ 1p Nerd Font Complete Mono.ttf) normal normal 400 normal>) = 10.05
DEBUG:matplotlib.font_manager:findfont: score(<Font 'AurulentSansMono Nerd Font Mono' (AurulentSansMono-Regular Nerd Font Complete Mono.otf) normal normal regular normal>) = 10.05
DEBUG:matplotlib.font_manager:findfont: score(<Font 'Source Code Pro' (SourceCodePro-ExtraLight.otf) normal normal light normal>) = 10.24
DEBUG:matplotlib.font_manager:findfont: score(<Font 'NotoSerif Nerd Font Mono' (Noto Serif ExtraCondensed Nerd Font Complete Mono.ttf) normal normal 400 condensed>) = 10.25
DEBUG:matplotlib.font_manager:findfont: score(<Font 'NotoSans Nerd Font Mono' (Noto Sans ExtraCondensed Medium Nerd Font Complete Mono.ttf) normal normal medium condensed>) = 10.344999999999999
DEBUG:matplotlib.font_manager:findfont: score(<Font 'NotoSerifDisplay Nerd Font' (Noto Serif Display Black Nerd Font Complete.ttf) normal normal black normal>) = 10.525
DEBUG:matplotlib.font_manager:findfont: score(<Font 'NotoSerifDisplay Nerd Font Mono' (Noto Serif Display Condensed Nerd Font Complete Mono.ttf) normal normal 400 condensed>) = 10.25
DEBUG:matplotlib.font_manager:findfont: score(<Font 'Arimo Nerd Font Mono' (Arimo Bold Nerd Font Complete Mono.ttf) normal normal 700 normal>) = 10.335
DEBUG:matplotlib.font_manager:findfont: score(<Font 'RobotoMono Nerd Font Mono' (Roboto Mono Bold Italic Nerd Font Complete Mono.ttf) italic normal 700 normal>) = 11.335
DEBUG:matplotlib.font_manager:findfont: score(<Font 'NotoSansMono Nerd Font Mono' (Noto Sans Mono ExtraCondensed Thin Nerd Font Complete Mono.ttf) normal normal 400 condensed>) = 10.25
DEBUG:matplotlib.font_manager:findfont: score(<Font 'Noto Sans Old South Arabian' (NotoSansOldSouthArabian-Regular.ttf) normal normal regular normal>) = 10.05
DEBUG:matplotlib.font_manager:findfont: score(<Font 'NotoSansDisplay Nerd Font Mono' (Noto Sans Display SemiCondensed ExtraBold Italic Nerd Font Complete Mono.ttf) italic normal bold condensed>) = 11.535
DEBUG:matplotlib.font_manager:findfont: score(<Font 'NotoSerif Nerd Font Mono' (Noto Serif ExtraCondensed Bold Nerd Font Complete Mono.ttf) normal normal 700 condensed>) = 10.535
DEBUG:matplotlib.font_manager:findfont: score(<Font 'NotoSans Nerd Font Mono' (Noto Sans ExtraCondensed Bold Italic Nerd Font Complete Mono.ttf) italic normal 700 condensed>) = 11.535
DEBUG:matplotlib.font_manager:findfont: score(<Font 'NotoSansMono Nerd Font Mono' (Noto Sans Mono Black Nerd Font Complete Mono.ttf) normal normal black normal>) = 10.525
DEBUG:matplotlib.font_manager:findfont: score(<Font 'FantasqueSansMono Nerd Font Mono' (Fantasque Sans Mono Bold Italic Nerd Font Complete Mono.ttf) italic normal 700 normal>) = 11.335
DEBUG:matplotlib.font_manager:findfont: score(<Font 'Noto Sans Telugu' (NotoSansTelugu-Black.ttf) normal normal black normal>) = 10.525
DEBUG:matplotlib.font_manager:findfont: score(<Font 'DejaVuSansMono Nerd Font' (DejaVu Sans Mono Bold Nerd Font Complete.ttf) normal normal 700 normal>) = 10.335
DEBUG:matplotlib.font_manager:findfont: score(<Font 'NotoSansDisplay Nerd Font Mono' (Noto Sans Display ExtraCondensed ExtraBold Italic Nerd Font Complete Mono.ttf) italic normal bold condensed>) = 11.535
DEBUG:matplotlib.font_manager:findfont: score(<Font 'Ubuntu Nerd Font' (Ubuntu Nerd Font Complete.ttf) normal normal 400 normal>) = 10.05
DEBUG:matplotlib.font_manager:findfont: score(<Font 'NotoSerifDisplay Nerd Font Mono' (Noto Serif Display Medium Nerd Font Complete Mono.ttf) normal normal medium normal>) = 10.145
DEBUG:matplotlib.font_manager:findfont: score(<Font 'GohuFont Nerd Font Mono' (GohuFont Nerd Font Complete Mono.ttf) normal normal 400 normal>) = 10.05
DEBUG:matplotlib.font_manager:findfont: score(<Font 'NotoSansDisplay Nerd Font' (Noto Sans Display ExtraCondensed Medium Nerd Font Complete.ttf) normal normal medium condensed>) = 10.344999999999999
DEBUG:matplotlib.font_manager:findfont: score(<Font 'GoMono Nerd Font' (Go Mono Nerd Font Complete.ttf) normal normal 400 normal>) = 10.05
DEBUG:matplotlib.font_manager:findfont: score(<Font 'Noto Serif Sinhala' (NotoSerifSinhala-Bold.ttf) normal normal 700 normal>) = 10.335
DEBUG:matplotlib.font_manager:findfont: score(<Font 'NotoSansDisplay Nerd Font Mono' (Noto Sans Display ExtraCondensed Nerd Font Complete Mono.ttf) normal normal 400 condensed>) = 10.25
DEBUG:matplotlib.font_manager:findfont: score(<Font 'Arimo Nerd Font' (Arimo Italic Nerd Font Complete.ttf) italic normal 400 normal>) = 11.05
DEBUG:matplotlib.font_manager:findfont: score(<Font 'NotoSerifDisplay Nerd Font' (Noto Serif Display SemiCondensed SemiBold Nerd Font Complete.ttf) normal normal semibold condensed>) = 10.44
DEBUG:matplotlib.font_manager:findfont: score(<Font 'NotoSansDisplay Nerd Font' (Noto Sans Display SemiBold Nerd Font Complete.ttf) normal normal semibold normal>) = 10.24
DEBUG:matplotlib.font_manager:findfont: score(<Font 'Cousine Nerd Font' (Cousine Bold Nerd Font Complete.ttf) normal normal 700 normal>) = 10.335
DEBUG:matplotlib.font_manager:findfont: score(<Font 'Noto Sans Brahmi' (NotoSansBrahmi-Regular.ttf) normal normal regular normal>) = 10.05
DEBUG:matplotlib.font_manager:findfont: score(<Font 'Hasklug Nerd Font' (Hasklug Light Nerd Font Complete.otf) normal normal light normal>) = 10.24
DEBUG:matplotlib.font_manager:findfont: score(<Font 'NotoSerifDisplay Nerd Font' (Noto Serif Display SemiCondensed Nerd Font Complete.ttf) normal normal 400 condensed>) = 10.25
DEBUG:matplotlib.font_manager:findfont: score(<Font 'Noto Sans Oriya' (NotoSansOriya-Bold.ttf) normal normal 700 normal>) = 10.335
DEBUG:matplotlib.font_manager:findfont: score(<Font 'NotoSansDisplay Nerd Font Mono' (Noto Sans Display SemiCondensed Bold Italic Nerd Font Complete Mono.ttf) italic normal 700 condensed>) = 11.535
DEBUG:matplotlib.font_manager:findfont: score(<Font 'NotoSans Nerd Font' (Noto Sans SemiCondensed Light Nerd Font Complete.ttf) normal normal light condensed>) = 10.44
DEBUG:matplotlib.font_manager:findfont: score(<Font 'Noto Sans Javanese' (NotoSansJavanese-Bold.ttf) normal normal 700 normal>) = 10.335
DEBUG:matplotlib.font_manager:findfont: score(<Font 'Noto Serif Georgian' (NotoSerifGeorgian-Light.ttf) normal normal light normal>) = 10.24
DEBUG:matplotlib.font_manager:findfont: score(<Font 'Iosevka' (Iosevka Bold Italic Nerd Font Complete Mono.ttf) italic normal 700 normal>) = 11.335
DEBUG:matplotlib.font_manager:findfont: score(<Font 'NotoSans Nerd Font' (Noto Sans ExtraCondensed ExtraBold Nerd Font Complete.ttf) normal normal bold condensed>) = 10.535
DEBUG:matplotlib.font_manager:findfont: score(<Font 'Noto Serif Gurmukhi' (NotoSerifGurmukhi-Light.ttf) normal normal light normal>) = 10.24
DEBUG:matplotlib.font_manager:findfont: score(<Font 'Noto Serif Kannada' (NotoSerifKannada-Thin.ttf) normal normal 400 normal>) = 10.05
DEBUG:matplotlib.font_manager:findfont: score(<Font 'Noto Sans' (NotoSans-MediumItalic.ttf) italic normal medium normal>) = 11.145
DEBUG:matplotlib.font_manager:findfont: score(<Font 'FuraCode Nerd Font Mono' (Fura Code Bold Nerd Font Complete Mono.otf) normal normal 700 normal>) = 10.335
DEBUG:matplotlib.font_manager:findfont: score(<Font 'NotoSerifDisplay Nerd Font Mono' (Noto Serif Display ExtraCondensed Italic Nerd Font Complete Mono.ttf) italic normal 400 condensed>) = 11.25
DEBUG:matplotlib.font_manager:findfont: score(<Font 'BlexMono Nerd Font Mono' (Blex Mono Thin Nerd Font Complete Mono.ttf) normal normal 400 normal>) = 10.05
DEBUG:matplotlib.font_manager:findfont: score(<Font 'Noto Serif Telugu' (NotoSerifTelugu-Black.ttf) normal normal black normal>) = 10.525
DEBUG:matplotlib.font_manager:findfont: score(<Font 'NotoSerif Nerd Font Mono' (Noto Serif ExtraCondensed ExtraLight Italic Nerd Font Complete Mono.ttf) italic normal light condensed>) = 11.44
DEBUG:matplotlib.font_manager:findfont: score(<Font 'NotoSans Nerd Font Mono' (Noto Sans Light Italic Nerd Font Complete Mono.ttf) italic normal light normal>) = 11.24
DEBUG:matplotlib.font_manager:findfont: score(<Font 'Iosevka Term' (Iosevka Term Bold Nerd Font Complete.ttf) normal normal 700 normal>) = 10.335
DEBUG:matplotlib.font_manager:findfont: score(<Font 'Tinos Nerd Font Mono' (Tinos Nerd Font Complete Mono.ttf) normal normal 400 normal>) = 10.05
DEBUG:matplotlib.font_manager:findfont: score(<Font 'NotoSerif Nerd Font Mono' (Noto Serif ExtraCondensed Medium Italic Nerd Font Complete Mono.ttf) italic normal medium condensed>) = 11.344999999999999
DEBUG:matplotlib.font_manager:findfont: score(<Font 'RobotoMono Nerd Font Mono' (Roboto Mono Bold Nerd Font Complete Mono.ttf) normal normal 700 normal>) = 10.335
DEBUG:matplotlib.font_manager:findfont: score(<Font 'NotoSerif Nerd Font' (Noto Serif ExtraCondensed SemiBold Nerd Font Complete.ttf) normal normal semibold condensed>) = 10.44
DEBUG:matplotlib.font_manager:findfont: score(<Font 'NotoSerif Nerd Font' (Noto Serif Condensed Black Italic Nerd Font Complete.ttf) italic normal black condensed>) = 11.725
DEBUG:matplotlib.font_manager:findfont: score(<Font 'Iosevka Term' (Iosevka Term Medium Italic Nerd Font Complete Mono.ttf) italic normal medium normal>) = 11.145
DEBUG:matplotlib.font_manager:findfont: score(<Font 'Estrangelo Nisibin Outline' (SyrCOMNisibinOutline.otf) normal normal 400 normal>) = 10.05
DEBUG:matplotlib.font_manager:findfont: score(<Font 'Noto Sans Mono' (NotoSansMono-Light.ttf) normal normal light normal>) = 10.24
DEBUG:matplotlib.font_manager:findfont: score(<Font 'NotoSansDisplay Nerd Font' (Noto Sans Display SemiCondensed Black Nerd Font Complete.ttf) normal normal black condensed>) = 10.725
DEBUG:matplotlib.font_manager:findfont: score(<Font 'Noto Serif Myanmar' (NotoSerifMyanmar-Thin.ttf) normal normal 400 normal>) = 10.05
DEBUG:matplotlib.font_manager:findfont: score(<Font 'NotoSansDisplay Nerd Font' (Noto Sans Display Italic Nerd Font Complete.ttf) italic normal 400 normal>) = 11.05
DEBUG:matplotlib.font_manager:findfont: score(<Font 'Ubuntu Nerd Font' (Ubuntu Italic Nerd Font Complete.ttf) italic normal 400 normal>) = 11.05
DEBUG:matplotlib.font_manager:findfont: score(<Font 'LiterationMono Nerd Font Mono' (Literation Mono Nerd Font Complete Mono.ttf) normal normal 400 normal>) = 10.05
DEBUG:matplotlib.font_manager:findfont: score(<Font 'NotoSerif Nerd Font' (Noto Serif Black Nerd Font Complete.ttf) normal normal black normal>) = 10.525
DEBUG:matplotlib.font_manager:findfont: score(<Font 'Monofuritalic Nerd Font' (monofur italic Nerd Font Complete.ttf) italic normal 400 normal>) = 11.05
DEBUG:matplotlib.font_manager:findfont: score(<Font 'mplus Nerd Font' (M+ 1c Nerd Font Complete.ttf) normal normal 400 normal>) = 10.05
DEBUG:matplotlib.font_manager:findfont: score(<Font 'NotoSans Nerd Font Mono' (Noto Sans ExtraLight Nerd Font Complete Mono.ttf) normal normal light normal>) = 10.24
DEBUG:matplotlib.font_manager:findfont: score(<Font 'Noto Sans Lao UI' (NotoSansLaoUI-Light.ttf) normal normal light normal>) = 10.24
DEBUG:matplotlib.font_manager:findfont: score(<Font 'NotoSansMono Nerd Font' (Noto Sans Mono Condensed ExtraBold Nerd Font Complete.ttf) normal normal bold condensed>) = 10.535
DEBUG:matplotlib.font_manager:findfont: score(<Font 'NotoSansDisplay Nerd Font Mono' (Noto Sans Display SemiCondensed Italic Nerd Font Complete Mono.ttf) italic normal 400 condensed>) = 11.25
DEBUG:matplotlib.font_manager:findfont: score(<Font 'Noto Sans Canadian Aboriginal' (NotoSansCanadianAboriginal-Regular.ttf) normal normal regular normal>) = 10.05
DEBUG:matplotlib.font_manager:findfont: score(<Font 'NotoSansDisplay Nerd Font Mono' (Noto Sans Display ExtraCondensed Black Italic Nerd Font Complete Mono.ttf) italic normal black condensed>) = 11.725
DEBUG:matplotlib.font_manager:findfont: score(<Font 'NotoSerifDisplay Nerd Font' (Noto Serif Display SemiBold Italic Nerd Font Complete.ttf) italic normal semibold normal>) = 11.24
DEBUG:matplotlib.font_manager:findfont: score(<Font 'Cousine Nerd Font Mono' (Cousine Italic Nerd Font Complete Mono.ttf) italic normal 400 normal>) = 11.05
DEBUG:matplotlib.font_manager:findfont: score(<Font 'Iosevka' (Iosevka Light Nerd Font Complete Mono.ttf) normal normal light normal>) = 10.24
DEBUG:matplotlib.font_manager:findfont: score(<Font 'NotoSans Nerd Font Mono' (Noto Sans SemiCondensed Black Italic Nerd Font Complete Mono.ttf) italic normal black condensed>) = 11.725
DEBUG:matplotlib.font_manager:findfont: score(<Font 'NotoSerif Nerd Font Mono' (Noto Serif SemiCondensed Light Italic Nerd Font Complete Mono.ttf) italic normal light condensed>) = 11.44
DEBUG:matplotlib.font_manager:findfont: score(<Font 'Iosevka Term' (Iosevka Term Light Oblique Nerd Font Complete.ttf) oblique normal light normal>) = 11.24
DEBUG:matplotlib.font_manager:findfont: score(<Font 'Iosevka Term' (Iosevka Term Oblique Nerd Font Complete Mono.ttf) oblique normal 400 normal>) = 11.05
DEBUG:matplotlib.font_manager:findfont: score(<Font 'NotoSerif Nerd Font Mono' (Noto Serif Condensed ExtraBold Italic Nerd Font Complete Mono.ttf) italic normal bold condensed>) = 11.535
DEBUG:matplotlib.font_manager:findfont: score(<Font 'NotoSansMono Nerd Font' (Noto Sans Mono Condensed ExtraBold Nerd Font Complete.ttf) normal normal bold condensed>) = 10.535
DEBUG:matplotlib.font_manager:findfont: score(<Font 'Hasklug Nerd Font Mono' (Hasklug Semibold Nerd Font Complete Mono.otf) normal normal semibold normal>) = 10.24
DEBUG:matplotlib.font_manager:findfont: score(<Font 'NotoSerif Nerd Font Mono' (Noto Serif SemiCondensed ExtraLight Nerd Font Complete Mono.ttf) normal normal light condensed>) = 10.44
DEBUG:matplotlib.font_manager:findfont: score(<Font 'Noto Sans Adlam Unjoined' (NotoSansAdlamUnjoined-Regular.ttf) normal normal regular normal>) = 10.05
DEBUG:matplotlib.font_manager:findfont: score(<Font 'NotoSansDisplay Nerd Font Mono' (Noto Sans Display Condensed SemiBold Italic Nerd Font Complete Mono.ttf) italic normal semibold condensed>) = 11.44
DEBUG:matplotlib.font_manager:findfont: score(<Font 'Noto Sans Cherokee' (NotoSansCherokee-Light.ttf) normal normal light normal>) = 10.24
DEBUG:matplotlib.font_manager:findfont: score(<Font 'NotoSansMono Nerd Font Mono' (Noto Sans Mono ExtraCondensed Bold Nerd Font Complete Mono.ttf) normal normal 700 condensed>) = 10.535
DEBUG:matplotlib.font_manager:findfont: score(<Font 'Hasklug Nerd Font Mono' (Hasklug Nerd Font Complete Mono.otf) normal normal 400 normal>) = 10.05
DEBUG:matplotlib.font_manager:findfont: score(<Font 'mplus Nerd Font' (M+ 1p medium Nerd Font Complete.ttf) normal normal medium normal>) = 10.145
DEBUG:matplotlib.font_manager:findfont: score(<Font 'Anonymice Nerd Font Mono' (Anonymice Nerd Font Complete Mono.ttf) normal normal 400 normal>) = 10.05
DEBUG:matplotlib.font_manager:findfont: score(<Font 'NotoSans Nerd Font' (Noto Sans Condensed Italic Nerd Font Complete.ttf) italic normal 400 condensed>) = 11.25
DEBUG:matplotlib.font_manager:findfont: score(<Font 'Noto Serif Malayalam' (NotoSerifMalayalam-Medium.ttf) normal normal medium normal>) = 10.145
DEBUG:matplotlib.font_manager:findfont: score(<Font 'NotoSerifDisplay Nerd Font' (Noto Serif Display SemiCondensed ExtraLight Nerd Font Complete.ttf) normal normal light condensed>) = 10.44
DEBUG:matplotlib.font_manager:findfont: score(<Font 'NotoSerifDisplay Nerd Font Mono' (Noto Serif Display Condensed Nerd Font Complete Mono.ttf) normal normal 400 condensed>) = 10.25
DEBUG:matplotlib.font_manager:findfont: score(<Font 'Overpass Nerd Font Mono' (Overpass Heavy Nerd Font Complete Mono.otf) normal normal heavy normal>) = 10.43
DEBUG:matplotlib.font_manager:findfont: score(<Font 'NotoSans Nerd Font Mono' (Noto Sans Condensed Thin Nerd Font Complete Mono.ttf) normal normal 400 condensed>) = 10.25
DEBUG:matplotlib.font_manager:findfont: score(<Font 'Iosevka Term' (Iosevka Term Extralight Italic Nerd Font Complete Mono.ttf) italic normal light normal>) = 11.24
DEBUG:matplotlib.font_manager:findfont: score(<Font 'Ubuntu Nerd Font Mono' (Ubuntu Medium Nerd Font Complete Mono.ttf) normal normal 700 normal>) = 10.335
DEBUG:matplotlib.font_manager:findfont: score(<Font 'Noto Sans Hatran' (NotoSansHatran-Regular.ttf) normal normal regular normal>) = 10.05
DEBUG:matplotlib.font_manager:findfont: score(<Font 'NotoSans Nerd Font Mono' (Noto Sans Condensed Black Italic Nerd Font Complete Mono.ttf) italic normal black condensed>) = 11.725
DEBUG:matplotlib.font_manager:findfont: score(<Font 'Noto Serif Bengali' (NotoSerifBengali-Black.ttf) normal normal black normal>) = 10.525
DEBUG:matplotlib.font_manager:findfont: score(<Font 'Noto Serif Georgian' (NotoSerifGeorgian-Thin.ttf) normal normal 400 normal>) = 10.05
DEBUG:matplotlib.font_manager:findfont: score(<Font 'NotoSans Nerd Font' (Noto Sans SemiCondensed Bold Italic Nerd Font Complete.ttf) italic normal 700 condensed>) = 11.535
DEBUG:matplotlib.font_manager:findfont: score(<Font 'NotoSans Nerd Font Mono' (Noto Sans Thin Italic Nerd Font Complete Mono.ttf) italic normal 400 normal>) = 11.05
DEBUG:matplotlib.font_manager:findfont: score(<Font 'Overpass Nerd Font' (Overpass Light Italic Nerd Font Complete.otf) italic normal light normal>) = 11.24
DEBUG:matplotlib.font_manager:findfont: score(<Font 'BlexMono Nerd Font' (Blex Mono Thin Italic Nerd Font Complete.ttf) italic normal 400 normal>) = 11.05
DEBUG:matplotlib.font_manager:findfont: score(<Font 'DejaVu Sans' (DejaVuSans-Bold.ttf) normal normal 700 normal>) = 0.33499999999999996
DEBUG:matplotlib.font_manager:findfont: score(<Font 'mplus Nerd Font Mono' (M+ 1p Nerd Font Complete Mono.ttf) normal normal 400 normal>) = 10.05
DEBUG:matplotlib.font_manager:findfont: score(<Font 'NotoSerif Nerd Font Mono' (Noto Serif ExtraCondensed Medium Nerd Font Complete Mono.ttf) normal normal medium condensed>) = 10.344999999999999
DEBUG:matplotlib.font_manager:findfont: score(<Font 'NotoSans Nerd Font Mono' (Noto Sans SemiCondensed Light Italic Nerd Font Complete Mono.ttf) italic normal light condensed>) = 11.44
DEBUG:matplotlib.font_manager:findfont: score(<Font 'FantasqueSansMono Nerd Font' (Fantasque Sans Mono Regular Nerd Font Complete.ttf) normal normal regular normal>) = 10.05
DEBUG:matplotlib.font_manager:findfont: score(<Font 'ProggyCleanTTSZ Nerd Font' (ProggyCleanTTSZ Nerd Font Complete.ttf) normal normal 400 normal>) = 10.05
DEBUG:matplotlib.font_manager:findfont: score(<Font 'Noto Sans Caucasian Albanian' (NotoSansCaucasianAlbanian-Regular.ttf) normal normal regular normal>) = 10.05
DEBUG:matplotlib.font_manager:findfont: score(<Font 'Ubuntu Nerd Font Mono' (Ubuntu Light Italic Nerd Font Complete Mono.ttf) italic normal light normal>) = 11.24
DEBUG:matplotlib.font_manager:findfont: score(<Font 'NotoSans Nerd Font' (Noto Sans ExtraCondensed Black Nerd Font Complete.ttf) normal normal black condensed>) = 10.725
DEBUG:matplotlib.font_manager:findfont: score(<Font 'mplus Nerd Font Mono' (M+ 1p light Nerd Font Complete Mono.ttf) normal normal light normal>) = 10.24
DEBUG:matplotlib.font_manager:findfont: score(<Font 'NotoSans Nerd Font' (Noto Sans Condensed ExtraLight Italic Nerd Font Complete.ttf) italic normal light condensed>) = 11.44
DEBUG:matplotlib.font_manager:findfont: score(<Font 'NotoSerif Nerd Font Mono' (Noto Serif Condensed Bold Italic Nerd Font Complete Mono.ttf) italic normal 700 condensed>) = 11.535
DEBUG:matplotlib.font_manager:findfont: score(<Font 'mplus Nerd Font' (M+ 2p bold Nerd Font Complete.ttf) normal normal 700 normal>) = 10.335
DEBUG:matplotlib.font_manager:findfont: score(<Font 'mplus Nerd Font' (M+ 2m Nerd Font Complete.ttf) normal normal 400 normal>) = 10.05
DEBUG:matplotlib.font_manager:findfont: score(<Font 'NotoSansDisplay Nerd Font Mono' (Noto Sans Display ExtraCondensed Light Nerd Font Complete Mono.ttf) normal normal light condensed>) = 10.44
DEBUG:matplotlib.font_manager:findfont: score(<Font 'MesloLGLDZ Nerd Font' (Meslo LG L DZ Regular Nerd Font Complete.otf) normal normal regular normal>) = 10.05
DEBUG:matplotlib.font_manager:findfont: score(<Font 'NotoSansMono Nerd Font' (Noto Sans Mono Light Nerd Font Complete.ttf) normal normal light normal>) = 10.24
DEBUG:matplotlib.font_manager:findfont: score(<Font 'NotoSansDisplay Nerd Font Mono' (Noto Sans Display ExtraCondensed Light Italic Nerd Font Complete Mono.ttf) italic normal light condensed>) = 11.44
DEBUG:matplotlib.font_manager:findfont: score(<Font 'NotoSerif Nerd Font' (Noto Serif Condensed Medium Nerd Font Complete.ttf) normal normal medium condensed>) = 10.344999999999999
DEBUG:matplotlib.font_manager:findfont: score(<Font 'mplus Nerd Font' (M+ 1p light Nerd Font Complete.ttf) normal normal light normal>) = 10.24
DEBUG:matplotlib.font_manager:findfont: score(<Font 'NotoSerifDisplay Nerd Font Mono' (Noto Serif Display Bold Nerd Font Complete Mono.ttf) normal normal 700 normal>) = 10.335
DEBUG:matplotlib.font_manager:findfont: score(<Font 'SauceCodePro Nerd Font' (Sauce Code Pro Bold Italic Nerd Font Complete.ttf) italic normal 700 normal>) = 11.335
DEBUG:matplotlib.font_manager:findfont: score(<Font 'NotoEmoji Nerd Font' (Noto Emoji Nerd Font Complete.ttf) normal normal 400 normal>) = 10.05
DEBUG:matplotlib.font_manager:findfont: score(<Font 'Iosevka' (Iosevka Nerd Font Complete.ttf) normal normal 400 normal>) = 10.05
DEBUG:matplotlib.font_manager:findfont: score(<Font 'NotoSansMono Nerd Font' (Noto Sans Mono Condensed Nerd Font Complete.ttf) normal normal 400 condensed>) = 10.25
DEBUG:matplotlib.font_manager:findfont: score(<Font 'Hasklug Nerd Font Mono' (Hasklug Light Nerd Font Complete Mono.otf) normal normal light normal>) = 10.24
DEBUG:matplotlib.font_manager:findfont: score(<Font 'Hasklug Nerd Font Mono' (Hasklug Bold Italic Nerd Font Complete Mono.otf) italic normal 700 normal>) = 11.335
DEBUG:matplotlib.font_manager:findfont: score(<Font 'NotoSansDisplay Nerd Font' (Noto Sans Display ExtraCondensed ExtraLight Nerd Font Complete.ttf) normal normal light condensed>) = 10.44
DEBUG:matplotlib.font_manager:findfont: score(<Font 'NotoSerifDisplay Nerd Font' (Noto Serif Display ExtraCondensed Bold Italic Nerd Font Complete.ttf) italic normal 700 condensed>) = 11.535
DEBUG:matplotlib.font_manager:findfont: score(<Font 'BlexMono Nerd Font' (Blex Mono Nerd Font Complete.ttf) normal normal 400 normal>) = 10.05
DEBUG:matplotlib.font_manager:findfont: score(<Font 'GoMono Nerd Font Mono' (Go Mono Nerd Font Complete Mono.ttf) normal normal 400 normal>) = 10.05
DEBUG:matplotlib.font_manager:findfont: score(<Font 'NotoSerifDisplay Nerd Font' (Noto Serif Display ExtraCondensed SemiBold Nerd Font Complete.ttf) normal normal semibold condensed>) = 10.44
DEBUG:matplotlib.font_manager:findfont: score(<Font 'mplus Nerd Font' (M+ 1mn light Nerd Font Complete.ttf) normal normal light normal>) = 10.24
DEBUG:matplotlib.font_manager:findfont: score(<Font 'NotoSansDisplay Nerd Font' (Noto Sans Display SemiCondensed Thin Nerd Font Complete.ttf) normal normal 400 condensed>) = 10.25
DEBUG:matplotlib.font_manager:findfont: score(<Font 'NotoSerifDisplay Nerd Font Mono' (Noto Serif Display ExtraLight Nerd Font Complete Mono.ttf) normal normal light normal>) = 10.24
DEBUG:matplotlib.font_manager:findfont: score(<Font 'Noto Sans Shavian' (NotoSansShavian-Regular.ttf) normal normal regular normal>) = 10.05
DEBUG:matplotlib.font_manager:findfont: score(<Font 'BlexMono Nerd Font' (Blex Mono ExtraLight Nerd Font Complete.ttf) normal normal light normal>) = 10.24
DEBUG:matplotlib.font_manager:findfont: score(<Font 'Iosevka Term' (Iosevka Term Thin Oblique Nerd Font Complete.ttf) oblique normal 400 normal>) = 11.05
DEBUG:matplotlib.font_manager:findfont: score(<Font 'NotoSansDisplay Nerd Font Mono' (Noto Sans Display Condensed Thin Nerd Font Complete Mono.ttf) normal normal 400 condensed>) = 10.25
DEBUG:matplotlib.font_manager:findfont: score(<Font 'NotoSansDisplay Nerd Font' (Noto Sans Display Condensed ExtraLight Nerd Font Complete.ttf) normal normal light condensed>) = 10.44
DEBUG:matplotlib.font_manager:findfont: score(<Font 'NotoSerif Nerd Font Mono' (Noto Serif SemiCondensed Medium Italic Nerd Font Complete Mono.ttf) italic normal medium condensed>) = 11.344999999999999
DEBUG:matplotlib.font_manager:findfont: score(<Font 'NotoSans Nerd Font Mono' (Noto Sans ExtraCondensed Thin Nerd Font Complete Mono.ttf) normal normal 400 condensed>) = 10.25
DEBUG:matplotlib.font_manager:findfont: score(<Font 'Noto Sans Khmer UI' (NotoSansKhmerUI-Black.ttf) normal normal black normal>) = 10.525
DEBUG:matplotlib.font_manager:findfont: score(<Font 'Noto Serif Tamil' (NotoSerifTamil-Black.ttf) normal normal black normal>) = 10.525
DEBUG:matplotlib.font_manager:findfont: score(<Font 'NotoSerif Nerd Font' (Noto Serif SemiCondensed SemiBold Italic Nerd Font Complete.ttf) italic normal semibold condensed>) = 11.44
DEBUG:matplotlib.font_manager:findfont: score(<Font 'BlexMono Nerd Font Mono' (Blex Mono Nerd Font Complete Mono.ttf) normal normal 400 normal>) = 10.05
DEBUG:matplotlib.font_manager:findfont: score(<Font 'C059' (C059-Roman.otf) normal normal roman normal>) = 10.145
DEBUG:matplotlib.font_manager:findfont: score(<Font 'Ubuntu Nerd Font Mono' (Ubuntu Light Nerd Font Complete Mono.ttf) normal normal light normal>) = 10.24
DEBUG:matplotlib.font_manager:findfont: score(<Font 'NotoSansDisplay Nerd Font' (Noto Sans Display ExtraCondensed ExtraLight Nerd Font Complete.ttf) normal normal light condensed>) = 10.44
DEBUG:matplotlib.font_manager:findfont: score(<Font 'NotoSansDisplay Nerd Font Mono' (Noto Sans Display SemiBold Italic Nerd Font Complete Mono.ttf) italic normal semibold normal>) = 11.24
DEBUG:matplotlib.font_manager:findfont: score(<Font 'mplus Nerd Font' (M+ 2c black Nerd Font Complete.ttf) normal normal 700 normal>) = 10.335
DEBUG:matplotlib.font_manager:findfont: score(<Font 'NotoSerif Nerd Font' (Noto Serif ExtraCondensed Medium Italic Nerd Font Complete.ttf) italic normal medium condensed>) = 11.344999999999999
DEBUG:matplotlib.font_manager:findfont: score(<Font 'NotoSerif Nerd Font Mono' (Noto Serif Thin Nerd Font Complete Mono.ttf) normal normal 400 normal>) = 10.05
DEBUG:matplotlib.font_manager:findfont: score(<Font 'Noto Serif Display' (NotoSerifDisplay-Black.ttf) normal normal black normal>) = 10.525
DEBUG:matplotlib.font_manager:findfont: score(<Font 'Iosevka Term' (Iosevka Term Medium Oblique Nerd Font Complete Mono.ttf) oblique normal medium normal>) = 11.145
DEBUG:matplotlib.font_manager:findfont: score(<Font 'FuraCode Nerd Font Mono' (Fura Code Retina Nerd Font Complete Mono.otf) normal normal 400 normal>) = 10.05
DEBUG:matplotlib.font_manager:findfont: score(<Font 'Noto Sans Tagalog' (NotoSansTagalog-Regular.ttf) normal normal regular normal>) = 10.05
DEBUG:matplotlib.font_manager:findfont: score(<Font 'MesloLGL Nerd Font' (Meslo LG L Regular Nerd Font Complete.otf) normal normal regular normal>) = 10.05
DEBUG:matplotlib.font_manager:findfont: score(<Font 'SauceCodePro Nerd Font' (Sauce Code Pro Medium Nerd Font Complete.ttf) normal normal medium normal>) = 10.145
DEBUG:matplotlib.font_manager:findfont: score(<Font 'MesloLGL Nerd Font Mono' (Meslo LG L Regular Nerd Font Complete Mono.otf) normal normal regular normal>) = 10.05
DEBUG:matplotlib.font_manager:findfont: score(<Font 'Noto Serif Tamil Slanted' (NotoSerifTamilSlanted-Light.ttf) normal normal light normal>) = 10.24
DEBUG:matplotlib.font_manager:findfont: score(<Font 'Noto Serif Dogra' (NotoSerifDogra-Regular.ttf) normal normal regular normal>) = 10.05
DEBUG:matplotlib.font_manager:findfont: score(<Font 'NotoSerif Nerd Font Mono' (Noto Serif SemiCondensed ExtraBold Italic Nerd Font Complete Mono.ttf) italic normal bold condensed>) = 11.535
DEBUG:matplotlib.font_manager:findfont: score(<Font 'NotoSerifDisplay Nerd Font' (Noto Serif Display Condensed Black Nerd Font Complete.ttf) normal normal black condensed>) = 10.725
DEBUG:matplotlib.font_manager:findfont: score(<Font 'NotoSerifDisplay Nerd Font' (Noto Serif Display SemiCondensed Thin Italic Nerd Font Complete.ttf) italic normal 400 condensed>) = 11.25
DEBUG:matplotlib.font_manager:findfont: score(<Font 'OverpassMono Nerd Font Mono' (Overpass Mono Light Nerd Font Complete Mono.otf) normal normal light normal>) = 10.24
DEBUG:matplotlib.font_manager:findfont: score(<Font 'NotoSansDisplay Nerd Font' (Noto Sans Display Thin Italic Nerd Font Complete.ttf) italic normal 400 normal>) = 11.05
DEBUG:matplotlib.font_manager:findfont: score(<Font 'Noto Serif Khmer' (NotoSerifKhmer-Medium.ttf) normal normal medium normal>) = 10.145
DEBUG:matplotlib.font_manager:findfont: score(<Font 'NotoSansDisplay Nerd Font Mono' (Noto Sans Display Condensed ExtraBold Nerd Font Complete Mono.ttf) normal normal bold condensed>) = 10.535
DEBUG:matplotlib.font_manager:findfont: score(<Font 'NotoSerif Nerd Font' (Noto Serif ExtraCondensed Medium Italic Nerd Font Complete.ttf) italic normal medium condensed>) = 11.344999999999999
DEBUG:matplotlib.font_manager:findfont: score(<Font 'NotoSerifDisplay Nerd Font' (Noto Serif Display Condensed ExtraLight Italic Nerd Font Complete.ttf) italic normal light condensed>) = 11.44
DEBUG:matplotlib.font_manager:findfont: score(<Font 'Libertinus Sans' (LibertinusSans-Italic.otf) italic normal 400 normal>) = 11.05
DEBUG:matplotlib.font_manager:findfont: score(<Font 'OpenDyslexic Nerd Font Mono' (OpenDyslexic Italic Nerd Font Complete Mono.otf) italic normal 400 normal>) = 11.05
DEBUG:matplotlib.font_manager:findfont: score(<Font 'NotoSansDisplay Nerd Font' (Noto Sans Display Condensed ExtraLight Nerd Font Complete.ttf) normal normal light condensed>) = 10.44
DEBUG:matplotlib.font_manager:findfont: score(<Font 'Noto Sans Lydian' (NotoSansLydian-Regular.ttf) normal normal regular normal>) = 10.05
DEBUG:matplotlib.font_manager:findfont: score(<Font 'NotoSerifDisplay Nerd Font' (Noto Serif Display ExtraCondensed Medium Italic Nerd Font Complete.ttf) italic normal medium condensed>) = 11.344999999999999
DEBUG:matplotlib.font_manager:findfont: score(<Font 'BitstreamVeraSansMono Nerd Font Mono' (Bitstream Vera Sans Mono Oblique Nerd Font Complete Mono.ttf) oblique normal 400 normal>) = 11.05
DEBUG:matplotlib.font_manager:findfont: score(<Font 'OpenDyslexic Nerd Font Mono' (OpenDyslexic Bold Italic Nerd Font Complete Mono.otf) italic normal 700 normal>) = 11.335
DEBUG:matplotlib.font_manager:findfont: score(<Font 'Estrangelo Antioch' (SyrCOMAntioch.otf) normal normal 400 normal>) = 10.05
DEBUG:matplotlib.font_manager:findfont: score(<Font 'Noto Serif Lao' (NotoSerifLao-Thin.ttf) normal normal 400 normal>) = 10.05
DEBUG:matplotlib.font_manager:findfont: score(<Font 'InconsolataLGC Nerd Font Mono' (Inconsolata LGC Bold Nerd Font Complete Mono.ttf) normal normal 700 normal>) = 10.335
DEBUG:matplotlib.font_manager:findfont: score(<Font 'NotoSansMono Nerd Font Mono' (Noto Sans Mono Condensed ExtraBold Nerd Font Complete Mono.ttf) normal normal bold condensed>) = 10.535
DEBUG:matplotlib.font_manager:findfont: score(<Font 'mplus Nerd Font' (M+ 1mn thin Nerd Font Complete.ttf) normal normal 400 normal>) = 10.05
DEBUG:matplotlib.font_manager:findfont: score(<Font 'NotoSerifDisplay Nerd Font' (Noto Serif Display Condensed ExtraLight Nerd Font Complete.ttf) normal normal light condensed>) = 10.44
DEBUG:matplotlib.font_manager:findfont: score(<Font 'NotoSerifDisplay Nerd Font Mono' (Noto Serif Display SemiCondensed Italic Nerd Font Complete Mono.ttf) italic normal 400 condensed>) = 11.25
DEBUG:matplotlib.font_manager:findfont: score(<Font 'NotoSerif Nerd Font Mono' (Noto Serif SemiCondensed Medium Nerd Font Complete Mono.ttf) normal normal medium condensed>) = 10.344999999999999
DEBUG:matplotlib.font_manager:findfont: score(<Font 'NotoSerif Nerd Font' (Noto Serif SemiCondensed ExtraBold Italic Nerd Font Complete.ttf) italic normal bold condensed>) = 11.535
DEBUG:matplotlib.font_manager:findfont: score(<Font 'BlexMono Nerd Font Mono' (Blex Mono SemiBold Nerd Font Complete Mono.ttf) normal normal semibold normal>) = 10.24
DEBUG:matplotlib.font_manager:findfont: score(<Font 'NotoSerif Nerd Font' (Noto Serif Condensed Light Nerd Font Complete.ttf) normal normal light condensed>) = 10.44
DEBUG:matplotlib.font_manager:findfont: score(<Font 'Overpass Nerd Font' (Overpass Light Nerd Font Complete.otf) normal normal light normal>) = 10.24
DEBUG:matplotlib.font_manager:findfont: score(<Font 'SauceCodePro Nerd Font Mono' (Sauce Code Pro Semibold Nerd Font Complete Mono.ttf) normal normal semibold normal>) = 10.24
DEBUG:matplotlib.font_manager:findfont: score(<Font 'Inconsolata Nerd Font Mono' (Inconsolata Nerd Font Complete Mono.otf) normal normal 400 normal>) = 10.05
DEBUG:matplotlib.font_manager:findfont: score(<Font 'NotoSerifDisplay Nerd Font' (Noto Serif Display Medium Italic Nerd Font Complete.ttf) italic normal medium normal>) = 11.145
DEBUG:matplotlib.font_manager:findfont: score(<Font 'UbuntuMono Nerd Font Mono' (Ubuntu Mono Italic Nerd Font Complete Mono.ttf) italic normal 400 normal>) = 11.05
DEBUG:matplotlib.font_manager:findfont: score(<Font 'NotoSansDisplay Nerd Font Mono' (Noto Sans Display Condensed ExtraLight Nerd Font Complete Mono.ttf) normal normal light condensed>) = 10.44
DEBUG:matplotlib.font_manager:findfont: score(<Font 'Source Code Pro' (SourceCodePro-BoldIt.otf) italic normal 700 normal>) = 11.335
DEBUG:matplotlib.font_manager:findfont: score(<Font 'DroidSansMono Nerd Font Mono' (Droid Sans Mono Nerd Font Complete Mono.otf) normal normal 400 normal>) = 10.05
DEBUG:matplotlib.font_manager:findfont: score(<Font 'NotoSans Nerd Font' (Noto Sans SemiCondensed Medium Nerd Font Complete.ttf) normal normal medium condensed>) = 10.344999999999999
DEBUG:matplotlib.font_manager:findfont: score(<Font 'Noto Sans Tamil UI' (NotoSansTamilUI-Bold.ttf) normal normal 700 normal>) = 10.335
DEBUG:matplotlib.font_manager:findfont: score(<Font 'Cousine Nerd Font Mono' (Cousine Regular Nerd Font Complete Mono.ttf) normal normal regular normal>) = 10.05
DEBUG:matplotlib.font_manager:findfont: score(<Font 'Noto Sans' (NotoSans-Bold.ttf) normal normal 700 normal>) = 10.335
DEBUG:matplotlib.font_manager:findfont: score(<Font 'Iosevka' (Iosevka Italic Nerd Font Complete.ttf) italic normal 400 normal>) = 11.05
DEBUG:matplotlib.font_manager:findfont: score(<Font 'NotoSerif Nerd Font Mono' (Noto Serif ExtraCondensed ExtraLight Nerd Font Complete Mono.ttf) normal normal light condensed>) = 10.44
DEBUG:matplotlib.font_manager:findfont: score(<Font 'Iosevka Term' (Iosevka Term Heavy Nerd Font Complete.ttf) normal normal 700 normal>) = 10.335
DEBUG:matplotlib.font_manager:findfont: score(<Font 'NotoSerif Nerd Font' (Noto Serif Medium Italic Nerd Font Complete.ttf) italic normal medium normal>) = 11.145
DEBUG:matplotlib.font_manager:findfont: score(<Font 'NotoSans Nerd Font Mono' (Noto Sans ExtraCondensed ExtraLight Nerd Font Complete Mono.ttf) normal normal light condensed>) = 10.44
DEBUG:matplotlib.font_manager:findfont: score(<Font 'NotoSerif Nerd Font' (Noto Serif ExtraCondensed ExtraLight Nerd Font Complete.ttf) normal normal light condensed>) = 10.44
DEBUG:matplotlib.font_manager:findfont: score(<Font 'NotoSerifDisplay Nerd Font Mono' (Noto Serif Display SemiCondensed Nerd Font Complete Mono.ttf) normal normal 400 condensed>) = 10.25
DEBUG:matplotlib.font_manager:findfont: score(<Font 'NotoSansMono Nerd Font Mono' (Noto Sans Mono ExtraCondensed Medium Nerd Font Complete Mono.ttf) normal normal medium condensed>) = 10.344999999999999
DEBUG:matplotlib.font_manager:findfont: score(<Font 'Noto Sans Lao' (NotoSansLao-Thin.ttf) normal normal 400 normal>) = 10.05
DEBUG:matplotlib.font_manager:findfont: score(<Font 'NotoSerifDisplay Nerd Font' (Noto Serif Display SemiCondensed SemiBold Italic Nerd Font Complete.ttf) italic normal semibold condensed>) = 11.44
DEBUG:matplotlib.font_manager:findfont: score(<Font 'TerminessTTF Nerd Font Mono' (Terminess (TTF) Nerd Font Complete Mono.ttf) normal normal 400 normal>) = 10.05
DEBUG:matplotlib.font_manager:findfont: score(<Font 'NotoSerifDisplay Nerd Font' (Noto Serif Display SemiCondensed ExtraLight Italic Nerd Font Complete.ttf) italic normal light condensed>) = 11.44
DEBUG:matplotlib.font_manager:findfont: score(<Font 'Monofur Nerd Font Mono' (monofur Nerd Font Complete Mono.ttf) normal normal 400 normal>) = 10.05
DEBUG:matplotlib.font_manager:findfont: score(<Font 'NotoSansDisplay Nerd Font' (Noto Sans Display SemiCondensed Bold Italic Nerd Font Complete.ttf) italic normal 700 condensed>) = 11.535
DEBUG:matplotlib.font_manager:findfont: score(<Font 'SauceCodePro Nerd Font' (Sauce Code Pro Light Nerd Font Complete.ttf) normal normal light normal>) = 10.24
DEBUG:matplotlib.font_manager:findfont: score(<Font 'NotoSerif Nerd Font' (Noto Serif SemiCondensed Nerd Font Complete.ttf) normal normal 400 condensed>) = 10.25
DEBUG:matplotlib.font_manager:findfont: score(<Font 'Iosevka' (Iosevka Light Oblique Nerd Font Complete.ttf) oblique normal light normal>) = 11.24
DEBUG:matplotlib.font_manager:findfont: score(<Font 'Noto Sans Old Turkic' (NotoSansOldTurkic-Regular.ttf) normal normal regular normal>) = 10.05
DEBUG:matplotlib.font_manager:findfont: score(<Font 'Iosevka' (Iosevka Thin Italic Nerd Font Complete Mono.ttf) italic normal 400 normal>) = 11.05
DEBUG:matplotlib.font_manager:findfont: score(<Font 'GoMono Nerd Font Mono' (Go Mono Bold Italic Nerd Font Complete Mono.ttf) italic normal 700 normal>) = 11.335
DEBUG:matplotlib.font_manager:findfont: score(<Font 'Noto Serif Khmer' (NotoSerifKhmer-Regular.ttf) normal normal regular normal>) = 10.05
DEBUG:matplotlib.font_manager:findfont: score(<Font 'NotoSansMono Nerd Font Mono' (Noto Sans Mono ExtraCondensed ExtraBold Nerd Font Complete Mono.ttf) normal normal bold condensed>) = 10.535
DEBUG:matplotlib.font_manager:findfont: score(<Font 'NotoSansMono Nerd Font Mono' (Noto Sans Mono SemiCondensed Black Nerd Font Complete Mono.ttf) normal normal black condensed>) = 10.725
DEBUG:matplotlib.font_manager:findfont: score(<Font 'OpenDyslexic Nerd Font' (OpenDyslexic Regular Nerd Font Complete.otf) normal normal 400 normal>) = 10.05
DEBUG:matplotlib.font_manager:findfont: score(<Font 'MesloLGM Nerd Font Mono' (Meslo LG M Regular Nerd Font Complete Mono.otf) normal normal regular normal>) = 10.05
DEBUG:matplotlib.font_manager:findfont: score(<Font 'Noto Sans Tibetan' (NotoSansTibetan-Regular.ttf) normal normal 400 normal>) = 10.05
DEBUG:matplotlib.font_manager:findfont: score(<Font 'NotoSans Nerd Font Mono' (Noto Sans SemiCondensed Medium Italic Nerd Font Complete Mono.ttf) italic normal medium condensed>) = 11.344999999999999
DEBUG:matplotlib.font_manager:findfont: score(<Font 'Noto Serif Display' (NotoSerifDisplay-ThinItalic.ttf) italic normal 400 normal>) = 11.05
DEBUG:matplotlib.font_manager:findfont: score(<Font 'NotoSerifDisplay Nerd Font Mono' (Noto Serif Display Condensed Light Nerd Font Complete Mono.ttf) normal normal light condensed>) = 10.44
DEBUG:matplotlib.font_manager:findfont: score(<Font 'SpaceMono Nerd Font' (Space Mono Italic Nerd Font Complete.ttf) italic normal 400 normal>) = 11.05
DEBUG:matplotlib.font_manager:findfont: score(<Font 'mplus Nerd Font' (M+ 2c Nerd Font Complete.ttf) normal normal 400 normal>) = 10.05
DEBUG:matplotlib.font_manager:findfont: score(<Font 'NotoSerifDisplay Nerd Font Mono' (Noto Serif Display Condensed Bold Nerd Font Complete Mono.ttf) normal normal 700 condensed>) = 10.535
DEBUG:matplotlib.font_manager:findfont: score(<Font 'Noto Sans Malayalam UI' (NotoSansMalayalamUI-Thin.ttf) normal normal 400 normal>) = 10.05
DEBUG:matplotlib.font_manager:findfont: score(<Font 'Noto Sans Ethiopic' (NotoSansEthiopic-Regular.ttf) normal normal regular normal>) = 10.05
DEBUG:matplotlib.font_manager:findfont: score(<Font 'NotoSerif Nerd Font Mono' (Noto Serif ExtraCondensed Nerd Font Complete Mono.ttf) normal normal 400 condensed>) = 10.25
DEBUG:matplotlib.font_manager:findfont: score(<Font 'NotoSans Nerd Font' (Noto Sans Condensed Light Nerd Font Complete.ttf) normal normal light condensed>) = 10.44
DEBUG:matplotlib.font_manager:findfont: score(<Font 'NotoSansMono Nerd Font Mono' (Noto Sans Mono SemiCondensed SemiBold Nerd Font Complete Mono.ttf) normal normal semibold condensed>) = 10.44
DEBUG:matplotlib.font_manager:findfont: score(<Font 'NotoSans Nerd Font' (Noto Sans Medium Nerd Font Complete.ttf) normal normal medium normal>) = 10.145
DEBUG:matplotlib.font_manager:findfont: score(<Font 'Hasklug Nerd Font' (Hasklug Nerd Font Complete.otf) normal normal 400 normal>) = 10.05
DEBUG:matplotlib.font_manager:findfont: score(<Font 'Noto Sans Devanagari' (NotoSansDevanagari-Black.ttf) normal normal black normal>) = 10.525
DEBUG:matplotlib.font_manager:findfont: score(<Font 'MesloLGLDZ Nerd Font Mono' (Meslo LG L DZ Regular Nerd Font Complete Mono.otf) normal normal regular normal>) = 10.05
DEBUG:matplotlib.font_manager:findfont: score(<Font 'Liberation Mono' (LiberationMono-BoldItalic.ttf) italic normal 700 normal>) = 11.335
DEBUG:matplotlib.font_manager:findfont: score(<Font 'Noto Sans Arabic' (NotoSansArabic-Black.ttf) normal normal black normal>) = 10.525
DEBUG:matplotlib.font_manager:findfont: score(<Font 'Noto Sans Georgian' (NotoSansGeorgian-Regular.ttf) normal normal regular normal>) = 10.05
DEBUG:matplotlib.font_manager:findfont: score(<Font 'SpaceMono Nerd Font Mono' (Space Mono Bold Italic Nerd Font Complete Mono.ttf) italic normal 700 normal>) = 11.335
DEBUG:matplotlib.font_manager:findfont: score(<Font 'NotoSans Nerd Font' (Noto Sans ExtraCondensed ExtraLight Italic Nerd Font Complete.ttf) italic normal light condensed>) = 11.44
DEBUG:matplotlib.font_manager:findfont: score(<Font 'NotoSerifDisplay Nerd Font Mono' (Noto Serif Display Medium Italic Nerd Font Complete Mono.ttf) italic normal medium normal>) = 11.145
DEBUG:matplotlib.font_manager:findfont: score(<Font 'Noto Sans Old Persian' (NotoSansOldPersian-Regular.ttf) normal normal regular normal>) = 10.05
DEBUG:matplotlib.font_manager:findfont: score(<Font 'NotoSansMono Nerd Font' (Noto Sans Mono Medium Nerd Font Complete.ttf) normal normal medium normal>) = 10.145
DEBUG:matplotlib.font_manager:findfont: score(<Font 'Noto Sans Arabic' (NotoSansArabic-Medium.ttf) normal normal medium normal>) = 10.145
DEBUG:matplotlib.font_manager:findfont: score(<Font 'NotoSans Nerd Font' (Noto Sans ExtraCondensed Bold Nerd Font Complete.ttf) normal normal 700 condensed>) = 10.535
DEBUG:matplotlib.font_manager:findfont: score(<Font 'FantasqueSansMono Nerd Font Mono' (Fantasque Sans Mono Regular Nerd Font Complete Mono.ttf) normal normal regular normal>) = 10.05
DEBUG:matplotlib.font_manager:findfont: score(<Font 'Monoid Nerd Font' (Monoid Italic Nerd Font Complete.ttf) italic normal 400 normal>) = 11.05
DEBUG:matplotlib.font_manager:findfont: score(<Font 'OpenDyslexicMono Nerd Font' (OpenDyslexicMono Regular Nerd Font Complete.otf) normal normal 400 normal>) = 10.05
DEBUG:matplotlib.font_manager:findfont: score(<Font 'NotoSansDisplay Nerd Font Mono' (Noto Sans Display ExtraCondensed ExtraLight Italic Nerd Font Complete Mono.ttf) italic normal light condensed>) = 11.44
DEBUG:matplotlib.font_manager:findfont: score(<Font 'NotoSansDisplay Nerd Font' (Noto Sans Display ExtraBold Nerd Font Complete.ttf) normal normal bold normal>) = 10.335
DEBUG:matplotlib.font_manager:findfont: score(<Font 'Hasklug Nerd Font Mono' (Hasklug Semibold Italic Nerd Font Complete Mono.otf) italic normal semibold normal>) = 11.24
DEBUG:matplotlib.font_manager:findfont: score(<Font 'Noto Sans Thai UI' (NotoSansThaiUI-Thin.ttf) normal normal 400 normal>) = 10.05
DEBUG:matplotlib.font_manager:findfont: score(<Font 'Hasklug Nerd Font Mono' (Hasklug Italic Nerd Font Complete Mono.otf) italic normal 400 normal>) = 11.05
DEBUG:matplotlib.font_manager:findfont: score(<Font 'LiterationMono Nerd Font' (Literation Mono Nerd Font Complete.ttf) normal normal 400 normal>) = 10.05
DEBUG:matplotlib.font_manager:findfont: score(<Font 'NotoSerifDisplay Nerd Font Mono' (Noto Serif Display ExtraCondensed Medium Nerd Font Complete Mono.ttf) normal normal medium condensed>) = 10.344999999999999
DEBUG:matplotlib.font_manager:findfont: score(<Font 'NotoSerifDisplay Nerd Font Mono' (Noto Serif Display Condensed Bold Nerd Font Complete Mono.ttf) normal normal 700 condensed>) = 10.535
DEBUG:matplotlib.font_manager:findfont: score(<Font 'NotoSansMono Nerd Font' (Noto Sans Mono ExtraCondensed Nerd Font Complete.ttf) normal normal 400 condensed>) = 10.25
DEBUG:matplotlib.font_manager:findfont: score(<Font 'NotoSansDisplay Nerd Font' (Noto Sans Display ExtraCondensed Bold Nerd Font Complete.ttf) normal normal 700 condensed>) = 10.535
DEBUG:matplotlib.font_manager:findfont: score(<Font 'Noto Serif Display' (NotoSerifDisplay-BoldItalic.ttf) italic normal 700 normal>) = 11.335
DEBUG:matplotlib.font_manager:findfont: score(<Font 'Noto Sans Myanmar UI' (NotoSansMyanmarUI-Black.ttf) normal normal black normal>) = 10.525
DEBUG:matplotlib.font_manager:findfont: score(<Font 'Noto Sans Arabic UI' (NotoSansArabicUI-Black.ttf) normal normal black normal>) = 10.525
DEBUG:matplotlib.font_manager:findfont: score(<Font 'Iosevka' (Iosevka Heavy Nerd Font Complete.ttf) normal normal 700 normal>) = 10.335
DEBUG:matplotlib.font_manager:findfont: score(<Font 'Hasklug Nerd Font Mono' (Hasklug Black Nerd Font Complete Mono.otf) normal normal black normal>) = 10.525
DEBUG:matplotlib.font_manager:findfont: score(<Font 'Overpass Nerd Font' (Overpass Bold Nerd Font Complete.otf) normal normal 700 normal>) = 10.335
DEBUG:matplotlib.font_manager:findfont: score(<Font 'NotoSansDisplay Nerd Font Mono' (Noto Sans Display ExtraCondensed SemiBold Italic Nerd Font Complete Mono.ttf) italic normal semibold condensed>) = 11.44
DEBUG:matplotlib.font_manager:findfont: score(<Font 'NotoSerif Nerd Font' (Noto Serif ExtraCondensed Medium Nerd Font Complete.ttf) normal normal medium condensed>) = 10.344999999999999
DEBUG:matplotlib.font_manager:findfont: score(<Font 'Nimbus Sans Narrow' (NimbusSansNarrow-Regular.otf) normal normal 400 condensed>) = 10.25
DEBUG:matplotlib.font_manager:findfont: score(<Font 'NotoSansMono Nerd Font' (Noto Sans Mono ExtraCondensed Bold Nerd Font Complete.ttf) normal normal 700 condensed>) = 10.535
DEBUG:matplotlib.font_manager:findfont: score(<Font 'NotoSerifDisplay Nerd Font Mono' (Noto Serif Display ExtraLight Italic Nerd Font Complete Mono.ttf) italic normal light normal>) = 11.24
DEBUG:matplotlib.font_manager:findfont: score(<Font 'Hasklug Nerd Font' (Hasklug Black Italic Nerd Font Complete.otf) italic normal black normal>) = 11.525
DEBUG:matplotlib.font_manager:findfont: score(<Font 'NotoSerif Nerd Font' (Noto Serif ExtraCondensed Thin Nerd Font Complete.ttf) normal normal 400 condensed>) = 10.25
DEBUG:matplotlib.font_manager:findfont: score(<Font 'D050000L' (D050000L.otf) normal normal 400 normal>) = 10.05
DEBUG:matplotlib.font_manager:findfont: score(<Font 'DejaVu Serif' (DejaVuSerifCondensed-BoldItalic.ttf) italic normal 700 condensed>) = 11.535
DEBUG:matplotlib.font_manager:findfont: score(<Font 'NotoSerifDisplay Nerd Font Mono' (Noto Serif Display ExtraCondensed Bold Nerd Font Complete Mono.ttf) normal normal 700 condensed>) = 10.535
DEBUG:matplotlib.font_manager:findfont: score(<Font 'OverpassMono Nerd Font Mono' (Overpass Mono Light Nerd Font Complete Mono.otf) normal normal light normal>) = 10.24
DEBUG:matplotlib.font_manager:findfont: score(<Font 'NotoSerifDisplay Nerd Font Mono' (Noto Serif Display SemiCondensed ExtraLight Nerd Font Complete Mono.ttf) normal normal light condensed>) = 10.44
DEBUG:matplotlib.font_manager:findfont: score(<Font 'Noto Serif Bengali' (NotoSerifBengali-Bold.ttf) normal normal 700 normal>) = 10.335
DEBUG:matplotlib.font_manager:findfont: score(<Font 'NotoSans Nerd Font' (Noto Sans Condensed SemiBold Nerd Font Complete.ttf) normal normal semibold condensed>) = 10.44
DEBUG:matplotlib.font_manager:findfont: score(<Font 'NotoSansMono Nerd Font' (Noto Sans Mono Condensed ExtraLight Nerd Font Complete.ttf) normal normal light condensed>) = 10.44
DEBUG:matplotlib.font_manager:findfont: score(<Font 'Overpass Nerd Font Mono' (Overpass Bold Nerd Font Complete Mono.otf) normal normal 700 normal>) = 10.335
DEBUG:matplotlib.font_manager:findfont: score(<Font 'NotoSerifDisplay Nerd Font Mono' (Noto Serif Display SemiCondensed Light Italic Nerd Font Complete Mono.ttf) italic normal light condensed>) = 11.44
DEBUG:matplotlib.font_manager:findfont: score(<Font 'NotoSerifDisplay Nerd Font Mono' (Noto Serif Display Condensed Italic Nerd Font Complete Mono.ttf) italic normal 400 condensed>) = 11.25
DEBUG:matplotlib.font_manager:findfont: score(<Font 'NotoSerifDisplay Nerd Font Mono' (Noto Serif Display Condensed SemiBold Nerd Font Complete Mono.ttf) normal normal semibold condensed>) = 10.44
DEBUG:matplotlib.font_manager:findfont: score(<Font 'Iosevka' (Iosevka Thin Italic Nerd Font Complete Mono.ttf) italic normal 400 normal>) = 11.05
DEBUG:matplotlib.font_manager:findfont: score(<Font 'NotoSerifDisplay Nerd Font Mono' (Noto Serif Display Black Nerd Font Complete Mono.ttf) normal normal black normal>) = 10.525
DEBUG:matplotlib.font_manager:findfont: score(<Font 'BlexMono Nerd Font' (Blex Mono Text Italic Nerd Font Complete.ttf) italic normal 400 normal>) = 11.05
DEBUG:matplotlib.font_manager:findfont: score(<Font 'Noto Sans Bengali' (NotoSansBengali-Thin.ttf) normal normal 400 normal>) = 10.05
DEBUG:matplotlib.font_manager:findfont: score(<Font 'NotoSerifDisplay Nerd Font Mono' (Noto Serif Display Condensed Medium Nerd Font Complete Mono.ttf) normal normal medium condensed>) = 10.344999999999999
DEBUG:matplotlib.font_manager:findfont: score(<Font 'Noto Serif Thai' (NotoSerifThai-Thin.ttf) normal normal 400 normal>) = 10.05
DEBUG:matplotlib.font_manager:findfont: score(<Font 'Noto Sans Phoenician' (NotoSansPhoenician-Regular.ttf) normal normal regular normal>) = 10.05
DEBUG:matplotlib.font_manager:findfont: score(<Font 'NotoSerif Nerd Font' (Noto Serif Bold Italic Nerd Font Complete.ttf) italic normal 700 normal>) = 11.335
DEBUG:matplotlib.font_manager:findfont: score(<Font 'NotoSerif Nerd Font Mono' (Noto Serif ExtraLight Italic Nerd Font Complete Mono.ttf) italic normal light normal>) = 11.24
DEBUG:matplotlib.font_manager:findfont: score(<Font 'Noto Sans Imperial Aramaic' (NotoSansImperialAramaic-Regular.ttf) normal normal regular normal>) = 10.05
DEBUG:matplotlib.font_manager:findfont: score(<Font 'SauceCodePro Nerd Font Mono' (Sauce Code Pro Medium Italic Nerd Font Complete Mono.ttf) italic normal medium normal>) = 11.145
DEBUG:matplotlib.font_manager:findfont: score(<Font 'Cantarell' (Cantarell-ExtraBold.otf) normal normal bold normal>) = 10.335
DEBUG:matplotlib.font_manager:findfont: score(<Font 'mplus Nerd Font' (M+ 1m thin Nerd Font Complete.ttf) normal normal 400 normal>) = 10.05
DEBUG:matplotlib.font_manager:findfont: score(<Font 'Lekton Nerd Font Mono' (Lekton-Italic Nerd Font Complete Mono.ttf) italic normal 400 normal>) = 11.05
DEBUG:matplotlib.font_manager:findfont: score(<Font 'NotoSerifDisplay Nerd Font' (Noto Serif Display Condensed Black Italic Nerd Font Complete.ttf) italic normal black condensed>) = 11.725
DEBUG:matplotlib.font_manager:findfont: score(<Font 'NotoSerifDisplay Nerd Font Mono' (Noto Serif Display ExtraCondensed SemiBold Nerd Font Complete Mono.ttf) normal normal semibold condensed>) = 10.44
DEBUG:matplotlib.font_manager:findfont: score(<Font 'Noto Serif' (NotoSerif-Thin.ttf) normal normal 400 normal>) = 10.05
DEBUG:matplotlib.font_manager:findfont: score(<Font 'Iosevka' (Iosevka Thin Italic Nerd Font Complete.ttf) italic normal 400 normal>) = 11.05
DEBUG:matplotlib.font_manager:findfont: score(<Font 'NotoSansMono Nerd Font Mono' (Noto Sans Mono Regular Nerd Font Complete Mono.ttf) normal normal regular normal>) = 10.05
DEBUG:matplotlib.font_manager:findfont: score(<Font 'Hack Nerd Font Mono' (Hack Bold Italic Nerd Font Complete Mono.ttf) italic normal 700 normal>) = 11.335
DEBUG:matplotlib.font_manager:findfont: score(<Font 'GoMono Nerd Font Mono' (Go Mono Bold Nerd Font Complete Mono.ttf) normal normal 700 normal>) = 10.335
DEBUG:matplotlib.font_manager:findfont: score(<Font 'Noto Serif Armenian' (NotoSerifArmenian-Light.ttf) normal normal light normal>) = 10.24
DEBUG:matplotlib.font_manager:findfont: score(<Font 'NotoSansDisplay Nerd Font' (Noto Sans Display Condensed Medium Nerd Font Complete.ttf) normal normal medium condensed>) = 10.344999999999999
DEBUG:matplotlib.font_manager:findfont: score(<Font 'Fira Code' (FiraCode-Retina.otf) normal normal 400 normal>) = 10.05
DEBUG:matplotlib.font_manager:findfont: score(<Font 'NotoSansDisplay Nerd Font Mono' (Noto Sans Display SemiCondensed Nerd Font Complete Mono.ttf) normal normal 400 condensed>) = 10.25
DEBUG:matplotlib.font_manager:findfont: score(<Font 'Noto Sans Cypriot' (NotoSansCypriot-Regular.ttf) normal normal regular normal>) = 10.05
DEBUG:matplotlib.font_manager:findfont: score(<Font 'Noto Sans Khmer' (NotoSansKhmer-Black.ttf) normal normal black normal>) = 10.525
DEBUG:matplotlib.font_manager:findfont: score(<Font 'Liberation Sans' (LiberationSans-BoldItalic.ttf) italic normal 700 normal>) = 11.335
DEBUG:matplotlib.font_manager:findfont: score(<Font 'BlexMono Nerd Font' (Blex Mono Text Italic Nerd Font Complete.ttf) italic normal 400 normal>) = 11.05
DEBUG:matplotlib.font_manager:findfont: score(<Font 'mplus Nerd Font' (M+ 1mn bold Nerd Font Complete.ttf) normal normal 700 normal>) = 10.335
DEBUG:matplotlib.font_manager:findfont: score(<Font 'Iosevka' (Iosevka Heavy Oblique Nerd Font Complete.ttf) oblique normal 700 normal>) = 11.335
DEBUG:matplotlib.font_manager:findfont: score(<Font 'Noto Sans Hebrew' (NotoSansHebrew-Black.ttf) normal normal black normal>) = 10.525
DEBUG:matplotlib.font_manager:findfont: score(<Font 'Noto Serif' (NotoSerif-Light.ttf) normal normal light normal>) = 10.24
DEBUG:matplotlib.font_manager:findfont: score(<Font 'Noto Serif Thai' (NotoSerifThai-Bold.ttf) normal normal 700 normal>) = 10.335
DEBUG:matplotlib.font_manager:findfont: score(<Font 'NotoSans Nerd Font' (Noto Sans Condensed Bold Italic Nerd Font Complete.ttf) italic normal 700 condensed>) = 11.535
DEBUG:matplotlib.font_manager:findfont: score(<Font 'Noto Sans Hanunoo' (NotoSansHanunoo-Regular.ttf) normal normal regular normal>) = 10.05
DEBUG:matplotlib.font_manager:findfont: score(<Font 'Tinos Nerd Font' (Tinos Nerd Font Complete.ttf) normal normal 400 normal>) = 10.05
DEBUG:matplotlib.font_manager:findfont: score(<Font 'mplus Nerd Font' (M+ 1p thin Nerd Font Complete.ttf) normal normal 400 normal>) = 10.05
DEBUG:matplotlib.font_manager:findfont: score(<Font 'NotoSerif Nerd Font Mono' (Noto Serif ExtraCondensed Thin Italic Nerd Font Complete Mono.ttf) italic normal 400 condensed>) = 11.25
DEBUG:matplotlib.font_manager:findfont: score(<Font 'Hasklug Nerd Font' (Hasklug Light Italic Nerd Font Complete.otf) italic normal light normal>) = 11.24
DEBUG:matplotlib.font_manager:findfont: score(<Font 'Noto Sans' (NotoSans-Regular.ttf) normal normal regular normal>) = 10.05
DEBUG:matplotlib.font_manager:findfont: score(<Font 'Noto Sans Devanagari UI' (NotoSansDevanagariUI-Thin.ttf) normal normal 400 normal>) = 10.05
DEBUG:matplotlib.font_manager:findfont: score(<Font 'NotoSans Nerd Font' (Noto Sans Condensed ExtraBold Italic Nerd Font Complete.ttf) italic normal bold condensed>) = 11.535
DEBUG:matplotlib.font_manager:findfont: score(<Font 'OpenDyslexicAlta Nerd Font' (OpenDyslexicAlta Regular Nerd Font Complete.otf) normal normal 400 normal>) = 10.05
DEBUG:matplotlib.font_manager:findfont: score(<Font 'Liberation Sans' (LiberationSans-Regular.ttf) normal normal 400 normal>) = 10.05
DEBUG:matplotlib.font_manager:findfont: score(<Font 'NotoSerif Nerd Font' (Noto Serif Condensed Medium Nerd Font Complete.ttf) normal normal medium condensed>) = 10.344999999999999
DEBUG:matplotlib.font_manager:findfont: score(<Font 'NotoSansMono Nerd Font Mono' (Noto Sans Mono SemiCondensed Medium Nerd Font Complete Mono.ttf) normal normal medium condensed>) = 10.344999999999999
DEBUG:matplotlib.font_manager:findfont: score(<Font 'Iosevka' (Iosevka Medium Oblique Nerd Font Complete Mono.ttf) oblique normal medium normal>) = 11.145
DEBUG:matplotlib.font_manager:findfont: score(<Font 'NotoSans Nerd Font' (Noto Sans Light Nerd Font Complete.ttf) normal normal light normal>) = 10.24
DEBUG:matplotlib.font_manager:findfont: score(<Font 'Lekton Nerd Font' (Lekton-Bold Nerd Font Complete.ttf) normal normal 700 normal>) = 10.335
DEBUG:matplotlib.font_manager:findfont: score(<Font 'NotoSansDisplay Nerd Font Mono' (Noto Sans Display ExtraCondensed Black Nerd Font Complete Mono.ttf) normal normal black condensed>) = 10.725
DEBUG:matplotlib.font_manager:findfont: score(<Font 'mplus Nerd Font' (M+ 1m light Nerd Font Complete.ttf) normal normal light normal>) = 10.24
DEBUG:matplotlib.font_manager:findfont: score(<Font 'NotoSans Nerd Font' (Noto Sans SemiCondensed Black Italic Nerd Font Complete.ttf) italic normal black condensed>) = 11.725
DEBUG:matplotlib.font_manager:findfont: score(<Font 'NotoSerif Nerd Font' (Noto Serif SemiCondensed SemiBold Nerd Font Complete.ttf) normal normal semibold condensed>) = 10.44
DEBUG:matplotlib.font_manager:findfont: score(<Font 'Fira Mono' (FiraMono-Bold.otf) normal normal 700 normal>) = 10.335
DEBUG:matplotlib.font_manager:findfont: score(<Font 'NotoSerif Nerd Font' (Noto Serif Bold Nerd Font Complete.ttf) normal normal 700 normal>) = 10.335
DEBUG:matplotlib.font_manager:findfont: score(<Font 'OpenDyslexicAlta Nerd Font' (OpenDyslexicAlta Regular Nerd Font Complete.otf) normal normal 400 normal>) = 10.05
DEBUG:matplotlib.font_manager:findfont: score(<Font 'GoMono Nerd Font' (Go Mono Bold Italic Nerd Font Complete.ttf) italic normal 700 normal>) = 11.335
DEBUG:matplotlib.font_manager:findfont: score(<Font 'mplus Nerd Font Mono' (M+ 1c black Nerd Font Complete Mono.ttf) normal normal 700 normal>) = 10.335
DEBUG:matplotlib.font_manager:findfont: score(<Font 'Noto Sans Bengali UI' (NotoSansBengaliUI-Light.ttf) normal normal light normal>) = 10.24
DEBUG:matplotlib.font_manager:findfont: score(<Font 'Iosevka Term' (Iosevka Term Thin Oblique Nerd Font Complete Mono.ttf) oblique normal 400 normal>) = 11.05
DEBUG:matplotlib.font_manager:findfont: score(<Font 'NotoSerifDisplay Nerd Font' (Noto Serif Display Condensed Bold Nerd Font Complete.ttf) normal normal 700 condensed>) = 10.535
DEBUG:matplotlib.font_manager:findfont: score(<Font 'NotoSerifDisplay Nerd Font Mono' (Noto Serif Display Condensed ExtraLight Italic Nerd Font Complete Mono.ttf) italic normal light condensed>) = 11.44
DEBUG:matplotlib.font_manager:findfont: score(<Font 'Liberation Mono' (LiberationMono-Regular.ttf) normal normal 400 normal>) = 10.05
DEBUG:matplotlib.font_manager:findfont: score(<Font 'Estrangelo TurAbdin' (SyrCOMTurAbdin.otf) normal normal 400 normal>) = 10.05
DEBUG:matplotlib.font_manager:findfont: score(<Font 'Noto Sans Telugu' (NotoSansTelugu-Regular.ttf) normal normal regular normal>) = 10.05
DEBUG:matplotlib.font_manager:findfont: score(<Font 'NotoSerif Nerd Font Mono' (Noto Serif SemiCondensed SemiBold Nerd Font Complete Mono.ttf) normal normal semibold condensed>) = 10.44
DEBUG:matplotlib.font_manager:findfont: score(<Font 'Monofuritalic Nerd Font Mono' (monofur italic Nerd Font Complete Mono.ttf) italic normal 400 normal>) = 11.05
DEBUG:matplotlib.font_manager:findfont: score(<Font 'FuraMono Nerd Font' (Fura Mono Regular Nerd Font Complete.otf) normal normal 400 normal>) = 10.05
DEBUG:matplotlib.font_manager:findfont: score(<Font 'RobotoMono Nerd Font Mono' (Roboto Mono Nerd Font Complete Mono.ttf) normal normal 400 normal>) = 10.05
DEBUG:matplotlib.font_manager:findfont: score(<Font 'Source Code Pro' (SourceCodePro-Black.otf) normal normal black normal>) = 10.525
DEBUG:matplotlib.font_manager:findfont: score(<Font 'BlexMono Nerd Font' (Blex Mono Bold Italic Nerd Font Complete.ttf) italic normal 700 normal>) = 11.335
DEBUG:matplotlib.font_manager:findfont: score(<Font 'Noto Serif Ethiopic' (NotoSerifEthiopic-Thin.ttf) normal normal 400 normal>) = 10.05
DEBUG:matplotlib.font_manager:findfont: score(<Font 'NotoSerif Nerd Font' (Noto Serif ExtraCondensed Medium Nerd Font Complete.ttf) normal normal medium condensed>) = 10.344999999999999
DEBUG:matplotlib.font_manager:findfont: score(<Font 'SauceCodePro Nerd Font Mono' (Sauce Code Pro Semibold Italic Nerd Font Complete Mono.ttf) italic normal semibold normal>) = 11.24
DEBUG:matplotlib.font_manager:findfont: score(<Font 'GoMono Nerd Font' (Go Mono Bold Nerd Font Complete.ttf) normal normal 700 normal>) = 10.335
DEBUG:matplotlib.font_manager:findfont: score(<Font 'Noto Serif' (NotoSerif-Italic.ttf) italic normal 400 normal>) = 11.05
DEBUG:matplotlib.font_manager:findfont: score(<Font 'UbuntuMono Nerd Font Mono' (Ubuntu Mono Bold Italic Nerd Font Complete Mono.ttf) italic normal 700 normal>) = 11.335
DEBUG:matplotlib.font_manager:findfont: score(<Font 'NotoSerif Nerd Font' (Noto Serif Condensed Light Nerd Font Complete.ttf) normal normal light condensed>) = 10.44
DEBUG:matplotlib.font_manager:findfont: score(<Font 'NotoSerif Nerd Font' (Noto Serif Condensed Black Italic Nerd Font Complete.ttf) italic normal black condensed>) = 11.725
DEBUG:matplotlib.font_manager:findfont: score(<Font 'Noto Sans Modi' (NotoSansModi-Regular.ttf) normal normal regular normal>) = 10.05
DEBUG:matplotlib.font_manager:findfont: score(<Font 'DejaVu Serif' (DejaVuSerif-BoldItalic.ttf) italic normal 700 normal>) = 11.335
DEBUG:matplotlib.font_manager:findfont: score(<Font 'Monoid Nerd Font' (Monoid Italic Nerd Font Complete.ttf) italic normal 400 normal>) = 11.05
DEBUG:matplotlib.font_manager:findfont: score(<Font 'NotoSerifDisplay Nerd Font Mono' (Noto Serif Display ExtraCondensed Bold Italic Nerd Font Complete Mono.ttf) italic normal 700 condensed>) = 11.535
DEBUG:matplotlib.font_manager:findfont: score(<Font 'UbuntuMono Nerd Font' (Ubuntu Mono Nerd Font Complete.ttf) normal normal 400 normal>) = 10.05
DEBUG:matplotlib.font_manager:findfont: score(<Font 'NotoSerif Nerd Font' (Noto Serif SemiCondensed Thin Nerd Font Complete.ttf) normal normal 400 condensed>) = 10.25
DEBUG:matplotlib.font_manager:findfont: score(<Font 'Iosevka' (Iosevka Medium Italic Nerd Font Complete.ttf) italic normal medium normal>) = 11.145
DEBUG:matplotlib.font_manager:findfont: score(<Font 'NotoSerif Nerd Font Mono' (Noto Serif Black Italic Nerd Font Complete Mono.ttf) italic normal black normal>) = 11.525
DEBUG:matplotlib.font_manager:findfont: score(<Font 'Iosevka' (Iosevka Light Oblique Nerd Font Complete Mono.ttf) oblique normal light normal>) = 11.24
DEBUG:matplotlib.font_manager:findfont: score(<Font 'NotoSans Nerd Font' (Noto Sans Condensed ExtraBold Nerd Font Complete.ttf) normal normal bold condensed>) = 10.535
DEBUG:matplotlib.font_manager:findfont: score(<Font 'Noto Sans Gurmukhi UI' (NotoSansGurmukhiUI-Bold.ttf) normal normal 700 normal>) = 10.335
DEBUG:matplotlib.font_manager:findfont: score(<Font 'NotoSansDisplay Nerd Font Mono' (Noto Sans Display Thin Nerd Font Complete Mono.ttf) normal normal 400 normal>) = 10.05
DEBUG:matplotlib.font_manager:findfont: score(<Font 'Fira Mono' (FiraMono-Medium.ttf) normal normal medium normal>) = 10.145
DEBUG:matplotlib.font_manager:findfont: score(<Font 'DroidSansMono Nerd Font' (Droid Sans Mono Nerd Font Complete.otf) normal normal 400 normal>) = 10.05
DEBUG:matplotlib.font_manager:findfont: score(<Font 'NotoSansDisplay Nerd Font' (Noto Sans Display SemiCondensed Thin Italic Nerd Font Complete.ttf) italic normal 400 condensed>) = 11.25
DEBUG:matplotlib.font_manager:findfont: score(<Font 'Iosevka' (Iosevka Light Italic Nerd Font Complete Mono.ttf) italic normal light normal>) = 11.24
DEBUG:matplotlib.font_manager:findfont: score(<Font 'OverpassMono Nerd Font' (Overpass Mono Regular Nerd Font Complete.otf) normal normal regular normal>) = 10.05
DEBUG:matplotlib.font_manager:findfont: score(<Font 'NotoSerif Nerd Font Mono' (Noto Serif Italic Nerd Font Complete Mono.ttf) italic normal 400 normal>) = 11.05
DEBUG:matplotlib.font_manager:findfont: score(<Font 'Noto Serif Gujarati' (NotoSerifGujarati-Medium.ttf) normal normal medium normal>) = 10.145
DEBUG:matplotlib.font_manager:findfont: score(<Font 'NotoSerif Nerd Font Mono' (Noto Serif ExtraCondensed Medium Italic Nerd Font Complete Mono.ttf) italic normal medium condensed>) = 11.344999999999999
DEBUG:matplotlib.font_manager:findfont: score(<Font 'NotoSans Nerd Font Mono' (Noto Sans SemiBold Nerd Font Complete Mono.ttf) normal normal semibold normal>) = 10.24
DEBUG:matplotlib.font_manager:findfont: score(<Font 'NotoSans Nerd Font' (Noto Sans SemiCondensed Thin Italic Nerd Font Complete.ttf) italic normal 400 condensed>) = 11.25
DEBUG:matplotlib.font_manager:findfont: score(<Font 'NotoSans Nerd Font Mono' (Noto Sans ExtraCondensed Italic Nerd Font Complete Mono.ttf) italic normal 400 condensed>) = 11.25
DEBUG:matplotlib.font_manager:findfont: score(<Font 'Noto Sans Syriac' (NotoSansSyriac-Thin.ttf) normal normal 400 normal>) = 10.05
DEBUG:matplotlib.font_manager:findfont: score(<Font 'DejaVuSansMono Nerd Font' (DejaVu Sans Mono Bold Oblique Nerd Font Complete.ttf) oblique normal 700 normal>) = 11.335
DEBUG:matplotlib.font_manager:findfont: score(<Font 'NotoSerifDisplay Nerd Font Mono' (Noto Serif Display ExtraCondensed Black Nerd Font Complete Mono.ttf) normal normal black condensed>) = 10.725
DEBUG:matplotlib.font_manager:findfont: score(<Font 'NotoSerifDisplay Nerd Font' (Noto Serif Display ExtraCondensed SemiBold Italic Nerd Font Complete.ttf) italic normal semibold condensed>) = 11.44
DEBUG:matplotlib.font_manager:findfont: score(<Font 'NotoSans Nerd Font' (Noto Sans SemiCondensed Medium Italic Nerd Font Complete.ttf) italic normal medium condensed>) = 11.344999999999999
DEBUG:matplotlib.font_manager:findfont: score(<Font 'East Syriac Ctesiphon' (SyrCOMCtesiphon.otf) normal normal 400 normal>) = 10.05
DEBUG:matplotlib.font_manager:findfont: score(<Font 'Iosevka' (Iosevka Heavy Oblique Nerd Font Complete.ttf) oblique normal 700 normal>) = 11.335
DEBUG:matplotlib.font_manager:findfont: score(<Font 'NotoSerifDisplay Nerd Font' (Noto Serif Display Condensed Bold Italic Nerd Font Complete.ttf) italic normal 700 condensed>) = 11.535
DEBUG:matplotlib.font_manager:findfont: score(<Font 'SpaceMono Nerd Font' (Space Mono Italic Nerd Font Complete.ttf) italic normal 400 normal>) = 11.05
DEBUG:matplotlib.font_manager:findfont: score(<Font 'NotoSerifDisplay Nerd Font Mono' (Noto Serif Display Bold Nerd Font Complete Mono.ttf) normal normal 700 normal>) = 10.335
DEBUG:matplotlib.font_manager:findfont: score(<Font 'NotoSerif Nerd Font Mono' (Noto Serif SemiCondensed ExtraLight Italic Nerd Font Complete Mono.ttf) italic normal light condensed>) = 11.44
DEBUG:matplotlib.font_manager:findfont: score(<Font 'SauceCodePro Nerd Font' (Sauce Code Pro Black Nerd Font Complete.ttf) normal normal black normal>) = 10.525
DEBUG:matplotlib.font_manager:findfont: score(<Font 'DejaVu Sans Mono' (DejaVuSansMono-BoldOblique.ttf) oblique normal 700 normal>) = 11.335
DEBUG:matplotlib.font_manager:findfont: score(<Font 'NotoSansDisplay Nerd Font Mono' (Noto Sans Display Condensed Medium Nerd Font Complete Mono.ttf) normal normal medium condensed>) = 10.344999999999999
DEBUG:matplotlib.font_manager:findfont: score(<Font 'NotoSansDisplay Nerd Font' (Noto Sans Display Thin Nerd Font Complete.ttf) normal normal 400 normal>) = 10.05
DEBUG:matplotlib.font_manager:findfont: score(<Font 'NotoSansDisplay Nerd Font' (Noto Sans Display ExtraCondensed ExtraBold Nerd Font Complete.ttf) normal normal bold condensed>) = 10.535
DEBUG:matplotlib.font_manager:findfont: score(<Font 'Noto Sans Limbu' (NotoSansLimbu-Regular.ttf) normal normal regular normal>) = 10.05
DEBUG:matplotlib.font_manager:findfont: score(<Font 'Estrangelo Edessa' (SyrCOMEdessa.otf) normal normal 400 normal>) = 10.05
DEBUG:matplotlib.font_manager:findfont: score(<Font 'NotoSerifDisplay Nerd Font' (Noto Serif Display Condensed Medium Italic Nerd Font Complete.ttf) italic normal medium condensed>) = 11.344999999999999
DEBUG:matplotlib.font_manager:findfont: score(<Font 'MesloLGS Nerd Font Mono' (Meslo LG S Regular Nerd Font Complete Mono.otf) normal normal regular normal>) = 10.05
DEBUG:matplotlib.font_manager:findfont: score(<Font 'NotoSans Nerd Font' (Noto Sans Condensed ExtraLight Italic Nerd Font Complete.ttf) italic normal light condensed>) = 11.44
DEBUG:matplotlib.font_manager:findfont: score(<Font 'BlexMono Nerd Font Mono' (Blex Mono Medium Nerd Font Complete Mono.ttf) normal normal medium normal>) = 10.145
DEBUG:matplotlib.font_manager:findfont: score(<Font 'NotoSansDisplay Nerd Font' (Noto Sans Display SemiBold Nerd Font Complete.ttf) normal normal semibold normal>) = 10.24
DEBUG:matplotlib.font_manager:findfont: score(<Font 'NotoSans Nerd Font' (Noto Sans Condensed Light Italic Nerd Font Complete.ttf) italic normal light condensed>) = 11.44
DEBUG:matplotlib.font_manager:findfont: score(<Font 'mplus Nerd Font' (M+ 2m thin Nerd Font Complete.ttf) normal normal 400 normal>) = 10.05
DEBUG:matplotlib.font_manager:findfont: score(<Font 'Noto Serif Display' (NotoSerifDisplay-MediumItalic.ttf) italic normal medium normal>) = 11.145
DEBUG:matplotlib.font_manager:findfont: score(<Font 'Noto Sans Manichaean' (NotoSansManichaean-Regular.ttf) normal normal regular normal>) = 10.05
DEBUG:matplotlib.font_manager:findfont: score(<Font 'Noto Sans Ethiopic' (NotoSansEthiopic-Thin.ttf) normal normal 400 normal>) = 10.05
DEBUG:matplotlib.font_manager:findfont: score(<Font 'Noto Sans Lao' (NotoSansLao-Light.ttf) normal normal light normal>) = 10.24
DEBUG:matplotlib.font_manager:findfont: score(<Font 'Ubuntu Nerd Font' (Ubuntu Bold Italic Nerd Font Complete.ttf) italic normal 700 normal>) = 11.335
DEBUG:matplotlib.font_manager:findfont: score(<Font 'Noto Serif' (NotoSerif-MediumItalic.ttf) italic normal medium normal>) = 11.145
DEBUG:matplotlib.font_manager:findfont: score(<Font 'Iosevka' (Iosevka Light Italic Nerd Font Complete.ttf) italic normal light normal>) = 11.24
DEBUG:matplotlib.font_manager:findfont: score(<Font 'Source Code Pro' (SourceCodePro-Bold.otf) normal normal 700 normal>) = 10.335
DEBUG:matplotlib.font_manager:findfont: score(<Font 'Noto Sans Thai UI' (NotoSansThaiUI-Medium.ttf) normal normal medium normal>) = 10.145
DEBUG:matplotlib.font_manager:findfont: score(<Font 'Noto Serif Display' (NotoSerifDisplay-Thin.ttf) normal normal 400 normal>) = 10.05
DEBUG:matplotlib.font_manager:findfont: score(<Font 'NotoSerifDisplay Nerd Font Mono' (Noto Serif Display Condensed Black Italic Nerd Font Complete Mono.ttf) italic normal black condensed>) = 11.725
DEBUG:matplotlib.font_manager:findfont: score(<Font 'Noto Sans Myanmar' (NotoSansMyanmar-Black.ttf) normal normal black normal>) = 10.525
DEBUG:matplotlib.font_manager:findfont: score(<Font 'FuraCode Nerd Font Mono' (Fura Code Bold Nerd Font Complete Mono.otf) normal normal 700 normal>) = 10.335
DEBUG:matplotlib.font_manager:findfont: score(<Font 'Noto Serif Hebrew' (NotoSerifHebrew-Black.ttf) normal normal black normal>) = 10.525
DEBUG:matplotlib.font_manager:findfont: score(<Font 'NotoSerifDisplay Nerd Font Mono' (Noto Serif Display ExtraCondensed Black Nerd Font Complete Mono.ttf) normal normal black condensed>) = 10.725
DEBUG:matplotlib.font_manager:findfont: score(<Font 'NotoSerif Nerd Font' (Noto Serif ExtraCondensed ExtraLight Nerd Font Complete.ttf) normal normal light condensed>) = 10.44
DEBUG:matplotlib.font_manager:findfont: score(<Font 'NotoSans Nerd Font Mono' (Noto Sans Condensed ExtraBold Nerd Font Complete Mono.ttf) normal normal bold condensed>) = 10.535
DEBUG:matplotlib.font_manager:findfont: score(<Font 'NotoSansMono Nerd Font Mono' (Noto Sans Mono ExtraCondensed Black Nerd Font Complete Mono.ttf) normal normal black condensed>) = 10.725
DEBUG:matplotlib.font_manager:findfont: score(<Font 'NotoSans Nerd Font' (Noto Sans Condensed ExtraBold Italic Nerd Font Complete.ttf) italic normal bold condensed>) = 11.535
DEBUG:matplotlib.font_manager:findfont: score(<Font 'Arimo Nerd Font' (Arimo Bold Nerd Font Complete.ttf) normal normal 700 normal>) = 10.335
DEBUG:matplotlib.font_manager:findfont: score(<Font 'NotoSerifDisplay Nerd Font Mono' (Noto Serif Display SemiCondensed Italic Nerd Font Complete Mono.ttf) italic normal 400 condensed>) = 11.25
DEBUG:matplotlib.font_manager:findfont: score(<Font 'Noto Serif' (NotoSerif-BlackItalic.ttf) italic normal black normal>) = 11.525
DEBUG:matplotlib.font_manager:findfont: score(<Font 'Iosevka Term' (Iosevka Term Medium Italic Nerd Font Complete.ttf) italic normal medium normal>) = 11.145
DEBUG:matplotlib.font_manager:findfont: score(<Font 'Noto Sans Symbols2' (NotoSansSymbols2-Regular.ttf) normal normal regular normal>) = 10.05
DEBUG:matplotlib.font_manager:findfont: score(<Font 'NotoSans Nerd Font Mono' (Noto Sans SemiCondensed Bold Nerd Font Complete Mono.ttf) normal normal 700 condensed>) = 10.535
DEBUG:matplotlib.font_manager:findfont: score(<Font 'NotoSerifDisplay Nerd Font Mono' (Noto Serif Display ExtraLight Italic Nerd Font Complete Mono.ttf) italic normal light normal>) = 11.24
DEBUG:matplotlib.font_manager:findfont: score(<Font 'NotoSansMono Nerd Font' (Noto Sans Mono SemiCondensed Nerd Font Complete.ttf) normal normal 400 condensed>) = 10.25
DEBUG:matplotlib.font_manager:findfont: score(<Font 'Libertinus Serif' (LibertinusSerif-Italic.otf) italic normal 400 normal>) = 11.05
DEBUG:matplotlib.font_manager:findfont: score(<Font 'Iosevka' (Iosevka Light Oblique Nerd Font Complete Mono.ttf) oblique normal light normal>) = 11.24
DEBUG:matplotlib.font_manager:findfont: score(<Font 'NotoSerifDisplay Nerd Font' (Noto Serif Display Light Italic Nerd Font Complete.ttf) italic normal light normal>) = 11.24
DEBUG:matplotlib.font_manager:findfont: score(<Font 'Ubuntu Nerd Font' (Ubuntu Italic Nerd Font Complete.ttf) italic normal 400 normal>) = 11.05
DEBUG:matplotlib.font_manager:findfont: score(<Font 'Noto Sans Ethiopic' (NotoSansEthiopic-Light.ttf) normal normal light normal>) = 10.24
DEBUG:matplotlib.font_manager:findfont: score(<Font '3270Medium Nerd Font Mono' (3270-Medium Nerd Font Complete Mono.otf) normal normal medium normal>) = 10.145
DEBUG:matplotlib.font_manager:findfont: score(<Font 'NotoSansMono Nerd Font' (Noto Sans Mono SemiCondensed Light Nerd Font Complete.ttf) normal normal light condensed>) = 10.44
DEBUG:matplotlib.font_manager:findfont: score(<Font 'NotoSerifDisplay Nerd Font Mono' (Noto Serif Display Condensed Bold Italic Nerd Font Complete Mono.ttf) italic normal 700 condensed>) = 11.535
DEBUG:matplotlib.font_manager:findfont: score(<Font 'NotoSerifDisplay Nerd Font Mono' (Noto Serif Display ExtraCondensed Medium Italic Nerd Font Complete Mono.ttf) italic normal medium condensed>) = 11.344999999999999
DEBUG:matplotlib.font_manager:findfont: score(<Font 'Iosevka Term' (Iosevka Term Extralight Oblique Nerd Font Complete.ttf) oblique normal light normal>) = 11.24
DEBUG:matplotlib.font_manager:findfont: score(<Font 'NotoSerif Nerd Font Mono' (Noto Serif ExtraCondensed SemiBold Nerd Font Complete Mono.ttf) normal normal semibold condensed>) = 10.44
DEBUG:matplotlib.font_manager:findfont: score(<Font 'Noto Serif Gurmukhi' (NotoSerifGurmukhi-Medium.ttf) normal normal medium normal>) = 10.145
DEBUG:matplotlib.font_manager:findfont: score(<Font 'Noto Sans Tamil UI' (NotoSansTamilUI-Black.ttf) normal normal black normal>) = 10.525
DEBUG:matplotlib.font_manager:findfont: score(<Font 'NotoSans Nerd Font' (Noto Sans ExtraCondensed SemiBold Italic Nerd Font Complete.ttf) italic normal semibold condensed>) = 11.44
DEBUG:matplotlib.font_manager:findfont: score(<Font 'Noto Sans Tifinagh' (NotoSansTifinagh-Regular.ttf) normal normal regular normal>) = 10.05
DEBUG:matplotlib.font_manager:findfont: score(<Font 'OpenDyslexicMono Nerd Font Mono' (OpenDyslexicMono Regular Nerd Font Complete Mono.otf) normal normal 400 normal>) = 10.05
DEBUG:matplotlib.font_manager:findfont: score(<Font 'Noto Serif Malayalam' (NotoSerifMalayalam-Light.ttf) normal normal light normal>) = 10.24
DEBUG:matplotlib.font_manager:findfont: score(<Font 'NotoSerifDisplay Nerd Font Mono' (Noto Serif Display Medium Nerd Font Complete Mono.ttf) normal normal medium normal>) = 10.145
DEBUG:matplotlib.font_manager:findfont: score(<Font 'Nimbus Sans Narrow' (NimbusSansNarrow-Oblique.otf) oblique normal 400 condensed>) = 11.25
DEBUG:matplotlib.font_manager:findfont: score(<Font 'NotoSans Nerd Font' (Noto Sans Light Nerd Font Complete.ttf) normal normal light normal>) = 10.24
DEBUG:matplotlib.font_manager:findfont: score(<Font 'NotoSans Nerd Font' (Noto Sans Condensed Black Italic Nerd Font Complete.ttf) italic normal black condensed>) = 11.725
DEBUG:matplotlib.font_manager:findfont: score(<Font 'Noto Sans Arabic UI' (NotoSansArabicUI-Thin.ttf) normal normal 400 normal>) = 10.05
DEBUG:matplotlib.font_manager:findfont: score(<Font 'Noto Serif Kannada' (NotoSerifKannada-Regular.ttf) normal normal regular normal>) = 10.05
DEBUG:matplotlib.font_manager:findfont: score(<Font 'Noto Serif Georgian' (NotoSerifGeorgian-Bold.ttf) normal normal 700 normal>) = 10.335
DEBUG:matplotlib.font_manager:findfont: score(<Font 'Noto Kufi Arabic' (NotoKufiArabic-Medium.ttf) normal normal medium normal>) = 10.145
DEBUG:matplotlib.font_manager:findfont: score(<Font 'mplus Nerd Font Mono' (M+ 1mn light Nerd Font Complete Mono.ttf) normal normal light normal>) = 10.24
DEBUG:matplotlib.font_manager:findfont: score(<Font 'C059' (C059-BdIta.otf) italic normal 700 normal>) = 11.335
DEBUG:matplotlib.font_manager:findfont: score(<Font 'NotoSerifDisplay Nerd Font Mono' (Noto Serif Display Bold Italic Nerd Font Complete Mono.ttf) italic normal 700 normal>) = 11.335
DEBUG:matplotlib.font_manager:findfont: score(<Font 'NotoMono Nerd Font' (Noto Mono Nerd Font Complete.ttf) normal normal 400 normal>) = 10.05
DEBUG:matplotlib.font_manager:findfont: score(<Font 'NotoSansDisplay Nerd Font Mono' (Noto Sans Display SemiCondensed ExtraLight Italic Nerd Font Complete Mono.ttf) italic normal light condensed>) = 11.44
DEBUG:matplotlib.font_manager:findfont: score(<Font 'Noto Serif Display' (NotoSerifDisplay-BlackItalic.ttf) italic normal black normal>) = 11.525
DEBUG:matplotlib.font_manager:findfont: score(<Font 'mplus Nerd Font Mono' (M+ 1p thin Nerd Font Complete Mono.ttf) normal normal 400 normal>) = 10.05
DEBUG:matplotlib.font_manager:findfont: score(<Font 'Cantarell' (Cantarell-Regular.otf) normal normal regular normal>) = 10.05
DEBUG:matplotlib.font_manager:findfont: score(<Font 'NotoSerifDisplay Nerd Font Mono' (Noto Serif Display Condensed ExtraBold Nerd Font Complete Mono.ttf) normal normal bold condensed>) = 10.535
DEBUG:matplotlib.font_manager:findfont: score(<Font 'NotoSans Nerd Font' (Noto Sans ExtraCondensed ExtraBold Italic Nerd Font Complete.ttf) italic normal bold condensed>) = 11.535
DEBUG:matplotlib.font_manager:findfont: score(<Font 'mplus Nerd Font Mono' (M+ 1p black Nerd Font Complete Mono.ttf) normal normal 700 normal>) = 10.335
DEBUG:matplotlib.font_manager:findfont: score(<Font 'NotoSans Nerd Font' (Noto Sans SemiCondensed Italic Nerd Font Complete.ttf) italic normal 400 condensed>) = 11.25
DEBUG:matplotlib.font_manager:findfont: score(<Font 'Noto Sans Telugu' (NotoSansTelugu-Medium.ttf) normal normal medium normal>) = 10.145
DEBUG:matplotlib.font_manager:findfont: score(<Font 'NotoSerif Nerd Font Mono' (Noto Serif Condensed ExtraLight Italic Nerd Font Complete Mono.ttf) italic normal light condensed>) = 11.44
DEBUG:matplotlib.font_manager:findfont: score(<Font 'RobotoMono Nerd Font' (Roboto Mono Italic Nerd Font Complete.ttf) italic normal 400 normal>) = 11.05
DEBUG:matplotlib.font_manager:findfont: score(<Font 'Noto Sans Kannada UI' (NotoSansKannadaUI-Light.ttf) normal normal light normal>) = 10.24
DEBUG:matplotlib.font_manager:findfont: score(<Font 'Lekton Nerd Font' (Lekton-Italic Nerd Font Complete.ttf) italic normal 400 normal>) = 11.05
DEBUG:matplotlib.font_manager:findfont: score(<Font 'NotoSansDisplay Nerd Font Mono' (Noto Sans Display Medium Nerd Font Complete Mono.ttf) normal normal medium normal>) = 10.145
DEBUG:matplotlib.font_manager:findfont: score(<Font 'Noto Sans Devanagari UI' (NotoSansDevanagariUI-Black.ttf) normal normal black normal>) = 10.525
DEBUG:matplotlib.font_manager:findfont: score(<Font 'NotoSans Nerd Font Mono' (Noto Sans ExtraCondensed Black Nerd Font Complete Mono.ttf) normal normal black condensed>) = 10.725
DEBUG:matplotlib.font_manager:findfont: score(<Font 'Noto Naskh Arabic' (NotoNaskhArabic-Bold.ttf) normal normal 700 normal>) = 10.335
DEBUG:matplotlib.font_manager:findfont: score(<Font 'NotoSerifDisplay Nerd Font' (Noto Serif Display Condensed Thin Nerd Font Complete.ttf) normal normal 400 condensed>) = 10.25
DEBUG:matplotlib.font_manager:findfont: score(<Font 'FuraCode Nerd Font' (Fura Code Retina Nerd Font Complete.otf) normal normal 400 normal>) = 10.05
DEBUG:matplotlib.font_manager:findfont: score(<Font 'Hasklug Nerd Font' (Hasklug Nerd Font Complete.otf) normal normal 400 normal>) = 10.05
DEBUG:matplotlib.font_manager:findfont: score(<Font 'mplus Nerd Font' (M+ 2m light Nerd Font Complete.ttf) normal normal light normal>) = 10.24
DEBUG:matplotlib.font_manager:findfont: score(<Font 'NotoSerifDisplay Nerd Font Mono' (Noto Serif Display SemiCondensed SemiBold Italic Nerd Font Complete Mono.ttf) italic normal semibold condensed>) = 11.44
DEBUG:matplotlib.font_manager:findfont: score(<Font 'NotoSans Nerd Font' (Noto Sans Regular Nerd Font Complete.ttf) normal normal regular normal>) = 10.05
DEBUG:matplotlib.font_manager:findfont: score(<Font 'Ubuntu Nerd Font' (Ubuntu Bold Nerd Font Complete.ttf) normal normal 700 normal>) = 10.335
DEBUG:matplotlib.font_manager:findfont: score(<Font 'NotoSerifDisplay Nerd Font Mono' (Noto Serif Display Condensed ExtraBold Italic Nerd Font Complete Mono.ttf) italic normal bold condensed>) = 11.535
DEBUG:matplotlib.font_manager:findfont: score(<Font 'DejaVuSansMono Nerd Font Mono' (DejaVu Sans Mono Nerd Font Complete Mono.ttf) normal normal 400 normal>) = 10.05
DEBUG:matplotlib.font_manager:findfont: score(<Font 'NotoSerifDisplay Nerd Font Mono' (Noto Serif Display SemiBold Italic Nerd Font Complete Mono.ttf) italic normal semibold normal>) = 11.24
DEBUG:matplotlib.font_manager:findfont: score(<Font 'Noto Serif Sinhala' (NotoSerifSinhala-Light.ttf) normal normal light normal>) = 10.24
DEBUG:matplotlib.font_manager:findfont: score(<Font 'Nimbus Mono PS' (NimbusMonoPS-Bold.otf) normal normal 700 normal>) = 10.335
DEBUG:matplotlib.font_manager:findfont: score(<Font 'RobotoMono Nerd Font' (Roboto Mono Light Italic Nerd Font Complete.ttf) italic normal light normal>) = 11.24
DEBUG:matplotlib.font_manager:findfont: score(<Font 'BitstreamVeraSansMono Nerd Font Mono' (Bitstream Vera Sans Mono Bold Oblique Nerd Font Complete Mono.ttf) oblique normal 700 normal>) = 11.335
DEBUG:matplotlib.font_manager:findfont: score(<Font 'TerminessTTF Nerd Font Mono' (Terminess (TTF) Bold Nerd Font Complete Mono.ttf) normal normal 700 normal>) = 10.335
DEBUG:matplotlib.font_manager:findfont: score(<Font 'Libertinus Mono' (LibertinusMono-Regular.otf) normal normal regular normal>) = 10.05
DEBUG:matplotlib.font_manager:findfont: score(<Font 'NotoSerif Nerd Font Mono' (Noto Serif Medium Nerd Font Complete Mono.ttf) normal normal medium normal>) = 10.145
DEBUG:matplotlib.font_manager:findfont: score(<Font 'NotoSerifDisplay Nerd Font' (Noto Serif Display Thin Nerd Font Complete.ttf) normal normal 400 normal>) = 10.05
DEBUG:matplotlib.font_manager:findfont: score(<Font 'mplus Nerd Font Mono' (M+ 1mn medium Nerd Font Complete Mono.ttf) normal normal medium normal>) = 10.145
DEBUG:matplotlib.font_manager:findfont: score(<Font 'mplus Nerd Font' (M+ 1p Nerd Font Complete.ttf) normal normal 400 normal>) = 10.05
DEBUG:matplotlib.font_manager:findfont: score(<Font 'NotoSerif Nerd Font' (Noto Serif SemiCondensed Light Nerd Font Complete.ttf) normal normal light condensed>) = 10.44
DEBUG:matplotlib.font_manager:findfont: score(<Font 'NotoSerifDisplay Nerd Font Mono' (Noto Serif Display SemiCondensed Thin Italic Nerd Font Complete Mono.ttf) italic normal 400 condensed>) = 11.25
DEBUG:matplotlib.font_manager:findfont: score(<Font 'mplus Nerd Font' (M+ 2c medium Nerd Font Complete.ttf) normal normal medium normal>) = 10.145
DEBUG:matplotlib.font_manager:findfont: score(<Font 'Monoid Nerd Font' (Monoid Bold Nerd Font Complete.ttf) normal normal 700 normal>) = 10.335
DEBUG:matplotlib.font_manager:findfont: score(<Font 'mplus Nerd Font Mono' (M+ 1c light Nerd Font Complete Mono.ttf) normal normal light normal>) = 10.24
DEBUG:matplotlib.font_manager:findfont: score(<Font 'BlexMono Nerd Font Mono' (Blex Mono ExtraLight Italic Nerd Font Complete Mono.ttf) italic normal light normal>) = 11.24
DEBUG:matplotlib.font_manager:findfont: score(<Font 'Iosevka' (Iosevka Italic Nerd Font Complete Mono.ttf) italic normal 400 normal>) = 11.05
DEBUG:matplotlib.font_manager:findfont: score(<Font 'Tinos Nerd Font Mono' (Tinos Bold Nerd Font Complete Mono.ttf) normal normal 700 normal>) = 10.335
DEBUG:matplotlib.font_manager:findfont: score(<Font 'NotoSansDisplay Nerd Font Mono' (Noto Sans Display Regular Nerd Font Complete Mono.ttf) normal normal regular normal>) = 10.05
DEBUG:matplotlib.font_manager:findfont: score(<Font 'NotoSerifDisplay Nerd Font' (Noto Serif Display Light Italic Nerd Font Complete.ttf) italic normal light normal>) = 11.24
DEBUG:matplotlib.font_manager:findfont: score(<Font 'NotoSansDisplay Nerd Font Mono' (Noto Sans Display SemiCondensed Light Italic Nerd Font Complete Mono.ttf) italic normal light condensed>) = 11.44
DEBUG:matplotlib.font_manager:findfont: score(<Font 'Hasklug Nerd Font' (Hasklug Bold Italic Nerd Font Complete.otf) italic normal 700 normal>) = 11.335
DEBUG:matplotlib.font_manager:findfont: score(<Font 'NotoSans Nerd Font' (Noto Sans Medium Italic Nerd Font Complete.ttf) italic normal medium normal>) = 11.145
DEBUG:matplotlib.font_manager:findfont: score(<Font 'NotoSerifDisplay Nerd Font' (Noto Serif Display SemiBold Nerd Font Complete.ttf) normal normal semibold normal>) = 10.24
DEBUG:matplotlib.font_manager:findfont: score(<Font 'Nimbus Sans' (NimbusSans-Italic.otf) italic normal 400 normal>) = 11.05
DEBUG:matplotlib.font_manager:findfont: score(<Font 'Estrangelo Talada' (SyrCOMTalada.otf) normal normal 400 normal>) = 10.05
DEBUG:matplotlib.font_manager:findfont: score(<Font 'mplus Nerd Font Mono' (M+ 2c thin Nerd Font Complete Mono.ttf) normal normal 400 normal>) = 10.05
DEBUG:matplotlib.font_manager:findfont: score(<Font 'ProFontWindows Nerd Font' (ProFontWindows Nerd Font Complete.ttf) normal normal 400 normal>) = 10.05
DEBUG:matplotlib.font_manager:findfont: score(<Font '3270Medium Nerd Font' (3270-Medium Nerd Font Complete.otf) normal normal medium normal>) = 10.145
DEBUG:matplotlib.font_manager:findfont: score(<Font 'Noto Serif Tibetan' (NotoSerifTibetan-Thin.ttf) normal normal 400 normal>) = 10.05
DEBUG:matplotlib.font_manager:findfont: score(<Font 'Cousine Nerd Font' (Cousine Bold Italic Nerd Font Complete.ttf) italic normal 700 normal>) = 11.335
DEBUG:matplotlib.font_manager:findfont: score(<Font 'NotoSansDisplay Nerd Font Mono' (Noto Sans Display SemiBold Italic Nerd Font Complete Mono.ttf) italic normal semibold normal>) = 11.24
DEBUG:matplotlib.font_manager:findfont: score(<Font 'OverpassMono Nerd Font' (Overpass Mono Bold Nerd Font Complete.otf) normal normal 700 normal>) = 10.335
DEBUG:matplotlib.font_manager:findfont: score(<Font 'NotoSansDisplay Nerd Font' (Noto Sans Display ExtraCondensed Thin Italic Nerd Font Complete.ttf) italic normal 400 condensed>) = 11.25
DEBUG:matplotlib.font_manager:findfont: score(<Font 'NotoSansMono Nerd Font' (Noto Sans Mono ExtraCondensed Light Nerd Font Complete.ttf) normal normal light condensed>) = 10.44
DEBUG:matplotlib.font_manager:findfont: score(<Font 'ProFontWindows Nerd Font Mono' (ProFontWindows Nerd Font Complete Mono.ttf) normal normal 400 normal>) = 10.05
DEBUG:matplotlib.font_manager:findfont: score(<Font 'mplus Nerd Font Mono' (M+ 1m light Nerd Font Complete Mono.ttf) normal normal light normal>) = 10.24
DEBUG:matplotlib.font_manager:findfont: score(<Font 'NotoSans Nerd Font Mono' (Noto Sans Condensed Bold Italic Nerd Font Complete Mono.ttf) italic normal 700 condensed>) = 11.535
DEBUG:matplotlib.font_manager:findfont: score(<Font 'NotoSerif Nerd Font' (Noto Serif ExtraCondensed Light Nerd Font Complete.ttf) normal normal light condensed>) = 10.44
DEBUG:matplotlib.font_manager:findfont: score(<Font 'NotoSerif Nerd Font' (Noto Serif ExtraCondensed ExtraBold Nerd Font Complete.ttf) normal normal bold condensed>) = 10.535
DEBUG:matplotlib.font_manager:findfont: score(<Font 'NotoSans Nerd Font Mono' (Noto Sans SemiCondensed Bold Italic Nerd Font Complete Mono.ttf) italic normal 700 condensed>) = 11.535
DEBUG:matplotlib.font_manager:findfont: score(<Font 'Noto Serif Gujarati' (NotoSerifGujarati-Regular.ttf) normal normal regular normal>) = 10.05
DEBUG:matplotlib.font_manager:findfont: score(<Font 'NotoSansDisplay Nerd Font Mono' (Noto Sans Display Condensed Bold Nerd Font Complete Mono.ttf) normal normal 700 condensed>) = 10.535
DEBUG:matplotlib.font_manager:findfont: score(<Font 'OpenDyslexic Nerd Font' (OpenDyslexic Bold Italic Nerd Font Complete.otf) italic normal 700 normal>) = 11.335
DEBUG:matplotlib.font_manager:findfont: score(<Font 'NotoSerif Nerd Font Mono' (Noto Serif Condensed Medium Nerd Font Complete Mono.ttf) normal normal medium condensed>) = 10.344999999999999
DEBUG:matplotlib.font_manager:findfont: score(<Font 'Serto Urhoy' (SyrCOMUrhoy.otf) normal normal 400 normal>) = 10.05
DEBUG:matplotlib.font_manager:findfont: score(<Font 'Noto Serif Armenian' (NotoSerifArmenian-Regular.ttf) normal normal regular normal>) = 10.05
DEBUG:matplotlib.font_manager:findfont: score(<Font 'NotoSerif Nerd Font' (Noto Serif Condensed Italic Nerd Font Complete.ttf) italic normal 400 condensed>) = 11.25
DEBUG:matplotlib.font_manager:findfont: score(<Font 'RobotoMono Nerd Font Mono' (Roboto Mono Light Italic Nerd Font Complete Mono.ttf) italic normal light normal>) = 11.24
DEBUG:matplotlib.font_manager:findfont: score(<Font 'Overpass Nerd Font Mono' (Overpass ExtraLight Nerd Font Complete Mono.otf) normal normal light normal>) = 10.24
DEBUG:matplotlib.font_manager:findfont: score(<Font 'NotoSerifDisplay Nerd Font' (Noto Serif Display SemiCondensed ExtraBold Italic Nerd Font Complete.ttf) italic normal bold condensed>) = 11.535
DEBUG:matplotlib.font_manager:findfont: score(<Font 'NotoSerifDisplay Nerd Font Mono' (Noto Serif Display SemiCondensed Thin Nerd Font Complete Mono.ttf) normal normal 400 condensed>) = 10.25
DEBUG:matplotlib.font_manager:findfont: score(<Font 'NotoSerifDisplay Nerd Font' (Noto Serif Display ExtraCondensed Bold Nerd Font Complete.ttf) normal normal 700 condensed>) = 10.535
DEBUG:matplotlib.font_manager:findfont: score(<Font 'NotoSans Nerd Font' (Noto Sans ExtraCondensed Thin Italic Nerd Font Complete.ttf) italic normal 400 condensed>) = 11.25
DEBUG:matplotlib.font_manager:findfont: score(<Font 'NotoSansDisplay Nerd Font Mono' (Noto Sans Display ExtraCondensed Thin Italic Nerd Font Complete Mono.ttf) italic normal 400 condensed>) = 11.25
DEBUG:matplotlib.font_manager:findfont: score(<Font 'NotoSansMono Nerd Font Mono' (Noto Sans Mono Black Nerd Font Complete Mono.ttf) normal normal black normal>) = 10.525
DEBUG:matplotlib.font_manager:findfont: score(<Font 'FuraCode Nerd Font' (Fura Code Regular Nerd Font Complete.otf) normal normal regular normal>) = 10.05
DEBUG:matplotlib.font_manager:findfont: score(<Font 'MesloLGLDZ Nerd Font Mono' (Meslo LG L DZ Regular Nerd Font Complete Mono.otf) normal normal regular normal>) = 10.05
DEBUG:matplotlib.font_manager:findfont: score(<Font 'NotoSansDisplay Nerd Font Mono' (Noto Sans Display SemiCondensed Nerd Font Complete Mono.ttf) normal normal 400 condensed>) = 10.25
DEBUG:matplotlib.font_manager:findfont: score(<Font 'Iosevka Term' (Iosevka Term Nerd Font Complete Mono.ttf) normal normal 400 normal>) = 10.05
DEBUG:matplotlib.font_manager:findfont: score(<Font 'NotoSansDisplay Nerd Font Mono' (Noto Sans Display ExtraCondensed SemiBold Nerd Font Complete Mono.ttf) normal normal semibold condensed>) = 10.44
DEBUG:matplotlib.font_manager:findfont: score(<Font 'Iosevka' (Iosevka Thin Italic Nerd Font Complete.ttf) italic normal 400 normal>) = 11.05
DEBUG:matplotlib.font_manager:findfont: score(<Font 'mplus Nerd Font Mono' (M+ 1c Nerd Font Complete Mono.ttf) normal normal 400 normal>) = 10.05
DEBUG:matplotlib.font_manager:findfont: score(<Font 'BlexMono Nerd Font' (Blex Mono Medium Italic Nerd Font Complete.ttf) italic normal medium normal>) = 11.145
DEBUG:matplotlib.font_manager:findfont: score(<Font 'NotoSerifDisplay Nerd Font Mono' (Noto Serif Display Condensed Medium Nerd Font Complete Mono.ttf) normal normal medium condensed>) = 10.344999999999999
DEBUG:matplotlib.font_manager:findfont: score(<Font 'RobotoMono Nerd Font Mono' (Roboto Mono Thin Italic Nerd Font Complete Mono.ttf) italic normal 400 normal>) = 11.05
DEBUG:matplotlib.font_manager:findfont: score(<Font 'NotoSans Nerd Font' (Noto Sans SemiCondensed Medium Italic Nerd Font Complete.ttf) italic normal medium condensed>) = 11.344999999999999
DEBUG:matplotlib.font_manager:findfont: score(<Font 'DejaVu Sans' (DejaVuSansCondensed.ttf) normal normal 400 condensed>) = 0.25
DEBUG:matplotlib.font_manager:findfont: score(<Font 'Noto Sans Sinhala UI' (NotoSansSinhalaUI-Thin.ttf) normal normal 400 normal>) = 10.05
DEBUG:matplotlib.font_manager:findfont: score(<Font 'NotoSans Nerd Font' (Noto Sans SemiCondensed Nerd Font Complete.ttf) normal normal 400 condensed>) = 10.25
DEBUG:matplotlib.font_manager:findfont: score(<Font 'NotoSansDisplay Nerd Font Mono' (Noto Sans Display ExtraLight Italic Nerd Font Complete Mono.ttf) italic normal light normal>) = 11.24
DEBUG:matplotlib.font_manager:findfont: score(<Font 'NotoSans Nerd Font Mono' (Noto Sans SemiCondensed Italic Nerd Font Complete Mono.ttf) italic normal 400 condensed>) = 11.25
DEBUG:matplotlib.font_manager:findfont: score(<Font 'NotoSansDisplay Nerd Font Mono' (Noto Sans Display Light Italic Nerd Font Complete Mono.ttf) italic normal light normal>) = 11.24
DEBUG:matplotlib.font_manager:findfont: score(<Font 'NotoSerif Nerd Font Mono' (Noto Serif Condensed Light Italic Nerd Font Complete Mono.ttf) italic normal light condensed>) = 11.44
DEBUG:matplotlib.font_manager:findfont: score(<Font 'NotoSansDisplay Nerd Font' (Noto Sans Display Bold Nerd Font Complete.ttf) normal normal 700 normal>) = 10.335
DEBUG:matplotlib.font_manager:findfont: score(<Font 'Noto Sans Sundanese' (NotoSansSundanese-Regular.ttf) normal normal regular normal>) = 10.05
DEBUG:matplotlib.font_manager:findfont: score(<Font 'NotoSansDisplay Nerd Font Mono' (Noto Sans Display Condensed Italic Nerd Font Complete Mono.ttf) italic normal 400 condensed>) = 11.25
DEBUG:matplotlib.font_manager:findfont: score(<Font 'NotoSansDisplay Nerd Font Mono' (Noto Sans Display ExtraCondensed Bold Italic Nerd Font Complete Mono.ttf) italic normal 700 condensed>) = 11.535
DEBUG:matplotlib.font_manager:findfont: score(<Font 'NotoSans Nerd Font Mono' (Noto Sans SemiCondensed Bold Nerd Font Complete Mono.ttf) normal normal 700 condensed>) = 10.535
DEBUG:matplotlib.font_manager:findfont: score(<Font 'NotoSansMono Nerd Font Mono' (Noto Sans Mono Condensed Light Nerd Font Complete Mono.ttf) normal normal light condensed>) = 10.44
DEBUG:matplotlib.font_manager:findfont: score(<Font 'NotoSans Nerd Font Mono' (Noto Sans Condensed Light Nerd Font Complete Mono.ttf) normal normal light condensed>) = 10.44
DEBUG:matplotlib.font_manager:findfont: score(<Font 'Estrangelo Quenneshrin' (SyrCOMQenNeshrin.otf) normal normal 400 normal>) = 10.05
DEBUG:matplotlib.font_manager:findfont: score(<Font '3270Medium Nerd Font Mono' (3270-Medium Nerd Font Complete Mono.otf) normal normal medium normal>) = 10.145
DEBUG:matplotlib.font_manager:findfont: score(<Font 'NotoSans Nerd Font' (Noto Sans SemiCondensed Light Nerd Font Complete.ttf) normal normal light condensed>) = 10.44
DEBUG:matplotlib.font_manager:findfont: score(<Font 'OpenDyslexicAlta Nerd Font Mono' (OpenDyslexicAlta Regular Nerd Font Complete Mono.otf) normal normal 400 normal>) = 10.05
DEBUG:matplotlib.font_manager:findfont: score(<Font 'NotoSerifDisplay Nerd Font Mono' (Noto Serif Display Light Italic Nerd Font Complete Mono.ttf) italic normal light normal>) = 11.24
DEBUG:matplotlib.font_manager:findfont: score(<Font 'MesloLGMDZ Nerd Font' (Meslo LG M DZ Regular Nerd Font Complete.otf) normal normal regular normal>) = 10.05
DEBUG:matplotlib.font_manager:findfont: score(<Font 'NotoSerifDisplay Nerd Font' (Noto Serif Display SemiCondensed Nerd Font Complete.ttf) normal normal 400 condensed>) = 10.25
DEBUG:matplotlib.font_manager:findfont: score(<Font 'DroidSansMono Nerd Font' (Droid Sans Mono Nerd Font Complete.otf) normal normal 400 normal>) = 10.05
DEBUG:matplotlib.font_manager:findfont: score(<Font 'NotoSansMono Nerd Font' (Noto Sans Mono Condensed Medium Nerd Font Complete.ttf) normal normal medium condensed>) = 10.344999999999999
DEBUG:matplotlib.font_manager:findfont: score(<Font 'NotoSans Nerd Font Mono' (Noto Sans ExtraBold Nerd Font Complete Mono.ttf) normal normal bold normal>) = 10.335
DEBUG:matplotlib.font_manager:findfont: score(<Font 'Noto Sans Syriac' (NotoSansSyriac-Black.ttf) normal normal black normal>) = 10.525
DEBUG:matplotlib.font_manager:findfont: score(<Font 'mplus Nerd Font Mono' (M+ 1p light Nerd Font Complete Mono.ttf) normal normal light normal>) = 10.24
DEBUG:matplotlib.font_manager:findfont: score(<Font 'mplus Nerd Font' (M+ 1c medium Nerd Font Complete.ttf) normal normal medium normal>) = 10.145
DEBUG:matplotlib.font_manager:findfont: score(<Font 'Noto Sans Old Permic' (NotoSansOldPermic-Regular.ttf) normal normal regular normal>) = 10.05
DEBUG:matplotlib.font_manager:findfont: score(<Font 'Iosevka Term' (Iosevka Term Heavy Oblique Nerd Font Complete Mono.ttf) oblique normal 700 normal>) = 11.335
DEBUG:matplotlib.font_manager:findfont: score(<Font 'NotoSans Nerd Font' (Noto Sans SemiBold Italic Nerd Font Complete.ttf) italic normal semibold normal>) = 11.24
DEBUG:matplotlib.font_manager:findfont: score(<Font 'mplus Nerd Font Mono' (M+ 2p heavy Nerd Font Complete Mono.ttf) normal normal 700 normal>) = 10.335
DEBUG:matplotlib.font_manager:findfont: score(<Font 'Noto Sans Telugu UI' (NotoSansTeluguUI-Thin.ttf) normal normal 400 normal>) = 10.05
DEBUG:matplotlib.font_manager:findfont: score(<Font 'NotoSansDisplay Nerd Font' (Noto Sans Display Italic Nerd Font Complete.ttf) italic normal 400 normal>) = 11.05
DEBUG:matplotlib.font_manager:findfont: score(<Font 'Iosevka Term' (Iosevka Term Extralight Nerd Font Complete.ttf) normal normal light normal>) = 10.24
DEBUG:matplotlib.font_manager:findfont: score(<Font 'Overpass Nerd Font' (Overpass SemiBold Italic Nerd Font Complete.otf) italic normal semibold normal>) = 11.24
DEBUG:matplotlib.font_manager:findfont: score(<Font 'NotoSerif Nerd Font' (Noto Serif Condensed SemiBold Italic Nerd Font Complete.ttf) italic normal semibold condensed>) = 11.44
DEBUG:matplotlib.font_manager:findfont: score(<Font 'InconsolataLGC Nerd Font Mono' (Inconsolata LGC Italic Nerd Font Complete Mono.ttf) italic normal 400 normal>) = 11.05
DEBUG:matplotlib.font_manager:findfont: score(<Font 'mplus Nerd Font' (M+ 2c bold Nerd Font Complete.ttf) normal normal 700 normal>) = 10.335
DEBUG:matplotlib.font_manager:findfont: score(<Font 'NotoSerif Nerd Font' (Noto Serif ExtraCondensed Bold Italic Nerd Font Complete.ttf) italic normal 700 condensed>) = 11.535
DEBUG:matplotlib.font_manager:findfont: score(<Font 'NotoSansDisplay Nerd Font Mono' (Noto Sans Display Medium Italic Nerd Font Complete Mono.ttf) italic normal medium normal>) = 11.145
DEBUG:matplotlib.font_manager:findfont: score(<Font 'MesloLGSDZ Nerd Font' (Meslo LG S DZ Regular Nerd Font Complete.otf) normal normal regular normal>) = 10.05
DEBUG:matplotlib.font_manager:findfont: score(<Font 'Monoid Nerd Font Mono' (Monoid Regular Nerd Font Complete Mono.ttf) normal normal regular normal>) = 10.05
DEBUG:matplotlib.font_manager:findfont: score(<Font 'NotoSerif Nerd Font' (Noto Serif SemiCondensed Black Nerd Font Complete.ttf) normal normal black condensed>) = 10.725
DEBUG:matplotlib.font_manager:findfont: score(<Font 'NotoSerif Nerd Font' (Noto Serif ExtraBold Nerd Font Complete.ttf) normal normal bold normal>) = 10.335
DEBUG:matplotlib.font_manager:findfont: score(<Font 'SauceCodePro Nerd Font Mono' (Sauce Code Pro Nerd Font Complete Mono.ttf) normal normal 400 normal>) = 10.05
DEBUG:matplotlib.font_manager:findfont: score(<Font 'FuraCode Nerd Font' (Fura Code Retina Nerd Font Complete.otf) normal normal 400 normal>) = 10.05
DEBUG:matplotlib.font_manager:findfont: score(<Font 'Noto Serif Myanmar' (NotoSerifMyanmar-Regular.ttf) normal normal regular normal>) = 10.05
DEBUG:matplotlib.font_manager:findfont: score(<Font 'NotoSerif Nerd Font' (Noto Serif ExtraLight Italic Nerd Font Complete.ttf) italic normal light normal>) = 11.24
DEBUG:matplotlib.font_manager:findfont: score(<Font 'Nimbus Roman' (NimbusRoman-Bold.otf) normal normal 700 normal>) = 10.335
DEBUG:matplotlib.font_manager:findfont: score(<Font 'Noto Sans Canadian Aboriginal' (NotoSansCanadianAboriginal-Black.ttf) normal normal black normal>) = 10.525
DEBUG:matplotlib.font_manager:findfont: score(<Font 'Noto Sans Arabic' (NotoSansArabic-Thin.ttf) normal normal 400 normal>) = 10.05
DEBUG:matplotlib.font_manager:findfont: score(<Font 'BitstreamVeraSansMono Nerd Font' (Bitstream Vera Sans Mono Oblique Nerd Font Complete.ttf) oblique normal 400 normal>) = 11.05
DEBUG:matplotlib.font_manager:findfont: score(<Font 'Noto Serif Tibetan' (NotoSerifTibetan-Regular.ttf) normal normal regular normal>) = 10.05
DEBUG:matplotlib.font_manager:findfont: score(<Font 'Hasklug Nerd Font' (Hasklug Medium Italic Nerd Font Complete.otf) italic normal medium normal>) = 11.145
DEBUG:matplotlib.font_manager:findfont: score(<Font 'NotoSerifDisplay Nerd Font Mono' (Noto Serif Display ExtraCondensed Nerd Font Complete Mono.ttf) normal normal 400 condensed>) = 10.25
DEBUG:matplotlib.font_manager:findfont: score(<Font 'NotoSans Nerd Font Mono' (Noto Sans ExtraCondensed Bold Nerd Font Complete Mono.ttf) normal normal 700 condensed>) = 10.535
DEBUG:matplotlib.font_manager:findfont: score(<Font 'NotoSansDisplay Nerd Font Mono' (Noto Sans Display SemiCondensed ExtraLight Nerd Font Complete Mono.ttf) normal normal light condensed>) = 10.44
DEBUG:matplotlib.font_manager:findfont: score(<Font 'NotoSans Nerd Font Mono' (Noto Sans SemiCondensed ExtraBold Nerd Font Complete Mono.ttf) normal normal bold condensed>) = 10.535
DEBUG:matplotlib.font_manager:findfont: score(<Font 'NotoSerifDisplay Nerd Font' (Noto Serif Display Thin Nerd Font Complete.ttf) normal normal 400 normal>) = 10.05
DEBUG:matplotlib.font_manager:findfont: score(<Font 'NotoSerif Nerd Font Mono' (Noto Serif SemiCondensed Medium Italic Nerd Font Complete Mono.ttf) italic normal medium condensed>) = 11.344999999999999
DEBUG:matplotlib.font_manager:findfont: score(<Font 'Iosevka' (Iosevka Italic Nerd Font Complete Mono.ttf) italic normal 400 normal>) = 11.05
DEBUG:matplotlib.font_manager:findfont: score(<Font '3270Medium Nerd Font' (3270-Medium Nerd Font Complete.otf) normal normal medium normal>) = 10.145
DEBUG:matplotlib.font_manager:findfont: score(<Font 'OpenDyslexicAlta Nerd Font Mono' (OpenDyslexicAlta Regular Nerd Font Complete Mono.otf) normal normal 400 normal>) = 10.05
DEBUG:matplotlib.font_manager:findfont: score(<Font 'GoMono Nerd Font Mono' (Go Mono Italic Nerd Font Complete Mono.ttf) italic normal 400 normal>) = 11.05
DEBUG:matplotlib.font_manager:findfont: score(<Font 'Noto Sans' (NotoSans-Thin.ttf) normal normal 400 normal>) = 10.05
DEBUG:matplotlib.font_manager:findfont: score(<Font 'NotoSansDisplay Nerd Font' (Noto Sans Display ExtraCondensed Thin Italic Nerd Font Complete.ttf) italic normal 400 condensed>) = 11.25
DEBUG:matplotlib.font_manager:findfont: score(<Font 'Hurmit Nerd Font' (Hurmit Bold Nerd Font Complete.otf) normal normal 700 normal>) = 10.335
DEBUG:matplotlib.font_manager:findfont: score(<Font 'NotoSerif Nerd Font' (Noto Serif ExtraCondensed ExtraBold Italic Nerd Font Complete.ttf) italic normal bold condensed>) = 11.535
DEBUG:matplotlib.font_manager:findfont: score(<Font 'SauceCodePro Nerd Font' (Sauce Code Pro Nerd Font Complete.ttf) normal normal 400 normal>) = 10.05
DEBUG:matplotlib.font_manager:findfont: score(<Font 'NotoSerif Nerd Font Mono' (Noto Serif ExtraCondensed ExtraBold Italic Nerd Font Complete Mono.ttf) italic normal bold condensed>) = 11.535
DEBUG:matplotlib.font_manager:findfont: score(<Font 'Cousine Nerd Font Mono' (Cousine Regular Nerd Font Complete Mono.ttf) normal normal regular normal>) = 10.05
DEBUG:matplotlib.font_manager:findfont: score(<Font 'NotoSansMono Nerd Font' (Noto Sans Mono Black Nerd Font Complete.ttf) normal normal black normal>) = 10.525
DEBUG:matplotlib.font_manager:findfont: score(<Font 'OpenDyslexicAlta Nerd Font' (OpenDyslexicAlta Bold Nerd Font Complete.otf) normal normal 700 normal>) = 10.335
DEBUG:matplotlib.font_manager:findfont: score(<Font 'Source Code Pro' (SourceCodePro-Medium.otf) normal normal medium normal>) = 10.145
DEBUG:matplotlib.font_manager:findfont: score(<Font 'mplus Nerd Font' (M+ 1m bold Nerd Font Complete.ttf) normal normal 700 normal>) = 10.335
DEBUG:matplotlib.font_manager:findfont: score(<Font 'Noto Serif Hebrew' (NotoSerifHebrew-Bold.ttf) normal normal 700 normal>) = 10.335
DEBUG:matplotlib.font_manager:findfont: score(<Font 'NotoSans Nerd Font Mono' (Noto Sans ExtraCondensed ExtraLight Nerd Font Complete Mono.ttf) normal normal light condensed>) = 10.44
DEBUG:matplotlib.font_manager:findfont: score(<Font 'Hurmit Nerd Font Mono' (Hurmit Bold Nerd Font Complete Mono.otf) normal normal 700 normal>) = 10.335
DEBUG:matplotlib.font_manager:findfont: score(<Font 'mplus Nerd Font' (M+ 1p black Nerd Font Complete.ttf) normal normal 700 normal>) = 10.335
DEBUG:matplotlib.font_manager:findfont: score(<Font 'NotoSerif Nerd Font Mono' (Noto Serif ExtraCondensed Bold Italic Nerd Font Complete Mono.ttf) italic normal 700 condensed>) = 11.535
DEBUG:matplotlib.font_manager:findfont: score(<Font 'Noto Sans Math' (NotoSansMath-Regular.ttf) normal normal regular normal>) = 10.05
DEBUG:matplotlib.font_manager:findfont: score(<Font 'NotoSans Nerd Font' (Noto Sans ExtraCondensed Thin Nerd Font Complete.ttf) normal normal 400 condensed>) = 10.25
DEBUG:matplotlib.font_manager:findfont: score(<Font 'TerminessTTF Nerd Font' (Terminess (TTF) Italic Nerd Font Complete.ttf) italic normal 400 normal>) = 11.05
DEBUG:matplotlib.font_manager:findfont: score(<Font 'Iosevka Term' (Iosevka Term Oblique Nerd Font Complete.ttf) oblique normal 400 normal>) = 11.05
DEBUG:matplotlib.font_manager:findfont: score(<Font 'NotoSerifDisplay Nerd Font' (Noto Serif Display Black Italic Nerd Font Complete.ttf) italic normal black normal>) = 11.525
DEBUG:matplotlib.font_manager:findfont: score(<Font 'Noto Sans Kannada UI' (NotoSansKannadaUI-Thin.ttf) normal normal 400 normal>) = 10.05
DEBUG:matplotlib.font_manager:findfont: score(<Font 'NotoSerif Nerd Font Mono' (Noto Serif Condensed Medium Italic Nerd Font Complete Mono.ttf) italic normal medium condensed>) = 11.344999999999999
DEBUG:matplotlib.font_manager:findfont: score(<Font 'Noto Sans Lao UI' (NotoSansLaoUI-Medium.ttf) normal normal medium normal>) = 10.145
DEBUG:matplotlib.font_manager:findfont: score(<Font 'mplus Nerd Font Mono' (M+ 2c thin Nerd Font Complete Mono.ttf) normal normal 400 normal>) = 10.05
DEBUG:matplotlib.font_manager:findfont: score(<Font 'NotoSerifDisplay Nerd Font' (Noto Serif Display ExtraCondensed Thin Nerd Font Complete.ttf) normal normal 400 condensed>) = 10.25
DEBUG:matplotlib.font_manager:findfont: score(<Font 'NotoSerif Nerd Font Mono' (Noto Serif ExtraLight Nerd Font Complete Mono.ttf) normal normal light normal>) = 10.24
DEBUG:matplotlib.font_manager:findfont: score(<Font 'RobotoMono Nerd Font' (Roboto Mono Medium Nerd Font Complete.ttf) normal normal medium normal>) = 10.145
DEBUG:matplotlib.font_manager:findfont: score(<Font 'NotoSans Nerd Font Mono' (Noto Sans Condensed Black Nerd Font Complete Mono.ttf) normal normal black condensed>) = 10.725
DEBUG:matplotlib.font_manager:findfont: score(<Font 'mplus Nerd Font Mono' (M+ 2p light Nerd Font Complete Mono.ttf) normal normal light normal>) = 10.24
DEBUG:matplotlib.font_manager:findfont: score(<Font 'Noto Sans Linear A' (NotoSansLinearA-Regular.ttf) normal normal regular normal>) = 10.05
DEBUG:matplotlib.font_manager:findfont: score(<Font 'NotoSerif Nerd Font' (Noto Serif Medium Italic Nerd Font Complete.ttf) italic normal medium normal>) = 11.145
DEBUG:matplotlib.font_manager:findfont: score(<Font 'OpenDyslexic Nerd Font' (OpenDyslexic Italic Nerd Font Complete.otf) italic normal 400 normal>) = 11.05
DEBUG:matplotlib.font_manager:findfont: score(<Font 'NotoSansDisplay Nerd Font Mono' (Noto Sans Display SemiCondensed Light Italic Nerd Font Complete Mono.ttf) italic normal light condensed>) = 11.44
DEBUG:matplotlib.font_manager:findfont: score(<Font 'BlexMono Nerd Font Mono' (Blex Mono Medium Italic Nerd Font Complete Mono.ttf) italic normal medium normal>) = 11.145
DEBUG:matplotlib.font_manager:findfont: score(<Font 'Noto Sans Marchen' (NotoSansMarchen-Regular.ttf) normal normal regular normal>) = 10.05
DEBUG:matplotlib.font_manager:findfont: score(<Font 'mplus Nerd Font Mono' (M+ 1p bold Nerd Font Complete Mono.ttf) normal normal 700 normal>) = 10.335
DEBUG:matplotlib.font_manager:findfont: score(<Font 'Arimo Nerd Font' (Arimo Regular Nerd Font Complete.ttf) normal normal regular normal>) = 10.05
DEBUG:matplotlib.font_manager:findfont: score(<Font 'NotoSerif Nerd Font' (Noto Serif SemiCondensed Light Italic Nerd Font Complete.ttf) italic normal light condensed>) = 11.44
DEBUG:matplotlib.font_manager:findfont: score(<Font 'Noto Serif Bengali' (NotoSerifBengali-Light.ttf) normal normal light normal>) = 10.24
DEBUG:matplotlib.font_manager:findfont: score(<Font 'TerminessTTF Nerd Font' (Terminess (TTF) Nerd Font Complete.ttf) normal normal 400 normal>) = 10.05
DEBUG:matplotlib.font_manager:findfont: score(<Font 'NotoSans Nerd Font Mono' (Noto Sans Condensed SemiBold Nerd Font Complete Mono.ttf) normal normal semibold condensed>) = 10.44
DEBUG:matplotlib.font_manager:findfont: score(<Font 'NotoSerifDisplay Nerd Font Mono' (Noto Serif Display SemiCondensed ExtraBold Nerd Font Complete Mono.ttf) normal normal bold condensed>) = 10.535
DEBUG:matplotlib.font_manager:findfont: score(<Font 'NotoSerifDisplay Nerd Font Mono' (Noto Serif Display ExtraCondensed Bold Nerd Font Complete Mono.ttf) normal normal 700 condensed>) = 10.535
DEBUG:matplotlib.font_manager:findfont: score(<Font 'NotoSansMono Nerd Font' (Noto Sans Mono ExtraLight Nerd Font Complete.ttf) normal normal light normal>) = 10.24
DEBUG:matplotlib.font_manager:findfont: score(<Font 'NotoSansDisplay Nerd Font' (Noto Sans Display ExtraCondensed ExtraBold Italic Nerd Font Complete.ttf) italic normal bold condensed>) = 11.535
DEBUG:matplotlib.font_manager:findfont: score(<Font 'NotoSerif Nerd Font' (Noto Serif Black Italic Nerd Font Complete.ttf) italic normal black normal>) = 11.525
DEBUG:matplotlib.font_manager:findfont: score(<Font 'BlexMono Nerd Font Mono' (Blex Mono SemiBold Nerd Font Complete Mono.ttf) normal normal semibold normal>) = 10.24
DEBUG:matplotlib.font_manager:findfont: score(<Font 'NotoSansDisplay Nerd Font' (Noto Sans Display ExtraCondensed Black Italic Nerd Font Complete.ttf) italic normal black condensed>) = 11.725
DEBUG:matplotlib.font_manager:findfont: score(<Font '3270SemiNarrow Nerd Font' (3270 Semi-Narrow Nerd Font Complete.otf) normal normal 400 condensed>) = 10.25
DEBUG:matplotlib.font_manager:findfont: score(<Font 'NotoSansDisplay Nerd Font Mono' (Noto Sans Display Condensed Medium Italic Nerd Font Complete Mono.ttf) italic normal medium condensed>) = 11.344999999999999
DEBUG:matplotlib.font_manager:findfont: score(<Font 'Noto Sans Ethiopic' (NotoSansEthiopic-Bold.ttf) normal normal 700 normal>) = 10.335
DEBUG:matplotlib.font_manager:findfont: score(<Font 'NotoSerifDisplay Nerd Font Mono' (Noto Serif Display Condensed Thin Nerd Font Complete Mono.ttf) normal normal 400 condensed>) = 10.25
DEBUG:matplotlib.font_manager:findfont: score(<Font 'NotoSerifDisplay Nerd Font Mono' (Noto Serif Display ExtraCondensed Thin Italic Nerd Font Complete Mono.ttf) italic normal 400 condensed>) = 11.25
DEBUG:matplotlib.font_manager:findfont: score(<Font 'mplus Nerd Font Mono' (M+ 2p bold Nerd Font Complete Mono.ttf) normal normal 700 normal>) = 10.335
DEBUG:matplotlib.font_manager:findfont: score(<Font 'SauceCodePro Nerd Font' (Sauce Code Pro Semibold Nerd Font Complete.ttf) normal normal semibold normal>) = 10.24
DEBUG:matplotlib.font_manager:findfont: score(<Font 'NotoSansDisplay Nerd Font' (Noto Sans Display Bold Nerd Font Complete.ttf) normal normal 700 normal>) = 10.335
DEBUG:matplotlib.font_manager:findfont: score(<Font 'MesloLGL Nerd Font Mono' (Meslo LG L Regular Nerd Font Complete Mono.otf) normal normal regular normal>) = 10.05
DEBUG:matplotlib.font_manager:findfont: score(<Font 'Hasklug Nerd Font' (Hasklug Bold Nerd Font Complete.otf) normal normal 700 normal>) = 10.335
DEBUG:matplotlib.font_manager:findfont: score(<Font 'TerminessTTF Nerd Font Mono' (Terminess (TTF) Italic Nerd Font Complete Mono.ttf) italic normal 400 normal>) = 11.05
DEBUG:matplotlib.font_manager:findfont: score(<Font 'Fira Mono' (FiraMono-Medium.otf) normal normal medium normal>) = 10.145
DEBUG:matplotlib.font_manager:findfont: score(<Font 'NotoSansDisplay Nerd Font Mono' (Noto Sans Display ExtraCondensed Italic Nerd Font Complete Mono.ttf) italic normal 400 condensed>) = 11.25
DEBUG:matplotlib.font_manager:findfont: score(<Font 'Hasklug Nerd Font Mono' (Hasklug Bold Italic Nerd Font Complete Mono.otf) italic normal 700 normal>) = 11.335
DEBUG:matplotlib.font_manager:findfont: score(<Font 'mplus Nerd Font Mono' (M+ 2c light Nerd Font Complete Mono.ttf) normal normal light normal>) = 10.24
DEBUG:matplotlib.font_manager:findfont: score(<Font 'Iosevka Term' (Iosevka Term Heavy Nerd Font Complete Mono.ttf) normal normal 700 normal>) = 10.335
DEBUG:matplotlib.font_manager:findfont: score(<Font 'NotoSans Nerd Font' (Noto Sans SemiCondensed Bold Nerd Font Complete.ttf) normal normal 700 condensed>) = 10.535
DEBUG:matplotlib.font_manager:findfont: score(<Font 'NotoSans Nerd Font Mono' (Noto Sans SemiCondensed Medium Nerd Font Complete Mono.ttf) normal normal medium condensed>) = 10.344999999999999
DEBUG:matplotlib.font_manager:findfont: score(<Font 'RobotoMono Nerd Font' (Roboto Mono Nerd Font Complete.ttf) normal normal 400 normal>) = 10.05
DEBUG:matplotlib.font_manager:findfont: score(<Font 'NotoEmoji Nerd Font' (Noto Emoji Nerd Font Complete.ttf) normal normal 400 normal>) = 10.05
DEBUG:matplotlib.font_manager:findfont: score(<Font 'NotoSansDisplay Nerd Font Mono' (Noto Sans Display SemiBold Nerd Font Complete Mono.ttf) normal normal semibold normal>) = 10.24
DEBUG:matplotlib.font_manager:findfont: score(<Font 'NotoSans Nerd Font' (Noto Sans Medium Nerd Font Complete.ttf) normal normal medium normal>) = 10.145
DEBUG:matplotlib.font_manager:findfont: score(<Font 'ProggyCleanTTSZ Nerd Font' (ProggyCleanTTSZ Nerd Font Complete.ttf) normal normal 400 normal>) = 10.05
DEBUG:matplotlib.font_manager:findfont: score(<Font 'MesloLGS Nerd Font' (Meslo LG S Regular Nerd Font Complete.otf) normal normal regular normal>) = 10.05
DEBUG:matplotlib.font_manager:findfont: score(<Font 'SauceCodePro Nerd Font Mono' (Sauce Code Pro Bold Nerd Font Complete Mono.ttf) normal normal 700 normal>) = 10.335
DEBUG:matplotlib.font_manager:findfont: score(<Font 'NotoSerif Nerd Font' (Noto Serif ExtraCondensed Italic Nerd Font Complete.ttf) italic normal 400 condensed>) = 11.25
DEBUG:matplotlib.font_manager:findfont: score(<Font 'mplus Nerd Font Mono' (M+ 1c bold Nerd Font Complete Mono.ttf) normal normal 700 normal>) = 10.335
DEBUG:matplotlib.font_manager:findfont: score(<Font 'Hasklug Nerd Font Mono' (Hasklug ExtraLight Italic Nerd Font Complete Mono.otf) italic normal light normal>) = 11.24
DEBUG:matplotlib.font_manager:findfont: score(<Font 'Noto Sans Mahajani' (NotoSansMahajani-Regular.ttf) normal normal regular normal>) = 10.05
DEBUG:matplotlib.font_manager:findfont: score(<Font 'NotoSerifDisplay Nerd Font' (Noto Serif Display ExtraCondensed ExtraLight Italic Nerd Font Complete.ttf) italic normal light condensed>) = 11.44
DEBUG:matplotlib.font_manager:findfont: score(<Font 'NotoSerif Nerd Font Mono' (Noto Serif SemiCondensed SemiBold Nerd Font Complete Mono.ttf) normal normal semibold condensed>) = 10.44
DEBUG:matplotlib.font_manager:findfont: score(<Font 'NotoSansDisplay Nerd Font Mono' (Noto Sans Display ExtraCondensed ExtraLight Nerd Font Complete Mono.ttf) normal normal light condensed>) = 10.44
DEBUG:matplotlib.font_manager:findfont: score(<Font 'NotoSerifDisplay Nerd Font Mono' (Noto Serif Display ExtraCondensed ExtraLight Nerd Font Complete Mono.ttf) normal normal light condensed>) = 10.44
DEBUG:matplotlib.font_manager:findfont: score(<Font 'NotoSansDisplay Nerd Font Mono' (Noto Sans Display Italic Nerd Font Complete Mono.ttf) italic normal 400 normal>) = 11.05
DEBUG:matplotlib.font_manager:findfont: score(<Font 'Overpass Nerd Font Mono' (Overpass Heavy Italic Nerd Font Complete Mono.otf) italic normal heavy normal>) = 11.43
DEBUG:matplotlib.font_manager:findfont: score(<Font 'NotoSansMono Nerd Font' (Noto Sans Mono Medium Nerd Font Complete.ttf) normal normal medium normal>) = 10.145
DEBUG:matplotlib.font_manager:findfont: score(<Font 'ProggyCleanTT Nerd Font' (ProggyCleanTT Nerd Font Complete.ttf) normal normal 400 normal>) = 10.05
DEBUG:matplotlib.font_manager:findfont: score(<Font 'NotoSansMono Nerd Font' (Noto Sans Mono SemiBold Nerd Font Complete.ttf) normal normal semibold normal>) = 10.24
DEBUG:matplotlib.font_manager:findfont: score(<Font 'NotoSansMono Nerd Font' (Noto Sans Mono SemiCondensed Thin Nerd Font Complete.ttf) normal normal 400 condensed>) = 10.25
DEBUG:matplotlib.font_manager:findfont: score(<Font 'NotoSerif Nerd Font Mono' (Noto Serif Italic Nerd Font Complete Mono.ttf) italic normal 400 normal>) = 11.05
DEBUG:matplotlib.font_manager:findfont: score(<Font 'Iosevka Term' (Iosevka Term Extralight Italic Nerd Font Complete.ttf) italic normal light normal>) = 11.24
DEBUG:matplotlib.font_manager:findfont: score(<Font 'NotoSansDisplay Nerd Font Mono' (Noto Sans Display ExtraBold Italic Nerd Font Complete Mono.ttf) italic normal bold normal>) = 11.335
DEBUG:matplotlib.font_manager:findfont: score(<Font 'Overpass Nerd Font Mono' (Overpass Thin Nerd Font Complete Mono.otf) normal normal 400 normal>) = 10.05
DEBUG:matplotlib.font_manager:findfont: score(<Font 'NotoSerif Nerd Font' (Noto Serif Condensed SemiBold Italic Nerd Font Complete.ttf) italic normal semibold condensed>) = 11.44
DEBUG:matplotlib.font_manager:findfont: score(<Font 'NotoSansDisplay Nerd Font Mono' (Noto Sans Display ExtraBold Nerd Font Complete Mono.ttf) normal normal bold normal>) = 10.335
DEBUG:matplotlib.font_manager:findfont: score(<Font 'Noto Serif Balinese' (NotoSerifBalinese-Regular.ttf) normal normal regular normal>) = 10.05
DEBUG:matplotlib.font_manager:findfont: score(<Font 'NotoSansMono Nerd Font Mono' (Noto Sans Mono ExtraBold Nerd Font Complete Mono.ttf) normal normal bold normal>) = 10.335
DEBUG:matplotlib.font_manager:findfont: score(<Font 'NotoSerifDisplay Nerd Font' (Noto Serif Display Black Italic Nerd Font Complete.ttf) italic normal black normal>) = 11.525
DEBUG:matplotlib.font_manager:findfont: score(<Font 'mononoki Nerd Font' (mononoki Bold Nerd Font Complete.ttf) normal normal 700 normal>) = 10.335
DEBUG:matplotlib.font_manager:findfont: score(<Font 'NotoSansMono Nerd Font' (Noto Sans Mono Condensed Medium Nerd Font Complete.ttf) normal normal medium condensed>) = 10.344999999999999
DEBUG:matplotlib.font_manager:findfont: score(<Font 'NotoSans Nerd Font' (Noto Sans ExtraCondensed ExtraLight Nerd Font Complete.ttf) normal normal light condensed>) = 10.44
DEBUG:matplotlib.font_manager:findfont: score(<Font 'BlexMono Nerd Font' (Blex Mono Text Nerd Font Complete.ttf) normal normal 400 normal>) = 10.05
DEBUG:matplotlib.font_manager:findfont: score(<Font 'SauceCodePro Nerd Font Mono' (Sauce Code Pro Semibold Nerd Font Complete Mono.ttf) normal normal semibold normal>) = 10.24
DEBUG:matplotlib.font_manager:findfont: score(<Font 'Noto Sans New Tai Lue' (NotoSansNewTaiLue-Regular.ttf) normal normal regular normal>) = 10.05
DEBUG:matplotlib.font_manager:findfont: score(<Font 'Overpass Nerd Font Mono' (Overpass ExtraBold Italic Nerd Font Complete Mono.otf) italic normal bold normal>) = 11.335
DEBUG:matplotlib.font_manager:findfont: score(<Font 'mplus Nerd Font Mono' (M+ 2m light Nerd Font Complete Mono.ttf) normal normal light normal>) = 10.24
DEBUG:matplotlib.font_manager:findfont: score(<Font 'OverpassMono Nerd Font' (Overpass Mono Light Nerd Font Complete.otf) normal normal light normal>) = 10.24
DEBUG:matplotlib.font_manager:findfont: score(<Font 'NotoSerif Nerd Font Mono' (Noto Serif Condensed ExtraBold Nerd Font Complete Mono.ttf) normal normal bold condensed>) = 10.535
DEBUG:matplotlib.font_manager:findfont: score(<Font 'Noto Sans Tamil UI' (NotoSansTamilUI-Medium.ttf) normal normal medium normal>) = 10.145
DEBUG:matplotlib.font_manager:findfont: score(<Font 'Hack Nerd Font Mono' (Hack Regular Nerd Font Complete Mono.ttf) normal normal regular normal>) = 10.05
DEBUG:matplotlib.font_manager:findfont: score(<Font 'NotoSansMono Nerd Font' (Noto Sans Mono SemiCondensed SemiBold Nerd Font Complete.ttf) normal normal semibold condensed>) = 10.44
DEBUG:matplotlib.font_manager:findfont: score(<Font 'NotoSansMono Nerd Font' (Noto Sans Mono ExtraCondensed ExtraLight Nerd Font Complete.ttf) normal normal light condensed>) = 10.44
DEBUG:matplotlib.font_manager:findfont: score(<Font 'NotoSansDisplay Nerd Font Mono' (Noto Sans Display SemiBold Nerd Font Complete Mono.ttf) normal normal semibold normal>) = 10.24
DEBUG:matplotlib.font_manager:findfont: score(<Font 'Noto Sans' (NotoSans-Medium.ttf) normal normal medium normal>) = 10.145
DEBUG:matplotlib.font_manager:findfont: score(<Font 'Cantarell' (Cantarell-Bold.otf) normal normal 700 normal>) = 10.335
DEBUG:matplotlib.font_manager:findfont: score(<Font 'mplus Nerd Font Mono' (M+ 2m light Nerd Font Complete Mono.ttf) normal normal light normal>) = 10.24
DEBUG:matplotlib.font_manager:findfont: score(<Font 'NotoSerif Nerd Font' (Noto Serif Medium Nerd Font Complete.ttf) normal normal medium normal>) = 10.145
DEBUG:matplotlib.font_manager:findfont: score(<Font 'DejaVuSansMono Nerd Font Mono' (DejaVu Sans Mono Bold Nerd Font Complete Mono.ttf) normal normal 700 normal>) = 10.335
DEBUG:matplotlib.font_manager:findfont: score(<Font 'NotoSerifDisplay Nerd Font Mono' (Noto Serif Display Condensed SemiBold Nerd Font Complete Mono.ttf) normal normal semibold condensed>) = 10.44
DEBUG:matplotlib.font_manager:findfont: score(<Font 'NotoSerif Nerd Font' (Noto Serif ExtraCondensed Italic Nerd Font Complete.ttf) italic normal 400 condensed>) = 11.25
DEBUG:matplotlib.font_manager:findfont: score(<Font 'NotoSansMono Nerd Font' (Noto Sans Mono SemiCondensed Light Nerd Font Complete.ttf) normal normal light condensed>) = 10.44
DEBUG:matplotlib.font_manager:findfont: score(<Font 'NotoSansMono Nerd Font' (Noto Sans Mono Condensed Bold Nerd Font Complete.ttf) normal normal 700 condensed>) = 10.535
DEBUG:matplotlib.font_manager:findfont: score(<Font 'Noto Sans Sinhala' (NotoSansSinhala-Bold.ttf) normal normal 700 normal>) = 10.335
DEBUG:matplotlib.font_manager:findfont: score(<Font 'NotoSans Nerd Font Mono' (Noto Sans Condensed Bold Italic Nerd Font Complete Mono.ttf) italic normal 700 condensed>) = 11.535
DEBUG:matplotlib.font_manager:findfont: score(<Font 'Noto Sans Anatolian Hieroglyphs' (NotoSansAnatolianHieroglyphs-Regular.ttf) normal normal regular normal>) = 10.05
DEBUG:matplotlib.font_manager:findfont: score(<Font 'NotoSansDisplay Nerd Font Mono' (Noto Sans Display ExtraCondensed Medium Nerd Font Complete Mono.ttf) normal normal medium condensed>) = 10.344999999999999
DEBUG:matplotlib.font_manager:findfont: score(<Font 'Ubuntu Nerd Font' (Ubuntu Bold Italic Nerd Font Complete.ttf) italic normal 700 normal>) = 11.335
DEBUG:matplotlib.font_manager:findfont: score(<Font 'NotoSerifDisplay Nerd Font Mono' (Noto Serif Display Condensed Thin Italic Nerd Font Complete Mono.ttf) italic normal 400 condensed>) = 11.25
DEBUG:matplotlib.font_manager:findfont: score(<Font 'Overpass Nerd Font' (Overpass Light Nerd Font Complete.otf) normal normal light normal>) = 10.24
DEBUG:matplotlib.font_manager:findfont: score(<Font 'Noto Sans Gurmukhi UI' (NotoSansGurmukhiUI-Medium.ttf) normal normal medium normal>) = 10.145
DEBUG:matplotlib.font_manager:findfont: score(<Font 'GoMono Nerd Font' (Go Mono Nerd Font Complete.ttf) normal normal 400 normal>) = 10.05
DEBUG:matplotlib.font_manager:findfont: score(<Font 'NotoSansDisplay Nerd Font' (Noto Sans Display ExtraCondensed Black Italic Nerd Font Complete.ttf) italic normal black condensed>) = 11.725
DEBUG:matplotlib.font_manager:findfont: score(<Font 'NotoSerifDisplay Nerd Font Mono' (Noto Serif Display Condensed Light Nerd Font Complete Mono.ttf) normal normal light condensed>) = 10.44
DEBUG:matplotlib.font_manager:findfont: score(<Font 'NotoSerif Nerd Font Mono' (Noto Serif ExtraBold Italic Nerd Font Complete Mono.ttf) italic normal bold normal>) = 11.335
DEBUG:matplotlib.font_manager:findfont: score(<Font 'NotoSerif Nerd Font Mono' (Noto Serif SemiCondensed Black Italic Nerd Font Complete Mono.ttf) italic normal black condensed>) = 11.725
DEBUG:matplotlib.font_manager:findfont: score(<Font 'NotoSans Nerd Font Mono' (Noto Sans ExtraCondensed Nerd Font Complete Mono.ttf) normal normal 400 condensed>) = 10.25
DEBUG:matplotlib.font_manager:findfont: score(<Font 'NotoSansDisplay Nerd Font' (Noto Sans Display SemiCondensed Light Italic Nerd Font Complete.ttf) italic normal light condensed>) = 11.44
DEBUG:matplotlib.font_manager:findfont: score(<Font 'Lekton Nerd Font Mono' (Lekton Nerd Font Complete Mono.ttf) normal normal 400 normal>) = 10.05
DEBUG:matplotlib.font_manager:findfont: score(<Font 'mplus Nerd Font' (M+ 1mn medium Nerd Font Complete.ttf) normal normal medium normal>) = 10.145
DEBUG:matplotlib.font_manager:findfont: score(<Font 'Hasklug Nerd Font Mono' (Hasklug Medium Italic Nerd Font Complete Mono.otf) italic normal medium normal>) = 11.145
DEBUG:matplotlib.font_manager:findfont: score(<Font 'NotoSans Nerd Font Mono' (Noto Sans SemiCondensed ExtraBold Nerd Font Complete Mono.ttf) normal normal bold condensed>) = 10.535
DEBUG:matplotlib.font_manager:findfont: score(<Font 'Ubuntu Nerd Font Mono' (Ubuntu Nerd Font Complete Mono.ttf) normal normal 400 normal>) = 10.05
DEBUG:matplotlib.font_manager:findfont: score(<Font 'MesloLGMDZ Nerd Font Mono' (Meslo LG M DZ Regular Nerd Font Complete Mono.otf) normal normal regular normal>) = 10.05
DEBUG:matplotlib.font_manager:findfont: score(<Font 'Noto Serif Sinhala' (NotoSerifSinhala-Thin.ttf) normal normal 400 normal>) = 10.05
DEBUG:matplotlib.font_manager:findfont: score(<Font 'Noto Sans Mongolian' (NotoSansMongolian-Regular.ttf) normal normal regular normal>) = 10.05
DEBUG:matplotlib.font_manager:findfont: score(<Font 'NotoSansMono Nerd Font Mono' (Noto Sans Mono SemiCondensed ExtraBold Nerd Font Complete Mono.ttf) normal normal bold condensed>) = 10.535
DEBUG:matplotlib.font_manager:findfont: score(<Font 'Noto Sans Cham' (NotoSansCham-Regular.ttf) normal normal regular normal>) = 10.05
DEBUG:matplotlib.font_manager:findfont: score(<Font 'mplus Nerd Font' (M+ 1p heavy Nerd Font Complete.ttf) normal normal 700 normal>) = 10.335
DEBUG:matplotlib.font_manager:findfont: score(<Font 'mplus Nerd Font' (M+ 1c light Nerd Font Complete.ttf) normal normal light normal>) = 10.24
DEBUG:matplotlib.font_manager:findfont: score(<Font 'Overpass Nerd Font' (Overpass Thin Nerd Font Complete.otf) normal normal 400 normal>) = 10.05
DEBUG:matplotlib.font_manager:findfont: score(<Font 'Noto Serif Display' (NotoSerifDisplay-LightItalic.ttf) italic normal light normal>) = 11.24
DEBUG:matplotlib.font_manager:findfont: score(<Font 'Iosevka' (Iosevka Medium Nerd Font Complete.ttf) normal normal medium normal>) = 10.145
DEBUG:matplotlib.font_manager:findfont: score(<Font 'NotoSansDisplay Nerd Font' (Noto Sans Display Condensed SemiBold Nerd Font Complete.ttf) normal normal semibold condensed>) = 10.44
DEBUG:matplotlib.font_manager:findfont: score(<Font 'BitstreamVeraSansMono Nerd Font' (Bitstream Vera Sans Mono Nerd Font Complete.ttf) normal normal 400 normal>) = 10.05
DEBUG:matplotlib.font_manager:findfont: score(<Font 'Iosevka Term' (Iosevka Term Italic Nerd Font Complete Mono.ttf) italic normal 400 normal>) = 11.05
DEBUG:matplotlib.font_manager:findfont: score(<Font 'CodeNewRoman Nerd Font' (Code New Roman Italic Nerd Font Complete.otf) italic normal roman normal>) = 11.145
DEBUG:matplotlib.font_manager:findfont: score(<Font 'Noto Serif Tamil' (NotoSerifTamil-Medium.ttf) normal normal medium normal>) = 10.145
DEBUG:matplotlib.font_manager:findfont: score(<Font 'Noto Sans Telugu UI' (NotoSansTeluguUI-Medium.ttf) normal normal medium normal>) = 10.145
DEBUG:matplotlib.font_manager:findfont: score(<Font 'Noto Sans Lycian' (NotoSansLycian-Regular.ttf) normal normal regular normal>) = 10.05
DEBUG:matplotlib.font_manager:findfont: score(<Font 'NotoSerifDisplay Nerd Font' (Noto Serif Display ExtraCondensed ExtraLight Italic Nerd Font Complete.ttf) italic normal light condensed>) = 11.44
DEBUG:matplotlib.font_manager:findfont: score(<Font 'NotoSansDisplay Nerd Font Mono' (Noto Sans Display Light Nerd Font Complete Mono.ttf) normal normal light normal>) = 10.24
DEBUG:matplotlib.font_manager:findfont: score(<Font 'NotoSerifDisplay Nerd Font' (Noto Serif Display SemiCondensed Black Nerd Font Complete.ttf) normal normal black condensed>) = 10.725
DEBUG:matplotlib.font_manager:findfont: score(<Font 'NotoSerifDisplay Nerd Font' (Noto Serif Display SemiCondensed Medium Nerd Font Complete.ttf) normal normal medium condensed>) = 10.344999999999999
DEBUG:matplotlib.font_manager:findfont: score(<Font 'Monoid Nerd Font' (Monoid Bold Nerd Font Complete.ttf) normal normal 700 normal>) = 10.335
DEBUG:matplotlib.font_manager:findfont: score(<Font 'Noto Sans Georgian' (NotoSansGeorgian-Thin.ttf) normal normal 400 normal>) = 10.05
DEBUG:matplotlib.font_manager:findfont: score(<Font 'Noto Serif Armenian' (NotoSerifArmenian-Medium.ttf) normal normal medium normal>) = 10.145
DEBUG:matplotlib.font_manager:findfont: score(<Font 'NotoSerifDisplay Nerd Font' (Noto Serif Display SemiCondensed Black Italic Nerd Font Complete.ttf) italic normal black condensed>) = 11.725
DEBUG:matplotlib.font_manager:findfont: score(<Font 'OverpassMono Nerd Font' (Overpass Mono Light Nerd Font Complete.otf) normal normal light normal>) = 10.24
DEBUG:matplotlib.font_manager:findfont: score(<Font 'NotoSerifDisplay Nerd Font Mono' (Noto Serif Display Condensed Italic Nerd Font Complete Mono.ttf) italic normal 400 condensed>) = 11.25
DEBUG:matplotlib.font_manager:findfont: score(<Font 'NotoSerif Nerd Font' (Noto Serif SemiCondensed Medium Italic Nerd Font Complete.ttf) italic normal medium condensed>) = 11.344999999999999
DEBUG:matplotlib.font_manager:findfont: score(<Font 'NotoSans Nerd Font Mono' (Noto Sans Condensed ExtraBold Italic Nerd Font Complete Mono.ttf) italic normal bold condensed>) = 11.535
DEBUG:matplotlib.font_manager:findfont: score(<Font 'Noto Serif Gurmukhi' (NotoSerifGurmukhi-Thin.ttf) normal normal 400 normal>) = 10.05
DEBUG:matplotlib.font_manager:findfont: score(<Font 'FuraMono Nerd Font Mono' (Fura Mono Bold Nerd Font Complete Mono.otf) normal normal 700 normal>) = 10.335
DEBUG:matplotlib.font_manager:findfont: score(<Font 'NotoSansMono Nerd Font Mono' (Noto Sans Mono Condensed Black Nerd Font Complete Mono.ttf) normal normal black condensed>) = 10.725
DEBUG:matplotlib.font_manager:findfont: score(<Font 'SauceCodePro Nerd Font' (Sauce Code Pro Semibold Italic Nerd Font Complete.ttf) italic normal semibold normal>) = 11.24
DEBUG:matplotlib.font_manager:findfont: score(<Font 'InconsolataGo Nerd Font Mono' (InconsolataGo Bold Nerd Font Complete Mono.ttf) normal normal 700 normal>) = 10.335
DEBUG:matplotlib.font_manager:findfont: score(<Font 'Noto Sans Malayalam' (NotoSansMalayalam-Medium.ttf) normal normal medium normal>) = 10.145
DEBUG:matplotlib.font_manager:findfont: score(<Font 'Cousine Nerd Font' (Cousine Regular Nerd Font Complete.ttf) normal normal regular normal>) = 10.05
DEBUG:matplotlib.font_manager:findfont: score(<Font 'Tinos Nerd Font Mono' (Tinos Bold Italic Nerd Font Complete Mono.ttf) italic normal 700 normal>) = 11.335
DEBUG:matplotlib.font_manager:findfont: score(<Font 'NotoSansDisplay Nerd Font' (Noto Sans Display ExtraCondensed Medium Nerd Font Complete.ttf) normal normal medium condensed>) = 10.344999999999999
DEBUG:matplotlib.font_manager:findfont: score(<Font 'NotoSansDisplay Nerd Font' (Noto Sans Display ExtraCondensed Light Italic Nerd Font Complete.ttf) italic normal light condensed>) = 11.44
DEBUG:matplotlib.font_manager:findfont: score(<Font 'NotoSansMono Nerd Font' (Noto Sans Mono Regular Nerd Font Complete.ttf) normal normal regular normal>) = 10.05
DEBUG:matplotlib.font_manager:findfont: score(<Font 'RobotoMono Nerd Font' (Roboto Mono Thin Nerd Font Complete.ttf) normal normal 400 normal>) = 10.05
DEBUG:matplotlib.font_manager:findfont: score(<Font 'UbuntuMono Nerd Font' (Ubuntu Mono Nerd Font Complete.ttf) normal normal 400 normal>) = 10.05
DEBUG:matplotlib.font_manager:findfont: score(<Font 'Overpass Nerd Font' (Overpass SemiBold Nerd Font Complete.otf) normal normal 700 normal>) = 10.335
DEBUG:matplotlib.font_manager:findfont: score(<Font 'NotoSans Nerd Font' (Noto Sans ExtraLight Nerd Font Complete.ttf) normal normal light normal>) = 10.24
DEBUG:matplotlib.font_manager:findfont: score(<Font 'NotoSerif Nerd Font Mono' (Noto Serif ExtraCondensed Bold Nerd Font Complete Mono.ttf) normal normal 700 condensed>) = 10.535
DEBUG:matplotlib.font_manager:findfont: score(<Font 'NotoSerifDisplay Nerd Font' (Noto Serif Display ExtraCondensed Italic Nerd Font Complete.ttf) italic normal 400 condensed>) = 11.25
DEBUG:matplotlib.font_manager:findfont: score(<Font 'Noto Sans' (NotoSans-Light.ttf) normal normal light normal>) = 10.24
DEBUG:matplotlib.font_manager:findfont: score(<Font 'NotoSerif Nerd Font' (Noto Serif ExtraCondensed ExtraBold Nerd Font Complete.ttf) normal normal bold condensed>) = 10.535
DEBUG:matplotlib.font_manager:findfont: score(<Font 'Iosevka' (Iosevka Heavy Italic Nerd Font Complete.ttf) italic normal 700 normal>) = 11.335
DEBUG:matplotlib.font_manager:findfont: score(<Font 'NotoSansMono Nerd Font' (Noto Sans Mono SemiCondensed SemiBold Nerd Font Complete.ttf) normal normal semibold condensed>) = 10.44
DEBUG:matplotlib.font_manager:findfont: score(<Font 'FuraCode Nerd Font' (Fura Code Medium Nerd Font Complete.otf) normal normal medium normal>) = 10.145
DEBUG:matplotlib.font_manager:findfont: score(<Font 'NotoSerifDisplay Nerd Font' (Noto Serif Display SemiCondensed Black Italic Nerd Font Complete.ttf) italic normal black condensed>) = 11.725
DEBUG:matplotlib.font_manager:findfont: score(<Font 'NotoSansDisplay Nerd Font' (Noto Sans Display SemiCondensed ExtraBold Italic Nerd Font Complete.ttf) italic normal bold condensed>) = 11.535
DEBUG:matplotlib.font_manager:findfont: score(<Font 'mplus Nerd Font' (M+ 2m light Nerd Font Complete.ttf) normal normal light normal>) = 10.24
DEBUG:matplotlib.font_manager:findfont: score(<Font 'NotoSans Nerd Font' (Noto Sans SemiCondensed Thin Italic Nerd Font Complete.ttf) italic normal 400 condensed>) = 11.25
DEBUG:matplotlib.font_manager:findfont: score(<Font 'NotoSansDisplay Nerd Font' (Noto Sans Display Black Italic Nerd Font Complete.ttf) italic normal black normal>) = 11.525
DEBUG:matplotlib.font_manager:findfont: score(<Font 'NotoSerif Nerd Font' (Noto Serif ExtraCondensed Black Italic Nerd Font Complete.ttf) italic normal black condensed>) = 11.725
DEBUG:matplotlib.font_manager:findfont: score(<Font 'DejaVu Sans' (DejaVuSans-Oblique.ttf) oblique normal 400 normal>) = 1.05
DEBUG:matplotlib.font_manager:findfont: score(<Font 'mplus Nerd Font Mono' (M+ 2m thin Nerd Font Complete Mono.ttf) normal normal 400 normal>) = 10.05
DEBUG:matplotlib.font_manager:findfont: score(<Font 'NotoSansDisplay Nerd Font Mono' (Noto Sans Display ExtraCondensed Light Italic Nerd Font Complete Mono.ttf) italic normal light condensed>) = 11.44
DEBUG:matplotlib.font_manager:findfont: score(<Font 'NotoSerifDisplay Nerd Font' (Noto Serif Display Condensed Light Nerd Font Complete.ttf) normal normal light condensed>) = 10.44
DEBUG:matplotlib.font_manager:findfont: score(<Font 'Noto Sans Display' (NotoSansDisplay-Medium.ttf) normal normal medium normal>) = 10.145
DEBUG:matplotlib.font_manager:findfont: score(<Font 'BlexMono Nerd Font Mono' (Blex Mono ExtraLight Italic Nerd Font Complete Mono.ttf) italic normal light normal>) = 11.24
DEBUG:matplotlib.font_manager:findfont: score(<Font 'Overpass Nerd Font Mono' (Overpass Light Italic Nerd Font Complete Mono.otf) italic normal light normal>) = 11.24
DEBUG:matplotlib.font_manager:findfont: score(<Font 'NotoSans Nerd Font' (Noto Sans SemiCondensed Bold Nerd Font Complete.ttf) normal normal 700 condensed>) = 10.535
DEBUG:matplotlib.font_manager:findfont: score(<Font 'NotoSerifDisplay Nerd Font Mono' (Noto Serif Display Condensed Black Nerd Font Complete Mono.ttf) normal normal black condensed>) = 10.725
DEBUG:matplotlib.font_manager:findfont: score(<Font 'NotoSansDisplay Nerd Font Mono' (Noto Sans Display Condensed SemiBold Italic Nerd Font Complete Mono.ttf) italic normal semibold condensed>) = 11.44
DEBUG:matplotlib.font_manager:findfont: score(<Font 'NotoSerifDisplay Nerd Font' (Noto Serif Display ExtraBold Italic Nerd Font Complete.ttf) italic normal bold normal>) = 11.335
DEBUG:matplotlib.font_manager:findfont: score(<Font 'NotoSerif Nerd Font' (Noto Serif SemiCondensed Medium Nerd Font Complete.ttf) normal normal medium condensed>) = 10.344999999999999
DEBUG:matplotlib.font_manager:findfont: score(<Font 'Noto Sans Malayalam' (NotoSansMalayalam-Light.ttf) normal normal light normal>) = 10.24
DEBUG:matplotlib.font_manager:findfont: score(<Font 'BlexMono Nerd Font' (Blex Mono ExtraLight Italic Nerd Font Complete.ttf) italic normal light normal>) = 11.24
DEBUG:matplotlib.font_manager:findfont: score(<Font 'DejaVu Sans Mono for Powerline' (DejaVuSansMono.ttf) normal normal 400 normal>) = 10.05
DEBUG:matplotlib.font_manager:findfont: score(<Font 'Lekton Nerd Font' (Lekton-Bold Nerd Font Complete.ttf) normal normal 700 normal>) = 10.335
DEBUG:matplotlib.font_manager:findfont: score(<Font 'FuraMono Nerd Font Mono' (Fura Mono Regular Nerd Font Complete Mono.otf) normal normal 400 normal>) = 10.05
DEBUG:matplotlib.font_manager:findfont: score(<Font 'NotoSans Nerd Font Mono' (Noto Sans SemiCondensed Thin Nerd Font Complete Mono.ttf) normal normal 400 condensed>) = 10.25
DEBUG:matplotlib.font_manager:findfont: score(<Font 'NotoSansDisplay Nerd Font' (Noto Sans Display ExtraBold Italic Nerd Font Complete.ttf) italic normal bold normal>) = 11.335
DEBUG:matplotlib.font_manager:findfont: score(<Font 'NotoSans Nerd Font Mono' (Noto Sans ExtraCondensed SemiBold Nerd Font Complete Mono.ttf) normal normal semibold condensed>) = 10.44
DEBUG:matplotlib.font_manager:findfont: score(<Font 'Overpass Nerd Font' (Overpass SemiBold Nerd Font Complete.otf) normal normal 700 normal>) = 10.335
DEBUG:matplotlib.font_manager:findfont: score(<Font 'OverpassMono Nerd Font Mono' (Overpass Mono SemiBold Nerd Font Complete Mono.otf) normal normal 700 normal>) = 10.335
DEBUG:matplotlib.font_manager:findfont: score(<Font 'UbuntuCondensed Nerd Font Mono' (Ubuntu Condensed Nerd Font Complete Mono.ttf) normal normal 400 condensed>) = 10.25
DEBUG:matplotlib.font_manager:findfont: score(<Font 'RobotoMono Nerd Font Mono' (Roboto Mono Bold Italic Nerd Font Complete Mono.ttf) italic normal 700 normal>) = 11.335
DEBUG:matplotlib.font_manager:findfont: score(<Font 'Monoid Nerd Font' (Monoid Retina Nerd Font Complete.ttf) normal normal 400 normal>) = 10.05
DEBUG:matplotlib.font_manager:findfont: score(<Font 'Noto Serif Tibetan' (NotoSerifTibetan-Black.ttf) normal normal black normal>) = 10.525
DEBUG:matplotlib.font_manager:findfont: score(<Font 'Hasklug Nerd Font Mono' (Hasklug ExtraLight Nerd Font Complete Mono.otf) normal normal light normal>) = 10.24
DEBUG:matplotlib.font_manager:findfont: score(<Font 'NotoSans Nerd Font' (Noto Sans ExtraCondensed Black Italic Nerd Font Complete.ttf) italic normal black condensed>) = 11.725
DEBUG:matplotlib.font_manager:findfont: score(<Font 'Noto Sans Cherokee' (NotoSansCherokee-Bold.ttf) normal normal 700 normal>) = 10.335
DEBUG:matplotlib.font_manager:findfont: score(<Font 'DejaVuSansMono Nerd Font' (DejaVu Sans Mono Nerd Font Complete.ttf) normal normal 400 normal>) = 10.05
DEBUG:matplotlib.font_manager:findfont: score(<Font 'NotoSerif Nerd Font Mono' (Noto Serif SemiCondensed Light Italic Nerd Font Complete Mono.ttf) italic normal light condensed>) = 11.44
DEBUG:matplotlib.font_manager:findfont: score(<Font 'NotoSerif Nerd Font Mono' (Noto Serif Condensed Black Italic Nerd Font Complete Mono.ttf) italic normal black condensed>) = 11.725
DEBUG:matplotlib.font_manager:findfont: score(<Font 'Iosevka Term' (Iosevka Term Heavy Nerd Font Complete.ttf) normal normal 700 normal>) = 10.335
DEBUG:matplotlib.font_manager:findfont: score(<Font 'Noto Sans Tibetan' (NotoSansTibetan-Bold.ttf) normal normal 700 normal>) = 10.335
DEBUG:matplotlib.font_manager:findfont: score(<Font 'Tinos Nerd Font' (Tinos Bold Italic Nerd Font Complete.ttf) italic normal 700 normal>) = 11.335
DEBUG:matplotlib.font_manager:findfont: score(<Font 'BlexMono Nerd Font Mono' (Blex Mono ExtraLight Nerd Font Complete Mono.ttf) normal normal light normal>) = 10.24
DEBUG:matplotlib.font_manager:findfont: score(<Font 'BlexMono Nerd Font Mono' (Blex Mono Light Italic Nerd Font Complete Mono.ttf) italic normal light normal>) = 11.24
DEBUG:matplotlib.font_manager:findfont: score(<Font 'NotoSansMono Nerd Font' (Noto Sans Mono ExtraCondensed Bold Nerd Font Complete.ttf) normal normal 700 condensed>) = 10.535
DEBUG:matplotlib.font_manager:findfont: score(<Font 'CodeNewRoman Nerd Font Mono' (Code New Roman Bold Nerd Font Complete Mono.otf) normal normal 700 normal>) = 10.335
DEBUG:matplotlib.font_manager:findfont: score(<Font 'mplus Nerd Font' (M+ 2m Nerd Font Complete.ttf) normal normal 400 normal>) = 10.05
DEBUG:matplotlib.font_manager:findfont: score(<Font 'Hack Nerd Font' (Hack Italic Nerd Font Complete.ttf) italic normal 400 normal>) = 11.05
DEBUG:matplotlib.font_manager:findfont: score(<Font 'Noto Serif Myanmar' (NotoSerifMyanmar-Black.ttf) normal normal black normal>) = 10.525
DEBUG:matplotlib.font_manager:findfont: score(<Font 'Hasklug Nerd Font' (Hasklug ExtraLight Nerd Font Complete.otf) normal normal light normal>) = 10.24
DEBUG:matplotlib.font_manager:findfont: score(<Font 'URW Bookman' (URWBookman-Demi.otf) normal normal book normal>) = 10.05
DEBUG:matplotlib.font_manager:findfont: score(<Font 'Noto Sans Kannada UI' (NotoSansKannadaUI-Regular.ttf) normal normal regular normal>) = 10.05
DEBUG:matplotlib.font_manager:findfont: score(<Font 'NotoSans Nerd Font' (Noto Sans ExtraCondensed SemiBold Nerd Font Complete.ttf) normal normal semibold condensed>) = 10.44
DEBUG:matplotlib.font_manager:findfont: score(<Font 'NotoSans Nerd Font Mono' (Noto Sans Condensed Italic Nerd Font Complete Mono.ttf) italic normal 400 condensed>) = 11.25
DEBUG:matplotlib.font_manager:findfont: score(<Font 'FuraCode Nerd Font' (Fura Code Light Nerd Font Complete.otf) normal normal light normal>) = 10.24
DEBUG:matplotlib.font_manager:findfont: score(<Font 'NotoSansMono Nerd Font Mono' (Noto Sans Mono ExtraCondensed Light Nerd Font Complete Mono.ttf) normal normal light condensed>) = 10.44
DEBUG:matplotlib.font_manager:findfont: score(<Font 'Iosevka Term' (Iosevka Term Nerd Font Complete Mono.ttf) normal normal 400 normal>) = 10.05
DEBUG:matplotlib.font_manager:findfont: score(<Font 'Noto Serif Devanagari' (NotoSerifDevanagari-Bold.ttf) normal normal 700 normal>) = 10.335
DEBUG:matplotlib.font_manager:findfont: score(<Font 'mplus Nerd Font' (M+ 1m Nerd Font Complete.ttf) normal normal 400 normal>) = 10.05
DEBUG:matplotlib.font_manager:findfont: score(<Font 'mplus Nerd Font' (M+ 1c heavy Nerd Font Complete.ttf) normal normal 700 normal>) = 10.335
DEBUG:matplotlib.font_manager:findfont: score(<Font 'Noto Sans Ol Chiki' (NotoSansOlChiki-Regular.ttf) normal normal regular normal>) = 10.05
DEBUG:matplotlib.font_manager:findfont: score(<Font 'Iosevka' (Iosevka Bold Italic Nerd Font Complete Mono.ttf) italic normal 700 normal>) = 11.335
DEBUG:matplotlib.font_manager:findfont: score(<Font 'P052' (P052-BoldItalic.otf) italic normal 700 normal>) = 11.335
DEBUG:matplotlib.font_manager:findfont: score(<Font 'NotoSans Nerd Font Mono' (Noto Sans SemiCondensed Light Italic Nerd Font Complete Mono.ttf) italic normal light condensed>) = 11.44
DEBUG:matplotlib.font_manager:findfont: score(<Font 'NotoSerifDisplay Nerd Font' (Noto Serif Display ExtraCondensed ExtraLight Nerd Font Complete.ttf) normal normal light condensed>) = 10.44
DEBUG:matplotlib.font_manager:findfont: score(<Font 'Noto Sans' (NotoSans-BlackItalic.ttf) italic normal black normal>) = 11.525
DEBUG:matplotlib.font_manager:findfont: score(<Font 'GoMono Nerd Font' (Go Mono Bold Nerd Font Complete.ttf) normal normal 700 normal>) = 10.335
DEBUG:matplotlib.font_manager:findfont: score(<Font 'NotoSansMono Nerd Font Mono' (Noto Sans Mono Condensed Bold Nerd Font Complete Mono.ttf) normal normal 700 condensed>) = 10.535
DEBUG:matplotlib.font_manager:findfont: score(<Font 'NotoSans Nerd Font Mono' (Noto Sans SemiCondensed Medium Nerd Font Complete Mono.ttf) normal normal medium condensed>) = 10.344999999999999
DEBUG:matplotlib.font_manager:findfont: score(<Font 'mplus Nerd Font Mono' (M+ 2c medium Nerd Font Complete Mono.ttf) normal normal medium normal>) = 10.145
DEBUG:matplotlib.font_manager:findfont: score(<Font 'Hasklug Nerd Font Mono' (Hasklug Light Italic Nerd Font Complete Mono.otf) italic normal light normal>) = 11.24
DEBUG:matplotlib.font_manager:findfont: score(<Font 'NotoSans Nerd Font Mono' (Noto Sans Light Nerd Font Complete Mono.ttf) normal normal light normal>) = 10.24
DEBUG:matplotlib.font_manager:findfont: score(<Font 'Noto Serif' (NotoSerif-ThinItalic.ttf) italic normal 400 normal>) = 11.05
DEBUG:matplotlib.font_manager:findfont: score(<Font 'Noto Sans Kaithi' (NotoSansKaithi-Regular.ttf) normal normal regular normal>) = 10.05
DEBUG:matplotlib.font_manager:findfont: score(<Font 'mononoki Nerd Font Mono' (mononoki Italic Nerd Font Complete Mono.ttf) italic normal 400 normal>) = 11.05
DEBUG:matplotlib.font_manager:findfont: score(<Font 'Ubuntu Nerd Font' (Ubuntu Light Italic Nerd Font Complete.ttf) italic normal light normal>) = 11.24
DEBUG:matplotlib.font_manager:findfont: score(<Font 'UbuntuMono Nerd Font Mono' (Ubuntu Mono Nerd Font Complete Mono.ttf) normal normal 400 normal>) = 10.05
DEBUG:matplotlib.font_manager:findfont: score(<Font 'NotoSans Nerd Font' (Noto Sans ExtraCondensed Medium Nerd Font Complete.ttf) normal normal medium condensed>) = 10.344999999999999
DEBUG:matplotlib.font_manager:findfont: score(<Font 'Noto Serif Gujarati' (NotoSerifGujarati-Thin.ttf) normal normal 400 normal>) = 10.05
DEBUG:matplotlib.font_manager:findfont: score(<Font 'mplus Nerd Font' (M+ 2m medium Nerd Font Complete.ttf) normal normal medium normal>) = 10.145
DEBUG:matplotlib.font_manager:findfont: score(<Font 'NotoSans Nerd Font' (Noto Sans Thin Nerd Font Complete.ttf) normal normal 400 normal>) = 10.05
DEBUG:matplotlib.font_manager:findfont: score(<Font 'Noto Sans Bengali' (NotoSansBengali-Black.ttf) normal normal black normal>) = 10.525
DEBUG:matplotlib.font_manager:findfont: score(<Font 'NotoSansMono Nerd Font' (Noto Sans Mono SemiCondensed ExtraLight Nerd Font Complete.ttf) normal normal light condensed>) = 10.44
DEBUG:matplotlib.font_manager:findfont: score(<Font 'NotoSerifDisplay Nerd Font' (Noto Serif Display Condensed Thin Italic Nerd Font Complete.ttf) italic normal 400 condensed>) = 11.25
DEBUG:matplotlib.font_manager:findfont: score(<Font 'NotoSansMono Nerd Font Mono' (Noto Sans Mono Condensed ExtraLight Nerd Font Complete Mono.ttf) normal normal light condensed>) = 10.44
DEBUG:matplotlib.font_manager:findfont: score(<Font 'Goha-Tibeb Zemen' (GohaTibebZemen.otf) normal normal 400 normal>) = 10.05
DEBUG:matplotlib.font_manager:findfont: score(<Font 'Arimo Nerd Font' (Arimo Regular Nerd Font Complete.ttf) normal normal regular normal>) = 10.05
DEBUG:matplotlib.font_manager:findfont: score(<Font 'NotoSerif Nerd Font' (Noto Serif SemiCondensed Medium Italic Nerd Font Complete.ttf) italic normal medium condensed>) = 11.344999999999999
DEBUG:matplotlib.font_manager:findfont: score(<Font 'NotoEmoji Nerd Font Mono' (Noto Emoji Nerd Font Complete Mono.ttf) normal normal 400 normal>) = 10.05
DEBUG:matplotlib.font_manager:findfont: score(<Font 'Noto Sans Nabataean' (NotoSansNabataean-Regular.ttf) normal normal regular normal>) = 10.05
DEBUG:matplotlib.font_manager:findfont: score(<Font 'FantasqueSansMono Nerd Font' (Fantasque Sans Mono Bold Italic Nerd Font Complete.ttf) italic normal 700 normal>) = 11.335
DEBUG:matplotlib.font_manager:findfont: score(<Font 'NotoSerif Nerd Font Mono' (Noto Serif SemiBold Italic Nerd Font Complete Mono.ttf) italic normal semibold normal>) = 11.24
DEBUG:matplotlib.font_manager:findfont: score(<Font 'NotoSerifDisplay Nerd Font Mono' (Noto Serif Display Italic Nerd Font Complete Mono.ttf) italic normal 400 normal>) = 11.05
DEBUG:matplotlib.font_manager:findfont: score(<Font 'Hasklug Nerd Font' (Hasklug Black Italic Nerd Font Complete.otf) italic normal black normal>) = 11.525
DEBUG:matplotlib.font_manager:findfont: score(<Font 'NotoSansMono Nerd Font Mono' (Noto Sans Mono ExtraCondensed ExtraLight Nerd Font Complete Mono.ttf) normal normal light condensed>) = 10.44
DEBUG:matplotlib.font_manager:findfont: score(<Font 'Serto Malankara' (SyrCOMMalankara.otf) normal normal 400 normal>) = 10.05
DEBUG:matplotlib.font_manager:findfont: score(<Font 'mplus Nerd Font Mono' (M+ 2m Nerd Font Complete Mono.ttf) normal normal 400 normal>) = 10.05
DEBUG:matplotlib.font_manager:findfont: score(<Font 'mplus Nerd Font Mono' (M+ 1c medium Nerd Font Complete Mono.ttf) normal normal medium normal>) = 10.145
DEBUG:matplotlib.font_manager:findfont: score(<Font 'NotoSansMono Nerd Font Mono' (Noto Sans Mono Condensed Thin Nerd Font Complete Mono.ttf) normal normal 400 condensed>) = 10.25
DEBUG:matplotlib.font_manager:findfont: score(<Font 'mplus Nerd Font Mono' (M+ 2p bold Nerd Font Complete Mono.ttf) normal normal 700 normal>) = 10.335
DEBUG:matplotlib.font_manager:findfont: score(<Font 'Ubuntu Nerd Font Mono' (Ubuntu Light Italic Nerd Font Complete Mono.ttf) italic normal light normal>) = 11.24
DEBUG:matplotlib.font_manager:findfont: score(<Font 'Overpass Nerd Font' (Overpass ExtraLight Nerd Font Complete.otf) normal normal light normal>) = 10.24
DEBUG:matplotlib.font_manager:findfont: score(<Font 'NotoSansMono Nerd Font Mono' (Noto Sans Mono Bold Nerd Font Complete Mono.ttf) normal normal 700 normal>) = 10.335
DEBUG:matplotlib.font_manager:findfont: score(<Font 'Noto Serif Bengali' (NotoSerifBengali-Medium.ttf) normal normal medium normal>) = 10.145
DEBUG:matplotlib.font_manager:findfont: score(<Font 'URW Bookman' (URWBookman-DemiItalic.otf) italic normal book normal>) = 11.05
DEBUG:matplotlib.font_manager:findfont: score(<Font 'NotoSerifDisplay Nerd Font Mono' (Noto Serif Display Light Nerd Font Complete Mono.ttf) normal normal light normal>) = 10.24
DEBUG:matplotlib.font_manager:findfont: score(<Font 'LiterationMono Nerd Font' (Literation Mono Nerd Font Complete.ttf) normal normal 400 normal>) = 10.05
DEBUG:matplotlib.font_manager:findfont: score(<Font 'NotoSans Nerd Font' (Noto Sans Medium Italic Nerd Font Complete.ttf) italic normal medium normal>) = 11.145
DEBUG:matplotlib.font_manager:findfont: score(<Font 'Noto Sans Gurmukhi' (NotoSansGurmukhi-Black.ttf) normal normal black normal>) = 10.525
DEBUG:matplotlib.font_manager:findfont: score(<Font 'NotoSansDisplay Nerd Font Mono' (Noto Sans Display ExtraCondensed ExtraBold Nerd Font Complete Mono.ttf) normal normal bold condensed>) = 10.535
DEBUG:matplotlib.font_manager:findfont: score(<Font 'Noto Serif Lao' (NotoSerifLao-Regular.ttf) normal normal regular normal>) = 10.05
DEBUG:matplotlib.font_manager:findfont: score(<Font 'NotoSansMono Nerd Font' (Noto Sans Mono Condensed Thin Nerd Font Complete.ttf) normal normal 400 condensed>) = 10.25
DEBUG:matplotlib.font_manager:findfont: score(<Font 'SpaceMono Nerd Font' (Space Mono Bold Nerd Font Complete.ttf) normal normal 700 normal>) = 10.335
DEBUG:matplotlib.font_manager:findfont: score(<Font 'NotoSans Nerd Font Mono' (Noto Sans ExtraCondensed ExtraLight Italic Nerd Font Complete Mono.ttf) italic normal light condensed>) = 11.44
DEBUG:matplotlib.font_manager:findfont: score(<Font 'NotoSans Nerd Font Mono' (Noto Sans ExtraCondensed Bold Nerd Font Complete Mono.ttf) normal normal 700 condensed>) = 10.535
DEBUG:matplotlib.font_manager:findfont: score(<Font 'NotoSansDisplay Nerd Font' (Noto Sans Display ExtraLight Nerd Font Complete.ttf) normal normal light normal>) = 10.24
DEBUG:matplotlib.font_manager:findfont: score(<Font 'NotoSerif Nerd Font' (Noto Serif Condensed Italic Nerd Font Complete.ttf) italic normal 400 condensed>) = 11.25
DEBUG:matplotlib.font_manager:findfont: score(<Font 'Monofurbold Nerd Font' (monofur bold Nerd Font Complete.ttf) normal normal 700 normal>) = 10.335
DEBUG:matplotlib.font_manager:findfont: score(<Font 'NotoSerif Nerd Font Mono' (Noto Serif SemiCondensed ExtraBold Nerd Font Complete Mono.ttf) normal normal bold condensed>) = 10.535
DEBUG:matplotlib.font_manager:findfont: score(<Font 'NotoSerif Nerd Font' (Noto Serif Condensed SemiBold Nerd Font Complete.ttf) normal normal semibold condensed>) = 10.44
DEBUG:matplotlib.font_manager:findfont: score(<Font 'NotoSerifDisplay Nerd Font Mono' (Noto Serif Display ExtraCondensed Nerd Font Complete Mono.ttf) normal normal 400 condensed>) = 10.25
DEBUG:matplotlib.font_manager:findfont: score(<Font 'NotoSansDisplay Nerd Font' (Noto Sans Display Condensed Bold Italic Nerd Font Complete.ttf) italic normal 700 condensed>) = 11.535
DEBUG:matplotlib.font_manager:findfont: score(<Font 'NotoSansDisplay Nerd Font Mono' (Noto Sans Display Condensed Thin Italic Nerd Font Complete Mono.ttf) italic normal 400 condensed>) = 11.25
DEBUG:matplotlib.font_manager:findfont: score(<Font 'NotoSerif Nerd Font Mono' (Noto Serif Bold Nerd Font Complete Mono.ttf) normal normal 700 normal>) = 10.335
DEBUG:matplotlib.font_manager:findfont: score(<Font 'NotoSerif Nerd Font Mono' (Noto Serif SemiCondensed ExtraBold Nerd Font Complete Mono.ttf) normal normal bold condensed>) = 10.535
DEBUG:matplotlib.font_manager:findfont: score(<Font 'FantasqueSansMono Nerd Font Mono' (Fantasque Sans Mono Regular Nerd Font Complete Mono.ttf) normal normal regular normal>) = 10.05
DEBUG:matplotlib.font_manager:findfont: score(<Font 'Iosevka Term' (Iosevka Term Medium Oblique Nerd Font Complete.ttf) oblique normal medium normal>) = 11.145
DEBUG:matplotlib.font_manager:findfont: score(<Font 'SpaceMono Nerd Font Mono' (Space Mono Bold Italic Nerd Font Complete Mono.ttf) italic normal 700 normal>) = 11.335
DEBUG:matplotlib.font_manager:findfont: score(<Font 'DejaVu Serif' (DejaVuSerifCondensed-Bold.ttf) normal normal 700 condensed>) = 10.535
DEBUG:matplotlib.font_manager:findfont: score(<Font 'NotoSansDisplay Nerd Font Mono' (Noto Sans Display Condensed Light Italic Nerd Font Complete Mono.ttf) italic normal light condensed>) = 11.44
DEBUG:matplotlib.font_manager:findfont: score(<Font 'mplus Nerd Font Mono' (M+ 2m medium Nerd Font Complete Mono.ttf) normal normal medium normal>) = 10.145
DEBUG:matplotlib.font_manager:findfont: score(<Font 'Hasklug Nerd Font Mono' (Hasklug Light Nerd Font Complete Mono.otf) normal normal light normal>) = 10.24
DEBUG:matplotlib.font_manager:findfont: score(<Font 'NotoSans Nerd Font Mono' (Noto Sans SemiCondensed ExtraLight Italic Nerd Font Complete Mono.ttf) italic normal light condensed>) = 11.44
DEBUG:matplotlib.font_manager:findfont: score(<Font 'NotoSansDisplay Nerd Font Mono' (Noto Sans Display ExtraBold Nerd Font Complete Mono.ttf) normal normal bold normal>) = 10.335
DEBUG:matplotlib.font_manager:findfont: score(<Font 'Monofur Nerd Font' (monofur Nerd Font Complete.ttf) normal normal 400 normal>) = 10.05
DEBUG:matplotlib.font_manager:findfont: score(<Font 'NotoSerif Nerd Font Mono' (Noto Serif Thin Italic Nerd Font Complete Mono.ttf) italic normal 400 normal>) = 11.05
DEBUG:matplotlib.font_manager:findfont: score(<Font 'Lekton Nerd Font Mono' (Lekton-Bold Nerd Font Complete Mono.ttf) normal normal 700 normal>) = 10.335
DEBUG:matplotlib.font_manager:findfont: score(<Font 'NotoSerifDisplay Nerd Font' (Noto Serif Display ExtraCondensed ExtraBold Nerd Font Complete.ttf) normal normal bold condensed>) = 10.535
DEBUG:matplotlib.font_manager:findfont: score(<Font 'NotoSansDisplay Nerd Font Mono' (Noto Sans Display SemiCondensed Thin Italic Nerd Font Complete Mono.ttf) italic normal 400 condensed>) = 11.25
DEBUG:matplotlib.font_manager:findfont: score(<Font 'BlexMono Nerd Font Mono' (Blex Mono Thin Italic Nerd Font Complete Mono.ttf) italic normal 400 normal>) = 11.05
DEBUG:matplotlib.font_manager:findfont: score(<Font 'Noto Sans Adlam' (NotoSansAdlam-Regular.ttf) normal normal regular normal>) = 10.05
DEBUG:matplotlib.font_manager:findfont: score(<Font 'Iosevka' (Iosevka Light Italic Nerd Font Complete Mono.ttf) italic normal light normal>) = 11.24
DEBUG:matplotlib.font_manager:findfont: score(<Font 'FuraMono Nerd Font Mono' (Fura Mono Medium Nerd Font Complete Mono.otf) normal normal medium normal>) = 10.145
DEBUG:matplotlib.font_manager:findfont: score(<Font 'Serto Jerusalem' (SyrCOMJerusalemBold.otf) normal normal 700 normal>) = 10.335
DEBUG:matplotlib.font_manager:findfont: score(<Font 'Overpass Nerd Font' (Overpass Regular Nerd Font Complete.otf) normal normal regular normal>) = 10.05
DEBUG:matplotlib.font_manager:findfont: score(<Font 'NotoSansMono Nerd Font' (Noto Sans Mono SemiCondensed Bold Nerd Font Complete.ttf) normal normal 700 condensed>) = 10.535
DEBUG:matplotlib.font_manager:findfont: score(<Font 'BlexMono Nerd Font Mono' (Blex Mono Nerd Font Complete Mono.ttf) normal normal 400 normal>) = 10.05
DEBUG:matplotlib.font_manager:findfont: score(<Font 'NotoSansDisplay Nerd Font' (Noto Sans Display Condensed Black Nerd Font Complete.ttf) normal normal black condensed>) = 10.725
DEBUG:matplotlib.font_manager:findfont: score(<Font 'Noto Serif Display' (NotoSerifDisplay-Medium.ttf) normal normal medium normal>) = 10.145
DEBUG:matplotlib.font_manager:findfont: score(<Font 'Noto Sans Bengali' (NotoSansBengali-Medium.ttf) normal normal medium normal>) = 10.145
DEBUG:matplotlib.font_manager:findfont: score(<Font 'NotoSansMono Nerd Font Mono' (Noto Sans Mono Condensed Black Nerd Font Complete Mono.ttf) normal normal black condensed>) = 10.725
DEBUG:matplotlib.font_manager:findfont: score(<Font 'NotoSansDisplay Nerd Font' (Noto Sans Display SemiCondensed ExtraLight Italic Nerd Font Complete.ttf) italic normal light condensed>) = 11.44
DEBUG:matplotlib.font_manager:findfont: score(<Font 'Iosevka' (Iosevka Heavy Oblique Nerd Font Complete Mono.ttf) oblique normal 700 normal>) = 11.335
DEBUG:matplotlib.font_manager:findfont: score(<Font 'Overpass Nerd Font Mono' (Overpass SemiBold Italic Nerd Font Complete Mono.otf) italic normal semibold normal>) = 11.24
DEBUG:matplotlib.font_manager:findfont: score(<Font 'NotoSerif Nerd Font' (Noto Serif ExtraCondensed Light Nerd Font Complete.ttf) normal normal light condensed>) = 10.44
DEBUG:matplotlib.font_manager:findfont: score(<Font 'mplus Nerd Font' (M+ 1p Nerd Font Complete.ttf) normal normal 400 normal>) = 10.05
DEBUG:matplotlib.font_manager:findfont: score(<Font 'RobotoMono Nerd Font' (Roboto Mono Thin Nerd Font Complete.ttf) normal normal 400 normal>) = 10.05
DEBUG:matplotlib.font_manager:findfont: score(<Font 'NotoSans Nerd Font' (Noto Sans Condensed SemiBold Nerd Font Complete.ttf) normal normal semibold condensed>) = 10.44
DEBUG:matplotlib.font_manager:findfont: score(<Font 'SauceCodePro Nerd Font' (Sauce Code Pro Light Nerd Font Complete.ttf) normal normal light normal>) = 10.24
DEBUG:matplotlib.font_manager:findfont: score(<Font 'NotoSansDisplay Nerd Font' (Noto Sans Display Condensed Thin Nerd Font Complete.ttf) normal normal 400 condensed>) = 10.25
DEBUG:matplotlib.font_manager:findfont: score(<Font 'mononoki Nerd Font' (mononoki-Regular Nerd Font Complete.ttf) normal normal regular normal>) = 10.05
DEBUG:matplotlib.font_manager:findfont: score(<Font 'Libertinus Math' (LibertinusMath-Regular.otf) normal normal regular normal>) = 10.05
DEBUG:matplotlib.font_manager:findfont: score(<Font 'Cousine Nerd Font Mono' (Cousine Bold Italic Nerd Font Complete Mono.ttf) italic normal 700 normal>) = 11.335
DEBUG:matplotlib.font_manager:findfont: score(<Font 'Iosevka' (Iosevka Extralight Oblique Nerd Font Complete.ttf) oblique normal light normal>) = 11.24
DEBUG:matplotlib.font_manager:findfont: score(<Font 'FantasqueSansMono Nerd Font Mono' (Fantasque Sans Mono Italic Nerd Font Complete Mono.ttf) italic normal 400 normal>) = 11.05
DEBUG:matplotlib.font_manager:findfont: score(<Font 'NotoSans Nerd Font' (Noto Sans ExtraCondensed Black Nerd Font Complete.ttf) normal normal black condensed>) = 10.725
DEBUG:matplotlib.font_manager:findfont: score(<Font 'NotoSerif Nerd Font' (Noto Serif Light Nerd Font Complete.ttf) normal normal light normal>) = 10.24
DEBUG:matplotlib.font_manager:findfont: score(<Font 'BlexMono Nerd Font Mono' (Blex Mono Italic Nerd Font Complete Mono.ttf) italic normal 400 normal>) = 11.05
DEBUG:matplotlib.font_manager:findfont: score(<Font 'Noto Sans Telugu UI' (NotoSansTeluguUI-Regular.ttf) normal normal regular normal>) = 10.05
DEBUG:matplotlib.font_manager:findfont: score(<Font 'Noto Sans Telugu UI' (NotoSansTeluguUI-Bold.ttf) normal normal 700 normal>) = 10.335
DEBUG:matplotlib.font_manager:findfont: score(<Font 'NotoSerifDisplay Nerd Font Mono' (Noto Serif Display ExtraCondensed SemiBold Nerd Font Complete Mono.ttf) normal normal semibold condensed>) = 10.44
DEBUG:matplotlib.font_manager:findfont: score(<Font 'Noto Sans Symbols' (NotoSansSymbols-Thin.ttf) normal normal 400 normal>) = 10.05
DEBUG:matplotlib.font_manager:findfont: score(<Font 'NotoSansMono Nerd Font Mono' (Noto Sans Mono ExtraLight Nerd Font Complete Mono.ttf) normal normal light normal>) = 10.24
DEBUG:matplotlib.font_manager:findfont: score(<Font 'NotoSerifDisplay Nerd Font Mono' (Noto Serif Display SemiCondensed Black Nerd Font Complete Mono.ttf) normal normal black condensed>) = 10.725
DEBUG:matplotlib.font_manager:findfont: score(<Font 'NotoSans Nerd Font Mono' (Noto Sans Condensed Black Nerd Font Complete Mono.ttf) normal normal black condensed>) = 10.725
DEBUG:matplotlib.font_manager:findfont: score(<Font 'mplus Nerd Font' (M+ 1mn Nerd Font Complete.ttf) normal normal 400 normal>) = 10.05
DEBUG:matplotlib.font_manager:findfont: score(<Font 'Noto Sans Yi' (NotoSansYi-Regular.ttf) normal normal regular normal>) = 10.05
DEBUG:matplotlib.font_manager:findfont: score(<Font 'Iosevka' (Iosevka Bold Nerd Font Complete.ttf) normal normal 700 normal>) = 10.335
DEBUG:matplotlib.font_manager:findfont: score(<Font 'NotoSans Nerd Font Mono' (Noto Sans ExtraBold Italic Nerd Font Complete Mono.ttf) italic normal bold normal>) = 11.335
DEBUG:matplotlib.font_manager:findfont: score(<Font 'GoMono Nerd Font' (Go Mono Bold Italic Nerd Font Complete.ttf) italic normal 700 normal>) = 11.335
DEBUG:matplotlib.font_manager:findfont: score(<Font 'NotoSansMono Nerd Font' (Noto Sans Mono ExtraCondensed Thin Nerd Font Complete.ttf) normal normal 400 condensed>) = 10.25
DEBUG:matplotlib.font_manager:findfont: score(<Font 'NotoSansDisplay Nerd Font' (Noto Sans Display Condensed Black Italic Nerd Font Complete.ttf) italic normal black condensed>) = 11.725
DEBUG:matplotlib.font_manager:findfont: score(<Font 'Monoid Nerd Font' (Monoid Retina Nerd Font Complete.ttf) normal normal 400 normal>) = 10.05
DEBUG:matplotlib.font_manager:findfont: score(<Font 'GohuFont Nerd Font' (GohuFont Nerd Font Complete.ttf) normal normal 400 normal>) = 10.05
DEBUG:matplotlib.font_manager:findfont: score(<Font 'NotoSans Nerd Font Mono' (Noto Sans ExtraCondensed Nerd Font Complete Mono.ttf) normal normal 400 condensed>) = 10.25
DEBUG:matplotlib.font_manager:findfont: score(<Font 'NotoSansMono Nerd Font Mono' (Noto Sans Mono SemiCondensed ExtraLight Nerd Font Complete Mono.ttf) normal normal light condensed>) = 10.44
DEBUG:matplotlib.font_manager:findfont: score(<Font 'NotoSansDisplay Nerd Font Mono' (Noto Sans Display Condensed SemiBold Nerd Font Complete Mono.ttf) normal normal semibold condensed>) = 10.44
DEBUG:matplotlib.font_manager:findfont: score(<Font 'Libertinus Serif' (LibertinusSerif-Regular.otf) normal normal regular normal>) = 10.05
DEBUG:matplotlib.font_manager:findfont: score(<Font 'mplus Nerd Font Mono' (M+ 1p heavy Nerd Font Complete Mono.ttf) normal normal 700 normal>) = 10.335
DEBUG:matplotlib.font_manager:findfont: score(<Font 'NotoSansMono Nerd Font' (Noto Sans Mono ExtraCondensed ExtraLight Nerd Font Complete.ttf) normal normal light condensed>) = 10.44
DEBUG:matplotlib.font_manager:findfont: score(<Font 'mplus Nerd Font Mono' (M+ 1c medium Nerd Font Complete Mono.ttf) normal normal medium normal>) = 10.145
DEBUG:matplotlib.font_manager:findfont: score(<Font 'NotoSerifDisplay Nerd Font' (Noto Serif Display SemiCondensed Bold Nerd Font Complete.ttf) normal normal 700 condensed>) = 10.535
DEBUG:matplotlib.font_manager:findfont: score(<Font 'MesloLGS Nerd Font Mono' (Meslo LG S Regular Nerd Font Complete Mono.otf) normal normal regular normal>) = 10.05
DEBUG:matplotlib.font_manager:findfont: score(<Font 'Noto Serif Hebrew' (NotoSerifHebrew-Medium.ttf) normal normal medium normal>) = 10.145
DEBUG:matplotlib.font_manager:findfont: score(<Font 'FantasqueSansMono Nerd Font Mono' (Fantasque Sans Mono Italic Nerd Font Complete Mono.ttf) italic normal 400 normal>) = 11.05
DEBUG:matplotlib.font_manager:findfont: score(<Font 'NotoSans Nerd Font' (Noto Sans SemiCondensed ExtraLight Nerd Font Complete.ttf) normal normal light condensed>) = 10.44
DEBUG:matplotlib.font_manager:findfont: score(<Font 'Noto Sans Kannada' (NotoSansKannada-Light.ttf) normal normal light normal>) = 10.24
DEBUG:matplotlib.font_manager:findfont: score(<Font 'RobotoMono Nerd Font Mono' (Roboto Mono Medium Italic Nerd Font Complete Mono.ttf) italic normal medium normal>) = 11.145
DEBUG:matplotlib.font_manager:findfont: score(<Font 'Noto Sans Gujarati UI' (NotoSansGujaratiUI-Regular.ttf) normal normal 400 normal>) = 10.05
DEBUG:matplotlib.font_manager:findfont: score(<Font 'Noto Serif Khmer' (NotoSerifKhmer-Light.ttf) normal normal light normal>) = 10.24
DEBUG:matplotlib.font_manager:findfont: score(<Font 'Noto Sans Display' (NotoSansDisplay-Thin.ttf) normal normal 400 normal>) = 10.05
DEBUG:matplotlib.font_manager:findfont: score(<Font 'Noto Sans Khmer UI' (NotoSansKhmerUI-Thin.ttf) normal normal 400 normal>) = 10.05
DEBUG:matplotlib.font_manager:findfont: score(<Font 'HeavyData Nerd Font' (Heavy Data Nerd Font Complete.ttf) normal normal heavy normal>) = 10.43
DEBUG:matplotlib.font_manager:findfont: score(<Font 'NotoSansMono Nerd Font' (Noto Sans Mono Black Nerd Font Complete.ttf) normal normal black normal>) = 10.525
DEBUG:matplotlib.font_manager:findfont: score(<Font 'Noto Sans Tamil' (NotoSansTamil-Regular.ttf) normal normal regular normal>) = 10.05
DEBUG:matplotlib.font_manager:findfont: score(<Font 'Ubuntu Nerd Font' (Ubuntu Medium Italic Nerd Font Complete.ttf) italic normal 700 normal>) = 11.335
DEBUG:matplotlib.font_manager:findfont: score(<Font 'NotoSansDisplay Nerd Font Mono' (Noto Sans Display Condensed Nerd Font Complete Mono.ttf) normal normal 400 condensed>) = 10.25
DEBUG:matplotlib.font_manager:findfont: score(<Font 'NotoSans Nerd Font' (Noto Sans SemiCondensed SemiBold Italic Nerd Font Complete.ttf) italic normal semibold condensed>) = 11.44
DEBUG:matplotlib.font_manager:findfont: score(<Font 'InconsolataLGC Nerd Font Mono' (Inconsolata LGC Nerd Font Complete Mono.ttf) normal normal 400 normal>) = 10.05
DEBUG:matplotlib.font_manager:findfont: score(<Font 'NotoSans Nerd Font' (Noto Sans ExtraBold Nerd Font Complete.ttf) normal normal bold normal>) = 10.335
DEBUG:matplotlib.font_manager:findfont: score(<Font 'NotoSans Nerd Font Mono' (Noto Sans Thin Nerd Font Complete Mono.ttf) normal normal 400 normal>) = 10.05
DEBUG:matplotlib.font_manager:findfont: score(<Font 'Hack Nerd Font' (Hack Bold Nerd Font Complete.ttf) normal normal 700 normal>) = 10.335
DEBUG:matplotlib.font_manager:findfont: score(<Font 'NotoSerif Nerd Font Mono' (Noto Serif Condensed SemiBold Nerd Font Complete Mono.ttf) normal normal semibold condensed>) = 10.44
DEBUG:matplotlib.font_manager:findfont: score(<Font 'Hasklug Nerd Font' (Hasklug ExtraLight Nerd Font Complete.otf) normal normal light normal>) = 10.24
DEBUG:matplotlib.font_manager:findfont: score(<Font 'SauceCodePro Nerd Font Mono' (Sauce Code Pro Black Nerd Font Complete Mono.ttf) normal normal black normal>) = 10.525
DEBUG:matplotlib.font_manager:findfont: score(<Font 'Estrangelo Midyat' (SyrCOMMidyat.otf) normal normal 400 normal>) = 10.05
DEBUG:matplotlib.font_manager:findfont: score(<Font 'mplus Nerd Font Mono' (M+ 2c bold Nerd Font Complete Mono.ttf) normal normal 700 normal>) = 10.335
DEBUG:matplotlib.font_manager:findfont: score(<Font 'NotoSerif Nerd Font' (Noto Serif SemiCondensed Thin Italic Nerd Font Complete.ttf) italic normal 400 condensed>) = 11.25
DEBUG:matplotlib.font_manager:findfont: score(<Font 'NotoSerif Nerd Font' (Noto Serif SemiCondensed Black Italic Nerd Font Complete.ttf) italic normal black condensed>) = 11.725
DEBUG:matplotlib.font_manager:findfont: score(<Font 'MesloLGM Nerd Font Mono' (Meslo LG M Regular Nerd Font Complete Mono.otf) normal normal regular normal>) = 10.05
DEBUG:matplotlib.font_manager:findfont: score(<Font 'FuraCode Nerd Font Mono' (Fura Code Light Nerd Font Complete Mono.otf) normal normal light normal>) = 10.24
DEBUG:matplotlib.font_manager:findfont: score(<Font 'BitstreamVeraSansMono Nerd Font Mono' (Bitstream Vera Sans Mono Oblique Nerd Font Complete Mono.ttf) oblique normal 400 normal>) = 11.05
DEBUG:matplotlib.font_manager:findfont: score(<Font 'Monoid Nerd Font Mono' (Monoid Retina Nerd Font Complete Mono.ttf) normal normal 400 normal>) = 10.05
DEBUG:matplotlib.font_manager:findfont: score(<Font 'DejaVu Sans' (DejaVuSans-BoldOblique.ttf) oblique normal 700 normal>) = 1.335
DEBUG:matplotlib.font_manager:findfont: score(<Font 'Iosevka' (Iosevka Nerd Font Complete Mono.ttf) normal normal 400 normal>) = 10.05
DEBUG:matplotlib.font_manager:findfont: score(<Font 'NotoSerifDisplay Nerd Font Mono' (Noto Serif Display Condensed ExtraLight Italic Nerd Font Complete Mono.ttf) italic normal light condensed>) = 11.44
DEBUG:matplotlib.font_manager:findfont: score(<Font 'Noto Sans Sinhala UI' (NotoSansSinhalaUI-Medium.ttf) normal normal medium normal>) = 10.145
DEBUG:matplotlib.font_manager:findfont: score(<Font 'mplus Nerd Font' (M+ 2c light Nerd Font Complete.ttf) normal normal light normal>) = 10.24
DEBUG:matplotlib.font_manager:findfont: score(<Font 'NotoSansDisplay Nerd Font Mono' (Noto Sans Display SemiCondensed Black Nerd Font Complete Mono.ttf) normal normal black condensed>) = 10.725
DEBUG:matplotlib.font_manager:findfont: score(<Font 'NotoSerif Nerd Font' (Noto Serif Condensed ExtraLight Nerd Font Complete.ttf) normal normal light condensed>) = 10.44
DEBUG:matplotlib.font_manager:findfont: score(<Font 'mononoki Nerd Font Mono' (mononoki Bold Italic Nerd Font Complete Mono.ttf) italic normal 700 normal>) = 11.335
DEBUG:matplotlib.font_manager:findfont: score(<Font 'Noto Sans Malayalam UI' (NotoSansMalayalamUI-Light.ttf) normal normal light normal>) = 10.24
DEBUG:matplotlib.font_manager:findfont: score(<Font 'Iosevka Term' (Iosevka Term Thin Oblique Nerd Font Complete.ttf) oblique normal 400 normal>) = 11.05
DEBUG:matplotlib.font_manager:findfont: score(<Font 'NotoSansDisplay Nerd Font Mono' (Noto Sans Display Condensed Bold Italic Nerd Font Complete Mono.ttf) italic normal 700 condensed>) = 11.535
DEBUG:matplotlib.font_manager:findfont: score(<Font 'NotoSerif Nerd Font' (Noto Serif Thin Nerd Font Complete.ttf) normal normal 400 normal>) = 10.05
DEBUG:matplotlib.font_manager:findfont: score(<Font 'Noto Sans Gurmukhi' (NotoSansGurmukhi-Thin.ttf) normal normal 400 normal>) = 10.05
DEBUG:matplotlib.font_manager:findfont: score(<Font 'Noto Serif Gurmukhi' (NotoSerifGurmukhi-Black.ttf) normal normal black normal>) = 10.525
DEBUG:matplotlib.font_manager:findfont: score(<Font 'ProggyCleanTT Nerd Font Mono' (ProggyCleanTT Nerd Font Complete Mono.ttf) normal normal 400 normal>) = 10.05
DEBUG:matplotlib.font_manager:findfont: score(<Font 'NotoSansDisplay Nerd Font Mono' (Noto Sans Display ExtraCondensed Bold Italic Nerd Font Complete Mono.ttf) italic normal 700 condensed>) = 11.535
DEBUG:matplotlib.font_manager:findfont: score(<Font 'NotoSerif Nerd Font Mono' (Noto Serif ExtraCondensed Light Italic Nerd Font Complete Mono.ttf) italic normal light condensed>) = 11.44
DEBUG:matplotlib.font_manager:findfont: score(<Font 'NotoSerifDisplay Nerd Font Mono' (Noto Serif Display SemiCondensed SemiBold Nerd Font Complete Mono.ttf) normal normal semibold condensed>) = 10.44
DEBUG:matplotlib.font_manager:findfont: score(<Font 'Hasklug Nerd Font Mono' (Hasklug Nerd Font Complete Mono.otf) normal normal 400 normal>) = 10.05
DEBUG:matplotlib.font_manager:findfont: score(<Font 'Serto Jerusalem Outline' (SyrCOMJerusalemOutline.otf) normal normal 400 normal>) = 10.05
DEBUG:matplotlib.font_manager:findfont: score(<Font 'NotoSerif Nerd Font Mono' (Noto Serif SemiCondensed Bold Nerd Font Complete Mono.ttf) normal normal 700 condensed>) = 10.535
DEBUG:matplotlib.font_manager:findfont: score(<Font 'NotoSansMono Nerd Font Mono' (Noto Sans Mono Thin Nerd Font Complete Mono.ttf) normal normal 400 normal>) = 10.05
DEBUG:matplotlib.font_manager:findfont: score(<Font 'NotoSansMono Nerd Font Mono' (Noto Sans Mono ExtraCondensed ExtraBold Nerd Font Complete Mono.ttf) normal normal bold condensed>) = 10.535
DEBUG:matplotlib.font_manager:findfont: score(<Font 'NotoSerifDisplay Nerd Font Mono' (Noto Serif Display SemiCondensed Medium Italic Nerd Font Complete Mono.ttf) italic normal medium condensed>) = 11.344999999999999
DEBUG:matplotlib.font_manager:findfont: score(<Font 'Noto Sans Hebrew' (NotoSansHebrew-Light.ttf) normal normal light normal>) = 10.24
DEBUG:matplotlib.font_manager:findfont: score(<Font 'Noto Sans Osmanya' (NotoSansOsmanya-Regular.ttf) normal normal regular normal>) = 10.05
DEBUG:matplotlib.font_manager:findfont: score(<Font 'NotoSerifDisplay Nerd Font' (Noto Serif Display SemiCondensed Italic Nerd Font Complete.ttf) italic normal 400 condensed>) = 11.25
DEBUG:matplotlib.font_manager:findfont: score(<Font 'NotoSans Nerd Font Mono' (Noto Sans SemiBold Nerd Font Complete Mono.ttf) normal normal semibold normal>) = 10.24
DEBUG:matplotlib.font_manager:findfont: score(<Font 'BlexMono Nerd Font Mono' (Blex Mono Text Italic Nerd Font Complete Mono.ttf) italic normal 400 normal>) = 11.05
DEBUG:matplotlib.font_manager:findfont: score(<Font 'OverpassMono Nerd Font' (Overpass Mono SemiBold Nerd Font Complete.otf) normal normal 700 normal>) = 10.335
DEBUG:matplotlib.font_manager:findfont: score(<Font 'Iosevka' (Iosevka Extralight Nerd Font Complete Mono.ttf) normal normal light normal>) = 10.24
DEBUG:matplotlib.font_manager:findfont: score(<Font 'Iosevka Term' (Iosevka Term Bold Oblique Nerd Font Complete Mono.ttf) oblique normal 700 normal>) = 11.335
DEBUG:matplotlib.font_manager:findfont: score(<Font 'Hurmit Nerd Font' (Hurmit Medium Nerd Font Complete.otf) normal normal medium normal>) = 10.145
DEBUG:matplotlib.font_manager:findfont: score(<Font 'Iosevka' (Iosevka Nerd Font Complete.ttf) normal normal 400 normal>) = 10.05
DEBUG:matplotlib.font_manager:findfont: score(<Font 'Noto Sans Ethiopic' (NotoSansEthiopic-Medium.ttf) normal normal medium normal>) = 10.145
DEBUG:matplotlib.font_manager:findfont: score(<Font 'ProFontWindows Nerd Font' (ProFontWindows Nerd Font Complete.ttf) normal normal 400 normal>) = 10.05
DEBUG:matplotlib.font_manager:findfont: score(<Font 'Source Code Pro' (SourceCodePro-MediumIt.otf) italic normal medium normal>) = 11.145
DEBUG:matplotlib.font_manager:findfont: score(<Font 'NotoSerif Nerd Font' (Noto Serif Black Nerd Font Complete.ttf) normal normal black normal>) = 10.525
DEBUG:matplotlib.font_manager:findfont: score(<Font '3270Narrow Nerd Font Mono' (3270 Narrow Nerd Font Complete Mono.otf) normal normal 400 condensed>) = 10.25
DEBUG:matplotlib.font_manager:findfont: score(<Font 'TerminessTTF Nerd Font Mono' (Terminess (TTF) Italic Nerd Font Complete Mono.ttf) italic normal 400 normal>) = 11.05
DEBUG:matplotlib.font_manager:findfont: score(<Font 'Hack Nerd Font' (Hack Regular Nerd Font Complete.ttf) normal normal regular normal>) = 10.05
DEBUG:matplotlib.font_manager:findfont: score(<Font 'NotoSerifDisplay Nerd Font Mono' (Noto Serif Display ExtraCondensed SemiBold Italic Nerd Font Complete Mono.ttf) italic normal semibold condensed>) = 11.44
DEBUG:matplotlib.font_manager:findfont: score(<Font 'SauceCodePro Nerd Font' (Sauce Code Pro Bold Nerd Font Complete.ttf) normal normal 700 normal>) = 10.335
DEBUG:matplotlib.font_manager:findfont: score(<Font 'Noto Sans Kayah Li' (NotoSansKayahLi-Regular.ttf) normal normal regular normal>) = 10.05
DEBUG:matplotlib.font_manager:findfont: score(<Font 'Iosevka Term' (Iosevka Term Oblique Nerd Font Complete Mono.ttf) oblique normal 400 normal>) = 11.05
DEBUG:matplotlib.font_manager:findfont: score(<Font 'Iosevka Term' (Iosevka Term Thin Nerd Font Complete Mono.ttf) normal normal 400 normal>) = 10.05
DEBUG:matplotlib.font_manager:findfont: score(<Font 'BlexMono Nerd Font Mono' (Blex Mono Bold Italic Nerd Font Complete Mono.ttf) italic normal 700 normal>) = 11.335
DEBUG:matplotlib.font_manager:findfont: score(<Font 'OpenDyslexic Nerd Font Mono' (OpenDyslexic Bold Nerd Font Complete Mono.otf) normal normal 700 normal>) = 10.335
DEBUG:matplotlib.font_manager:findfont: score(<Font 'UbuntuMono Nerd Font' (Ubuntu Mono Bold Italic Nerd Font Complete.ttf) italic normal 700 normal>) = 11.335
DEBUG:matplotlib.font_manager:findfont: score(<Font 'Overpass Nerd Font Mono' (Overpass ExtraBold Italic Nerd Font Complete Mono.otf) italic normal bold normal>) = 11.335
DEBUG:matplotlib.font_manager:findfont: score(<Font 'NotoSansDisplay Nerd Font' (Noto Sans Display SemiCondensed Nerd Font Complete.ttf) normal normal 400 condensed>) = 10.25
DEBUG:matplotlib.font_manager:findfont: score(<Font 'NotoSans Nerd Font Mono' (Noto Sans ExtraCondensed Light Italic Nerd Font Complete Mono.ttf) italic normal light condensed>) = 11.44
DEBUG:matplotlib.font_manager:findfont: score(<Font 'OpenDyslexic Nerd Font Mono' (OpenDyslexic Bold Italic Nerd Font Complete Mono.otf) italic normal 700 normal>) = 11.335
DEBUG:matplotlib.font_manager:findfont: score(<Font 'NotoSerifDisplay Nerd Font' (Noto Serif Display ExtraBold Italic Nerd Font Complete.ttf) italic normal bold normal>) = 11.335
DEBUG:matplotlib.font_manager:findfont: score(<Font 'SauceCodePro Nerd Font Mono' (Sauce Code Pro ExtraLight Italic Nerd Font Complete Mono.ttf) italic normal light normal>) = 11.24
DEBUG:matplotlib.font_manager:findfont: score(<Font 'NotoSans Nerd Font' (Noto Sans SemiCondensed Nerd Font Complete.ttf) normal normal 400 condensed>) = 10.25
DEBUG:matplotlib.font_manager:findfont: score(<Font 'NotoSerifDisplay Nerd Font' (Noto Serif Display ExtraCondensed ExtraBold Nerd Font Complete.ttf) normal normal bold condensed>) = 10.535
DEBUG:matplotlib.font_manager:findfont: score(<Font 'Overpass Nerd Font Mono' (Overpass SemiBold Italic Nerd Font Complete Mono.otf) italic normal semibold normal>) = 11.24
DEBUG:matplotlib.font_manager:findfont: score(<Font 'NotoSansMono Nerd Font Mono' (Noto Sans Mono SemiCondensed Bold Nerd Font Complete Mono.ttf) normal normal 700 condensed>) = 10.535
DEBUG:matplotlib.font_manager:findfont: score(<Font 'OpenDyslexicAlta Nerd Font' (OpenDyslexicAlta Bold Italic Nerd Font Complete.otf) italic normal 700 normal>) = 11.335
DEBUG:matplotlib.font_manager:findfont: score(<Font 'NotoSerifDisplay Nerd Font' (Noto Serif Display Condensed ExtraBold Italic Nerd Font Complete.ttf) italic normal bold condensed>) = 11.535
DEBUG:matplotlib.font_manager:findfont: score(<Font 'Serto Jerusalem' (SyrCOMJerusalem.otf) normal normal 400 normal>) = 10.05
DEBUG:matplotlib.font_manager:findfont: score(<Font 'NotoSansDisplay Nerd Font Mono' (Noto Sans Display SemiCondensed SemiBold Nerd Font Complete Mono.ttf) normal normal semibold condensed>) = 10.44
DEBUG:matplotlib.font_manager:findfont: score(<Font 'Noto Sans Samaritan' (NotoSansSamaritan-Regular.ttf) normal normal regular normal>) = 10.05
DEBUG:matplotlib.font_manager:findfont: score(<Font 'Noto Serif Tibetan' (NotoSerifTibetan-Medium.ttf) normal normal medium normal>) = 10.145
DEBUG:matplotlib.font_manager:findfont: score(<Font 'SauceCodePro Nerd Font' (Sauce Code Pro Medium Italic Nerd Font Complete.ttf) italic normal medium normal>) = 11.145
DEBUG:matplotlib.font_manager:findfont: score(<Font 'NotoSansMono Nerd Font' (Noto Sans Mono Bold Nerd Font Complete.ttf) normal normal 700 normal>) = 10.335
DEBUG:matplotlib.font_manager:findfont: score(<Font 'NotoSerifDisplay Nerd Font' (Noto Serif Display SemiCondensed Italic Nerd Font Complete.ttf) italic normal 400 condensed>) = 11.25
DEBUG:matplotlib.font_manager:findfont: score(<Font 'mplus Nerd Font' (M+ 1m thin Nerd Font Complete.ttf) normal normal 400 normal>) = 10.05
DEBUG:matplotlib.font_manager:findfont: score(<Font 'NotoSansDisplay Nerd Font' (Noto Sans Display SemiCondensed Black Nerd Font Complete.ttf) normal normal black condensed>) = 10.725
DEBUG:matplotlib.font_manager:findfont: score(<Font 'Iosevka Term' (Iosevka Term Heavy Italic Nerd Font Complete.ttf) italic normal 700 normal>) = 11.335
DEBUG:matplotlib.font_manager:findfont: score(<Font 'NotoSansDisplay Nerd Font Mono' (Noto Sans Display Condensed Medium Nerd Font Complete Mono.ttf) normal normal medium condensed>) = 10.344999999999999
DEBUG:matplotlib.font_manager:findfont: score(<Font 'NotoEmoji Nerd Font Mono' (Noto Emoji Nerd Font Complete Mono.ttf) normal normal 400 normal>) = 10.05
DEBUG:matplotlib.font_manager:findfont: score(<Font '3270Narrow Nerd Font' (3270 Narrow Nerd Font Complete.otf) normal normal 400 condensed>) = 10.25
DEBUG:matplotlib.font_manager:findfont: score(<Font 'Noto Sans Kannada UI' (NotoSansKannadaUI-Medium.ttf) normal normal medium normal>) = 10.145
DEBUG:matplotlib.font_manager:findfont: score(<Font 'Fira Code' (FiraCode-Bold.otf) normal normal 700 normal>) = 10.335
DEBUG:matplotlib.font_manager:findfont: score(<Font 'OpenDyslexicAlta Nerd Font Mono' (OpenDyslexicAlta Bold Nerd Font Complete Mono.otf) normal normal 700 normal>) = 10.335
DEBUG:matplotlib.font_manager:findfont: score(<Font 'Noto Sans Mayan Numerals' (NotoSansMayanNumerals-Regular.ttf) normal normal regular normal>) = 10.05
DEBUG:matplotlib.font_manager:findfont: score(<Font 'Noto Sans Myanmar' (NotoSansMyanmar-Thin.ttf) normal normal 400 normal>) = 10.05
DEBUG:matplotlib.font_manager:findfont: score(<Font 'Iosevka Term' (Iosevka Term Extralight Italic Nerd Font Complete.ttf) italic normal light normal>) = 11.24
DEBUG:matplotlib.font_manager:findfont: score(<Font 'NotoSansDisplay Nerd Font' (Noto Sans Display ExtraCondensed Nerd Font Complete.ttf) normal normal 400 condensed>) = 10.25
DEBUG:matplotlib.font_manager:findfont: score(<Font 'Noto Sans Siddham' (NotoSansSiddham-Regular.ttf) normal normal regular normal>) = 10.05
DEBUG:matplotlib.font_manager:findfont: score(<Font 'Iosevka Term' (Iosevka Term Thin Nerd Font Complete.ttf) normal normal 400 normal>) = 10.05
DEBUG:matplotlib.font_manager:findfont: score(<Font 'Noto Sans Deseret' (NotoSansDeseret-Regular.ttf) normal normal regular normal>) = 10.05
DEBUG:matplotlib.font_manager:findfont: score(<Font 'Noto Sans Tamil Supplement' (NotoSansTamilSupplement-Regular.ttf) normal normal regular normal>) = 10.05
DEBUG:matplotlib.font_manager:findfont: score(<Font 'NotoSans Nerd Font' (Noto Sans ExtraCondensed ExtraBold Italic Nerd Font Complete.ttf) italic normal bold condensed>) = 11.535
DEBUG:matplotlib.font_manager:findfont: score(<Font 'Iosevka' (Iosevka Extralight Italic Nerd Font Complete Mono.ttf) italic normal light normal>) = 11.24
DEBUG:matplotlib.font_manager:findfont: score(<Font 'Noto Sans Mono' (NotoSansMono-Black.ttf) normal normal black normal>) = 10.525
DEBUG:matplotlib.font_manager:findfont: score(<Font 'NotoSerifDisplay Nerd Font' (Noto Serif Display ExtraCondensed Black Nerd Font Complete.ttf) normal normal black condensed>) = 10.725
DEBUG:matplotlib.font_manager:findfont: score(<Font 'NotoSans Nerd Font' (Noto Sans ExtraCondensed Italic Nerd Font Complete.ttf) italic normal 400 condensed>) = 11.25
DEBUG:matplotlib.font_manager:findfont: score(<Font 'Arimo Nerd Font Mono' (Arimo Regular Nerd Font Complete Mono.ttf) normal normal regular normal>) = 10.05
DEBUG:matplotlib.font_manager:findfont: score(<Font 'Hack Nerd Font Mono' (Hack Bold Italic Nerd Font Complete Mono.ttf) italic normal 700 normal>) = 11.335
DEBUG:matplotlib.font_manager:findfont: score(<Font 'NotoSansMono Nerd Font' (Noto Sans Mono Bold Nerd Font Complete.ttf) normal normal 700 normal>) = 10.335
DEBUG:matplotlib.font_manager:findfont: score(<Font 'Noto Serif Tamil' (NotoSerifTamil-Regular.ttf) normal normal regular normal>) = 10.05
DEBUG:matplotlib.font_manager:findfont: score(<Font 'NotoSansDisplay Nerd Font' (Noto Sans Display ExtraCondensed SemiBold Nerd Font Complete.ttf) normal normal semibold condensed>) = 10.44
DEBUG:matplotlib.font_manager:findfont: score(<Font 'Noto Serif Telugu' (NotoSerifTelugu-Medium.ttf) normal normal medium normal>) = 10.145
DEBUG:matplotlib.font_manager:findfont: score(<Font 'Iosevka' (Iosevka Medium Italic Nerd Font Complete Mono.ttf) italic normal medium normal>) = 11.145
DEBUG:matplotlib.font_manager:findfont: score(<Font 'Goha-Tibeb Zemen' (GohaTibebZemen.ttf) normal normal 400 normal>) = 10.05
DEBUG:matplotlib.font_manager:findfont: score(<Font 'Noto Sans Canadian Aboriginal' (NotoSansCanadianAboriginal-Medium.ttf) normal normal medium normal>) = 10.145
DEBUG:matplotlib.font_manager:findfont: score(<Font 'NotoSerifDisplay Nerd Font Mono' (Noto Serif Display SemiCondensed Light Nerd Font Complete Mono.ttf) normal normal light condensed>) = 10.44
DEBUG:matplotlib.font_manager:findfont: score(<Font 'NotoSerif Nerd Font Mono' (Noto Serif Thin Nerd Font Complete Mono.ttf) normal normal 400 normal>) = 10.05
DEBUG:matplotlib.font_manager:findfont: score(<Font 'Noto Sans Kannada' (NotoSansKannada-Regular.ttf) normal normal regular normal>) = 10.05
DEBUG:matplotlib.font_manager:findfont: score(<Font 'FuraMono Nerd Font' (Fura Mono Bold Nerd Font Complete.otf) normal normal 700 normal>) = 10.335
DEBUG:matplotlib.font_manager:findfont: score(<Font 'Libertinus Serif Display' (LibertinusSerifDisplay-Regular.otf) normal normal regular normal>) = 10.05
DEBUG:matplotlib.font_manager:findfont: score(<Font 'NotoSans Nerd Font' (Noto Sans Condensed ExtraLight Nerd Font Complete.ttf) normal normal light condensed>) = 10.44
DEBUG:matplotlib.font_manager:findfont: score(<Font 'NotoSansDisplay Nerd Font Mono' (Noto Sans Display Condensed Bold Nerd Font Complete Mono.ttf) normal normal 700 condensed>) = 10.535
DEBUG:matplotlib.font_manager:findfont: score(<Font 'BlexMono Nerd Font Mono' (Blex Mono Medium Nerd Font Complete Mono.ttf) normal normal medium normal>) = 10.145
DEBUG:matplotlib.font_manager:findfont: score(<Font 'Overpass Nerd Font Mono' (Overpass Thin Nerd Font Complete Mono.otf) normal normal 400 normal>) = 10.05
DEBUG:matplotlib.font_manager:findfont: score(<Font 'NotoSerifDisplay Nerd Font' (Noto Serif Display Condensed SemiBold Nerd Font Complete.ttf) normal normal semibold condensed>) = 10.44
DEBUG:matplotlib.font_manager:findfont: score(<Font 'BlexMono Nerd Font Mono' (Blex Mono Light Nerd Font Complete Mono.ttf) normal normal light normal>) = 10.24
DEBUG:matplotlib.font_manager:findfont: score(<Font 'Z003' (Z003-MediumItalic.otf) italic normal medium normal>) = 11.145
DEBUG:matplotlib.font_manager:findfont: score(<Font 'Iosevka' (Iosevka Nerd Font Complete Mono.ttf) normal normal 400 normal>) = 10.05
DEBUG:matplotlib.font_manager:findfont: score(<Font 'NotoSerifDisplay Nerd Font Mono' (Noto Serif Display ExtraCondensed Thin Nerd Font Complete Mono.ttf) normal normal 400 condensed>) = 10.25
DEBUG:matplotlib.font_manager:findfont: score(<Font 'TerminessTTF Nerd Font' (Terminess (TTF) Nerd Font Complete.ttf) normal normal 400 normal>) = 10.05
DEBUG:matplotlib.font_manager:findfont: score(<Font 'GoMono Nerd Font' (Go Mono Italic Nerd Font Complete.ttf) italic normal 400 normal>) = 11.05
DEBUG:matplotlib.font_manager:findfont: score(<Font 'OpenDyslexicMono Nerd Font Mono' (OpenDyslexicMono Regular Nerd Font Complete Mono.otf) normal normal 400 normal>) = 10.05
DEBUG:matplotlib.font_manager:findfont: score(<Font 'Noto Serif Gurmukhi' (NotoSerifGurmukhi-Bold.ttf) normal normal 700 normal>) = 10.335
DEBUG:matplotlib.font_manager:findfont: score(<Font 'NotoSansDisplay Nerd Font' (Noto Sans Display SemiCondensed ExtraLight Italic Nerd Font Complete.ttf) italic normal light condensed>) = 11.44
DEBUG:matplotlib.font_manager:findfont: score(<Font 'NotoSansDisplay Nerd Font' (Noto Sans Display SemiCondensed ExtraLight Nerd Font Complete.ttf) normal normal light condensed>) = 10.44
DEBUG:matplotlib.font_manager:findfont: score(<Font 'BlexMono Nerd Font' (Blex Mono Thin Italic Nerd Font Complete.ttf) italic normal 400 normal>) = 11.05
DEBUG:matplotlib.font_manager:findfont: score(<Font 'NotoSerifDisplay Nerd Font' (Noto Serif Display Medium Italic Nerd Font Complete.ttf) italic normal medium normal>) = 11.145
DEBUG:matplotlib.font_manager:findfont: score(<Font 'InconsolataLGC Nerd Font' (Inconsolata LGC Bold Italic Nerd Font Complete.ttf) italic normal 700 normal>) = 11.335
DEBUG:matplotlib.font_manager:findfont: score(<Font 'NotoSans Nerd Font Mono' (Noto Sans SemiCondensed ExtraLight Nerd Font Complete Mono.ttf) normal normal light condensed>) = 10.44
DEBUG:matplotlib.font_manager:findfont: score(<Font 'NotoSerif Nerd Font Mono' (Noto Serif SemiCondensed Thin Nerd Font Complete Mono.ttf) normal normal 400 condensed>) = 10.25
DEBUG:matplotlib.font_manager:findfont: score(<Font 'NotoSerifDisplay Nerd Font' (Noto Serif Display ExtraCondensed Thin Italic Nerd Font Complete.ttf) italic normal 400 condensed>) = 11.25
DEBUG:matplotlib.font_manager:findfont: score(<Font 'NotoSerifDisplay Nerd Font Mono' (Noto Serif Display SemiBold Nerd Font Complete Mono.ttf) normal normal semibold normal>) = 10.24
DEBUG:matplotlib.font_manager:findfont: score(<Font 'NotoSansMono Nerd Font' (Noto Sans Mono Light Nerd Font Complete.ttf) normal normal light normal>) = 10.24
DEBUG:matplotlib.font_manager:findfont: score(<Font 'NotoSans Nerd Font' (Noto Sans SemiBold Nerd Font Complete.ttf) normal normal semibold normal>) = 10.24
DEBUG:matplotlib.font_manager:findfont: score(<Font 'NotoSerifDisplay Nerd Font' (Noto Serif Display ExtraCondensed Black Italic Nerd Font Complete.ttf) italic normal black condensed>) = 11.725
DEBUG:matplotlib.font_manager:findfont: score(<Font 'Iosevka Term' (Iosevka Term Bold Nerd Font Complete Mono.ttf) normal normal 700 normal>) = 10.335
DEBUG:matplotlib.font_manager:findfont: score(<Font 'NotoSansMono Nerd Font Mono' (Noto Sans Mono SemiCondensed Black Nerd Font Complete Mono.ttf) normal normal black condensed>) = 10.725
DEBUG:matplotlib.font_manager:findfont: score(<Font 'NotoSerifDisplay Nerd Font' (Noto Serif Display ExtraCondensed Thin Italic Nerd Font Complete.ttf) italic normal 400 condensed>) = 11.25
DEBUG:matplotlib.font_manager:findfont: score(<Font 'NotoSansDisplay Nerd Font Mono' (Noto Sans Display ExtraCondensed Black Italic Nerd Font Complete Mono.ttf) italic normal black condensed>) = 11.725
DEBUG:matplotlib.font_manager:findfont: score(<Font 'NotoSansDisplay Nerd Font' (Noto Sans Display Condensed Black Nerd Font Complete.ttf) normal normal black condensed>) = 10.725
DEBUG:matplotlib.font_manager:findfont: score(<Font 'NotoSansMono Nerd Font Mono' (Noto Sans Mono ExtraCondensed SemiBold Nerd Font Complete Mono.ttf) normal normal semibold condensed>) = 10.44
DEBUG:matplotlib.font_manager:findfont: score(<Font 'URW Gothic' (URWGothic-DemiOblique.otf) oblique normal demi normal>) = 11.24
DEBUG:matplotlib.font_manager:findfont: score(<Font 'NotoSansDisplay Nerd Font Mono' (Noto Sans Display Condensed Medium Italic Nerd Font Complete Mono.ttf) italic normal medium condensed>) = 11.344999999999999
DEBUG:matplotlib.font_manager:findfont: score(<Font 'Noto Sans Devanagari UI' (NotoSansDevanagariUI-Bold.ttf) normal normal 700 normal>) = 10.335
DEBUG:matplotlib.font_manager:findfont: score(<Font 'mplus Nerd Font' (M+ 1p medium Nerd Font Complete.ttf) normal normal medium normal>) = 10.145
DEBUG:matplotlib.font_manager:findfont: score(<Font 'NotoSerif Nerd Font Mono' (Noto Serif ExtraCondensed Thin Nerd Font Complete Mono.ttf) normal normal 400 condensed>) = 10.25
DEBUG:matplotlib.font_manager:findfont: score(<Font 'mplus Nerd Font Mono' (M+ 2p black Nerd Font Complete Mono.ttf) normal normal 700 normal>) = 10.335
DEBUG:matplotlib.font_manager:findfont: score(<Font 'NotoSansDisplay Nerd Font' (Noto Sans Display Condensed ExtraLight Italic Nerd Font Complete.ttf) italic normal light condensed>) = 11.44
DEBUG:matplotlib.font_manager:findfont: score(<Font 'NotoMono Nerd Font' (Noto Mono Nerd Font Complete.ttf) normal normal 400 normal>) = 10.05
DEBUG:matplotlib.font_manager:findfont: score(<Font 'Noto Sans Armenian' (NotoSansArmenian-Black.ttf) normal normal black normal>) = 10.525
DEBUG:matplotlib.font_manager:findfont: score(<Font 'Libertinus Sans' (LibertinusSans-Bold.otf) normal normal 700 normal>) = 10.335
DEBUG:matplotlib.font_manager:findfont: score(<Font 'NotoSans Nerd Font Mono' (Noto Sans ExtraCondensed Light Italic Nerd Font Complete Mono.ttf) italic normal light condensed>) = 11.44
DEBUG:matplotlib.font_manager:findfont: score(<Font 'Arimo Nerd Font Mono' (Arimo Italic Nerd Font Complete Mono.ttf) italic normal 400 normal>) = 11.05
DEBUG:matplotlib.font_manager:findfont: score(<Font 'NotoSerifDisplay Nerd Font' (Noto Serif Display ExtraCondensed SemiBold Nerd Font Complete.ttf) normal normal semibold condensed>) = 10.44
DEBUG:matplotlib.font_manager:findfont: score(<Font 'Overpass Nerd Font' (Overpass ExtraLight Nerd Font Complete.otf) normal normal light normal>) = 10.24
DEBUG:matplotlib.font_manager:findfont: score(<Font 'NotoSerifDisplay Nerd Font' (Noto Serif Display ExtraLight Italic Nerd Font Complete.ttf) italic normal light normal>) = 11.24
DEBUG:matplotlib.font_manager:findfont: score(<Font 'NotoSans Nerd Font' (Noto Sans Condensed Nerd Font Complete.ttf) normal normal 400 condensed>) = 10.25
DEBUG:matplotlib.font_manager:findfont: score(<Font 'mplus Nerd Font Mono' (M+ 1mn bold Nerd Font Complete Mono.ttf) normal normal 700 normal>) = 10.335
DEBUG:matplotlib.font_manager:findfont: score(<Font 'NotoSans Nerd Font Mono' (Noto Sans Condensed Thin Nerd Font Complete Mono.ttf) normal normal 400 condensed>) = 10.25
DEBUG:matplotlib.font_manager:findfont: score(<Font 'Noto Sans Malayalam UI' (NotoSansMalayalamUI-Black.ttf) normal normal black normal>) = 10.525
DEBUG:matplotlib.font_manager:findfont: score(<Font 'Hack Nerd Font' (Hack Italic Nerd Font Complete.ttf) italic normal 400 normal>) = 11.05
DEBUG:matplotlib.font_manager:findfont: score(<Font 'NotoSansDisplay Nerd Font Mono' (Noto Sans Display Medium Nerd Font Complete Mono.ttf) normal normal medium normal>) = 10.145
DEBUG:matplotlib.font_manager:findfont: score(<Font 'NotoSerif Nerd Font' (Noto Serif Bold Italic Nerd Font Complete.ttf) italic normal 700 normal>) = 11.335
DEBUG:matplotlib.font_manager:findfont: score(<Font 'OpenDyslexicAlta Nerd Font Mono' (OpenDyslexicAlta Italic Nerd Font Complete Mono.otf) italic normal 400 normal>) = 11.05
DEBUG:matplotlib.font_manager:findfont: score(<Font 'NotoSerif Nerd Font Mono' (Noto Serif Medium Italic Nerd Font Complete Mono.ttf) italic normal medium normal>) = 11.145
DEBUG:matplotlib.font_manager:findfont: score(<Font 'NotoSansDisplay Nerd Font' (Noto Sans Display Condensed Italic Nerd Font Complete.ttf) italic normal 400 condensed>) = 11.25
DEBUG:matplotlib.font_manager:findfont: score(<Font 'NotoSerifDisplay Nerd Font' (Noto Serif Display Condensed Nerd Font Complete.ttf) normal normal 400 condensed>) = 10.25
DEBUG:matplotlib.font_manager:findfont: score(<Font 'ShureTechMono Nerd Font Mono' (Shure Tech Mono Nerd Font Complete Mono.ttf) normal normal 400 normal>) = 10.05
DEBUG:matplotlib.font_manager:findfont: score(<Font 'mplus Nerd Font Mono' (M+ 1c thin Nerd Font Complete Mono.ttf) normal normal 400 normal>) = 10.05
DEBUG:matplotlib.font_manager:findfont: score(<Font 'mplus Nerd Font' (M+ 2c thin Nerd Font Complete.ttf) normal normal 400 normal>) = 10.05
DEBUG:matplotlib.font_manager:findfont: score(<Font 'Noto Serif Malayalam' (NotoSerifMalayalam-Black.ttf) normal normal black normal>) = 10.525
DEBUG:matplotlib.font_manager:findfont: score(<Font 'Fira Code' (FiraCode-Light.otf) normal normal light normal>) = 10.24
DEBUG:matplotlib.font_manager:findfont: score(<Font 'BitstreamVeraSansMono Nerd Font Mono' (Bitstream Vera Sans Mono Bold Nerd Font Complete Mono.ttf) normal normal 700 normal>) = 10.335
DEBUG:matplotlib.font_manager:findfont: score(<Font 'NotoSansDisplay Nerd Font' (Noto Sans Display Condensed ExtraBold Italic Nerd Font Complete.ttf) italic normal bold condensed>) = 11.535
DEBUG:matplotlib.font_manager:findfont: score(<Font 'Noto Sans Malayalam UI' (NotoSansMalayalamUI-Medium.ttf) normal normal medium normal>) = 10.145
DEBUG:matplotlib.font_manager:findfont: score(<Font 'NotoSerif Nerd Font' (Noto Serif Thin Italic Nerd Font Complete.ttf) italic normal 400 normal>) = 11.05
DEBUG:matplotlib.font_manager:findfont: score(<Font 'Noto Sans Thaana' (NotoSansThaana-Thin.ttf) normal normal 400 normal>) = 10.05
DEBUG:matplotlib.font_manager:findfont: score(<Font 'BlexMono Nerd Font' (Blex Mono SemiBold Italic Nerd Font Complete.ttf) italic normal semibold normal>) = 11.24
DEBUG:matplotlib.font_manager:findfont: score(<Font 'NotoSans Nerd Font Mono' (Noto Sans SemiCondensed SemiBold Italic Nerd Font Complete Mono.ttf) italic normal semibold condensed>) = 11.44
DEBUG:matplotlib.font_manager:findfont: score(<Font 'Noto Serif Telugu' (NotoSerifTelugu-Light.ttf) normal normal light normal>) = 10.24
DEBUG:matplotlib.font_manager:findfont: score(<Font 'Noto Sans Sinhala UI' (NotoSansSinhalaUI-Regular.ttf) normal normal regular normal>) = 10.05
DEBUG:matplotlib.font_manager:findfont: score(<Font 'NotoSansDisplay Nerd Font Mono' (Noto Sans Display SemiCondensed Black Italic Nerd Font Complete Mono.ttf) italic normal black condensed>) = 11.725
DEBUG:matplotlib.font_manager:findfont: score(<Font 'NotoSansMono Nerd Font Mono' (Noto Sans Mono ExtraBold Nerd Font Complete Mono.ttf) normal normal bold normal>) = 10.335
DEBUG:matplotlib.font_manager:findfont: score(<Font 'NotoSerifDisplay Nerd Font Mono' (Noto Serif Display Bold Italic Nerd Font Complete Mono.ttf) italic normal 700 normal>) = 11.335
DEBUG:matplotlib.font_manager:findfont: score(<Font 'Noto Sans Khmer' (NotoSansKhmer-Regular.ttf) normal normal regular normal>) = 10.05
DEBUG:matplotlib.font_manager:findfont: score(<Font 'mplus Nerd Font Mono' (M+ 2p thin Nerd Font Complete Mono.ttf) normal normal 400 normal>) = 10.05
DEBUG:matplotlib.font_manager:findfont: score(<Font 'NotoSerif Nerd Font' (Noto Serif Light Italic Nerd Font Complete.ttf) italic normal light normal>) = 11.24
DEBUG:matplotlib.font_manager:findfont: score(<Font 'NotoSansDisplay Nerd Font Mono' (Noto Sans Display Condensed ExtraLight Nerd Font Complete Mono.ttf) normal normal light condensed>) = 10.44
DEBUG:matplotlib.font_manager:findfont: score(<Font 'NotoSerifDisplay Nerd Font Mono' (Noto Serif Display SemiCondensed Medium Italic Nerd Font Complete Mono.ttf) italic normal medium condensed>) = 11.344999999999999
DEBUG:matplotlib.font_manager:findfont: score(<Font 'NotoSansDisplay Nerd Font' (Noto Sans Display ExtraCondensed Italic Nerd Font Complete.ttf) italic normal 400 condensed>) = 11.25
DEBUG:matplotlib.font_manager:findfont: score(<Font 'NotoSerifDisplay Nerd Font' (Noto Serif Display SemiCondensed Medium Nerd Font Complete.ttf) normal normal medium condensed>) = 10.344999999999999
DEBUG:matplotlib.font_manager:findfont: score(<Font 'Noto Sans Thai UI' (NotoSansThaiUI-Light.ttf) normal normal light normal>) = 10.24
DEBUG:matplotlib.font_manager:findfont: score(<Font 'UbuntuMono Nerd Font Mono' (Ubuntu Mono Bold Italic Nerd Font Complete Mono.ttf) italic normal 700 normal>) = 11.335
DEBUG:matplotlib.font_manager:findfont: score(<Font 'Iosevka' (Iosevka Extralight Italic Nerd Font Complete.ttf) italic normal light normal>) = 11.24
DEBUG:matplotlib.font_manager:findfont: score(<Font 'OpenDyslexicAlta Nerd Font' (OpenDyslexicAlta Bold Italic Nerd Font Complete.otf) italic normal 700 normal>) = 11.335
DEBUG:matplotlib.font_manager:findfont: score(<Font 'Noto Sans Meetei Mayek' (NotoSansMeeteiMayek-Regular.ttf) normal normal regular normal>) = 10.05
DEBUG:matplotlib.font_manager:findfont: score(<Font 'NotoSerifDisplay Nerd Font' (Noto Serif Display Bold Nerd Font Complete.ttf) normal normal 700 normal>) = 10.335
DEBUG:matplotlib.font_manager:findfont: score(<Font 'mplus Nerd Font Mono' (M+ 2p medium Nerd Font Complete Mono.ttf) normal normal medium normal>) = 10.145
DEBUG:matplotlib.font_manager:findfont: score(<Font 'Iosevka' (Iosevka Oblique Nerd Font Complete.ttf) oblique normal 400 normal>) = 11.05
DEBUG:matplotlib.font_manager:findfont: score(<Font 'FuraMono Nerd Font' (Fura Mono Medium Nerd Font Complete.otf) normal normal medium normal>) = 10.145
DEBUG:matplotlib.font_manager:findfont: score(<Font 'Tinos Nerd Font' (Tinos Bold Nerd Font Complete.ttf) normal normal 700 normal>) = 10.335
DEBUG:matplotlib.font_manager:findfont: score(<Font 'Noto Sans Tamil' (NotoSansTamil-Bold.ttf) normal normal 700 normal>) = 10.335
DEBUG:matplotlib.font_manager:findfont: score(<Font 'BlexMono Nerd Font Mono' (Blex Mono Light Nerd Font Complete Mono.ttf) normal normal light normal>) = 10.24
DEBUG:matplotlib.font_manager:findfont: score(<Font 'NotoSerif Nerd Font Mono' (Noto Serif Condensed SemiBold Italic Nerd Font Complete Mono.ttf) italic normal semibold condensed>) = 11.44
DEBUG:matplotlib.font_manager:findfont: score(<Font 'NotoSerif Nerd Font Mono' (Noto Serif Condensed Thin Italic Nerd Font Complete Mono.ttf) italic normal 400 condensed>) = 11.25
DEBUG:matplotlib.font_manager:findfont: score(<Font 'Estrangelo Nisibin' (SyrCOMNisibin.otf) normal normal 400 normal>) = 10.05
DEBUG:matplotlib.font_manager:findfont: score(<Font 'NotoSansDisplay Nerd Font Mono' (Noto Sans Display SemiCondensed Bold Nerd Font Complete Mono.ttf) normal normal 700 condensed>) = 10.535
DEBUG:matplotlib.font_manager:findfont: score(<Font 'Iosevka' (Iosevka Medium Oblique Nerd Font Complete Mono.ttf) oblique normal medium normal>) = 11.145
DEBUG:matplotlib.font_manager:findfont: score(<Font 'SauceCodePro Nerd Font' (Sauce Code Pro ExtraLight Italic Nerd Font Complete.ttf) italic normal light normal>) = 11.24
DEBUG:matplotlib.font_manager:findfont: score(<Font 'MesloLGS Nerd Font' (Meslo LG S Regular Nerd Font Complete.otf) normal normal regular normal>) = 10.05
DEBUG:matplotlib.font_manager:findfont: score(<Font 'Noto Sans Duployan' (NotoSansDuployan-Regular.ttf) normal normal regular normal>) = 10.05
DEBUG:matplotlib.font_manager:findfont: score(<Font 'UbuntuMono Nerd Font Mono' (Ubuntu Mono Italic Nerd Font Complete Mono.ttf) italic normal 400 normal>) = 11.05
DEBUG:matplotlib.font_manager:findfont: score(<Font 'NotoSansDisplay Nerd Font Mono' (Noto Sans Display ExtraCondensed ExtraBold Nerd Font Complete Mono.ttf) normal normal bold condensed>) = 10.535
DEBUG:matplotlib.font_manager:findfont: score(<Font 'NotoSans Nerd Font Mono' (Noto Sans SemiCondensed Black Italic Nerd Font Complete Mono.ttf) italic normal black condensed>) = 11.725
DEBUG:matplotlib.font_manager:findfont: score(<Font 'NotoSansMono Nerd Font Mono' (Noto Sans Mono SemiCondensed Thin Nerd Font Complete Mono.ttf) normal normal 400 condensed>) = 10.25
DEBUG:matplotlib.font_manager:findfont: score(<Font 'OpenDyslexicAlta Nerd Font Mono' (OpenDyslexicAlta Italic Nerd Font Complete Mono.otf) italic normal 400 normal>) = 11.05
DEBUG:matplotlib.font_manager:findfont: score(<Font 'NotoSerif Nerd Font Mono' (Noto Serif ExtraCondensed Bold Italic Nerd Font Complete Mono.ttf) italic normal 700 condensed>) = 11.535
DEBUG:matplotlib.font_manager:findfont: score(<Font 'Noto Sans Malayalam UI' (NotoSansMalayalamUI-Regular.ttf) normal normal regular normal>) = 10.05
DEBUG:matplotlib.font_manager:findfont: score(<Font 'Monofurbold Nerd Font Mono' (monofur bold Nerd Font Complete Mono.ttf) normal normal 700 normal>) = 10.335
DEBUG:matplotlib.font_manager:findfont: score(<Font 'Libertinus Serif' (LibertinusSerif-Semibold.otf) normal normal 700 normal>) = 10.335
DEBUG:matplotlib.font_manager:findfont: score(<Font 'Iosevka' (Iosevka Bold Nerd Font Complete.ttf) normal normal 700 normal>) = 10.335
DEBUG:matplotlib.font_manager:findfont: score(<Font 'SauceCodePro Nerd Font' (Sauce Code Pro Bold Nerd Font Complete.ttf) normal normal 700 normal>) = 10.335
DEBUG:matplotlib.font_manager:findfont: score(<Font 'Iosevka Term' (Iosevka Term Medium Nerd Font Complete Mono.ttf) normal normal medium normal>) = 10.145
DEBUG:matplotlib.font_manager:findfont: score(<Font 'UbuntuCondensed Nerd Font' (Ubuntu Condensed Nerd Font Complete.ttf) normal normal 400 condensed>) = 10.25
DEBUG:matplotlib.font_manager:findfont: score(<Font 'NotoSansMono Nerd Font Mono' (Noto Sans Mono Condensed Nerd Font Complete Mono.ttf) normal normal 400 condensed>) = 10.25
DEBUG:matplotlib.font_manager:findfont: score(<Font 'Noto Sans' (NotoSans-ThinItalic.ttf) italic normal 400 normal>) = 11.05
DEBUG:matplotlib.font_manager:findfont: score(<Font 'SauceCodePro Nerd Font' (Sauce Code Pro Semibold Italic Nerd Font Complete.ttf) italic normal semibold normal>) = 11.24
DEBUG:matplotlib.font_manager:findfont: score(<Font 'NotoSans Nerd Font' (Noto Sans ExtraCondensed Medium Italic Nerd Font Complete.ttf) italic normal medium condensed>) = 11.344999999999999
DEBUG:matplotlib.font_manager:findfont: score(<Font 'mplus Nerd Font Mono' (M+ 2m thin Nerd Font Complete Mono.ttf) normal normal 400 normal>) = 10.05
DEBUG:matplotlib.font_manager:findfont: score(<Font 'Noto Sans Ugaritic' (NotoSansUgaritic-Regular.ttf) normal normal regular normal>) = 10.05
DEBUG:matplotlib.font_manager:findfont: score(<Font 'Hasklug Nerd Font' (Hasklug ExtraLight Italic Nerd Font Complete.otf) italic normal light normal>) = 11.24
DEBUG:matplotlib.font_manager:findfont: score(<Font 'SauceCodePro Nerd Font' (Sauce Code Pro Semibold Nerd Font Complete.ttf) normal normal semibold normal>) = 10.24
DEBUG:matplotlib.font_manager:findfont: score(<Font 'LiterationMono Nerd Font Mono' (Literation Mono Nerd Font Complete Mono.ttf) normal normal 400 normal>) = 10.05
DEBUG:matplotlib.font_manager:findfont: score(<Font 'Noto Serif Georgian' (NotoSerifGeorgian-Medium.ttf) normal normal medium normal>) = 10.145
DEBUG:matplotlib.font_manager:findfont: score(<Font 'mplus Nerd Font Mono' (M+ 1p black Nerd Font Complete Mono.ttf) normal normal 700 normal>) = 10.335
DEBUG:matplotlib.font_manager:findfont: score(<Font 'NotoSerifDisplay Nerd Font Mono' (Noto Serif Display SemiCondensed SemiBold Italic Nerd Font Complete Mono.ttf) italic normal semibold condensed>) = 11.44
DEBUG:matplotlib.font_manager:findfont: score(<Font 'NotoSansDisplay Nerd Font' (Noto Sans Display SemiBold Italic Nerd Font Complete.ttf) italic normal semibold normal>) = 11.24
DEBUG:matplotlib.font_manager:findfont: score(<Font 'NotoSans Nerd Font Mono' (Noto Sans Condensed Light Nerd Font Complete Mono.ttf) normal normal light condensed>) = 10.44
DEBUG:matplotlib.font_manager:findfont: score(<Font 'Noto Sans Hebrew' (NotoSansHebrew-Bold.ttf) normal normal 700 normal>) = 10.335
DEBUG:matplotlib.font_manager:findfont: score(<Font 'NotoSerifDisplay Nerd Font' (Noto Serif Display Light Nerd Font Complete.ttf) normal normal light normal>) = 10.24
DEBUG:matplotlib.font_manager:findfont: score(<Font 'CodeNewRoman Nerd Font' (Code New Roman Bold Nerd Font Complete.otf) normal normal 700 normal>) = 10.335
DEBUG:matplotlib.font_manager:findfont: score(<Font 'mplus Nerd Font Mono' (M+ 1m medium Nerd Font Complete Mono.ttf) normal normal medium normal>) = 10.145
DEBUG:matplotlib.font_manager:findfont: score(<Font 'NotoSerif Nerd Font Mono' (Noto Serif Condensed Nerd Font Complete Mono.ttf) normal normal 400 condensed>) = 10.25
DEBUG:matplotlib.font_manager:findfont: score(<Font 'Tinos Nerd Font' (Tinos Italic Nerd Font Complete.ttf) italic normal 400 normal>) = 11.05
DEBUG:matplotlib.font_manager:findfont: score(<Font 'Monofurbold Nerd Font' (monofur bold Nerd Font Complete.ttf) normal normal 700 normal>) = 10.335
DEBUG:matplotlib.font_manager:findfont: score(<Font 'Hasklug Nerd Font' (Hasklug Italic Nerd Font Complete.otf) italic normal 400 normal>) = 11.05
DEBUG:matplotlib.font_manager:findfont: score(<Font 'NotoSerifDisplay Nerd Font' (Noto Serif Display Condensed Medium Italic Nerd Font Complete.ttf) italic normal medium condensed>) = 11.344999999999999
DEBUG:matplotlib.font_manager:findfont: score(<Font 'Serto Kharput' (SyrCOMKharput.otf) normal normal 400 normal>) = 10.05
DEBUG:matplotlib.font_manager:findfont: score(<Font 'Iosevka Term' (Iosevka Term Light Nerd Font Complete Mono.ttf) normal normal light normal>) = 10.24
DEBUG:matplotlib.font_manager:findfont: score(<Font 'NotoSans Nerd Font Mono' (Noto Sans Thin Nerd Font Complete Mono.ttf) normal normal 400 normal>) = 10.05
DEBUG:matplotlib.font_manager:findfont: score(<Font 'Noto Serif Kannada' (NotoSerifKannada-Bold.ttf) normal normal 700 normal>) = 10.335
DEBUG:matplotlib.font_manager:findfont: score(<Font 'NotoSerifDisplay Nerd Font Mono' (Noto Serif Display Condensed SemiBold Italic Nerd Font Complete Mono.ttf) italic normal semibold condensed>) = 11.44
DEBUG:matplotlib.font_manager:findfont: score(<Font 'Overpass Nerd Font Mono' (Overpass Bold Nerd Font Complete Mono.otf) normal normal 700 normal>) = 10.335
DEBUG:matplotlib.font_manager:findfont: score(<Font 'Iosevka Term' (Iosevka Term Nerd Font Complete.ttf) normal normal 400 normal>) = 10.05
DEBUG:matplotlib.font_manager:findfont: score(<Font 'Hasklug Nerd Font Mono' (Hasklug Medium Nerd Font Complete Mono.otf) normal normal medium normal>) = 10.145
DEBUG:matplotlib.font_manager:findfont: score(<Font 'BlexMono Nerd Font' (Blex Mono Light Nerd Font Complete.ttf) normal normal light normal>) = 10.24
DEBUG:matplotlib.font_manager:findfont: score(<Font 'GoMono Nerd Font Mono' (Go Mono Nerd Font Complete Mono.ttf) normal normal 400 normal>) = 10.05
DEBUG:matplotlib.font_manager:findfont: score(<Font 'mplus Nerd Font' (M+ 1m Nerd Font Complete.ttf) normal normal 400 normal>) = 10.05
DEBUG:matplotlib.font_manager:findfont: score(<Font 'NotoSans Nerd Font' (Noto Sans Condensed Medium Nerd Font Complete.ttf) normal normal medium condensed>) = 10.344999999999999
DEBUG:matplotlib.font_manager:findfont: score(<Font 'BitstreamVeraSansMono Nerd Font Mono' (Bitstream Vera Sans Mono Bold Oblique Nerd Font Complete Mono.ttf) oblique normal 700 normal>) = 11.335
DEBUG:matplotlib.font_manager:findfont: score(<Font 'Ubuntu Nerd Font Mono' (Ubuntu Medium Nerd Font Complete Mono.ttf) normal normal 700 normal>) = 10.335
DEBUG:matplotlib.font_manager:findfont: score(<Font 'NotoSansDisplay Nerd Font' (Noto Sans Display Medium Nerd Font Complete.ttf) normal normal medium normal>) = 10.145
DEBUG:matplotlib.font_manager:findfont: score(<Font 'NotoSerif Nerd Font Mono' (Noto Serif SemiCondensed Italic Nerd Font Complete Mono.ttf) italic normal 400 condensed>) = 11.25
DEBUG:matplotlib.font_manager:findfont: score(<Font 'NotoSans Nerd Font Mono' (Noto Sans Italic Nerd Font Complete Mono.ttf) italic normal 400 normal>) = 11.05
DEBUG:matplotlib.font_manager:findfont: score(<Font 'OverpassMono Nerd Font Mono' (Overpass Mono Bold Nerd Font Complete Mono.otf) normal normal 700 normal>) = 10.335
DEBUG:matplotlib.font_manager:findfont: score(<Font 'Noto Sans Thai' (NotoSansThai-Regular.ttf) normal normal regular normal>) = 10.05
DEBUG:matplotlib.font_manager:findfont: score(<Font 'Iosevka Term' (Iosevka Term Extralight Oblique Nerd Font Complete Mono.ttf) oblique normal light normal>) = 11.24
DEBUG:matplotlib.font_manager:findfont: score(<Font 'NotoSansDisplay Nerd Font Mono' (Noto Sans Display ExtraCondensed Thin Italic Nerd Font Complete Mono.ttf) italic normal 400 condensed>) = 11.25
DEBUG:matplotlib.font_manager:findfont: score(<Font 'SauceCodePro Nerd Font Mono' (Sauce Code Pro Bold Italic Nerd Font Complete Mono.ttf) italic normal 700 normal>) = 11.335
DEBUG:matplotlib.font_manager:findfont: score(<Font 'Noto Sans Thai UI' (NotoSansThaiUI-Black.ttf) normal normal black normal>) = 10.525
DEBUG:matplotlib.font_manager:findfont: score(<Font 'Noto Sans Mende Kikakui' (NotoSansMendeKikakui-Regular.ttf) normal normal regular normal>) = 10.05
DEBUG:matplotlib.font_manager:findfont: score(<Font 'Source Code Pro' (SourceCodePro-SemiboldIt.otf) italic normal semibold normal>) = 11.24
DEBUG:matplotlib.font_manager:findfont: score(<Font 'Noto Serif Telugu' (NotoSerifTelugu-Bold.ttf) normal normal 700 normal>) = 10.335
DEBUG:matplotlib.font_manager:findfont: score(<Font 'Noto Serif Ethiopic' (NotoSerifEthiopic-Regular.ttf) normal normal regular normal>) = 10.05
DEBUG:matplotlib.font_manager:findfont: score(<Font 'NotoSerif Nerd Font Mono' (Noto Serif Condensed Italic Nerd Font Complete Mono.ttf) italic normal 400 condensed>) = 11.25
DEBUG:matplotlib.font_manager:findfont: score(<Font 'Noto Serif Khmer' (NotoSerifKhmer-Black.ttf) normal normal black normal>) = 10.525
DEBUG:matplotlib.font_manager:findfont: score(<Font 'NotoSansDisplay Nerd Font' (Noto Sans Display Condensed Medium Italic Nerd Font Complete.ttf) italic normal medium condensed>) = 11.344999999999999
DEBUG:matplotlib.font_manager:findfont: score(<Font 'NotoSansDisplay Nerd Font Mono' (Noto Sans Display ExtraLight Nerd Font Complete Mono.ttf) normal normal light normal>) = 10.24
DEBUG:matplotlib.font_manager:findfont: score(<Font 'Overpass Nerd Font' (Overpass SemiBold Italic Nerd Font Complete.otf) italic normal semibold normal>) = 11.24
DEBUG:matplotlib.font_manager:findfont: score(<Font 'Ubuntu Nerd Font' (Ubuntu Medium Nerd Font Complete.ttf) normal normal 700 normal>) = 10.335
DEBUG:matplotlib.font_manager:findfont: score(<Font 'Noto Serif Hebrew' (NotoSerifHebrew-Regular.ttf) normal normal regular normal>) = 10.05
DEBUG:matplotlib.font_manager:findfont: score(<Font 'NotoSerifDisplay Nerd Font' (Noto Serif Display ExtraCondensed ExtraBold Italic Nerd Font Complete.ttf) italic normal bold condensed>) = 11.535
DEBUG:matplotlib.font_manager:findfont: score(<Font 'NotoSerifDisplay Nerd Font' (Noto Serif Display SemiCondensed Light Nerd Font Complete.ttf) normal normal light condensed>) = 10.44
DEBUG:matplotlib.font_manager:findfont: score(<Font 'Monoid Nerd Font Mono' (Monoid Bold Nerd Font Complete Mono.ttf) normal normal 700 normal>) = 10.335
DEBUG:matplotlib.font_manager:findfont: score(<Font 'Libertinus Sans' (LibertinusSans-Regular.otf) normal normal regular normal>) = 10.05
DEBUG:matplotlib.font_manager:findfont: score(<Font 'Noto Sans Arabic' (NotoSansArabic-Light.ttf) normal normal light normal>) = 10.24
DEBUG:matplotlib.font_manager:findfont: score(<Font 'NotoSans Nerd Font' (Noto Sans Condensed SemiBold Italic Nerd Font Complete.ttf) italic normal semibold condensed>) = 11.44
DEBUG:matplotlib.font_manager:findfont: score(<Font 'BlexMono Nerd Font Mono' (Blex Mono Light Italic Nerd Font Complete Mono.ttf) italic normal light normal>) = 11.24
DEBUG:matplotlib.font_manager:findfont: score(<Font 'P052' (P052-Bold.otf) normal normal 700 normal>) = 10.335
DEBUG:matplotlib.font_manager:findfont: score(<Font 'Ubuntu Nerd Font Mono' (Ubuntu Bold Italic Nerd Font Complete Mono.ttf) italic normal 700 normal>) = 11.335
DEBUG:matplotlib.font_manager:findfont: score(<Font 'Noto Sans Devanagari' (NotoSansDevanagari-Medium.ttf) normal normal medium normal>) = 10.145
DEBUG:matplotlib.font_manager:findfont: score(<Font 'Hasklug Nerd Font Mono' (Hasklug Semibold Nerd Font Complete Mono.otf) normal normal semibold normal>) = 10.24
DEBUG:matplotlib.font_manager:findfont: score(<Font 'Iosevka Term' (Iosevka Term Medium Oblique Nerd Font Complete Mono.ttf) oblique normal medium normal>) = 11.145
DEBUG:matplotlib.font_manager:findfont: score(<Font 'Noto Serif Tamil Slanted' (NotoSerifTamilSlanted-Bold.ttf) normal normal 700 normal>) = 10.335
DEBUG:matplotlib.font_manager:findfont: score(<Font 'NotoSerifDisplay Nerd Font' (Noto Serif Display SemiCondensed Thin Italic Nerd Font Complete.ttf) italic normal 400 condensed>) = 11.25
DEBUG:matplotlib.font_manager:findfont: score(<Font 'Nimbus Sans Narrow' (NimbusSansNarrow-Bold.otf) normal normal 700 condensed>) = 10.535
DEBUG:matplotlib.font_manager:findfont: score(<Font 'NotoSansMono Nerd Font' (Noto Sans Mono SemiCondensed Bold Nerd Font Complete.ttf) normal normal 700 condensed>) = 10.535
DEBUG:matplotlib.font_manager:findfont: score(<Font 'Hack Nerd Font' (Hack Bold Nerd Font Complete.ttf) normal normal 700 normal>) = 10.335
DEBUG:matplotlib.font_manager:findfont: score(<Font 'NotoSansDisplay Nerd Font Mono' (Noto Sans Display Condensed ExtraBold Nerd Font Complete Mono.ttf) normal normal bold condensed>) = 10.535
DEBUG:matplotlib.font_manager:findfont: score(<Font 'mplus Nerd Font Mono' (M+ 2c black Nerd Font Complete Mono.ttf) normal normal 700 normal>) = 10.335
DEBUG:matplotlib.font_manager:findfont: score(<Font 'Noto Serif Sinhala' (NotoSerifSinhala-Regular.ttf) normal normal regular normal>) = 10.05
DEBUG:matplotlib.font_manager:findfont: score(<Font 'NotoSans Nerd Font' (Noto Sans Condensed Bold Nerd Font Complete.ttf) normal normal 700 condensed>) = 10.535
DEBUG:matplotlib.font_manager:findfont: score(<Font 'NotoSansDisplay Nerd Font' (Noto Sans Display Medium Italic Nerd Font Complete.ttf) italic normal medium normal>) = 11.145
DEBUG:matplotlib.font_manager:findfont: score(<Font 'Overpass Nerd Font Mono' (Overpass ExtraLight Italic Nerd Font Complete Mono.otf) italic normal light normal>) = 11.24
DEBUG:matplotlib.font_manager:findfont: score(<Font 'NotoSans Nerd Font Mono' (Noto Sans Condensed Medium Italic Nerd Font Complete Mono.ttf) italic normal medium condensed>) = 11.344999999999999
DEBUG:matplotlib.font_manager:findfont: score(<Font 'NotoSans Nerd Font Mono' (Noto Sans ExtraCondensed Black Italic Nerd Font Complete Mono.ttf) italic normal black condensed>) = 11.725
DEBUG:matplotlib.font_manager:findfont: score(<Font 'ProFontIIx Nerd Font' (ProFont IIx Nerd Font Complete.ttf) normal normal 400 normal>) = 10.05
DEBUG:matplotlib.font_manager:findfont: score(<Font 'NotoSansDisplay Nerd Font Mono' (Noto Sans Display ExtraCondensed Light Nerd Font Complete Mono.ttf) normal normal light condensed>) = 10.44
DEBUG:matplotlib.font_manager:findfont: score(<Font 'Noto Serif Thai' (NotoSerifThai-Light.ttf) normal normal light normal>) = 10.24
DEBUG:matplotlib.font_manager:findfont: score(<Font 'Hasklug Nerd Font Mono' (Hasklug Black Italic Nerd Font Complete Mono.otf) italic normal black normal>) = 11.525
DEBUG:matplotlib.font_manager:findfont: score(<Font 'NotoSerif Nerd Font' (Noto Serif SemiCondensed Light Italic Nerd Font Complete.ttf) italic normal light condensed>) = 11.44
DEBUG:matplotlib.font_manager:findfont: score(<Font 'NotoSerifDisplay Nerd Font' (Noto Serif Display Condensed Medium Nerd Font Complete.ttf) normal normal medium condensed>) = 10.344999999999999
DEBUG:matplotlib.font_manager:findfont: score(<Font 'Cousine Nerd Font Mono' (Cousine Bold Italic Nerd Font Complete Mono.ttf) italic normal 700 normal>) = 11.335
DEBUG:matplotlib.font_manager:findfont: score(<Font 'Overpass Nerd Font' (Overpass Regular Nerd Font Complete.otf) normal normal regular normal>) = 10.05
DEBUG:matplotlib.font_manager:findfont: score(<Font 'NotoSerif Nerd Font' (Noto Serif ExtraCondensed SemiBold Italic Nerd Font Complete.ttf) italic normal semibold condensed>) = 11.44
DEBUG:matplotlib.font_manager:findfont: score(<Font 'Noto Sans Sinhala' (NotoSansSinhala-Black.ttf) normal normal black normal>) = 10.525
DEBUG:matplotlib.font_manager:findfont: score(<Font 'Noto Sans Lao' (NotoSansLao-Black.ttf) normal normal black normal>) = 10.525
DEBUG:matplotlib.font_manager:findfont: score(<Font 'Tinos Nerd Font' (Tinos Italic Nerd Font Complete.ttf) italic normal 400 normal>) = 11.05
DEBUG:matplotlib.font_manager:findfont: score(<Font 'mplus Nerd Font' (M+ 2p Nerd Font Complete.ttf) normal normal 400 normal>) = 10.05
DEBUG:matplotlib.font_manager:findfont: score(<Font 'NotoSerif Nerd Font Mono' (Noto Serif Light Italic Nerd Font Complete Mono.ttf) italic normal light normal>) = 11.24
DEBUG:matplotlib.font_manager:findfont: score(<Font 'P052' (P052-Italic.otf) italic normal 400 normal>) = 11.05
DEBUG:matplotlib.font_manager:findfont: score(<Font 'UbuntuMono Nerd Font' (Ubuntu Mono Italic Nerd Font Complete.ttf) italic normal 400 normal>) = 11.05
DEBUG:matplotlib.font_manager:findfont: score(<Font 'NotoSans Nerd Font' (Noto Sans ExtraCondensed Light Nerd Font Complete.ttf) normal normal light condensed>) = 10.44
DEBUG:matplotlib.font_manager:findfont: score(<Font 'NotoSansDisplay Nerd Font' (Noto Sans Display Condensed Medium Nerd Font Complete.ttf) normal normal medium condensed>) = 10.344999999999999
DEBUG:matplotlib.font_manager:findfont: score(<Font 'NotoSansDisplay Nerd Font' (Noto Sans Display Condensed ExtraBold Nerd Font Complete.ttf) normal normal bold condensed>) = 10.535
DEBUG:matplotlib.font_manager:findfont: score(<Font 'Noto Sans Sinhala UI' (NotoSansSinhalaUI-Bold.ttf) normal normal 700 normal>) = 10.335
DEBUG:matplotlib.font_manager:findfont: score(<Font 'NotoSansDisplay Nerd Font' (Noto Sans Display ExtraCondensed ExtraLight Italic Nerd Font Complete.ttf) italic normal light condensed>) = 11.44
DEBUG:matplotlib.font_manager:findfont: score(<Font 'Iosevka Term' (Iosevka Term Thin Italic Nerd Font Complete Mono.ttf) italic normal 400 normal>) = 11.05
DEBUG:matplotlib.font_manager:findfont: score(<Font 'Noto Sans Tagbanwa' (NotoSansTagbanwa-Regular.ttf) normal normal regular normal>) = 10.05
DEBUG:matplotlib.font_manager:findfont: score(<Font 'Noto Sans Tai Viet' (NotoSansTaiViet-Regular.ttf) normal normal regular normal>) = 10.05
DEBUG:matplotlib.font_manager:findfont: score(<Font 'Hack Nerd Font Mono' (Hack Regular Nerd Font Complete Mono.ttf) normal normal regular normal>) = 10.05
DEBUG:matplotlib.font_manager:findfont: score(<Font 'NotoSansDisplay Nerd Font Mono' (Noto Sans Display Condensed Light Italic Nerd Font Complete Mono.ttf) italic normal light condensed>) = 11.44
DEBUG:matplotlib.font_manager:findfont: score(<Font 'OpenDyslexic Nerd Font' (OpenDyslexic Bold Italic Nerd Font Complete.otf) italic normal 700 normal>) = 11.335
DEBUG:matplotlib.font_manager:findfont: score(<Font 'NotoSans Nerd Font Mono' (Noto Sans SemiCondensed Nerd Font Complete Mono.ttf) normal normal 400 condensed>) = 10.25
DEBUG:matplotlib.font_manager:findfont: score(<Font 'Iosevka' (Iosevka Bold Oblique Nerd Font Complete.ttf) oblique normal 700 normal>) = 11.335
DEBUG:matplotlib.font_manager:findfont: score(<Font 'Iosevka' (Iosevka Extralight Nerd Font Complete Mono.ttf) normal normal light normal>) = 10.24
DEBUG:matplotlib.font_manager:findfont: score(<Font 'NotoSansDisplay Nerd Font Mono' (Noto Sans Display ExtraCondensed Medium Nerd Font Complete Mono.ttf) normal normal medium condensed>) = 10.344999999999999
DEBUG:matplotlib.font_manager:findfont: score(<Font 'Overpass Nerd Font Mono' (Overpass Light Nerd Font Complete Mono.otf) normal normal light normal>) = 10.24
DEBUG:matplotlib.font_manager:findfont: score(<Font 'Libertinus Serif Initials' (LibertinusSerifInitials-Regular.otf) normal normal regular normal>) = 10.05
DEBUG:matplotlib.font_manager:findfont: score(<Font 'Iosevka Term' (Iosevka Term Italic Nerd Font Complete Mono.ttf) italic normal 400 normal>) = 11.05
DEBUG:matplotlib.font_manager:findfont: score(<Font 'Noto Serif Ahom' (NotoSerifAhom-Regular.ttf) normal normal regular normal>) = 10.05
DEBUG:matplotlib.font_manager:findfont: score(<Font 'DejaVu Sans Mono' (DejaVuSansMono-Oblique.ttf) oblique normal 400 normal>) = 11.05
DEBUG:matplotlib.font_manager:findfont: score(<Font 'TerminessTTF Nerd Font' (Terminess (TTF) Bold Italic Nerd Font Complete.ttf) italic normal 700 normal>) = 11.335
DEBUG:matplotlib.font_manager:findfont: score(<Font 'Noto Serif Ethiopic' (NotoSerifEthiopic-Black.ttf) normal normal black normal>) = 10.525
DEBUG:matplotlib.font_manager:findfont: score(<Font 'NotoSans Nerd Font' (Noto Sans SemiCondensed Thin Nerd Font Complete.ttf) normal normal 400 condensed>) = 10.25
DEBUG:matplotlib.font_manager:findfont: score(<Font 'Noto Sans Kannada' (NotoSansKannada-Black.ttf) normal normal black normal>) = 10.525
DEBUG:matplotlib.font_manager:findfont: score(<Font 'Noto Sans Thai UI' (NotoSansThaiUI-Regular.ttf) normal normal regular normal>) = 10.05
DEBUG:matplotlib.font_manager:findfont: score(<Font 'BlexMono Nerd Font' (Blex Mono Medium Nerd Font Complete.ttf) normal normal medium normal>) = 10.145
DEBUG:matplotlib.font_manager:findfont: score(<Font 'NotoSans Nerd Font Mono' (Noto Sans SemiCondensed Light Nerd Font Complete Mono.ttf) normal normal light condensed>) = 10.44
DEBUG:matplotlib.font_manager:findfont: score(<Font 'Noto Sans Khmer' (NotoSansKhmer-Light.ttf) normal normal light normal>) = 10.24
DEBUG:matplotlib.font_manager:findfont: score(<Font 'NotoSansMono Nerd Font' (Noto Sans Mono ExtraCondensed Black Nerd Font Complete.ttf) normal normal black condensed>) = 10.725
DEBUG:matplotlib.font_manager:findfont: score(<Font 'NotoSansDisplay Nerd Font' (Noto Sans Display Light Nerd Font Complete.ttf) normal normal light normal>) = 10.24
DEBUG:matplotlib.font_manager:findfont: score(<Font 'Ubuntu Nerd Font' (Ubuntu Bold Nerd Font Complete.ttf) normal normal 700 normal>) = 10.335
DEBUG:matplotlib.font_manager:findfont: score(<Font 'Noto Sans Oriya' (NotoSansOriya-Regular.ttf) normal normal 400 normal>) = 10.05
DEBUG:matplotlib.font_manager:findfont: score(<Font 'NotoSerifDisplay Nerd Font Mono' (Noto Serif Display SemiBold Nerd Font Complete Mono.ttf) normal normal semibold normal>) = 10.24
DEBUG:matplotlib.font_manager:findfont: score(<Font 'NotoSerif Nerd Font' (Noto Serif ExtraCondensed SemiBold Italic Nerd Font Complete.ttf) italic normal semibold condensed>) = 11.44
DEBUG:matplotlib.font_manager:findfont: score(<Font 'mplus Nerd Font Mono' (M+ 1c light Nerd Font Complete Mono.ttf) normal normal light normal>) = 10.24
DEBUG:matplotlib.font_manager:findfont: score(<Font 'mplus Nerd Font Mono' (M+ 2p thin Nerd Font Complete Mono.ttf) normal normal 400 normal>) = 10.05
DEBUG:matplotlib.font_manager:findfont: score(<Font 'NotoSansMono Nerd Font Mono' (Noto Sans Mono ExtraLight Nerd Font Complete Mono.ttf) normal normal light normal>) = 10.24
DEBUG:matplotlib.font_manager:findfont: score(<Font 'FuraCode Nerd Font Mono' (Fura Code Regular Nerd Font Complete Mono.otf) normal normal regular normal>) = 10.05
DEBUG:matplotlib.font_manager:findfont: score(<Font 'NotoSerif Nerd Font Mono' (Noto Serif SemiCondensed Bold Nerd Font Complete Mono.ttf) normal normal 700 condensed>) = 10.535
DEBUG:matplotlib.font_manager:findfont: score(<Font 'NotoSerif Nerd Font Mono' (Noto Serif Condensed SemiBold Italic Nerd Font Complete Mono.ttf) italic normal semibold condensed>) = 11.44
DEBUG:matplotlib.font_manager:findfont: score(<Font 'UbuntuCondensed Nerd Font' (Ubuntu Condensed Nerd Font Complete.ttf) normal normal 400 condensed>) = 10.25
DEBUG:matplotlib.font_manager:findfont: score(<Font 'Nimbus Roman' (NimbusRoman-BoldItalic.otf) italic normal 700 normal>) = 11.335
DEBUG:matplotlib.font_manager:findfont: score(<Font 'mplus Nerd Font Mono' (M+ 2p light Nerd Font Complete Mono.ttf) normal normal light normal>) = 10.24
DEBUG:matplotlib.font_manager:findfont: score(<Font 'Noto Serif Malayalam' (NotoSerifMalayalam-Bold.ttf) normal normal 700 normal>) = 10.335
DEBUG:matplotlib.font_manager:findfont: score(<Font 'Iosevka Term' (Iosevka Term Bold Oblique Nerd Font Complete.ttf) oblique normal 700 normal>) = 11.335
DEBUG:matplotlib.font_manager:findfont: score(<Font 'NotoSerifDisplay Nerd Font' (Noto Serif Display Black Nerd Font Complete.ttf) normal normal black normal>) = 10.525
DEBUG:matplotlib.font_manager:findfont: score(<Font 'mplus Nerd Font' (M+ 2c heavy Nerd Font Complete.ttf) normal normal 700 normal>) = 10.335
DEBUG:matplotlib.font_manager:findfont: score(<Font 'DejaVuSansMono Nerd Font Mono' (DejaVu Sans Mono Bold Oblique Nerd Font Complete Mono.ttf) oblique normal 700 normal>) = 11.335
DEBUG:matplotlib.font_manager:findfont: score(<Font 'NotoSerif Nerd Font Mono' (Noto Serif Condensed Light Italic Nerd Font Complete Mono.ttf) italic normal light condensed>) = 11.44
DEBUG:matplotlib.font_manager:findfont: score(<Font 'Noto Sans Coptic' (NotoSansCoptic-Regular.ttf) normal normal regular normal>) = 10.05
DEBUG:matplotlib.font_manager:findfont: score(<Font 'Fira Mono' (FiraMono-Regular.ttf) normal normal 400 normal>) = 10.05
DEBUG:matplotlib.font_manager:findfont: score(<Font 'InconsolataLGC Nerd Font' (Inconsolata LGC Italic Nerd Font Complete.ttf) italic normal 400 normal>) = 11.05
DEBUG:matplotlib.font_manager:findfont: score(<Font 'Hasklug Nerd Font' (Hasklug Black Nerd Font Complete.otf) normal normal black normal>) = 10.525
DEBUG:matplotlib.font_manager:findfont: score(<Font 'NotoSerifDisplay Nerd Font' (Noto Serif Display ExtraCondensed Italic Nerd Font Complete.ttf) italic normal 400 condensed>) = 11.25
DEBUG:matplotlib.font_manager:findfont: score(<Font 'Noto Sans Symbols' (NotoSansSymbols-Medium.ttf) normal normal medium normal>) = 10.145
DEBUG:matplotlib.font_manager:findfont: score(<Font 'NotoSansDisplay Nerd Font' (Noto Sans Display Condensed SemiBold Italic Nerd Font Complete.ttf) italic normal semibold condensed>) = 11.44
DEBUG:matplotlib.font_manager:findfont: score(<Font 'Iosevka' (Iosevka Thin Nerd Font Complete Mono.ttf) normal normal 400 normal>) = 10.05
DEBUG:matplotlib.font_manager:findfont: score(<Font 'Noto Sans Myanmar UI' (NotoSansMyanmarUI-Medium.ttf) normal normal medium normal>) = 10.145
DEBUG:matplotlib.font_manager:findfont: score(<Font 'Iosevka' (Iosevka Bold Oblique Nerd Font Complete.ttf) oblique normal 700 normal>) = 11.335
DEBUG:matplotlib.font_manager:findfont: score(<Font 'NotoSansDisplay Nerd Font Mono' (Noto Sans Display Condensed Italic Nerd Font Complete Mono.ttf) italic normal 400 condensed>) = 11.25
DEBUG:matplotlib.font_manager:findfont: score(<Font 'Noto Sans Osage' (NotoSansOsage-Regular.ttf) normal normal regular normal>) = 10.05
DEBUG:matplotlib.font_manager:findfont: score(<Font 'NotoSerifDisplay Nerd Font Mono' (Noto Serif Display Condensed SemiBold Italic Nerd Font Complete Mono.ttf) italic normal semibold condensed>) = 11.44
DEBUG:matplotlib.font_manager:findfont: score(<Font 'Overpass Nerd Font' (Overpass Bold Italic Nerd Font Complete.otf) italic normal 700 normal>) = 11.335
DEBUG:matplotlib.font_manager:findfont: score(<Font 'NotoSerif Nerd Font' (Noto Serif ExtraCondensed Black Nerd Font Complete.ttf) normal normal black condensed>) = 10.725
DEBUG:matplotlib.font_manager:findfont: score(<Font 'NotoSerif Nerd Font Mono' (Noto Serif Bold Italic Nerd Font Complete Mono.ttf) italic normal 700 normal>) = 11.335
DEBUG:matplotlib.font_manager:findfont: score(<Font 'NotoSerif Nerd Font Mono' (Noto Serif Condensed Nerd Font Complete Mono.ttf) normal normal 400 condensed>) = 10.25
DEBUG:matplotlib.font_manager:findfont: score(<Font 'NotoSansDisplay Nerd Font' (Noto Sans Display Condensed Light Nerd Font Complete.ttf) normal normal light condensed>) = 10.44
DEBUG:matplotlib.font_manager:findfont: score(<Font 'Noto Sans Thai UI' (NotoSansThaiUI-Bold.ttf) normal normal 700 normal>) = 10.335
DEBUG:matplotlib.font_manager:findfont: score(<Font 'NotoSerif Nerd Font' (Noto Serif Condensed SemiBold Nerd Font Complete.ttf) normal normal semibold condensed>) = 10.44
DEBUG:matplotlib.font_manager:findfont: score(<Font 'NotoSerif Nerd Font' (Noto Serif Condensed Bold Nerd Font Complete.ttf) normal normal 700 condensed>) = 10.535
DEBUG:matplotlib.font_manager:findfont: score(<Font 'Noto Sans Malayalam' (NotoSansMalayalam-Regular.ttf) normal normal regular normal>) = 10.05
DEBUG:matplotlib.font_manager:findfont: score(<Font 'Nimbus Sans' (NimbusSans-Bold.otf) normal normal 700 normal>) = 10.335
DEBUG:matplotlib.font_manager:findfont: score(<Font 'Noto Sans Buginese' (NotoSansBuginese-Regular.ttf) normal normal regular normal>) = 10.05
DEBUG:matplotlib.font_manager:findfont: score(<Font 'NotoSerifDisplay Nerd Font' (Noto Serif Display Condensed Bold Nerd Font Complete.ttf) normal normal 700 condensed>) = 10.535
DEBUG:matplotlib.font_manager:findfont: score(<Font 'Noto Sans Symbols' (NotoSansSymbols-Bold.ttf) normal normal 700 normal>) = 10.335
DEBUG:matplotlib.font_manager:findfont: score(<Font 'NotoSerif Nerd Font' (Noto Serif ExtraCondensed Bold Nerd Font Complete.ttf) normal normal 700 condensed>) = 10.535
DEBUG:matplotlib.font_manager:findfont: score(<Font 'NotoSansMono Nerd Font' (Noto Sans Mono Condensed Bold Nerd Font Complete.ttf) normal normal 700 condensed>) = 10.535
DEBUG:matplotlib.font_manager:findfont: score(<Font 'NotoSerifDisplay Nerd Font Mono' (Noto Serif Display SemiCondensed ExtraLight Italic Nerd Font Complete Mono.ttf) italic normal light condensed>) = 11.44
DEBUG:matplotlib.font_manager:findfont: score(<Font 'Lekton Nerd Font' (Lekton Nerd Font Complete.ttf) normal normal 400 normal>) = 10.05
DEBUG:matplotlib.font_manager:findfont: score(<Font 'FuraMono Nerd Font' (Fura Mono Bold Nerd Font Complete.otf) normal normal 700 normal>) = 10.335
DEBUG:matplotlib.font_manager:findfont: score(<Font 'BlexMono Nerd Font Mono' (Blex Mono Bold Italic Nerd Font Complete Mono.ttf) italic normal 700 normal>) = 11.335
DEBUG:matplotlib.font_manager:findfont: score(<Font 'NotoSerifDisplay Nerd Font Mono' (Noto Serif Display Condensed Thin Italic Nerd Font Complete Mono.ttf) italic normal 400 condensed>) = 11.25
DEBUG:matplotlib.font_manager:findfont: score(<Font 'Noto Sans Myanmar' (NotoSansMyanmar-Regular.ttf) normal normal regular normal>) = 10.05
DEBUG:matplotlib.font_manager:findfont: score(<Font 'Hurmit Nerd Font' (Hurmit Medium Nerd Font Complete.otf) normal normal medium normal>) = 10.145
DEBUG:matplotlib.font_manager:findfont: score(<Font 'BlexMono Nerd Font' (Blex Mono ExtraLight Nerd Font Complete.ttf) normal normal light normal>) = 10.24
DEBUG:matplotlib.font_manager:findfont: score(<Font 'NotoSerif Nerd Font' (Noto Serif SemiCondensed ExtraLight Italic Nerd Font Complete.ttf) italic normal light condensed>) = 11.44
DEBUG:matplotlib.font_manager:findfont: score(<Font 'Iosevka Term' (Iosevka Term Bold Nerd Font Complete.ttf) normal normal 700 normal>) = 10.335
DEBUG:matplotlib.font_manager:findfont: score(<Font 'Noto Sans Display' (NotoSansDisplay-Italic.ttf) italic normal 400 normal>) = 11.05
DEBUG:matplotlib.font_manager:findfont: score(<Font 'NotoSansMono Nerd Font Mono' (Noto Sans Mono ExtraCondensed Bold Nerd Font Complete Mono.ttf) normal normal 700 condensed>) = 10.535
DEBUG:matplotlib.font_manager:findfont: score(<Font 'BlexMono Nerd Font' (Blex Mono Bold Nerd Font Complete.ttf) normal normal 700 normal>) = 10.335
DEBUG:matplotlib.font_manager:findfont: score(<Font 'NotoSerif Nerd Font' (Noto Serif Condensed Thin Italic Nerd Font Complete.ttf) italic normal 400 condensed>) = 11.25
DEBUG:matplotlib.font_manager:findfont: score(<Font 'NotoSerif Nerd Font Mono' (Noto Serif Medium Nerd Font Complete Mono.ttf) normal normal medium normal>) = 10.145
DEBUG:matplotlib.font_manager:findfont: score(<Font 'Iosevka' (Iosevka Bold Italic Nerd Font Complete.ttf) italic normal 700 normal>) = 11.335
DEBUG:matplotlib.font_manager:findfont: score(<Font 'mplus Nerd Font' (M+ 2c medium Nerd Font Complete.ttf) normal normal medium normal>) = 10.145
DEBUG:matplotlib.font_manager:findfont: score(<Font 'mplus Nerd Font Mono' (M+ 2c heavy Nerd Font Complete Mono.ttf) normal normal 700 normal>) = 10.335
DEBUG:matplotlib.font_manager:findfont: score(<Font 'NotoSerif Nerd Font' (Noto Serif SemiCondensed ExtraLight Nerd Font Complete.ttf) normal normal light condensed>) = 10.44
DEBUG:matplotlib.font_manager:findfont: score(<Font 'Arimo Nerd Font Mono' (Arimo Bold Nerd Font Complete Mono.ttf) normal normal 700 normal>) = 10.335
DEBUG:matplotlib.font_manager:findfont: score(<Font 'NotoSans Nerd Font Mono' (Noto Sans Condensed Medium Nerd Font Complete Mono.ttf) normal normal medium condensed>) = 10.344999999999999
DEBUG:matplotlib.font_manager:findfont: score(<Font 'NotoSerif Nerd Font' (Noto Serif Condensed ExtraBold Nerd Font Complete.ttf) normal normal bold condensed>) = 10.535
DEBUG:matplotlib.font_manager:findfont: score(<Font 'NotoSans Nerd Font Mono' (Noto Sans SemiCondensed ExtraBold Italic Nerd Font Complete Mono.ttf) italic normal bold condensed>) = 11.535
DEBUG:matplotlib.font_manager:findfont: score(<Font 'NotoSerif Nerd Font Mono' (Noto Serif ExtraCondensed ExtraLight Italic Nerd Font Complete Mono.ttf) italic normal light condensed>) = 11.44
DEBUG:matplotlib.font_manager:findfont: score(<Font 'mononoki Nerd Font Mono' (mononoki Bold Italic Nerd Font Complete Mono.ttf) italic normal 700 normal>) = 11.335
DEBUG:matplotlib.font_manager:findfont: score(<Font 'NotoSerifDisplay Nerd Font' (Noto Serif Display Condensed Black Italic Nerd Font Complete.ttf) italic normal black condensed>) = 11.725
DEBUG:matplotlib.font_manager:findfont: score(<Font 'NotoSerifDisplay Nerd Font Mono' (Noto Serif Display ExtraCondensed Light Nerd Font Complete Mono.ttf) normal normal light condensed>) = 10.44
DEBUG:matplotlib.font_manager:findfont: score(<Font 'Noto Sans Gothic' (NotoSansGothic-Regular.ttf) normal normal regular normal>) = 10.05
DEBUG:matplotlib.font_manager:findfont: score(<Font 'mplus Nerd Font Mono' (M+ 1c black Nerd Font Complete Mono.ttf) normal normal 700 normal>) = 10.335
DEBUG:matplotlib.font_manager:findfont: score(<Font 'Monoid Nerd Font Mono' (Monoid Bold Nerd Font Complete Mono.ttf) normal normal 700 normal>) = 10.335
DEBUG:matplotlib.font_manager:findfont: score(<Font 'Noto Serif Hebrew' (NotoSerifHebrew-Thin.ttf) normal normal 400 normal>) = 10.05
DEBUG:matplotlib.font_manager:findfont: score(<Font 'NotoSerif Nerd Font' (Noto Serif ExtraCondensed Thin Italic Nerd Font Complete.ttf) italic normal 400 condensed>) = 11.25
DEBUG:matplotlib.font_manager:findfont: score(<Font 'Noto Serif Tamil Slanted' (NotoSerifTamilSlanted-Regular.ttf) normal normal regular normal>) = 10.05
DEBUG:matplotlib.font_manager:findfont: score(<Font 'NotoSansDisplay Nerd Font' (Noto Sans Display ExtraCondensed ExtraBold Italic Nerd Font Complete.ttf) italic normal bold condensed>) = 11.535
DEBUG:matplotlib.font_manager:findfont: score(<Font 'NotoSerifDisplay Nerd Font Mono' (Noto Serif Display Regular Nerd Font Complete Mono.ttf) normal normal regular normal>) = 10.05
DEBUG:matplotlib.font_manager:findfont: score(<Font 'Noto Sans Bhaiksuki' (NotoSansBhaiksuki-Regular.ttf) normal normal regular normal>) = 10.05
DEBUG:matplotlib.font_manager:findfont: score(<Font 'NotoSans Nerd Font Mono' (Noto Sans ExtraBold Italic Nerd Font Complete Mono.ttf) italic normal bold normal>) = 11.335
DEBUG:matplotlib.font_manager:findfont: score(<Font 'Noto Sans Multani' (NotoSansMultani-Regular.ttf) normal normal regular normal>) = 10.05
DEBUG:matplotlib.font_manager:findfont: score(<Font 'Noto Serif Georgian' (NotoSerifGeorgian-Black.ttf) normal normal black normal>) = 10.525
DEBUG:matplotlib.font_manager:findfont: score(<Font 'NotoSans Nerd Font Mono' (Noto Sans Light Italic Nerd Font Complete Mono.ttf) italic normal light normal>) = 11.24
DEBUG:matplotlib.font_manager:findfont: score(<Font 'NotoSans Nerd Font' (Noto Sans SemiCondensed Light Italic Nerd Font Complete.ttf) italic normal light condensed>) = 11.44
DEBUG:matplotlib.font_manager:findfont: score(<Font 'NotoSerif Nerd Font Mono' (Noto Serif Black Nerd Font Complete Mono.ttf) normal normal black normal>) = 10.525
DEBUG:matplotlib.font_manager:findfont: score(<Font 'Noto Sans Pau Cin Hau' (NotoSansPauCinHau-Regular.ttf) normal normal regular normal>) = 10.05
DEBUG:matplotlib.font_manager:findfont: score(<Font 'Noto Sans Thaana' (NotoSansThaana-Bold.ttf) normal normal 700 normal>) = 10.335
DEBUG:matplotlib.font_manager:findfont: score(<Font 'Hasklug Nerd Font' (Hasklug ExtraLight Italic Nerd Font Complete.otf) italic normal light normal>) = 11.24
DEBUG:matplotlib.font_manager:findfont: score(<Font 'BlexMono Nerd Font Mono' (Blex Mono SemiBold Italic Nerd Font Complete Mono.ttf) italic normal semibold normal>) = 11.24
DEBUG:matplotlib.font_manager:findfont: score(<Font 'Iosevka' (Iosevka Heavy Oblique Nerd Font Complete Mono.ttf) oblique normal 700 normal>) = 11.335
DEBUG:matplotlib.font_manager:findfont: score(<Font 'NotoSerif Nerd Font Mono' (Noto Serif ExtraCondensed Thin Nerd Font Complete Mono.ttf) normal normal 400 condensed>) = 10.25
DEBUG:matplotlib.font_manager:findfont: score(<Font 'NotoSerif Nerd Font' (Noto Serif ExtraCondensed Nerd Font Complete.ttf) normal normal 400 condensed>) = 10.25
DEBUG:matplotlib.font_manager:findfont: score(<Font 'NotoSans Nerd Font Mono' (Noto Sans Condensed Thin Italic Nerd Font Complete Mono.ttf) italic normal 400 condensed>) = 11.25
DEBUG:matplotlib.font_manager:findfont: score(<Font 'Tinos Nerd Font' (Tinos Bold Nerd Font Complete.ttf) normal normal 700 normal>) = 10.335
DEBUG:matplotlib.font_manager:findfont: score(<Font 'NotoSerif Nerd Font' (Noto Serif ExtraBold Italic Nerd Font Complete.ttf) italic normal bold normal>) = 11.335
DEBUG:matplotlib.font_manager:findfont: score(<Font 'NotoSans Nerd Font Mono' (Noto Sans SemiCondensed ExtraLight Nerd Font Complete Mono.ttf) normal normal light condensed>) = 10.44
DEBUG:matplotlib.font_manager:findfont: score(<Font 'Noto Serif Display' (NotoSerifDisplay-Italic.ttf) italic normal 400 normal>) = 11.05
DEBUG:matplotlib.font_manager:findfont: score(<Font 'NotoSans Nerd Font Mono' (Noto Sans Condensed ExtraLight Italic Nerd Font Complete Mono.ttf) italic normal light condensed>) = 11.44
DEBUG:matplotlib.font_manager:findfont: score(<Font 'Noto Sans Syriac' (NotoSansSyriac-Regular.ttf) normal normal regular normal>) = 10.05
DEBUG:matplotlib.font_manager:findfont: score(<Font 'SauceCodePro Nerd Font' (Sauce Code Pro Bold Italic Nerd Font Complete.ttf) italic normal 700 normal>) = 11.335
DEBUG:matplotlib.font_manager:findfont: score(<Font 'NotoSerifDisplay Nerd Font Mono' (Noto Serif Display SemiBold Italic Nerd Font Complete Mono.ttf) italic normal semibold normal>) = 11.24
DEBUG:matplotlib.font_manager:findfont: score(<Font '3270Narrow Nerd Font Mono' (3270 Narrow Nerd Font Complete Mono.otf) normal normal 400 condensed>) = 10.25
DEBUG:matplotlib.font_manager:findfont: score(<Font 'Noto Serif Thai' (NotoSerifThai-Black.ttf) normal normal black normal>) = 10.525
DEBUG:matplotlib.font_manager:findfont: score(<Font 'NotoSerif Nerd Font Mono' (Noto Serif ExtraCondensed Thin Italic Nerd Font Complete Mono.ttf) italic normal 400 condensed>) = 11.25
DEBUG:matplotlib.font_manager:findfont: score(<Font 'NotoSansDisplay Nerd Font Mono' (Noto Sans Display SemiCondensed Light Nerd Font Complete Mono.ttf) normal normal light condensed>) = 10.44
DEBUG:matplotlib.font_manager:findfont: score(<Font 'GoMono Nerd Font Mono' (Go Mono Italic Nerd Font Complete Mono.ttf) italic normal 400 normal>) = 11.05
DEBUG:matplotlib.font_manager:findfont: score(<Font 'NotoSansDisplay Nerd Font' (Noto Sans Display Condensed SemiBold Nerd Font Complete.ttf) normal normal semibold condensed>) = 10.44
DEBUG:matplotlib.font_manager:findfont: score(<Font 'NotoSansDisplay Nerd Font Mono' (Noto Sans Display Black Nerd Font Complete Mono.ttf) normal normal black normal>) = 10.525
DEBUG:matplotlib.font_manager:findfont: score(<Font 'NotoSansDisplay Nerd Font' (Noto Sans Display ExtraCondensed Bold Italic Nerd Font Complete.ttf) italic normal 700 condensed>) = 11.535
DEBUG:matplotlib.font_manager:findfont: score(<Font 'NotoSerif Nerd Font' (Noto Serif Medium Nerd Font Complete.ttf) normal normal medium normal>) = 10.145
DEBUG:matplotlib.font_manager:findfont: score(<Font 'Iosevka Term' (Iosevka Term Medium Nerd Font Complete.ttf) normal normal medium normal>) = 10.145
DEBUG:matplotlib.font_manager:findfont: score(<Font 'Noto Sans Lisu' (NotoSansLisu-Regular.ttf) normal normal regular normal>) = 10.05
DEBUG:matplotlib.font_manager:findfont: score(<Font 'Serto Jerusalem' (SyrCOMJerusalemItalic.otf) italic normal 400 normal>) = 11.05
DEBUG:matplotlib.font_manager:findfont: score(<Font 'Noto Sans Cherokee' (NotoSansCherokee-Regular.ttf) normal normal regular normal>) = 10.05
DEBUG:matplotlib.font_manager:findfont: score(<Font 'FuraCode Nerd Font' (Fura Code Bold Nerd Font Complete.otf) normal normal 700 normal>) = 10.335
DEBUG:matplotlib.font_manager:findfont: score(<Font 'Iosevka' (Iosevka Heavy Italic Nerd Font Complete Mono.ttf) italic normal 700 normal>) = 11.335
DEBUG:matplotlib.font_manager:findfont: score(<Font 'Iosevka Term' (Iosevka Term Heavy Italic Nerd Font Complete Mono.ttf) italic normal 700 normal>) = 11.335
DEBUG:matplotlib.font_manager:findfont: score(<Font 'Iosevka Term' (Iosevka Term Extralight Italic Nerd Font Complete Mono.ttf) italic normal light normal>) = 11.24
DEBUG:matplotlib.font_manager:findfont: score(<Font 'NotoSansDisplay Nerd Font Mono' (Noto Sans Display SemiCondensed Medium Nerd Font Complete Mono.ttf) normal normal medium condensed>) = 10.344999999999999
DEBUG:matplotlib.font_manager:findfont: score(<Font 'NotoSerif Nerd Font Mono' (Noto Serif SemiCondensed Thin Italic Nerd Font Complete Mono.ttf) italic normal 400 condensed>) = 11.25
DEBUG:matplotlib.font_manager:findfont: score(<Font 'Noto Sans Tai Tham' (NotoSansTaiTham-Regular.ttf) normal normal 400 normal>) = 10.05
DEBUG:matplotlib.font_manager:findfont: score(<Font 'mononoki Nerd Font Mono' (mononoki Bold Nerd Font Complete Mono.ttf) normal normal 700 normal>) = 10.335
DEBUG:matplotlib.font_manager:findfont: score(<Font 'NotoSerif Nerd Font' (Noto Serif Black Italic Nerd Font Complete.ttf) italic normal black normal>) = 11.525
DEBUG:matplotlib.font_manager:findfont: score(<Font 'NotoSerifDisplay Nerd Font Mono' (Noto Serif Display ExtraCondensed ExtraBold Nerd Font Complete Mono.ttf) normal normal bold condensed>) = 10.535
DEBUG:matplotlib.font_manager:findfont: score(<Font 'NotoSansMono Nerd Font' (Noto Sans Mono SemiBold Nerd Font Complete.ttf) normal normal semibold normal>) = 10.24
DEBUG:matplotlib.font_manager:findfont: score(<Font 'Noto Sans' (NotoSans-Italic.ttf) italic normal 400 normal>) = 11.05
DEBUG:matplotlib.font_manager:findfont: score(<Font 'Noto Sans Chakma' (NotoSansChakma-Regular.ttf) normal normal regular normal>) = 10.05
DEBUG:matplotlib.font_manager:findfont: score(<Font 'OpenDyslexic Nerd Font Mono' (OpenDyslexic Regular Nerd Font Complete Mono.otf) normal normal 400 normal>) = 10.05
DEBUG:matplotlib.font_manager:findfont: score(<Font 'Noto Sans Bassa Vah' (NotoSansBassaVah-Regular.ttf) normal normal regular normal>) = 10.05
DEBUG:matplotlib.font_manager:findfont: score(<Font 'BitstreamVeraSansMono Nerd Font' (Bitstream Vera Sans Mono Bold Nerd Font Complete.ttf) normal normal 700 normal>) = 10.335
DEBUG:matplotlib.font_manager:findfont: score(<Font 'NotoSerif Nerd Font Mono' (Noto Serif SemiBold Nerd Font Complete Mono.ttf) normal normal semibold normal>) = 10.24
DEBUG:matplotlib.font_manager:findfont: score(<Font 'Hasklug Nerd Font Mono' (Hasklug ExtraLight Nerd Font Complete Mono.otf) normal normal light normal>) = 10.24
DEBUG:matplotlib.font_manager:findfont: score(<Font 'FantasqueSansMono Nerd Font' (Fantasque Sans Mono Italic Nerd Font Complete.ttf) italic normal 400 normal>) = 11.05
DEBUG:matplotlib.font_manager:findfont: score(<Font 'mononoki Nerd Font Mono' (mononoki-Regular Nerd Font Complete Mono.ttf) normal normal regular normal>) = 10.05
DEBUG:matplotlib.font_manager:findfont: score(<Font 'NotoSansMono Nerd Font Mono' (Noto Sans Mono Condensed ExtraBold Nerd Font Complete Mono.ttf) normal normal bold condensed>) = 10.535
DEBUG:matplotlib.font_manager:findfont: score(<Font 'Noto Sans Sinhala' (NotoSansSinhala-Thin.ttf) normal normal 400 normal>) = 10.05
DEBUG:matplotlib.font_manager:findfont: score(<Font 'NotoSerif Nerd Font' (Noto Serif ExtraCondensed Bold Italic Nerd Font Complete.ttf) italic normal 700 condensed>) = 11.535
DEBUG:matplotlib.font_manager:findfont: score(<Font 'Ubuntu Nerd Font' (Ubuntu Light Italic Nerd Font Complete.ttf) italic normal light normal>) = 11.24
DEBUG:matplotlib.font_manager:findfont: score(<Font 'NotoSans Nerd Font Mono' (Noto Sans ExtraBold Nerd Font Complete Mono.ttf) normal normal bold normal>) = 10.335
DEBUG:matplotlib.font_manager:findfont: score(<Font 'Noto Sans Cuneiform' (NotoSansCuneiform-Regular.ttf) normal normal regular normal>) = 10.05
DEBUG:matplotlib.font_manager:findfont: score(<Font 'Noto Sans Georgian' (NotoSansGeorgian-Medium.ttf) normal normal medium normal>) = 10.145
DEBUG:matplotlib.font_manager:findfont: score(<Font 'NotoSerifDisplay Nerd Font Mono' (Noto Serif Display Black Nerd Font Complete Mono.ttf) normal normal black normal>) = 10.525
DEBUG:matplotlib.font_manager:findfont: score(<Font 'NotoSansMono Nerd Font Mono' (Noto Sans Mono Light Nerd Font Complete Mono.ttf) normal normal light normal>) = 10.24
DEBUG:matplotlib.font_manager:findfont: score(<Font 'Noto Sans Lao UI' (NotoSansLaoUI-Black.ttf) normal normal black normal>) = 10.525
DEBUG:matplotlib.font_manager:findfont: score(<Font 'Lekton Nerd Font Mono' (Lekton Nerd Font Complete Mono.ttf) normal normal 400 normal>) = 10.05
DEBUG:matplotlib.font_manager:findfont: score(<Font 'OverpassMono Nerd Font Mono' (Overpass Mono SemiBold Nerd Font Complete Mono.otf) normal normal 700 normal>) = 10.335
DEBUG:matplotlib.font_manager:findfont: score(<Font 'NotoSerifDisplay Nerd Font Mono' (Noto Serif Display ExtraCondensed Italic Nerd Font Complete Mono.ttf) italic normal 400 condensed>) = 11.25
DEBUG:matplotlib.font_manager:findfont: score(<Font 'Hasklug Nerd Font Mono' (Hasklug Black Nerd Font Complete Mono.otf) normal normal black normal>) = 10.525
DEBUG:matplotlib.font_manager:findfont: score(<Font 'Iosevka Term' (Iosevka Term Italic Nerd Font Complete.ttf) italic normal 400 normal>) = 11.05
DEBUG:matplotlib.font_manager:findfont: score(<Font 'NotoSerif Nerd Font Mono' (Noto Serif Condensed ExtraBold Italic Nerd Font Complete Mono.ttf) italic normal bold condensed>) = 11.535
DEBUG:matplotlib.font_manager:findfont: score(<Font 'NotoSerif Nerd Font Mono' (Noto Serif Condensed Thin Italic Nerd Font Complete Mono.ttf) italic normal 400 condensed>) = 11.25
DEBUG:matplotlib.font_manager:findfont: score(<Font 'Noto Sans Khmer' (NotoSansKhmer-Bold.ttf) normal normal 700 normal>) = 10.335
DEBUG:matplotlib.font_manager:findfont: score(<Font 'Iosevka' (Iosevka Oblique Nerd Font Complete.ttf) oblique normal 400 normal>) = 11.05
DEBUG:matplotlib.font_manager:findfont: score(<Font 'NotoSans Nerd Font Mono' (Noto Sans Condensed Thin Italic Nerd Font Complete Mono.ttf) italic normal 400 condensed>) = 11.25
DEBUG:matplotlib.font_manager:findfont: score(<Font 'Noto Serif' (NotoSerif-Bold.ttf) normal normal 700 normal>) = 10.335
DEBUG:matplotlib.font_manager:findfont: score(<Font 'BlexMono Nerd Font' (Blex Mono Text Nerd Font Complete.ttf) normal normal 400 normal>) = 10.05
DEBUG:matplotlib.font_manager:findfont: score(<Font 'NotoSansMono Nerd Font Mono' (Noto Sans Mono ExtraCondensed Thin Nerd Font Complete Mono.ttf) normal normal 400 condensed>) = 10.25
DEBUG:matplotlib.font_manager:findfont: score(<Font 'NotoSerifDisplay Nerd Font Mono' (Noto Serif Display Condensed Medium Italic Nerd Font Complete Mono.ttf) italic normal medium condensed>) = 11.344999999999999
DEBUG:matplotlib.font_manager:findfont: score(<Font 'Noto Sans Myanmar UI' (NotoSansMyanmarUI-Thin.ttf) normal normal 400 normal>) = 10.05
DEBUG:matplotlib.font_manager:findfont: score(<Font 'NotoSans Nerd Font' (Noto Sans ExtraCondensed Thin Nerd Font Complete.ttf) normal normal 400 condensed>) = 10.25
DEBUG:matplotlib.font_manager:findfont: score(<Font 'Noto Sans Myanmar UI' (NotoSansMyanmarUI-Light.ttf) normal normal light normal>) = 10.24
DEBUG:matplotlib.font_manager:findfont: score(<Font 'Libertinus Keyboard' (LibertinusKeyboard-Regular.otf) normal normal regular normal>) = 10.05
DEBUG:matplotlib.font_manager:findfont: score(<Font 'Overpass Nerd Font Mono' (Overpass Heavy Nerd Font Complete Mono.otf) normal normal heavy normal>) = 10.43
DEBUG:matplotlib.font_manager:findfont: score(<Font 'Cousine Nerd Font' (Cousine Regular Nerd Font Complete.ttf) normal normal regular normal>) = 10.05
DEBUG:matplotlib.font_manager:findfont: score(<Font 'InconsolataLGC Nerd Font' (Inconsolata LGC Bold Italic Nerd Font Complete.ttf) italic normal 700 normal>) = 11.335
DEBUG:matplotlib.font_manager:findfont: score(<Font 'NotoSansDisplay Nerd Font' (Noto Sans Display ExtraCondensed Medium Italic Nerd Font Complete.ttf) italic normal medium condensed>) = 11.344999999999999
DEBUG:matplotlib.font_manager:findfont: score(<Font 'mononoki Nerd Font Mono' (mononoki-Regular Nerd Font Complete Mono.ttf) normal normal regular normal>) = 10.05
DEBUG:matplotlib.font_manager:findfont: score(<Font 'NotoSansMono Nerd Font' (Noto Sans Mono ExtraBold Nerd Font Complete.ttf) normal normal bold normal>) = 10.335
DEBUG:matplotlib.font_manager:findfont: score(<Font 'Overpass Nerd Font Mono' (Overpass Italic Nerd Font Complete Mono.otf) italic normal 400 normal>) = 11.05
DEBUG:matplotlib.font_manager:findfont: score(<Font 'NotoSansDisplay Nerd Font Mono' (Noto Sans Display SemiCondensed Medium Italic Nerd Font Complete Mono.ttf) italic normal medium condensed>) = 11.344999999999999
DEBUG:matplotlib.font_manager:findfont: score(<Font 'Noto Sans Cherokee' (NotoSansCherokee-Medium.ttf) normal normal medium normal>) = 10.145
DEBUG:matplotlib.font_manager:findfont: score(<Font 'Iosevka Term' (Iosevka Term Light Nerd Font Complete.ttf) normal normal light normal>) = 10.24
DEBUG:matplotlib.font_manager:findfont: score(<Font 'NotoSansDisplay Nerd Font' (Noto Sans Display SemiCondensed Medium Nerd Font Complete.ttf) normal normal medium condensed>) = 10.344999999999999
DEBUG:matplotlib.font_manager:findfont: score(<Font 'Noto Sans Devanagari' (NotoSansDevanagari-Light.ttf) normal normal light normal>) = 10.24
DEBUG:matplotlib.font_manager:findfont: score(<Font 'NotoSerif Nerd Font' (Noto Serif Thin Nerd Font Complete.ttf) normal normal 400 normal>) = 10.05
DEBUG:matplotlib.font_manager:findfont: score(<Font 'Noto Sans Telugu' (NotoSansTelugu-Bold.ttf) normal normal 700 normal>) = 10.335
DEBUG:matplotlib.font_manager:findfont: score(<Font 'Noto Sans Sinhala' (NotoSansSinhala-Regular.ttf) normal normal regular normal>) = 10.05
DEBUG:matplotlib.font_manager:findfont: score(<Font 'mplus Nerd Font' (M+ 1m bold Nerd Font Complete.ttf) normal normal 700 normal>) = 10.335
DEBUG:matplotlib.font_manager:findfont: score(<Font 'NotoSerifDisplay Nerd Font' (Noto Serif Display SemiCondensed Light Nerd Font Complete.ttf) normal normal light condensed>) = 10.44
DEBUG:matplotlib.font_manager:findfont: score(<Font 'NotoSansDisplay Nerd Font Mono' (Noto Sans Display Condensed SemiBold Nerd Font Complete Mono.ttf) normal normal semibold condensed>) = 10.44
DEBUG:matplotlib.font_manager:findfont: score(<Font 'NotoSansDisplay Nerd Font' (Noto Sans Display Condensed Nerd Font Complete.ttf) normal normal 400 condensed>) = 10.25
DEBUG:matplotlib.font_manager:findfont: score(<Font 'NotoSerifDisplay Nerd Font Mono' (Noto Serif Display SemiCondensed ExtraBold Italic Nerd Font Complete Mono.ttf) italic normal bold condensed>) = 11.535
DEBUG:matplotlib.font_manager:findfont: score(<Font 'NotoSans Nerd Font Mono' (Noto Sans SemiCondensed ExtraLight Italic Nerd Font Complete Mono.ttf) italic normal light condensed>) = 11.44
DEBUG:matplotlib.font_manager:findfont: score(<Font 'NotoSansDisplay Nerd Font Mono' (Noto Sans Display Black Nerd Font Complete Mono.ttf) normal normal black normal>) = 10.525
DEBUG:matplotlib.font_manager:findfont: score(<Font 'NotoSansDisplay Nerd Font Mono' (Noto Sans Display Italic Nerd Font Complete Mono.ttf) italic normal 400 normal>) = 11.05
DEBUG:matplotlib.font_manager:findfont: score(<Font 'NotoSerifDisplay Nerd Font' (Noto Serif Display Condensed ExtraBold Nerd Font Complete.ttf) normal normal bold condensed>) = 10.535
DEBUG:matplotlib.font_manager:findfont: score(<Font 'Noto Serif Gujarati' (NotoSerifGujarati-Black.ttf) normal normal black normal>) = 10.525
DEBUG:matplotlib.font_manager:findfont: score(<Font 'NotoSerif Nerd Font Mono' (Noto Serif SemiCondensed Black Nerd Font Complete Mono.ttf) normal normal black condensed>) = 10.725
DEBUG:matplotlib.font_manager:findfont: score(<Font 'NotoSerif Nerd Font' (Noto Serif ExtraCondensed Light Italic Nerd Font Complete.ttf) italic normal light condensed>) = 11.44
DEBUG:matplotlib.font_manager:findfont: score(<Font 'Noto Serif Myanmar' (NotoSerifMyanmar-Light.ttf) normal normal light normal>) = 10.24
DEBUG:matplotlib.font_manager:findfont: score(<Font 'NotoSerifDisplay Nerd Font Mono' (Noto Serif Display ExtraCondensed ExtraLight Italic Nerd Font Complete Mono.ttf) italic normal light condensed>) = 11.44
DEBUG:matplotlib.font_manager:findfont: score(<Font 'Hack Nerd Font' (Hack Bold Italic Nerd Font Complete.ttf) italic normal 700 normal>) = 11.335
DEBUG:matplotlib.font_manager:findfont: score(<Font 'mplus Nerd Font Mono' (M+ 2m medium Nerd Font Complete Mono.ttf) normal normal medium normal>) = 10.145
DEBUG:matplotlib.font_manager:findfont: score(<Font 'NotoSansMono Nerd Font Mono' (Noto Sans Mono ExtraCondensed Medium Nerd Font Complete Mono.ttf) normal normal medium condensed>) = 10.344999999999999
DEBUG:matplotlib.font_manager:findfont: score(<Font 'NotoSerifDisplay Nerd Font' (Noto Serif Display SemiBold Nerd Font Complete.ttf) normal normal semibold normal>) = 10.24
DEBUG:matplotlib.font_manager:findfont: score(<Font 'Noto Sans Display' (NotoSansDisplay-Light.ttf) normal normal light normal>) = 10.24
DEBUG:matplotlib.font_manager:findfont: score(<Font 'NotoSerifDisplay Nerd Font Mono' (Noto Serif Display SemiCondensed Light Italic Nerd Font Complete Mono.ttf) italic normal light condensed>) = 11.44
DEBUG:matplotlib.font_manager:findfont: score(<Font 'BitstreamVeraSansMono Nerd Font' (Bitstream Vera Sans Mono Oblique Nerd Font Complete.ttf) oblique normal 400 normal>) = 11.05
DEBUG:matplotlib.font_manager:findfont: score(<Font '3270SemiNarrow Nerd Font Mono' (3270 Semi-Narrow Nerd Font Complete Mono.otf) normal normal 400 condensed>) = 10.25
DEBUG:matplotlib.font_manager:findfont: score(<Font 'Noto Sans Hanifi Rohingya' (NotoSansHanifiRohingya-Regular.ttf) normal normal regular normal>) = 10.05
DEBUG:matplotlib.font_manager:findfont: score(<Font 'Iosevka' (Iosevka Medium Italic Nerd Font Complete.ttf) italic normal medium normal>) = 11.145
DEBUG:matplotlib.font_manager:findfont: score(<Font 'Noto Serif Tibetan' (NotoSerifTibetan-Bold.ttf) normal normal 700 normal>) = 10.335
DEBUG:matplotlib.font_manager:findfont: score(<Font 'OpenDyslexic Nerd Font' (OpenDyslexic Italic Nerd Font Complete.otf) italic normal 400 normal>) = 11.05
DEBUG:matplotlib.font_manager:findfont: score(<Font 'DejaVu Sans' (DejaVuSansCondensed-BoldOblique.ttf) oblique normal 700 condensed>) = 1.535
DEBUG:matplotlib.font_manager:findfont: score(<Font 'NotoSansMono Nerd Font Mono' (Noto Sans Mono ExtraCondensed Nerd Font Complete Mono.ttf) normal normal 400 condensed>) = 10.25
DEBUG:matplotlib.font_manager:findfont: score(<Font 'Noto Naskh Arabic UI' (NotoNaskhArabicUI-Regular.ttf) normal normal 400 normal>) = 10.05
DEBUG:matplotlib.font_manager:findfont: score(<Font 'NotoSerifDisplay Nerd Font Mono' (Noto Serif Display Condensed Light Italic Nerd Font Complete Mono.ttf) italic normal light condensed>) = 11.44
DEBUG:matplotlib.font_manager:findfont: score(<Font 'CodeNewRoman Nerd Font' (Code New Roman Bold Nerd Font Complete.otf) normal normal 700 normal>) = 10.335
DEBUG:matplotlib.font_manager:findfont: score(<Font 'Overpass Nerd Font' (Overpass Heavy Italic Nerd Font Complete.otf) italic normal heavy normal>) = 11.43
DEBUG:matplotlib.font_manager:findfont: score(<Font 'Tinos Nerd Font Mono' (Tinos Bold Nerd Font Complete Mono.ttf) normal normal 700 normal>) = 10.335
DEBUG:matplotlib.font_manager:findfont: score(<Font 'NotoSerifDisplay Nerd Font' (Noto Serif Display Condensed Light Nerd Font Complete.ttf) normal normal light condensed>) = 10.44
DEBUG:matplotlib.font_manager:findfont: score(<Font 'Lekton Nerd Font' (Lekton-Italic Nerd Font Complete.ttf) italic normal 400 normal>) = 11.05
DEBUG:matplotlib.font_manager:findfont: score(<Font 'NotoSerif Nerd Font' (Noto Serif SemiCondensed Italic Nerd Font Complete.ttf) italic normal 400 condensed>) = 11.25
DEBUG:matplotlib.font_manager:findfont: score(<Font 'NotoSerifDisplay Nerd Font' (Noto Serif Display Condensed ExtraBold Nerd Font Complete.ttf) normal normal bold condensed>) = 10.535
DEBUG:matplotlib.font_manager:findfont: score(<Font 'RobotoMono Nerd Font' (Roboto Mono Medium Italic Nerd Font Complete.ttf) italic normal medium normal>) = 11.145
DEBUG:matplotlib.font_manager:findfont: score(<Font 'Noto Serif Telugu' (NotoSerifTelugu-Regular.ttf) normal normal regular normal>) = 10.05
DEBUG:matplotlib.font_manager:findfont: score(<Font 'SauceCodePro Nerd Font' (Sauce Code Pro Light Italic Nerd Font Complete.ttf) italic normal light normal>) = 11.24
DEBUG:matplotlib.font_manager:findfont: score(<Font 'NotoSerifDisplay Nerd Font Mono' (Noto Serif Display SemiCondensed Medium Nerd Font Complete Mono.ttf) normal normal medium condensed>) = 10.344999999999999
DEBUG:matplotlib.font_manager:findfont: score(<Font 'Noto Sans Thaana' (NotoSansThaana-Regular.ttf) normal normal regular normal>) = 10.05
DEBUG:matplotlib.font_manager:findfont: score(<Font 'NotoSans Nerd Font' (Noto Sans ExtraLight Italic Nerd Font Complete.ttf) italic normal light normal>) = 11.24
DEBUG:matplotlib.font_manager:findfont: score(<Font 'Hasklug Nerd Font Mono' (Hasklug Light Italic Nerd Font Complete Mono.otf) italic normal light normal>) = 11.24
DEBUG:matplotlib.font_manager:findfont: score(<Font 'Ubuntu Nerd Font Mono' (Ubuntu Bold Nerd Font Complete Mono.ttf) normal normal 700 normal>) = 10.335
DEBUG:matplotlib.font_manager:findfont: score(<Font 'BlexMono Nerd Font Mono' (Blex Mono Thin Nerd Font Complete Mono.ttf) normal normal 400 normal>) = 10.05
DEBUG:matplotlib.font_manager:findfont: score(<Font 'NotoSans Nerd Font' (Noto Sans ExtraBold Nerd Font Complete.ttf) normal normal bold normal>) = 10.335
DEBUG:matplotlib.font_manager:findfont: score(<Font 'Noto Serif' (NotoSerif-BoldItalic.ttf) italic normal 700 normal>) = 11.335
DEBUG:matplotlib.font_manager:findfont: score(<Font 'Noto Sans Inscriptional Parthian' (NotoSansInscriptionalParthian-Regular.ttf) normal normal regular normal>) = 10.05
DEBUG:matplotlib.font_manager:findfont: score(<Font 'Iosevka' (Iosevka Heavy Nerd Font Complete Mono.ttf) normal normal 700 normal>) = 10.335
DEBUG:matplotlib.font_manager:findfont: score(<Font 'mplus Nerd Font Mono' (M+ 2m bold Nerd Font Complete Mono.ttf) normal normal 700 normal>) = 10.335
DEBUG:matplotlib.font_manager:findfont: score(<Font 'Iosevka Term' (Iosevka Term Thin Nerd Font Complete Mono.ttf) normal normal 400 normal>) = 10.05
DEBUG:matplotlib.font_manager:findfont: score(<Font 'NotoSansDisplay Nerd Font Mono' (Noto Sans Display ExtraCondensed SemiBold Italic Nerd Font Complete Mono.ttf) italic normal semibold condensed>) = 11.44
DEBUG:matplotlib.font_manager:findfont: score(<Font 'NotoSansDisplay Nerd Font Mono' (Noto Sans Display SemiCondensed Black Nerd Font Complete Mono.ttf) normal normal black condensed>) = 10.725
DEBUG:matplotlib.font_manager:findfont: score(<Font 'mplus Nerd Font' (M+ 1p thin Nerd Font Complete.ttf) normal normal 400 normal>) = 10.05
DEBUG:matplotlib.font_manager:findfont: score(<Font 'Noto Sans Thai' (NotoSansThai-Black.ttf) normal normal black normal>) = 10.525
DEBUG:matplotlib.font_manager:findfont: score(<Font 'NotoSansDisplay Nerd Font Mono' (Noto Sans Display Thin Italic Nerd Font Complete Mono.ttf) italic normal 400 normal>) = 11.05
DEBUG:matplotlib.font_manager:findfont: score(<Font 'Iosevka' (Iosevka Extralight Nerd Font Complete.ttf) normal normal light normal>) = 10.24
DEBUG:matplotlib.font_manager:findfont: score(<Font 'FantasqueSansMono Nerd Font' (Fantasque Sans Mono Bold Nerd Font Complete.ttf) normal normal 700 normal>) = 10.335
DEBUG:matplotlib.font_manager:findfont: score(<Font 'Noto Sans Mono' (NotoSansMono-Medium.ttf) normal normal medium normal>) = 10.145
DEBUG:matplotlib.font_manager:findfont: score(<Font 'NotoSansDisplay Nerd Font Mono' (Noto Sans Display SemiCondensed Medium Nerd Font Complete Mono.ttf) normal normal medium condensed>) = 10.344999999999999
DEBUG:matplotlib.font_manager:findfont: score(<Font 'FantasqueSansMono Nerd Font' (Fantasque Sans Mono Italic Nerd Font Complete.ttf) italic normal 400 normal>) = 11.05
DEBUG:matplotlib.font_manager:findfont: score(<Font 'Noto Sans Canadian Aboriginal' (NotoSansCanadianAboriginal-Light.ttf) normal normal light normal>) = 10.24
DEBUG:matplotlib.font_manager:findfont: score(<Font 'NotoSansMono Nerd Font' (Noto Sans Mono SemiCondensed Nerd Font Complete.ttf) normal normal 400 condensed>) = 10.25
DEBUG:matplotlib.font_manager:findfont: score(<Font 'Overpass Nerd Font' (Overpass Heavy Nerd Font Complete.otf) normal normal heavy normal>) = 10.43
DEBUG:matplotlib.font_manager:findfont: score(<Font 'Tinos Nerd Font Mono' (Tinos Bold Italic Nerd Font Complete Mono.ttf) italic normal 700 normal>) = 11.335
DEBUG:matplotlib.font_manager:findfont: score(<Font 'NotoSansDisplay Nerd Font' (Noto Sans Display ExtraCondensed ExtraBold Nerd Font Complete.ttf) normal normal bold condensed>) = 10.535
DEBUG:matplotlib.font_manager:findfont: score(<Font 'mplus Nerd Font Mono' (M+ 2c heavy Nerd Font Complete Mono.ttf) normal normal 700 normal>) = 10.335
DEBUG:matplotlib.font_manager:findfont: score(<Font 'NotoSerifDisplay Nerd Font' (Noto Serif Display Condensed SemiBold Italic Nerd Font Complete.ttf) italic normal semibold condensed>) = 11.44
DEBUG:matplotlib.font_manager:findfont: score(<Font 'NotoSerifDisplay Nerd Font' (Noto Serif Display Condensed ExtraLight Italic Nerd Font Complete.ttf) italic normal light condensed>) = 11.44
DEBUG:matplotlib.font_manager:findfont: score(<Font 'Noto Sans Display' (NotoSansDisplay-ThinItalic.ttf) italic normal 400 normal>) = 11.05
DEBUG:matplotlib.font_manager:findfont: score(<Font 'SauceCodePro Nerd Font' (Sauce Code Pro ExtraLight Nerd Font Complete.ttf) normal normal light normal>) = 10.24
DEBUG:matplotlib.font_manager:findfont: score(<Font 'BlexMono Nerd Font' (Blex Mono SemiBold Nerd Font Complete.ttf) normal normal semibold normal>) = 10.24
DEBUG:matplotlib.font_manager:findfont: score(<Font 'Noto Serif Tamil' (NotoSerifTamil-Light.ttf) normal normal light normal>) = 10.24
DEBUG:matplotlib.font_manager:findfont: score(<Font 'GoMono Nerd Font' (Go Mono Italic Nerd Font Complete.ttf) italic normal 400 normal>) = 11.05
DEBUG:matplotlib.font_manager:findfont: score(<Font 'NotoSerifDisplay Nerd Font' (Noto Serif Display Condensed Thin Italic Nerd Font Complete.ttf) italic normal 400 condensed>) = 11.25
DEBUG:matplotlib.font_manager:findfont: score(<Font 'Noto Serif Devanagari' (NotoSerifDevanagari-Medium.ttf) normal normal medium normal>) = 10.145
DEBUG:matplotlib.font_manager:findfont: score(<Font 'Iosevka Term' (Iosevka Term Light Nerd Font Complete Mono.ttf) normal normal light normal>) = 10.24
DEBUG:matplotlib.font_manager:findfont: score(<Font 'Iosevka Term' (Iosevka Term Thin Oblique Nerd Font Complete Mono.ttf) oblique normal 400 normal>) = 11.05
DEBUG:matplotlib.font_manager:findfont: score(<Font 'InconsolataGo Nerd Font Mono' (InconsolataGo Nerd Font Complete Mono.ttf) normal normal 400 normal>) = 10.05
DEBUG:matplotlib.font_manager:findfont: score(<Font 'NotoSansDisplay Nerd Font' (Noto Sans Display ExtraLight Nerd Font Complete.ttf) normal normal light normal>) = 10.24
DEBUG:matplotlib.font_manager:findfont: score(<Font 'Liberation Serif' (LiberationSerif-Regular.ttf) normal normal 400 normal>) = 10.05
DEBUG:matplotlib.font_manager:findfont: score(<Font 'NotoSerif Nerd Font Mono' (Noto Serif ExtraBold Nerd Font Complete Mono.ttf) normal normal bold normal>) = 10.335
DEBUG:matplotlib.font_manager:findfont: score(<Font 'Noto Music' (NotoMusic-Regular.ttf) normal normal regular normal>) = 10.05
DEBUG:matplotlib.font_manager:findfont: score(<Font 'NotoSerif Nerd Font' (Noto Serif Condensed Light Italic Nerd Font Complete.ttf) italic normal light condensed>) = 11.44
DEBUG:matplotlib.font_manager:findfont: score(<Font 'URW Bookman' (URWBookman-LightItalic.otf) italic normal light normal>) = 11.24
DEBUG:matplotlib.font_manager:findfont: score(<Font 'NotoSerifDisplay Nerd Font' (Noto Serif Display Bold Italic Nerd Font Complete.ttf) italic normal 700 normal>) = 11.335
DEBUG:matplotlib.font_manager:findfont: score(<Font 'SauceCodePro Nerd Font' (Sauce Code Pro Medium Nerd Font Complete.ttf) normal normal medium normal>) = 10.145
DEBUG:matplotlib.font_manager:findfont: score(<Font 'mplus Nerd Font Mono' (M+ 1p heavy Nerd Font Complete Mono.ttf) normal normal 700 normal>) = 10.335
DEBUG:matplotlib.font_manager:findfont: score(<Font 'MesloLGLDZ Nerd Font' (Meslo LG L DZ Regular Nerd Font Complete.otf) normal normal regular normal>) = 10.05
DEBUG:matplotlib.font_manager:findfont: score(<Font 'NotoSans Nerd Font Mono' (Noto Sans ExtraLight Italic Nerd Font Complete Mono.ttf) italic normal light normal>) = 11.24
DEBUG:matplotlib.font_manager:findfont: score(<Font 'NotoSansMono Nerd Font Mono' (Noto Sans Mono Condensed ExtraLight Nerd Font Complete Mono.ttf) normal normal light condensed>) = 10.44
DEBUG:matplotlib.font_manager:findfont: score(<Font 'CodeNewRoman Nerd Font Mono' (Code New Roman Italic Nerd Font Complete Mono.otf) italic normal roman normal>) = 11.145
DEBUG:matplotlib.font_manager:findfont: score(<Font 'FuraCode Nerd Font Mono' (Fura Code Light Nerd Font Complete Mono.otf) normal normal light normal>) = 10.24
DEBUG:matplotlib.font_manager:findfont: score(<Font 'SpaceMono Nerd Font' (Space Mono Nerd Font Complete.ttf) normal normal 400 normal>) = 10.05
DEBUG:matplotlib.font_manager:findfont: score(<Font 'NotoSerif Nerd Font' (Noto Serif Condensed Nerd Font Complete.ttf) normal normal 400 condensed>) = 10.25
DEBUG:matplotlib.font_manager:findfont: score(<Font 'Nimbus Mono PS' (NimbusMonoPS-BoldItalic.otf) italic normal 700 normal>) = 11.335
DEBUG:matplotlib.font_manager:findfont: score(<Font 'ProggyCleanTTCE Nerd Font Mono' (ProggyCleanTT CE Nerd Font Complete Mono.ttf) normal normal 400 normal>) = 10.05
DEBUG:matplotlib.font_manager:findfont: score(<Font 'Arimo Nerd Font Mono' (Arimo Italic Nerd Font Complete Mono.ttf) italic normal 400 normal>) = 11.05
DEBUG:matplotlib.font_manager:findfont: score(<Font 'Monofurbold Nerd Font Mono' (monofur bold Nerd Font Complete Mono.ttf) normal normal 700 normal>) = 10.335
DEBUG:matplotlib.font_manager:findfont: score(<Font 'NotoSansDisplay Nerd Font Mono' (Noto Sans Display ExtraCondensed Bold Nerd Font Complete Mono.ttf) normal normal 700 condensed>) = 10.535
DEBUG:matplotlib.font_manager:findfont: score(<Font 'Iosevka Term' (Iosevka Term Heavy Italic Nerd Font Complete Mono.ttf) italic normal 700 normal>) = 11.335
DEBUG:matplotlib.font_manager:findfont: score(<Font 'Noto Serif Telugu' (NotoSerifTelugu-Thin.ttf) normal normal 400 normal>) = 10.05
DEBUG:matplotlib.font_manager:findfont: score(<Font 'NotoSansDisplay Nerd Font' (Noto Sans Display Regular Nerd Font Complete.ttf) normal normal regular normal>) = 10.05
DEBUG:matplotlib.font_manager:findfont: score(<Font 'NotoSerifDisplay Nerd Font' (Noto Serif Display Condensed Italic Nerd Font Complete.ttf) italic normal 400 condensed>) = 11.25
DEBUG:matplotlib.font_manager:findfont: score(<Font 'NotoSans Nerd Font' (Noto Sans ExtraCondensed Light Nerd Font Complete.ttf) normal normal light condensed>) = 10.44
DEBUG:matplotlib.font_manager:findfont: score(<Font 'NotoSans Nerd Font' (Noto Sans Condensed ExtraBold Nerd Font Complete.ttf) normal normal bold condensed>) = 10.535
DEBUG:matplotlib.font_manager:findfont: score(<Font 'NotoSans Nerd Font' (Noto Sans SemiCondensed Medium Nerd Font Complete.ttf) normal normal medium condensed>) = 10.344999999999999
DEBUG:matplotlib.font_manager:findfont: score(<Font 'Lekton Nerd Font' (Lekton Nerd Font Complete.ttf) normal normal 400 normal>) = 10.05
DEBUG:matplotlib.font_manager:findfont: score(<Font 'NotoSerifDisplay Nerd Font' (Noto Serif Display ExtraBold Nerd Font Complete.ttf) normal normal bold normal>) = 10.335
DEBUG:matplotlib.font_manager:findfont: score(<Font 'NotoSerif Nerd Font' (Noto Serif Condensed ExtraBold Nerd Font Complete.ttf) normal normal bold condensed>) = 10.535
DEBUG:matplotlib.font_manager:findfont: score(<Font 'NotoSans Nerd Font' (Noto Sans Condensed ExtraLight Nerd Font Complete.ttf) normal normal light condensed>) = 10.44
DEBUG:matplotlib.font_manager:findfont: score(<Font 'Noto Sans Hebrew' (NotoSansHebrew-Medium.ttf) normal normal medium normal>) = 10.145
DEBUG:matplotlib.font_manager:findfont: score(<Font 'NotoSansDisplay Nerd Font' (Noto Sans Display SemiCondensed SemiBold Nerd Font Complete.ttf) normal normal semibold condensed>) = 10.44
DEBUG:matplotlib.font_manager:findfont: score(<Font 'NotoSans Nerd Font' (Noto Sans Condensed Thin Italic Nerd Font Complete.ttf) italic normal 400 condensed>) = 11.25
DEBUG:matplotlib.font_manager:findfont: score(<Font 'mplus Nerd Font' (M+ 1p black Nerd Font Complete.ttf) normal normal 700 normal>) = 10.335
DEBUG:matplotlib.font_manager:findfont: score(<Font 'Noto Sans Hebrew' (NotoSansHebrew-Thin.ttf) normal normal 400 normal>) = 10.05
DEBUG:matplotlib.font_manager:findfont: score(<Font 'NotoSans Nerd Font' (Noto Sans ExtraCondensed Nerd Font Complete.ttf) normal normal 400 condensed>) = 10.25
DEBUG:matplotlib.font_manager:findfont: score(<Font 'Noto Serif Tamil' (NotoSerifTamil-Bold.ttf) normal normal 700 normal>) = 10.335
DEBUG:matplotlib.font_manager:findfont: score(<Font 'mplus Nerd Font' (M+ 1p bold Nerd Font Complete.ttf) normal normal 700 normal>) = 10.335
DEBUG:matplotlib.font_manager:findfont: score(<Font 'NotoSansDisplay Nerd Font Mono' (Noto Sans Display ExtraCondensed Nerd Font Complete Mono.ttf) normal normal 400 condensed>) = 10.25
DEBUG:matplotlib.font_manager:findfont: score(<Font 'mplus Nerd Font' (M+ 2c light Nerd Font Complete.ttf) normal normal light normal>) = 10.24
DEBUG:matplotlib.font_manager:findfont: score(<Font 'NotoSans Nerd Font' (Noto Sans Condensed Black Nerd Font Complete.ttf) normal normal black condensed>) = 10.725
DEBUG:matplotlib.font_manager:findfont: score(<Font 'NotoSerif Nerd Font' (Noto Serif ExtraCondensed Nerd Font Complete.ttf) normal normal 400 condensed>) = 10.25
DEBUG:matplotlib.font_manager:findfont: score(<Font 'NotoSerif Nerd Font' (Noto Serif Condensed Black Nerd Font Complete.ttf) normal normal black condensed>) = 10.725
DEBUG:matplotlib.font_manager:findfont: score(<Font 'NotoSerifDisplay Nerd Font' (Noto Serif Display Condensed SemiBold Nerd Font Complete.ttf) normal normal semibold condensed>) = 10.44
DEBUG:matplotlib.font_manager:findfont: score(<Font 'DejaVuSansMono Nerd Font Mono' (DejaVu Sans Mono Bold Nerd Font Complete Mono.ttf) normal normal 700 normal>) = 10.335
DEBUG:matplotlib.font_manager:findfont: score(<Font 'Overpass Nerd Font' (Overpass ExtraBold Nerd Font Complete.otf) normal normal bold normal>) = 10.335
DEBUG:matplotlib.font_manager:findfont: score(<Font 'NotoSansMono Nerd Font Mono' (Noto Sans Mono Condensed Light Nerd Font Complete Mono.ttf) normal normal light condensed>) = 10.44
DEBUG:matplotlib.font_manager:findfont: score(<Font 'NotoSerif Nerd Font' (Noto Serif SemiCondensed Bold Italic Nerd Font Complete.ttf) italic normal 700 condensed>) = 11.535
DEBUG:matplotlib.font_manager:findfont: score(<Font 'NotoSerifDisplay Nerd Font Mono' (Noto Serif Display ExtraCondensed Light Italic Nerd Font Complete Mono.ttf) italic normal light condensed>) = 11.44
DEBUG:matplotlib.font_manager:findfont: score(<Font 'Iosevka Term' (Iosevka Term Light Oblique Nerd Font Complete Mono.ttf) oblique normal light normal>) = 11.24
DEBUG:matplotlib.font_manager:findfont: score(<Font 'Overpass Nerd Font Mono' (Overpass Italic Nerd Font Complete Mono.otf) italic normal 400 normal>) = 11.05
DEBUG:matplotlib.font_manager:findfont: score(<Font 'Iosevka' (Iosevka Medium Oblique Nerd Font Complete.ttf) oblique normal medium normal>) = 11.145
DEBUG:matplotlib.font_manager:findfont: score(<Font 'Noto Sans Thai' (NotoSansThai-Medium.ttf) normal normal medium normal>) = 10.145
DEBUG:matplotlib.font_manager:findfont: score(<Font 'Noto Sans Cham' (NotoSansCham-Black.ttf) normal normal black normal>) = 10.525
DEBUG:matplotlib.font_manager:findfont: score(<Font 'NotoSansDisplay Nerd Font Mono' (Noto Sans Display Condensed ExtraLight Italic Nerd Font Complete Mono.ttf) italic normal light condensed>) = 11.44
DEBUG:matplotlib.font_manager:findfont: score(<Font 'CodeNewRoman Nerd Font' (Code New Roman Nerd Font Complete.otf) normal normal roman normal>) = 10.145
DEBUG:matplotlib.font_manager:findfont: score(<Font 'NotoSans Nerd Font Mono' (Noto Sans ExtraCondensed ExtraBold Italic Nerd Font Complete Mono.ttf) italic normal bold condensed>) = 11.535
DEBUG:matplotlib.font_manager:findfont: score(<Font 'NotoSerifDisplay Nerd Font' (Noto Serif Display Condensed ExtraLight Nerd Font Complete.ttf) normal normal light condensed>) = 10.44
DEBUG:matplotlib.font_manager:findfont: score(<Font 'Noto Sans Newa' (NotoSansNewa-Regular.ttf) normal normal regular normal>) = 10.05
DEBUG:matplotlib.font_manager:findfont: score(<Font 'Noto Serif Armenian' (NotoSerifArmenian-Bold.ttf) normal normal 700 normal>) = 10.335
DEBUG:matplotlib.font_manager:findfont: score(<Font 'OverpassMono Nerd Font' (Overpass Mono Bold Nerd Font Complete.otf) normal normal 700 normal>) = 10.335
DEBUG:matplotlib.font_manager:findfont: score(<Font 'OpenDyslexic Nerd Font' (OpenDyslexic Bold Nerd Font Complete.otf) normal normal 700 normal>) = 10.335
DEBUG:matplotlib.font_manager:findfont: score(<Font 'NotoSerifDisplay Nerd Font Mono' (Noto Serif Display SemiCondensed Bold Italic Nerd Font Complete Mono.ttf) italic normal 700 condensed>) = 11.535
DEBUG:matplotlib.font_manager:findfont: score(<Font 'NotoSansMono Nerd Font' (Noto Sans Mono SemiCondensed Black Nerd Font Complete.ttf) normal normal black condensed>) = 10.725
DEBUG:matplotlib.font_manager:findfont: score(<Font 'NotoSansDisplay Nerd Font Mono' (Noto Sans Display Light Nerd Font Complete Mono.ttf) normal normal light normal>) = 10.24
DEBUG:matplotlib.font_manager:findfont: score(<Font 'mplus Nerd Font' (M+ 2c Nerd Font Complete.ttf) normal normal 400 normal>) = 10.05
DEBUG:matplotlib.font_manager:findfont: score(<Font 'mplus Nerd Font Mono' (M+ 1c thin Nerd Font Complete Mono.ttf) normal normal 400 normal>) = 10.05
DEBUG:matplotlib.font_manager:findfont: score(<Font 'NotoSansDisplay Nerd Font Mono' (Noto Sans Display SemiCondensed Bold Italic Nerd Font Complete Mono.ttf) italic normal 700 condensed>) = 11.535
DEBUG:matplotlib.font_manager:findfont: score(<Font 'NotoSans Nerd Font Mono' (Noto Sans Thin Italic Nerd Font Complete Mono.ttf) italic normal 400 normal>) = 11.05
DEBUG:matplotlib.font_manager:findfont: score(<Font 'NotoSerif Nerd Font Mono' (Noto Serif Regular Nerd Font Complete Mono.ttf) normal normal regular normal>) = 10.05
DEBUG:matplotlib.font_manager:findfont: score(<Font 'Iosevka' (Iosevka Medium Oblique Nerd Font Complete.ttf) oblique normal medium normal>) = 11.145
DEBUG:matplotlib.font_manager:findfont: score(<Font 'NotoSerifDisplay Nerd Font Mono' (Noto Serif Display SemiCondensed Thin Nerd Font Complete Mono.ttf) normal normal 400 condensed>) = 10.25
DEBUG:matplotlib.font_manager:findfont: score(<Font 'mplus Nerd Font Mono' (M+ 2c bold Nerd Font Complete Mono.ttf) normal normal 700 normal>) = 10.335
DEBUG:matplotlib.font_manager:findfont: score(<Font 'NotoSerif Nerd Font Mono' (Noto Serif Thin Italic Nerd Font Complete Mono.ttf) italic normal 400 normal>) = 11.05
DEBUG:matplotlib.font_manager:findfont: score(<Font 'Iosevka' (Iosevka Medium Italic Nerd Font Complete Mono.ttf) italic normal medium normal>) = 11.145
DEBUG:matplotlib.font_manager:findfont: score(<Font 'NotoSans Nerd Font' (Noto Sans SemiCondensed Bold Italic Nerd Font Complete.ttf) italic normal 700 condensed>) = 11.535
DEBUG:matplotlib.font_manager:findfont: score(<Font 'NotoSansDisplay Nerd Font' (Noto Sans Display ExtraCondensed SemiBold Italic Nerd Font Complete.ttf) italic normal semibold condensed>) = 11.44
DEBUG:matplotlib.font_manager:findfont: score(<Font 'NotoSerif Nerd Font Mono' (Noto Serif ExtraCondensed ExtraBold Nerd Font Complete Mono.ttf) normal normal bold condensed>) = 10.535
DEBUG:matplotlib.font_manager:findfont: score(<Font 'NotoSerifDisplay Nerd Font Mono' (Noto Serif Display Black Italic Nerd Font Complete Mono.ttf) italic normal black normal>) = 11.525
DEBUG:matplotlib.font_manager:findfont: score(<Font 'NotoSansMono Nerd Font' (Noto Sans Mono SemiCondensed ExtraLight Nerd Font Complete.ttf) normal normal light condensed>) = 10.44
DEBUG:matplotlib.font_manager:findfont: score(<Font 'BitstreamVeraSansMono Nerd Font Mono' (Bitstream Vera Sans Mono Bold Nerd Font Complete Mono.ttf) normal normal 700 normal>) = 10.335
DEBUG:matplotlib.font_manager:findfont: score(<Font 'GoMono Nerd Font Mono' (Go Mono Bold Italic Nerd Font Complete Mono.ttf) italic normal 700 normal>) = 11.335
DEBUG:matplotlib.font_manager:findfont: score(<Font 'NotoSerifDisplay Nerd Font' (Noto Serif Display Condensed Light Italic Nerd Font Complete.ttf) italic normal light condensed>) = 11.44
DEBUG:matplotlib.font_manager:findfont: score(<Font 'NotoSerif Nerd Font' (Noto Serif SemiBold Nerd Font Complete.ttf) normal normal semibold normal>) = 10.24
DEBUG:matplotlib.font_manager:findfont: score(<Font 'Iosevka Term' (Iosevka Term Bold Italic Nerd Font Complete.ttf) italic normal 700 normal>) = 11.335
DEBUG:matplotlib.font_manager:findfont: score(<Font 'Iosevka Term' (Iosevka Term Heavy Oblique Nerd Font Complete.ttf) oblique normal 700 normal>) = 11.335
DEBUG:matplotlib.font_manager:findfont: score(<Font 'Noto Sans Cham' (NotoSansCham-Medium.ttf) normal normal medium normal>) = 10.145
DEBUG:matplotlib.font_manager:findfont: score(<Font 'Iosevka Term' (Iosevka Term Bold Italic Nerd Font Complete Mono.ttf) italic normal 700 normal>) = 11.335
DEBUG:matplotlib.font_manager:findfont: score(<Font 'Noto Sans NKo' (NotoSansNKo-Regular.ttf) normal normal regular normal>) = 10.05
DEBUG:matplotlib.font_manager:findfont: score(<Font 'Hurmit Nerd Font' (Hurmit Light Nerd Font Complete.otf) normal normal light normal>) = 10.24
DEBUG:matplotlib.font_manager:findfont: score(<Font 'NotoSansDisplay Nerd Font' (Noto Sans Display ExtraLight Italic Nerd Font Complete.ttf) italic normal light normal>) = 11.24
DEBUG:matplotlib.font_manager:findfont: score(<Font 'Noto Sans Gurmukhi UI' (NotoSansGurmukhiUI-Regular.ttf) normal normal regular normal>) = 10.05
DEBUG:matplotlib.font_manager:findfont: score(<Font 'NotoSerifDisplay Nerd Font Mono' (Noto Serif Display ExtraCondensed ExtraBold Nerd Font Complete Mono.ttf) normal normal bold condensed>) = 10.535
DEBUG:matplotlib.font_manager:findfont: score(<Font 'OpenDyslexic Nerd Font Mono' (OpenDyslexic Italic Nerd Font Complete Mono.otf) italic normal 400 normal>) = 11.05
DEBUG:matplotlib.font_manager:findfont: score(<Font 'Noto Sans Display' (NotoSansDisplay-BlackItalic.ttf) italic normal black normal>) = 11.525
DEBUG:matplotlib.font_manager:findfont: score(<Font 'CodeNewRoman Nerd Font Mono' (Code New Roman Nerd Font Complete Mono.otf) normal normal roman normal>) = 10.145
DEBUG:matplotlib.font_manager:findfont: score(<Font 'NotoSans Nerd Font' (Noto Sans Light Italic Nerd Font Complete.ttf) italic normal light normal>) = 11.24
DEBUG:matplotlib.font_manager:findfont: score(<Font 'OpenDyslexic Nerd Font Mono' (OpenDyslexic Regular Nerd Font Complete Mono.otf) normal normal 400 normal>) = 10.05
DEBUG:matplotlib.font_manager:findfont: score(<Font 'NotoSansDisplay Nerd Font Mono' (Noto Sans Display SemiCondensed Italic Nerd Font Complete Mono.ttf) italic normal 400 condensed>) = 11.25
DEBUG:matplotlib.font_manager:findfont: score(<Font 'NotoSerifDisplay Nerd Font Mono' (Noto Serif Display Condensed Medium Italic Nerd Font Complete Mono.ttf) italic normal medium condensed>) = 11.344999999999999
DEBUG:matplotlib.font_manager:findfont: score(<Font 'Iosevka Term' (Iosevka Term Bold Italic Nerd Font Complete.ttf) italic normal 700 normal>) = 11.335
DEBUG:matplotlib.font_manager:findfont: score(<Font 'Noto Sans Khmer UI' (NotoSansKhmerUI-Bold.ttf) normal normal 700 normal>) = 10.335
DEBUG:matplotlib.font_manager:findfont: score(<Font 'ProggyCleanTT Nerd Font' (ProggyCleanTT Nerd Font Complete.ttf) normal normal 400 normal>) = 10.05
DEBUG:matplotlib.font_manager:findfont: score(<Font 'mplus Nerd Font Mono' (M+ 2c Nerd Font Complete Mono.ttf) normal normal 400 normal>) = 10.05
DEBUG:matplotlib.font_manager:findfont: score(<Font 'NotoSerif Nerd Font Mono' (Noto Serif ExtraCondensed SemiBold Italic Nerd Font Complete Mono.ttf) italic normal semibold condensed>) = 11.44
DEBUG:matplotlib.font_manager:findfont: score(<Font 'Noto Serif' (NotoSerif-LightItalic.ttf) italic normal light normal>) = 11.24
DEBUG:matplotlib.font_manager:findfont: score(<Font 'NotoSerif Nerd Font' (Noto Serif Condensed ExtraLight Italic Nerd Font Complete.ttf) italic normal light condensed>) = 11.44
DEBUG:matplotlib.font_manager:findfont: score(<Font 'NotoSerif Nerd Font Mono' (Noto Serif SemiCondensed Nerd Font Complete Mono.ttf) normal normal 400 condensed>) = 10.25
DEBUG:matplotlib.font_manager:findfont: score(<Font 'DejaVu Serif' (DejaVuSerifCondensed.ttf) normal normal 400 condensed>) = 10.25
DEBUG:matplotlib.font_manager:findfont: score(<Font 'NotoSerif Nerd Font Mono' (Noto Serif ExtraCondensed SemiBold Italic Nerd Font Complete Mono.ttf) italic normal semibold condensed>) = 11.44
DEBUG:matplotlib.font_manager:findfont: score(<Font 'NotoSans Nerd Font' (Noto Sans SemiCondensed Thin Nerd Font Complete.ttf) normal normal 400 condensed>) = 10.25
DEBUG:matplotlib.font_manager:findfont: score(<Font 'mplus Nerd Font Mono' (M+ 1mn medium Nerd Font Complete Mono.ttf) normal normal medium normal>) = 10.145
DEBUG:matplotlib.font_manager:findfont: score(<Font 'NotoSansDisplay Nerd Font Mono' (Noto Sans Display Light Italic Nerd Font Complete Mono.ttf) italic normal light normal>) = 11.24
DEBUG:matplotlib.font_manager:findfont: score(<Font 'NotoSerifDisplay Nerd Font' (Noto Serif Display SemiCondensed ExtraLight Italic Nerd Font Complete.ttf) italic normal light condensed>) = 11.44
DEBUG:matplotlib.font_manager:findfont: score(<Font 'NotoSerif Nerd Font' (Noto Serif SemiCondensed Thin Italic Nerd Font Complete.ttf) italic normal 400 condensed>) = 11.25
DEBUG:matplotlib.font_manager:findfont: score(<Font 'SpaceMono Nerd Font Mono' (Space Mono Italic Nerd Font Complete Mono.ttf) italic normal 400 normal>) = 11.05
DEBUG:matplotlib.font_manager:findfont: score(<Font 'OpenDyslexicAlta Nerd Font' (OpenDyslexicAlta Bold Nerd Font Complete.otf) normal normal 700 normal>) = 10.335
DEBUG:matplotlib.font_manager:findfont: score(<Font 'Overpass Nerd Font' (Overpass Thin Nerd Font Complete.otf) normal normal 400 normal>) = 10.05
DEBUG:matplotlib.font_manager:findfont: score(<Font 'NotoSerifDisplay Nerd Font Mono' (Noto Serif Display SemiCondensed SemiBold Nerd Font Complete Mono.ttf) normal normal semibold condensed>) = 10.44
DEBUG:matplotlib.font_manager:findfont: score(<Font 'FuraCode Nerd Font Mono' (Fura Code Retina Nerd Font Complete Mono.otf) normal normal 400 normal>) = 10.05
DEBUG:matplotlib.font_manager:findfont: score(<Font 'NotoSerif Nerd Font' (Noto Serif Italic Nerd Font Complete.ttf) italic normal 400 normal>) = 11.05
DEBUG:matplotlib.font_manager:findfont: score(<Font 'Overpass Nerd Font' (Overpass Light Italic Nerd Font Complete.otf) italic normal light normal>) = 11.24
DEBUG:matplotlib.font_manager:findfont: score(<Font 'Nimbus Sans Narrow' (NimbusSansNarrow-BoldOblique.otf) oblique normal 700 condensed>) = 11.535
DEBUG:matplotlib.font_manager:findfont: score(<Font 'mplus Nerd Font' (M+ 2p thin Nerd Font Complete.ttf) normal normal 400 normal>) = 10.05
DEBUG:matplotlib.font_manager:findfont: score(<Font 'BlexMono Nerd Font' (Blex Mono Nerd Font Complete.ttf) normal normal 400 normal>) = 10.05
DEBUG:matplotlib.font_manager:findfont: score(<Font 'NotoSerifDisplay Nerd Font Mono' (Noto Serif Display ExtraCondensed Black Italic Nerd Font Complete Mono.ttf) italic normal black condensed>) = 11.725
DEBUG:matplotlib.font_manager:findfont: score(<Font 'Source Code Pro' (SourceCodePro-It.otf) italic normal 400 normal>) = 11.05
DEBUG:matplotlib.font_manager:findfont: score(<Font 'mplus Nerd Font' (M+ 2c bold Nerd Font Complete.ttf) normal normal 700 normal>) = 10.335
DEBUG:matplotlib.font_manager:findfont: score(<Font 'NotoSerif Nerd Font Mono' (Noto Serif Bold Nerd Font Complete Mono.ttf) normal normal 700 normal>) = 10.335
DEBUG:matplotlib.font_manager:findfont: score(<Font 'DejaVu Sans' (DejaVuSansCondensed-Bold.ttf) normal normal 700 condensed>) = 0.5349999999999999
DEBUG:matplotlib.font_manager:findfont: score(<Font 'BlexMono Nerd Font' (Blex Mono SemiBold Nerd Font Complete.ttf) normal normal semibold normal>) = 10.24
DEBUG:matplotlib.font_manager:findfont: score(<Font 'Noto Sans Khmer UI' (NotoSansKhmerUI-Medium.ttf) normal normal medium normal>) = 10.145
DEBUG:matplotlib.font_manager:findfont: score(<Font 'BlexMono Nerd Font Mono' (Blex Mono Text Italic Nerd Font Complete Mono.ttf) italic normal 400 normal>) = 11.05
DEBUG:matplotlib.font_manager:findfont: score(<Font 'NotoSansDisplay Nerd Font Mono' (Noto Sans Display ExtraCondensed SemiBold Nerd Font Complete Mono.ttf) normal normal semibold condensed>) = 10.44
DEBUG:matplotlib.font_manager:findfont: score(<Font 'Noto Sans Thai' (NotoSansThai-Thin.ttf) normal normal 400 normal>) = 10.05
DEBUG:matplotlib.font_manager:findfont: score(<Font 'NotoSerif Nerd Font' (Noto Serif SemiCondensed Bold Nerd Font Complete.ttf) normal normal 700 condensed>) = 10.535
DEBUG:matplotlib.font_manager:findfont: score(<Font 'Noto Sans' (NotoSans-LightItalic.ttf) italic normal light normal>) = 11.24
DEBUG:matplotlib.font_manager:findfont: score(<Font 'Overpass Nerd Font' (Overpass Italic Nerd Font Complete.otf) italic normal 400 normal>) = 11.05
DEBUG:matplotlib.font_manager:findfont: score(<Font 'NotoSansDisplay Nerd Font Mono' (Noto Sans Display ExtraLight Italic Nerd Font Complete Mono.ttf) italic normal light normal>) = 11.24
DEBUG:matplotlib.font_manager:findfont: score(<Font 'NotoSerif Nerd Font' (Noto Serif ExtraBold Italic Nerd Font Complete.ttf) italic normal bold normal>) = 11.335
DEBUG:matplotlib.font_manager:findfont: score(<Font 'RobotoMono Nerd Font' (Roboto Mono Thin Italic Nerd Font Complete.ttf) italic normal 400 normal>) = 11.05
DEBUG:matplotlib.font_manager:findfont: score(<Font 'NotoSerifDisplay Nerd Font Mono' (Noto Serif Display Condensed Light Italic Nerd Font Complete Mono.ttf) italic normal light condensed>) = 11.44
DEBUG:matplotlib.font_manager:findfont: score(<Font 'Libertinus Serif' (LibertinusSerif-SemiboldItalic.otf) italic normal 700 normal>) = 11.335
DEBUG:matplotlib.font_manager:findfont: score(<Font 'NotoSerif Nerd Font' (Noto Serif ExtraCondensed SemiBold Nerd Font Complete.ttf) normal normal semibold condensed>) = 10.44
DEBUG:matplotlib.font_manager:findfont: score(<Font 'NotoSerifDisplay Nerd Font' (Noto Serif Display SemiCondensed Thin Nerd Font Complete.ttf) normal normal 400 condensed>) = 10.25
DEBUG:matplotlib.font_manager:findfont: score(<Font 'Overpass Nerd Font' (Overpass Bold Italic Nerd Font Complete.otf) italic normal 700 normal>) = 11.335
DEBUG:matplotlib.font_manager:findfont: score(<Font 'Anonymice Nerd Font Mono' (Anonymice Nerd Font Complete Mono.ttf) normal normal 400 normal>) = 10.05
DEBUG:matplotlib.font_manager:findfont: score(<Font 'NotoSansDisplay Nerd Font' (Noto Sans Display Condensed ExtraBold Nerd Font Complete.ttf) normal normal bold condensed>) = 10.535
DEBUG:matplotlib.font_manager:findfont: score(<Font 'Tinos Nerd Font Mono' (Tinos Nerd Font Complete Mono.ttf) normal normal 400 normal>) = 10.05
DEBUG:matplotlib.font_manager:findfont: score(<Font 'BlexMono Nerd Font' (Blex Mono Thin Nerd Font Complete.ttf) normal normal 400 normal>) = 10.05
DEBUG:matplotlib.font_manager:findfont: score(<Font 'NotoSansDisplay Nerd Font Mono' (Noto Sans Display Condensed ExtraLight Italic Nerd Font Complete Mono.ttf) italic normal light condensed>) = 11.44
DEBUG:matplotlib.font_manager:findfont: score(<Font 'NotoSerifDisplay Nerd Font' (Noto Serif Display ExtraLight Nerd Font Complete.ttf) normal normal light normal>) = 10.24
DEBUG:matplotlib.font_manager:findfont: score(<Font 'NotoSerif Nerd Font' (Noto Serif Regular Nerd Font Complete.ttf) normal normal regular normal>) = 10.05
DEBUG:matplotlib.font_manager:findfont: score(<Font 'NotoSerif Nerd Font Mono' (Noto Serif SemiBold Italic Nerd Font Complete Mono.ttf) italic normal semibold normal>) = 11.24
DEBUG:matplotlib.font_manager:findfont: score(<Font 'mplus Nerd Font' (M+ 1c black Nerd Font Complete.ttf) normal normal 700 normal>) = 10.335
DEBUG:matplotlib.font_manager:findfont: score(<Font 'AurulentSansMono Nerd Font' (AurulentSansMono-Regular Nerd Font Complete.otf) normal normal regular normal>) = 10.05
DEBUG:matplotlib.font_manager:findfont: score(<Font 'Liberation Mono' (LiberationMono-Bold.ttf) normal normal 700 normal>) = 10.335
DEBUG:matplotlib.font_manager:findfont: score(<Font 'Noto Sans Avestan' (NotoSansAvestan-Regular.ttf) normal normal regular normal>) = 10.05
DEBUG:matplotlib.font_manager:findfont: score(<Font 'NotoSansMono Nerd Font Mono' (Noto Sans Mono SemiCondensed ExtraBold Nerd Font Complete Mono.ttf) normal normal bold condensed>) = 10.535
DEBUG:matplotlib.font_manager:findfont: score(<Font 'SauceCodePro Nerd Font Mono' (Sauce Code Pro Bold Nerd Font Complete Mono.ttf) normal normal 700 normal>) = 10.335
DEBUG:matplotlib.font_manager:findfont: score(<Font 'NotoSerif Nerd Font Mono' (Noto Serif Black Italic Nerd Font Complete Mono.ttf) italic normal black normal>) = 11.525
DEBUG:matplotlib.font_manager:findfont: score(<Font 'NotoSansDisplay Nerd Font' (Noto Sans Display Condensed Light Nerd Font Complete.ttf) normal normal light condensed>) = 10.44
DEBUG:matplotlib.font_manager:findfont: score(<Font 'NotoSans Nerd Font' (Noto Sans Condensed Nerd Font Complete.ttf) normal normal 400 condensed>) = 10.25
DEBUG:matplotlib.font_manager:findfont: score(<Font 'NotoSans Nerd Font' (Noto Sans Thin Nerd Font Complete.ttf) normal normal 400 normal>) = 10.05
DEBUG:matplotlib.font_manager:findfont: score(<Font 'Iosevka Term' (Iosevka Term Heavy Italic Nerd Font Complete.ttf) italic normal 700 normal>) = 11.335
DEBUG:matplotlib.font_manager:findfont: score(<Font 'RobotoMono Nerd Font' (Roboto Mono Medium Italic Nerd Font Complete.ttf) italic normal medium normal>) = 11.145
DEBUG:matplotlib.font_manager:findfont: score(<Font 'NotoSansDisplay Nerd Font' (Noto Sans Display Condensed Nerd Font Complete.ttf) normal normal 400 condensed>) = 10.25
DEBUG:matplotlib.font_manager:findfont: score(<Font 'NotoSerifDisplay Nerd Font Mono' (Noto Serif Display ExtraCondensed ExtraLight Italic Nerd Font Complete Mono.ttf) italic normal light condensed>) = 11.44
DEBUG:matplotlib.font_manager:findfont: score(<Font 'mplus Nerd Font' (M+ 1mn Nerd Font Complete.ttf) normal normal 400 normal>) = 10.05
DEBUG:matplotlib.font_manager:findfont: score(<Font 'Monofur Nerd Font Mono' (monofur Nerd Font Complete Mono.ttf) normal normal 400 normal>) = 10.05
DEBUG:matplotlib.font_manager:findfont: score(<Font 'NotoSerifDisplay Nerd Font Mono' (Noto Serif Display Thin Nerd Font Complete Mono.ttf) normal normal 400 normal>) = 10.05
DEBUG:matplotlib.font_manager:findfont: score(<Font 'NotoSerifDisplay Nerd Font Mono' (Noto Serif Display Condensed Bold Italic Nerd Font Complete Mono.ttf) italic normal 700 condensed>) = 11.535
DEBUG:matplotlib.font_manager:findfont: score(<Font 'FantasqueSansMono Nerd Font Mono' (Fantasque Sans Mono Bold Nerd Font Complete Mono.ttf) normal normal 700 normal>) = 10.335
DEBUG:matplotlib.font_manager:findfont: score(<Font 'NotoSerifDisplay Nerd Font Mono' (Noto Serif Display Regular Nerd Font Complete Mono.ttf) normal normal regular normal>) = 10.05
DEBUG:matplotlib.font_manager:findfont: score(<Font 'Fira Code' (FiraCode-Medium.otf) normal normal medium normal>) = 10.145
DEBUG:matplotlib.font_manager:findfont: score(<Font 'Fira Code' (FiraCode-Regular.otf) normal normal regular normal>) = 10.05
DEBUG:matplotlib.font_manager:findfont: score(<Font 'NotoSansDisplay Nerd Font' (Noto Sans Display SemiBold Italic Nerd Font Complete.ttf) italic normal semibold normal>) = 11.24
DEBUG:matplotlib.font_manager:findfont: score(<Font 'DejaVuSansMono Nerd Font' (DejaVu Sans Mono Nerd Font Complete.ttf) normal normal 400 normal>) = 10.05
DEBUG:matplotlib.font_manager:findfont: score(<Font 'mplus Nerd Font Mono' (M+ 2p Nerd Font Complete Mono.ttf) normal normal 400 normal>) = 10.05
DEBUG:matplotlib.font_manager:findfont: score(<Font 'Hasklug Nerd Font' (Hasklug Bold Italic Nerd Font Complete.otf) italic normal 700 normal>) = 11.335
DEBUG:matplotlib.font_manager:findfont: score(<Font 'NotoSans Nerd Font' (Noto Sans SemiBold Nerd Font Complete.ttf) normal normal semibold normal>) = 10.24
DEBUG:matplotlib.font_manager:findfont: score(<Font 'NotoSerif Nerd Font Mono' (Noto Serif Condensed Black Nerd Font Complete Mono.ttf) normal normal black condensed>) = 10.725
DEBUG:matplotlib.font_manager:findfont: score(<Font 'UbuntuMono Nerd Font Mono' (Ubuntu Mono Bold Nerd Font Complete Mono.ttf) normal normal 700 normal>) = 10.335
DEBUG:matplotlib.font_manager:findfont: score(<Font 'NotoSerifDisplay Nerd Font Mono' (Noto Serif Display Italic Nerd Font Complete Mono.ttf) italic normal 400 normal>) = 11.05
DEBUG:matplotlib.font_manager:findfont: score(<Font 'mplus Nerd Font Mono' (M+ 1m Nerd Font Complete Mono.ttf) normal normal 400 normal>) = 10.05
DEBUG:matplotlib.font_manager:findfont: score(<Font 'InconsolataLGC Nerd Font Mono' (Inconsolata LGC Bold Italic Nerd Font Complete Mono.ttf) italic normal 700 normal>) = 11.335
DEBUG:matplotlib.font_manager:findfont: score(<Font 'NotoSerifDisplay Nerd Font Mono' (Noto Serif Display SemiCondensed Light Nerd Font Complete Mono.ttf) normal normal light condensed>) = 10.44
DEBUG:matplotlib.font_manager:findfont: score(<Font 'Noto Sans Mandaic' (NotoSansMandaic-Regular.ttf) normal normal regular normal>) = 10.05
DEBUG:matplotlib.font_manager:findfont: score(<Font 'Iosevka Term' (Iosevka Term Medium Nerd Font Complete.ttf) normal normal medium normal>) = 10.145
DEBUG:matplotlib.font_manager:findfont: score(<Font 'Noto Sans Devanagari' (NotoSansDevanagari-Thin.ttf) normal normal 400 normal>) = 10.05
DEBUG:matplotlib.font_manager:findfont: score(<Font 'NotoSerifDisplay Nerd Font' (Noto Serif Display SemiCondensed ExtraBold Nerd Font Complete.ttf) normal normal bold condensed>) = 10.535
DEBUG:matplotlib.font_manager:findfont: score(<Font 'FuraMono Nerd Font' (Fura Mono Medium Nerd Font Complete.otf) normal normal medium normal>) = 10.145
DEBUG:matplotlib.font_manager:findfont: score(<Font 'Noto Sans Tamil UI' (NotoSansTamilUI-Regular.ttf) normal normal regular normal>) = 10.05
DEBUG:matplotlib.font_manager:findfont: score(<Font 'NotoSansMono Nerd Font' (Noto Sans Mono ExtraCondensed ExtraBold Nerd Font Complete.ttf) normal normal bold condensed>) = 10.535
DEBUG:matplotlib.font_manager:findfont: score(<Font 'NotoSansDisplay Nerd Font' (Noto Sans Display Bold Italic Nerd Font Complete.ttf) italic normal 700 normal>) = 11.335
DEBUG:matplotlib.font_manager:findfont: score(<Font 'Ubuntu Nerd Font' (Ubuntu Light Nerd Font Complete.ttf) normal normal light normal>) = 10.24
DEBUG:matplotlib.font_manager:findfont: score(<Font 'Fira Mono' (FiraMono-Regular.otf) normal normal 400 normal>) = 10.05
DEBUG:matplotlib.font_manager:findfont: score(<Font 'NotoSansDisplay Nerd Font' (Noto Sans Display SemiCondensed Medium Nerd Font Complete.ttf) normal normal medium condensed>) = 10.344999999999999
DEBUG:matplotlib.font_manager:findfont: score(<Font 'NotoSansDisplay Nerd Font Mono' (Noto Sans Display ExtraCondensed Italic Nerd Font Complete Mono.ttf) italic normal 400 condensed>) = 11.25
DEBUG:matplotlib.font_manager:findfont: score(<Font 'Noto Sans Buhid' (NotoSansBuhid-Regular.ttf) normal normal regular normal>) = 10.05
DEBUG:matplotlib.font_manager:findfont: score(<Font 'Noto Sans Tamil' (NotoSansTamil-Black.ttf) normal normal black normal>) = 10.525
DEBUG:matplotlib.font_manager:findfont: score(<Font 'NotoSerifDisplay Nerd Font Mono' (Noto Serif Display ExtraCondensed Medium Italic Nerd Font Complete Mono.ttf) italic normal medium condensed>) = 11.344999999999999
DEBUG:matplotlib.font_manager:findfont: score(<Font 'NotoSansDisplay Nerd Font' (Noto Sans Display SemiCondensed Bold Italic Nerd Font Complete.ttf) italic normal 700 condensed>) = 11.535
DEBUG:matplotlib.font_manager:findfont: score(<Font 'DejaVu Sans' (DejaVuSans-ExtraLight.ttf) normal normal light normal>) = 0.24
DEBUG:matplotlib.font_manager:findfont: score(<Font 'Noto Sans Bengali UI' (NotoSansBengaliUI-Black.ttf) normal normal black normal>) = 10.525
DEBUG:matplotlib.font_manager:findfont: score(<Font 'Noto Sans Arabic UI' (NotoSansArabicUI-Bold.ttf) normal normal 700 normal>) = 10.335
DEBUG:matplotlib.font_manager:findfont: score(<Font 'NotoSans Nerd Font Mono' (Noto Sans ExtraCondensed Thin Italic Nerd Font Complete Mono.ttf) italic normal 400 condensed>) = 11.25
DEBUG:matplotlib.font_manager:findfont: score(<Font 'Hack Nerd Font Mono' (Hack Italic Nerd Font Complete Mono.ttf) italic normal 400 normal>) = 11.05
DEBUG:matplotlib.font_manager:findfont: score(<Font 'mplus Nerd Font' (M+ 1mn thin Nerd Font Complete.ttf) normal normal 400 normal>) = 10.05
DEBUG:matplotlib.font_manager:findfont: score(<Font 'Noto Sans Sinhala' (NotoSansSinhala-Medium.ttf) normal normal medium normal>) = 10.145
DEBUG:matplotlib.font_manager:findfont: score(<Font 'NotoSerif Nerd Font' (Noto Serif Thin Italic Nerd Font Complete.ttf) italic normal 400 normal>) = 11.05
DEBUG:matplotlib.font_manager:findfont: score(<Font 'CodeNewRoman Nerd Font Mono' (Code New Roman Italic Nerd Font Complete Mono.otf) italic normal roman normal>) = 11.145
DEBUG:matplotlib.font_manager:findfont: score(<Font 'NotoSansDisplay Nerd Font' (Noto Sans Display ExtraCondensed Light Nerd Font Complete.ttf) normal normal light condensed>) = 10.44
DEBUG:matplotlib.font_manager:findfont: score(<Font 'mplus Nerd Font Mono' (M+ 1c Nerd Font Complete Mono.ttf) normal normal 400 normal>) = 10.05
DEBUG:matplotlib.font_manager:findfont: score(<Font 'mplus Nerd Font' (M+ 2m thin Nerd Font Complete.ttf) normal normal 400 normal>) = 10.05
DEBUG:matplotlib.font_manager:findfont: score(<Font 'NotoSans Nerd Font Mono' (Noto Sans ExtraCondensed SemiBold Italic Nerd Font Complete Mono.ttf) italic normal semibold condensed>) = 11.44
DEBUG:matplotlib.font_manager:findfont: score(<Font 'Ubuntu Nerd Font Mono' (Ubuntu Medium Italic Nerd Font Complete Mono.ttf) italic normal 700 normal>) = 11.335
DEBUG:matplotlib.font_manager:findfont: score(<Font 'Iosevka' (Iosevka Italic Nerd Font Complete.ttf) italic normal 400 normal>) = 11.05
DEBUG:matplotlib.font_manager:findfont: score(<Font 'Liberation Serif' (LiberationSerif-BoldItalic.ttf) italic normal 700 normal>) = 11.335
DEBUG:matplotlib.font_manager:findfont: score(<Font 'Iosevka Term' (Iosevka Term Extralight Nerd Font Complete Mono.ttf) normal normal light normal>) = 10.24
DEBUG:matplotlib.font_manager:findfont: score(<Font 'Noto Sans Sora Sompeng' (NotoSansSoraSompeng-Regular.ttf) normal normal regular normal>) = 10.05
DEBUG:matplotlib.font_manager:findfont: score(<Font 'NotoSerif Nerd Font' (Noto Serif SemiBold Italic Nerd Font Complete.ttf) italic normal semibold normal>) = 11.24
DEBUG:matplotlib.font_manager:findfont: score(<Font 'NotoSansDisplay Nerd Font' (Noto Sans Display Condensed ExtraBold Italic Nerd Font Complete.ttf) italic normal bold condensed>) = 11.535
DEBUG:matplotlib.font_manager:findfont: score(<Font 'Iosevka Term' (Iosevka Term Extralight Oblique Nerd Font Complete Mono.ttf) oblique normal light normal>) = 11.24
DEBUG:matplotlib.font_manager:findfont: score(<Font 'Noto Sans Display' (NotoSansDisplay-MediumItalic.ttf) italic normal medium normal>) = 11.145
DEBUG:matplotlib.font_manager:findfont: score(<Font 'NotoSerif Nerd Font Mono' (Noto Serif ExtraCondensed Light Nerd Font Complete Mono.ttf) normal normal light condensed>) = 10.44
DEBUG:matplotlib.font_manager:findfont: score(<Font 'NotoSerifDisplay Nerd Font Mono' (Noto Serif Display SemiCondensed ExtraLight Nerd Font Complete Mono.ttf) normal normal light condensed>) = 10.44
DEBUG:matplotlib.font_manager:findfont: score(<Font 'Noto Sans Sinhala' (NotoSansSinhala-Light.ttf) normal normal light normal>) = 10.24
DEBUG:matplotlib.font_manager:findfont: score(<Font 'Iosevka Term' (Iosevka Term Bold Oblique Nerd Font Complete Mono.ttf) oblique normal 700 normal>) = 11.335
DEBUG:matplotlib.font_manager:findfont: score(<Font 'C059' (C059-Italic.otf) italic normal 400 normal>) = 11.05
DEBUG:matplotlib.font_manager:findfont: score(<Font 'NotoSerif Nerd Font' (Noto Serif ExtraCondensed Black Italic Nerd Font Complete.ttf) italic normal black condensed>) = 11.725
DEBUG:matplotlib.font_manager:findfont: score(<Font 'Noto Sans' (NotoSans-BoldItalic.ttf) italic normal 700 normal>) = 11.335
DEBUG:matplotlib.font_manager:findfont: score(<Font 'NotoSans Nerd Font Mono' (Noto Sans ExtraCondensed Medium Nerd Font Complete Mono.ttf) normal normal medium condensed>) = 10.344999999999999
DEBUG:matplotlib.font_manager:findfont: score(<Font 'NotoSerif Nerd Font Mono' (Noto Serif SemiCondensed ExtraBold Italic Nerd Font Complete Mono.ttf) italic normal bold condensed>) = 11.535
DEBUG:matplotlib.font_manager:findfont: score(<Font 'NotoSansMono Nerd Font' (Noto Sans Mono Condensed Light Nerd Font Complete.ttf) normal normal light condensed>) = 10.44
DEBUG:matplotlib.font_manager:findfont: score(<Font 'NotoSerifDisplay Nerd Font Mono' (Noto Serif Display SemiCondensed ExtraBold Italic Nerd Font Complete Mono.ttf) italic normal bold condensed>) = 11.535
DEBUG:matplotlib.font_manager:findfont: score(<Font 'BlexMono Nerd Font Mono' (Blex Mono Bold Nerd Font Complete Mono.ttf) normal normal 700 normal>) = 10.335
DEBUG:matplotlib.font_manager:findfont: score(<Font 'NotoSerifDisplay Nerd Font' (Noto Serif Display SemiCondensed Medium Italic Nerd Font Complete.ttf) italic normal medium condensed>) = 11.344999999999999
DEBUG:matplotlib.font_manager:findfont: score(<Font 'NotoSansDisplay Nerd Font Mono' (Noto Sans Display ExtraLight Nerd Font Complete Mono.ttf) normal normal light normal>) = 10.24
DEBUG:matplotlib.font_manager:findfont: score(<Font 'Overpass Nerd Font' (Overpass Thin Italic Nerd Font Complete.otf) italic normal 400 normal>) = 11.05
DEBUG:matplotlib.font_manager:findfont: score(<Font 'NotoSansMono Nerd Font Mono' (Noto Sans Mono Bold Nerd Font Complete Mono.ttf) normal normal 700 normal>) = 10.335
DEBUG:matplotlib.font_manager:findfont: score(<Font 'NotoSans Nerd Font Mono' (Noto Sans ExtraCondensed Italic Nerd Font Complete Mono.ttf) italic normal 400 condensed>) = 11.25
DEBUG:matplotlib.font_manager:findfont: score(<Font 'NotoSans Nerd Font Mono' (Noto Sans Condensed Light Italic Nerd Font Complete Mono.ttf) italic normal light condensed>) = 11.44
DEBUG:matplotlib.font_manager:findfont: score(<Font 'Noto Sans Gurmukhi' (NotoSansGurmukhi-Light.ttf) normal normal light normal>) = 10.24
DEBUG:matplotlib.font_manager:findfont: score(<Font 'Source Code Pro' (SourceCodePro-ExtraLightIt.otf) italic normal light normal>) = 11.24
DEBUG:matplotlib.font_manager:findfont: score(<Font 'NotoSans Nerd Font Mono' (Noto Sans Condensed ExtraLight Italic Nerd Font Complete Mono.ttf) italic normal light condensed>) = 11.44
DEBUG:matplotlib.font_manager:findfont: score(<Font 'Anonymice Nerd Font' (Anonymice Nerd Font Complete.ttf) normal normal 400 normal>) = 10.05
DEBUG:matplotlib.font_manager:findfont: score(<Font 'NotoSans Nerd Font' (Noto Sans Thin Italic Nerd Font Complete.ttf) italic normal 400 normal>) = 11.05
DEBUG:matplotlib.font_manager:findfont: score(<Font 'mplus Nerd Font Mono' (M+ 1m medium Nerd Font Complete Mono.ttf) normal normal medium normal>) = 10.145
DEBUG:matplotlib.font_manager:findfont: score(<Font 'Noto Sans Mono' (NotoSansMono-Regular.ttf) normal normal regular normal>) = 10.05
DEBUG:matplotlib.font_manager:findfont: score(<Font 'Noto Sans Mono' (NotoSansMono-Bold.ttf) normal normal 700 normal>) = 10.335
DEBUG:matplotlib.font_manager:findfont: score(<Font 'BitstreamVeraSansMono Nerd Font' (Bitstream Vera Sans Mono Bold Nerd Font Complete.ttf) normal normal 700 normal>) = 10.335
DEBUG:matplotlib.font_manager:findfont: score(<Font 'NotoSansDisplay Nerd Font Mono' (Noto Sans Display Medium Italic Nerd Font Complete Mono.ttf) italic normal medium normal>) = 11.145
DEBUG:matplotlib.font_manager:findfont: score(<Font 'NotoSansMono Nerd Font Mono' (Noto Sans Mono SemiCondensed Nerd Font Complete Mono.ttf) normal normal 400 condensed>) = 10.25
DEBUG:matplotlib.font_manager:findfont: score(<Font 'NotoSerifDisplay Nerd Font' (Noto Serif Display Condensed Black Nerd Font Complete.ttf) normal normal black condensed>) = 10.725
DEBUG:matplotlib.font_manager:findfont: score(<Font 'TerminessTTF Nerd Font Mono' (Terminess (TTF) Bold Nerd Font Complete Mono.ttf) normal normal 700 normal>) = 10.335
DEBUG:matplotlib.font_manager:findfont: score(<Font 'NotoSansMono Nerd Font Mono' (Noto Sans Mono SemiCondensed SemiBold Nerd Font Complete Mono.ttf) normal normal semibold condensed>) = 10.44
DEBUG:matplotlib.font_manager:findfont: score(<Font 'OverpassMono Nerd Font' (Overpass Mono SemiBold Nerd Font Complete.otf) normal normal 700 normal>) = 10.335
DEBUG:matplotlib.font_manager:findfont: score(<Font 'Noto Sans Khmer UI' (NotoSansKhmerUI-Light.ttf) normal normal light normal>) = 10.24
DEBUG:matplotlib.font_manager:findfont: score(<Font 'RobotoMono Nerd Font' (Roboto Mono Light Nerd Font Complete.ttf) normal normal light normal>) = 10.24
DEBUG:matplotlib.font_manager:findfont: score(<Font 'NotoSansDisplay Nerd Font Mono' (Noto Sans Display SemiCondensed ExtraLight Italic Nerd Font Complete Mono.ttf) italic normal light condensed>) = 11.44
DEBUG:matplotlib.font_manager:findfont: score(<Font 'Hasklug Nerd Font' (Hasklug Semibold Nerd Font Complete.otf) normal normal semibold normal>) = 10.24
DEBUG:matplotlib.font_manager:findfont: score(<Font 'SauceCodePro Nerd Font' (Sauce Code Pro ExtraLight Nerd Font Complete.ttf) normal normal light normal>) = 10.24
DEBUG:matplotlib.font_manager:findfont: score(<Font 'NotoSerif Nerd Font' (Noto Serif SemiBold Italic Nerd Font Complete.ttf) italic normal semibold normal>) = 11.24
DEBUG:matplotlib.font_manager:findfont: score(<Font 'Nimbus Roman' (NimbusRoman-Regular.otf) normal normal roman normal>) = 10.145
DEBUG:matplotlib.font_manager:findfont: score(<Font 'NotoSerif Nerd Font' (Noto Serif Condensed Thin Nerd Font Complete.ttf) normal normal 400 condensed>) = 10.25
DEBUG:matplotlib.font_manager:findfont: score(<Font 'Cousine Nerd Font' (Cousine Bold Italic Nerd Font Complete.ttf) italic normal 700 normal>) = 11.335
DEBUG:matplotlib.font_manager:findfont: score(<Font 'Noto Sans Telugu UI' (NotoSansTeluguUI-Black.ttf) normal normal black normal>) = 10.525
DEBUG:matplotlib.font_manager:findfont: score(<Font 'NotoSansDisplay Nerd Font Mono' (Noto Sans Display Condensed ExtraBold Italic Nerd Font Complete Mono.ttf) italic normal bold condensed>) = 11.535
DEBUG:matplotlib.font_manager:findfont: score(<Font 'InconsolataLGC Nerd Font' (Inconsolata LGC Nerd Font Complete.ttf) normal normal 400 normal>) = 10.05
DEBUG:matplotlib.font_manager:findfont: score(<Font 'NotoSerif Nerd Font' (Noto Serif Italic Nerd Font Complete.ttf) italic normal 400 normal>) = 11.05
DEBUG:matplotlib.font_manager:findfont: score(<Font 'Noto Sans Batak' (NotoSansBatak-Regular.ttf) normal normal regular normal>) = 10.05
DEBUG:matplotlib.font_manager:findfont: score(<Font 'Ubuntu Nerd Font' (Ubuntu Nerd Font Complete.ttf) normal normal 400 normal>) = 10.05
DEBUG:matplotlib.font_manager:findfont: score(<Font 'mplus Nerd Font Mono' (M+ 1p medium Nerd Font Complete Mono.ttf) normal normal medium normal>) = 10.145
DEBUG:matplotlib.font_manager:findfont: score(<Font 'Iosevka Term' (Iosevka Term Thin Italic Nerd Font Complete.ttf) italic normal 400 normal>) = 11.05
DEBUG:matplotlib.font_manager:findfont: score(<Font 'NotoSansDisplay Nerd Font Mono' (Noto Sans Display Condensed Black Italic Nerd Font Complete Mono.ttf) italic normal black condensed>) = 11.725
DEBUG:matplotlib.font_manager:findfont: score(<Font 'NotoSerif Nerd Font Mono' (Noto Serif Black Nerd Font Complete Mono.ttf) normal normal black normal>) = 10.525
DEBUG:matplotlib.font_manager:findfont: score(<Font 'NotoSans Nerd Font' (Noto Sans Light Italic Nerd Font Complete.ttf) italic normal light normal>) = 11.24
DEBUG:matplotlib.font_manager:findfont: score(<Font 'RobotoMono Nerd Font Mono' (Roboto Mono Light Nerd Font Complete Mono.ttf) normal normal light normal>) = 10.24
DEBUG:matplotlib.font_manager:findfont: score(<Font 'NotoSerifDisplay Nerd Font Mono' (Noto Serif Display SemiCondensed Black Italic Nerd Font Complete Mono.ttf) italic normal black condensed>) = 11.725
DEBUG:matplotlib.font_manager:findfont: score(<Font 'NotoSans Nerd Font Mono' (Noto Sans SemiCondensed Thin Italic Nerd Font Complete Mono.ttf) italic normal 400 condensed>) = 11.25
DEBUG:matplotlib.font_manager:findfont: score(<Font 'Noto Serif Khmer' (NotoSerifKhmer-Thin.ttf) normal normal 400 normal>) = 10.05
DEBUG:matplotlib.font_manager:findfont: score(<Font 'Iosevka Term' (Iosevka Term Heavy Oblique Nerd Font Complete Mono.ttf) oblique normal 700 normal>) = 11.335
DEBUG:matplotlib.font_manager:findfont: score(<Font 'NotoSans Nerd Font' (Noto Sans ExtraCondensed Italic Nerd Font Complete.ttf) italic normal 400 condensed>) = 11.25
DEBUG:matplotlib.font_manager:findfont: score(<Font 'Noto Serif Gurmukhi' (NotoSerifGurmukhi-Regular.ttf) normal normal regular normal>) = 10.05
DEBUG:matplotlib.font_manager:findfont: score(<Font 'NotoSans Nerd Font Mono' (Noto Sans SemiBold Italic Nerd Font Complete Mono.ttf) italic normal semibold normal>) = 11.24
DEBUG:matplotlib.font_manager:findfont: score(<Font 'NotoSansDisplay Nerd Font' (Noto Sans Display SemiCondensed Italic Nerd Font Complete.ttf) italic normal 400 condensed>) = 11.25
DEBUG:matplotlib.font_manager:findfont: score(<Font 'NotoSerifDisplay Nerd Font' (Noto Serif Display SemiCondensed Bold Italic Nerd Font Complete.ttf) italic normal 700 condensed>) = 11.535
DEBUG:matplotlib.font_manager:findfont: score(<Font 'Noto Sans Miao' (NotoSansMiao-Regular.ttf) normal normal regular normal>) = 10.05
DEBUG:matplotlib.font_manager:findfont: score(<Font 'NotoSerifDisplay Nerd Font Mono' (Noto Serif Display Condensed ExtraLight Nerd Font Complete Mono.ttf) normal normal light condensed>) = 10.44
DEBUG:matplotlib.font_manager:findfont: score(<Font 'NotoSerif Nerd Font' (Noto Serif ExtraBold Nerd Font Complete.ttf) normal normal bold normal>) = 10.335
DEBUG:matplotlib.font_manager:findfont: score(<Font 'Iosevka' (Iosevka Light Oblique Nerd Font Complete.ttf) oblique normal light normal>) = 11.24
DEBUG:matplotlib.font_manager:findfont: score(<Font 'Noto Sans Kannada UI' (NotoSansKannadaUI-Black.ttf) normal normal black normal>) = 10.525
DEBUG:matplotlib.font_manager:findfont: score(<Font 'Hasklug Nerd Font' (Hasklug Black Nerd Font Complete.otf) normal normal black normal>) = 10.525
DEBUG:matplotlib.font_manager:findfont: score(<Font 'NotoSerifDisplay Nerd Font' (Noto Serif Display Medium Nerd Font Complete.ttf) normal normal medium normal>) = 10.145
DEBUG:matplotlib.font_manager:findfont: score(<Font 'NotoSerifDisplay Nerd Font' (Noto Serif Display SemiCondensed Light Italic Nerd Font Complete.ttf) italic normal light condensed>) = 11.44
DEBUG:matplotlib.font_manager:findfont: score(<Font 'Hasklug Nerd Font Mono' (Hasklug ExtraLight Italic Nerd Font Complete Mono.otf) italic normal light normal>) = 11.24
DEBUG:matplotlib.font_manager:findfont: score(<Font 'Noto Sans Devanagari UI' (NotoSansDevanagariUI-Regular.ttf) normal normal regular normal>) = 10.05
DEBUG:matplotlib.font_manager:findfont: score(<Font 'Noto Serif Bengali' (NotoSerifBengali-Regular.ttf) normal normal regular normal>) = 10.05
DEBUG:matplotlib.font_manager:findfont: score(<Font 'Overpass Nerd Font Mono' (Overpass Regular Nerd Font Complete Mono.otf) normal normal regular normal>) = 10.05
DEBUG:matplotlib.font_manager:findfont: score(<Font 'SauceCodePro Nerd Font' (Sauce Code Pro Black Italic Nerd Font Complete.ttf) italic normal black normal>) = 11.525
DEBUG:matplotlib.font_manager:findfont: score(<Font 'Noto Serif Display' (NotoSerifDisplay-Light.ttf) normal normal light normal>) = 10.24
DEBUG:matplotlib.font_manager:findfont: score(<Font 'NotoSans Nerd Font Mono' (Noto Sans Condensed ExtraLight Nerd Font Complete Mono.ttf) normal normal light condensed>) = 10.44
DEBUG:matplotlib.font_manager:findfont: score(<Font 'Iosevka' (Iosevka Oblique Nerd Font Complete Mono.ttf) oblique normal 400 normal>) = 11.05
DEBUG:matplotlib.font_manager:findfont: score(<Font 'InconsolataGo Nerd Font' (InconsolataGo Bold Nerd Font Complete.ttf) normal normal 700 normal>) = 10.335
DEBUG:matplotlib.font_manager:findfont: score(<Font 'NotoSans Nerd Font Mono' (Noto Sans Condensed SemiBold Italic Nerd Font Complete Mono.ttf) italic normal semibold condensed>) = 11.44
DEBUG:matplotlib.font_manager:findfont: score(<Font 'mplus Nerd Font' (M+ 1c thin Nerd Font Complete.ttf) normal normal 400 normal>) = 10.05
DEBUG:matplotlib.font_manager:findfont: score(<Font 'RobotoMono Nerd Font' (Roboto Mono Light Nerd Font Complete.ttf) normal normal light normal>) = 10.24
DEBUG:matplotlib.font_manager:findfont: score(<Font 'Overpass Nerd Font Mono' (Overpass Light Italic Nerd Font Complete Mono.otf) italic normal light normal>) = 11.24
DEBUG:matplotlib.font_manager:findfont: score(<Font 'NotoSansDisplay Nerd Font Mono' (Noto Sans Display Regular Nerd Font Complete Mono.ttf) normal normal regular normal>) = 10.05
DEBUG:matplotlib.font_manager:findfont: score(<Font 'NotoSerif Nerd Font Mono' (Noto Serif Regular Nerd Font Complete Mono.ttf) normal normal regular normal>) = 10.05
DEBUG:matplotlib.font_manager:findfont: score(<Font 'Iosevka' (Iosevka Medium Nerd Font Complete.ttf) normal normal medium normal>) = 10.145
DEBUG:matplotlib.font_manager:findfont: score(<Font 'NotoSansDisplay Nerd Font Mono' (Noto Sans Display ExtraCondensed Black Nerd Font Complete Mono.ttf) normal normal black condensed>) = 10.725
DEBUG:matplotlib.font_manager:findfont: score(<Font 'RobotoMono Nerd Font Mono' (Roboto Mono Light Italic Nerd Font Complete Mono.ttf) italic normal light normal>) = 11.24
DEBUG:matplotlib.font_manager:findfont: score(<Font 'Iosevka' (Iosevka Bold Oblique Nerd Font Complete Mono.ttf) oblique normal 700 normal>) = 11.335
DEBUG:matplotlib.font_manager:findfont: score(<Font 'Iosevka Term' (Iosevka Term Light Italic Nerd Font Complete.ttf) italic normal light normal>) = 11.24
DEBUG:matplotlib.font_manager:findfont: score(<Font 'mplus Nerd Font Mono' (M+ 1p medium Nerd Font Complete Mono.ttf) normal normal medium normal>) = 10.145
DEBUG:matplotlib.font_manager:findfont: score(<Font 'Noto Sans Georgian' (NotoSansGeorgian-Black.ttf) normal normal black normal>) = 10.525
DEBUG:matplotlib.font_manager:findfont: score(<Font 'NotoSerif Nerd Font' (Noto Serif Condensed Light Italic Nerd Font Complete.ttf) italic normal light condensed>) = 11.44
DEBUG:matplotlib.font_manager:findfont: score(<Font 'NotoSansDisplay Nerd Font' (Noto Sans Display SemiCondensed ExtraBold Nerd Font Complete.ttf) normal normal bold condensed>) = 10.535
DEBUG:matplotlib.font_manager:findfont: score(<Font 'mplus Nerd Font Mono' (M+ 2p Nerd Font Complete Mono.ttf) normal normal 400 normal>) = 10.05
DEBUG:matplotlib.font_manager:findfont: score(<Font 'NotoSerifDisplay Nerd Font Mono' (Noto Serif Display ExtraCondensed Thin Italic Nerd Font Complete Mono.ttf) italic normal 400 condensed>) = 11.25
DEBUG:matplotlib.font_manager:findfont: score(<Font 'NotoSans Nerd Font' (Noto Sans ExtraCondensed Bold Nerd Font Complete.ttf) normal normal 700 condensed>) = 10.535
DEBUG:matplotlib.font_manager:findfont: score(<Font 'Noto Sans Pahawh Hmong' (NotoSansPahawhHmong-Regular.ttf) normal normal regular normal>) = 10.05
DEBUG:matplotlib.font_manager:findfont: score(<Font 'SpaceMono Nerd Font Mono' (Space Mono Italic Nerd Font Complete Mono.ttf) italic normal 400 normal>) = 11.05
DEBUG:matplotlib.font_manager:findfont: score(<Font 'Iosevka' (Iosevka Oblique Nerd Font Complete Mono.ttf) oblique normal 400 normal>) = 11.05
DEBUG:matplotlib.font_manager:findfont: score(<Font 'Iosevka' (Iosevka Heavy Italic Nerd Font Complete Mono.ttf) italic normal 700 normal>) = 11.335
DEBUG:matplotlib.font_manager:findfont: score(<Font 'NotoSansDisplay Nerd Font' (Noto Sans Display Condensed Thin Nerd Font Complete.ttf) normal normal 400 condensed>) = 10.25
DEBUG:matplotlib.font_manager:findfont: score(<Font 'Noto Sans Bengali UI' (NotoSansBengaliUI-Regular.ttf) normal normal regular normal>) = 10.05
DEBUG:matplotlib.font_manager:findfont: score(<Font 'NotoSerif Nerd Font Mono' (Noto Serif Condensed Thin Nerd Font Complete Mono.ttf) normal normal 400 condensed>) = 10.25
DEBUG:matplotlib.font_manager:findfont: score(<Font 'NotoSans Nerd Font' (Noto Sans ExtraCondensed SemiBold Nerd Font Complete.ttf) normal normal semibold condensed>) = 10.44
DEBUG:matplotlib.font_manager:findfont: score(<Font 'Serto Batnan' (SyrCOMBatnan.otf) normal normal 400 normal>) = 10.05
DEBUG:matplotlib.font_manager:findfont: score(<Font 'RobotoMono Nerd Font Mono' (Roboto Mono Medium Italic Nerd Font Complete Mono.ttf) italic normal medium normal>) = 11.145
DEBUG:matplotlib.font_manager:findfont: score(<Font 'Noto Serif Malayalam' (NotoSerifMalayalam-Thin.ttf) normal normal 400 normal>) = 10.05
DEBUG:matplotlib.font_manager:findfont: score(<Font 'NotoSansMono Nerd Font' (Noto Sans Mono SemiCondensed Thin Nerd Font Complete.ttf) normal normal 400 condensed>) = 10.25
DEBUG:matplotlib.font_manager:findfont: score(<Font 'Noto Serif Sinhala' (NotoSerifSinhala-Medium.ttf) normal normal medium normal>) = 10.145
DEBUG:matplotlib.font_manager:findfont: score(<Font 'Iosevka' (Iosevka Light Nerd Font Complete.ttf) normal normal light normal>) = 10.24
DEBUG:matplotlib.font_manager:findfont: score(<Font 'NotoSerifDisplay Nerd Font Mono' (Noto Serif Display Condensed ExtraBold Italic Nerd Font Complete Mono.ttf) italic normal bold condensed>) = 11.535
DEBUG:matplotlib.font_manager:findfont: score(<Font 'NotoSansDisplay Nerd Font Mono' (Noto Sans Display SemiCondensed ExtraBold Nerd Font Complete Mono.ttf) normal normal bold condensed>) = 10.535
DEBUG:matplotlib.font_manager:findfont: score(<Font 'Source Code Pro' (SourceCodePro-Light.otf) normal normal light normal>) = 10.24
DEBUG:matplotlib.font_manager:findfont: score(<Font 'Noto Serif Thai' (NotoSerifThai-Medium.ttf) normal normal medium normal>) = 10.145
DEBUG:matplotlib.font_manager:findfont: score(<Font 'NotoSerifDisplay Nerd Font' (Noto Serif Display Condensed Medium Nerd Font Complete.ttf) normal normal medium condensed>) = 10.344999999999999
DEBUG:matplotlib.font_manager:findfont: score(<Font 'Liberation Mono' (LiberationMono-Italic.ttf) italic normal 400 normal>) = 11.05
DEBUG:matplotlib.font_manager:findfont: score(<Font 'CodeNewRoman Nerd Font' (Code New Roman Italic Nerd Font Complete.otf) italic normal roman normal>) = 11.145
DEBUG:matplotlib.font_manager:findfont: score(<Font 'NotoSerif Nerd Font Mono' (Noto Serif SemiCondensed Light Nerd Font Complete Mono.ttf) normal normal light condensed>) = 10.44
DEBUG:matplotlib.font_manager:findfont: score(<Font 'TerminessTTF Nerd Font' (Terminess (TTF) Bold Nerd Font Complete.ttf) normal normal 700 normal>) = 10.335
DEBUG:matplotlib.font_manager:findfont: score(<Font 'NotoSansDisplay Nerd Font Mono' (Noto Sans Display SemiCondensed Thin Italic Nerd Font Complete Mono.ttf) italic normal 400 condensed>) = 11.25
DEBUG:matplotlib.font_manager:findfont: score(<Font 'Noto Serif Devanagari' (NotoSerifDevanagari-Regular.ttf) normal normal regular normal>) = 10.05
DEBUG:matplotlib.font_manager:findfont: score(<Font 'Noto Serif' (NotoSerif-Medium.ttf) normal normal medium normal>) = 10.145
DEBUG:matplotlib.font_manager:findfont: score(<Font 'Noto Sans Devanagari' (NotoSansDevanagari-Bold.ttf) normal normal 700 normal>) = 10.335
DEBUG:matplotlib.font_manager:findfont: score(<Font 'NotoSansDisplay Nerd Font Mono' (Noto Sans Display Condensed Nerd Font Complete Mono.ttf) normal normal 400 condensed>) = 10.25
DEBUG:matplotlib.font_manager:findfont: score(<Font 'NotoSerif Nerd Font Mono' (Noto Serif SemiCondensed Thin Italic Nerd Font Complete Mono.ttf) italic normal 400 condensed>) = 11.25
DEBUG:matplotlib.font_manager:findfont: score(<Font 'Liberation Sans' (LiberationSans-Italic.ttf) italic normal 400 normal>) = 11.05
DEBUG:matplotlib.font_manager:findfont: score(<Font 'OpenDyslexicAlta Nerd Font Mono' (OpenDyslexicAlta Bold Italic Nerd Font Complete Mono.otf) italic normal 700 normal>) = 11.335
DEBUG:matplotlib.font_manager:findfont: score(<Font 'SauceCodePro Nerd Font Mono' (Sauce Code Pro Semibold Italic Nerd Font Complete Mono.ttf) italic normal semibold normal>) = 11.24
DEBUG:matplotlib.font_manager:findfont: score(<Font 'RobotoMono Nerd Font Mono' (Roboto Mono Medium Nerd Font Complete Mono.ttf) normal normal medium normal>) = 10.145
DEBUG:matplotlib.font_manager:findfont: score(<Font 'Iosevka Term' (Iosevka Term Bold Nerd Font Complete Mono.ttf) normal normal 700 normal>) = 10.335
DEBUG:matplotlib.font_manager:findfont: score(<Font 'NotoSans Nerd Font Mono' (Noto Sans Condensed SemiBold Nerd Font Complete Mono.ttf) normal normal semibold condensed>) = 10.44
DEBUG:matplotlib.font_manager:findfont: score(<Font 'NotoSerif Nerd Font Mono' (Noto Serif SemiCondensed Black Italic Nerd Font Complete Mono.ttf) italic normal black condensed>) = 11.725
DEBUG:matplotlib.font_manager:findfont: score(<Font 'OpenDyslexicMono Nerd Font' (OpenDyslexicMono Regular Nerd Font Complete.otf) normal normal 400 normal>) = 10.05
DEBUG:matplotlib.font_manager:findfont: score(<Font 'DejaVuSansMono Nerd Font' (DejaVu Sans Mono Bold Oblique Nerd Font Complete.ttf) oblique normal 700 normal>) = 11.335
DEBUG:matplotlib.font_manager:findfont: score(<Font 'Avalon' (Avalon_Bold.ttf) normal normal 700 normal>) = 10.335
DEBUG:matplotlib.font_manager:findfont: score(<Font 'NotoSansDisplay Nerd Font' (Noto Sans Display ExtraCondensed Black Nerd Font Complete.ttf) normal normal black condensed>) = 10.725
DEBUG:matplotlib.font_manager:findfont: score(<Font 'mplus Nerd Font Mono' (M+ 2c medium Nerd Font Complete Mono.ttf) normal normal medium normal>) = 10.145
DEBUG:matplotlib.font_manager:findfont: score(<Font 'NotoSans Nerd Font' (Noto Sans Italic Nerd Font Complete.ttf) italic normal 400 normal>) = 11.05
DEBUG:matplotlib.font_manager:findfont: score(<Font 'UbuntuCondensed Nerd Font Mono' (Ubuntu Condensed Nerd Font Complete Mono.ttf) normal normal 400 condensed>) = 10.25
DEBUG:matplotlib.font_manager:findfont: score(<Font 'NotoSans Nerd Font' (Noto Sans Condensed Thin Nerd Font Complete.ttf) normal normal 400 condensed>) = 10.25
DEBUG:matplotlib.font_manager:findfont: score(<Font 'NotoSans Nerd Font' (Noto Sans ExtraLight Nerd Font Complete.ttf) normal normal light normal>) = 10.24
DEBUG:matplotlib.font_manager:findfont: score(<Font 'NotoSansDisplay Nerd Font Mono' (Noto Sans Display SemiCondensed Bold Nerd Font Complete Mono.ttf) normal normal 700 condensed>) = 10.535
DEBUG:matplotlib.font_manager:findfont: score(<Font 'Iosevka Term' (Iosevka Term Light Oblique Nerd Font Complete Mono.ttf) oblique normal light normal>) = 11.24
DEBUG:matplotlib.font_manager:findfont: score(<Font 'Noto Sans Linear B' (NotoSansLinearB-Regular.ttf) normal normal regular normal>) = 10.05
DEBUG:matplotlib.font_manager:findfont: score(<Font 'Noto Serif Tamil' (NotoSerifTamil-Thin.ttf) normal normal 400 normal>) = 10.05
DEBUG:matplotlib.font_manager:findfont: score(<Font 'Noto Sans Cham' (NotoSansCham-Light.ttf) normal normal light normal>) = 10.24
DEBUG:matplotlib.font_manager:findfont: score(<Font 'NotoSerifDisplay Nerd Font' (Noto Serif Display ExtraLight Nerd Font Complete.ttf) normal normal light normal>) = 10.24
DEBUG:matplotlib.font_manager:findfont: score(<Font 'mplus Nerd Font' (M+ 2p bold Nerd Font Complete.ttf) normal normal 700 normal>) = 10.335
DEBUG:matplotlib.font_manager:findfont: score(<Font 'Iosevka Term' (Iosevka Term Extralight Nerd Font Complete.ttf) normal normal light normal>) = 10.24
DEBUG:matplotlib.font_manager:findfont: score(<Font 'NotoMono Nerd Font Mono' (Noto Mono Nerd Font Complete Mono.ttf) normal normal 400 normal>) = 10.05
DEBUG:matplotlib.font_manager:findfont: score(<Font 'FuraMono Nerd Font' (Fura Mono Regular Nerd Font Complete.otf) normal normal 400 normal>) = 10.05
DEBUG:matplotlib.font_manager:findfont: score(<Font 'InconsolataLGC Nerd Font Mono' (Inconsolata LGC Bold Nerd Font Complete Mono.ttf) normal normal 700 normal>) = 10.335
DEBUG:matplotlib.font_manager:findfont: score(<Font 'RobotoMono Nerd Font Mono' (Roboto Mono Thin Nerd Font Complete Mono.ttf) normal normal 400 normal>) = 10.05
DEBUG:matplotlib.font_manager:findfont: score(<Font 'NotoSansDisplay Nerd Font' (Noto Sans Display ExtraBold Italic Nerd Font Complete.ttf) italic normal bold normal>) = 11.335
DEBUG:matplotlib.font_manager:findfont: score(<Font 'UbuntuMono Nerd Font' (Ubuntu Mono Bold Nerd Font Complete.ttf) normal normal 700 normal>) = 10.335
DEBUG:matplotlib.font_manager:findfont: score(<Font 'NotoSerif Nerd Font' (Noto Serif SemiCondensed Nerd Font Complete.ttf) normal normal 400 condensed>) = 10.25
DEBUG:matplotlib.font_manager:findfont: score(<Font 'NotoSansDisplay Nerd Font' (Noto Sans Display ExtraCondensed Light Italic Nerd Font Complete.ttf) italic normal light condensed>) = 11.44
DEBUG:matplotlib.font_manager:findfont: score(<Font 'NotoSerifDisplay Nerd Font' (Noto Serif Display Condensed Thin Nerd Font Complete.ttf) normal normal 400 condensed>) = 10.25
DEBUG:matplotlib.font_manager:findfont: score(<Font 'UbuntuMono Nerd Font Mono' (Ubuntu Mono Bold Nerd Font Complete Mono.ttf) normal normal 700 normal>) = 10.335
DEBUG:matplotlib.font_manager:findfont: score(<Font 'MesloLGSDZ Nerd Font' (Meslo LG S DZ Regular Nerd Font Complete.otf) normal normal regular normal>) = 10.05
DEBUG:matplotlib.font_manager:findfont: score(<Font 'NotoSansDisplay Nerd Font' (Noto Sans Display ExtraLight Italic Nerd Font Complete.ttf) italic normal light normal>) = 11.24
DEBUG:matplotlib.font_manager:findfont: score(<Font 'Iosevka Term' (Iosevka Term Light Nerd Font Complete.ttf) normal normal light normal>) = 10.24
DEBUG:matplotlib.font_manager:findfont: score(<Font 'Noto Sans Arabic UI' (NotoSansArabicUI-Light.ttf) normal normal light normal>) = 10.24
DEBUG:matplotlib.font_manager:findfont: score(<Font 'NotoSans Nerd Font' (Noto Sans Italic Nerd Font Complete.ttf) italic normal 400 normal>) = 11.05
DEBUG:matplotlib.font_manager:findfont: score(<Font 'Noto Sans Devanagari' (NotoSansDevanagari-Regular.ttf) normal normal regular normal>) = 10.05
DEBUG:matplotlib.font_manager:findfont: score(<Font 'NotoSerifDisplay Nerd Font' (Noto Serif Display ExtraCondensed SemiBold Italic Nerd Font Complete.ttf) italic normal semibold condensed>) = 11.44
DEBUG:matplotlib.font_manager:findfont: score(<Font 'Overpass Nerd Font' (Overpass ExtraBold Nerd Font Complete.otf) normal normal bold normal>) = 10.335
DEBUG:matplotlib.font_manager:findfont: score(<Font 'Fira Mono' (FiraMono-Bold.ttf) normal normal 700 normal>) = 10.335
DEBUG:matplotlib.font_manager:findfont: score(<Font 'Monofuritalic Nerd Font Mono' (monofur italic Nerd Font Complete Mono.ttf) italic normal 400 normal>) = 11.05
DEBUG:matplotlib.font_manager:findfont: score(<Font 'RobotoMono Nerd Font Mono' (Roboto Mono Nerd Font Complete Mono.ttf) normal normal 400 normal>) = 10.05
DEBUG:matplotlib.font_manager:findfont: score(<Font 'NotoSansDisplay Nerd Font' (Noto Sans Display ExtraCondensed Medium Italic Nerd Font Complete.ttf) italic normal medium condensed>) = 11.344999999999999
DEBUG:matplotlib.font_manager:findfont: score(<Font 'NotoSerif Nerd Font Mono' (Noto Serif Condensed Black Italic Nerd Font Complete Mono.ttf) italic normal black condensed>) = 11.725
DEBUG:matplotlib.font_manager:findfont: score(<Font 'Hasklug Nerd Font' (Hasklug Semibold Italic Nerd Font Complete.otf) italic normal semibold normal>) = 11.24
DEBUG:matplotlib.font_manager:findfont: score(<Font 'Arimo Nerd Font' (Arimo Bold Nerd Font Complete.ttf) normal normal 700 normal>) = 10.335
DEBUG:matplotlib.font_manager:findfont: score(<Font 'NotoMono Nerd Font Mono' (Noto Mono Nerd Font Complete Mono.ttf) normal normal 400 normal>) = 10.05
DEBUG:matplotlib.font_manager:findfont: score(<Font 'UbuntuMono Nerd Font' (Ubuntu Mono Bold Italic Nerd Font Complete.ttf) italic normal 700 normal>) = 11.335
DEBUG:matplotlib.font_manager:findfont: score(<Font 'NotoSerif Nerd Font' (Noto Serif SemiCondensed Bold Italic Nerd Font Complete.ttf) italic normal 700 condensed>) = 11.535
DEBUG:matplotlib.font_manager:findfont: score(<Font 'NotoSansMono Nerd Font Mono' (Noto Sans Mono Regular Nerd Font Complete Mono.ttf) normal normal regular normal>) = 10.05
DEBUG:matplotlib.font_manager:findfont: score(<Font 'NotoSansMono Nerd Font' (Noto Sans Mono SemiCondensed Black Nerd Font Complete.ttf) normal normal black condensed>) = 10.725
DEBUG:matplotlib.font_manager:findfont: score(<Font 'NotoSansMono Nerd Font' (Noto Sans Mono Condensed Black Nerd Font Complete.ttf) normal normal black condensed>) = 10.725
DEBUG:matplotlib.font_manager:findfont: score(<Font 'Hack Nerd Font Mono' (Hack Bold Nerd Font Complete Mono.ttf) normal normal 700 normal>) = 10.335
DEBUG:matplotlib.font_manager:findfont: score(<Font 'Overpass Nerd Font Mono' (Overpass Regular Nerd Font Complete Mono.otf) normal normal regular normal>) = 10.05
DEBUG:matplotlib.font_manager:findfont: score(<Font 'NotoSansDisplay Nerd Font' (Noto Sans Display Black Nerd Font Complete.ttf) normal normal black normal>) = 10.525
DEBUG:matplotlib.font_manager:findfont: score(<Font 'TerminessTTF Nerd Font Mono' (Terminess (TTF) Nerd Font Complete Mono.ttf) normal normal 400 normal>) = 10.05
DEBUG:matplotlib.font_manager:findfont: score(<Font 'SauceCodePro Nerd Font' (Sauce Code Pro Nerd Font Complete.ttf) normal normal 400 normal>) = 10.05
DEBUG:matplotlib.font_manager:findfont: score(<Font 'Noto Sans Lao' (NotoSansLao-Medium.ttf) normal normal medium normal>) = 10.145
DEBUG:matplotlib.font_manager:findfont: score(<Font 'mplus Nerd Font' (M+ 2p heavy Nerd Font Complete.ttf) normal normal 700 normal>) = 10.335
DEBUG:matplotlib.font_manager:findfont: score(<Font 'Iosevka Term' (Iosevka Term Light Italic Nerd Font Complete Mono.ttf) italic normal light normal>) = 11.24
DEBUG:matplotlib.font_manager:findfont: score(<Font 'Cousine Nerd Font Mono' (Cousine Italic Nerd Font Complete Mono.ttf) italic normal 400 normal>) = 11.05
DEBUG:matplotlib.font_manager:findfont: score(<Font 'Monoid Nerd Font Mono' (Monoid Retina Nerd Font Complete Mono.ttf) normal normal 400 normal>) = 10.05
DEBUG:matplotlib.font_manager:findfont: score(<Font 'NotoSerif Nerd Font' (Noto Serif Condensed Medium Italic Nerd Font Complete.ttf) italic normal medium condensed>) = 11.344999999999999
DEBUG:matplotlib.font_manager:findfont: score(<Font 'NotoSerifDisplay Nerd Font' (Noto Serif Display Condensed Nerd Font Complete.ttf) normal normal 400 condensed>) = 10.25
DEBUG:matplotlib.font_manager:findfont: score(<Font 'NotoSans Nerd Font' (Noto Sans Condensed Italic Nerd Font Complete.ttf) italic normal 400 condensed>) = 11.25
DEBUG:matplotlib.font_manager:findfont: score(<Font 'BitstreamVeraSansMono Nerd Font Mono' (Bitstream Vera Sans Mono Nerd Font Complete Mono.ttf) normal normal 400 normal>) = 10.05
DEBUG:matplotlib.font_manager:findfont: score(<Font 'NotoSerifDisplay Nerd Font' (Noto Serif Display SemiCondensed Bold Italic Nerd Font Complete.ttf) italic normal 700 condensed>) = 11.535
DEBUG:matplotlib.font_manager:findfont: score(<Font 'NotoSansDisplay Nerd Font Mono' (Noto Sans Display SemiCondensed Light Nerd Font Complete Mono.ttf) normal normal light condensed>) = 10.44
DEBUG:matplotlib.font_manager:findfont: score(<Font 'Noto Serif' (NotoSerif-Regular.ttf) normal normal regular normal>) = 10.05
DEBUG:matplotlib.font_manager:findfont: score(<Font 'Iosevka' (Iosevka Light Nerd Font Complete.ttf) normal normal light normal>) = 10.24
DEBUG:matplotlib.font_manager:findfont: score(<Font 'NotoSans Nerd Font Mono' (Noto Sans ExtraCondensed ExtraLight Italic Nerd Font Complete Mono.ttf) italic normal light condensed>) = 11.44
DEBUG:matplotlib.font_manager:findfont: score(<Font 'Noto Sans Display' (NotoSansDisplay-Black.ttf) normal normal black normal>) = 10.525
DEBUG:matplotlib.font_manager:findfont: score(<Font 'mplus Nerd Font' (M+ 2c thin Nerd Font Complete.ttf) normal normal 400 normal>) = 10.05
DEBUG:matplotlib.font_manager:findfont: score(<Font 'SauceCodePro Nerd Font Mono' (Sauce Code Pro ExtraLight Nerd Font Complete Mono.ttf) normal normal light normal>) = 10.24
DEBUG:matplotlib.font_manager:findfont: score(<Font 'Nimbus Sans' (NimbusSans-Regular.otf) normal normal 400 normal>) = 10.05
DEBUG:matplotlib.font_manager:findfont: score(<Font 'NotoSans Nerd Font Mono' (Noto Sans SemiCondensed Italic Nerd Font Complete Mono.ttf) italic normal 400 condensed>) = 11.25
DEBUG:matplotlib.font_manager:findfont: score(<Font 'NotoSansDisplay Nerd Font Mono' (Noto Sans Display Condensed Light Nerd Font Complete Mono.ttf) normal normal light condensed>) = 10.44
DEBUG:matplotlib.font_manager:findfont: score(<Font 'Serto Mardin' (SyrCOMMardin.otf) normal normal 400 normal>) = 10.05
DEBUG:matplotlib.font_manager:findfont: score(<Font 'NotoSerifDisplay Nerd Font Mono' (Noto Serif Display Thin Nerd Font Complete Mono.ttf) normal normal 400 normal>) = 10.05
DEBUG:matplotlib.font_manager:findfont: score(<Font 'Noto Sans Old Sogdian' (NotoSansOldSogdian-Regular.ttf) normal normal regular normal>) = 10.05
DEBUG:matplotlib.font_manager:findfont: score(<Font 'FantasqueSansMono Nerd Font Mono' (Fantasque Sans Mono Bold Nerd Font Complete Mono.ttf) normal normal 700 normal>) = 10.335
DEBUG:matplotlib.font_manager:findfont: score(<Font 'NotoSerifDisplay Nerd Font Mono' (Noto Serif Display Condensed Black Italic Nerd Font Complete Mono.ttf) italic normal black condensed>) = 11.725
DEBUG:matplotlib.font_manager:findfont: score(<Font 'NotoSerif Nerd Font' (Noto Serif SemiCondensed Black Nerd Font Complete.ttf) normal normal black condensed>) = 10.725
DEBUG:matplotlib.font_manager:findfont: score(<Font 'NotoSansDisplay Nerd Font' (Noto Sans Display Regular Nerd Font Complete.ttf) normal normal regular normal>) = 10.05
DEBUG:matplotlib.font_manager:findfont: score(<Font 'Inconsolata Nerd Font' (Inconsolata Nerd Font Complete.otf) normal normal 400 normal>) = 10.05
DEBUG:matplotlib.font_manager:findfont: score(<Font 'NotoSerifDisplay Nerd Font Mono' (Noto Serif Display SemiCondensed Black Nerd Font Complete Mono.ttf) normal normal black condensed>) = 10.725
DEBUG:matplotlib.font_manager:findfont: score(<Font 'NotoSerif Nerd Font Mono' (Noto Serif ExtraCondensed Italic Nerd Font Complete Mono.ttf) italic normal 400 condensed>) = 11.25
DEBUG:matplotlib.font_manager:findfont: score(<Font 'CodeNewRoman Nerd Font' (Code New Roman Nerd Font Complete.otf) normal normal roman normal>) = 10.145
DEBUG:matplotlib.font_manager:findfont: score(<Font 'NotoSerifDisplay Nerd Font Mono' (Noto Serif Display Medium Italic Nerd Font Complete Mono.ttf) italic normal medium normal>) = 11.145
DEBUG:matplotlib.font_manager:findfont: score(<Font 'Libertinus Serif' (LibertinusSerif-BoldItalic.otf) italic normal 700 normal>) = 11.335
DEBUG:matplotlib.font_manager:findfont: score(<Font 'Noto Serif Lao' (NotoSerifLao-Bold.ttf) normal normal 700 normal>) = 10.335
DEBUG:matplotlib.font_manager:findfont: score(<Font 'Ubuntu Nerd Font' (Ubuntu Medium Nerd Font Complete.ttf) normal normal 700 normal>) = 10.335
DEBUG:matplotlib.font_manager:findfont: score(<Font 'NotoSansDisplay Nerd Font' (Noto Sans Display SemiCondensed ExtraLight Nerd Font Complete.ttf) normal normal light condensed>) = 10.44
DEBUG:matplotlib.font_manager:findfont: score(<Font 'BlexMono Nerd Font' (Blex Mono Thin Nerd Font Complete.ttf) normal normal 400 normal>) = 10.05
DEBUG:matplotlib.font_manager:findfont: score(<Font 'mplus Nerd Font' (M+ 2m bold Nerd Font Complete.ttf) normal normal 700 normal>) = 10.335
DEBUG:matplotlib.font_manager:findfont: score(<Font 'Cousine Nerd Font Mono' (Cousine Bold Nerd Font Complete Mono.ttf) normal normal 700 normal>) = 10.335
DEBUG:matplotlib.font_manager:findfont: score(<Font 'NotoSerif Nerd Font' (Noto Serif Condensed Thin Nerd Font Complete.ttf) normal normal 400 condensed>) = 10.25
DEBUG:matplotlib.font_manager:findfont: score(<Font 'NotoSansDisplay Nerd Font Mono' (Noto Sans Display ExtraCondensed ExtraBold Italic Nerd Font Complete Mono.ttf) italic normal bold condensed>) = 11.535
DEBUG:matplotlib.font_manager:findfont: score(<Font 'FantasqueSansMono Nerd Font' (Fantasque Sans Mono Regular Nerd Font Complete.ttf) normal normal regular normal>) = 10.05
DEBUG:matplotlib.font_manager:findfont: score(<Font 'BlexMono Nerd Font' (Blex Mono Light Italic Nerd Font Complete.ttf) italic normal light normal>) = 11.24
DEBUG:matplotlib.font_manager:findfont: score(<Font 'SauceCodePro Nerd Font' (Sauce Code Pro Light Italic Nerd Font Complete.ttf) italic normal light normal>) = 11.24
DEBUG:matplotlib.font_manager:findfont: score(<Font 'mplus Nerd Font Mono' (M+ 1m thin Nerd Font Complete Mono.ttf) normal normal 400 normal>) = 10.05
DEBUG:matplotlib.font_manager:findfont: score(<Font 'SauceCodePro Nerd Font' (Sauce Code Pro ExtraLight Italic Nerd Font Complete.ttf) italic normal light normal>) = 11.24
DEBUG:matplotlib.font_manager:findfont: score(<Font 'Ubuntu Nerd Font' (Ubuntu Light Nerd Font Complete.ttf) normal normal light normal>) = 10.24
DEBUG:matplotlib.font_manager:findfont: score(<Font 'Noto Sans Grantha' (NotoSansGrantha-Regular.ttf) normal normal regular normal>) = 10.05
DEBUG:matplotlib.font_manager:findfont: score(<Font 'Iosevka' (Iosevka Thin Oblique Nerd Font Complete Mono.ttf) oblique normal 400 normal>) = 11.05
DEBUG:matplotlib.font_manager:findfont: score(<Font 'NotoSansDisplay Nerd Font' (Noto Sans Display Light Italic Nerd Font Complete.ttf) italic normal light normal>) = 11.24
DEBUG:matplotlib.font_manager:findfont: score(<Font 'mononoki Nerd Font' (mononoki Bold Nerd Font Complete.ttf) normal normal 700 normal>) = 10.335
DEBUG:matplotlib.font_manager:findfont: score(<Font 'NotoSansMono Nerd Font' (Noto Sans Mono Condensed ExtraLight Nerd Font Complete.ttf) normal normal light condensed>) = 10.44
DEBUG:matplotlib.font_manager:findfont: score(<Font 'NotoSans Nerd Font Mono' (Noto Sans Condensed ExtraBold Italic Nerd Font Complete Mono.ttf) italic normal bold condensed>) = 11.535
DEBUG:matplotlib.font_manager:findfont: score(<Font 'Noto Sans Lao UI' (NotoSansLaoUI-Regular.ttf) normal normal regular normal>) = 10.05
DEBUG:matplotlib.font_manager:findfont: score(<Font 'NotoSansDisplay Nerd Font' (Noto Sans Display SemiCondensed Italic Nerd Font Complete.ttf) italic normal 400 condensed>) = 11.25
DEBUG:matplotlib.font_manager:findfont: score(<Font 'Noto Serif Thai' (NotoSerifThai-Regular.ttf) normal normal regular normal>) = 10.05
DEBUG:matplotlib.font_manager:findfont: score(<Font 'Noto Sans Canadian Aboriginal' (NotoSansCanadianAboriginal-Thin.ttf) normal normal 400 normal>) = 10.05
DEBUG:matplotlib.font_manager:findfont: score(<Font 'NotoSans Nerd Font Mono' (Noto Sans Condensed Nerd Font Complete Mono.ttf) normal normal 400 condensed>) = 10.25
DEBUG:matplotlib.font_manager:findfont: score(<Font 'mplus Nerd Font' (M+ 1m medium Nerd Font Complete.ttf) normal normal medium normal>) = 10.145
DEBUG:matplotlib.font_manager:findfont: score(<Font 'Noto Sans Bengali' (NotoSansBengali-Bold.ttf) normal normal 700 normal>) = 10.335
DEBUG:matplotlib.font_manager:findfont: score(<Font 'Arimo Nerd Font Mono' (Arimo Bold Italic Nerd Font Complete Mono.ttf) italic normal 700 normal>) = 11.335
DEBUG:matplotlib.font_manager:findfont: score(<Font 'Noto Sans Mro' (NotoSansMro-Regular.ttf) normal normal regular normal>) = 10.05
DEBUG:matplotlib.font_manager:findfont: score(<Font 'HeavyData Nerd Font Mono' (Heavy Data Nerd Font Complete Mono.ttf) normal normal heavy normal>) = 10.43
DEBUG:matplotlib.font_manager:findfont: score(<Font 'Ubuntu Nerd Font Mono' (Ubuntu Bold Nerd Font Complete Mono.ttf) normal normal 700 normal>) = 10.335
DEBUG:matplotlib.font_manager:findfont: score(<Font 'NotoSerifDisplay Nerd Font' (Noto Serif Display ExtraCondensed ExtraBold Italic Nerd Font Complete.ttf) italic normal bold condensed>) = 11.535
DEBUG:matplotlib.font_manager:findfont: score(<Font 'mplus Nerd Font' (M+ 1c black Nerd Font Complete.ttf) normal normal 700 normal>) = 10.335
DEBUG:matplotlib.font_manager:findfont: score(<Font 'Iosevka' (Iosevka Extralight Italic Nerd Font Complete Mono.ttf) italic normal light normal>) = 11.24
DEBUG:matplotlib.font_manager:findfont: score(<Font 'SauceCodePro Nerd Font Mono' (Sauce Code Pro Medium Nerd Font Complete Mono.ttf) normal normal medium normal>) = 10.145
DEBUG:matplotlib.font_manager:findfont: score(<Font 'NotoSans Nerd Font' (Noto Sans Condensed Light Nerd Font Complete.ttf) normal normal light condensed>) = 10.44
DEBUG:matplotlib.font_manager:findfont: score(<Font 'NotoSerifDisplay Nerd Font Mono' (Noto Serif Display ExtraCondensed Light Italic Nerd Font Complete Mono.ttf) italic normal light condensed>) = 11.44
DEBUG:matplotlib.font_manager:findfont: score(<Font 'NotoSerifDisplay Nerd Font Mono' (Noto Serif Display Light Italic Nerd Font Complete Mono.ttf) italic normal light normal>) = 11.24
DEBUG:matplotlib.font_manager:findfont: score(<Font 'InconsolataLGC Nerd Font' (Inconsolata LGC Nerd Font Complete.ttf) normal normal 400 normal>) = 10.05
DEBUG:matplotlib.font_manager:findfont: score(<Font 'mononoki Nerd Font' (mononoki Italic Nerd Font Complete.ttf) italic normal 400 normal>) = 11.05
DEBUG:matplotlib.font_manager:findfont: score(<Font 'Noto Sans Cherokee' (NotoSansCherokee-Black.ttf) normal normal black normal>) = 10.525
DEBUG:matplotlib.font_manager:findfont: score(<Font 'Monoid Nerd Font Mono' (Monoid Regular Nerd Font Complete Mono.ttf) normal normal regular normal>) = 10.05
DEBUG:matplotlib.font_manager:findfont: score(<Font 'Noto Nastaliq Urdu' (NotoNastaliqUrdu-Regular.ttf) normal normal regular normal>) = 10.05
DEBUG:matplotlib.font_manager:findfont: score(<Font 'Overpass Nerd Font' (Overpass Heavy Nerd Font Complete.otf) normal normal heavy normal>) = 10.43
DEBUG:matplotlib.font_manager:findfont: score(<Font 'NotoSans Nerd Font Mono' (Noto Sans SemiCondensed ExtraBold Italic Nerd Font Complete Mono.ttf) italic normal bold condensed>) = 11.535
DEBUG:matplotlib.font_manager:findfont: score(<Font 'Noto Sans Gurmukhi UI' (NotoSansGurmukhiUI-Light.ttf) normal normal light normal>) = 10.24
DEBUG:matplotlib.font_manager:findfont: score(<Font 'URW Gothic' (URWGothic-Demi.otf) normal normal demi normal>) = 10.24
DEBUG:matplotlib.font_manager:findfont: score(<Font 'SauceCodePro Nerd Font Mono' (Sauce Code Pro Light Italic Nerd Font Complete Mono.ttf) italic normal light normal>) = 11.24
DEBUG:matplotlib.font_manager:findfont: score(<Font 'Noto Sans Hebrew' (NotoSansHebrew-Regular.ttf) normal normal regular normal>) = 10.05
DEBUG:matplotlib.font_manager:findfont: score(<Font 'NotoSansMono Nerd Font' (Noto Sans Mono ExtraCondensed Nerd Font Complete.ttf) normal normal 400 condensed>) = 10.25
DEBUG:matplotlib.font_manager:findfont: score(<Font 'NotoSansDisplay Nerd Font' (Noto Sans Display Condensed Light Italic Nerd Font Complete.ttf) italic normal light condensed>) = 11.44
DEBUG:matplotlib.font_manager:findfont: score(<Font 'NotoSans Nerd Font Mono' (Noto Sans SemiCondensed Nerd Font Complete Mono.ttf) normal normal 400 condensed>) = 10.25
DEBUG:matplotlib.font_manager:findfont: score(<Font 'NotoSerifDisplay Nerd Font' (Noto Serif Display ExtraBold Nerd Font Complete.ttf) normal normal bold normal>) = 10.335
DEBUG:matplotlib.font_manager:findfont: score(<Font 'BlexMono Nerd Font' (Blex Mono Light Italic Nerd Font Complete.ttf) italic normal light normal>) = 11.24
DEBUG:matplotlib.font_manager:findfont: score(<Font 'Ubuntu Nerd Font Mono' (Ubuntu Medium Italic Nerd Font Complete Mono.ttf) italic normal 700 normal>) = 11.335
DEBUG:matplotlib.font_manager:findfont: score(<Font 'Iosevka Term' (Iosevka Term Thin Italic Nerd Font Complete Mono.ttf) italic normal 400 normal>) = 11.05
DEBUG:matplotlib.font_manager:findfont: score(<Font 'mplus Nerd Font Mono' (M+ 1mn thin Nerd Font Complete Mono.ttf) normal normal 400 normal>) = 10.05
DEBUG:matplotlib.font_manager:findfont: score(<Font 'NotoSansDisplay Nerd Font Mono' (Noto Sans Display Thin Nerd Font Complete Mono.ttf) normal normal 400 normal>) = 10.05
DEBUG:matplotlib.font_manager:findfont: score(<Font 'NotoSansDisplay Nerd Font' (Noto Sans Display Thin Nerd Font Complete.ttf) normal normal 400 normal>) = 10.05
DEBUG:matplotlib.font_manager:findfont: score(<Font 'NotoSerif Nerd Font' (Noto Serif SemiCondensed ExtraBold Italic Nerd Font Complete.ttf) italic normal bold condensed>) = 11.535
DEBUG:matplotlib.font_manager:findfont: score(<Font 'NotoSans Nerd Font Mono' (Noto Sans ExtraCondensed Medium Italic Nerd Font Complete Mono.ttf) italic normal medium condensed>) = 11.344999999999999
DEBUG:matplotlib.font_manager:findfont: score(<Font 'BitstreamVeraSansMono Nerd Font' (Bitstream Vera Sans Mono Bold Oblique Nerd Font Complete.ttf) oblique normal 700 normal>) = 11.335
DEBUG:matplotlib.font_manager:findfont: score(<Font 'NotoSerif Nerd Font' (Noto Serif Light Italic Nerd Font Complete.ttf) italic normal light normal>) = 11.24
DEBUG:matplotlib.font_manager:findfont: score(<Font 'NotoSansMono Nerd Font' (Noto Sans Mono ExtraCondensed ExtraBold Nerd Font Complete.ttf) normal normal bold condensed>) = 10.535
DEBUG:matplotlib.font_manager:findfont: score(<Font 'NotoSans Nerd Font Mono' (Noto Sans ExtraCondensed Bold Italic Nerd Font Complete Mono.ttf) italic normal 700 condensed>) = 11.535
DEBUG:matplotlib.font_manager:findfont: score(<Font 'NotoSans Nerd Font Mono' (Noto Sans ExtraLight Nerd Font Complete Mono.ttf) normal normal light normal>) = 10.24
DEBUG:matplotlib.font_manager:findfont: score(<Font 'NotoSerifDisplay Nerd Font' (Noto Serif Display SemiCondensed Medium Italic Nerd Font Complete.ttf) italic normal medium condensed>) = 11.344999999999999
DEBUG:matplotlib.font_manager:findfont: score(<Font 'Noto Serif Devanagari' (NotoSerifDevanagari-Light.ttf) normal normal light normal>) = 10.24
DEBUG:matplotlib.font_manager:findfont: score(<Font 'Iosevka' (Iosevka Thin Oblique Nerd Font Complete.ttf) oblique normal 400 normal>) = 11.05
DEBUG:matplotlib.font_manager:findfont: score(<Font 'Noto Sans Kannada' (NotoSansKannada-Thin.ttf) normal normal 400 normal>) = 10.05
DEBUG:matplotlib.font_manager:findfont: score(<Font 'RobotoMono Nerd Font' (Roboto Mono Bold Nerd Font Complete.ttf) normal normal 700 normal>) = 10.335
DEBUG:matplotlib.font_manager:findfont: score(<Font 'NotoSerif Nerd Font' (Noto Serif SemiCondensed ExtraLight Nerd Font Complete.ttf) normal normal light condensed>) = 10.44
DEBUG:matplotlib.font_manager:findfont: score(<Font 'NotoSansDisplay Nerd Font' (Noto Sans Display SemiCondensed SemiBold Italic Nerd Font Complete.ttf) italic normal semibold condensed>) = 11.44
DEBUG:matplotlib.font_manager:findfont: score(<Font 'Noto Sans Armenian' (NotoSansArmenian-Medium.ttf) normal normal medium normal>) = 10.145
DEBUG:matplotlib.font_manager:findfont: score(<Font 'NotoSerif Nerd Font Mono' (Noto Serif SemiCondensed Light Nerd Font Complete Mono.ttf) normal normal light condensed>) = 10.44
DEBUG:matplotlib.font_manager:findfont: score(<Font 'NotoSerifDisplay Nerd Font' (Noto Serif Display SemiCondensed SemiBold Nerd Font Complete.ttf) normal normal semibold condensed>) = 10.44
DEBUG:matplotlib.font_manager:findfont: score(<Font 'Hasklug Nerd Font' (Hasklug Light Nerd Font Complete.otf) normal normal light normal>) = 10.24
DEBUG:matplotlib.font_manager:findfont: score(<Font 'NotoSans Nerd Font' (Noto Sans ExtraCondensed SemiBold Italic Nerd Font Complete.ttf) italic normal semibold condensed>) = 11.44
DEBUG:matplotlib.font_manager:findfont: score(<Font 'Noto Sans Old Hungarian' (NotoSansOldHungarian-Regular.ttf) normal normal regular normal>) = 10.05
DEBUG:matplotlib.font_manager:findfont: score(<Font 'FuraCode Nerd Font' (Fura Code Light Nerd Font Complete.otf) normal normal light normal>) = 10.24
DEBUG:matplotlib.font_manager:findfont: score(<Font 'Source Code Pro' (SourceCodePro-Semibold.otf) normal normal semibold normal>) = 10.24
DEBUG:matplotlib.font_manager:findfont: score(<Font 'Source Code Pro' (SourceCodePro-BlackIt.otf) italic normal black normal>) = 11.525
DEBUG:matplotlib.font_manager:findfont: score(<Font 'NotoSerif Nerd Font Mono' (Noto Serif SemiCondensed SemiBold Italic Nerd Font Complete Mono.ttf) italic normal semibold condensed>) = 11.44
DEBUG:matplotlib.font_manager:findfont: score(<Font 'Serto Urhoy' (SyrCOMUrhoyBold.otf) normal normal 700 normal>) = 10.335
DEBUG:matplotlib.font_manager:findfont: score(<Font 'NotoSerifDisplay Nerd Font' (Noto Serif Display SemiBold Italic Nerd Font Complete.ttf) italic normal semibold normal>) = 11.24
DEBUG:matplotlib.font_manager:findfont: score(<Font 'NotoSansMono Nerd Font Mono' (Noto Sans Mono SemiCondensed ExtraLight Nerd Font Complete Mono.ttf) normal normal light condensed>) = 10.44
DEBUG:matplotlib.font_manager:findfont: score(<Font 'DejaVu Serif' (DejaVuSerif.ttf) normal normal 400 normal>) = 10.05
DEBUG:matplotlib.font_manager:findfont: score(<Font 'mplus Nerd Font' (M+ 2p light Nerd Font Complete.ttf) normal normal light normal>) = 10.24
DEBUG:matplotlib.font_manager:findfont: score(<Font 'URW Gothic' (URWGothic-Book.otf) normal normal book normal>) = 10.05
DEBUG:matplotlib.font_manager:findfont: score(<Font 'TerminessTTF Nerd Font' (Terminess (TTF) Bold Italic Nerd Font Complete.ttf) italic normal 700 normal>) = 11.335
DEBUG:matplotlib.font_manager:findfont: score(<Font 'NotoSans Nerd Font Mono' (Noto Sans ExtraCondensed SemiBold Italic Nerd Font Complete Mono.ttf) italic normal semibold condensed>) = 11.44
DEBUG:matplotlib.font_manager:findfont: score(<Font 'NotoSerifDisplay Nerd Font' (Noto Serif Display SemiCondensed SemiBold Italic Nerd Font Complete.ttf) italic normal semibold condensed>) = 11.44
DEBUG:matplotlib.font_manager:findfont: score(<Font 'TerminessTTF Nerd Font Mono' (Terminess (TTF) Bold Italic Nerd Font Complete Mono.ttf) italic normal 700 normal>) = 11.335
DEBUG:matplotlib.font_manager:findfont: score(<Font 'NotoSansDisplay Nerd Font' (Noto Sans Display ExtraCondensed SemiBold Nerd Font Complete.ttf) normal normal semibold condensed>) = 10.44
DEBUG:matplotlib.font_manager:findfont: score(<Font 'NotoSans Nerd Font' (Noto Sans SemiCondensed ExtraLight Italic Nerd Font Complete.ttf) italic normal light condensed>) = 11.44
DEBUG:matplotlib.font_manager:findfont: score(<Font 'Hasklug Nerd Font Mono' (Hasklug Bold Nerd Font Complete Mono.otf) normal normal 700 normal>) = 10.335
DEBUG:matplotlib.font_manager:findfont: score(<Font 'mplus Nerd Font Mono' (M+ 2p heavy Nerd Font Complete Mono.ttf) normal normal 700 normal>) = 10.335
DEBUG:matplotlib.font_manager:findfont: score(<Font 'DejaVuSansMono Nerd Font Mono' (DejaVu Sans Mono Nerd Font Complete Mono.ttf) normal normal 400 normal>) = 10.05
DEBUG:matplotlib.font_manager:findfont: score(<Font 'NotoSerif Nerd Font Mono' (Noto Serif Bold Italic Nerd Font Complete Mono.ttf) italic normal 700 normal>) = 11.335
DEBUG:matplotlib.font_manager:findfont: score(<Font 'Noto Sans Myanmar' (NotoSansMyanmar-Medium.ttf) normal normal medium normal>) = 10.145
DEBUG:matplotlib.font_manager:findfont: score(<Font 'NotoSerifDisplay Nerd Font' (Noto Serif Display ExtraCondensed Black Nerd Font Complete.ttf) normal normal black condensed>) = 10.725
DEBUG:matplotlib.font_manager:findfont: score(<Font 'NotoSerifDisplay Nerd Font Mono' (Noto Serif Display ExtraCondensed Thin Nerd Font Complete Mono.ttf) normal normal 400 condensed>) = 10.25
DEBUG:matplotlib.font_manager:findfont: score(<Font 'NotoSerif Nerd Font Mono' (Noto Serif ExtraCondensed ExtraLight Nerd Font Complete Mono.ttf) normal normal light condensed>) = 10.44
DEBUG:matplotlib.font_manager:findfont: score(<Font 'OverpassMono Nerd Font Mono' (Overpass Mono Bold Nerd Font Complete Mono.otf) normal normal 700 normal>) = 10.335
DEBUG:matplotlib.font_manager:findfont: score(<Font 'mplus Nerd Font Mono' (M+ 2p black Nerd Font Complete Mono.ttf) normal normal 700 normal>) = 10.335
DEBUG:matplotlib.font_manager:findfont: score(<Font 'NotoSansDisplay Nerd Font' (Noto Sans Display ExtraCondensed SemiBold Italic Nerd Font Complete.ttf) italic normal semibold condensed>) = 11.44
DEBUG:matplotlib.font_manager:findfont: score(<Font 'mplus Nerd Font Mono' (M+ 1m bold Nerd Font Complete Mono.ttf) normal normal 700 normal>) = 10.335
DEBUG:matplotlib.font_manager:findfont: score(<Font 'Source Code Pro' (SourceCodePro-Regular.otf) normal normal 400 normal>) = 10.05
DEBUG:matplotlib.font_manager:findfont: score(<Font 'NotoSerif Nerd Font' (Noto Serif SemiCondensed Light Nerd Font Complete.ttf) normal normal light condensed>) = 10.44
DEBUG:matplotlib.font_manager:findfont: score(<Font 'NotoSansDisplay Nerd Font Mono' (Noto Sans Display Condensed Thin Italic Nerd Font Complete Mono.ttf) italic normal 400 condensed>) = 11.25
DEBUG:matplotlib.font_manager:findfont: score(<Font 'NotoSerif Nerd Font Mono' (Noto Serif SemiCondensed Black Nerd Font Complete Mono.ttf) normal normal black condensed>) = 10.725
DEBUG:matplotlib.font_manager:findfont: score(<Font 'mplus Nerd Font Mono' (M+ 1mn bold Nerd Font Complete Mono.ttf) normal normal 700 normal>) = 10.335
DEBUG:matplotlib.font_manager:findfont: score(<Font 'Hasklug Nerd Font Mono' (Hasklug Semibold Italic Nerd Font Complete Mono.otf) italic normal semibold normal>) = 11.24
DEBUG:matplotlib.font_manager:findfont: score(<Font 'Noto Serif Tamil Slanted' (NotoSerifTamilSlanted-Thin.ttf) normal normal 400 normal>) = 10.05
DEBUG:matplotlib.font_manager:findfont: score(<Font 'Overpass Nerd Font' (Overpass ExtraBold Italic Nerd Font Complete.otf) italic normal bold normal>) = 11.335
DEBUG:matplotlib.font_manager:findfont: score(<Font 'NotoSerif Nerd Font Mono' (Noto Serif Condensed Black Nerd Font Complete Mono.ttf) normal normal black condensed>) = 10.725
DEBUG:matplotlib.font_manager:findfont: score(<Font 'Hurmit Nerd Font' (Hurmit Bold Nerd Font Complete.otf) normal normal 700 normal>) = 10.335
DEBUG:matplotlib.font_manager:findfont: score(<Font 'NotoSerifDisplay Nerd Font' (Noto Serif Display Condensed Light Italic Nerd Font Complete.ttf) italic normal light condensed>) = 11.44
DEBUG:matplotlib.font_manager:findfont: score(<Font 'NotoSansMono Nerd Font' (Noto Sans Mono Thin Nerd Font Complete.ttf) normal normal 400 normal>) = 10.05
DEBUG:matplotlib.font_manager:findfont: score(<Font 'OpenDyslexic Nerd Font Mono' (OpenDyslexic Bold Nerd Font Complete Mono.otf) normal normal 700 normal>) = 10.335
DEBUG:matplotlib.font_manager:findfont: score(<Font 'Monofur Nerd Font' (monofur Nerd Font Complete.ttf) normal normal 400 normal>) = 10.05
DEBUG:matplotlib.font_manager:findfont: score(<Font 'NotoSans Nerd Font Mono' (Noto Sans Condensed Bold Nerd Font Complete Mono.ttf) normal normal 700 condensed>) = 10.535
DEBUG:matplotlib.font_manager:findfont: score(<Font 'NotoSans Nerd Font' (Noto Sans SemiCondensed ExtraLight Italic Nerd Font Complete.ttf) italic normal light condensed>) = 11.44
DEBUG:matplotlib.font_manager:findfont: score(<Font 'NotoSans Nerd Font' (Noto Sans Condensed SemiBold Italic Nerd Font Complete.ttf) italic normal semibold condensed>) = 11.44
DEBUG:matplotlib.font_manager:findfont: score(<Font 'NotoSansMono Nerd Font Mono' (Noto Sans Mono ExtraCondensed Light Nerd Font Complete Mono.ttf) normal normal light condensed>) = 10.44
DEBUG:matplotlib.font_manager:findfont: score(<Font 'NotoSansDisplay Nerd Font' (Noto Sans Display Condensed Light Italic Nerd Font Complete.ttf) italic normal light condensed>) = 11.44
DEBUG:matplotlib.font_manager:findfont: score(<Font 'NotoSerif Nerd Font' (Noto Serif SemiCondensed Black Italic Nerd Font Complete.ttf) italic normal black condensed>) = 11.725
DEBUG:matplotlib.font_manager:findfont: score(<Font 'Arimo Nerd Font' (Arimo Bold Italic Nerd Font Complete.ttf) italic normal 700 normal>) = 11.335
DEBUG:matplotlib.font_manager:findfont: Matching sans\-serif:style=normal:variant=normal:weight=normal:stretch=normal:size=12.0 to DejaVu Sans ('/share/Engagements/MHS/SOC_Project/Monode/node/lib/python3.8/site-packages/matplotlib/mpl-data/fonts/ttf/DejaVuSans.ttf') with score of 0.050000.
DEBUG:matplotlib.font_manager:findfont: Matching sans\-serif:style=normal:variant=normal:weight=normal:stretch=normal:size=12.0.
DEBUG:matplotlib.font_manager:findfont: score(<Font 'STIXSizeFourSym' (STIXSizFourSymBol.ttf) normal normal 700 normal>) = 10.335
DEBUG:matplotlib.font_manager:findfont: score(<Font 'DejaVu Sans' (DejaVuSans-Bold.ttf) normal normal 700 normal>) = 0.33499999999999996
DEBUG:matplotlib.font_manager:findfont: score(<Font 'STIXGeneral' (STIXGeneralBol.ttf) normal normal 700 normal>) = 10.335
DEBUG:matplotlib.font_manager:findfont: score(<Font 'DejaVu Sans Mono' (DejaVuSansMono.ttf) normal normal 400 normal>) = 10.05
DEBUG:matplotlib.font_manager:findfont: score(<Font 'DejaVu Sans Mono' (DejaVuSansMono-BoldOblique.ttf) oblique normal 700 normal>) = 11.335
DEBUG:matplotlib.font_manager:findfont: score(<Font 'cmsy10' (cmsy10.ttf) normal normal 400 normal>) = 10.05
DEBUG:matplotlib.font_manager:findfont: score(<Font 'STIXSizeThreeSym' (STIXSizThreeSymBol.ttf) normal normal 700 normal>) = 10.335
DEBUG:matplotlib.font_manager:findfont: score(<Font 'STIXGeneral' (STIXGeneralBolIta.ttf) italic normal 700 normal>) = 11.335
DEBUG:matplotlib.font_manager:findfont: score(<Font 'cmr10' (cmr10.ttf) normal normal 400 normal>) = 10.05
DEBUG:matplotlib.font_manager:findfont: score(<Font 'cmex10' (cmex10.ttf) normal normal 400 normal>) = 10.05
DEBUG:matplotlib.font_manager:findfont: score(<Font 'DejaVu Sans Mono' (DejaVuSansMono-Bold.ttf) normal normal 700 normal>) = 10.335
DEBUG:matplotlib.font_manager:findfont: score(<Font 'DejaVu Serif' (DejaVuSerif-Bold.ttf) normal normal 700 normal>) = 10.335
DEBUG:matplotlib.font_manager:findfont: score(<Font 'STIXGeneral' (STIXGeneral.ttf) normal normal regular normal>) = 10.05
DEBUG:matplotlib.font_manager:findfont: score(<Font 'DejaVu Sans' (DejaVuSans.ttf) normal normal 400 normal>) = 0.05
DEBUG:matplotlib.font_manager:findfont: score(<Font 'DejaVu Serif Display' (DejaVuSerifDisplay.ttf) normal normal 400 normal>) = 10.05
DEBUG:matplotlib.font_manager:findfont: score(<Font 'STIXGeneral' (STIXGeneralItalic.ttf) italic normal 400 normal>) = 11.05
DEBUG:matplotlib.font_manager:findfont: score(<Font 'STIXSizeThreeSym' (STIXSizThreeSymReg.ttf) normal normal regular normal>) = 10.05
DEBUG:matplotlib.font_manager:findfont: score(<Font 'DejaVu Serif' (DejaVuSerif-BoldItalic.ttf) italic normal 700 normal>) = 11.335
DEBUG:matplotlib.font_manager:findfont: score(<Font 'DejaVu Sans Mono' (DejaVuSansMono-Oblique.ttf) oblique normal 400 normal>) = 11.05
DEBUG:matplotlib.font_manager:findfont: score(<Font 'DejaVu Sans' (DejaVuSans-Oblique.ttf) oblique normal 400 normal>) = 1.05
DEBUG:matplotlib.font_manager:findfont: score(<Font 'STIXSizeFourSym' (STIXSizFourSymReg.ttf) normal normal regular normal>) = 10.05
DEBUG:matplotlib.font_manager:findfont: score(<Font 'DejaVu Serif' (DejaVuSerif.ttf) normal normal 400 normal>) = 10.05
DEBUG:matplotlib.font_manager:findfont: score(<Font 'STIXNonUnicode' (STIXNonUni.ttf) normal normal regular normal>) = 10.05
DEBUG:matplotlib.font_manager:findfont: score(<Font 'cmb10' (cmb10.ttf) normal normal 400 normal>) = 10.05
DEBUG:matplotlib.font_manager:findfont: score(<Font 'STIXNonUnicode' (STIXNonUniIta.ttf) italic normal 400 normal>) = 11.05
DEBUG:matplotlib.font_manager:findfont: score(<Font 'STIXSizeOneSym' (STIXSizOneSymReg.ttf) normal normal regular normal>) = 10.05
DEBUG:matplotlib.font_manager:findfont: score(<Font 'cmmi10' (cmmi10.ttf) normal normal 400 normal>) = 10.05
DEBUG:matplotlib.font_manager:findfont: score(<Font 'DejaVu Sans Display' (DejaVuSansDisplay.ttf) normal normal 400 normal>) = 10.05
DEBUG:matplotlib.font_manager:findfont: score(<Font 'DejaVu Sans' (DejaVuSans-BoldOblique.ttf) oblique normal 700 normal>) = 1.335
DEBUG:matplotlib.font_manager:findfont: score(<Font 'STIXSizeTwoSym' (STIXSizTwoSymBol.ttf) normal normal 700 normal>) = 10.335
DEBUG:matplotlib.font_manager:findfont: score(<Font 'cmss10' (cmss10.ttf) normal normal 400 normal>) = 10.05
DEBUG:matplotlib.font_manager:findfont: score(<Font 'STIXSizeOneSym' (STIXSizOneSymBol.ttf) normal normal 700 normal>) = 10.335
DEBUG:matplotlib.font_manager:findfont: score(<Font 'STIXSizeTwoSym' (STIXSizTwoSymReg.ttf) normal normal regular normal>) = 10.05
DEBUG:matplotlib.font_manager:findfont: score(<Font 'STIXNonUnicode' (STIXNonUniBol.ttf) normal normal 700 normal>) = 10.335
DEBUG:matplotlib.font_manager:findfont: score(<Font 'DejaVu Serif' (DejaVuSerif-Italic.ttf) italic normal 400 normal>) = 11.05
DEBUG:matplotlib.font_manager:findfont: score(<Font 'STIXNonUnicode' (STIXNonUniBolIta.ttf) italic normal 700 normal>) = 11.335
DEBUG:matplotlib.font_manager:findfont: score(<Font 'cmtt10' (cmtt10.ttf) normal normal 400 normal>) = 10.05
DEBUG:matplotlib.font_manager:findfont: score(<Font 'STIXSizeFiveSym' (STIXSizFiveSymReg.ttf) normal normal regular normal>) = 10.05
DEBUG:matplotlib.font_manager:findfont: score(<Font 'NotoSans Nerd Font Mono' (Noto Sans Condensed Nerd Font Complete Mono.ttf) normal normal 400 condensed>) = 10.25
DEBUG:matplotlib.font_manager:findfont: score(<Font 'NotoSans Nerd Font Mono' (Noto Sans Medium Nerd Font Complete Mono.ttf) normal normal medium normal>) = 10.145
DEBUG:matplotlib.font_manager:findfont: score(<Font 'NotoSans Nerd Font Mono' (Noto Sans Condensed Medium Nerd Font Complete Mono.ttf) normal normal medium condensed>) = 10.344999999999999
DEBUG:matplotlib.font_manager:findfont: score(<Font 'Noto Sans Kannada' (NotoSansKannada-Medium.ttf) normal normal medium normal>) = 10.145
DEBUG:matplotlib.font_manager:findfont: score(<Font 'mononoki Nerd Font Mono' (mononoki Italic Nerd Font Complete Mono.ttf) italic normal 400 normal>) = 11.05
DEBUG:matplotlib.font_manager:findfont: score(<Font 'NotoSansMono Nerd Font Mono' (Noto Sans Mono SemiCondensed Bold Nerd Font Complete Mono.ttf) normal normal 700 condensed>) = 10.535
DEBUG:matplotlib.font_manager:findfont: score(<Font 'Monoid Nerd Font Mono' (Monoid Italic Nerd Font Complete Mono.ttf) italic normal 400 normal>) = 11.05
DEBUG:matplotlib.font_manager:findfont: score(<Font 'NotoSerif Nerd Font' (Noto Serif SemiCondensed ExtraBold Nerd Font Complete.ttf) normal normal bold condensed>) = 10.535
DEBUG:matplotlib.font_manager:findfont: score(<Font 'mplus Nerd Font Mono' (M+ 1mn light Nerd Font Complete Mono.ttf) normal normal light normal>) = 10.24
DEBUG:matplotlib.font_manager:findfont: score(<Font 'NotoSerifDisplay Nerd Font' (Noto Serif Display Condensed SemiBold Italic Nerd Font Complete.ttf) italic normal semibold condensed>) = 11.44
DEBUG:matplotlib.font_manager:findfont: score(<Font 'NotoSansDisplay Nerd Font Mono' (Noto Sans Display Condensed Bold Italic Nerd Font Complete Mono.ttf) italic normal 700 condensed>) = 11.535
DEBUG:matplotlib.font_manager:findfont: score(<Font 'CodeNewRoman Nerd Font Mono' (Code New Roman Nerd Font Complete Mono.otf) normal normal roman normal>) = 10.145
DEBUG:matplotlib.font_manager:findfont: score(<Font 'Noto Serif Georgian' (NotoSerifGeorgian-Regular.ttf) normal normal regular normal>) = 10.05
DEBUG:matplotlib.font_manager:findfont: score(<Font 'NotoSansMono Nerd Font' (Noto Sans Mono ExtraCondensed SemiBold Nerd Font Complete.ttf) normal normal semibold condensed>) = 10.44
DEBUG:matplotlib.font_manager:findfont: score(<Font 'Iosevka' (Iosevka Heavy Italic Nerd Font Complete.ttf) italic normal 700 normal>) = 11.335
DEBUG:matplotlib.font_manager:findfont: score(<Font 'NotoSans Nerd Font Mono' (Noto Sans Medium Italic Nerd Font Complete Mono.ttf) italic normal medium normal>) = 11.145
DEBUG:matplotlib.font_manager:findfont: score(<Font 'NotoSans Nerd Font' (Noto Sans ExtraBold Italic Nerd Font Complete.ttf) italic normal bold normal>) = 11.335
DEBUG:matplotlib.font_manager:findfont: score(<Font 'Liberation Serif' (LiberationSerif-Italic.ttf) italic normal 400 normal>) = 11.05
DEBUG:matplotlib.font_manager:findfont: score(<Font 'Hurmit Nerd Font Mono' (Hurmit Light Nerd Font Complete Mono.otf) normal normal light normal>) = 10.24
DEBUG:matplotlib.font_manager:findfont: score(<Font 'NotoSans Nerd Font Mono' (Noto Sans SemiCondensed SemiBold Nerd Font Complete Mono.ttf) normal normal semibold condensed>) = 10.44
DEBUG:matplotlib.font_manager:findfont: score(<Font 'NotoSerifDisplay Nerd Font' (Noto Serif Display Italic Nerd Font Complete.ttf) italic normal 400 normal>) = 11.05
DEBUG:matplotlib.font_manager:findfont: score(<Font 'mplus Nerd Font' (M+ 1c Nerd Font Complete.ttf) normal normal 400 normal>) = 10.05
DEBUG:matplotlib.font_manager:findfont: score(<Font 'mplus Nerd Font' (M+ 1c bold Nerd Font Complete.ttf) normal normal 700 normal>) = 10.335
DEBUG:matplotlib.font_manager:findfont: score(<Font 'Liberation Sans' (LiberationSans-Bold.ttf) normal normal 700 normal>) = 10.335
DEBUG:matplotlib.font_manager:findfont: score(<Font 'NotoSansDisplay Nerd Font' (Noto Sans Display SemiCondensed ExtraBold Italic Nerd Font Complete.ttf) italic normal bold condensed>) = 11.535
DEBUG:matplotlib.font_manager:findfont: score(<Font 'NotoSans Nerd Font' (Noto Sans ExtraCondensed Bold Italic Nerd Font Complete.ttf) italic normal 700 condensed>) = 11.535
DEBUG:matplotlib.font_manager:findfont: score(<Font 'Noto Sans Myanmar UI' (NotoSansMyanmarUI-Bold.ttf) normal normal 700 normal>) = 10.335
DEBUG:matplotlib.font_manager:findfont: score(<Font 'TerminessTTF Nerd Font' (Terminess (TTF) Italic Nerd Font Complete.ttf) italic normal 400 normal>) = 11.05
DEBUG:matplotlib.font_manager:findfont: score(<Font 'NotoSerif Nerd Font' (Noto Serif ExtraLight Nerd Font Complete.ttf) normal normal light normal>) = 10.24
DEBUG:matplotlib.font_manager:findfont: score(<Font 'NotoSans Nerd Font Mono' (Noto Sans ExtraCondensed ExtraBold Nerd Font Complete Mono.ttf) normal normal bold condensed>) = 10.535
DEBUG:matplotlib.font_manager:findfont: score(<Font 'NotoSerifDisplay Nerd Font Mono' (Noto Serif Display ExtraCondensed Medium Nerd Font Complete Mono.ttf) normal normal medium condensed>) = 10.344999999999999
DEBUG:matplotlib.font_manager:findfont: score(<Font 'NotoSansDisplay Nerd Font' (Noto Sans Display ExtraCondensed Bold Nerd Font Complete.ttf) normal normal 700 condensed>) = 10.535
DEBUG:matplotlib.font_manager:findfont: score(<Font 'Noto Serif Malayalam' (NotoSerifMalayalam-Regular.ttf) normal normal regular normal>) = 10.05
DEBUG:matplotlib.font_manager:findfont: score(<Font 'Noto Sans Armenian' (NotoSansArmenian-Thin.ttf) normal normal 400 normal>) = 10.05
DEBUG:matplotlib.font_manager:findfont: score(<Font 'Noto Sans Lao UI' (NotoSansLaoUI-Bold.ttf) normal normal 700 normal>) = 10.335
DEBUG:matplotlib.font_manager:findfont: score(<Font 'NotoSerifDisplay Nerd Font' (Noto Serif Display ExtraCondensed Medium Nerd Font Complete.ttf) normal normal medium condensed>) = 10.344999999999999
DEBUG:matplotlib.font_manager:findfont: score(<Font 'NotoSerif Nerd Font' (Noto Serif Condensed Medium Italic Nerd Font Complete.ttf) italic normal medium condensed>) = 11.344999999999999
DEBUG:matplotlib.font_manager:findfont: score(<Font 'NotoSans Nerd Font' (Noto Sans SemiCondensed Italic Nerd Font Complete.ttf) italic normal 400 condensed>) = 11.25
DEBUG:matplotlib.font_manager:findfont: score(<Font 'NotoSans Nerd Font' (Noto Sans Condensed Medium Italic Nerd Font Complete.ttf) italic normal medium condensed>) = 11.344999999999999
DEBUG:matplotlib.font_manager:findfont: score(<Font 'NotoSansDisplay Nerd Font Mono' (Noto Sans Display Bold Italic Nerd Font Complete Mono.ttf) italic normal 700 normal>) = 11.335
DEBUG:matplotlib.font_manager:findfont: score(<Font 'FuraCode Nerd Font' (Fura Code Bold Nerd Font Complete.otf) normal normal 700 normal>) = 10.335
DEBUG:matplotlib.font_manager:findfont: score(<Font 'NotoSerif Nerd Font Mono' (Noto Serif ExtraLight Italic Nerd Font Complete Mono.ttf) italic normal light normal>) = 11.24
DEBUG:matplotlib.font_manager:findfont: score(<Font 'NotoSans Nerd Font' (Noto Sans ExtraCondensed ExtraLight Nerd Font Complete.ttf) normal normal light condensed>) = 10.44
DEBUG:matplotlib.font_manager:findfont: score(<Font 'Noto Sans Telugu' (NotoSansTelugu-Thin.ttf) normal normal 400 normal>) = 10.05
DEBUG:matplotlib.font_manager:findfont: score(<Font 'NotoSansDisplay Nerd Font Mono' (Noto Sans Display SemiCondensed ExtraLight Nerd Font Complete Mono.ttf) normal normal light condensed>) = 10.44
DEBUG:matplotlib.font_manager:findfont: score(<Font 'NotoSerif Nerd Font Mono' (Noto Serif Condensed SemiBold Nerd Font Complete Mono.ttf) normal normal semibold condensed>) = 10.44
DEBUG:matplotlib.font_manager:findfont: score(<Font 'BlexMono Nerd Font Mono' (Blex Mono Medium Italic Nerd Font Complete Mono.ttf) italic normal medium normal>) = 11.145
DEBUG:matplotlib.font_manager:findfont: score(<Font 'Iosevka Term' (Iosevka Term Italic Nerd Font Complete.ttf) italic normal 400 normal>) = 11.05
DEBUG:matplotlib.font_manager:findfont: score(<Font 'NotoSerifDisplay Nerd Font' (Noto Serif Display ExtraCondensed Nerd Font Complete.ttf) normal normal 400 condensed>) = 10.25
DEBUG:matplotlib.font_manager:findfont: score(<Font 'NotoSansDisplay Nerd Font' (Noto Sans Display SemiCondensed Black Italic Nerd Font Complete.ttf) italic normal black condensed>) = 11.725
DEBUG:matplotlib.font_manager:findfont: score(<Font 'NotoSerifDisplay Nerd Font Mono' (Noto Serif Display Condensed ExtraLight Nerd Font Complete Mono.ttf) normal normal light condensed>) = 10.44
DEBUG:matplotlib.font_manager:findfont: score(<Font 'Noto Serif Display' (NotoSerifDisplay-Regular.ttf) normal normal regular normal>) = 10.05
DEBUG:matplotlib.font_manager:findfont: score(<Font 'OpenDyslexicAlta Nerd Font Mono' (OpenDyslexicAlta Bold Italic Nerd Font Complete Mono.otf) italic normal 700 normal>) = 11.335
DEBUG:matplotlib.font_manager:findfont: score(<Font 'NotoSansMono Nerd Font Mono' (Noto Sans Mono ExtraCondensed Nerd Font Complete Mono.ttf) normal normal 400 condensed>) = 10.25
DEBUG:matplotlib.font_manager:findfont: score(<Font 'NotoSansMono Nerd Font Mono' (Noto Sans Mono ExtraCondensed ExtraLight Nerd Font Complete Mono.ttf) normal normal light condensed>) = 10.44
DEBUG:matplotlib.font_manager:findfont: score(<Font 'Noto Serif Gujarati' (NotoSerifGujarati-Bold.ttf) normal normal 700 normal>) = 10.335
DEBUG:matplotlib.font_manager:findfont: score(<Font 'NotoSansDisplay Nerd Font' (Noto Sans Display Thin Italic Nerd Font Complete.ttf) italic normal 400 normal>) = 11.05
DEBUG:matplotlib.font_manager:findfont: score(<Font 'Overpass Nerd Font' (Overpass Heavy Italic Nerd Font Complete.otf) italic normal heavy normal>) = 11.43
DEBUG:matplotlib.font_manager:findfont: score(<Font 'Noto Sans Runic' (NotoSansRunic-Regular.ttf) normal normal regular normal>) = 10.05
DEBUG:matplotlib.font_manager:findfont: score(<Font 'InconsolataGo Nerd Font' (InconsolataGo Bold Nerd Font Complete.ttf) normal normal 700 normal>) = 10.335
DEBUG:matplotlib.font_manager:findfont: score(<Font 'RobotoMono Nerd Font' (Roboto Mono Bold Italic Nerd Font Complete.ttf) italic normal 700 normal>) = 11.335
DEBUG:matplotlib.font_manager:findfont: score(<Font 'NotoSerif Nerd Font' (Noto Serif ExtraCondensed Thin Nerd Font Complete.ttf) normal normal 400 condensed>) = 10.25
DEBUG:matplotlib.font_manager:findfont: score(<Font 'Noto Sans Symbols' (NotoSansSymbols-Light.ttf) normal normal light normal>) = 10.24
DEBUG:matplotlib.font_manager:findfont: score(<Font 'NotoSansMono Nerd Font' (Noto Sans Mono Condensed Thin Nerd Font Complete.ttf) normal normal 400 condensed>) = 10.25
DEBUG:matplotlib.font_manager:findfont: score(<Font 'NotoSans Nerd Font' (Noto Sans Condensed Bold Italic Nerd Font Complete.ttf) italic normal 700 condensed>) = 11.535
DEBUG:matplotlib.font_manager:findfont: score(<Font 'Noto Sans Mono' (NotoSansMono-Thin.ttf) normal normal 400 normal>) = 10.05
DEBUG:matplotlib.font_manager:findfont: score(<Font 'DejaVuSansMono Nerd Font' (DejaVu Sans Mono Oblique Nerd Font Complete.ttf) oblique normal 400 normal>) = 11.05
DEBUG:matplotlib.font_manager:findfont: score(<Font 'Iosevka' (Iosevka Medium Nerd Font Complete Mono.ttf) normal normal medium normal>) = 10.145
DEBUG:matplotlib.font_manager:findfont: score(<Font 'mplus Nerd Font' (M+ 1c medium Nerd Font Complete.ttf) normal normal medium normal>) = 10.145
DEBUG:matplotlib.font_manager:findfont: score(<Font 'BlexMono Nerd Font' (Blex Mono ExtraLight Italic Nerd Font Complete.ttf) italic normal light normal>) = 11.24
DEBUG:matplotlib.font_manager:findfont: score(<Font 'NotoSans Nerd Font' (Noto Sans ExtraCondensed Medium Italic Nerd Font Complete.ttf) italic normal medium condensed>) = 11.344999999999999
DEBUG:matplotlib.font_manager:findfont: score(<Font 'NotoSerif Nerd Font Mono' (Noto Serif Condensed Thin Nerd Font Complete Mono.ttf) normal normal 400 condensed>) = 10.25
DEBUG:matplotlib.font_manager:findfont: score(<Font 'DejaVu Serif' (DejaVuSerif-Bold.ttf) normal normal 700 normal>) = 10.335
DEBUG:matplotlib.font_manager:findfont: score(<Font 'NotoSans Nerd Font' (Noto Sans ExtraCondensed Light Italic Nerd Font Complete.ttf) italic normal light condensed>) = 11.44
DEBUG:matplotlib.font_manager:findfont: score(<Font 'Noto Serif Lao' (NotoSerifLao-Medium.ttf) normal normal medium normal>) = 10.145
DEBUG:matplotlib.font_manager:findfont: score(<Font 'Noto Sans Ogham' (NotoSansOgham-Regular.ttf) normal normal regular normal>) = 10.05
DEBUG:matplotlib.font_manager:findfont: score(<Font 'FuraMono Nerd Font Mono' (Fura Mono Bold Nerd Font Complete Mono.otf) normal normal 700 normal>) = 10.335
DEBUG:matplotlib.font_manager:findfont: score(<Font 'Iosevka Term' (Iosevka Term Nerd Font Complete.ttf) normal normal 400 normal>) = 10.05
DEBUG:matplotlib.font_manager:findfont: score(<Font 'NotoSerifDisplay Nerd Font Mono' (Noto Serif Display ExtraCondensed SemiBold Italic Nerd Font Complete Mono.ttf) italic normal semibold condensed>) = 11.44
DEBUG:matplotlib.font_manager:findfont: score(<Font 'NotoSans Nerd Font Mono' (Noto Sans ExtraCondensed Black Italic Nerd Font Complete Mono.ttf) italic normal black condensed>) = 11.725
DEBUG:matplotlib.font_manager:findfont: score(<Font 'Noto Sans Kharoshthi' (NotoSansKharoshthi-Regular.ttf) normal normal regular normal>) = 10.05
DEBUG:matplotlib.font_manager:findfont: score(<Font 'mononoki Nerd Font' (mononoki Bold Italic Nerd Font Complete.ttf) italic normal 700 normal>) = 11.335
DEBUG:matplotlib.font_manager:findfont: score(<Font 'Noto Sans Tamil' (NotoSansTamil-Medium.ttf) normal normal medium normal>) = 10.145
DEBUG:matplotlib.font_manager:findfont: score(<Font 'Tinos Nerd Font' (Tinos Nerd Font Complete.ttf) normal normal 400 normal>) = 10.05
DEBUG:matplotlib.font_manager:findfont: score(<Font 'NotoSans Nerd Font' (Noto Sans SemiCondensed Black Nerd Font Complete.ttf) normal normal black condensed>) = 10.725
DEBUG:matplotlib.font_manager:findfont: score(<Font 'NotoSansDisplay Nerd Font' (Noto Sans Display ExtraCondensed Italic Nerd Font Complete.ttf) italic normal 400 condensed>) = 11.25
DEBUG:matplotlib.font_manager:findfont: score(<Font 'InconsolataLGC Nerd Font' (Inconsolata LGC Bold Nerd Font Complete.ttf) normal normal 700 normal>) = 10.335
DEBUG:matplotlib.font_manager:findfont: score(<Font 'Noto Sans Oriya UI' (NotoSansOriyaUI-Bold.ttf) normal normal 700 normal>) = 10.335
DEBUG:matplotlib.font_manager:findfont: score(<Font 'Noto Sans Sharada' (NotoSansSharada-Regular.ttf) normal normal regular normal>) = 10.05
DEBUG:matplotlib.font_manager:findfont: score(<Font 'mplus Nerd Font' (M+ 1c light Nerd Font Complete.ttf) normal normal light normal>) = 10.24
DEBUG:matplotlib.font_manager:findfont: score(<Font 'NotoSansMono Nerd Font Mono' (Noto Sans Mono Condensed Bold Nerd Font Complete Mono.ttf) normal normal 700 condensed>) = 10.535
DEBUG:matplotlib.font_manager:findfont: score(<Font 'NotoSansMono Nerd Font' (Noto Sans Mono ExtraCondensed Light Nerd Font Complete.ttf) normal normal light condensed>) = 10.44
DEBUG:matplotlib.font_manager:findfont: score(<Font 'NotoSansDisplay Nerd Font Mono' (Noto Sans Display Thin Italic Nerd Font Complete Mono.ttf) italic normal 400 normal>) = 11.05
DEBUG:matplotlib.font_manager:findfont: score(<Font 'NotoSans Nerd Font Mono' (Noto Sans Medium Italic Nerd Font Complete Mono.ttf) italic normal medium normal>) = 11.145
DEBUG:matplotlib.font_manager:findfont: score(<Font 'Iosevka' (Iosevka Extralight Oblique Nerd Font Complete.ttf) oblique normal light normal>) = 11.24
DEBUG:matplotlib.font_manager:findfont: score(<Font 'MesloLGL Nerd Font' (Meslo LG L Regular Nerd Font Complete.otf) normal normal regular normal>) = 10.05
DEBUG:matplotlib.font_manager:findfont: score(<Font 'mplus Nerd Font' (M+ 2m medium Nerd Font Complete.ttf) normal normal medium normal>) = 10.145
DEBUG:matplotlib.font_manager:findfont: score(<Font 'NotoSansDisplay Nerd Font Mono' (Noto Sans Display ExtraCondensed Medium Italic Nerd Font Complete Mono.ttf) italic normal medium condensed>) = 11.344999999999999
DEBUG:matplotlib.font_manager:findfont: score(<Font 'mplus Nerd Font' (M+ 2c black Nerd Font Complete.ttf) normal normal 700 normal>) = 10.335
DEBUG:matplotlib.font_manager:findfont: score(<Font 'Iosevka' (Iosevka Light Nerd Font Complete Mono.ttf) normal normal light normal>) = 10.24
DEBUG:matplotlib.font_manager:findfont: score(<Font 'NotoSerif Nerd Font Mono' (Noto Serif Condensed Bold Nerd Font Complete Mono.ttf) normal normal 700 condensed>) = 10.535
DEBUG:matplotlib.font_manager:findfont: score(<Font 'Overpass Nerd Font' (Overpass ExtraLight Italic Nerd Font Complete.otf) italic normal light normal>) = 11.24
DEBUG:matplotlib.font_manager:findfont: score(<Font 'RobotoMono Nerd Font Mono' (Roboto Mono Italic Nerd Font Complete Mono.ttf) italic normal 400 normal>) = 11.05
DEBUG:matplotlib.font_manager:findfont: score(<Font 'Noto Sans Thai' (NotoSansThai-Bold.ttf) normal normal 700 normal>) = 10.335
DEBUG:matplotlib.font_manager:findfont: score(<Font 'Ubuntu Nerd Font Mono' (Ubuntu Italic Nerd Font Complete Mono.ttf) italic normal 400 normal>) = 11.05
DEBUG:matplotlib.font_manager:findfont: score(<Font 'Hasklug Nerd Font' (Hasklug Light Italic Nerd Font Complete.otf) italic normal light normal>) = 11.24
DEBUG:matplotlib.font_manager:findfont: score(<Font 'NotoSerif Nerd Font' (Noto Serif Condensed Bold Nerd Font Complete.ttf) normal normal 700 condensed>) = 10.535
DEBUG:matplotlib.font_manager:findfont: score(<Font 'mplus Nerd Font Mono' (M+ 2c Nerd Font Complete Mono.ttf) normal normal 400 normal>) = 10.05
DEBUG:matplotlib.font_manager:findfont: score(<Font 'Noto Sans Malayalam' (NotoSansMalayalam-Black.ttf) normal normal black normal>) = 10.525
DEBUG:matplotlib.font_manager:findfont: score(<Font 'NotoSans Nerd Font Mono' (Noto Sans ExtraLight Italic Nerd Font Complete Mono.ttf) italic normal light normal>) = 11.24
DEBUG:matplotlib.font_manager:findfont: score(<Font 'Noto Sans Rejang' (NotoSansRejang-Regular.ttf) normal normal regular normal>) = 10.05
DEBUG:matplotlib.font_manager:findfont: score(<Font 'SpaceMono Nerd Font Mono' (Space Mono Nerd Font Complete Mono.ttf) normal normal 400 normal>) = 10.05
DEBUG:matplotlib.font_manager:findfont: score(<Font 'mplus Nerd Font Mono' (M+ 1mn Nerd Font Complete Mono.ttf) normal normal 400 normal>) = 10.05
DEBUG:matplotlib.font_manager:findfont: score(<Font 'Noto Serif Tangut' (NotoSerifTangut-Regular.ttf) normal normal regular normal>) = 10.05
DEBUG:matplotlib.font_manager:findfont: score(<Font 'NotoSerif Nerd Font Mono' (Noto Serif ExtraCondensed Black Nerd Font Complete Mono.ttf) normal normal black condensed>) = 10.725
DEBUG:matplotlib.font_manager:findfont: score(<Font 'NotoSerifDisplay Nerd Font' (Noto Serif Display Light Nerd Font Complete.ttf) normal normal light normal>) = 10.24
DEBUG:matplotlib.font_manager:findfont: score(<Font '3270Narrow Nerd Font' (3270 Narrow Nerd Font Complete.otf) normal normal 400 condensed>) = 10.25
DEBUG:matplotlib.font_manager:findfont: score(<Font 'GohuFont Nerd Font' (GohuFont Nerd Font Complete.ttf) normal normal 400 normal>) = 10.05
DEBUG:matplotlib.font_manager:findfont: score(<Font 'NotoSansDisplay Nerd Font' (Noto Sans Display SemiCondensed Nerd Font Complete.ttf) normal normal 400 condensed>) = 10.25
DEBUG:matplotlib.font_manager:findfont: score(<Font 'Ubuntu Nerd Font Mono' (Ubuntu Bold Italic Nerd Font Complete Mono.ttf) italic normal 700 normal>) = 11.335
DEBUG:matplotlib.font_manager:findfont: score(<Font 'NotoSansMono Nerd Font' (Noto Sans Mono ExtraCondensed Thin Nerd Font Complete.ttf) normal normal 400 condensed>) = 10.25
DEBUG:matplotlib.font_manager:findfont: score(<Font 'Hurmit Nerd Font' (Hurmit Light Nerd Font Complete.otf) normal normal light normal>) = 10.24
DEBUG:matplotlib.font_manager:findfont: score(<Font 'NotoSerif Nerd Font Mono' (Noto Serif ExtraCondensed Light Nerd Font Complete Mono.ttf) normal normal light condensed>) = 10.44
DEBUG:matplotlib.font_manager:findfont: score(<Font 'NotoSerif Nerd Font Mono' (Noto Serif SemiCondensed ExtraLight Italic Nerd Font Complete Mono.ttf) italic normal light condensed>) = 11.44
DEBUG:matplotlib.font_manager:findfont: score(<Font 'Overpass Nerd Font Mono' (Overpass ExtraLight Nerd Font Complete Mono.otf) normal normal light normal>) = 10.24
DEBUG:matplotlib.font_manager:findfont: score(<Font 'Hack Nerd Font Mono' (Hack Bold Nerd Font Complete Mono.ttf) normal normal 700 normal>) = 10.335
DEBUG:matplotlib.font_manager:findfont: score(<Font 'NotoSansDisplay Nerd Font' (Noto Sans Display ExtraCondensed Black Nerd Font Complete.ttf) normal normal black condensed>) = 10.725
DEBUG:matplotlib.font_manager:findfont: score(<Font 'Ubuntu Nerd Font Mono' (Ubuntu Nerd Font Complete Mono.ttf) normal normal 400 normal>) = 10.05
DEBUG:matplotlib.font_manager:findfont: score(<Font 'NotoSans Nerd Font' (Noto Sans Condensed Thin Italic Nerd Font Complete.ttf) italic normal 400 condensed>) = 11.25
DEBUG:matplotlib.font_manager:findfont: score(<Font 'NotoSerifDisplay Nerd Font Mono' (Noto Serif Display SemiCondensed ExtraLight Italic Nerd Font Complete Mono.ttf) italic normal light condensed>) = 11.44
DEBUG:matplotlib.font_manager:findfont: score(<Font 'NotoSans Nerd Font Mono' (Noto Sans Condensed Medium Italic Nerd Font Complete Mono.ttf) italic normal medium condensed>) = 11.344999999999999
DEBUG:matplotlib.font_manager:findfont: score(<Font 'RobotoMono Nerd Font' (Roboto Mono Italic Nerd Font Complete.ttf) italic normal 400 normal>) = 11.05
DEBUG:matplotlib.font_manager:findfont: score(<Font 'NotoSans Nerd Font' (Noto Sans SemiCondensed SemiBold Italic Nerd Font Complete.ttf) italic normal semibold condensed>) = 11.44
DEBUG:matplotlib.font_manager:findfont: score(<Font 'SauceCodePro Nerd Font Mono' (Sauce Code Pro Light Italic Nerd Font Complete Mono.ttf) italic normal light normal>) = 11.24
DEBUG:matplotlib.font_manager:findfont: score(<Font 'mplus Nerd Font' (M+ 1p heavy Nerd Font Complete.ttf) normal normal 700 normal>) = 10.335
DEBUG:matplotlib.font_manager:findfont: score(<Font 'Nimbus Mono PS' (NimbusMonoPS-Regular.otf) normal normal 400 normal>) = 10.05
DEBUG:matplotlib.font_manager:findfont: score(<Font 'Hurmit Nerd Font Mono' (Hurmit Medium Nerd Font Complete Mono.otf) normal normal medium normal>) = 10.145
DEBUG:matplotlib.font_manager:findfont: score(<Font 'NotoSans Nerd Font Mono' (Noto Sans SemiCondensed SemiBold Italic Nerd Font Complete Mono.ttf) italic normal semibold condensed>) = 11.44
DEBUG:matplotlib.font_manager:findfont: score(<Font 'NotoSerif Nerd Font Mono' (Noto Serif SemiCondensed ExtraLight Nerd Font Complete Mono.ttf) normal normal light condensed>) = 10.44
DEBUG:matplotlib.font_manager:findfont: score(<Font 'NotoSansDisplay Nerd Font' (Noto Sans Display Light Italic Nerd Font Complete.ttf) italic normal light normal>) = 11.24
DEBUG:matplotlib.font_manager:findfont: score(<Font 'Tinos Nerd Font Mono' (Tinos Italic Nerd Font Complete Mono.ttf) italic normal 400 normal>) = 11.05
DEBUG:matplotlib.font_manager:findfont: score(<Font 'NotoSerif Nerd Font Mono' (Noto Serif Medium Italic Nerd Font Complete Mono.ttf) italic normal medium normal>) = 11.145
DEBUG:matplotlib.font_manager:findfont: score(<Font 'Noto Sans Kannada UI' (NotoSansKannadaUI-Bold.ttf) normal normal 700 normal>) = 10.335
DEBUG:matplotlib.font_manager:findfont: score(<Font 'SauceCodePro Nerd Font' (Sauce Code Pro Medium Italic Nerd Font Complete.ttf) italic normal medium normal>) = 11.145
DEBUG:matplotlib.font_manager:findfont: score(<Font 'Noto Serif Kannada' (NotoSerifKannada-Light.ttf) normal normal light normal>) = 10.24
DEBUG:matplotlib.font_manager:findfont: score(<Font 'SauceCodePro Nerd Font Mono' (Sauce Code Pro Bold Italic Nerd Font Complete Mono.ttf) italic normal 700 normal>) = 11.335
DEBUG:matplotlib.font_manager:findfont: score(<Font 'NotoSerif Nerd Font' (Noto Serif ExtraCondensed Thin Italic Nerd Font Complete.ttf) italic normal 400 condensed>) = 11.25
DEBUG:matplotlib.font_manager:findfont: score(<Font 'NotoSerifDisplay Nerd Font Mono' (Noto Serif Display ExtraCondensed Black Italic Nerd Font Complete Mono.ttf) italic normal black condensed>) = 11.725
DEBUG:matplotlib.font_manager:findfont: score(<Font 'NotoSerifDisplay Nerd Font' (Noto Serif Display ExtraCondensed Thin Nerd Font Complete.ttf) normal normal 400 condensed>) = 10.25
DEBUG:matplotlib.font_manager:findfont: score(<Font 'Noto Sans Old Italic' (NotoSansOldItalic-Regular.ttf) italic normal regular normal>) = 11.05
DEBUG:matplotlib.font_manager:findfont: score(<Font 'Noto Serif Tamil Slanted' (NotoSerifTamilSlanted-Medium.ttf) normal normal medium normal>) = 10.145
DEBUG:matplotlib.font_manager:findfont: score(<Font 'Cantarell' (Cantarell-Light.otf) normal normal light normal>) = 10.24
DEBUG:matplotlib.font_manager:findfont: score(<Font 'Iosevka' (Iosevka Thin Nerd Font Complete Mono.ttf) normal normal 400 normal>) = 10.05
DEBUG:matplotlib.font_manager:findfont: score(<Font 'NotoSansDisplay Nerd Font' (Noto Sans Display Bold Italic Nerd Font Complete.ttf) italic normal 700 normal>) = 11.335
DEBUG:matplotlib.font_manager:findfont: score(<Font 'BlexMono Nerd Font Mono' (Blex Mono Text Nerd Font Complete Mono.ttf) normal normal 400 normal>) = 10.05
DEBUG:matplotlib.font_manager:findfont: score(<Font 'Noto Sans Myanmar UI' (NotoSansMyanmarUI-Regular.ttf) normal normal regular normal>) = 10.05
DEBUG:matplotlib.font_manager:findfont: score(<Font 'mplus Nerd Font' (M+ 2p Nerd Font Complete.ttf) normal normal 400 normal>) = 10.05
DEBUG:matplotlib.font_manager:findfont: score(<Font 'NotoSerif Nerd Font' (Noto Serif ExtraCondensed Light Italic Nerd Font Complete.ttf) italic normal light condensed>) = 11.44
DEBUG:matplotlib.font_manager:findfont: score(<Font 'NotoSerifDisplay Nerd Font' (Noto Serif Display ExtraCondensed Medium Italic Nerd Font Complete.ttf) italic normal medium condensed>) = 11.344999999999999
DEBUG:matplotlib.font_manager:findfont: score(<Font 'AurulentSansMono Nerd Font Mono' (AurulentSansMono-Regular Nerd Font Complete Mono.otf) normal normal regular normal>) = 10.05
DEBUG:matplotlib.font_manager:findfont: score(<Font 'Noto Sans Thai' (NotoSansThai-Light.ttf) normal normal light normal>) = 10.24
DEBUG:matplotlib.font_manager:findfont: score(<Font 'Noto Naskh Arabic' (NotoNaskhArabic-Regular.ttf) normal normal 400 normal>) = 10.05
DEBUG:matplotlib.font_manager:findfont: score(<Font 'FuraCode Nerd Font' (Fura Code Medium Nerd Font Complete.otf) normal normal medium normal>) = 10.145
DEBUG:matplotlib.font_manager:findfont: score(<Font 'NotoSans Nerd Font Mono' (Noto Sans SemiBold Italic Nerd Font Complete Mono.ttf) italic normal semibold normal>) = 11.24
DEBUG:matplotlib.font_manager:findfont: score(<Font 'NotoSerif Nerd Font' (Noto Serif ExtraLight Italic Nerd Font Complete.ttf) italic normal light normal>) = 11.24
DEBUG:matplotlib.font_manager:findfont: score(<Font 'mplus Nerd Font Mono' (M+ 1m Nerd Font Complete Mono.ttf) normal normal 400 normal>) = 10.05
DEBUG:matplotlib.font_manager:findfont: score(<Font 'mplus Nerd Font Mono' (M+ 1mn thin Nerd Font Complete Mono.ttf) normal normal 400 normal>) = 10.05
DEBUG:matplotlib.font_manager:findfont: score(<Font 'FantasqueSansMono Nerd Font Mono' (Fantasque Sans Mono Bold Italic Nerd Font Complete Mono.ttf) italic normal 700 normal>) = 11.335
DEBUG:matplotlib.font_manager:findfont: score(<Font 'Hurmit Nerd Font Mono' (Hurmit Medium Nerd Font Complete Mono.otf) normal normal medium normal>) = 10.145
DEBUG:matplotlib.font_manager:findfont: score(<Font 'mplus Nerd Font' (M+ 1mn bold Nerd Font Complete.ttf) normal normal 700 normal>) = 10.335
DEBUG:matplotlib.font_manager:findfont: score(<Font 'NotoSansMono Nerd Font Mono' (Noto Sans Mono ExtraCondensed SemiBold Nerd Font Complete Mono.ttf) normal normal semibold condensed>) = 10.44
DEBUG:matplotlib.font_manager:findfont: score(<Font 'Libertinus Serif' (LibertinusSerif-Bold.otf) normal normal 700 normal>) = 10.335
DEBUG:matplotlib.font_manager:findfont: score(<Font 'Hasklug Nerd Font Mono' (Hasklug Italic Nerd Font Complete Mono.otf) italic normal 400 normal>) = 11.05
DEBUG:matplotlib.font_manager:findfont: score(<Font 'Hasklug Nerd Font' (Hasklug Medium Nerd Font Complete.otf) normal normal medium normal>) = 10.145
DEBUG:matplotlib.font_manager:findfont: score(<Font 'Noto Sans Psalter Pahlavi' (NotoSansPsalterPahlavi-Regular.ttf) normal normal regular normal>) = 10.05
DEBUG:matplotlib.font_manager:findfont: score(<Font 'Noto Sans Javanese' (NotoSansJavanese-Regular.ttf) normal normal regular normal>) = 10.05
DEBUG:matplotlib.font_manager:findfont: score(<Font 'NotoSerif Nerd Font Mono' (Noto Serif ExtraBold Nerd Font Complete Mono.ttf) normal normal bold normal>) = 10.335
DEBUG:matplotlib.font_manager:findfont: score(<Font 'NotoSerifDisplay Nerd Font' (Noto Serif Display SemiCondensed ExtraLight Nerd Font Complete.ttf) normal normal light condensed>) = 10.44
DEBUG:matplotlib.font_manager:findfont: score(<Font 'NotoSansDisplay Nerd Font Mono' (Noto Sans Display SemiCondensed SemiBold Nerd Font Complete Mono.ttf) normal normal semibold condensed>) = 10.44
DEBUG:matplotlib.font_manager:findfont: score(<Font 'BlexMono Nerd Font' (Blex Mono Bold Italic Nerd Font Complete.ttf) italic normal 700 normal>) = 11.335
DEBUG:matplotlib.font_manager:findfont: score(<Font 'Noto Sans' (NotoSans-Black.ttf) normal normal black normal>) = 10.525
DEBUG:matplotlib.font_manager:findfont: score(<Font 'SauceCodePro Nerd Font Mono' (Sauce Code Pro ExtraLight Italic Nerd Font Complete Mono.ttf) italic normal light normal>) = 11.24
DEBUG:matplotlib.font_manager:findfont: score(<Font 'Serto Batnan' (SyrCOMBatnanBold.otf) normal normal 700 normal>) = 10.335
DEBUG:matplotlib.font_manager:findfont: score(<Font 'SauceCodePro Nerd Font Mono' (Sauce Code Pro Medium Nerd Font Complete Mono.ttf) normal normal medium normal>) = 10.145
DEBUG:matplotlib.font_manager:findfont: score(<Font 'NotoSerifDisplay Nerd Font Mono' (Noto Serif Display ExtraCondensed Bold Italic Nerd Font Complete Mono.ttf) italic normal 700 condensed>) = 11.535
DEBUG:matplotlib.font_manager:findfont: score(<Font 'Overpass Nerd Font Mono' (Overpass Heavy Italic Nerd Font Complete Mono.otf) italic normal heavy normal>) = 11.43
DEBUG:matplotlib.font_manager:findfont: score(<Font 'BlexMono Nerd Font' (Blex Mono Bold Nerd Font Complete.ttf) normal normal 700 normal>) = 10.335
DEBUG:matplotlib.font_manager:findfont: score(<Font 'NotoSerifDisplay Nerd Font' (Noto Serif Display SemiCondensed ExtraBold Nerd Font Complete.ttf) normal normal bold condensed>) = 10.535
DEBUG:matplotlib.font_manager:findfont: score(<Font 'Noto Sans Vai' (NotoSansVai-Regular.ttf) normal normal regular normal>) = 10.05
DEBUG:matplotlib.font_manager:findfont: score(<Font 'NotoSerifDisplay Nerd Font' (Noto Serif Display SemiCondensed ExtraBold Italic Nerd Font Complete.ttf) italic normal bold condensed>) = 11.535
DEBUG:matplotlib.font_manager:findfont: score(<Font 'NotoSerif Nerd Font Mono' (Noto Serif SemiCondensed Italic Nerd Font Complete Mono.ttf) italic normal 400 condensed>) = 11.25
DEBUG:matplotlib.font_manager:findfont: score(<Font 'MesloLGM Nerd Font' (Meslo LG M Regular Nerd Font Complete.otf) normal normal regular normal>) = 10.05
DEBUG:matplotlib.font_manager:findfont: score(<Font 'Hasklug Nerd Font Mono' (Hasklug Bold Nerd Font Complete Mono.otf) normal normal 700 normal>) = 10.335
DEBUG:matplotlib.font_manager:findfont: score(<Font 'BlexMono Nerd Font' (Blex Mono Medium Italic Nerd Font Complete.ttf) italic normal medium normal>) = 11.145
DEBUG:matplotlib.font_manager:findfont: score(<Font 'mplus Nerd Font Mono' (M+ 1m bold Nerd Font Complete Mono.ttf) normal normal 700 normal>) = 10.335
DEBUG:matplotlib.font_manager:findfont: score(<Font 'DroidSansMono Nerd Font Mono' (Droid Sans Mono Nerd Font Complete Mono.otf) normal normal 400 normal>) = 10.05
DEBUG:matplotlib.font_manager:findfont: score(<Font 'Ubuntu Nerd Font Mono' (Ubuntu Light Nerd Font Complete Mono.ttf) normal normal light normal>) = 10.24
DEBUG:matplotlib.font_manager:findfont: score(<Font 'FuraCode Nerd Font Mono' (Fura Code Medium Nerd Font Complete Mono.otf) normal normal medium normal>) = 10.145
DEBUG:matplotlib.font_manager:findfont: score(<Font 'Noto Sans Khmer UI' (NotoSansKhmerUI-Regular.ttf) normal normal regular normal>) = 10.05
DEBUG:matplotlib.font_manager:findfont: score(<Font 'Tinos Nerd Font' (Tinos Bold Italic Nerd Font Complete.ttf) italic normal 700 normal>) = 11.335
DEBUG:matplotlib.font_manager:findfont: score(<Font 'NotoSansDisplay Nerd Font Mono' (Noto Sans Display SemiCondensed ExtraBold Italic Nerd Font Complete Mono.ttf) italic normal bold condensed>) = 11.535
DEBUG:matplotlib.font_manager:findfont: score(<Font 'mplus Nerd Font Mono' (M+ 1c heavy Nerd Font Complete Mono.ttf) normal normal 700 normal>) = 10.335
DEBUG:matplotlib.font_manager:findfont: score(<Font 'AurulentSansMono Nerd Font' (AurulentSansMono-Regular Nerd Font Complete.otf) normal normal regular normal>) = 10.05
DEBUG:matplotlib.font_manager:findfont: score(<Font 'NotoSerif Nerd Font' (Noto Serif Condensed Bold Italic Nerd Font Complete.ttf) italic normal 700 condensed>) = 11.535
DEBUG:matplotlib.font_manager:findfont: score(<Font 'NotoSerif Nerd Font Mono' (Noto Serif Condensed Bold Nerd Font Complete Mono.ttf) normal normal 700 condensed>) = 10.535
DEBUG:matplotlib.font_manager:findfont: score(<Font 'Noto Sans Bengali' (NotoSansBengali-Regular.ttf) normal normal regular normal>) = 10.05
DEBUG:matplotlib.font_manager:findfont: score(<Font 'NotoSansDisplay Nerd Font Mono' (Noto Sans Display ExtraCondensed Bold Nerd Font Complete Mono.ttf) normal normal 700 condensed>) = 10.535
DEBUG:matplotlib.font_manager:findfont: score(<Font 'NotoSans Nerd Font' (Noto Sans SemiBold Italic Nerd Font Complete.ttf) italic normal semibold normal>) = 11.24
DEBUG:matplotlib.font_manager:findfont: score(<Font 'BitstreamVeraSansMono Nerd Font Mono' (Bitstream Vera Sans Mono Nerd Font Complete Mono.ttf) normal normal 400 normal>) = 10.05
DEBUG:matplotlib.font_manager:findfont: score(<Font 'Noto Sans Saurashtra' (NotoSansSaurashtra-Regular.ttf) normal normal regular normal>) = 10.05
DEBUG:matplotlib.font_manager:findfont: score(<Font 'Noto Sans Symbols' (NotoSansSymbols-Regular.ttf) normal normal regular normal>) = 10.05
DEBUG:matplotlib.font_manager:findfont: score(<Font 'UbuntuMono Nerd Font' (Ubuntu Mono Bold Nerd Font Complete.ttf) normal normal 700 normal>) = 10.335
DEBUG:matplotlib.font_manager:findfont: score(<Font 'Noto Sans Arabic UI' (NotoSansArabicUI-Regular.ttf) normal normal regular normal>) = 10.05
DEBUG:matplotlib.font_manager:findfont: score(<Font 'Overpass Nerd Font Mono' (Overpass Thin Italic Nerd Font Complete Mono.otf) italic normal 400 normal>) = 11.05
DEBUG:matplotlib.font_manager:findfont: score(<Font 'NotoSansDisplay Nerd Font Mono' (Noto Sans Display SemiCondensed Black Italic Nerd Font Complete Mono.ttf) italic normal black condensed>) = 11.725
DEBUG:matplotlib.font_manager:findfont: score(<Font 'Noto Sans Gurmukhi' (NotoSansGurmukhi-Bold.ttf) normal normal 700 normal>) = 10.335
DEBUG:matplotlib.font_manager:findfont: score(<Font '3270SemiNarrow Nerd Font Mono' (3270 Semi-Narrow Nerd Font Complete Mono.otf) normal normal 400 condensed>) = 10.25
DEBUG:matplotlib.font_manager:findfont: score(<Font 'NotoSansDisplay Nerd Font Mono' (Noto Sans Display Condensed Light Nerd Font Complete Mono.ttf) normal normal light condensed>) = 10.44
DEBUG:matplotlib.font_manager:findfont: score(<Font 'mononoki Nerd Font' (mononoki Bold Italic Nerd Font Complete.ttf) italic normal 700 normal>) = 11.335
DEBUG:matplotlib.font_manager:findfont: score(<Font 'SauceCodePro Nerd Font Mono' (Sauce Code Pro Medium Italic Nerd Font Complete Mono.ttf) italic normal medium normal>) = 11.145
DEBUG:matplotlib.font_manager:findfont: score(<Font 'NotoSansDisplay Nerd Font' (Noto Sans Display Condensed Italic Nerd Font Complete.ttf) italic normal 400 condensed>) = 11.25
DEBUG:matplotlib.font_manager:findfont: score(<Font 'Overpass Nerd Font' (Overpass Italic Nerd Font Complete.otf) italic normal 400 normal>) = 11.05
DEBUG:matplotlib.font_manager:findfont: score(<Font 'Iosevka' (Iosevka Light Italic Nerd Font Complete.ttf) italic normal light normal>) = 11.24
DEBUG:matplotlib.font_manager:findfont: score(<Font 'NotoSansDisplay Nerd Font Mono' (Noto Sans Display ExtraCondensed Thin Nerd Font Complete Mono.ttf) normal normal 400 condensed>) = 10.25
DEBUG:matplotlib.font_manager:findfont: score(<Font 'NotoSansMono Nerd Font' (Noto Sans Mono ExtraCondensed Black Nerd Font Complete.ttf) normal normal black condensed>) = 10.725
DEBUG:matplotlib.font_manager:findfont: score(<Font 'NotoSansMono Nerd Font Mono' (Noto Sans Mono Condensed SemiBold Nerd Font Complete Mono.ttf) normal normal semibold condensed>) = 10.44
DEBUG:matplotlib.font_manager:findfont: score(<Font 'NotoSerif Nerd Font Mono' (Noto Serif Condensed Light Nerd Font Complete Mono.ttf) normal normal light condensed>) = 10.44
DEBUG:matplotlib.font_manager:findfont: score(<Font 'NotoSansMono Nerd Font' (Noto Sans Mono SemiCondensed Medium Nerd Font Complete.ttf) normal normal medium condensed>) = 10.344999999999999
DEBUG:matplotlib.font_manager:findfont: score(<Font 'NotoSansDisplay Nerd Font Mono' (Noto Sans Display Condensed ExtraBold Italic Nerd Font Complete Mono.ttf) italic normal bold condensed>) = 11.535
DEBUG:matplotlib.font_manager:findfont: score(<Font 'NotoSansMono Nerd Font' (Noto Sans Mono SemiCondensed ExtraBold Nerd Font Complete.ttf) normal normal bold condensed>) = 10.535
DEBUG:matplotlib.font_manager:findfont: score(<Font 'mplus Nerd Font' (M+ 1p light Nerd Font Complete.ttf) normal normal light normal>) = 10.24
DEBUG:matplotlib.font_manager:findfont: score(<Font 'Noto Sans Malayalam UI' (NotoSansMalayalamUI-Bold.ttf) normal normal 700 normal>) = 10.335
DEBUG:matplotlib.font_manager:findfont: score(<Font 'NotoSans Nerd Font Mono' (Noto Sans SemiCondensed SemiBold Nerd Font Complete Mono.ttf) normal normal semibold condensed>) = 10.44
DEBUG:matplotlib.font_manager:findfont: score(<Font 'SauceCodePro Nerd Font' (Sauce Code Pro Black Italic Nerd Font Complete.ttf) italic normal black normal>) = 11.525
DEBUG:matplotlib.font_manager:findfont: score(<Font 'mononoki Nerd Font' (mononoki Italic Nerd Font Complete.ttf) italic normal 400 normal>) = 11.05
DEBUG:matplotlib.font_manager:findfont: score(<Font 'NotoSansDisplay Nerd Font Mono' (Noto Sans Display ExtraCondensed Thin Nerd Font Complete Mono.ttf) normal normal 400 condensed>) = 10.25
DEBUG:matplotlib.font_manager:findfont: score(<Font 'NotoSerif Nerd Font Mono' (Noto Serif ExtraCondensed ExtraBold Italic Nerd Font Complete Mono.ttf) italic normal bold condensed>) = 11.535
DEBUG:matplotlib.font_manager:findfont: score(<Font 'NotoSerifDisplay Nerd Font Mono' (Noto Serif Display ExtraBold Italic Nerd Font Complete Mono.ttf) italic normal bold normal>) = 11.335
DEBUG:matplotlib.font_manager:findfont: score(<Font 'NotoSerif Nerd Font' (Noto Serif ExtraCondensed ExtraLight Italic Nerd Font Complete.ttf) italic normal light condensed>) = 11.44
DEBUG:matplotlib.font_manager:findfont: score(<Font 'CodeNewRoman Nerd Font Mono' (Code New Roman Bold Nerd Font Complete Mono.otf) normal normal 700 normal>) = 10.335
DEBUG:matplotlib.font_manager:findfont: score(<Font 'Noto Sans Lao' (NotoSansLao-Regular.ttf) normal normal regular normal>) = 10.05
DEBUG:matplotlib.font_manager:findfont: score(<Font 'Iosevka' (Iosevka Medium Nerd Font Complete Mono.ttf) normal normal medium normal>) = 10.145
DEBUG:matplotlib.font_manager:findfont: score(<Font 'NotoSans Nerd Font' (Noto Sans ExtraCondensed Nerd Font Complete.ttf) normal normal 400 condensed>) = 10.25
DEBUG:matplotlib.font_manager:findfont: score(<Font 'NotoSansDisplay Nerd Font' (Noto Sans Display SemiCondensed Light Nerd Font Complete.ttf) normal normal light condensed>) = 10.44
DEBUG:matplotlib.font_manager:findfont: score(<Font 'Inconsolata Nerd Font Mono' (Inconsolata Nerd Font Complete Mono.otf) normal normal 400 normal>) = 10.05
DEBUG:matplotlib.font_manager:findfont: score(<Font 'C059' (C059-Bold.otf) normal normal 700 normal>) = 10.335
DEBUG:matplotlib.font_manager:findfont: score(<Font 'mononoki Nerd Font Mono' (mononoki Bold Nerd Font Complete Mono.ttf) normal normal 700 normal>) = 10.335
DEBUG:matplotlib.font_manager:findfont: score(<Font 'FuraMono Nerd Font Mono' (Fura Mono Medium Nerd Font Complete Mono.otf) normal normal medium normal>) = 10.145
DEBUG:matplotlib.font_manager:findfont: score(<Font 'NotoSans Nerd Font Mono' (Noto Sans ExtraCondensed Medium Italic Nerd Font Complete Mono.ttf) italic normal medium condensed>) = 11.344999999999999
DEBUG:matplotlib.font_manager:findfont: score(<Font 'RobotoMono Nerd Font' (Roboto Mono Bold Nerd Font Complete.ttf) normal normal 700 normal>) = 10.335
DEBUG:matplotlib.font_manager:findfont: score(<Font 'Iosevka' (Iosevka Bold Nerd Font Complete Mono.ttf) normal normal 700 normal>) = 10.335
DEBUG:matplotlib.font_manager:findfont: score(<Font 'Noto Serif Tamil Slanted' (NotoSerifTamilSlanted-Black.ttf) normal normal black normal>) = 10.525
DEBUG:matplotlib.font_manager:findfont: score(<Font 'mplus Nerd Font Mono' (M+ 1m light Nerd Font Complete Mono.ttf) normal normal light normal>) = 10.24
DEBUG:matplotlib.font_manager:findfont: score(<Font 'Iosevka Term' (Iosevka Term Oblique Nerd Font Complete.ttf) oblique normal 400 normal>) = 11.05
DEBUG:matplotlib.font_manager:findfont: score(<Font 'NotoSansMono Nerd Font' (Noto Sans Mono Thin Nerd Font Complete.ttf) normal normal 400 normal>) = 10.05
DEBUG:matplotlib.font_manager:findfont: score(<Font 'NotoSerif Nerd Font' (Noto Serif Condensed ExtraBold Italic Nerd Font Complete.ttf) italic normal bold condensed>) = 11.535
DEBUG:matplotlib.font_manager:findfont: score(<Font 'NotoSansDisplay Nerd Font' (Noto Sans Display Condensed Medium Italic Nerd Font Complete.ttf) italic normal medium condensed>) = 11.344999999999999
DEBUG:matplotlib.font_manager:findfont: score(<Font 'NotoSans Nerd Font' (Noto Sans ExtraCondensed Light Italic Nerd Font Complete.ttf) italic normal light condensed>) = 11.44
DEBUG:matplotlib.font_manager:findfont: score(<Font 'NotoSansMono Nerd Font Mono' (Noto Sans Mono SemiCondensed Nerd Font Complete Mono.ttf) normal normal 400 condensed>) = 10.25
DEBUG:matplotlib.font_manager:findfont: score(<Font 'NotoSerifDisplay Nerd Font' (Noto Serif Display Regular Nerd Font Complete.ttf) normal normal regular normal>) = 10.05
DEBUG:matplotlib.font_manager:findfont: score(<Font 'OpenDyslexicAlta Nerd Font' (OpenDyslexicAlta Italic Nerd Font Complete.otf) italic normal 400 normal>) = 11.05
DEBUG:matplotlib.font_manager:findfont: score(<Font 'NotoSerifDisplay Nerd Font Mono' (Noto Serif Display ExtraBold Nerd Font Complete Mono.ttf) normal normal bold normal>) = 10.335
DEBUG:matplotlib.font_manager:findfont: score(<Font 'NotoSans Nerd Font' (Noto Sans Thin Italic Nerd Font Complete.ttf) italic normal 400 normal>) = 11.05
DEBUG:matplotlib.font_manager:findfont: score(<Font 'Overpass Nerd Font' (Overpass Bold Nerd Font Complete.otf) normal normal 700 normal>) = 10.335
DEBUG:matplotlib.font_manager:findfont: score(<Font 'mplus Nerd Font' (M+ 2p heavy Nerd Font Complete.ttf) normal normal 700 normal>) = 10.335
DEBUG:matplotlib.font_manager:findfont: score(<Font 'Noto Serif Display' (NotoSerifDisplay-Bold.ttf) normal normal 700 normal>) = 10.335
DEBUG:matplotlib.font_manager:findfont: score(<Font 'Noto Sans Sinhala UI' (NotoSansSinhalaUI-Light.ttf) normal normal light normal>) = 10.24
DEBUG:matplotlib.font_manager:findfont: score(<Font 'ShureTechMono Nerd Font' (Shure Tech Mono Nerd Font Complete.ttf) normal normal 400 normal>) = 10.05
DEBUG:matplotlib.font_manager:findfont: score(<Font 'Noto Sans Ethiopic' (NotoSansEthiopic-Black.ttf) normal normal black normal>) = 10.525
DEBUG:matplotlib.font_manager:findfont: score(<Font 'NotoSansDisplay Nerd Font Mono' (Noto Sans Display SemiCondensed Medium Italic Nerd Font Complete Mono.ttf) italic normal medium condensed>) = 11.344999999999999
DEBUG:matplotlib.font_manager:findfont: score(<Font 'NotoSans Nerd Font' (Noto Sans Condensed Medium Nerd Font Complete.ttf) normal normal medium condensed>) = 10.344999999999999
DEBUG:matplotlib.font_manager:findfont: score(<Font 'Noto Kufi Arabic' (NotoKufiArabic-Bold.ttf) normal normal 700 normal>) = 10.335
DEBUG:matplotlib.font_manager:findfont: score(<Font 'Noto Kufi Arabic' (NotoKufiArabic-Regular.ttf) normal normal regular normal>) = 10.05
DEBUG:matplotlib.font_manager:findfont: score(<Font 'Overpass Nerd Font Mono' (Overpass ExtraLight Italic Nerd Font Complete Mono.otf) italic normal light normal>) = 11.24
DEBUG:matplotlib.font_manager:findfont: score(<Font 'Lekton Nerd Font Mono' (Lekton-Italic Nerd Font Complete Mono.ttf) italic normal 400 normal>) = 11.05
DEBUG:matplotlib.font_manager:findfont: score(<Font 'NotoSans Nerd Font' (Noto Sans ExtraCondensed Thin Italic Nerd Font Complete.ttf) italic normal 400 condensed>) = 11.25
DEBUG:matplotlib.font_manager:findfont: score(<Font 'NotoSerif Nerd Font' (Noto Serif Condensed Nerd Font Complete.ttf) normal normal 400 condensed>) = 10.25
DEBUG:matplotlib.font_manager:findfont: score(<Font 'Noto Sans Georgian' (NotoSansGeorgian-Light.ttf) normal normal light normal>) = 10.24
DEBUG:matplotlib.font_manager:findfont: score(<Font 'NotoSansDisplay Nerd Font' (Noto Sans Display Condensed SemiBold Italic Nerd Font Complete.ttf) italic normal semibold condensed>) = 11.44
DEBUG:matplotlib.font_manager:findfont: score(<Font 'NotoSans Nerd Font Mono' (Noto Sans Italic Nerd Font Complete Mono.ttf) italic normal 400 normal>) = 11.05
DEBUG:matplotlib.font_manager:findfont: score(<Font 'SauceCodePro Nerd Font Mono' (Sauce Code Pro Light Nerd Font Complete Mono.ttf) normal normal light normal>) = 10.24
DEBUG:matplotlib.font_manager:findfont: score(<Font 'NotoSerif Nerd Font Mono' (Noto Serif SemiCondensed Medium Nerd Font Complete Mono.ttf) normal normal medium condensed>) = 10.344999999999999
DEBUG:matplotlib.font_manager:findfont: score(<Font 'NotoSerif Nerd Font Mono' (Noto Serif Condensed Italic Nerd Font Complete Mono.ttf) italic normal 400 condensed>) = 11.25
DEBUG:matplotlib.font_manager:findfont: score(<Font 'FuraCode Nerd Font' (Fura Code Regular Nerd Font Complete.otf) normal normal regular normal>) = 10.05
DEBUG:matplotlib.font_manager:findfont: score(<Font 'NotoSansDisplay Nerd Font' (Noto Sans Display ExtraCondensed ExtraLight Italic Nerd Font Complete.ttf) italic normal light condensed>) = 11.44
DEBUG:matplotlib.font_manager:findfont: score(<Font 'NotoSerifDisplay Nerd Font' (Noto Serif Display Bold Italic Nerd Font Complete.ttf) italic normal 700 normal>) = 11.335
DEBUG:matplotlib.font_manager:findfont: score(<Font 'BlexMono Nerd Font' (Blex Mono Italic Nerd Font Complete.ttf) italic normal 400 normal>) = 11.05
DEBUG:matplotlib.font_manager:findfont: score(<Font 'Monoid Nerd Font' (Monoid Regular Nerd Font Complete.ttf) normal normal regular normal>) = 10.05
DEBUG:matplotlib.font_manager:findfont: score(<Font 'Noto Sans Tamil' (NotoSansTamil-Light.ttf) normal normal light normal>) = 10.24
DEBUG:matplotlib.font_manager:findfont: score(<Font 'mplus Nerd Font Mono' (M+ 1mn Nerd Font Complete Mono.ttf) normal normal 400 normal>) = 10.05
DEBUG:matplotlib.font_manager:findfont: score(<Font 'NotoSansDisplay Nerd Font' (Noto Sans Display Condensed Black Italic Nerd Font Complete.ttf) italic normal black condensed>) = 11.725
DEBUG:matplotlib.font_manager:findfont: score(<Font 'Overpass Nerd Font' (Overpass ExtraLight Italic Nerd Font Complete.otf) italic normal light normal>) = 11.24
DEBUG:matplotlib.font_manager:findfont: score(<Font 'Noto Serif Devanagari' (NotoSerifDevanagari-Thin.ttf) normal normal 400 normal>) = 10.05
DEBUG:matplotlib.font_manager:findfont: score(<Font 'NotoSerif Nerd Font Mono' (Noto Serif SemiBold Nerd Font Complete Mono.ttf) normal normal semibold normal>) = 10.24
DEBUG:matplotlib.font_manager:findfont: score(<Font 'Iosevka' (Iosevka Bold Oblique Nerd Font Complete Mono.ttf) oblique normal 700 normal>) = 11.335
DEBUG:matplotlib.font_manager:findfont: score(<Font 'NotoSansMono Nerd Font Mono' (Noto Sans Mono SemiCondensed Light Nerd Font Complete Mono.ttf) normal normal light condensed>) = 10.44
DEBUG:matplotlib.font_manager:findfont: score(<Font 'Ubuntu Nerd Font' (Ubuntu Medium Italic Nerd Font Complete.ttf) italic normal 700 normal>) = 11.335
DEBUG:matplotlib.font_manager:findfont: score(<Font 'Noto Sans Myanmar' (NotoSansMyanmar-Light.ttf) normal normal light normal>) = 10.24
DEBUG:matplotlib.font_manager:findfont: score(<Font 'Lekton Nerd Font Mono' (Lekton-Bold Nerd Font Complete Mono.ttf) normal normal 700 normal>) = 10.335
DEBUG:matplotlib.font_manager:findfont: score(<Font 'NotoSansMono Nerd Font Mono' (Noto Sans Mono Condensed Thin Nerd Font Complete Mono.ttf) normal normal 400 condensed>) = 10.25
DEBUG:matplotlib.font_manager:findfont: score(<Font 'NotoSerif Nerd Font Mono' (Noto Serif ExtraCondensed SemiBold Nerd Font Complete Mono.ttf) normal normal semibold condensed>) = 10.44
DEBUG:matplotlib.font_manager:findfont: score(<Font 'ProggyCleanTTCE Nerd Font Mono' (ProggyCleanTT CE Nerd Font Complete Mono.ttf) normal normal 400 normal>) = 10.05
DEBUG:matplotlib.font_manager:findfont: score(<Font 'Noto Sans Kannada' (NotoSansKannada-Bold.ttf) normal normal 700 normal>) = 10.335
DEBUG:matplotlib.font_manager:findfont: score(<Font 'Nimbus Sans' (NimbusSans-BoldItalic.otf) italic normal 700 normal>) = 11.335
DEBUG:matplotlib.font_manager:findfont: score(<Font 'Monoid Nerd Font' (Monoid Regular Nerd Font Complete.ttf) normal normal regular normal>) = 10.05
DEBUG:matplotlib.font_manager:findfont: score(<Font 'Noto Sans Tamil' (NotoSansTamil-Thin.ttf) normal normal 400 normal>) = 10.05
DEBUG:matplotlib.font_manager:findfont: score(<Font 'NotoSerifDisplay Nerd Font' (Noto Serif Display ExtraCondensed Light Nerd Font Complete.ttf) normal normal light condensed>) = 10.44
DEBUG:matplotlib.font_manager:findfont: score(<Font 'SpaceMono Nerd Font Mono' (Space Mono Bold Nerd Font Complete Mono.ttf) normal normal 700 normal>) = 10.335
DEBUG:matplotlib.font_manager:findfont: score(<Font 'Noto Serif Lao' (NotoSerifLao-Light.ttf) normal normal light normal>) = 10.24
DEBUG:matplotlib.font_manager:findfont: score(<Font 'Noto Serif Kannada' (NotoSerifKannada-Medium.ttf) normal normal medium normal>) = 10.145
DEBUG:matplotlib.font_manager:findfont: score(<Font 'Noto Sans Thaana' (NotoSansThaana-Black.ttf) normal normal black normal>) = 10.525
DEBUG:matplotlib.font_manager:findfont: score(<Font 'Noto Sans PhagsPa' (NotoSansPhagsPa-Regular.ttf) normal normal regular normal>) = 10.05
DEBUG:matplotlib.font_manager:findfont: score(<Font 'mplus Nerd Font' (M+ 1c heavy Nerd Font Complete.ttf) normal normal 700 normal>) = 10.335
DEBUG:matplotlib.font_manager:findfont: score(<Font 'Iosevka Term' (Iosevka Term Medium Nerd Font Complete Mono.ttf) normal normal medium normal>) = 10.145
DEBUG:matplotlib.font_manager:findfont: score(<Font 'Noto Sans Display' (NotoSansDisplay-Regular.ttf) normal normal regular normal>) = 10.05
DEBUG:matplotlib.font_manager:findfont: score(<Font 'Noto Sans Gujarati' (NotoSansGujarati-Bold.ttf) normal normal 700 normal>) = 10.335
DEBUG:matplotlib.font_manager:findfont: score(<Font 'NotoSans Nerd Font Mono' (Noto Sans Condensed ExtraBold Nerd Font Complete Mono.ttf) normal normal bold condensed>) = 10.535
DEBUG:matplotlib.font_manager:findfont: score(<Font 'NotoSansDisplay Nerd Font' (Noto Sans Display ExtraCondensed Light Nerd Font Complete.ttf) normal normal light condensed>) = 10.44
DEBUG:matplotlib.font_manager:findfont: score(<Font 'NotoSerif Nerd Font' (Noto Serif Light Nerd Font Complete.ttf) normal normal light normal>) = 10.24
DEBUG:matplotlib.font_manager:findfont: score(<Font 'DejaVu Sans Mono' (DejaVuSansMono-Bold.ttf) normal normal 700 normal>) = 10.335
DEBUG:matplotlib.font_manager:findfont: score(<Font 'DejaVu Serif' (DejaVuSerif-Italic.ttf) italic normal 400 normal>) = 11.05
DEBUG:matplotlib.font_manager:findfont: score(<Font 'NotoSansDisplay Nerd Font Mono' (Noto Sans Display Condensed Black Nerd Font Complete Mono.ttf) normal normal black condensed>) = 10.725
DEBUG:matplotlib.font_manager:findfont: score(<Font 'mononoki Nerd Font' (mononoki-Regular Nerd Font Complete.ttf) normal normal regular normal>) = 10.05
DEBUG:matplotlib.font_manager:findfont: score(<Font 'BlexMono Nerd Font Mono' (Blex Mono Text Nerd Font Complete Mono.ttf) normal normal 400 normal>) = 10.05
DEBUG:matplotlib.font_manager:findfont: score(<Font 'NotoSerifDisplay Nerd Font Mono' (Noto Serif Display SemiCondensed Thin Italic Nerd Font Complete Mono.ttf) italic normal 400 condensed>) = 11.25
DEBUG:matplotlib.font_manager:findfont: score(<Font 'Hasklug Nerd Font Mono' (Hasklug Black Italic Nerd Font Complete Mono.otf) italic normal black normal>) = 11.525
DEBUG:matplotlib.font_manager:findfont: score(<Font 'Noto Sans Arabic UI' (NotoSansArabicUI-Medium.ttf) normal normal medium normal>) = 10.145
DEBUG:matplotlib.font_manager:findfont: score(<Font 'Noto Sans Devanagari UI' (NotoSansDevanagariUI-Light.ttf) normal normal light normal>) = 10.24
DEBUG:matplotlib.font_manager:findfont: score(<Font 'NotoSerifDisplay Nerd Font Mono' (Noto Serif Display Black Italic Nerd Font Complete Mono.ttf) italic normal black normal>) = 11.525
DEBUG:matplotlib.font_manager:findfont: score(<Font 'NotoSansMono Nerd Font Mono' (Noto Sans Mono Medium Nerd Font Complete Mono.ttf) normal normal medium normal>) = 10.145
DEBUG:matplotlib.font_manager:findfont: score(<Font 'Overpass Nerd Font Mono' (Overpass Bold Italic Nerd Font Complete Mono.otf) italic normal 700 normal>) = 11.335
DEBUG:matplotlib.font_manager:findfont: score(<Font 'OverpassMono Nerd Font' (Overpass Mono Regular Nerd Font Complete.otf) normal normal regular normal>) = 10.05
DEBUG:matplotlib.font_manager:findfont: score(<Font 'NotoSerif Nerd Font Mono' (Noto Serif SemiCondensed SemiBold Italic Nerd Font Complete Mono.ttf) italic normal semibold condensed>) = 11.44
DEBUG:matplotlib.font_manager:findfont: score(<Font 'Hasklug Nerd Font Mono' (Hasklug Medium Italic Nerd Font Complete Mono.otf) italic normal medium normal>) = 11.145
DEBUG:matplotlib.font_manager:findfont: score(<Font 'NotoSansMono Nerd Font Mono' (Noto Sans Mono Condensed Nerd Font Complete Mono.ttf) normal normal 400 condensed>) = 10.25
DEBUG:matplotlib.font_manager:findfont: score(<Font 'Noto Sans Oriya UI' (NotoSansOriyaUI-Regular.ttf) normal normal 400 normal>) = 10.05
DEBUG:matplotlib.font_manager:findfont: score(<Font 'NotoSerifDisplay Nerd Font' (Noto Serif Display Italic Nerd Font Complete.ttf) italic normal 400 normal>) = 11.05
DEBUG:matplotlib.font_manager:findfont: score(<Font 'NotoSerif Nerd Font' (Noto Serif ExtraCondensed ExtraLight Italic Nerd Font Complete.ttf) italic normal light condensed>) = 11.44
DEBUG:matplotlib.font_manager:findfont: score(<Font 'Iosevka Term' (Iosevka Term Thin Nerd Font Complete.ttf) normal normal 400 normal>) = 10.05
DEBUG:matplotlib.font_manager:findfont: score(<Font 'Overpass Nerd Font Mono' (Overpass SemiBold Nerd Font Complete Mono.otf) normal normal 700 normal>) = 10.335
DEBUG:matplotlib.font_manager:findfont: score(<Font 'NotoSerifDisplay Nerd Font Mono' (Noto Serif Display Condensed Thin Nerd Font Complete Mono.ttf) normal normal 400 condensed>) = 10.25
DEBUG:matplotlib.font_manager:findfont: score(<Font 'NotoSerifDisplay Nerd Font Mono' (Noto Serif Display SemiCondensed Nerd Font Complete Mono.ttf) normal normal 400 condensed>) = 10.25
DEBUG:matplotlib.font_manager:findfont: score(<Font 'NotoSansDisplay Nerd Font' (Noto Sans Display Condensed Bold Italic Nerd Font Complete.ttf) italic normal 700 condensed>) = 11.535
DEBUG:matplotlib.font_manager:findfont: score(<Font 'NotoSans Nerd Font Mono' (Noto Sans ExtraCondensed Thin Nerd Font Complete Mono.ttf) normal normal 400 condensed>) = 10.25
DEBUG:matplotlib.font_manager:findfont: score(<Font 'NotoSerif Nerd Font Mono' (Noto Serif Condensed ExtraBold Nerd Font Complete Mono.ttf) normal normal bold condensed>) = 10.535
DEBUG:matplotlib.font_manager:findfont: score(<Font 'mplus Nerd Font Mono' (M+ 1c heavy Nerd Font Complete Mono.ttf) normal normal 700 normal>) = 10.335
DEBUG:matplotlib.font_manager:findfont: score(<Font 'Iosevka Term' (Iosevka Term Light Oblique Nerd Font Complete.ttf) oblique normal light normal>) = 11.24
DEBUG:matplotlib.font_manager:findfont: score(<Font 'NotoSerifDisplay Nerd Font Mono' (Noto Serif Display ExtraCondensed Light Nerd Font Complete Mono.ttf) normal normal light condensed>) = 10.44
DEBUG:matplotlib.font_manager:findfont: score(<Font 'Noto Serif Armenian' (NotoSerifArmenian-Black.ttf) normal normal black normal>) = 10.525
DEBUG:matplotlib.font_manager:findfont: score(<Font 'Iosevka Term' (Iosevka Term Extralight Nerd Font Complete Mono.ttf) normal normal light normal>) = 10.24
DEBUG:matplotlib.font_manager:findfont: score(<Font 'NotoSans Nerd Font' (Noto Sans Regular Nerd Font Complete.ttf) normal normal regular normal>) = 10.05
DEBUG:matplotlib.font_manager:findfont: score(<Font 'NotoSerif Nerd Font' (Noto Serif ExtraCondensed Black Nerd Font Complete.ttf) normal normal black condensed>) = 10.725
DEBUG:matplotlib.font_manager:findfont: score(<Font 'Hurmit Nerd Font Mono' (Hurmit Light Nerd Font Complete Mono.otf) normal normal light normal>) = 10.24
DEBUG:matplotlib.font_manager:findfont: score(<Font 'NotoSansDisplay Nerd Font' (Noto Sans Display Condensed Thin Italic Nerd Font Complete.ttf) italic normal 400 condensed>) = 11.25
DEBUG:matplotlib.font_manager:findfont: score(<Font 'NotoSansDisplay Nerd Font' (Noto Sans Display Black Nerd Font Complete.ttf) normal normal black normal>) = 10.525
DEBUG:matplotlib.font_manager:findfont: score(<Font 'NotoSansMono Nerd Font' (Noto Sans Mono SemiCondensed Medium Nerd Font Complete.ttf) normal normal medium condensed>) = 10.344999999999999
DEBUG:matplotlib.font_manager:findfont: score(<Font 'Iosevka Term' (Iosevka Term Light Italic Nerd Font Complete Mono.ttf) italic normal light normal>) = 11.24
DEBUG:matplotlib.font_manager:findfont: score(<Font 'NotoSerif Nerd Font Mono' (Noto Serif ExtraCondensed Black Italic Nerd Font Complete Mono.ttf) italic normal black condensed>) = 11.725
DEBUG:matplotlib.font_manager:findfont: score(<Font 'NotoSerif Nerd Font' (Noto Serif SemiCondensed Italic Nerd Font Complete.ttf) italic normal 400 condensed>) = 11.25
DEBUG:matplotlib.font_manager:findfont: score(<Font 'Iosevka' (Iosevka Bold Italic Nerd Font Complete.ttf) italic normal 700 normal>) = 11.335
DEBUG:matplotlib.font_manager:findfont: score(<Font 'GohuFont Nerd Font Mono' (GohuFont Nerd Font Complete Mono.ttf) normal normal 400 normal>) = 10.05
DEBUG:matplotlib.font_manager:findfont: score(<Font 'ShureTechMono Nerd Font Mono' (Shure Tech Mono Nerd Font Complete Mono.ttf) normal normal 400 normal>) = 10.05
DEBUG:matplotlib.font_manager:findfont: score(<Font 'NotoSansMono Nerd Font' (Noto Sans Mono ExtraCondensed Medium Nerd Font Complete.ttf) normal normal medium condensed>) = 10.344999999999999
DEBUG:matplotlib.font_manager:findfont: score(<Font 'NotoSerif Nerd Font Mono' (Noto Serif Light Italic Nerd Font Complete Mono.ttf) italic normal light normal>) = 11.24
DEBUG:matplotlib.font_manager:findfont: score(<Font 'NotoSans Nerd Font' (Noto Sans ExtraBold Italic Nerd Font Complete.ttf) italic normal bold normal>) = 11.335
DEBUG:matplotlib.font_manager:findfont: score(<Font 'NotoSerifDisplay Nerd Font' (Noto Serif Display ExtraCondensed ExtraLight Nerd Font Complete.ttf) normal normal light condensed>) = 10.44
DEBUG:matplotlib.font_manager:findfont: score(<Font 'NotoSans Nerd Font' (Noto Sans SemiCondensed ExtraBold Nerd Font Complete.ttf) normal normal bold condensed>) = 10.535
DEBUG:matplotlib.font_manager:findfont: score(<Font 'NotoSerif Nerd Font Mono' (Noto Serif ExtraCondensed Black Italic Nerd Font Complete Mono.ttf) italic normal black condensed>) = 11.725
DEBUG:matplotlib.font_manager:findfont: score(<Font 'NotoSansDisplay Nerd Font' (Noto Sans Display SemiCondensed Bold Nerd Font Complete.ttf) normal normal 700 condensed>) = 10.535
DEBUG:matplotlib.font_manager:findfont: score(<Font 'Noto Sans Bengali' (NotoSansBengali-Light.ttf) normal normal light normal>) = 10.24
DEBUG:matplotlib.font_manager:findfont: score(<Font 'Hasklug Nerd Font Mono' (Hasklug Medium Nerd Font Complete Mono.otf) normal normal medium normal>) = 10.145
DEBUG:matplotlib.font_manager:findfont: score(<Font 'ProggyCleanTTSZ Nerd Font Mono' (ProggyCleanTTSZ Nerd Font Complete Mono.ttf) normal normal 400 normal>) = 10.05
DEBUG:matplotlib.font_manager:findfont: score(<Font 'DejaVu Sans' (DejaVuSansCondensed-Oblique.ttf) oblique normal 400 condensed>) = 1.25
DEBUG:matplotlib.font_manager:findfont: score(<Font 'mplus Nerd Font' (M+ 2m bold Nerd Font Complete.ttf) normal normal 700 normal>) = 10.335
DEBUG:matplotlib.font_manager:findfont: score(<Font 'NotoSansDisplay Nerd Font' (Noto Sans Display SemiCondensed SemiBold Nerd Font Complete.ttf) normal normal semibold condensed>) = 10.44
DEBUG:matplotlib.font_manager:findfont: score(<Font 'NotoSans Nerd Font' (Noto Sans SemiCondensed SemiBold Nerd Font Complete.ttf) normal normal semibold condensed>) = 10.44
DEBUG:matplotlib.font_manager:findfont: score(<Font 'SauceCodePro Nerd Font Mono' (Sauce Code Pro Black Italic Nerd Font Complete Mono.ttf) italic normal black normal>) = 11.525
DEBUG:matplotlib.font_manager:findfont: score(<Font 'Noto Serif Khmer' (NotoSerifKhmer-Bold.ttf) normal normal 700 normal>) = 10.335
DEBUG:matplotlib.font_manager:findfont: score(<Font 'NotoSerif Nerd Font' (Noto Serif Condensed Bold Italic Nerd Font Complete.ttf) italic normal 700 condensed>) = 11.535
DEBUG:matplotlib.font_manager:findfont: score(<Font 'BlexMono Nerd Font Mono' (Blex Mono SemiBold Italic Nerd Font Complete Mono.ttf) italic normal semibold normal>) = 11.24
DEBUG:matplotlib.font_manager:findfont: score(<Font 'NotoSansDisplay Nerd Font Mono' (Noto Sans Display ExtraBold Italic Nerd Font Complete Mono.ttf) italic normal bold normal>) = 11.335
DEBUG:matplotlib.font_manager:findfont: score(<Font 'Noto Sans Indic Siyaq Numbers' (NotoSansIndicSiyaqNumbers-Regular.ttf) normal normal regular normal>) = 10.05
DEBUG:matplotlib.font_manager:findfont: score(<Font 'mplus Nerd Font' (M+ 1m light Nerd Font Complete.ttf) normal normal light normal>) = 10.24
DEBUG:matplotlib.font_manager:findfont: score(<Font 'NotoSans Nerd Font' (Noto Sans SemiCondensed Black Italic Nerd Font Complete.ttf) italic normal black condensed>) = 11.725
DEBUG:matplotlib.font_manager:findfont: score(<Font 'NotoSansDisplay Nerd Font' (Noto Sans Display SemiCondensed Black Italic Nerd Font Complete.ttf) italic normal black condensed>) = 11.725
DEBUG:matplotlib.font_manager:findfont: score(<Font 'NotoSans Nerd Font Mono' (Noto Sans Condensed Bold Nerd Font Complete Mono.ttf) normal normal 700 condensed>) = 10.535
DEBUG:matplotlib.font_manager:findfont: score(<Font 'NotoSans Nerd Font' (Noto Sans Condensed Black Italic Nerd Font Complete.ttf) italic normal black condensed>) = 11.725
DEBUG:matplotlib.font_manager:findfont: score(<Font 'NotoSans Nerd Font' (Noto Sans SemiCondensed ExtraLight Nerd Font Complete.ttf) normal normal light condensed>) = 10.44
DEBUG:matplotlib.font_manager:findfont: score(<Font 'East Syriac Adiabene' (SyrCOMAdiabene.otf) normal normal 400 normal>) = 10.05
DEBUG:matplotlib.font_manager:findfont: score(<Font 'mplus Nerd Font' (M+ 1c bold Nerd Font Complete.ttf) normal normal 700 normal>) = 10.335
DEBUG:matplotlib.font_manager:findfont: score(<Font 'Noto Sans Meroitic' (NotoSansMeroitic-Regular.ttf) normal normal regular normal>) = 10.05
DEBUG:matplotlib.font_manager:findfont: score(<Font 'NotoSerif Nerd Font' (Noto Serif SemiCondensed ExtraBold Nerd Font Complete.ttf) normal normal bold condensed>) = 10.535
DEBUG:matplotlib.font_manager:findfont: score(<Font 'Noto Sans Thaana' (NotoSansThaana-Medium.ttf) normal normal medium normal>) = 10.145
DEBUG:matplotlib.font_manager:findfont: score(<Font 'NotoSerif Nerd Font' (Noto Serif SemiCondensed Thin Nerd Font Complete.ttf) normal normal 400 condensed>) = 10.25
DEBUG:matplotlib.font_manager:findfont: score(<Font 'Iosevka Term' (Iosevka Term Bold Italic Nerd Font Complete Mono.ttf) italic normal 700 normal>) = 11.335
DEBUG:matplotlib.font_manager:findfont: score(<Font 'NotoSerif Nerd Font Mono' (Noto Serif Condensed Medium Nerd Font Complete Mono.ttf) normal normal medium condensed>) = 10.344999999999999
DEBUG:matplotlib.font_manager:findfont: score(<Font 'Noto Sans Gurmukhi' (NotoSansGurmukhi-Medium.ttf) normal normal medium normal>) = 10.145
DEBUG:matplotlib.font_manager:findfont: score(<Font 'NotoSans Nerd Font' (Noto Sans SemiCondensed ExtraBold Italic Nerd Font Complete.ttf) italic normal bold condensed>) = 11.535
DEBUG:matplotlib.font_manager:findfont: score(<Font 'NotoSerifDisplay Nerd Font' (Noto Serif Display ExtraCondensed Bold Italic Nerd Font Complete.ttf) italic normal 700 condensed>) = 11.535
DEBUG:matplotlib.font_manager:findfont: score(<Font 'NotoSerif Nerd Font Mono' (Noto Serif ExtraCondensed Italic Nerd Font Complete Mono.ttf) italic normal 400 condensed>) = 11.25
DEBUG:matplotlib.font_manager:findfont: score(<Font 'NotoSansDisplay Nerd Font Mono' (Noto Sans Display Condensed Black Italic Nerd Font Complete Mono.ttf) italic normal black condensed>) = 11.725
DEBUG:matplotlib.font_manager:findfont: score(<Font '3270SemiNarrow Nerd Font' (3270 Semi-Narrow Nerd Font Complete.otf) normal normal 400 condensed>) = 10.25
DEBUG:matplotlib.font_manager:findfont: score(<Font 'Noto Serif Ethiopic' (NotoSerifEthiopic-Bold.ttf) normal normal 700 normal>) = 10.335
DEBUG:matplotlib.font_manager:findfont: score(<Font 'NotoSansMono Nerd Font' (Noto Sans Mono Condensed Black Nerd Font Complete.ttf) normal normal black condensed>) = 10.725
DEBUG:matplotlib.font_manager:findfont: score(<Font 'NotoSerifDisplay Nerd Font Mono' (Noto Serif Display Condensed ExtraBold Nerd Font Complete Mono.ttf) normal normal bold condensed>) = 10.535
DEBUG:matplotlib.font_manager:findfont: score(<Font 'Noto Serif Sinhala' (NotoSerifSinhala-Black.ttf) normal normal black normal>) = 10.525
DEBUG:matplotlib.font_manager:findfont: score(<Font 'NotoSerif Nerd Font' (Noto Serif SemiCondensed Bold Nerd Font Complete.ttf) normal normal 700 condensed>) = 10.535
DEBUG:matplotlib.font_manager:findfont: score(<Font 'BlexMono Nerd Font' (Blex Mono Italic Nerd Font Complete.ttf) italic normal 400 normal>) = 11.05
DEBUG:matplotlib.font_manager:findfont: score(<Font 'NotoSerifDisplay Nerd Font' (Noto Serif Display ExtraCondensed Light Italic Nerd Font Complete.ttf) italic normal light condensed>) = 11.44
DEBUG:matplotlib.font_manager:findfont: score(<Font 'Noto Nastaliq Urdu' (NotoNastaliqUrdu-Bold.ttf) normal normal 700 normal>) = 10.335
DEBUG:matplotlib.font_manager:findfont: score(<Font 'NotoSerif Nerd Font Mono' (Noto Serif ExtraCondensed ExtraBold Nerd Font Complete Mono.ttf) normal normal bold condensed>) = 10.535
DEBUG:matplotlib.font_manager:findfont: score(<Font 'InconsolataLGC Nerd Font Mono' (Inconsolata LGC Nerd Font Complete Mono.ttf) normal normal 400 normal>) = 10.05
DEBUG:matplotlib.font_manager:findfont: score(<Font 'Arimo Nerd Font' (Arimo Italic Nerd Font Complete.ttf) italic normal 400 normal>) = 11.05
DEBUG:matplotlib.font_manager:findfont: score(<Font 'mplus Nerd Font' (M+ 1p bold Nerd Font Complete.ttf) normal normal 700 normal>) = 10.335
DEBUG:matplotlib.font_manager:findfont: score(<Font 'RobotoMono Nerd Font Mono' (Roboto Mono Thin Italic Nerd Font Complete Mono.ttf) italic normal 400 normal>) = 11.05
DEBUG:matplotlib.font_manager:findfont: score(<Font 'NotoSerifDisplay Nerd Font Mono' (Noto Serif Display SemiCondensed Bold Italic Nerd Font Complete Mono.ttf) italic normal 700 condensed>) = 11.535
DEBUG:matplotlib.font_manager:findfont: score(<Font 'Noto Serif Tibetan' (NotoSerifTibetan-Light.ttf) normal normal light normal>) = 10.24
DEBUG:matplotlib.font_manager:findfont: score(<Font 'Noto Serif Ethiopic' (NotoSerifEthiopic-Medium.ttf) normal normal medium normal>) = 10.145
DEBUG:matplotlib.font_manager:findfont: score(<Font 'ShureTechMono Nerd Font' (Shure Tech Mono Nerd Font Complete.ttf) normal normal 400 normal>) = 10.05
DEBUG:matplotlib.font_manager:findfont: score(<Font 'NotoSans Nerd Font' (Noto Sans Condensed Thin Nerd Font Complete.ttf) normal normal 400 condensed>) = 10.25
DEBUG:matplotlib.font_manager:findfont: score(<Font 'mplus Nerd Font Mono' (M+ 1m thin Nerd Font Complete Mono.ttf) normal normal 400 normal>) = 10.05
DEBUG:matplotlib.font_manager:findfont: score(<Font 'Noto Sans Elbasan' (NotoSansElbasan-Regular.ttf) normal normal regular normal>) = 10.05
DEBUG:matplotlib.font_manager:findfont: score(<Font 'RobotoMono Nerd Font' (Roboto Mono Light Italic Nerd Font Complete.ttf) italic normal light normal>) = 11.24
DEBUG:matplotlib.font_manager:findfont: score(<Font 'NotoSans Nerd Font' (Noto Sans ExtraCondensed Medium Nerd Font Complete.ttf) normal normal medium condensed>) = 10.344999999999999
DEBUG:matplotlib.font_manager:findfont: score(<Font 'Hack Nerd Font' (Hack Regular Nerd Font Complete.ttf) normal normal regular normal>) = 10.05
DEBUG:matplotlib.font_manager:findfont: score(<Font 'mplus Nerd Font Mono' (M+ 2p medium Nerd Font Complete Mono.ttf) normal normal medium normal>) = 10.145
DEBUG:matplotlib.font_manager:findfont: score(<Font 'RobotoMono Nerd Font' (Roboto Mono Medium Nerd Font Complete.ttf) normal normal medium normal>) = 10.145
DEBUG:matplotlib.font_manager:findfont: score(<Font 'Nimbus Mono PS' (NimbusMonoPS-Italic.otf) italic normal 400 normal>) = 11.05
DEBUG:matplotlib.font_manager:findfont: score(<Font 'NotoSerif Nerd Font Mono' (Noto Serif Condensed ExtraLight Italic Nerd Font Complete Mono.ttf) italic normal light condensed>) = 11.44
DEBUG:matplotlib.font_manager:findfont: score(<Font 'UbuntuMono Nerd Font' (Ubuntu Mono Italic Nerd Font Complete.ttf) italic normal 400 normal>) = 11.05
DEBUG:matplotlib.font_manager:findfont: score(<Font 'NotoSerif Nerd Font' (Noto Serif SemiCondensed Medium Nerd Font Complete.ttf) normal normal medium condensed>) = 10.344999999999999
DEBUG:matplotlib.font_manager:findfont: score(<Font 'Noto Serif Myanmar' (NotoSerifMyanmar-Medium.ttf) normal normal medium normal>) = 10.145
DEBUG:matplotlib.font_manager:findfont: score(<Font 'NotoSerifDisplay Nerd Font' (Noto Serif Display ExtraCondensed Bold Nerd Font Complete.ttf) normal normal 700 condensed>) = 10.535
DEBUG:matplotlib.font_manager:findfont: score(<Font 'NotoSansMono Nerd Font' (Noto Sans Mono ExtraCondensed SemiBold Nerd Font Complete.ttf) normal normal semibold condensed>) = 10.44
DEBUG:matplotlib.font_manager:findfont: score(<Font 'NotoSansDisplay Nerd Font Mono' (Noto Sans Display Black Italic Nerd Font Complete Mono.ttf) italic normal black normal>) = 11.525
DEBUG:matplotlib.font_manager:findfont: score(<Font 'NotoSans Nerd Font Mono' (Noto Sans ExtraCondensed Black Nerd Font Complete Mono.ttf) normal normal black condensed>) = 10.725
DEBUG:matplotlib.font_manager:findfont: score(<Font 'NotoSans Nerd Font Mono' (Noto Sans SemiCondensed Light Nerd Font Complete Mono.ttf) normal normal light condensed>) = 10.44
DEBUG:matplotlib.font_manager:findfont: score(<Font 'NotoSerif Nerd Font Mono' (Noto Serif SemiCondensed Thin Nerd Font Complete Mono.ttf) normal normal 400 condensed>) = 10.25
DEBUG:matplotlib.font_manager:findfont: score(<Font 'Hack Nerd Font' (Hack Bold Italic Nerd Font Complete.ttf) italic normal 700 normal>) = 11.335
DEBUG:matplotlib.font_manager:findfont: score(<Font 'UbuntuMono Nerd Font Mono' (Ubuntu Mono Nerd Font Complete Mono.ttf) normal normal 400 normal>) = 10.05
DEBUG:matplotlib.font_manager:findfont: score(<Font 'mplus Nerd Font' (M+ 2p medium Nerd Font Complete.ttf) normal normal medium normal>) = 10.145
DEBUG:matplotlib.font_manager:findfont: score(<Font 'NotoSans Nerd Font Mono' (Noto Sans SemiCondensed Black Nerd Font Complete Mono.ttf) normal normal black condensed>) = 10.725
DEBUG:matplotlib.font_manager:findfont: score(<Font 'ProggyCleanTTSZ Nerd Font Mono' (ProggyCleanTTSZ Nerd Font Complete Mono.ttf) normal normal 400 normal>) = 10.05
DEBUG:matplotlib.font_manager:findfont: score(<Font 'Noto Kufi Arabic' (NotoKufiArabic-Semibold.ttf) normal normal bold normal>) = 10.335
DEBUG:matplotlib.font_manager:findfont: score(<Font 'NotoSansDisplay Nerd Font' (Noto Sans Display Condensed Bold Nerd Font Complete.ttf) normal normal 700 condensed>) = 10.535
DEBUG:matplotlib.font_manager:findfont: score(<Font 'Noto Sans Tai Le' (NotoSansTaiLe-Regular.ttf) normal normal regular normal>) = 10.05
DEBUG:matplotlib.font_manager:findfont: score(<Font 'Noto Sans Bengali UI' (NotoSansBengaliUI-Bold.ttf) normal normal 700 normal>) = 10.335
DEBUG:matplotlib.font_manager:findfont: score(<Font 'SauceCodePro Nerd Font Mono' (Sauce Code Pro Light Nerd Font Complete Mono.ttf) normal normal light normal>) = 10.24
DEBUG:matplotlib.font_manager:findfont: score(<Font 'Iosevka' (Iosevka Extralight Nerd Font Complete.ttf) normal normal light normal>) = 10.24
DEBUG:matplotlib.font_manager:findfont: score(<Font 'RobotoMono Nerd Font' (Roboto Mono Thin Italic Nerd Font Complete.ttf) italic normal 400 normal>) = 11.05
DEBUG:matplotlib.font_manager:findfont: score(<Font 'NotoSansMono Nerd Font Mono' (Noto Sans Mono Condensed SemiBold Nerd Font Complete Mono.ttf) normal normal semibold condensed>) = 10.44
DEBUG:matplotlib.font_manager:findfont: score(<Font 'P052' (P052-Roman.otf) normal normal roman normal>) = 10.145
DEBUG:matplotlib.font_manager:findfont: score(<Font 'URW Bookman' (URWBookman-Light.otf) normal normal light normal>) = 10.24
DEBUG:matplotlib.font_manager:findfont: score(<Font 'NotoSansDisplay Nerd Font' (Noto Sans Display SemiCondensed Light Nerd Font Complete.ttf) normal normal light condensed>) = 10.44
DEBUG:matplotlib.font_manager:findfont: score(<Font 'Inconsolata Nerd Font' (Inconsolata Nerd Font Complete.otf) normal normal 400 normal>) = 10.05
DEBUG:matplotlib.font_manager:findfont: score(<Font 'NotoSerif Nerd Font' (Noto Serif ExtraCondensed ExtraBold Italic Nerd Font Complete.ttf) italic normal bold condensed>) = 11.535
DEBUG:matplotlib.font_manager:findfont: score(<Font 'Noto Serif' (NotoSerif-Black.ttf) normal normal black normal>) = 10.525
DEBUG:matplotlib.font_manager:findfont: score(<Font 'InconsolataGo Nerd Font Mono' (InconsolataGo Nerd Font Complete Mono.ttf) normal normal 400 normal>) = 10.05
DEBUG:matplotlib.font_manager:findfont: score(<Font 'NotoSansMono Nerd Font Mono' (Noto Sans Mono SemiBold Nerd Font Complete Mono.ttf) normal normal semibold normal>) = 10.24
DEBUG:matplotlib.font_manager:findfont: score(<Font 'NotoSans Nerd Font' (Noto Sans Condensed Medium Italic Nerd Font Complete.ttf) italic normal medium condensed>) = 11.344999999999999
DEBUG:matplotlib.font_manager:findfont: score(<Font 'NotoSerif Nerd Font' (Noto Serif ExtraLight Nerd Font Complete.ttf) normal normal light normal>) = 10.24
DEBUG:matplotlib.font_manager:findfont: score(<Font 'mplus Nerd Font' (M+ 2p thin Nerd Font Complete.ttf) normal normal 400 normal>) = 10.05
DEBUG:matplotlib.font_manager:findfont: score(<Font 'NotoSerifDisplay Nerd Font Mono' (Noto Serif Display SemiCondensed Medium Nerd Font Complete Mono.ttf) normal normal medium condensed>) = 10.344999999999999
DEBUG:matplotlib.font_manager:findfont: score(<Font 'Hasklug Nerd Font' (Hasklug Medium Nerd Font Complete.otf) normal normal medium normal>) = 10.145
DEBUG:matplotlib.font_manager:findfont: score(<Font 'SauceCodePro Nerd Font Mono' (Sauce Code Pro Black Nerd Font Complete Mono.ttf) normal normal black normal>) = 10.525
DEBUG:matplotlib.font_manager:findfont: score(<Font 'Noto Sans Khudawadi' (NotoSansKhudawadi-Regular.ttf) normal normal regular normal>) = 10.05
DEBUG:matplotlib.font_manager:findfont: score(<Font 'Noto Sans Malayalam' (NotoSansMalayalam-Thin.ttf) normal normal 400 normal>) = 10.05
DEBUG:matplotlib.font_manager:findfont: score(<Font 'mplus Nerd Font' (M+ 1m medium Nerd Font Complete.ttf) normal normal medium normal>) = 10.145
DEBUG:matplotlib.font_manager:findfont: score(<Font 'NotoSansMono Nerd Font Mono' (Noto Sans Mono Condensed Medium Nerd Font Complete Mono.ttf) normal normal medium condensed>) = 10.344999999999999
DEBUG:matplotlib.font_manager:findfont: score(<Font 'SpaceMono Nerd Font' (Space Mono Nerd Font Complete.ttf) normal normal 400 normal>) = 10.05
DEBUG:matplotlib.font_manager:findfont: score(<Font 'NotoSansDisplay Nerd Font Mono' (Noto Sans Display ExtraCondensed ExtraLight Nerd Font Complete Mono.ttf) normal normal light condensed>) = 10.44
DEBUG:matplotlib.font_manager:findfont: score(<Font 'OverpassMono Nerd Font Mono' (Overpass Mono Regular Nerd Font Complete Mono.otf) normal normal regular normal>) = 10.05
DEBUG:matplotlib.font_manager:findfont: score(<Font 'Noto Sans Telugu UI' (NotoSansTeluguUI-Light.ttf) normal normal light normal>) = 10.24
DEBUG:matplotlib.font_manager:findfont: score(<Font 'NotoSerifDisplay Nerd Font' (Noto Serif Display ExtraCondensed Nerd Font Complete.ttf) normal normal 400 condensed>) = 10.25
DEBUG:matplotlib.font_manager:findfont: score(<Font 'Noto Sans Arabic' (NotoSansArabic-Bold.ttf) normal normal 700 normal>) = 10.335
DEBUG:matplotlib.font_manager:findfont: score(<Font 'Noto Sans Bengali UI' (NotoSansBengaliUI-Thin.ttf) normal normal 400 normal>) = 10.05
DEBUG:matplotlib.font_manager:findfont: score(<Font 'NotoSerif Nerd Font' (Noto Serif Regular Nerd Font Complete.ttf) normal normal regular normal>) = 10.05
DEBUG:matplotlib.font_manager:findfont: score(<Font 'NotoSans Nerd Font Mono' (Noto Sans ExtraCondensed Light Nerd Font Complete Mono.ttf) normal normal light condensed>) = 10.44
DEBUG:matplotlib.font_manager:findfont: score(<Font 'NotoSansDisplay Nerd Font' (Noto Sans Display ExtraCondensed Thin Nerd Font Complete.ttf) normal normal 400 condensed>) = 10.25
DEBUG:matplotlib.font_manager:findfont: score(<Font 'NotoSansDisplay Nerd Font' (Noto Sans Display Condensed Thin Italic Nerd Font Complete.ttf) italic normal 400 condensed>) = 11.25
DEBUG:matplotlib.font_manager:findfont: score(<Font 'Noto Sans Gujarati UI' (NotoSansGujaratiUI-Bold.ttf) normal normal 700 normal>) = 10.335
DEBUG:matplotlib.font_manager:findfont: score(<Font 'NotoSerif Nerd Font' (Noto Serif SemiCondensed ExtraLight Italic Nerd Font Complete.ttf) italic normal light condensed>) = 11.44
DEBUG:matplotlib.font_manager:findfont: score(<Font 'NotoSerifDisplay Nerd Font Mono' (Noto Serif Display ExtraCondensed ExtraBold Italic Nerd Font Complete Mono.ttf) italic normal bold condensed>) = 11.535
DEBUG:matplotlib.font_manager:findfont: score(<Font 'NotoSerif Nerd Font' (Noto Serif Condensed Black Nerd Font Complete.ttf) normal normal black condensed>) = 10.725
DEBUG:matplotlib.font_manager:findfont: score(<Font 'NotoSans Nerd Font Mono' (Noto Sans ExtraCondensed ExtraBold Italic Nerd Font Complete Mono.ttf) italic normal bold condensed>) = 11.535
DEBUG:matplotlib.font_manager:findfont: score(<Font 'Hurmit Nerd Font Mono' (Hurmit Bold Nerd Font Complete Mono.otf) normal normal 700 normal>) = 10.335
DEBUG:matplotlib.font_manager:findfont: score(<Font 'NotoSansDisplay Nerd Font Mono' (Noto Sans Display Bold Nerd Font Complete Mono.ttf) normal normal 700 normal>) = 10.335
DEBUG:matplotlib.font_manager:findfont: score(<Font 'Noto Sans Lepcha' (NotoSansLepcha-Regular.ttf) normal normal regular normal>) = 10.05
DEBUG:matplotlib.font_manager:findfont: score(<Font 'Iosevka' (Iosevka Extralight Italic Nerd Font Complete.ttf) italic normal light normal>) = 11.24
DEBUG:matplotlib.font_manager:findfont: score(<Font 'BlexMono Nerd Font Mono' (Blex Mono ExtraLight Nerd Font Complete Mono.ttf) normal normal light normal>) = 10.24
DEBUG:matplotlib.font_manager:findfont: score(<Font 'SpaceMono Nerd Font Mono' (Space Mono Bold Nerd Font Complete Mono.ttf) normal normal 700 normal>) = 10.335
DEBUG:matplotlib.font_manager:findfont: score(<Font 'NotoSerif Nerd Font Mono' (Noto Serif ExtraCondensed Black Nerd Font Complete Mono.ttf) normal normal black condensed>) = 10.725
DEBUG:matplotlib.font_manager:findfont: score(<Font 'Noto Sans Myanmar' (NotoSansMyanmar-Bold.ttf) normal normal 700 normal>) = 10.335
DEBUG:matplotlib.font_manager:findfont: score(<Font 'NotoSansDisplay Nerd Font Mono' (Noto Sans Display SemiCondensed SemiBold Italic Nerd Font Complete Mono.ttf) italic normal semibold condensed>) = 11.44
DEBUG:matplotlib.font_manager:findfont: score(<Font 'NotoSansDisplay Nerd Font Mono' (Noto Sans Display SemiCondensed SemiBold Italic Nerd Font Complete Mono.ttf) italic normal semibold condensed>) = 11.44
DEBUG:matplotlib.font_manager:findfont: score(<Font 'Overpass Nerd Font Mono' (Overpass SemiBold Nerd Font Complete Mono.otf) normal normal 700 normal>) = 10.335
DEBUG:matplotlib.font_manager:findfont: score(<Font 'ProFontIIx Nerd Font Mono' (ProFont IIx Nerd Font Complete Mono.ttf) normal normal 400 normal>) = 10.05
DEBUG:matplotlib.font_manager:findfont: score(<Font 'Cousine Nerd Font' (Cousine Italic Nerd Font Complete.ttf) italic normal 400 normal>) = 11.05
DEBUG:matplotlib.font_manager:findfont: score(<Font 'Noto Sans Gujarati' (NotoSansGujarati-Regular.ttf) normal normal 400 normal>) = 10.05
DEBUG:matplotlib.font_manager:findfont: score(<Font 'mplus Nerd Font' (M+ 1mn light Nerd Font Complete.ttf) normal normal light normal>) = 10.24
DEBUG:matplotlib.font_manager:findfont: score(<Font 'ProFontWindows Nerd Font Mono' (ProFontWindows Nerd Font Complete Mono.ttf) normal normal 400 normal>) = 10.05
DEBUG:matplotlib.font_manager:findfont: score(<Font 'FantasqueSansMono Nerd Font' (Fantasque Sans Mono Bold Italic Nerd Font Complete.ttf) italic normal 700 normal>) = 11.335
DEBUG:matplotlib.font_manager:findfont: score(<Font 'Cantarell' (Cantarell-Thin.otf) normal normal 400 normal>) = 10.05
DEBUG:matplotlib.font_manager:findfont: score(<Font 'Noto Sans Takri' (NotoSansTakri-Regular.ttf) normal normal regular normal>) = 10.05
DEBUG:matplotlib.font_manager:findfont: score(<Font 'NotoSerifDisplay Nerd Font' (Noto Serif Display ExtraCondensed Light Italic Nerd Font Complete.ttf) italic normal light condensed>) = 11.44
DEBUG:matplotlib.font_manager:findfont: score(<Font 'NotoSerifDisplay Nerd Font' (Noto Serif Display SemiCondensed Black Nerd Font Complete.ttf) normal normal black condensed>) = 10.725
DEBUG:matplotlib.font_manager:findfont: score(<Font 'Noto Sans Georgian' (NotoSansGeorgian-Bold.ttf) normal normal 700 normal>) = 10.335
DEBUG:matplotlib.font_manager:findfont: score(<Font 'NotoSansDisplay Nerd Font Mono' (Noto Sans Display Bold Italic Nerd Font Complete Mono.ttf) italic normal 700 normal>) = 11.335
DEBUG:matplotlib.font_manager:findfont: score(<Font 'NotoSerif Nerd Font' (Noto Serif Bold Nerd Font Complete.ttf) normal normal 700 normal>) = 10.335
DEBUG:matplotlib.font_manager:findfont: score(<Font 'Monofuritalic Nerd Font' (monofur italic Nerd Font Complete.ttf) italic normal 400 normal>) = 11.05
DEBUG:matplotlib.font_manager:findfont: score(<Font 'mplus Nerd Font' (M+ 2p medium Nerd Font Complete.ttf) normal normal medium normal>) = 10.145
DEBUG:matplotlib.font_manager:findfont: score(<Font 'FantasqueSansMono Nerd Font' (Fantasque Sans Mono Bold Nerd Font Complete.ttf) normal normal 700 normal>) = 10.335
DEBUG:matplotlib.font_manager:findfont: score(<Font 'NotoSansDisplay Nerd Font' (Noto Sans Display SemiCondensed Thin Nerd Font Complete.ttf) normal normal 400 condensed>) = 10.25
DEBUG:matplotlib.font_manager:findfont: score(<Font 'NotoSans Nerd Font Mono' (Noto Sans Condensed SemiBold Italic Nerd Font Complete Mono.ttf) italic normal semibold condensed>) = 11.44
DEBUG:matplotlib.font_manager:findfont: score(<Font 'NotoSerif Nerd Font Mono' (Noto Serif Light Nerd Font Complete Mono.ttf) normal normal light normal>) = 10.24
DEBUG:matplotlib.font_manager:findfont: score(<Font 'NotoSansDisplay Nerd Font' (Noto Sans Display ExtraCondensed Nerd Font Complete.ttf) normal normal 400 condensed>) = 10.25
DEBUG:matplotlib.font_manager:findfont: score(<Font 'NotoSansDisplay Nerd Font Mono' (Noto Sans Display ExtraCondensed ExtraLight Italic Nerd Font Complete Mono.ttf) italic normal light condensed>) = 11.44
DEBUG:matplotlib.font_manager:findfont: score(<Font 'Noto Sans Bengali UI' (NotoSansBengaliUI-Medium.ttf) normal normal medium normal>) = 10.145
DEBUG:matplotlib.font_manager:findfont: score(<Font 'NotoSans Nerd Font Mono' (Noto Sans Condensed Italic Nerd Font Complete Mono.ttf) italic normal 400 condensed>) = 11.25
DEBUG:matplotlib.font_manager:findfont: score(<Font 'NotoSansMono Nerd Font' (Noto Sans Mono Regular Nerd Font Complete.ttf) normal normal regular normal>) = 10.05
DEBUG:matplotlib.font_manager:findfont: score(<Font 'NotoSerif Nerd Font' (Noto Serif Condensed ExtraLight Italic Nerd Font Complete.ttf) italic normal light condensed>) = 11.44
DEBUG:matplotlib.font_manager:findfont: score(<Font 'Noto Sans Carian' (NotoSansCarian-Regular.ttf) normal normal regular normal>) = 10.05
DEBUG:matplotlib.font_manager:findfont: score(<Font 'Iosevka' (Iosevka Heavy Nerd Font Complete Mono.ttf) normal normal 700 normal>) = 10.335
DEBUG:matplotlib.font_manager:findfont: score(<Font 'Noto Sans Armenian' (NotoSansArmenian-Light.ttf) normal normal light normal>) = 10.24
DEBUG:matplotlib.font_manager:findfont: score(<Font 'NotoSerif Nerd Font' (Noto Serif SemiCondensed SemiBold Nerd Font Complete.ttf) normal normal semibold condensed>) = 10.44
DEBUG:matplotlib.font_manager:findfont: score(<Font 'NotoSansMono Nerd Font' (Noto Sans Mono SemiCondensed ExtraBold Nerd Font Complete.ttf) normal normal bold condensed>) = 10.535
DEBUG:matplotlib.font_manager:findfont: score(<Font 'FuraMono Nerd Font Mono' (Fura Mono Regular Nerd Font Complete Mono.otf) normal normal 400 normal>) = 10.05
DEBUG:matplotlib.font_manager:findfont: score(<Font 'Noto Sans Glagolitic' (NotoSansGlagolitic-Regular.ttf) normal normal regular normal>) = 10.05
DEBUG:matplotlib.font_manager:findfont: score(<Font 'mplus Nerd Font' (M+ 1c thin Nerd Font Complete.ttf) normal normal 400 normal>) = 10.05
DEBUG:matplotlib.font_manager:findfont: score(<Font 'MesloLGMDZ Nerd Font Mono' (Meslo LG M DZ Regular Nerd Font Complete Mono.otf) normal normal regular normal>) = 10.05
DEBUG:matplotlib.font_manager:findfont: score(<Font 'Tinos Nerd Font Mono' (Tinos Italic Nerd Font Complete Mono.ttf) italic normal 400 normal>) = 11.05
DEBUG:matplotlib.font_manager:findfont: score(<Font 'Cousine Nerd Font Mono' (Cousine Bold Nerd Font Complete Mono.ttf) normal normal 700 normal>) = 10.335
DEBUG:matplotlib.font_manager:findfont: score(<Font 'Noto Sans Khojki' (NotoSansKhojki-Regular.ttf) normal normal regular normal>) = 10.05
DEBUG:matplotlib.font_manager:findfont: score(<Font 'Serto Mardin' (SyrCOMMardinBold.otf) normal normal 700 normal>) = 10.335
DEBUG:matplotlib.font_manager:findfont: score(<Font 'Hasklug Nerd Font' (Hasklug Medium Italic Nerd Font Complete.otf) italic normal medium normal>) = 11.145
DEBUG:matplotlib.font_manager:findfont: score(<Font 'Noto Sans Thaana' (NotoSansThaana-Light.ttf) normal normal light normal>) = 10.24
DEBUG:matplotlib.font_manager:findfont: score(<Font 'NotoSerif Nerd Font Mono' (Noto Serif Condensed Light Nerd Font Complete Mono.ttf) normal normal light condensed>) = 10.44
DEBUG:matplotlib.font_manager:findfont: score(<Font 'Noto Sans Armenian' (NotoSansArmenian-Bold.ttf) normal normal 700 normal>) = 10.335
DEBUG:matplotlib.font_manager:findfont: score(<Font 'NotoSerif Nerd Font' (Noto Serif SemiCondensed SemiBold Italic Nerd Font Complete.ttf) italic normal semibold condensed>) = 11.44
DEBUG:matplotlib.font_manager:findfont: score(<Font 'Noto Sans Tamil UI' (NotoSansTamilUI-Light.ttf) normal normal light normal>) = 10.24
DEBUG:matplotlib.font_manager:findfont: score(<Font 'NotoSansMono Nerd Font Mono' (Noto Sans Mono ExtraCondensed Black Nerd Font Complete Mono.ttf) normal normal black condensed>) = 10.725
DEBUG:matplotlib.font_manager:findfont: score(<Font 'NotoSerifDisplay Nerd Font' (Noto Serif Display SemiCondensed Light Italic Nerd Font Complete.ttf) italic normal light condensed>) = 11.44
DEBUG:matplotlib.font_manager:findfont: score(<Font 'RobotoMono Nerd Font Mono' (Roboto Mono Medium Nerd Font Complete Mono.ttf) normal normal medium normal>) = 10.145
DEBUG:matplotlib.font_manager:findfont: score(<Font 'SauceCodePro Nerd Font Mono' (Sauce Code Pro ExtraLight Nerd Font Complete Mono.ttf) normal normal light normal>) = 10.24
DEBUG:matplotlib.font_manager:findfont: score(<Font 'NotoSansDisplay Nerd Font' (Noto Sans Display SemiCondensed Bold Nerd Font Complete.ttf) normal normal 700 condensed>) = 10.535
DEBUG:matplotlib.font_manager:findfont: score(<Font 'NotoSansMono Nerd Font' (Noto Sans Mono ExtraCondensed Medium Nerd Font Complete.ttf) normal normal medium condensed>) = 10.344999999999999
DEBUG:matplotlib.font_manager:findfont: score(<Font 'SauceCodePro Nerd Font' (Sauce Code Pro Black Nerd Font Complete.ttf) normal normal black normal>) = 10.525
DEBUG:matplotlib.font_manager:findfont: score(<Font 'NotoSansDisplay Nerd Font Mono' (Noto Sans Display Condensed Thin Nerd Font Complete Mono.ttf) normal normal 400 condensed>) = 10.25
DEBUG:matplotlib.font_manager:findfont: score(<Font 'RobotoMono Nerd Font' (Roboto Mono Nerd Font Complete.ttf) normal normal 400 normal>) = 10.05
DEBUG:matplotlib.font_manager:findfont: score(<Font 'NotoSans Nerd Font' (Noto Sans ExtraLight Italic Nerd Font Complete.ttf) italic normal light normal>) = 11.24
DEBUG:matplotlib.font_manager:findfont: score(<Font 'DejaVuSansMono Nerd Font Mono' (DejaVu Sans Mono Oblique Nerd Font Complete Mono.ttf) oblique normal 400 normal>) = 11.05
DEBUG:matplotlib.font_manager:findfont: score(<Font 'NotoSerifDisplay Nerd Font Mono' (Noto Serif Display Light Nerd Font Complete Mono.ttf) normal normal light normal>) = 10.24
DEBUG:matplotlib.font_manager:findfont: score(<Font 'NotoSansMono Nerd Font' (Noto Sans Mono ExtraLight Nerd Font Complete.ttf) normal normal light normal>) = 10.24
DEBUG:matplotlib.font_manager:findfont: score(<Font 'NotoSansDisplay Nerd Font' (Noto Sans Display SemiCondensed Medium Italic Nerd Font Complete.ttf) italic normal medium condensed>) = 11.344999999999999
DEBUG:matplotlib.font_manager:findfont: score(<Font 'PowerlineSymbols' (PowerlineSymbols.otf) normal normal 400 normal>) = 10.05
DEBUG:matplotlib.font_manager:findfont: score(<Font 'NotoSansMono Nerd Font' (Noto Sans Mono ExtraBold Nerd Font Complete.ttf) normal normal bold normal>) = 10.335
DEBUG:matplotlib.font_manager:findfont: score(<Font 'Noto Serif Armenian' (NotoSerifArmenian-Thin.ttf) normal normal 400 normal>) = 10.05
DEBUG:matplotlib.font_manager:findfont: score(<Font 'NotoSansDisplay Nerd Font' (Noto Sans Display Condensed Bold Nerd Font Complete.ttf) normal normal 700 condensed>) = 10.535
DEBUG:matplotlib.font_manager:findfont: score(<Font 'NotoSansDisplay Nerd Font' (Noto Sans Display Light Nerd Font Complete.ttf) normal normal light normal>) = 10.24
DEBUG:matplotlib.font_manager:findfont: score(<Font 'NotoSansDisplay Nerd Font Mono' (Noto Sans Display SemiCondensed Thin Nerd Font Complete Mono.ttf) normal normal 400 condensed>) = 10.25
DEBUG:matplotlib.font_manager:findfont: score(<Font 'MesloLGSDZ Nerd Font Mono' (Meslo LG S DZ Regular Nerd Font Complete Mono.otf) normal normal regular normal>) = 10.05
DEBUG:matplotlib.font_manager:findfont: score(<Font 'NotoSansMono Nerd Font Mono' (Noto Sans Mono SemiCondensed Thin Nerd Font Complete Mono.ttf) normal normal 400 condensed>) = 10.25
DEBUG:matplotlib.font_manager:findfont: score(<Font 'NotoSansMono Nerd Font Mono' (Noto Sans Mono SemiBold Nerd Font Complete Mono.ttf) normal normal semibold normal>) = 10.24
DEBUG:matplotlib.font_manager:findfont: score(<Font 'NotoSans Nerd Font Mono' (Noto Sans Condensed ExtraLight Nerd Font Complete Mono.ttf) normal normal light condensed>) = 10.44
DEBUG:matplotlib.font_manager:findfont: score(<Font 'Overpass Nerd Font' (Overpass ExtraBold Italic Nerd Font Complete.otf) italic normal bold normal>) = 11.335
DEBUG:matplotlib.font_manager:findfont: score(<Font 'ProggyCleanTT Nerd Font Mono' (ProggyCleanTT Nerd Font Complete Mono.ttf) normal normal 400 normal>) = 10.05
DEBUG:matplotlib.font_manager:findfont: score(<Font 'Overpass Nerd Font' (Overpass Thin Italic Nerd Font Complete.otf) italic normal 400 normal>) = 11.05
DEBUG:matplotlib.font_manager:findfont: score(<Font 'NotoSerifDisplay Nerd Font Mono' (Noto Serif Display SemiCondensed ExtraBold Nerd Font Complete Mono.ttf) normal normal bold condensed>) = 10.535
DEBUG:matplotlib.font_manager:findfont: score(<Font 'Noto Sans Old North Arabian' (NotoSansOldNorthArabian-Regular.ttf) normal normal regular normal>) = 10.05
DEBUG:matplotlib.font_manager:findfont: score(<Font 'NotoSans Nerd Font Mono' (Noto Sans Light Nerd Font Complete Mono.ttf) normal normal light normal>) = 10.24
DEBUG:matplotlib.font_manager:findfont: score(<Font 'SpaceMono Nerd Font' (Space Mono Bold Nerd Font Complete.ttf) normal normal 700 normal>) = 10.335
DEBUG:matplotlib.font_manager:findfont: score(<Font 'NotoSansDisplay Nerd Font' (Noto Sans Display Medium Italic Nerd Font Complete.ttf) italic normal medium normal>) = 11.145
DEBUG:matplotlib.font_manager:findfont: score(<Font 'BlexMono Nerd Font Mono' (Blex Mono Thin Italic Nerd Font Complete Mono.ttf) italic normal 400 normal>) = 11.05
DEBUG:matplotlib.font_manager:findfont: score(<Font 'NotoSerif Nerd Font' (Noto Serif SemiBold Nerd Font Complete.ttf) normal normal semibold normal>) = 10.24
DEBUG:matplotlib.font_manager:findfont: score(<Font 'NotoSans Nerd Font' (Noto Sans ExtraCondensed Bold Italic Nerd Font Complete.ttf) italic normal 700 condensed>) = 11.535
DEBUG:matplotlib.font_manager:findfont: score(<Font 'NotoSerifDisplay Nerd Font Mono' (Noto Serif Display ExtraLight Nerd Font Complete Mono.ttf) normal normal light normal>) = 10.24
DEBUG:matplotlib.font_manager:findfont: score(<Font 'NotoSans Nerd Font Mono' (Noto Sans ExtraCondensed Thin Italic Nerd Font Complete Mono.ttf) italic normal 400 condensed>) = 11.25
DEBUG:matplotlib.font_manager:findfont: score(<Font 'Iosevka Term' (Iosevka Term Extralight Oblique Nerd Font Complete.ttf) oblique normal light normal>) = 11.24
DEBUG:matplotlib.font_manager:findfont: score(<Font 'NotoSerif Nerd Font Mono' (Noto Serif ExtraCondensed Medium Nerd Font Complete Mono.ttf) normal normal medium condensed>) = 10.344999999999999
DEBUG:matplotlib.font_manager:findfont: score(<Font 'Overpass Nerd Font Mono' (Overpass Light Nerd Font Complete Mono.otf) normal normal light normal>) = 10.24
DEBUG:matplotlib.font_manager:findfont: score(<Font 'Noto Sans Inscriptional Pahlavi' (NotoSansInscriptionalPahlavi-Regular.ttf) normal normal regular normal>) = 10.05
DEBUG:matplotlib.font_manager:findfont: score(<Font 'NotoSans Nerd Font Mono' (Noto Sans SemiCondensed Thin Nerd Font Complete Mono.ttf) normal normal 400 condensed>) = 10.25
DEBUG:matplotlib.font_manager:findfont: score(<Font 'InconsolataLGC Nerd Font Mono' (Inconsolata LGC Bold Italic Nerd Font Complete Mono.ttf) italic normal 700 normal>) = 11.335
DEBUG:matplotlib.font_manager:findfont: score(<Font 'NotoSans Nerd Font Mono' (Noto Sans Condensed Black Italic Nerd Font Complete Mono.ttf) italic normal black condensed>) = 11.725
DEBUG:matplotlib.font_manager:findfont: score(<Font 'InconsolataLGC Nerd Font' (Inconsolata LGC Italic Nerd Font Complete.ttf) italic normal 400 normal>) = 11.05
DEBUG:matplotlib.font_manager:findfont: score(<Font 'Hasklug Nerd Font' (Hasklug Semibold Nerd Font Complete.otf) normal normal semibold normal>) = 10.24
DEBUG:matplotlib.font_manager:findfont: score(<Font 'Iosevka Term' (Iosevka Term Light Italic Nerd Font Complete.ttf) italic normal light normal>) = 11.24
DEBUG:matplotlib.font_manager:findfont: score(<Font 'Overpass Nerd Font Mono' (Overpass ExtraBold Nerd Font Complete Mono.otf) normal normal bold normal>) = 10.335
DEBUG:matplotlib.font_manager:findfont: score(<Font 'NotoSerifDisplay Nerd Font' (Noto Serif Display SemiCondensed Bold Nerd Font Complete.ttf) normal normal 700 condensed>) = 10.535
DEBUG:matplotlib.font_manager:findfont: score(<Font 'NotoSansMono Nerd Font Mono' (Noto Sans Mono Light Nerd Font Complete Mono.ttf) normal normal light normal>) = 10.24
DEBUG:matplotlib.font_manager:findfont: score(<Font 'BitstreamVeraSansMono Nerd Font' (Bitstream Vera Sans Mono Nerd Font Complete.ttf) normal normal 400 normal>) = 10.05
DEBUG:matplotlib.font_manager:findfont: score(<Font 'ProggyCleanTTCE Nerd Font' (ProggyCleanTT CE Nerd Font Complete.ttf) normal normal 400 normal>) = 10.05
DEBUG:matplotlib.font_manager:findfont: score(<Font 'NotoSans Nerd Font' (Noto Sans ExtraCondensed ExtraBold Nerd Font Complete.ttf) normal normal bold condensed>) = 10.535
DEBUG:matplotlib.font_manager:findfont: score(<Font 'RobotoMono Nerd Font Mono' (Roboto Mono Italic Nerd Font Complete Mono.ttf) italic normal 400 normal>) = 11.05
DEBUG:matplotlib.font_manager:findfont: score(<Font 'NotoSansDisplay Nerd Font' (Noto Sans Display Condensed ExtraLight Italic Nerd Font Complete.ttf) italic normal light condensed>) = 11.44
DEBUG:matplotlib.font_manager:findfont: score(<Font 'ProFontIIx Nerd Font' (ProFont IIx Nerd Font Complete.ttf) normal normal 400 normal>) = 10.05
DEBUG:matplotlib.font_manager:findfont: score(<Font 'NotoSerifDisplay Nerd Font' (Noto Serif Display Bold Nerd Font Complete.ttf) normal normal 700 normal>) = 10.335
DEBUG:matplotlib.font_manager:findfont: score(<Font 'mplus Nerd Font' (M+ 1mn medium Nerd Font Complete.ttf) normal normal medium normal>) = 10.145
DEBUG:matplotlib.font_manager:findfont: score(<Font 'Noto Serif Gujarati' (NotoSerifGujarati-Light.ttf) normal normal light normal>) = 10.24
DEBUG:matplotlib.font_manager:findfont: score(<Font 'OverpassMono Nerd Font Mono' (Overpass Mono Regular Nerd Font Complete Mono.otf) normal normal regular normal>) = 10.05
DEBUG:matplotlib.font_manager:findfont: score(<Font 'Noto Sans Tirhuta' (NotoSansTirhuta-Regular.ttf) normal normal regular normal>) = 10.05
DEBUG:matplotlib.font_manager:findfont: score(<Font 'NotoSans Nerd Font' (Noto Sans ExtraCondensed Black Italic Nerd Font Complete.ttf) italic normal black condensed>) = 11.725
DEBUG:matplotlib.font_manager:findfont: score(<Font 'Overpass Nerd Font Mono' (Overpass Thin Italic Nerd Font Complete Mono.otf) italic normal 400 normal>) = 11.05
DEBUG:matplotlib.font_manager:findfont: score(<Font 'Noto Sans Lao' (NotoSansLao-Bold.ttf) normal normal 700 normal>) = 10.335
DEBUG:matplotlib.font_manager:findfont: score(<Font 'NotoSansDisplay Nerd Font' (Noto Sans Display ExtraBold Nerd Font Complete.ttf) normal normal bold normal>) = 10.335
DEBUG:matplotlib.font_manager:findfont: score(<Font 'NotoSerif Nerd Font Mono' (Noto Serif Condensed ExtraLight Nerd Font Complete Mono.ttf) normal normal light condensed>) = 10.44
DEBUG:matplotlib.font_manager:findfont: score(<Font 'MesloLGM Nerd Font' (Meslo LG M Regular Nerd Font Complete.otf) normal normal regular normal>) = 10.05
DEBUG:matplotlib.font_manager:findfont: score(<Font 'URW Gothic' (URWGothic-BookOblique.otf) oblique normal book normal>) = 11.05
DEBUG:matplotlib.font_manager:findfont: score(<Font 'Source Code Pro' (SourceCodePro-LightIt.otf) italic normal light normal>) = 11.24
DEBUG:matplotlib.font_manager:findfont: score(<Font 'Noto Sans Armenian' (NotoSansArmenian-Regular.ttf) normal normal regular normal>) = 10.05
DEBUG:matplotlib.font_manager:findfont: score(<Font 'mplus Nerd Font Mono' (M+ 1c bold Nerd Font Complete Mono.ttf) normal normal 700 normal>) = 10.335
DEBUG:matplotlib.font_manager:findfont: score(<Font 'NotoSansMono Nerd Font' (Noto Sans Mono Condensed SemiBold Nerd Font Complete.ttf) normal normal semibold condensed>) = 10.44
DEBUG:matplotlib.font_manager:findfont: score(<Font 'NotoSerifDisplay Nerd Font' (Noto Serif Display Condensed ExtraBold Italic Nerd Font Complete.ttf) italic normal bold condensed>) = 11.535
DEBUG:matplotlib.font_manager:findfont: score(<Font 'Hasklug Nerd Font' (Hasklug Italic Nerd Font Complete.otf) italic normal 400 normal>) = 11.05
DEBUG:matplotlib.font_manager:findfont: score(<Font 'NotoSansDisplay Nerd Font' (Noto Sans Display SemiCondensed Medium Italic Nerd Font Complete.ttf) italic normal medium condensed>) = 11.344999999999999
DEBUG:matplotlib.font_manager:findfont: score(<Font 'Noto Sans Gurmukhi UI' (NotoSansGurmukhiUI-Black.ttf) normal normal black normal>) = 10.525
DEBUG:matplotlib.font_manager:findfont: score(<Font 'NotoSerifDisplay Nerd Font' (Noto Serif Display Medium Nerd Font Complete.ttf) normal normal medium normal>) = 10.145
DEBUG:matplotlib.font_manager:findfont: score(<Font 'ProFontIIx Nerd Font Mono' (ProFont IIx Nerd Font Complete Mono.ttf) normal normal 400 normal>) = 10.05
DEBUG:matplotlib.font_manager:findfont: score(<Font 'Noto Sans Syloti Nagri' (NotoSansSylotiNagri-Regular.ttf) normal normal regular normal>) = 10.05
DEBUG:matplotlib.font_manager:findfont: score(<Font 'BlexMono Nerd Font Mono' (Blex Mono Italic Nerd Font Complete Mono.ttf) italic normal 400 normal>) = 11.05
DEBUG:matplotlib.font_manager:findfont: score(<Font 'SpaceMono Nerd Font' (Space Mono Bold Italic Nerd Font Complete.ttf) italic normal 700 normal>) = 11.335
DEBUG:matplotlib.font_manager:findfont: score(<Font 'NotoSerifDisplay Nerd Font' (Noto Serif Display Regular Nerd Font Complete.ttf) normal normal regular normal>) = 10.05
DEBUG:matplotlib.font_manager:findfont: score(<Font 'NotoSerif Nerd Font Mono' (Noto Serif Condensed Medium Italic Nerd Font Complete Mono.ttf) italic normal medium condensed>) = 11.344999999999999
DEBUG:matplotlib.font_manager:findfont: score(<Font 'NotoSansMono Nerd Font Mono' (Noto Sans Mono Medium Nerd Font Complete Mono.ttf) normal normal medium normal>) = 10.145
DEBUG:matplotlib.font_manager:findfont: score(<Font 'NotoSerif Nerd Font Mono' (Noto Serif SemiCondensed Bold Italic Nerd Font Complete Mono.ttf) italic normal 700 condensed>) = 11.535
DEBUG:matplotlib.font_manager:findfont: score(<Font 'mplus Nerd Font Mono' (M+ 2c light Nerd Font Complete Mono.ttf) normal normal light normal>) = 10.24
DEBUG:matplotlib.font_manager:findfont: score(<Font 'NotoSerifDisplay Nerd Font Mono' (Noto Serif Display ExtraCondensed ExtraBold Italic Nerd Font Complete Mono.ttf) italic normal bold condensed>) = 11.535
DEBUG:matplotlib.font_manager:findfont: score(<Font 'NotoSansDisplay Nerd Font Mono' (Noto Sans Display Bold Nerd Font Complete Mono.ttf) normal normal 700 normal>) = 10.335
DEBUG:matplotlib.font_manager:findfont: score(<Font 'Noto Sans Devanagari UI' (NotoSansDevanagariUI-Medium.ttf) normal normal medium normal>) = 10.145
DEBUG:matplotlib.font_manager:findfont: score(<Font 'NotoSansMono Nerd Font' (Noto Sans Mono Condensed SemiBold Nerd Font Complete.ttf) normal normal semibold condensed>) = 10.44
DEBUG:matplotlib.font_manager:findfont: score(<Font 'TerminessTTF Nerd Font' (Terminess (TTF) Bold Nerd Font Complete.ttf) normal normal 700 normal>) = 10.335
DEBUG:matplotlib.font_manager:findfont: score(<Font 'NotoSerif Nerd Font Mono' (Noto Serif ExtraLight Nerd Font Complete Mono.ttf) normal normal light normal>) = 10.24
DEBUG:matplotlib.font_manager:findfont: score(<Font 'NotoSans Nerd Font' (Noto Sans SemiCondensed Light Italic Nerd Font Complete.ttf) italic normal light condensed>) = 11.44
DEBUG:matplotlib.font_manager:findfont: score(<Font 'OpenDyslexicAlta Nerd Font' (OpenDyslexicAlta Italic Nerd Font Complete.otf) italic normal 400 normal>) = 11.05
DEBUG:matplotlib.font_manager:findfont: score(<Font 'InconsolataGo Nerd Font' (InconsolataGo Nerd Font Complete.ttf) normal normal 400 normal>) = 10.05
DEBUG:matplotlib.font_manager:findfont: score(<Font 'NotoSansMono Nerd Font Mono' (Noto Sans Mono Thin Nerd Font Complete Mono.ttf) normal normal 400 normal>) = 10.05
DEBUG:matplotlib.font_manager:findfont: score(<Font 'NotoSerif Nerd Font' (Noto Serif Condensed Thin Italic Nerd Font Complete.ttf) italic normal 400 condensed>) = 11.25
DEBUG:matplotlib.font_manager:findfont: score(<Font 'Monoid Nerd Font Mono' (Monoid Italic Nerd Font Complete Mono.ttf) italic normal 400 normal>) = 11.05
DEBUG:matplotlib.font_manager:findfont: score(<Font 'Iosevka Term' (Iosevka Term Medium Italic Nerd Font Complete.ttf) italic normal medium normal>) = 11.145
DEBUG:matplotlib.font_manager:findfont: score(<Font 'Iosevka' (Iosevka Thin Nerd Font Complete.ttf) normal normal 400 normal>) = 10.05
DEBUG:matplotlib.font_manager:findfont: score(<Font 'Noto Sans Telugu' (NotoSansTelugu-Light.ttf) normal normal light normal>) = 10.24
DEBUG:matplotlib.font_manager:findfont: score(<Font 'Iosevka' (Iosevka Heavy Nerd Font Complete.ttf) normal normal 700 normal>) = 10.335
DEBUG:matplotlib.font_manager:findfont: score(<Font 'DejaVu Sans' (DejaVuSans.ttf) normal normal 400 normal>) = 0.05
DEBUG:matplotlib.font_manager:findfont: score(<Font 'NotoSerifDisplay Nerd Font Mono' (Noto Serif Display ExtraBold Italic Nerd Font Complete Mono.ttf) italic normal bold normal>) = 11.335
DEBUG:matplotlib.font_manager:findfont: score(<Font 'TerminessTTF Nerd Font Mono' (Terminess (TTF) Bold Italic Nerd Font Complete Mono.ttf) italic normal 700 normal>) = 11.335
DEBUG:matplotlib.font_manager:findfont: score(<Font 'NotoSans Nerd Font' (Noto Sans SemiCondensed ExtraBold Italic Nerd Font Complete.ttf) italic normal bold condensed>) = 11.535
DEBUG:matplotlib.font_manager:findfont: score(<Font 'RobotoMono Nerd Font' (Roboto Mono Bold Italic Nerd Font Complete.ttf) italic normal 700 normal>) = 11.335
DEBUG:matplotlib.font_manager:findfont: score(<Font 'NotoSerifDisplay Nerd Font Mono' (Noto Serif Display ExtraBold Nerd Font Complete Mono.ttf) normal normal bold normal>) = 10.335
DEBUG:matplotlib.font_manager:findfont: score(<Font 'NotoSerifDisplay Nerd Font' (Noto Serif Display Condensed Bold Italic Nerd Font Complete.ttf) italic normal 700 condensed>) = 11.535
DEBUG:matplotlib.font_manager:findfont: score(<Font 'FuraCode Nerd Font Mono' (Fura Code Medium Nerd Font Complete Mono.otf) normal normal medium normal>) = 10.145
DEBUG:matplotlib.font_manager:findfont: score(<Font 'MesloLGMDZ Nerd Font' (Meslo LG M DZ Regular Nerd Font Complete.otf) normal normal regular normal>) = 10.05
DEBUG:matplotlib.font_manager:findfont: score(<Font 'mplus Nerd Font Mono' (M+ 2m bold Nerd Font Complete Mono.ttf) normal normal 700 normal>) = 10.335
DEBUG:matplotlib.font_manager:findfont: score(<Font 'NotoSansDisplay Nerd Font' (Noto Sans Display Medium Nerd Font Complete.ttf) normal normal medium normal>) = 10.145
DEBUG:matplotlib.font_manager:findfont: score(<Font 'NotoSans Nerd Font' (Noto Sans SemiCondensed SemiBold Nerd Font Complete.ttf) normal normal semibold condensed>) = 10.44
DEBUG:matplotlib.font_manager:findfont: score(<Font 'BlexMono Nerd Font Mono' (Blex Mono Bold Nerd Font Complete Mono.ttf) normal normal 700 normal>) = 10.335
DEBUG:matplotlib.font_manager:findfont: score(<Font 'Noto Serif Lao' (NotoSerifLao-Black.ttf) normal normal black normal>) = 10.525
DEBUG:matplotlib.font_manager:findfont: score(<Font 'NotoSans Nerd Font' (Noto Sans SemiCondensed Black Nerd Font Complete.ttf) normal normal black condensed>) = 10.725
DEBUG:matplotlib.font_manager:findfont: score(<Font 'NotoSansDisplay Nerd Font' (Noto Sans Display SemiCondensed Thin Italic Nerd Font Complete.ttf) italic normal 400 condensed>) = 11.25
DEBUG:matplotlib.font_manager:findfont: score(<Font 'Noto Serif Bengali' (NotoSerifBengali-Thin.ttf) normal normal 400 normal>) = 10.05
DEBUG:matplotlib.font_manager:findfont: score(<Font 'Iosevka' (Iosevka Extralight Oblique Nerd Font Complete Mono.ttf) oblique normal light normal>) = 11.24
DEBUG:matplotlib.font_manager:findfont: score(<Font 'Iosevka' (Iosevka Thin Nerd Font Complete.ttf) normal normal 400 normal>) = 10.05
DEBUG:matplotlib.font_manager:findfont: score(<Font 'NotoSansDisplay Nerd Font' (Noto Sans Display ExtraCondensed Bold Italic Nerd Font Complete.ttf) italic normal 700 condensed>) = 11.535
DEBUG:matplotlib.font_manager:findfont: score(<Font 'Arimo Nerd Font' (Arimo Bold Italic Nerd Font Complete.ttf) italic normal 700 normal>) = 11.335
DEBUG:matplotlib.font_manager:findfont: score(<Font 'GoMono Nerd Font Mono' (Go Mono Bold Nerd Font Complete Mono.ttf) normal normal 700 normal>) = 10.335
DEBUG:matplotlib.font_manager:findfont: score(<Font 'DejaVuSansMono Nerd Font Mono' (DejaVu Sans Mono Bold Oblique Nerd Font Complete Mono.ttf) oblique normal 700 normal>) = 11.335
DEBUG:matplotlib.font_manager:findfont: score(<Font 'Noto Serif Devanagari' (NotoSerifDevanagari-Black.ttf) normal normal black normal>) = 10.525
DEBUG:matplotlib.font_manager:findfont: score(<Font 'Noto Sans Cherokee' (NotoSansCherokee-Thin.ttf) normal normal 400 normal>) = 10.05
DEBUG:matplotlib.font_manager:findfont: score(<Font 'OpenDyslexic Nerd Font' (OpenDyslexic Regular Nerd Font Complete.otf) normal normal 400 normal>) = 10.05
DEBUG:matplotlib.font_manager:findfont: score(<Font 'mplus Nerd Font' (M+ 2p light Nerd Font Complete.ttf) normal normal light normal>) = 10.24
DEBUG:matplotlib.font_manager:findfont: score(<Font 'NotoSerif Nerd Font' (Noto Serif Condensed ExtraLight Nerd Font Complete.ttf) normal normal light condensed>) = 10.44
DEBUG:matplotlib.font_manager:findfont: score(<Font 'BlexMono Nerd Font' (Blex Mono Medium Nerd Font Complete.ttf) normal normal medium normal>) = 10.145
DEBUG:matplotlib.font_manager:findfont: score(<Font 'Noto Sans Gurmukhi' (NotoSansGurmukhi-Regular.ttf) normal normal regular normal>) = 10.05
DEBUG:matplotlib.font_manager:findfont: score(<Font 'NotoSans Nerd Font Mono' (Noto Sans ExtraCondensed Light Nerd Font Complete Mono.ttf) normal normal light condensed>) = 10.44
DEBUG:matplotlib.font_manager:findfont: score(<Font 'mplus Nerd Font Mono' (M+ 1p bold Nerd Font Complete Mono.ttf) normal normal 700 normal>) = 10.335
DEBUG:matplotlib.font_manager:findfont: score(<Font 'NotoSerif Nerd Font Mono' (Noto Serif Condensed Bold Italic Nerd Font Complete Mono.ttf) italic normal 700 condensed>) = 11.535
DEBUG:matplotlib.font_manager:findfont: score(<Font 'NotoSerifDisplay Nerd Font Mono' (Noto Serif Display SemiCondensed Black Italic Nerd Font Complete Mono.ttf) italic normal black condensed>) = 11.725
DEBUG:matplotlib.font_manager:findfont: score(<Font 'Noto Sans Sinhala UI' (NotoSansSinhalaUI-Black.ttf) normal normal black normal>) = 10.525
DEBUG:matplotlib.font_manager:findfont: score(<Font 'SpaceMono Nerd Font' (Space Mono Bold Italic Nerd Font Complete.ttf) italic normal 700 normal>) = 11.335
DEBUG:matplotlib.font_manager:findfont: score(<Font 'NotoSansDisplay Nerd Font Mono' (Noto Sans Display Condensed Black Nerd Font Complete Mono.ttf) normal normal black condensed>) = 10.725
DEBUG:matplotlib.font_manager:findfont: score(<Font 'Iosevka Term' (Iosevka Term Heavy Nerd Font Complete Mono.ttf) normal normal 700 normal>) = 10.335
DEBUG:matplotlib.font_manager:findfont: score(<Font 'Hack Nerd Font Mono' (Hack Italic Nerd Font Complete Mono.ttf) italic normal 400 normal>) = 11.05
DEBUG:matplotlib.font_manager:findfont: score(<Font 'Noto Sans Gurmukhi UI' (NotoSansGurmukhiUI-Thin.ttf) normal normal 400 normal>) = 10.05
DEBUG:matplotlib.font_manager:findfont: score(<Font 'NotoSansDisplay Nerd Font Mono' (Noto Sans Display Black Italic Nerd Font Complete Mono.ttf) italic normal black normal>) = 11.525
DEBUG:matplotlib.font_manager:findfont: score(<Font 'InconsolataGo Nerd Font Mono' (InconsolataGo Bold Nerd Font Complete Mono.ttf) normal normal 700 normal>) = 10.335
DEBUG:matplotlib.font_manager:findfont: score(<Font 'NotoSerifDisplay Nerd Font' (Noto Serif Display ExtraLight Italic Nerd Font Complete.ttf) italic normal light normal>) = 11.24
DEBUG:matplotlib.font_manager:findfont: score(<Font 'NotoSansMono Nerd Font Mono' (Noto Sans Mono SemiCondensed Medium Nerd Font Complete Mono.ttf) normal normal medium condensed>) = 10.344999999999999
DEBUG:matplotlib.font_manager:findfont: score(<Font 'Iosevka' (Iosevka Thin Oblique Nerd Font Complete.ttf) oblique normal 400 normal>) = 11.05
DEBUG:matplotlib.font_manager:findfont: score(<Font 'FuraCode Nerd Font Mono' (Fura Code Regular Nerd Font Complete Mono.otf) normal normal regular normal>) = 10.05
DEBUG:matplotlib.font_manager:findfont: score(<Font 'Iosevka Term' (Iosevka Term Heavy Oblique Nerd Font Complete.ttf) oblique normal 700 normal>) = 11.335
DEBUG:matplotlib.font_manager:findfont: score(<Font 'NotoSerifDisplay Nerd Font' (Noto Serif Display ExtraCondensed Medium Nerd Font Complete.ttf) normal normal medium condensed>) = 10.344999999999999
DEBUG:matplotlib.font_manager:findfont: score(<Font 'NotoSans Nerd Font Mono' (Noto Sans SemiCondensed Black Nerd Font Complete Mono.ttf) normal normal black condensed>) = 10.725
DEBUG:matplotlib.font_manager:findfont: score(<Font 'NotoSansDisplay Nerd Font Mono' (Noto Sans Display ExtraCondensed Medium Italic Nerd Font Complete Mono.ttf) italic normal medium condensed>) = 11.344999999999999
DEBUG:matplotlib.font_manager:findfont: score(<Font 'Noto Sans Display' (NotoSansDisplay-LightItalic.ttf) italic normal light normal>) = 11.24
DEBUG:matplotlib.font_manager:findfont: score(<Font 'InconsolataGo Nerd Font' (InconsolataGo Nerd Font Complete.ttf) normal normal 400 normal>) = 10.05
DEBUG:matplotlib.font_manager:findfont: score(<Font 'MesloLGSDZ Nerd Font Mono' (Meslo LG S DZ Regular Nerd Font Complete Mono.otf) normal normal regular normal>) = 10.05
DEBUG:matplotlib.font_manager:findfont: score(<Font 'Iosevka Term' (Iosevka Term Medium Italic Nerd Font Complete Mono.ttf) italic normal medium normal>) = 11.145
DEBUG:matplotlib.font_manager:findfont: score(<Font 'NotoSans Nerd Font' (Noto Sans ExtraCondensed ExtraLight Italic Nerd Font Complete.ttf) italic normal light condensed>) = 11.44
DEBUG:matplotlib.font_manager:findfont: score(<Font 'BitstreamVeraSansMono Nerd Font' (Bitstream Vera Sans Mono Bold Oblique Nerd Font Complete.ttf) oblique normal 700 normal>) = 11.335
DEBUG:matplotlib.font_manager:findfont: score(<Font 'HeavyData Nerd Font Mono' (Heavy Data Nerd Font Complete Mono.ttf) normal normal heavy normal>) = 10.43
DEBUG:matplotlib.font_manager:findfont: score(<Font 'Noto Serif Kannada' (NotoSerifKannada-Black.ttf) normal normal black normal>) = 10.525
DEBUG:matplotlib.font_manager:findfont: score(<Font 'Noto Sans Symbols' (NotoSansSymbols-Black.ttf) normal normal black normal>) = 10.525
DEBUG:matplotlib.font_manager:findfont: score(<Font 'Noto Sans Cham' (NotoSansCham-Thin.ttf) normal normal 400 normal>) = 10.05
DEBUG:matplotlib.font_manager:findfont: score(<Font 'NotoSerifDisplay Nerd Font' (Noto Serif Display Condensed Italic Nerd Font Complete.ttf) italic normal 400 condensed>) = 11.25
DEBUG:matplotlib.font_manager:findfont: score(<Font 'NotoSansMono Nerd Font' (Noto Sans Mono Condensed Nerd Font Complete.ttf) normal normal 400 condensed>) = 10.25
DEBUG:matplotlib.font_manager:findfont: score(<Font 'Noto Sans Bamum' (NotoSansBamum-Regular.ttf) normal normal regular normal>) = 10.05
DEBUG:matplotlib.font_manager:findfont: score(<Font 'Noto Serif Hebrew' (NotoSerifHebrew-Light.ttf) normal normal light normal>) = 10.24
DEBUG:matplotlib.font_manager:findfont: score(<Font 'Noto Sans Khmer' (NotoSansKhmer-Thin.ttf) normal normal 400 normal>) = 10.05
DEBUG:matplotlib.font_manager:findfont: score(<Font 'Cousine Nerd Font' (Cousine Bold Nerd Font Complete.ttf) normal normal 700 normal>) = 10.335
DEBUG:matplotlib.font_manager:findfont: score(<Font 'NotoSansDisplay Nerd Font' (Noto Sans Display SemiCondensed Light Italic Nerd Font Complete.ttf) italic normal light condensed>) = 11.44
DEBUG:matplotlib.font_manager:findfont: score(<Font 'Noto Sans Lao UI' (NotoSansLaoUI-Thin.ttf) normal normal 400 normal>) = 10.05
DEBUG:matplotlib.font_manager:findfont: score(<Font 'NotoSansDisplay Nerd Font' (Noto Sans Display Black Italic Nerd Font Complete.ttf) italic normal black normal>) = 11.525
DEBUG:matplotlib.font_manager:findfont: score(<Font 'Noto Sans Display' (NotoSansDisplay-Bold.ttf) normal normal 700 normal>) = 10.335
DEBUG:matplotlib.font_manager:findfont: score(<Font 'mplus Nerd Font Mono' (M+ 1p thin Nerd Font Complete Mono.ttf) normal normal 400 normal>) = 10.05
DEBUG:matplotlib.font_manager:findfont: score(<Font 'Standard Symbols PS' (StandardSymbolsPS.otf) normal normal 400 normal>) = 10.05
DEBUG:matplotlib.font_manager:findfont: score(<Font 'NotoSerifDisplay Nerd Font' (Noto Serif Display ExtraCondensed Black Italic Nerd Font Complete.ttf) italic normal black condensed>) = 11.725
DEBUG:matplotlib.font_manager:findfont: score(<Font 'Liberation Serif' (LiberationSerif-Bold.ttf) normal normal 700 normal>) = 10.335
DEBUG:matplotlib.font_manager:findfont: score(<Font 'Iosevka Term' (Iosevka Term Thin Italic Nerd Font Complete.ttf) italic normal 400 normal>) = 11.05
DEBUG:matplotlib.font_manager:findfont: score(<Font 'Noto Sans Tamil UI' (NotoSansTamilUI-Thin.ttf) normal normal 400 normal>) = 10.05
DEBUG:matplotlib.font_manager:findfont: score(<Font 'NotoSerifDisplay Nerd Font' (Noto Serif Display SemiCondensed Thin Nerd Font Complete.ttf) normal normal 400 condensed>) = 10.25
DEBUG:matplotlib.font_manager:findfont: score(<Font 'Overpass Nerd Font Mono' (Overpass ExtraBold Nerd Font Complete Mono.otf) normal normal bold normal>) = 10.335
DEBUG:matplotlib.font_manager:findfont: score(<Font 'NotoSans Nerd Font Mono' (Noto Sans ExtraCondensed ExtraBold Nerd Font Complete Mono.ttf) normal normal bold condensed>) = 10.535
DEBUG:matplotlib.font_manager:findfont: score(<Font 'NotoSerif Nerd Font Mono' (Noto Serif ExtraCondensed Light Italic Nerd Font Complete Mono.ttf) italic normal light condensed>) = 11.44
DEBUG:matplotlib.font_manager:findfont: score(<Font 'Noto Sans Khmer' (NotoSansKhmer-Medium.ttf) normal normal medium normal>) = 10.145
DEBUG:matplotlib.font_manager:findfont: score(<Font 'NotoSerif Nerd Font Mono' (Noto Serif Condensed ExtraLight Nerd Font Complete Mono.ttf) normal normal light condensed>) = 10.44
DEBUG:matplotlib.font_manager:findfont: score(<Font 'SauceCodePro Nerd Font Mono' (Sauce Code Pro Nerd Font Complete Mono.ttf) normal normal 400 normal>) = 10.05
DEBUG:matplotlib.font_manager:findfont: score(<Font 'Hasklug Nerd Font' (Hasklug Semibold Italic Nerd Font Complete.otf) italic normal semibold normal>) = 11.24
DEBUG:matplotlib.font_manager:findfont: score(<Font 'Arimo Nerd Font Mono' (Arimo Regular Nerd Font Complete Mono.ttf) normal normal regular normal>) = 10.05
DEBUG:matplotlib.font_manager:findfont: score(<Font 'NotoSansDisplay Nerd Font' (Noto Sans Display SemiCondensed ExtraBold Nerd Font Complete.ttf) normal normal bold condensed>) = 10.535
DEBUG:matplotlib.font_manager:findfont: score(<Font 'mplus Nerd Font' (M+ 2c heavy Nerd Font Complete.ttf) normal normal 700 normal>) = 10.335
DEBUG:matplotlib.font_manager:findfont: score(<Font 'NotoSans Nerd Font Mono' (Noto Sans Regular Nerd Font Complete Mono.ttf) normal normal regular normal>) = 10.05
DEBUG:matplotlib.font_manager:findfont: score(<Font 'RobotoMono Nerd Font Mono' (Roboto Mono Light Nerd Font Complete Mono.ttf) normal normal light normal>) = 10.24
DEBUG:matplotlib.font_manager:findfont: score(<Font 'DejaVu Math TeX Gyre' (DejaVuMathTeXGyre.ttf) normal normal regular normal>) = 10.05
DEBUG:matplotlib.font_manager:findfont: score(<Font 'DejaVuSansMono Nerd Font' (DejaVu Sans Mono Bold Nerd Font Complete.ttf) normal normal 700 normal>) = 10.335
DEBUG:matplotlib.font_manager:findfont: score(<Font 'Nimbus Roman' (NimbusRoman-Italic.otf) italic normal roman normal>) = 11.145
DEBUG:matplotlib.font_manager:findfont: score(<Font 'NotoSans Nerd Font Mono' (Noto Sans ExtraCondensed SemiBold Nerd Font Complete Mono.ttf) normal normal semibold condensed>) = 10.44
DEBUG:matplotlib.font_manager:findfont: score(<Font 'Noto Sans Egyptian Hieroglyphs' (NotoSansEgyptianHieroglyphs-Regular.ttf) normal normal regular normal>) = 10.05
DEBUG:matplotlib.font_manager:findfont: score(<Font 'NotoSansMono Nerd Font Mono' (Noto Sans Mono SemiCondensed Light Nerd Font Complete Mono.ttf) normal normal light condensed>) = 10.44
DEBUG:matplotlib.font_manager:findfont: score(<Font 'NotoSans Nerd Font' (Noto Sans SemiCondensed ExtraBold Nerd Font Complete.ttf) normal normal bold condensed>) = 10.535
DEBUG:matplotlib.font_manager:findfont: score(<Font 'NotoSerif Nerd Font' (Noto Serif Condensed ExtraBold Italic Nerd Font Complete.ttf) italic normal bold condensed>) = 11.535
DEBUG:matplotlib.font_manager:findfont: score(<Font 'DejaVu Serif' (DejaVuSerifCondensed-Italic.ttf) italic normal 400 condensed>) = 11.25
DEBUG:matplotlib.font_manager:findfont: score(<Font 'BlexMono Nerd Font' (Blex Mono Light Nerd Font Complete.ttf) normal normal light normal>) = 10.24
DEBUG:matplotlib.font_manager:findfont: score(<Font 'Iosevka' (Iosevka Bold Nerd Font Complete Mono.ttf) normal normal 700 normal>) = 10.335
DEBUG:matplotlib.font_manager:findfont: score(<Font 'RobotoMono Nerd Font Mono' (Roboto Mono Bold Nerd Font Complete Mono.ttf) normal normal 700 normal>) = 10.335
DEBUG:matplotlib.font_manager:findfont: score(<Font 'Noto Serif Myanmar' (NotoSerifMyanmar-Bold.ttf) normal normal 700 normal>) = 10.335
DEBUG:matplotlib.font_manager:findfont: score(<Font 'Noto Naskh Arabic UI' (NotoNaskhArabicUI-Bold.ttf) normal normal 700 normal>) = 10.335
DEBUG:matplotlib.font_manager:findfont: score(<Font 'NotoSerifDisplay Nerd Font Mono' (Noto Serif Display ExtraCondensed ExtraLight Nerd Font Complete Mono.ttf) normal normal light condensed>) = 10.44
DEBUG:matplotlib.font_manager:findfont: score(<Font 'Hasklug Nerd Font' (Hasklug Bold Nerd Font Complete.otf) normal normal 700 normal>) = 10.335
DEBUG:matplotlib.font_manager:findfont: score(<Font 'Iosevka Term' (Iosevka Term Bold Oblique Nerd Font Complete.ttf) oblique normal 700 normal>) = 11.335
DEBUG:matplotlib.font_manager:findfont: score(<Font 'mplus Nerd Font Mono' (M+ 2m Nerd Font Complete Mono.ttf) normal normal 400 normal>) = 10.05
DEBUG:matplotlib.font_manager:findfont: score(<Font 'SpaceMono Nerd Font Mono' (Space Mono Nerd Font Complete Mono.ttf) normal normal 400 normal>) = 10.05
DEBUG:matplotlib.font_manager:findfont: score(<Font 'NotoSerifDisplay Nerd Font Mono' (Noto Serif Display Condensed Black Nerd Font Complete Mono.ttf) normal normal black condensed>) = 10.725
DEBUG:matplotlib.font_manager:findfont: score(<Font 'NotoSerifDisplay Nerd Font' (Noto Serif Display ExtraCondensed Light Nerd Font Complete.ttf) normal normal light condensed>) = 10.44
DEBUG:matplotlib.font_manager:findfont: score(<Font 'NotoSans Nerd Font' (Noto Sans Condensed Black Nerd Font Complete.ttf) normal normal black condensed>) = 10.725
DEBUG:matplotlib.font_manager:findfont: score(<Font 'InconsolataLGC Nerd Font Mono' (Inconsolata LGC Italic Nerd Font Complete Mono.ttf) italic normal 400 normal>) = 11.05
DEBUG:matplotlib.font_manager:findfont: score(<Font 'NotoSans Nerd Font Mono' (Noto Sans SemiCondensed Thin Italic Nerd Font Complete Mono.ttf) italic normal 400 condensed>) = 11.25
DEBUG:matplotlib.font_manager:findfont: score(<Font 'NotoSans Nerd Font Mono' (Noto Sans SemiCondensed Medium Italic Nerd Font Complete Mono.ttf) italic normal medium condensed>) = 11.344999999999999
DEBUG:matplotlib.font_manager:findfont: score(<Font 'Noto Sans Display' (NotoSansDisplay-BoldItalic.ttf) italic normal 700 normal>) = 11.335
DEBUG:matplotlib.font_manager:findfont: score(<Font 'Noto Sans Canadian Aboriginal' (NotoSansCanadianAboriginal-Bold.ttf) normal normal 700 normal>) = 10.335
DEBUG:matplotlib.font_manager:findfont: score(<Font 'NotoSerif Nerd Font Mono' (Noto Serif SemiCondensed Bold Italic Nerd Font Complete Mono.ttf) italic normal 700 condensed>) = 11.535
DEBUG:matplotlib.font_manager:findfont: score(<Font 'NotoSerif Nerd Font Mono' (Noto Serif SemiCondensed Nerd Font Complete Mono.ttf) normal normal 400 condensed>) = 10.25
DEBUG:matplotlib.font_manager:findfont: score(<Font 'NotoSansMono Nerd Font Mono' (Noto Sans Mono Condensed Medium Nerd Font Complete Mono.ttf) normal normal medium condensed>) = 10.344999999999999
DEBUG:matplotlib.font_manager:findfont: score(<Font 'NotoSerif Nerd Font' (Noto Serif ExtraCondensed Bold Nerd Font Complete.ttf) normal normal 700 condensed>) = 10.535
DEBUG:matplotlib.font_manager:findfont: score(<Font 'NotoSansMono Nerd Font' (Noto Sans Mono Condensed Light Nerd Font Complete.ttf) normal normal light condensed>) = 10.44
DEBUG:matplotlib.font_manager:findfont: score(<Font 'Cousine Nerd Font' (Cousine Italic Nerd Font Complete.ttf) italic normal 400 normal>) = 11.05
DEBUG:matplotlib.font_manager:findfont: score(<Font 'NotoSansDisplay Nerd Font Mono' (Noto Sans Display SemiCondensed ExtraBold Nerd Font Complete Mono.ttf) normal normal bold condensed>) = 10.535
DEBUG:matplotlib.font_manager:findfont: score(<Font 'NotoSerifDisplay Nerd Font Mono' (Noto Serif Display SemiCondensed Bold Nerd Font Complete Mono.ttf) normal normal 700 condensed>) = 10.535
DEBUG:matplotlib.font_manager:findfont: score(<Font 'SauceCodePro Nerd Font Mono' (Sauce Code Pro Black Italic Nerd Font Complete Mono.ttf) italic normal black normal>) = 11.525
DEBUG:matplotlib.font_manager:findfont: score(<Font 'ProggyCleanTTCE Nerd Font' (ProggyCleanTT CE Nerd Font Complete.ttf) normal normal 400 normal>) = 10.05
DEBUG:matplotlib.font_manager:findfont: score(<Font 'mplus Nerd Font Mono' (M+ 2c black Nerd Font Complete Mono.ttf) normal normal 700 normal>) = 10.335
DEBUG:matplotlib.font_manager:findfont: score(<Font 'DejaVuSansMono Nerd Font Mono' (DejaVu Sans Mono Oblique Nerd Font Complete Mono.ttf) oblique normal 400 normal>) = 11.05
DEBUG:matplotlib.font_manager:findfont: score(<Font 'NotoSansDisplay Nerd Font' (Noto Sans Display SemiCondensed SemiBold Italic Nerd Font Complete.ttf) italic normal semibold condensed>) = 11.44
DEBUG:matplotlib.font_manager:findfont: score(<Font 'Iosevka' (Iosevka Thin Oblique Nerd Font Complete Mono.ttf) oblique normal 400 normal>) = 11.05
DEBUG:matplotlib.font_manager:findfont: score(<Font 'NotoSansDisplay Nerd Font Mono' (Noto Sans Display SemiCondensed Thin Nerd Font Complete Mono.ttf) normal normal 400 condensed>) = 10.25
DEBUG:matplotlib.font_manager:findfont: score(<Font 'NotoSans Nerd Font Mono' (Noto Sans Regular Nerd Font Complete Mono.ttf) normal normal regular normal>) = 10.05
DEBUG:matplotlib.font_manager:findfont: score(<Font 'Ubuntu Nerd Font Mono' (Ubuntu Italic Nerd Font Complete Mono.ttf) italic normal 400 normal>) = 11.05
DEBUG:matplotlib.font_manager:findfont: score(<Font 'HeavyData Nerd Font' (Heavy Data Nerd Font Complete.ttf) normal normal heavy normal>) = 10.43
DEBUG:matplotlib.font_manager:findfont: score(<Font 'NotoSans Nerd Font' (Noto Sans Condensed Light Italic Nerd Font Complete.ttf) italic normal light condensed>) = 11.44
DEBUG:matplotlib.font_manager:findfont: score(<Font 'Noto Sans Warang Citi' (NotoSansWarangCiti-Regular.ttf) normal normal regular normal>) = 10.05
DEBUG:matplotlib.font_manager:findfont: score(<Font 'Noto Sans Malayalam' (NotoSansMalayalam-Bold.ttf) normal normal 700 normal>) = 10.335
DEBUG:matplotlib.font_manager:findfont: score(<Font 'NotoSans Nerd Font Mono' (Noto Sans Medium Nerd Font Complete Mono.ttf) normal normal medium normal>) = 10.145
DEBUG:matplotlib.font_manager:findfont: score(<Font 'Noto Sans Arabic' (NotoSansArabic-Regular.ttf) normal normal regular normal>) = 10.05
DEBUG:matplotlib.font_manager:findfont: score(<Font 'Iosevka Term' (Iosevka Term Medium Oblique Nerd Font Complete.ttf) oblique normal medium normal>) = 11.145
DEBUG:matplotlib.font_manager:findfont: score(<Font 'OpenDyslexicAlta Nerd Font Mono' (OpenDyslexicAlta Bold Nerd Font Complete Mono.otf) normal normal 700 normal>) = 10.335
DEBUG:matplotlib.font_manager:findfont: score(<Font 'NotoSans Nerd Font Mono' (Noto Sans Condensed Light Italic Nerd Font Complete Mono.ttf) italic normal light condensed>) = 11.44
DEBUG:matplotlib.font_manager:findfont: score(<Font 'InconsolataLGC Nerd Font' (Inconsolata LGC Bold Nerd Font Complete.ttf) normal normal 700 normal>) = 10.335
DEBUG:matplotlib.font_manager:findfont: score(<Font 'Noto Serif Ethiopic' (NotoSerifEthiopic-Light.ttf) normal normal light normal>) = 10.24
DEBUG:matplotlib.font_manager:findfont: score(<Font 'Iosevka' (Iosevka Extralight Oblique Nerd Font Complete Mono.ttf) oblique normal light normal>) = 11.24
DEBUG:matplotlib.font_manager:findfont: score(<Font 'BlexMono Nerd Font' (Blex Mono SemiBold Italic Nerd Font Complete.ttf) italic normal semibold normal>) = 11.24
DEBUG:matplotlib.font_manager:findfont: score(<Font 'Arimo Nerd Font Mono' (Arimo Bold Italic Nerd Font Complete Mono.ttf) italic normal 700 normal>) = 11.335
DEBUG:matplotlib.font_manager:findfont: score(<Font 'mplus Nerd Font' (M+ 2p black Nerd Font Complete.ttf) normal normal 700 normal>) = 10.335
DEBUG:matplotlib.font_manager:findfont: score(<Font 'NotoSerifDisplay Nerd Font Mono' (Noto Serif Display SemiCondensed Bold Nerd Font Complete Mono.ttf) normal normal 700 condensed>) = 10.535
DEBUG:matplotlib.font_manager:findfont: score(<Font 'Overpass Nerd Font Mono' (Overpass Bold Italic Nerd Font Complete Mono.otf) italic normal 700 normal>) = 11.335
DEBUG:matplotlib.font_manager:findfont: score(<Font 'DejaVuSansMono Nerd Font' (DejaVu Sans Mono Oblique Nerd Font Complete.ttf) oblique normal 400 normal>) = 11.05
DEBUG:matplotlib.font_manager:findfont: score(<Font 'NotoSerif Nerd Font Mono' (Noto Serif Light Nerd Font Complete Mono.ttf) normal normal light normal>) = 10.24
DEBUG:matplotlib.font_manager:findfont: score(<Font 'Anonymice Nerd Font' (Anonymice Nerd Font Complete.ttf) normal normal 400 normal>) = 10.05
DEBUG:matplotlib.font_manager:findfont: score(<Font 'NotoSansDisplay Nerd Font' (Noto Sans Display ExtraCondensed Thin Nerd Font Complete.ttf) normal normal 400 condensed>) = 10.25
DEBUG:matplotlib.font_manager:findfont: score(<Font 'Noto Sans Cham' (NotoSansCham-Bold.ttf) normal normal 700 normal>) = 10.335
DEBUG:matplotlib.font_manager:findfont: score(<Font 'NotoSans Nerd Font Mono' (Noto Sans SemiCondensed Bold Italic Nerd Font Complete Mono.ttf) italic normal 700 condensed>) = 11.535
DEBUG:matplotlib.font_manager:findfont: score(<Font 'Noto Sans Palmyrene' (NotoSansPalmyrene-Regular.ttf) normal normal regular normal>) = 10.05
DEBUG:matplotlib.font_manager:findfont: score(<Font 'OpenDyslexic Nerd Font' (OpenDyslexic Bold Nerd Font Complete.otf) normal normal 700 normal>) = 10.335
DEBUG:matplotlib.font_manager:findfont: score(<Font 'NotoSans Nerd Font' (Noto Sans Condensed Bold Nerd Font Complete.ttf) normal normal 700 condensed>) = 10.535
DEBUG:matplotlib.font_manager:findfont: score(<Font 'mplus Nerd Font' (M+ 2p black Nerd Font Complete.ttf) normal normal 700 normal>) = 10.335
DEBUG:matplotlib.font_manager:findfont: score(<Font 'NotoSerif Nerd Font Mono' (Noto Serif ExtraBold Italic Nerd Font Complete Mono.ttf) italic normal bold normal>) = 11.335
DEBUG:matplotlib.font_manager:findfont: score(<Font 'RobotoMono Nerd Font Mono' (Roboto Mono Thin Nerd Font Complete Mono.ttf) normal normal 400 normal>) = 10.05
DEBUG:matplotlib.font_manager:findfont: score(<Font 'mplus Nerd Font Mono' (M+ 1p Nerd Font Complete Mono.ttf) normal normal 400 normal>) = 10.05
DEBUG:matplotlib.font_manager:findfont: score(<Font 'AurulentSansMono Nerd Font Mono' (AurulentSansMono-Regular Nerd Font Complete Mono.otf) normal normal regular normal>) = 10.05
DEBUG:matplotlib.font_manager:findfont: score(<Font 'Source Code Pro' (SourceCodePro-ExtraLight.otf) normal normal light normal>) = 10.24
DEBUG:matplotlib.font_manager:findfont: score(<Font 'NotoSerif Nerd Font Mono' (Noto Serif ExtraCondensed Nerd Font Complete Mono.ttf) normal normal 400 condensed>) = 10.25
DEBUG:matplotlib.font_manager:findfont: score(<Font 'NotoSans Nerd Font Mono' (Noto Sans ExtraCondensed Medium Nerd Font Complete Mono.ttf) normal normal medium condensed>) = 10.344999999999999
DEBUG:matplotlib.font_manager:findfont: score(<Font 'NotoSerifDisplay Nerd Font' (Noto Serif Display Black Nerd Font Complete.ttf) normal normal black normal>) = 10.525
DEBUG:matplotlib.font_manager:findfont: score(<Font 'NotoSerifDisplay Nerd Font Mono' (Noto Serif Display Condensed Nerd Font Complete Mono.ttf) normal normal 400 condensed>) = 10.25
DEBUG:matplotlib.font_manager:findfont: score(<Font 'Arimo Nerd Font Mono' (Arimo Bold Nerd Font Complete Mono.ttf) normal normal 700 normal>) = 10.335
DEBUG:matplotlib.font_manager:findfont: score(<Font 'RobotoMono Nerd Font Mono' (Roboto Mono Bold Italic Nerd Font Complete Mono.ttf) italic normal 700 normal>) = 11.335
DEBUG:matplotlib.font_manager:findfont: score(<Font 'NotoSansMono Nerd Font Mono' (Noto Sans Mono ExtraCondensed Thin Nerd Font Complete Mono.ttf) normal normal 400 condensed>) = 10.25
DEBUG:matplotlib.font_manager:findfont: score(<Font 'Noto Sans Old South Arabian' (NotoSansOldSouthArabian-Regular.ttf) normal normal regular normal>) = 10.05
DEBUG:matplotlib.font_manager:findfont: score(<Font 'NotoSansDisplay Nerd Font Mono' (Noto Sans Display SemiCondensed ExtraBold Italic Nerd Font Complete Mono.ttf) italic normal bold condensed>) = 11.535
DEBUG:matplotlib.font_manager:findfont: score(<Font 'NotoSerif Nerd Font Mono' (Noto Serif ExtraCondensed Bold Nerd Font Complete Mono.ttf) normal normal 700 condensed>) = 10.535
DEBUG:matplotlib.font_manager:findfont: score(<Font 'NotoSans Nerd Font Mono' (Noto Sans ExtraCondensed Bold Italic Nerd Font Complete Mono.ttf) italic normal 700 condensed>) = 11.535
DEBUG:matplotlib.font_manager:findfont: score(<Font 'NotoSansMono Nerd Font Mono' (Noto Sans Mono Black Nerd Font Complete Mono.ttf) normal normal black normal>) = 10.525
DEBUG:matplotlib.font_manager:findfont: score(<Font 'FantasqueSansMono Nerd Font Mono' (Fantasque Sans Mono Bold Italic Nerd Font Complete Mono.ttf) italic normal 700 normal>) = 11.335
DEBUG:matplotlib.font_manager:findfont: score(<Font 'Noto Sans Telugu' (NotoSansTelugu-Black.ttf) normal normal black normal>) = 10.525
DEBUG:matplotlib.font_manager:findfont: score(<Font 'DejaVuSansMono Nerd Font' (DejaVu Sans Mono Bold Nerd Font Complete.ttf) normal normal 700 normal>) = 10.335
DEBUG:matplotlib.font_manager:findfont: score(<Font 'NotoSansDisplay Nerd Font Mono' (Noto Sans Display ExtraCondensed ExtraBold Italic Nerd Font Complete Mono.ttf) italic normal bold condensed>) = 11.535
DEBUG:matplotlib.font_manager:findfont: score(<Font 'Ubuntu Nerd Font' (Ubuntu Nerd Font Complete.ttf) normal normal 400 normal>) = 10.05
DEBUG:matplotlib.font_manager:findfont: score(<Font 'NotoSerifDisplay Nerd Font Mono' (Noto Serif Display Medium Nerd Font Complete Mono.ttf) normal normal medium normal>) = 10.145
DEBUG:matplotlib.font_manager:findfont: score(<Font 'GohuFont Nerd Font Mono' (GohuFont Nerd Font Complete Mono.ttf) normal normal 400 normal>) = 10.05
DEBUG:matplotlib.font_manager:findfont: score(<Font 'NotoSansDisplay Nerd Font' (Noto Sans Display ExtraCondensed Medium Nerd Font Complete.ttf) normal normal medium condensed>) = 10.344999999999999
DEBUG:matplotlib.font_manager:findfont: score(<Font 'GoMono Nerd Font' (Go Mono Nerd Font Complete.ttf) normal normal 400 normal>) = 10.05
DEBUG:matplotlib.font_manager:findfont: score(<Font 'Noto Serif Sinhala' (NotoSerifSinhala-Bold.ttf) normal normal 700 normal>) = 10.335
DEBUG:matplotlib.font_manager:findfont: score(<Font 'NotoSansDisplay Nerd Font Mono' (Noto Sans Display ExtraCondensed Nerd Font Complete Mono.ttf) normal normal 400 condensed>) = 10.25
DEBUG:matplotlib.font_manager:findfont: score(<Font 'Arimo Nerd Font' (Arimo Italic Nerd Font Complete.ttf) italic normal 400 normal>) = 11.05
DEBUG:matplotlib.font_manager:findfont: score(<Font 'NotoSerifDisplay Nerd Font' (Noto Serif Display SemiCondensed SemiBold Nerd Font Complete.ttf) normal normal semibold condensed>) = 10.44
DEBUG:matplotlib.font_manager:findfont: score(<Font 'NotoSansDisplay Nerd Font' (Noto Sans Display SemiBold Nerd Font Complete.ttf) normal normal semibold normal>) = 10.24
DEBUG:matplotlib.font_manager:findfont: score(<Font 'Cousine Nerd Font' (Cousine Bold Nerd Font Complete.ttf) normal normal 700 normal>) = 10.335
DEBUG:matplotlib.font_manager:findfont: score(<Font 'Noto Sans Brahmi' (NotoSansBrahmi-Regular.ttf) normal normal regular normal>) = 10.05
DEBUG:matplotlib.font_manager:findfont: score(<Font 'Hasklug Nerd Font' (Hasklug Light Nerd Font Complete.otf) normal normal light normal>) = 10.24
DEBUG:matplotlib.font_manager:findfont: score(<Font 'NotoSerifDisplay Nerd Font' (Noto Serif Display SemiCondensed Nerd Font Complete.ttf) normal normal 400 condensed>) = 10.25
DEBUG:matplotlib.font_manager:findfont: score(<Font 'Noto Sans Oriya' (NotoSansOriya-Bold.ttf) normal normal 700 normal>) = 10.335
DEBUG:matplotlib.font_manager:findfont: score(<Font 'NotoSansDisplay Nerd Font Mono' (Noto Sans Display SemiCondensed Bold Italic Nerd Font Complete Mono.ttf) italic normal 700 condensed>) = 11.535
DEBUG:matplotlib.font_manager:findfont: score(<Font 'NotoSans Nerd Font' (Noto Sans SemiCondensed Light Nerd Font Complete.ttf) normal normal light condensed>) = 10.44
DEBUG:matplotlib.font_manager:findfont: score(<Font 'Noto Sans Javanese' (NotoSansJavanese-Bold.ttf) normal normal 700 normal>) = 10.335
DEBUG:matplotlib.font_manager:findfont: score(<Font 'Noto Serif Georgian' (NotoSerifGeorgian-Light.ttf) normal normal light normal>) = 10.24
DEBUG:matplotlib.font_manager:findfont: score(<Font 'Iosevka' (Iosevka Bold Italic Nerd Font Complete Mono.ttf) italic normal 700 normal>) = 11.335
DEBUG:matplotlib.font_manager:findfont: score(<Font 'NotoSans Nerd Font' (Noto Sans ExtraCondensed ExtraBold Nerd Font Complete.ttf) normal normal bold condensed>) = 10.535
DEBUG:matplotlib.font_manager:findfont: score(<Font 'Noto Serif Gurmukhi' (NotoSerifGurmukhi-Light.ttf) normal normal light normal>) = 10.24
DEBUG:matplotlib.font_manager:findfont: score(<Font 'Noto Serif Kannada' (NotoSerifKannada-Thin.ttf) normal normal 400 normal>) = 10.05
DEBUG:matplotlib.font_manager:findfont: score(<Font 'Noto Sans' (NotoSans-MediumItalic.ttf) italic normal medium normal>) = 11.145
DEBUG:matplotlib.font_manager:findfont: score(<Font 'FuraCode Nerd Font Mono' (Fura Code Bold Nerd Font Complete Mono.otf) normal normal 700 normal>) = 10.335
DEBUG:matplotlib.font_manager:findfont: score(<Font 'NotoSerifDisplay Nerd Font Mono' (Noto Serif Display ExtraCondensed Italic Nerd Font Complete Mono.ttf) italic normal 400 condensed>) = 11.25
DEBUG:matplotlib.font_manager:findfont: score(<Font 'BlexMono Nerd Font Mono' (Blex Mono Thin Nerd Font Complete Mono.ttf) normal normal 400 normal>) = 10.05
DEBUG:matplotlib.font_manager:findfont: score(<Font 'Noto Serif Telugu' (NotoSerifTelugu-Black.ttf) normal normal black normal>) = 10.525
DEBUG:matplotlib.font_manager:findfont: score(<Font 'NotoSerif Nerd Font Mono' (Noto Serif ExtraCondensed ExtraLight Italic Nerd Font Complete Mono.ttf) italic normal light condensed>) = 11.44
DEBUG:matplotlib.font_manager:findfont: score(<Font 'NotoSans Nerd Font Mono' (Noto Sans Light Italic Nerd Font Complete Mono.ttf) italic normal light normal>) = 11.24
DEBUG:matplotlib.font_manager:findfont: score(<Font 'Iosevka Term' (Iosevka Term Bold Nerd Font Complete.ttf) normal normal 700 normal>) = 10.335
DEBUG:matplotlib.font_manager:findfont: score(<Font 'Tinos Nerd Font Mono' (Tinos Nerd Font Complete Mono.ttf) normal normal 400 normal>) = 10.05
DEBUG:matplotlib.font_manager:findfont: score(<Font 'NotoSerif Nerd Font Mono' (Noto Serif ExtraCondensed Medium Italic Nerd Font Complete Mono.ttf) italic normal medium condensed>) = 11.344999999999999
DEBUG:matplotlib.font_manager:findfont: score(<Font 'RobotoMono Nerd Font Mono' (Roboto Mono Bold Nerd Font Complete Mono.ttf) normal normal 700 normal>) = 10.335
DEBUG:matplotlib.font_manager:findfont: score(<Font 'NotoSerif Nerd Font' (Noto Serif ExtraCondensed SemiBold Nerd Font Complete.ttf) normal normal semibold condensed>) = 10.44
DEBUG:matplotlib.font_manager:findfont: score(<Font 'NotoSerif Nerd Font' (Noto Serif Condensed Black Italic Nerd Font Complete.ttf) italic normal black condensed>) = 11.725
DEBUG:matplotlib.font_manager:findfont: score(<Font 'Iosevka Term' (Iosevka Term Medium Italic Nerd Font Complete Mono.ttf) italic normal medium normal>) = 11.145
DEBUG:matplotlib.font_manager:findfont: score(<Font 'Estrangelo Nisibin Outline' (SyrCOMNisibinOutline.otf) normal normal 400 normal>) = 10.05
DEBUG:matplotlib.font_manager:findfont: score(<Font 'Noto Sans Mono' (NotoSansMono-Light.ttf) normal normal light normal>) = 10.24
DEBUG:matplotlib.font_manager:findfont: score(<Font 'NotoSansDisplay Nerd Font' (Noto Sans Display SemiCondensed Black Nerd Font Complete.ttf) normal normal black condensed>) = 10.725
DEBUG:matplotlib.font_manager:findfont: score(<Font 'Noto Serif Myanmar' (NotoSerifMyanmar-Thin.ttf) normal normal 400 normal>) = 10.05
DEBUG:matplotlib.font_manager:findfont: score(<Font 'NotoSansDisplay Nerd Font' (Noto Sans Display Italic Nerd Font Complete.ttf) italic normal 400 normal>) = 11.05
DEBUG:matplotlib.font_manager:findfont: score(<Font 'Ubuntu Nerd Font' (Ubuntu Italic Nerd Font Complete.ttf) italic normal 400 normal>) = 11.05
DEBUG:matplotlib.font_manager:findfont: score(<Font 'LiterationMono Nerd Font Mono' (Literation Mono Nerd Font Complete Mono.ttf) normal normal 400 normal>) = 10.05
DEBUG:matplotlib.font_manager:findfont: score(<Font 'NotoSerif Nerd Font' (Noto Serif Black Nerd Font Complete.ttf) normal normal black normal>) = 10.525
DEBUG:matplotlib.font_manager:findfont: score(<Font 'Monofuritalic Nerd Font' (monofur italic Nerd Font Complete.ttf) italic normal 400 normal>) = 11.05
DEBUG:matplotlib.font_manager:findfont: score(<Font 'mplus Nerd Font' (M+ 1c Nerd Font Complete.ttf) normal normal 400 normal>) = 10.05
DEBUG:matplotlib.font_manager:findfont: score(<Font 'NotoSans Nerd Font Mono' (Noto Sans ExtraLight Nerd Font Complete Mono.ttf) normal normal light normal>) = 10.24
DEBUG:matplotlib.font_manager:findfont: score(<Font 'Noto Sans Lao UI' (NotoSansLaoUI-Light.ttf) normal normal light normal>) = 10.24
DEBUG:matplotlib.font_manager:findfont: score(<Font 'NotoSansMono Nerd Font' (Noto Sans Mono Condensed ExtraBold Nerd Font Complete.ttf) normal normal bold condensed>) = 10.535
DEBUG:matplotlib.font_manager:findfont: score(<Font 'NotoSansDisplay Nerd Font Mono' (Noto Sans Display SemiCondensed Italic Nerd Font Complete Mono.ttf) italic normal 400 condensed>) = 11.25
DEBUG:matplotlib.font_manager:findfont: score(<Font 'Noto Sans Canadian Aboriginal' (NotoSansCanadianAboriginal-Regular.ttf) normal normal regular normal>) = 10.05
DEBUG:matplotlib.font_manager:findfont: score(<Font 'NotoSansDisplay Nerd Font Mono' (Noto Sans Display ExtraCondensed Black Italic Nerd Font Complete Mono.ttf) italic normal black condensed>) = 11.725
DEBUG:matplotlib.font_manager:findfont: score(<Font 'NotoSerifDisplay Nerd Font' (Noto Serif Display SemiBold Italic Nerd Font Complete.ttf) italic normal semibold normal>) = 11.24
DEBUG:matplotlib.font_manager:findfont: score(<Font 'Cousine Nerd Font Mono' (Cousine Italic Nerd Font Complete Mono.ttf) italic normal 400 normal>) = 11.05
DEBUG:matplotlib.font_manager:findfont: score(<Font 'Iosevka' (Iosevka Light Nerd Font Complete Mono.ttf) normal normal light normal>) = 10.24
DEBUG:matplotlib.font_manager:findfont: score(<Font 'NotoSans Nerd Font Mono' (Noto Sans SemiCondensed Black Italic Nerd Font Complete Mono.ttf) italic normal black condensed>) = 11.725
DEBUG:matplotlib.font_manager:findfont: score(<Font 'NotoSerif Nerd Font Mono' (Noto Serif SemiCondensed Light Italic Nerd Font Complete Mono.ttf) italic normal light condensed>) = 11.44
DEBUG:matplotlib.font_manager:findfont: score(<Font 'Iosevka Term' (Iosevka Term Light Oblique Nerd Font Complete.ttf) oblique normal light normal>) = 11.24
DEBUG:matplotlib.font_manager:findfont: score(<Font 'Iosevka Term' (Iosevka Term Oblique Nerd Font Complete Mono.ttf) oblique normal 400 normal>) = 11.05
DEBUG:matplotlib.font_manager:findfont: score(<Font 'NotoSerif Nerd Font Mono' (Noto Serif Condensed ExtraBold Italic Nerd Font Complete Mono.ttf) italic normal bold condensed>) = 11.535
DEBUG:matplotlib.font_manager:findfont: score(<Font 'NotoSansMono Nerd Font' (Noto Sans Mono Condensed ExtraBold Nerd Font Complete.ttf) normal normal bold condensed>) = 10.535
DEBUG:matplotlib.font_manager:findfont: score(<Font 'Hasklug Nerd Font Mono' (Hasklug Semibold Nerd Font Complete Mono.otf) normal normal semibold normal>) = 10.24
DEBUG:matplotlib.font_manager:findfont: score(<Font 'NotoSerif Nerd Font Mono' (Noto Serif SemiCondensed ExtraLight Nerd Font Complete Mono.ttf) normal normal light condensed>) = 10.44
DEBUG:matplotlib.font_manager:findfont: score(<Font 'Noto Sans Adlam Unjoined' (NotoSansAdlamUnjoined-Regular.ttf) normal normal regular normal>) = 10.05
DEBUG:matplotlib.font_manager:findfont: score(<Font 'NotoSansDisplay Nerd Font Mono' (Noto Sans Display Condensed SemiBold Italic Nerd Font Complete Mono.ttf) italic normal semibold condensed>) = 11.44
DEBUG:matplotlib.font_manager:findfont: score(<Font 'Noto Sans Cherokee' (NotoSansCherokee-Light.ttf) normal normal light normal>) = 10.24
DEBUG:matplotlib.font_manager:findfont: score(<Font 'NotoSansMono Nerd Font Mono' (Noto Sans Mono ExtraCondensed Bold Nerd Font Complete Mono.ttf) normal normal 700 condensed>) = 10.535
DEBUG:matplotlib.font_manager:findfont: score(<Font 'Hasklug Nerd Font Mono' (Hasklug Nerd Font Complete Mono.otf) normal normal 400 normal>) = 10.05
DEBUG:matplotlib.font_manager:findfont: score(<Font 'mplus Nerd Font' (M+ 1p medium Nerd Font Complete.ttf) normal normal medium normal>) = 10.145
DEBUG:matplotlib.font_manager:findfont: score(<Font 'Anonymice Nerd Font Mono' (Anonymice Nerd Font Complete Mono.ttf) normal normal 400 normal>) = 10.05
DEBUG:matplotlib.font_manager:findfont: score(<Font 'NotoSans Nerd Font' (Noto Sans Condensed Italic Nerd Font Complete.ttf) italic normal 400 condensed>) = 11.25
DEBUG:matplotlib.font_manager:findfont: score(<Font 'Noto Serif Malayalam' (NotoSerifMalayalam-Medium.ttf) normal normal medium normal>) = 10.145
DEBUG:matplotlib.font_manager:findfont: score(<Font 'NotoSerifDisplay Nerd Font' (Noto Serif Display SemiCondensed ExtraLight Nerd Font Complete.ttf) normal normal light condensed>) = 10.44
DEBUG:matplotlib.font_manager:findfont: score(<Font 'NotoSerifDisplay Nerd Font Mono' (Noto Serif Display Condensed Nerd Font Complete Mono.ttf) normal normal 400 condensed>) = 10.25
DEBUG:matplotlib.font_manager:findfont: score(<Font 'Overpass Nerd Font Mono' (Overpass Heavy Nerd Font Complete Mono.otf) normal normal heavy normal>) = 10.43
DEBUG:matplotlib.font_manager:findfont: score(<Font 'NotoSans Nerd Font Mono' (Noto Sans Condensed Thin Nerd Font Complete Mono.ttf) normal normal 400 condensed>) = 10.25
DEBUG:matplotlib.font_manager:findfont: score(<Font 'Iosevka Term' (Iosevka Term Extralight Italic Nerd Font Complete Mono.ttf) italic normal light normal>) = 11.24
DEBUG:matplotlib.font_manager:findfont: score(<Font 'Ubuntu Nerd Font Mono' (Ubuntu Medium Nerd Font Complete Mono.ttf) normal normal 700 normal>) = 10.335
DEBUG:matplotlib.font_manager:findfont: score(<Font 'Noto Sans Hatran' (NotoSansHatran-Regular.ttf) normal normal regular normal>) = 10.05
DEBUG:matplotlib.font_manager:findfont: score(<Font 'NotoSans Nerd Font Mono' (Noto Sans Condensed Black Italic Nerd Font Complete Mono.ttf) italic normal black condensed>) = 11.725
DEBUG:matplotlib.font_manager:findfont: score(<Font 'Noto Serif Bengali' (NotoSerifBengali-Black.ttf) normal normal black normal>) = 10.525
DEBUG:matplotlib.font_manager:findfont: score(<Font 'Noto Serif Georgian' (NotoSerifGeorgian-Thin.ttf) normal normal 400 normal>) = 10.05
DEBUG:matplotlib.font_manager:findfont: score(<Font 'NotoSans Nerd Font' (Noto Sans SemiCondensed Bold Italic Nerd Font Complete.ttf) italic normal 700 condensed>) = 11.535
DEBUG:matplotlib.font_manager:findfont: score(<Font 'NotoSans Nerd Font Mono' (Noto Sans Thin Italic Nerd Font Complete Mono.ttf) italic normal 400 normal>) = 11.05
DEBUG:matplotlib.font_manager:findfont: score(<Font 'Overpass Nerd Font' (Overpass Light Italic Nerd Font Complete.otf) italic normal light normal>) = 11.24
DEBUG:matplotlib.font_manager:findfont: score(<Font 'BlexMono Nerd Font' (Blex Mono Thin Italic Nerd Font Complete.ttf) italic normal 400 normal>) = 11.05
DEBUG:matplotlib.font_manager:findfont: score(<Font 'DejaVu Sans' (DejaVuSans-Bold.ttf) normal normal 700 normal>) = 0.33499999999999996
DEBUG:matplotlib.font_manager:findfont: score(<Font 'mplus Nerd Font Mono' (M+ 1p Nerd Font Complete Mono.ttf) normal normal 400 normal>) = 10.05
DEBUG:matplotlib.font_manager:findfont: score(<Font 'NotoSerif Nerd Font Mono' (Noto Serif ExtraCondensed Medium Nerd Font Complete Mono.ttf) normal normal medium condensed>) = 10.344999999999999
DEBUG:matplotlib.font_manager:findfont: score(<Font 'NotoSans Nerd Font Mono' (Noto Sans SemiCondensed Light Italic Nerd Font Complete Mono.ttf) italic normal light condensed>) = 11.44
DEBUG:matplotlib.font_manager:findfont: score(<Font 'FantasqueSansMono Nerd Font' (Fantasque Sans Mono Regular Nerd Font Complete.ttf) normal normal regular normal>) = 10.05
DEBUG:matplotlib.font_manager:findfont: score(<Font 'ProggyCleanTTSZ Nerd Font' (ProggyCleanTTSZ Nerd Font Complete.ttf) normal normal 400 normal>) = 10.05
DEBUG:matplotlib.font_manager:findfont: score(<Font 'Noto Sans Caucasian Albanian' (NotoSansCaucasianAlbanian-Regular.ttf) normal normal regular normal>) = 10.05
DEBUG:matplotlib.font_manager:findfont: score(<Font 'Ubuntu Nerd Font Mono' (Ubuntu Light Italic Nerd Font Complete Mono.ttf) italic normal light normal>) = 11.24
DEBUG:matplotlib.font_manager:findfont: score(<Font 'NotoSans Nerd Font' (Noto Sans ExtraCondensed Black Nerd Font Complete.ttf) normal normal black condensed>) = 10.725
DEBUG:matplotlib.font_manager:findfont: score(<Font 'mplus Nerd Font Mono' (M+ 1p light Nerd Font Complete Mono.ttf) normal normal light normal>) = 10.24
DEBUG:matplotlib.font_manager:findfont: score(<Font 'NotoSans Nerd Font' (Noto Sans Condensed ExtraLight Italic Nerd Font Complete.ttf) italic normal light condensed>) = 11.44
DEBUG:matplotlib.font_manager:findfont: score(<Font 'NotoSerif Nerd Font Mono' (Noto Serif Condensed Bold Italic Nerd Font Complete Mono.ttf) italic normal 700 condensed>) = 11.535
DEBUG:matplotlib.font_manager:findfont: score(<Font 'mplus Nerd Font' (M+ 2p bold Nerd Font Complete.ttf) normal normal 700 normal>) = 10.335
DEBUG:matplotlib.font_manager:findfont: score(<Font 'mplus Nerd Font' (M+ 2m Nerd Font Complete.ttf) normal normal 400 normal>) = 10.05
DEBUG:matplotlib.font_manager:findfont: score(<Font 'NotoSansDisplay Nerd Font Mono' (Noto Sans Display ExtraCondensed Light Nerd Font Complete Mono.ttf) normal normal light condensed>) = 10.44
DEBUG:matplotlib.font_manager:findfont: score(<Font 'MesloLGLDZ Nerd Font' (Meslo LG L DZ Regular Nerd Font Complete.otf) normal normal regular normal>) = 10.05
DEBUG:matplotlib.font_manager:findfont: score(<Font 'NotoSansMono Nerd Font' (Noto Sans Mono Light Nerd Font Complete.ttf) normal normal light normal>) = 10.24
DEBUG:matplotlib.font_manager:findfont: score(<Font 'NotoSansDisplay Nerd Font Mono' (Noto Sans Display ExtraCondensed Light Italic Nerd Font Complete Mono.ttf) italic normal light condensed>) = 11.44
DEBUG:matplotlib.font_manager:findfont: score(<Font 'NotoSerif Nerd Font' (Noto Serif Condensed Medium Nerd Font Complete.ttf) normal normal medium condensed>) = 10.344999999999999
DEBUG:matplotlib.font_manager:findfont: score(<Font 'mplus Nerd Font' (M+ 1p light Nerd Font Complete.ttf) normal normal light normal>) = 10.24
DEBUG:matplotlib.font_manager:findfont: score(<Font 'NotoSerifDisplay Nerd Font Mono' (Noto Serif Display Bold Nerd Font Complete Mono.ttf) normal normal 700 normal>) = 10.335
DEBUG:matplotlib.font_manager:findfont: score(<Font 'SauceCodePro Nerd Font' (Sauce Code Pro Bold Italic Nerd Font Complete.ttf) italic normal 700 normal>) = 11.335
DEBUG:matplotlib.font_manager:findfont: score(<Font 'NotoEmoji Nerd Font' (Noto Emoji Nerd Font Complete.ttf) normal normal 400 normal>) = 10.05
DEBUG:matplotlib.font_manager:findfont: score(<Font 'Iosevka' (Iosevka Nerd Font Complete.ttf) normal normal 400 normal>) = 10.05
DEBUG:matplotlib.font_manager:findfont: score(<Font 'NotoSansMono Nerd Font' (Noto Sans Mono Condensed Nerd Font Complete.ttf) normal normal 400 condensed>) = 10.25
DEBUG:matplotlib.font_manager:findfont: score(<Font 'Hasklug Nerd Font Mono' (Hasklug Light Nerd Font Complete Mono.otf) normal normal light normal>) = 10.24
DEBUG:matplotlib.font_manager:findfont: score(<Font 'Hasklug Nerd Font Mono' (Hasklug Bold Italic Nerd Font Complete Mono.otf) italic normal 700 normal>) = 11.335
DEBUG:matplotlib.font_manager:findfont: score(<Font 'NotoSansDisplay Nerd Font' (Noto Sans Display ExtraCondensed ExtraLight Nerd Font Complete.ttf) normal normal light condensed>) = 10.44
DEBUG:matplotlib.font_manager:findfont: score(<Font 'NotoSerifDisplay Nerd Font' (Noto Serif Display ExtraCondensed Bold Italic Nerd Font Complete.ttf) italic normal 700 condensed>) = 11.535
DEBUG:matplotlib.font_manager:findfont: score(<Font 'BlexMono Nerd Font' (Blex Mono Nerd Font Complete.ttf) normal normal 400 normal>) = 10.05
DEBUG:matplotlib.font_manager:findfont: score(<Font 'GoMono Nerd Font Mono' (Go Mono Nerd Font Complete Mono.ttf) normal normal 400 normal>) = 10.05
DEBUG:matplotlib.font_manager:findfont: score(<Font 'NotoSerifDisplay Nerd Font' (Noto Serif Display ExtraCondensed SemiBold Nerd Font Complete.ttf) normal normal semibold condensed>) = 10.44
DEBUG:matplotlib.font_manager:findfont: score(<Font 'mplus Nerd Font' (M+ 1mn light Nerd Font Complete.ttf) normal normal light normal>) = 10.24
DEBUG:matplotlib.font_manager:findfont: score(<Font 'NotoSansDisplay Nerd Font' (Noto Sans Display SemiCondensed Thin Nerd Font Complete.ttf) normal normal 400 condensed>) = 10.25
DEBUG:matplotlib.font_manager:findfont: score(<Font 'NotoSerifDisplay Nerd Font Mono' (Noto Serif Display ExtraLight Nerd Font Complete Mono.ttf) normal normal light normal>) = 10.24
DEBUG:matplotlib.font_manager:findfont: score(<Font 'Noto Sans Shavian' (NotoSansShavian-Regular.ttf) normal normal regular normal>) = 10.05
DEBUG:matplotlib.font_manager:findfont: score(<Font 'BlexMono Nerd Font' (Blex Mono ExtraLight Nerd Font Complete.ttf) normal normal light normal>) = 10.24
DEBUG:matplotlib.font_manager:findfont: score(<Font 'Iosevka Term' (Iosevka Term Thin Oblique Nerd Font Complete.ttf) oblique normal 400 normal>) = 11.05
DEBUG:matplotlib.font_manager:findfont: score(<Font 'NotoSansDisplay Nerd Font Mono' (Noto Sans Display Condensed Thin Nerd Font Complete Mono.ttf) normal normal 400 condensed>) = 10.25
DEBUG:matplotlib.font_manager:findfont: score(<Font 'NotoSansDisplay Nerd Font' (Noto Sans Display Condensed ExtraLight Nerd Font Complete.ttf) normal normal light condensed>) = 10.44
DEBUG:matplotlib.font_manager:findfont: score(<Font 'NotoSerif Nerd Font Mono' (Noto Serif SemiCondensed Medium Italic Nerd Font Complete Mono.ttf) italic normal medium condensed>) = 11.344999999999999
DEBUG:matplotlib.font_manager:findfont: score(<Font 'NotoSans Nerd Font Mono' (Noto Sans ExtraCondensed Thin Nerd Font Complete Mono.ttf) normal normal 400 condensed>) = 10.25
DEBUG:matplotlib.font_manager:findfont: score(<Font 'Noto Sans Khmer UI' (NotoSansKhmerUI-Black.ttf) normal normal black normal>) = 10.525
DEBUG:matplotlib.font_manager:findfont: score(<Font 'Noto Serif Tamil' (NotoSerifTamil-Black.ttf) normal normal black normal>) = 10.525
DEBUG:matplotlib.font_manager:findfont: score(<Font 'NotoSerif Nerd Font' (Noto Serif SemiCondensed SemiBold Italic Nerd Font Complete.ttf) italic normal semibold condensed>) = 11.44
DEBUG:matplotlib.font_manager:findfont: score(<Font 'BlexMono Nerd Font Mono' (Blex Mono Nerd Font Complete Mono.ttf) normal normal 400 normal>) = 10.05
DEBUG:matplotlib.font_manager:findfont: score(<Font 'C059' (C059-Roman.otf) normal normal roman normal>) = 10.145
DEBUG:matplotlib.font_manager:findfont: score(<Font 'Ubuntu Nerd Font Mono' (Ubuntu Light Nerd Font Complete Mono.ttf) normal normal light normal>) = 10.24
DEBUG:matplotlib.font_manager:findfont: score(<Font 'NotoSansDisplay Nerd Font' (Noto Sans Display ExtraCondensed ExtraLight Nerd Font Complete.ttf) normal normal light condensed>) = 10.44
DEBUG:matplotlib.font_manager:findfont: score(<Font 'NotoSansDisplay Nerd Font Mono' (Noto Sans Display SemiBold Italic Nerd Font Complete Mono.ttf) italic normal semibold normal>) = 11.24
DEBUG:matplotlib.font_manager:findfont: score(<Font 'mplus Nerd Font' (M+ 2c black Nerd Font Complete.ttf) normal normal 700 normal>) = 10.335
DEBUG:matplotlib.font_manager:findfont: score(<Font 'NotoSerif Nerd Font' (Noto Serif ExtraCondensed Medium Italic Nerd Font Complete.ttf) italic normal medium condensed>) = 11.344999999999999
DEBUG:matplotlib.font_manager:findfont: score(<Font 'NotoSerif Nerd Font Mono' (Noto Serif Thin Nerd Font Complete Mono.ttf) normal normal 400 normal>) = 10.05
DEBUG:matplotlib.font_manager:findfont: score(<Font 'Noto Serif Display' (NotoSerifDisplay-Black.ttf) normal normal black normal>) = 10.525
DEBUG:matplotlib.font_manager:findfont: score(<Font 'Iosevka Term' (Iosevka Term Medium Oblique Nerd Font Complete Mono.ttf) oblique normal medium normal>) = 11.145
DEBUG:matplotlib.font_manager:findfont: score(<Font 'FuraCode Nerd Font Mono' (Fura Code Retina Nerd Font Complete Mono.otf) normal normal 400 normal>) = 10.05
DEBUG:matplotlib.font_manager:findfont: score(<Font 'Noto Sans Tagalog' (NotoSansTagalog-Regular.ttf) normal normal regular normal>) = 10.05
DEBUG:matplotlib.font_manager:findfont: score(<Font 'MesloLGL Nerd Font' (Meslo LG L Regular Nerd Font Complete.otf) normal normal regular normal>) = 10.05
DEBUG:matplotlib.font_manager:findfont: score(<Font 'SauceCodePro Nerd Font' (Sauce Code Pro Medium Nerd Font Complete.ttf) normal normal medium normal>) = 10.145
DEBUG:matplotlib.font_manager:findfont: score(<Font 'MesloLGL Nerd Font Mono' (Meslo LG L Regular Nerd Font Complete Mono.otf) normal normal regular normal>) = 10.05
DEBUG:matplotlib.font_manager:findfont: score(<Font 'Noto Serif Tamil Slanted' (NotoSerifTamilSlanted-Light.ttf) normal normal light normal>) = 10.24
DEBUG:matplotlib.font_manager:findfont: score(<Font 'Noto Serif Dogra' (NotoSerifDogra-Regular.ttf) normal normal regular normal>) = 10.05
DEBUG:matplotlib.font_manager:findfont: score(<Font 'NotoSerif Nerd Font Mono' (Noto Serif SemiCondensed ExtraBold Italic Nerd Font Complete Mono.ttf) italic normal bold condensed>) = 11.535
DEBUG:matplotlib.font_manager:findfont: score(<Font 'NotoSerifDisplay Nerd Font' (Noto Serif Display Condensed Black Nerd Font Complete.ttf) normal normal black condensed>) = 10.725
DEBUG:matplotlib.font_manager:findfont: score(<Font 'NotoSerifDisplay Nerd Font' (Noto Serif Display SemiCondensed Thin Italic Nerd Font Complete.ttf) italic normal 400 condensed>) = 11.25
DEBUG:matplotlib.font_manager:findfont: score(<Font 'OverpassMono Nerd Font Mono' (Overpass Mono Light Nerd Font Complete Mono.otf) normal normal light normal>) = 10.24
DEBUG:matplotlib.font_manager:findfont: score(<Font 'NotoSansDisplay Nerd Font' (Noto Sans Display Thin Italic Nerd Font Complete.ttf) italic normal 400 normal>) = 11.05
DEBUG:matplotlib.font_manager:findfont: score(<Font 'Noto Serif Khmer' (NotoSerifKhmer-Medium.ttf) normal normal medium normal>) = 10.145
DEBUG:matplotlib.font_manager:findfont: score(<Font 'NotoSansDisplay Nerd Font Mono' (Noto Sans Display Condensed ExtraBold Nerd Font Complete Mono.ttf) normal normal bold condensed>) = 10.535
DEBUG:matplotlib.font_manager:findfont: score(<Font 'NotoSerif Nerd Font' (Noto Serif ExtraCondensed Medium Italic Nerd Font Complete.ttf) italic normal medium condensed>) = 11.344999999999999
DEBUG:matplotlib.font_manager:findfont: score(<Font 'NotoSerifDisplay Nerd Font' (Noto Serif Display Condensed ExtraLight Italic Nerd Font Complete.ttf) italic normal light condensed>) = 11.44
DEBUG:matplotlib.font_manager:findfont: score(<Font 'Libertinus Sans' (LibertinusSans-Italic.otf) italic normal 400 normal>) = 11.05
DEBUG:matplotlib.font_manager:findfont: score(<Font 'OpenDyslexic Nerd Font Mono' (OpenDyslexic Italic Nerd Font Complete Mono.otf) italic normal 400 normal>) = 11.05
DEBUG:matplotlib.font_manager:findfont: score(<Font 'NotoSansDisplay Nerd Font' (Noto Sans Display Condensed ExtraLight Nerd Font Complete.ttf) normal normal light condensed>) = 10.44
DEBUG:matplotlib.font_manager:findfont: score(<Font 'Noto Sans Lydian' (NotoSansLydian-Regular.ttf) normal normal regular normal>) = 10.05
DEBUG:matplotlib.font_manager:findfont: score(<Font 'NotoSerifDisplay Nerd Font' (Noto Serif Display ExtraCondensed Medium Italic Nerd Font Complete.ttf) italic normal medium condensed>) = 11.344999999999999
DEBUG:matplotlib.font_manager:findfont: score(<Font 'BitstreamVeraSansMono Nerd Font Mono' (Bitstream Vera Sans Mono Oblique Nerd Font Complete Mono.ttf) oblique normal 400 normal>) = 11.05
DEBUG:matplotlib.font_manager:findfont: score(<Font 'OpenDyslexic Nerd Font Mono' (OpenDyslexic Bold Italic Nerd Font Complete Mono.otf) italic normal 700 normal>) = 11.335
DEBUG:matplotlib.font_manager:findfont: score(<Font 'Estrangelo Antioch' (SyrCOMAntioch.otf) normal normal 400 normal>) = 10.05
DEBUG:matplotlib.font_manager:findfont: score(<Font 'Noto Serif Lao' (NotoSerifLao-Thin.ttf) normal normal 400 normal>) = 10.05
DEBUG:matplotlib.font_manager:findfont: score(<Font 'InconsolataLGC Nerd Font Mono' (Inconsolata LGC Bold Nerd Font Complete Mono.ttf) normal normal 700 normal>) = 10.335
DEBUG:matplotlib.font_manager:findfont: score(<Font 'NotoSansMono Nerd Font Mono' (Noto Sans Mono Condensed ExtraBold Nerd Font Complete Mono.ttf) normal normal bold condensed>) = 10.535
DEBUG:matplotlib.font_manager:findfont: score(<Font 'mplus Nerd Font' (M+ 1mn thin Nerd Font Complete.ttf) normal normal 400 normal>) = 10.05
DEBUG:matplotlib.font_manager:findfont: score(<Font 'NotoSerifDisplay Nerd Font' (Noto Serif Display Condensed ExtraLight Nerd Font Complete.ttf) normal normal light condensed>) = 10.44
DEBUG:matplotlib.font_manager:findfont: score(<Font 'NotoSerifDisplay Nerd Font Mono' (Noto Serif Display SemiCondensed Italic Nerd Font Complete Mono.ttf) italic normal 400 condensed>) = 11.25
DEBUG:matplotlib.font_manager:findfont: score(<Font 'NotoSerif Nerd Font Mono' (Noto Serif SemiCondensed Medium Nerd Font Complete Mono.ttf) normal normal medium condensed>) = 10.344999999999999
DEBUG:matplotlib.font_manager:findfont: score(<Font 'NotoSerif Nerd Font' (Noto Serif SemiCondensed ExtraBold Italic Nerd Font Complete.ttf) italic normal bold condensed>) = 11.535
DEBUG:matplotlib.font_manager:findfont: score(<Font 'BlexMono Nerd Font Mono' (Blex Mono SemiBold Nerd Font Complete Mono.ttf) normal normal semibold normal>) = 10.24
DEBUG:matplotlib.font_manager:findfont: score(<Font 'NotoSerif Nerd Font' (Noto Serif Condensed Light Nerd Font Complete.ttf) normal normal light condensed>) = 10.44
DEBUG:matplotlib.font_manager:findfont: score(<Font 'Overpass Nerd Font' (Overpass Light Nerd Font Complete.otf) normal normal light normal>) = 10.24
DEBUG:matplotlib.font_manager:findfont: score(<Font 'SauceCodePro Nerd Font Mono' (Sauce Code Pro Semibold Nerd Font Complete Mono.ttf) normal normal semibold normal>) = 10.24
DEBUG:matplotlib.font_manager:findfont: score(<Font 'Inconsolata Nerd Font Mono' (Inconsolata Nerd Font Complete Mono.otf) normal normal 400 normal>) = 10.05
DEBUG:matplotlib.font_manager:findfont: score(<Font 'NotoSerifDisplay Nerd Font' (Noto Serif Display Medium Italic Nerd Font Complete.ttf) italic normal medium normal>) = 11.145
DEBUG:matplotlib.font_manager:findfont: score(<Font 'UbuntuMono Nerd Font Mono' (Ubuntu Mono Italic Nerd Font Complete Mono.ttf) italic normal 400 normal>) = 11.05
DEBUG:matplotlib.font_manager:findfont: score(<Font 'NotoSansDisplay Nerd Font Mono' (Noto Sans Display Condensed ExtraLight Nerd Font Complete Mono.ttf) normal normal light condensed>) = 10.44
DEBUG:matplotlib.font_manager:findfont: score(<Font 'Source Code Pro' (SourceCodePro-BoldIt.otf) italic normal 700 normal>) = 11.335
DEBUG:matplotlib.font_manager:findfont: score(<Font 'DroidSansMono Nerd Font Mono' (Droid Sans Mono Nerd Font Complete Mono.otf) normal normal 400 normal>) = 10.05
DEBUG:matplotlib.font_manager:findfont: score(<Font 'NotoSans Nerd Font' (Noto Sans SemiCondensed Medium Nerd Font Complete.ttf) normal normal medium condensed>) = 10.344999999999999
DEBUG:matplotlib.font_manager:findfont: score(<Font 'Noto Sans Tamil UI' (NotoSansTamilUI-Bold.ttf) normal normal 700 normal>) = 10.335
DEBUG:matplotlib.font_manager:findfont: score(<Font 'Cousine Nerd Font Mono' (Cousine Regular Nerd Font Complete Mono.ttf) normal normal regular normal>) = 10.05
DEBUG:matplotlib.font_manager:findfont: score(<Font 'Noto Sans' (NotoSans-Bold.ttf) normal normal 700 normal>) = 10.335
DEBUG:matplotlib.font_manager:findfont: score(<Font 'Iosevka' (Iosevka Italic Nerd Font Complete.ttf) italic normal 400 normal>) = 11.05
DEBUG:matplotlib.font_manager:findfont: score(<Font 'NotoSerif Nerd Font Mono' (Noto Serif ExtraCondensed ExtraLight Nerd Font Complete Mono.ttf) normal normal light condensed>) = 10.44
DEBUG:matplotlib.font_manager:findfont: score(<Font 'Iosevka Term' (Iosevka Term Heavy Nerd Font Complete.ttf) normal normal 700 normal>) = 10.335
DEBUG:matplotlib.font_manager:findfont: score(<Font 'NotoSerif Nerd Font' (Noto Serif Medium Italic Nerd Font Complete.ttf) italic normal medium normal>) = 11.145
DEBUG:matplotlib.font_manager:findfont: score(<Font 'NotoSans Nerd Font Mono' (Noto Sans ExtraCondensed ExtraLight Nerd Font Complete Mono.ttf) normal normal light condensed>) = 10.44
DEBUG:matplotlib.font_manager:findfont: score(<Font 'NotoSerif Nerd Font' (Noto Serif ExtraCondensed ExtraLight Nerd Font Complete.ttf) normal normal light condensed>) = 10.44
DEBUG:matplotlib.font_manager:findfont: score(<Font 'NotoSerifDisplay Nerd Font Mono' (Noto Serif Display SemiCondensed Nerd Font Complete Mono.ttf) normal normal 400 condensed>) = 10.25
DEBUG:matplotlib.font_manager:findfont: score(<Font 'NotoSansMono Nerd Font Mono' (Noto Sans Mono ExtraCondensed Medium Nerd Font Complete Mono.ttf) normal normal medium condensed>) = 10.344999999999999
DEBUG:matplotlib.font_manager:findfont: score(<Font 'Noto Sans Lao' (NotoSansLao-Thin.ttf) normal normal 400 normal>) = 10.05
DEBUG:matplotlib.font_manager:findfont: score(<Font 'NotoSerifDisplay Nerd Font' (Noto Serif Display SemiCondensed SemiBold Italic Nerd Font Complete.ttf) italic normal semibold condensed>) = 11.44
DEBUG:matplotlib.font_manager:findfont: score(<Font 'TerminessTTF Nerd Font Mono' (Terminess (TTF) Nerd Font Complete Mono.ttf) normal normal 400 normal>) = 10.05
DEBUG:matplotlib.font_manager:findfont: score(<Font 'NotoSerifDisplay Nerd Font' (Noto Serif Display SemiCondensed ExtraLight Italic Nerd Font Complete.ttf) italic normal light condensed>) = 11.44
DEBUG:matplotlib.font_manager:findfont: score(<Font 'Monofur Nerd Font Mono' (monofur Nerd Font Complete Mono.ttf) normal normal 400 normal>) = 10.05
DEBUG:matplotlib.font_manager:findfont: score(<Font 'NotoSansDisplay Nerd Font' (Noto Sans Display SemiCondensed Bold Italic Nerd Font Complete.ttf) italic normal 700 condensed>) = 11.535
DEBUG:matplotlib.font_manager:findfont: score(<Font 'SauceCodePro Nerd Font' (Sauce Code Pro Light Nerd Font Complete.ttf) normal normal light normal>) = 10.24
DEBUG:matplotlib.font_manager:findfont: score(<Font 'NotoSerif Nerd Font' (Noto Serif SemiCondensed Nerd Font Complete.ttf) normal normal 400 condensed>) = 10.25
DEBUG:matplotlib.font_manager:findfont: score(<Font 'Iosevka' (Iosevka Light Oblique Nerd Font Complete.ttf) oblique normal light normal>) = 11.24
DEBUG:matplotlib.font_manager:findfont: score(<Font 'Noto Sans Old Turkic' (NotoSansOldTurkic-Regular.ttf) normal normal regular normal>) = 10.05
DEBUG:matplotlib.font_manager:findfont: score(<Font 'Iosevka' (Iosevka Thin Italic Nerd Font Complete Mono.ttf) italic normal 400 normal>) = 11.05
DEBUG:matplotlib.font_manager:findfont: score(<Font 'GoMono Nerd Font Mono' (Go Mono Bold Italic Nerd Font Complete Mono.ttf) italic normal 700 normal>) = 11.335
DEBUG:matplotlib.font_manager:findfont: score(<Font 'Noto Serif Khmer' (NotoSerifKhmer-Regular.ttf) normal normal regular normal>) = 10.05
DEBUG:matplotlib.font_manager:findfont: score(<Font 'NotoSansMono Nerd Font Mono' (Noto Sans Mono ExtraCondensed ExtraBold Nerd Font Complete Mono.ttf) normal normal bold condensed>) = 10.535
DEBUG:matplotlib.font_manager:findfont: score(<Font 'NotoSansMono Nerd Font Mono' (Noto Sans Mono SemiCondensed Black Nerd Font Complete Mono.ttf) normal normal black condensed>) = 10.725
DEBUG:matplotlib.font_manager:findfont: score(<Font 'OpenDyslexic Nerd Font' (OpenDyslexic Regular Nerd Font Complete.otf) normal normal 400 normal>) = 10.05
DEBUG:matplotlib.font_manager:findfont: score(<Font 'MesloLGM Nerd Font Mono' (Meslo LG M Regular Nerd Font Complete Mono.otf) normal normal regular normal>) = 10.05
DEBUG:matplotlib.font_manager:findfont: score(<Font 'Noto Sans Tibetan' (NotoSansTibetan-Regular.ttf) normal normal 400 normal>) = 10.05
DEBUG:matplotlib.font_manager:findfont: score(<Font 'NotoSans Nerd Font Mono' (Noto Sans SemiCondensed Medium Italic Nerd Font Complete Mono.ttf) italic normal medium condensed>) = 11.344999999999999
DEBUG:matplotlib.font_manager:findfont: score(<Font 'Noto Serif Display' (NotoSerifDisplay-ThinItalic.ttf) italic normal 400 normal>) = 11.05
DEBUG:matplotlib.font_manager:findfont: score(<Font 'NotoSerifDisplay Nerd Font Mono' (Noto Serif Display Condensed Light Nerd Font Complete Mono.ttf) normal normal light condensed>) = 10.44
DEBUG:matplotlib.font_manager:findfont: score(<Font 'SpaceMono Nerd Font' (Space Mono Italic Nerd Font Complete.ttf) italic normal 400 normal>) = 11.05
DEBUG:matplotlib.font_manager:findfont: score(<Font 'mplus Nerd Font' (M+ 2c Nerd Font Complete.ttf) normal normal 400 normal>) = 10.05
DEBUG:matplotlib.font_manager:findfont: score(<Font 'NotoSerifDisplay Nerd Font Mono' (Noto Serif Display Condensed Bold Nerd Font Complete Mono.ttf) normal normal 700 condensed>) = 10.535
DEBUG:matplotlib.font_manager:findfont: score(<Font 'Noto Sans Malayalam UI' (NotoSansMalayalamUI-Thin.ttf) normal normal 400 normal>) = 10.05
DEBUG:matplotlib.font_manager:findfont: score(<Font 'Noto Sans Ethiopic' (NotoSansEthiopic-Regular.ttf) normal normal regular normal>) = 10.05
DEBUG:matplotlib.font_manager:findfont: score(<Font 'NotoSerif Nerd Font Mono' (Noto Serif ExtraCondensed Nerd Font Complete Mono.ttf) normal normal 400 condensed>) = 10.25
DEBUG:matplotlib.font_manager:findfont: score(<Font 'NotoSans Nerd Font' (Noto Sans Condensed Light Nerd Font Complete.ttf) normal normal light condensed>) = 10.44
DEBUG:matplotlib.font_manager:findfont: score(<Font 'NotoSansMono Nerd Font Mono' (Noto Sans Mono SemiCondensed SemiBold Nerd Font Complete Mono.ttf) normal normal semibold condensed>) = 10.44
DEBUG:matplotlib.font_manager:findfont: score(<Font 'NotoSans Nerd Font' (Noto Sans Medium Nerd Font Complete.ttf) normal normal medium normal>) = 10.145
DEBUG:matplotlib.font_manager:findfont: score(<Font 'Hasklug Nerd Font' (Hasklug Nerd Font Complete.otf) normal normal 400 normal>) = 10.05
DEBUG:matplotlib.font_manager:findfont: score(<Font 'Noto Sans Devanagari' (NotoSansDevanagari-Black.ttf) normal normal black normal>) = 10.525
DEBUG:matplotlib.font_manager:findfont: score(<Font 'MesloLGLDZ Nerd Font Mono' (Meslo LG L DZ Regular Nerd Font Complete Mono.otf) normal normal regular normal>) = 10.05
DEBUG:matplotlib.font_manager:findfont: score(<Font 'Liberation Mono' (LiberationMono-BoldItalic.ttf) italic normal 700 normal>) = 11.335
DEBUG:matplotlib.font_manager:findfont: score(<Font 'Noto Sans Arabic' (NotoSansArabic-Black.ttf) normal normal black normal>) = 10.525
DEBUG:matplotlib.font_manager:findfont: score(<Font 'Noto Sans Georgian' (NotoSansGeorgian-Regular.ttf) normal normal regular normal>) = 10.05
DEBUG:matplotlib.font_manager:findfont: score(<Font 'SpaceMono Nerd Font Mono' (Space Mono Bold Italic Nerd Font Complete Mono.ttf) italic normal 700 normal>) = 11.335
DEBUG:matplotlib.font_manager:findfont: score(<Font 'NotoSans Nerd Font' (Noto Sans ExtraCondensed ExtraLight Italic Nerd Font Complete.ttf) italic normal light condensed>) = 11.44
DEBUG:matplotlib.font_manager:findfont: score(<Font 'NotoSerifDisplay Nerd Font Mono' (Noto Serif Display Medium Italic Nerd Font Complete Mono.ttf) italic normal medium normal>) = 11.145
DEBUG:matplotlib.font_manager:findfont: score(<Font 'Noto Sans Old Persian' (NotoSansOldPersian-Regular.ttf) normal normal regular normal>) = 10.05
DEBUG:matplotlib.font_manager:findfont: score(<Font 'NotoSansMono Nerd Font' (Noto Sans Mono Medium Nerd Font Complete.ttf) normal normal medium normal>) = 10.145
DEBUG:matplotlib.font_manager:findfont: score(<Font 'Noto Sans Arabic' (NotoSansArabic-Medium.ttf) normal normal medium normal>) = 10.145
DEBUG:matplotlib.font_manager:findfont: score(<Font 'NotoSans Nerd Font' (Noto Sans ExtraCondensed Bold Nerd Font Complete.ttf) normal normal 700 condensed>) = 10.535
DEBUG:matplotlib.font_manager:findfont: score(<Font 'FantasqueSansMono Nerd Font Mono' (Fantasque Sans Mono Regular Nerd Font Complete Mono.ttf) normal normal regular normal>) = 10.05
DEBUG:matplotlib.font_manager:findfont: score(<Font 'Monoid Nerd Font' (Monoid Italic Nerd Font Complete.ttf) italic normal 400 normal>) = 11.05
DEBUG:matplotlib.font_manager:findfont: score(<Font 'OpenDyslexicMono Nerd Font' (OpenDyslexicMono Regular Nerd Font Complete.otf) normal normal 400 normal>) = 10.05
DEBUG:matplotlib.font_manager:findfont: score(<Font 'NotoSansDisplay Nerd Font Mono' (Noto Sans Display ExtraCondensed ExtraLight Italic Nerd Font Complete Mono.ttf) italic normal light condensed>) = 11.44
DEBUG:matplotlib.font_manager:findfont: score(<Font 'NotoSansDisplay Nerd Font' (Noto Sans Display ExtraBold Nerd Font Complete.ttf) normal normal bold normal>) = 10.335
DEBUG:matplotlib.font_manager:findfont: score(<Font 'Hasklug Nerd Font Mono' (Hasklug Semibold Italic Nerd Font Complete Mono.otf) italic normal semibold normal>) = 11.24
DEBUG:matplotlib.font_manager:findfont: score(<Font 'Noto Sans Thai UI' (NotoSansThaiUI-Thin.ttf) normal normal 400 normal>) = 10.05
DEBUG:matplotlib.font_manager:findfont: score(<Font 'Hasklug Nerd Font Mono' (Hasklug Italic Nerd Font Complete Mono.otf) italic normal 400 normal>) = 11.05
DEBUG:matplotlib.font_manager:findfont: score(<Font 'LiterationMono Nerd Font' (Literation Mono Nerd Font Complete.ttf) normal normal 400 normal>) = 10.05
DEBUG:matplotlib.font_manager:findfont: score(<Font 'NotoSerifDisplay Nerd Font Mono' (Noto Serif Display ExtraCondensed Medium Nerd Font Complete Mono.ttf) normal normal medium condensed>) = 10.344999999999999
DEBUG:matplotlib.font_manager:findfont: score(<Font 'NotoSerifDisplay Nerd Font Mono' (Noto Serif Display Condensed Bold Nerd Font Complete Mono.ttf) normal normal 700 condensed>) = 10.535
DEBUG:matplotlib.font_manager:findfont: score(<Font 'NotoSansMono Nerd Font' (Noto Sans Mono ExtraCondensed Nerd Font Complete.ttf) normal normal 400 condensed>) = 10.25
DEBUG:matplotlib.font_manager:findfont: score(<Font 'NotoSansDisplay Nerd Font' (Noto Sans Display ExtraCondensed Bold Nerd Font Complete.ttf) normal normal 700 condensed>) = 10.535
DEBUG:matplotlib.font_manager:findfont: score(<Font 'Noto Serif Display' (NotoSerifDisplay-BoldItalic.ttf) italic normal 700 normal>) = 11.335
DEBUG:matplotlib.font_manager:findfont: score(<Font 'Noto Sans Myanmar UI' (NotoSansMyanmarUI-Black.ttf) normal normal black normal>) = 10.525
DEBUG:matplotlib.font_manager:findfont: score(<Font 'Noto Sans Arabic UI' (NotoSansArabicUI-Black.ttf) normal normal black normal>) = 10.525
DEBUG:matplotlib.font_manager:findfont: score(<Font 'Iosevka' (Iosevka Heavy Nerd Font Complete.ttf) normal normal 700 normal>) = 10.335
DEBUG:matplotlib.font_manager:findfont: score(<Font 'Hasklug Nerd Font Mono' (Hasklug Black Nerd Font Complete Mono.otf) normal normal black normal>) = 10.525
DEBUG:matplotlib.font_manager:findfont: score(<Font 'Overpass Nerd Font' (Overpass Bold Nerd Font Complete.otf) normal normal 700 normal>) = 10.335
DEBUG:matplotlib.font_manager:findfont: score(<Font 'NotoSansDisplay Nerd Font Mono' (Noto Sans Display ExtraCondensed SemiBold Italic Nerd Font Complete Mono.ttf) italic normal semibold condensed>) = 11.44
DEBUG:matplotlib.font_manager:findfont: score(<Font 'NotoSerif Nerd Font' (Noto Serif ExtraCondensed Medium Nerd Font Complete.ttf) normal normal medium condensed>) = 10.344999999999999
DEBUG:matplotlib.font_manager:findfont: score(<Font 'Nimbus Sans Narrow' (NimbusSansNarrow-Regular.otf) normal normal 400 condensed>) = 10.25
DEBUG:matplotlib.font_manager:findfont: score(<Font 'NotoSansMono Nerd Font' (Noto Sans Mono ExtraCondensed Bold Nerd Font Complete.ttf) normal normal 700 condensed>) = 10.535
DEBUG:matplotlib.font_manager:findfont: score(<Font 'NotoSerifDisplay Nerd Font Mono' (Noto Serif Display ExtraLight Italic Nerd Font Complete Mono.ttf) italic normal light normal>) = 11.24
DEBUG:matplotlib.font_manager:findfont: score(<Font 'Hasklug Nerd Font' (Hasklug Black Italic Nerd Font Complete.otf) italic normal black normal>) = 11.525
DEBUG:matplotlib.font_manager:findfont: score(<Font 'NotoSerif Nerd Font' (Noto Serif ExtraCondensed Thin Nerd Font Complete.ttf) normal normal 400 condensed>) = 10.25
DEBUG:matplotlib.font_manager:findfont: score(<Font 'D050000L' (D050000L.otf) normal normal 400 normal>) = 10.05
DEBUG:matplotlib.font_manager:findfont: score(<Font 'DejaVu Serif' (DejaVuSerifCondensed-BoldItalic.ttf) italic normal 700 condensed>) = 11.535
DEBUG:matplotlib.font_manager:findfont: score(<Font 'NotoSerifDisplay Nerd Font Mono' (Noto Serif Display ExtraCondensed Bold Nerd Font Complete Mono.ttf) normal normal 700 condensed>) = 10.535
DEBUG:matplotlib.font_manager:findfont: score(<Font 'OverpassMono Nerd Font Mono' (Overpass Mono Light Nerd Font Complete Mono.otf) normal normal light normal>) = 10.24
DEBUG:matplotlib.font_manager:findfont: score(<Font 'NotoSerifDisplay Nerd Font Mono' (Noto Serif Display SemiCondensed ExtraLight Nerd Font Complete Mono.ttf) normal normal light condensed>) = 10.44
DEBUG:matplotlib.font_manager:findfont: score(<Font 'Noto Serif Bengali' (NotoSerifBengali-Bold.ttf) normal normal 700 normal>) = 10.335
DEBUG:matplotlib.font_manager:findfont: score(<Font 'NotoSans Nerd Font' (Noto Sans Condensed SemiBold Nerd Font Complete.ttf) normal normal semibold condensed>) = 10.44
DEBUG:matplotlib.font_manager:findfont: score(<Font 'NotoSansMono Nerd Font' (Noto Sans Mono Condensed ExtraLight Nerd Font Complete.ttf) normal normal light condensed>) = 10.44
DEBUG:matplotlib.font_manager:findfont: score(<Font 'Overpass Nerd Font Mono' (Overpass Bold Nerd Font Complete Mono.otf) normal normal 700 normal>) = 10.335
DEBUG:matplotlib.font_manager:findfont: score(<Font 'NotoSerifDisplay Nerd Font Mono' (Noto Serif Display SemiCondensed Light Italic Nerd Font Complete Mono.ttf) italic normal light condensed>) = 11.44
DEBUG:matplotlib.font_manager:findfont: score(<Font 'NotoSerifDisplay Nerd Font Mono' (Noto Serif Display Condensed Italic Nerd Font Complete Mono.ttf) italic normal 400 condensed>) = 11.25
DEBUG:matplotlib.font_manager:findfont: score(<Font 'NotoSerifDisplay Nerd Font Mono' (Noto Serif Display Condensed SemiBold Nerd Font Complete Mono.ttf) normal normal semibold condensed>) = 10.44
DEBUG:matplotlib.font_manager:findfont: score(<Font 'Iosevka' (Iosevka Thin Italic Nerd Font Complete Mono.ttf) italic normal 400 normal>) = 11.05
DEBUG:matplotlib.font_manager:findfont: score(<Font 'NotoSerifDisplay Nerd Font Mono' (Noto Serif Display Black Nerd Font Complete Mono.ttf) normal normal black normal>) = 10.525
DEBUG:matplotlib.font_manager:findfont: score(<Font 'BlexMono Nerd Font' (Blex Mono Text Italic Nerd Font Complete.ttf) italic normal 400 normal>) = 11.05
DEBUG:matplotlib.font_manager:findfont: score(<Font 'Noto Sans Bengali' (NotoSansBengali-Thin.ttf) normal normal 400 normal>) = 10.05
DEBUG:matplotlib.font_manager:findfont: score(<Font 'NotoSerifDisplay Nerd Font Mono' (Noto Serif Display Condensed Medium Nerd Font Complete Mono.ttf) normal normal medium condensed>) = 10.344999999999999
DEBUG:matplotlib.font_manager:findfont: score(<Font 'Noto Serif Thai' (NotoSerifThai-Thin.ttf) normal normal 400 normal>) = 10.05
DEBUG:matplotlib.font_manager:findfont: score(<Font 'Noto Sans Phoenician' (NotoSansPhoenician-Regular.ttf) normal normal regular normal>) = 10.05
DEBUG:matplotlib.font_manager:findfont: score(<Font 'NotoSerif Nerd Font' (Noto Serif Bold Italic Nerd Font Complete.ttf) italic normal 700 normal>) = 11.335
DEBUG:matplotlib.font_manager:findfont: score(<Font 'NotoSerif Nerd Font Mono' (Noto Serif ExtraLight Italic Nerd Font Complete Mono.ttf) italic normal light normal>) = 11.24
DEBUG:matplotlib.font_manager:findfont: score(<Font 'Noto Sans Imperial Aramaic' (NotoSansImperialAramaic-Regular.ttf) normal normal regular normal>) = 10.05
DEBUG:matplotlib.font_manager:findfont: score(<Font 'SauceCodePro Nerd Font Mono' (Sauce Code Pro Medium Italic Nerd Font Complete Mono.ttf) italic normal medium normal>) = 11.145
DEBUG:matplotlib.font_manager:findfont: score(<Font 'Cantarell' (Cantarell-ExtraBold.otf) normal normal bold normal>) = 10.335
DEBUG:matplotlib.font_manager:findfont: score(<Font 'mplus Nerd Font' (M+ 1m thin Nerd Font Complete.ttf) normal normal 400 normal>) = 10.05
DEBUG:matplotlib.font_manager:findfont: score(<Font 'Lekton Nerd Font Mono' (Lekton-Italic Nerd Font Complete Mono.ttf) italic normal 400 normal>) = 11.05
DEBUG:matplotlib.font_manager:findfont: score(<Font 'NotoSerifDisplay Nerd Font' (Noto Serif Display Condensed Black Italic Nerd Font Complete.ttf) italic normal black condensed>) = 11.725
DEBUG:matplotlib.font_manager:findfont: score(<Font 'NotoSerifDisplay Nerd Font Mono' (Noto Serif Display ExtraCondensed SemiBold Nerd Font Complete Mono.ttf) normal normal semibold condensed>) = 10.44
DEBUG:matplotlib.font_manager:findfont: score(<Font 'Noto Serif' (NotoSerif-Thin.ttf) normal normal 400 normal>) = 10.05
DEBUG:matplotlib.font_manager:findfont: score(<Font 'Iosevka' (Iosevka Thin Italic Nerd Font Complete.ttf) italic normal 400 normal>) = 11.05
DEBUG:matplotlib.font_manager:findfont: score(<Font 'NotoSansMono Nerd Font Mono' (Noto Sans Mono Regular Nerd Font Complete Mono.ttf) normal normal regular normal>) = 10.05
DEBUG:matplotlib.font_manager:findfont: score(<Font 'Hack Nerd Font Mono' (Hack Bold Italic Nerd Font Complete Mono.ttf) italic normal 700 normal>) = 11.335
DEBUG:matplotlib.font_manager:findfont: score(<Font 'GoMono Nerd Font Mono' (Go Mono Bold Nerd Font Complete Mono.ttf) normal normal 700 normal>) = 10.335
DEBUG:matplotlib.font_manager:findfont: score(<Font 'Noto Serif Armenian' (NotoSerifArmenian-Light.ttf) normal normal light normal>) = 10.24
DEBUG:matplotlib.font_manager:findfont: score(<Font 'NotoSansDisplay Nerd Font' (Noto Sans Display Condensed Medium Nerd Font Complete.ttf) normal normal medium condensed>) = 10.344999999999999
DEBUG:matplotlib.font_manager:findfont: score(<Font 'Fira Code' (FiraCode-Retina.otf) normal normal 400 normal>) = 10.05
DEBUG:matplotlib.font_manager:findfont: score(<Font 'NotoSansDisplay Nerd Font Mono' (Noto Sans Display SemiCondensed Nerd Font Complete Mono.ttf) normal normal 400 condensed>) = 10.25
DEBUG:matplotlib.font_manager:findfont: score(<Font 'Noto Sans Cypriot' (NotoSansCypriot-Regular.ttf) normal normal regular normal>) = 10.05
DEBUG:matplotlib.font_manager:findfont: score(<Font 'Noto Sans Khmer' (NotoSansKhmer-Black.ttf) normal normal black normal>) = 10.525
DEBUG:matplotlib.font_manager:findfont: score(<Font 'Liberation Sans' (LiberationSans-BoldItalic.ttf) italic normal 700 normal>) = 11.335
DEBUG:matplotlib.font_manager:findfont: score(<Font 'BlexMono Nerd Font' (Blex Mono Text Italic Nerd Font Complete.ttf) italic normal 400 normal>) = 11.05
DEBUG:matplotlib.font_manager:findfont: score(<Font 'mplus Nerd Font' (M+ 1mn bold Nerd Font Complete.ttf) normal normal 700 normal>) = 10.335
DEBUG:matplotlib.font_manager:findfont: score(<Font 'Iosevka' (Iosevka Heavy Oblique Nerd Font Complete.ttf) oblique normal 700 normal>) = 11.335
DEBUG:matplotlib.font_manager:findfont: score(<Font 'Noto Sans Hebrew' (NotoSansHebrew-Black.ttf) normal normal black normal>) = 10.525
DEBUG:matplotlib.font_manager:findfont: score(<Font 'Noto Serif' (NotoSerif-Light.ttf) normal normal light normal>) = 10.24
DEBUG:matplotlib.font_manager:findfont: score(<Font 'Noto Serif Thai' (NotoSerifThai-Bold.ttf) normal normal 700 normal>) = 10.335
DEBUG:matplotlib.font_manager:findfont: score(<Font 'NotoSans Nerd Font' (Noto Sans Condensed Bold Italic Nerd Font Complete.ttf) italic normal 700 condensed>) = 11.535
DEBUG:matplotlib.font_manager:findfont: score(<Font 'Noto Sans Hanunoo' (NotoSansHanunoo-Regular.ttf) normal normal regular normal>) = 10.05
DEBUG:matplotlib.font_manager:findfont: score(<Font 'Tinos Nerd Font' (Tinos Nerd Font Complete.ttf) normal normal 400 normal>) = 10.05
DEBUG:matplotlib.font_manager:findfont: score(<Font 'mplus Nerd Font' (M+ 1p thin Nerd Font Complete.ttf) normal normal 400 normal>) = 10.05
DEBUG:matplotlib.font_manager:findfont: score(<Font 'NotoSerif Nerd Font Mono' (Noto Serif ExtraCondensed Thin Italic Nerd Font Complete Mono.ttf) italic normal 400 condensed>) = 11.25
DEBUG:matplotlib.font_manager:findfont: score(<Font 'Hasklug Nerd Font' (Hasklug Light Italic Nerd Font Complete.otf) italic normal light normal>) = 11.24
DEBUG:matplotlib.font_manager:findfont: score(<Font 'Noto Sans' (NotoSans-Regular.ttf) normal normal regular normal>) = 10.05
DEBUG:matplotlib.font_manager:findfont: score(<Font 'Noto Sans Devanagari UI' (NotoSansDevanagariUI-Thin.ttf) normal normal 400 normal>) = 10.05
DEBUG:matplotlib.font_manager:findfont: score(<Font 'NotoSans Nerd Font' (Noto Sans Condensed ExtraBold Italic Nerd Font Complete.ttf) italic normal bold condensed>) = 11.535
DEBUG:matplotlib.font_manager:findfont: score(<Font 'OpenDyslexicAlta Nerd Font' (OpenDyslexicAlta Regular Nerd Font Complete.otf) normal normal 400 normal>) = 10.05
DEBUG:matplotlib.font_manager:findfont: score(<Font 'Liberation Sans' (LiberationSans-Regular.ttf) normal normal 400 normal>) = 10.05
DEBUG:matplotlib.font_manager:findfont: score(<Font 'NotoSerif Nerd Font' (Noto Serif Condensed Medium Nerd Font Complete.ttf) normal normal medium condensed>) = 10.344999999999999
DEBUG:matplotlib.font_manager:findfont: score(<Font 'NotoSansMono Nerd Font Mono' (Noto Sans Mono SemiCondensed Medium Nerd Font Complete Mono.ttf) normal normal medium condensed>) = 10.344999999999999
DEBUG:matplotlib.font_manager:findfont: score(<Font 'Iosevka' (Iosevka Medium Oblique Nerd Font Complete Mono.ttf) oblique normal medium normal>) = 11.145
DEBUG:matplotlib.font_manager:findfont: score(<Font 'NotoSans Nerd Font' (Noto Sans Light Nerd Font Complete.ttf) normal normal light normal>) = 10.24
DEBUG:matplotlib.font_manager:findfont: score(<Font 'Lekton Nerd Font' (Lekton-Bold Nerd Font Complete.ttf) normal normal 700 normal>) = 10.335
DEBUG:matplotlib.font_manager:findfont: score(<Font 'NotoSansDisplay Nerd Font Mono' (Noto Sans Display ExtraCondensed Black Nerd Font Complete Mono.ttf) normal normal black condensed>) = 10.725
DEBUG:matplotlib.font_manager:findfont: score(<Font 'mplus Nerd Font' (M+ 1m light Nerd Font Complete.ttf) normal normal light normal>) = 10.24
DEBUG:matplotlib.font_manager:findfont: score(<Font 'NotoSans Nerd Font' (Noto Sans SemiCondensed Black Italic Nerd Font Complete.ttf) italic normal black condensed>) = 11.725
DEBUG:matplotlib.font_manager:findfont: score(<Font 'NotoSerif Nerd Font' (Noto Serif SemiCondensed SemiBold Nerd Font Complete.ttf) normal normal semibold condensed>) = 10.44
DEBUG:matplotlib.font_manager:findfont: score(<Font 'Fira Mono' (FiraMono-Bold.otf) normal normal 700 normal>) = 10.335
DEBUG:matplotlib.font_manager:findfont: score(<Font 'NotoSerif Nerd Font' (Noto Serif Bold Nerd Font Complete.ttf) normal normal 700 normal>) = 10.335
DEBUG:matplotlib.font_manager:findfont: score(<Font 'OpenDyslexicAlta Nerd Font' (OpenDyslexicAlta Regular Nerd Font Complete.otf) normal normal 400 normal>) = 10.05
DEBUG:matplotlib.font_manager:findfont: score(<Font 'GoMono Nerd Font' (Go Mono Bold Italic Nerd Font Complete.ttf) italic normal 700 normal>) = 11.335
DEBUG:matplotlib.font_manager:findfont: score(<Font 'mplus Nerd Font Mono' (M+ 1c black Nerd Font Complete Mono.ttf) normal normal 700 normal>) = 10.335
DEBUG:matplotlib.font_manager:findfont: score(<Font 'Noto Sans Bengali UI' (NotoSansBengaliUI-Light.ttf) normal normal light normal>) = 10.24
DEBUG:matplotlib.font_manager:findfont: score(<Font 'Iosevka Term' (Iosevka Term Thin Oblique Nerd Font Complete Mono.ttf) oblique normal 400 normal>) = 11.05
DEBUG:matplotlib.font_manager:findfont: score(<Font 'NotoSerifDisplay Nerd Font' (Noto Serif Display Condensed Bold Nerd Font Complete.ttf) normal normal 700 condensed>) = 10.535
DEBUG:matplotlib.font_manager:findfont: score(<Font 'NotoSerifDisplay Nerd Font Mono' (Noto Serif Display Condensed ExtraLight Italic Nerd Font Complete Mono.ttf) italic normal light condensed>) = 11.44
DEBUG:matplotlib.font_manager:findfont: score(<Font 'Liberation Mono' (LiberationMono-Regular.ttf) normal normal 400 normal>) = 10.05
DEBUG:matplotlib.font_manager:findfont: score(<Font 'Estrangelo TurAbdin' (SyrCOMTurAbdin.otf) normal normal 400 normal>) = 10.05
DEBUG:matplotlib.font_manager:findfont: score(<Font 'Noto Sans Telugu' (NotoSansTelugu-Regular.ttf) normal normal regular normal>) = 10.05
DEBUG:matplotlib.font_manager:findfont: score(<Font 'NotoSerif Nerd Font Mono' (Noto Serif SemiCondensed SemiBold Nerd Font Complete Mono.ttf) normal normal semibold condensed>) = 10.44
DEBUG:matplotlib.font_manager:findfont: score(<Font 'Monofuritalic Nerd Font Mono' (monofur italic Nerd Font Complete Mono.ttf) italic normal 400 normal>) = 11.05
DEBUG:matplotlib.font_manager:findfont: score(<Font 'FuraMono Nerd Font' (Fura Mono Regular Nerd Font Complete.otf) normal normal 400 normal>) = 10.05
DEBUG:matplotlib.font_manager:findfont: score(<Font 'RobotoMono Nerd Font Mono' (Roboto Mono Nerd Font Complete Mono.ttf) normal normal 400 normal>) = 10.05
DEBUG:matplotlib.font_manager:findfont: score(<Font 'Source Code Pro' (SourceCodePro-Black.otf) normal normal black normal>) = 10.525
DEBUG:matplotlib.font_manager:findfont: score(<Font 'BlexMono Nerd Font' (Blex Mono Bold Italic Nerd Font Complete.ttf) italic normal 700 normal>) = 11.335
DEBUG:matplotlib.font_manager:findfont: score(<Font 'Noto Serif Ethiopic' (NotoSerifEthiopic-Thin.ttf) normal normal 400 normal>) = 10.05
DEBUG:matplotlib.font_manager:findfont: score(<Font 'NotoSerif Nerd Font' (Noto Serif ExtraCondensed Medium Nerd Font Complete.ttf) normal normal medium condensed>) = 10.344999999999999
DEBUG:matplotlib.font_manager:findfont: score(<Font 'SauceCodePro Nerd Font Mono' (Sauce Code Pro Semibold Italic Nerd Font Complete Mono.ttf) italic normal semibold normal>) = 11.24
DEBUG:matplotlib.font_manager:findfont: score(<Font 'GoMono Nerd Font' (Go Mono Bold Nerd Font Complete.ttf) normal normal 700 normal>) = 10.335
DEBUG:matplotlib.font_manager:findfont: score(<Font 'Noto Serif' (NotoSerif-Italic.ttf) italic normal 400 normal>) = 11.05
DEBUG:matplotlib.font_manager:findfont: score(<Font 'UbuntuMono Nerd Font Mono' (Ubuntu Mono Bold Italic Nerd Font Complete Mono.ttf) italic normal 700 normal>) = 11.335
DEBUG:matplotlib.font_manager:findfont: score(<Font 'NotoSerif Nerd Font' (Noto Serif Condensed Light Nerd Font Complete.ttf) normal normal light condensed>) = 10.44
DEBUG:matplotlib.font_manager:findfont: score(<Font 'NotoSerif Nerd Font' (Noto Serif Condensed Black Italic Nerd Font Complete.ttf) italic normal black condensed>) = 11.725
DEBUG:matplotlib.font_manager:findfont: score(<Font 'Noto Sans Modi' (NotoSansModi-Regular.ttf) normal normal regular normal>) = 10.05
DEBUG:matplotlib.font_manager:findfont: score(<Font 'DejaVu Serif' (DejaVuSerif-BoldItalic.ttf) italic normal 700 normal>) = 11.335
DEBUG:matplotlib.font_manager:findfont: score(<Font 'Monoid Nerd Font' (Monoid Italic Nerd Font Complete.ttf) italic normal 400 normal>) = 11.05
DEBUG:matplotlib.font_manager:findfont: score(<Font 'NotoSerifDisplay Nerd Font Mono' (Noto Serif Display ExtraCondensed Bold Italic Nerd Font Complete Mono.ttf) italic normal 700 condensed>) = 11.535
DEBUG:matplotlib.font_manager:findfont: score(<Font 'UbuntuMono Nerd Font' (Ubuntu Mono Nerd Font Complete.ttf) normal normal 400 normal>) = 10.05
DEBUG:matplotlib.font_manager:findfont: score(<Font 'NotoSerif Nerd Font' (Noto Serif SemiCondensed Thin Nerd Font Complete.ttf) normal normal 400 condensed>) = 10.25
DEBUG:matplotlib.font_manager:findfont: score(<Font 'Iosevka' (Iosevka Medium Italic Nerd Font Complete.ttf) italic normal medium normal>) = 11.145
DEBUG:matplotlib.font_manager:findfont: score(<Font 'NotoSerif Nerd Font Mono' (Noto Serif Black Italic Nerd Font Complete Mono.ttf) italic normal black normal>) = 11.525
DEBUG:matplotlib.font_manager:findfont: score(<Font 'Iosevka' (Iosevka Light Oblique Nerd Font Complete Mono.ttf) oblique normal light normal>) = 11.24
DEBUG:matplotlib.font_manager:findfont: score(<Font 'NotoSans Nerd Font' (Noto Sans Condensed ExtraBold Nerd Font Complete.ttf) normal normal bold condensed>) = 10.535
DEBUG:matplotlib.font_manager:findfont: score(<Font 'Noto Sans Gurmukhi UI' (NotoSansGurmukhiUI-Bold.ttf) normal normal 700 normal>) = 10.335
DEBUG:matplotlib.font_manager:findfont: score(<Font 'NotoSansDisplay Nerd Font Mono' (Noto Sans Display Thin Nerd Font Complete Mono.ttf) normal normal 400 normal>) = 10.05
DEBUG:matplotlib.font_manager:findfont: score(<Font 'Fira Mono' (FiraMono-Medium.ttf) normal normal medium normal>) = 10.145
DEBUG:matplotlib.font_manager:findfont: score(<Font 'DroidSansMono Nerd Font' (Droid Sans Mono Nerd Font Complete.otf) normal normal 400 normal>) = 10.05
DEBUG:matplotlib.font_manager:findfont: score(<Font 'NotoSansDisplay Nerd Font' (Noto Sans Display SemiCondensed Thin Italic Nerd Font Complete.ttf) italic normal 400 condensed>) = 11.25
DEBUG:matplotlib.font_manager:findfont: score(<Font 'Iosevka' (Iosevka Light Italic Nerd Font Complete Mono.ttf) italic normal light normal>) = 11.24
DEBUG:matplotlib.font_manager:findfont: score(<Font 'OverpassMono Nerd Font' (Overpass Mono Regular Nerd Font Complete.otf) normal normal regular normal>) = 10.05
DEBUG:matplotlib.font_manager:findfont: score(<Font 'NotoSerif Nerd Font Mono' (Noto Serif Italic Nerd Font Complete Mono.ttf) italic normal 400 normal>) = 11.05
DEBUG:matplotlib.font_manager:findfont: score(<Font 'Noto Serif Gujarati' (NotoSerifGujarati-Medium.ttf) normal normal medium normal>) = 10.145
DEBUG:matplotlib.font_manager:findfont: score(<Font 'NotoSerif Nerd Font Mono' (Noto Serif ExtraCondensed Medium Italic Nerd Font Complete Mono.ttf) italic normal medium condensed>) = 11.344999999999999
DEBUG:matplotlib.font_manager:findfont: score(<Font 'NotoSans Nerd Font Mono' (Noto Sans SemiBold Nerd Font Complete Mono.ttf) normal normal semibold normal>) = 10.24
DEBUG:matplotlib.font_manager:findfont: score(<Font 'NotoSans Nerd Font' (Noto Sans SemiCondensed Thin Italic Nerd Font Complete.ttf) italic normal 400 condensed>) = 11.25
DEBUG:matplotlib.font_manager:findfont: score(<Font 'NotoSans Nerd Font Mono' (Noto Sans ExtraCondensed Italic Nerd Font Complete Mono.ttf) italic normal 400 condensed>) = 11.25
DEBUG:matplotlib.font_manager:findfont: score(<Font 'Noto Sans Syriac' (NotoSansSyriac-Thin.ttf) normal normal 400 normal>) = 10.05
DEBUG:matplotlib.font_manager:findfont: score(<Font 'DejaVuSansMono Nerd Font' (DejaVu Sans Mono Bold Oblique Nerd Font Complete.ttf) oblique normal 700 normal>) = 11.335
DEBUG:matplotlib.font_manager:findfont: score(<Font 'NotoSerifDisplay Nerd Font Mono' (Noto Serif Display ExtraCondensed Black Nerd Font Complete Mono.ttf) normal normal black condensed>) = 10.725
DEBUG:matplotlib.font_manager:findfont: score(<Font 'NotoSerifDisplay Nerd Font' (Noto Serif Display ExtraCondensed SemiBold Italic Nerd Font Complete.ttf) italic normal semibold condensed>) = 11.44
DEBUG:matplotlib.font_manager:findfont: score(<Font 'NotoSans Nerd Font' (Noto Sans SemiCondensed Medium Italic Nerd Font Complete.ttf) italic normal medium condensed>) = 11.344999999999999
DEBUG:matplotlib.font_manager:findfont: score(<Font 'East Syriac Ctesiphon' (SyrCOMCtesiphon.otf) normal normal 400 normal>) = 10.05
DEBUG:matplotlib.font_manager:findfont: score(<Font 'Iosevka' (Iosevka Heavy Oblique Nerd Font Complete.ttf) oblique normal 700 normal>) = 11.335
DEBUG:matplotlib.font_manager:findfont: score(<Font 'NotoSerifDisplay Nerd Font' (Noto Serif Display Condensed Bold Italic Nerd Font Complete.ttf) italic normal 700 condensed>) = 11.535
DEBUG:matplotlib.font_manager:findfont: score(<Font 'SpaceMono Nerd Font' (Space Mono Italic Nerd Font Complete.ttf) italic normal 400 normal>) = 11.05
DEBUG:matplotlib.font_manager:findfont: score(<Font 'NotoSerifDisplay Nerd Font Mono' (Noto Serif Display Bold Nerd Font Complete Mono.ttf) normal normal 700 normal>) = 10.335
DEBUG:matplotlib.font_manager:findfont: score(<Font 'NotoSerif Nerd Font Mono' (Noto Serif SemiCondensed ExtraLight Italic Nerd Font Complete Mono.ttf) italic normal light condensed>) = 11.44
DEBUG:matplotlib.font_manager:findfont: score(<Font 'SauceCodePro Nerd Font' (Sauce Code Pro Black Nerd Font Complete.ttf) normal normal black normal>) = 10.525
DEBUG:matplotlib.font_manager:findfont: score(<Font 'DejaVu Sans Mono' (DejaVuSansMono-BoldOblique.ttf) oblique normal 700 normal>) = 11.335
DEBUG:matplotlib.font_manager:findfont: score(<Font 'NotoSansDisplay Nerd Font Mono' (Noto Sans Display Condensed Medium Nerd Font Complete Mono.ttf) normal normal medium condensed>) = 10.344999999999999
DEBUG:matplotlib.font_manager:findfont: score(<Font 'NotoSansDisplay Nerd Font' (Noto Sans Display Thin Nerd Font Complete.ttf) normal normal 400 normal>) = 10.05
DEBUG:matplotlib.font_manager:findfont: score(<Font 'NotoSansDisplay Nerd Font' (Noto Sans Display ExtraCondensed ExtraBold Nerd Font Complete.ttf) normal normal bold condensed>) = 10.535
DEBUG:matplotlib.font_manager:findfont: score(<Font 'Noto Sans Limbu' (NotoSansLimbu-Regular.ttf) normal normal regular normal>) = 10.05
DEBUG:matplotlib.font_manager:findfont: score(<Font 'Estrangelo Edessa' (SyrCOMEdessa.otf) normal normal 400 normal>) = 10.05
DEBUG:matplotlib.font_manager:findfont: score(<Font 'NotoSerifDisplay Nerd Font' (Noto Serif Display Condensed Medium Italic Nerd Font Complete.ttf) italic normal medium condensed>) = 11.344999999999999
DEBUG:matplotlib.font_manager:findfont: score(<Font 'MesloLGS Nerd Font Mono' (Meslo LG S Regular Nerd Font Complete Mono.otf) normal normal regular normal>) = 10.05
DEBUG:matplotlib.font_manager:findfont: score(<Font 'NotoSans Nerd Font' (Noto Sans Condensed ExtraLight Italic Nerd Font Complete.ttf) italic normal light condensed>) = 11.44
DEBUG:matplotlib.font_manager:findfont: score(<Font 'BlexMono Nerd Font Mono' (Blex Mono Medium Nerd Font Complete Mono.ttf) normal normal medium normal>) = 10.145
DEBUG:matplotlib.font_manager:findfont: score(<Font 'NotoSansDisplay Nerd Font' (Noto Sans Display SemiBold Nerd Font Complete.ttf) normal normal semibold normal>) = 10.24
DEBUG:matplotlib.font_manager:findfont: score(<Font 'NotoSans Nerd Font' (Noto Sans Condensed Light Italic Nerd Font Complete.ttf) italic normal light condensed>) = 11.44
DEBUG:matplotlib.font_manager:findfont: score(<Font 'mplus Nerd Font' (M+ 2m thin Nerd Font Complete.ttf) normal normal 400 normal>) = 10.05
DEBUG:matplotlib.font_manager:findfont: score(<Font 'Noto Serif Display' (NotoSerifDisplay-MediumItalic.ttf) italic normal medium normal>) = 11.145
DEBUG:matplotlib.font_manager:findfont: score(<Font 'Noto Sans Manichaean' (NotoSansManichaean-Regular.ttf) normal normal regular normal>) = 10.05
DEBUG:matplotlib.font_manager:findfont: score(<Font 'Noto Sans Ethiopic' (NotoSansEthiopic-Thin.ttf) normal normal 400 normal>) = 10.05
DEBUG:matplotlib.font_manager:findfont: score(<Font 'Noto Sans Lao' (NotoSansLao-Light.ttf) normal normal light normal>) = 10.24
DEBUG:matplotlib.font_manager:findfont: score(<Font 'Ubuntu Nerd Font' (Ubuntu Bold Italic Nerd Font Complete.ttf) italic normal 700 normal>) = 11.335
DEBUG:matplotlib.font_manager:findfont: score(<Font 'Noto Serif' (NotoSerif-MediumItalic.ttf) italic normal medium normal>) = 11.145
DEBUG:matplotlib.font_manager:findfont: score(<Font 'Iosevka' (Iosevka Light Italic Nerd Font Complete.ttf) italic normal light normal>) = 11.24
DEBUG:matplotlib.font_manager:findfont: score(<Font 'Source Code Pro' (SourceCodePro-Bold.otf) normal normal 700 normal>) = 10.335
DEBUG:matplotlib.font_manager:findfont: score(<Font 'Noto Sans Thai UI' (NotoSansThaiUI-Medium.ttf) normal normal medium normal>) = 10.145
DEBUG:matplotlib.font_manager:findfont: score(<Font 'Noto Serif Display' (NotoSerifDisplay-Thin.ttf) normal normal 400 normal>) = 10.05
DEBUG:matplotlib.font_manager:findfont: score(<Font 'NotoSerifDisplay Nerd Font Mono' (Noto Serif Display Condensed Black Italic Nerd Font Complete Mono.ttf) italic normal black condensed>) = 11.725
DEBUG:matplotlib.font_manager:findfont: score(<Font 'Noto Sans Myanmar' (NotoSansMyanmar-Black.ttf) normal normal black normal>) = 10.525
DEBUG:matplotlib.font_manager:findfont: score(<Font 'FuraCode Nerd Font Mono' (Fura Code Bold Nerd Font Complete Mono.otf) normal normal 700 normal>) = 10.335
DEBUG:matplotlib.font_manager:findfont: score(<Font 'Noto Serif Hebrew' (NotoSerifHebrew-Black.ttf) normal normal black normal>) = 10.525
DEBUG:matplotlib.font_manager:findfont: score(<Font 'NotoSerifDisplay Nerd Font Mono' (Noto Serif Display ExtraCondensed Black Nerd Font Complete Mono.ttf) normal normal black condensed>) = 10.725
DEBUG:matplotlib.font_manager:findfont: score(<Font 'NotoSerif Nerd Font' (Noto Serif ExtraCondensed ExtraLight Nerd Font Complete.ttf) normal normal light condensed>) = 10.44
DEBUG:matplotlib.font_manager:findfont: score(<Font 'NotoSans Nerd Font Mono' (Noto Sans Condensed ExtraBold Nerd Font Complete Mono.ttf) normal normal bold condensed>) = 10.535
DEBUG:matplotlib.font_manager:findfont: score(<Font 'NotoSansMono Nerd Font Mono' (Noto Sans Mono ExtraCondensed Black Nerd Font Complete Mono.ttf) normal normal black condensed>) = 10.725
DEBUG:matplotlib.font_manager:findfont: score(<Font 'NotoSans Nerd Font' (Noto Sans Condensed ExtraBold Italic Nerd Font Complete.ttf) italic normal bold condensed>) = 11.535
DEBUG:matplotlib.font_manager:findfont: score(<Font 'Arimo Nerd Font' (Arimo Bold Nerd Font Complete.ttf) normal normal 700 normal>) = 10.335
DEBUG:matplotlib.font_manager:findfont: score(<Font 'NotoSerifDisplay Nerd Font Mono' (Noto Serif Display SemiCondensed Italic Nerd Font Complete Mono.ttf) italic normal 400 condensed>) = 11.25
DEBUG:matplotlib.font_manager:findfont: score(<Font 'Noto Serif' (NotoSerif-BlackItalic.ttf) italic normal black normal>) = 11.525
DEBUG:matplotlib.font_manager:findfont: score(<Font 'Iosevka Term' (Iosevka Term Medium Italic Nerd Font Complete.ttf) italic normal medium normal>) = 11.145
DEBUG:matplotlib.font_manager:findfont: score(<Font 'Noto Sans Symbols2' (NotoSansSymbols2-Regular.ttf) normal normal regular normal>) = 10.05
DEBUG:matplotlib.font_manager:findfont: score(<Font 'NotoSans Nerd Font Mono' (Noto Sans SemiCondensed Bold Nerd Font Complete Mono.ttf) normal normal 700 condensed>) = 10.535
DEBUG:matplotlib.font_manager:findfont: score(<Font 'NotoSerifDisplay Nerd Font Mono' (Noto Serif Display ExtraLight Italic Nerd Font Complete Mono.ttf) italic normal light normal>) = 11.24
DEBUG:matplotlib.font_manager:findfont: score(<Font 'NotoSansMono Nerd Font' (Noto Sans Mono SemiCondensed Nerd Font Complete.ttf) normal normal 400 condensed>) = 10.25
DEBUG:matplotlib.font_manager:findfont: score(<Font 'Libertinus Serif' (LibertinusSerif-Italic.otf) italic normal 400 normal>) = 11.05
DEBUG:matplotlib.font_manager:findfont: score(<Font 'Iosevka' (Iosevka Light Oblique Nerd Font Complete Mono.ttf) oblique normal light normal>) = 11.24
DEBUG:matplotlib.font_manager:findfont: score(<Font 'NotoSerifDisplay Nerd Font' (Noto Serif Display Light Italic Nerd Font Complete.ttf) italic normal light normal>) = 11.24
DEBUG:matplotlib.font_manager:findfont: score(<Font 'Ubuntu Nerd Font' (Ubuntu Italic Nerd Font Complete.ttf) italic normal 400 normal>) = 11.05
DEBUG:matplotlib.font_manager:findfont: score(<Font 'Noto Sans Ethiopic' (NotoSansEthiopic-Light.ttf) normal normal light normal>) = 10.24
DEBUG:matplotlib.font_manager:findfont: score(<Font '3270Medium Nerd Font Mono' (3270-Medium Nerd Font Complete Mono.otf) normal normal medium normal>) = 10.145
DEBUG:matplotlib.font_manager:findfont: score(<Font 'NotoSansMono Nerd Font' (Noto Sans Mono SemiCondensed Light Nerd Font Complete.ttf) normal normal light condensed>) = 10.44
DEBUG:matplotlib.font_manager:findfont: score(<Font 'NotoSerifDisplay Nerd Font Mono' (Noto Serif Display Condensed Bold Italic Nerd Font Complete Mono.ttf) italic normal 700 condensed>) = 11.535
DEBUG:matplotlib.font_manager:findfont: score(<Font 'NotoSerifDisplay Nerd Font Mono' (Noto Serif Display ExtraCondensed Medium Italic Nerd Font Complete Mono.ttf) italic normal medium condensed>) = 11.344999999999999
DEBUG:matplotlib.font_manager:findfont: score(<Font 'Iosevka Term' (Iosevka Term Extralight Oblique Nerd Font Complete.ttf) oblique normal light normal>) = 11.24
DEBUG:matplotlib.font_manager:findfont: score(<Font 'NotoSerif Nerd Font Mono' (Noto Serif ExtraCondensed SemiBold Nerd Font Complete Mono.ttf) normal normal semibold condensed>) = 10.44
DEBUG:matplotlib.font_manager:findfont: score(<Font 'Noto Serif Gurmukhi' (NotoSerifGurmukhi-Medium.ttf) normal normal medium normal>) = 10.145
DEBUG:matplotlib.font_manager:findfont: score(<Font 'Noto Sans Tamil UI' (NotoSansTamilUI-Black.ttf) normal normal black normal>) = 10.525
DEBUG:matplotlib.font_manager:findfont: score(<Font 'NotoSans Nerd Font' (Noto Sans ExtraCondensed SemiBold Italic Nerd Font Complete.ttf) italic normal semibold condensed>) = 11.44
DEBUG:matplotlib.font_manager:findfont: score(<Font 'Noto Sans Tifinagh' (NotoSansTifinagh-Regular.ttf) normal normal regular normal>) = 10.05
DEBUG:matplotlib.font_manager:findfont: score(<Font 'OpenDyslexicMono Nerd Font Mono' (OpenDyslexicMono Regular Nerd Font Complete Mono.otf) normal normal 400 normal>) = 10.05
DEBUG:matplotlib.font_manager:findfont: score(<Font 'Noto Serif Malayalam' (NotoSerifMalayalam-Light.ttf) normal normal light normal>) = 10.24
DEBUG:matplotlib.font_manager:findfont: score(<Font 'NotoSerifDisplay Nerd Font Mono' (Noto Serif Display Medium Nerd Font Complete Mono.ttf) normal normal medium normal>) = 10.145
DEBUG:matplotlib.font_manager:findfont: score(<Font 'Nimbus Sans Narrow' (NimbusSansNarrow-Oblique.otf) oblique normal 400 condensed>) = 11.25
DEBUG:matplotlib.font_manager:findfont: score(<Font 'NotoSans Nerd Font' (Noto Sans Light Nerd Font Complete.ttf) normal normal light normal>) = 10.24
DEBUG:matplotlib.font_manager:findfont: score(<Font 'NotoSans Nerd Font' (Noto Sans Condensed Black Italic Nerd Font Complete.ttf) italic normal black condensed>) = 11.725
DEBUG:matplotlib.font_manager:findfont: score(<Font 'Noto Sans Arabic UI' (NotoSansArabicUI-Thin.ttf) normal normal 400 normal>) = 10.05
DEBUG:matplotlib.font_manager:findfont: score(<Font 'Noto Serif Kannada' (NotoSerifKannada-Regular.ttf) normal normal regular normal>) = 10.05
DEBUG:matplotlib.font_manager:findfont: score(<Font 'Noto Serif Georgian' (NotoSerifGeorgian-Bold.ttf) normal normal 700 normal>) = 10.335
DEBUG:matplotlib.font_manager:findfont: score(<Font 'Noto Kufi Arabic' (NotoKufiArabic-Medium.ttf) normal normal medium normal>) = 10.145
DEBUG:matplotlib.font_manager:findfont: score(<Font 'mplus Nerd Font Mono' (M+ 1mn light Nerd Font Complete Mono.ttf) normal normal light normal>) = 10.24
DEBUG:matplotlib.font_manager:findfont: score(<Font 'C059' (C059-BdIta.otf) italic normal 700 normal>) = 11.335
DEBUG:matplotlib.font_manager:findfont: score(<Font 'NotoSerifDisplay Nerd Font Mono' (Noto Serif Display Bold Italic Nerd Font Complete Mono.ttf) italic normal 700 normal>) = 11.335
DEBUG:matplotlib.font_manager:findfont: score(<Font 'NotoMono Nerd Font' (Noto Mono Nerd Font Complete.ttf) normal normal 400 normal>) = 10.05
DEBUG:matplotlib.font_manager:findfont: score(<Font 'NotoSansDisplay Nerd Font Mono' (Noto Sans Display SemiCondensed ExtraLight Italic Nerd Font Complete Mono.ttf) italic normal light condensed>) = 11.44
DEBUG:matplotlib.font_manager:findfont: score(<Font 'Noto Serif Display' (NotoSerifDisplay-BlackItalic.ttf) italic normal black normal>) = 11.525
DEBUG:matplotlib.font_manager:findfont: score(<Font 'mplus Nerd Font Mono' (M+ 1p thin Nerd Font Complete Mono.ttf) normal normal 400 normal>) = 10.05
DEBUG:matplotlib.font_manager:findfont: score(<Font 'Cantarell' (Cantarell-Regular.otf) normal normal regular normal>) = 10.05
DEBUG:matplotlib.font_manager:findfont: score(<Font 'NotoSerifDisplay Nerd Font Mono' (Noto Serif Display Condensed ExtraBold Nerd Font Complete Mono.ttf) normal normal bold condensed>) = 10.535
DEBUG:matplotlib.font_manager:findfont: score(<Font 'NotoSans Nerd Font' (Noto Sans ExtraCondensed ExtraBold Italic Nerd Font Complete.ttf) italic normal bold condensed>) = 11.535
DEBUG:matplotlib.font_manager:findfont: score(<Font 'mplus Nerd Font Mono' (M+ 1p black Nerd Font Complete Mono.ttf) normal normal 700 normal>) = 10.335
DEBUG:matplotlib.font_manager:findfont: score(<Font 'NotoSans Nerd Font' (Noto Sans SemiCondensed Italic Nerd Font Complete.ttf) italic normal 400 condensed>) = 11.25
DEBUG:matplotlib.font_manager:findfont: score(<Font 'Noto Sans Telugu' (NotoSansTelugu-Medium.ttf) normal normal medium normal>) = 10.145
DEBUG:matplotlib.font_manager:findfont: score(<Font 'NotoSerif Nerd Font Mono' (Noto Serif Condensed ExtraLight Italic Nerd Font Complete Mono.ttf) italic normal light condensed>) = 11.44
DEBUG:matplotlib.font_manager:findfont: score(<Font 'RobotoMono Nerd Font' (Roboto Mono Italic Nerd Font Complete.ttf) italic normal 400 normal>) = 11.05
DEBUG:matplotlib.font_manager:findfont: score(<Font 'Noto Sans Kannada UI' (NotoSansKannadaUI-Light.ttf) normal normal light normal>) = 10.24
DEBUG:matplotlib.font_manager:findfont: score(<Font 'Lekton Nerd Font' (Lekton-Italic Nerd Font Complete.ttf) italic normal 400 normal>) = 11.05
DEBUG:matplotlib.font_manager:findfont: score(<Font 'NotoSansDisplay Nerd Font Mono' (Noto Sans Display Medium Nerd Font Complete Mono.ttf) normal normal medium normal>) = 10.145
DEBUG:matplotlib.font_manager:findfont: score(<Font 'Noto Sans Devanagari UI' (NotoSansDevanagariUI-Black.ttf) normal normal black normal>) = 10.525
DEBUG:matplotlib.font_manager:findfont: score(<Font 'NotoSans Nerd Font Mono' (Noto Sans ExtraCondensed Black Nerd Font Complete Mono.ttf) normal normal black condensed>) = 10.725
DEBUG:matplotlib.font_manager:findfont: score(<Font 'Noto Naskh Arabic' (NotoNaskhArabic-Bold.ttf) normal normal 700 normal>) = 10.335
DEBUG:matplotlib.font_manager:findfont: score(<Font 'NotoSerifDisplay Nerd Font' (Noto Serif Display Condensed Thin Nerd Font Complete.ttf) normal normal 400 condensed>) = 10.25
DEBUG:matplotlib.font_manager:findfont: score(<Font 'FuraCode Nerd Font' (Fura Code Retina Nerd Font Complete.otf) normal normal 400 normal>) = 10.05
DEBUG:matplotlib.font_manager:findfont: score(<Font 'Hasklug Nerd Font' (Hasklug Nerd Font Complete.otf) normal normal 400 normal>) = 10.05
DEBUG:matplotlib.font_manager:findfont: score(<Font 'mplus Nerd Font' (M+ 2m light Nerd Font Complete.ttf) normal normal light normal>) = 10.24
DEBUG:matplotlib.font_manager:findfont: score(<Font 'NotoSerifDisplay Nerd Font Mono' (Noto Serif Display SemiCondensed SemiBold Italic Nerd Font Complete Mono.ttf) italic normal semibold condensed>) = 11.44
DEBUG:matplotlib.font_manager:findfont: score(<Font 'NotoSans Nerd Font' (Noto Sans Regular Nerd Font Complete.ttf) normal normal regular normal>) = 10.05
DEBUG:matplotlib.font_manager:findfont: score(<Font 'Ubuntu Nerd Font' (Ubuntu Bold Nerd Font Complete.ttf) normal normal 700 normal>) = 10.335
DEBUG:matplotlib.font_manager:findfont: score(<Font 'NotoSerifDisplay Nerd Font Mono' (Noto Serif Display Condensed ExtraBold Italic Nerd Font Complete Mono.ttf) italic normal bold condensed>) = 11.535
DEBUG:matplotlib.font_manager:findfont: score(<Font 'DejaVuSansMono Nerd Font Mono' (DejaVu Sans Mono Nerd Font Complete Mono.ttf) normal normal 400 normal>) = 10.05
DEBUG:matplotlib.font_manager:findfont: score(<Font 'NotoSerifDisplay Nerd Font Mono' (Noto Serif Display SemiBold Italic Nerd Font Complete Mono.ttf) italic normal semibold normal>) = 11.24
DEBUG:matplotlib.font_manager:findfont: score(<Font 'Noto Serif Sinhala' (NotoSerifSinhala-Light.ttf) normal normal light normal>) = 10.24
DEBUG:matplotlib.font_manager:findfont: score(<Font 'Nimbus Mono PS' (NimbusMonoPS-Bold.otf) normal normal 700 normal>) = 10.335
DEBUG:matplotlib.font_manager:findfont: score(<Font 'RobotoMono Nerd Font' (Roboto Mono Light Italic Nerd Font Complete.ttf) italic normal light normal>) = 11.24
DEBUG:matplotlib.font_manager:findfont: score(<Font 'BitstreamVeraSansMono Nerd Font Mono' (Bitstream Vera Sans Mono Bold Oblique Nerd Font Complete Mono.ttf) oblique normal 700 normal>) = 11.335
DEBUG:matplotlib.font_manager:findfont: score(<Font 'TerminessTTF Nerd Font Mono' (Terminess (TTF) Bold Nerd Font Complete Mono.ttf) normal normal 700 normal>) = 10.335
DEBUG:matplotlib.font_manager:findfont: score(<Font 'Libertinus Mono' (LibertinusMono-Regular.otf) normal normal regular normal>) = 10.05
DEBUG:matplotlib.font_manager:findfont: score(<Font 'NotoSerif Nerd Font Mono' (Noto Serif Medium Nerd Font Complete Mono.ttf) normal normal medium normal>) = 10.145
DEBUG:matplotlib.font_manager:findfont: score(<Font 'NotoSerifDisplay Nerd Font' (Noto Serif Display Thin Nerd Font Complete.ttf) normal normal 400 normal>) = 10.05
DEBUG:matplotlib.font_manager:findfont: score(<Font 'mplus Nerd Font Mono' (M+ 1mn medium Nerd Font Complete Mono.ttf) normal normal medium normal>) = 10.145
DEBUG:matplotlib.font_manager:findfont: score(<Font 'mplus Nerd Font' (M+ 1p Nerd Font Complete.ttf) normal normal 400 normal>) = 10.05
DEBUG:matplotlib.font_manager:findfont: score(<Font 'NotoSerif Nerd Font' (Noto Serif SemiCondensed Light Nerd Font Complete.ttf) normal normal light condensed>) = 10.44
DEBUG:matplotlib.font_manager:findfont: score(<Font 'NotoSerifDisplay Nerd Font Mono' (Noto Serif Display SemiCondensed Thin Italic Nerd Font Complete Mono.ttf) italic normal 400 condensed>) = 11.25
DEBUG:matplotlib.font_manager:findfont: score(<Font 'mplus Nerd Font' (M+ 2c medium Nerd Font Complete.ttf) normal normal medium normal>) = 10.145
DEBUG:matplotlib.font_manager:findfont: score(<Font 'Monoid Nerd Font' (Monoid Bold Nerd Font Complete.ttf) normal normal 700 normal>) = 10.335
DEBUG:matplotlib.font_manager:findfont: score(<Font 'mplus Nerd Font Mono' (M+ 1c light Nerd Font Complete Mono.ttf) normal normal light normal>) = 10.24
DEBUG:matplotlib.font_manager:findfont: score(<Font 'BlexMono Nerd Font Mono' (Blex Mono ExtraLight Italic Nerd Font Complete Mono.ttf) italic normal light normal>) = 11.24
DEBUG:matplotlib.font_manager:findfont: score(<Font 'Iosevka' (Iosevka Italic Nerd Font Complete Mono.ttf) italic normal 400 normal>) = 11.05
DEBUG:matplotlib.font_manager:findfont: score(<Font 'Tinos Nerd Font Mono' (Tinos Bold Nerd Font Complete Mono.ttf) normal normal 700 normal>) = 10.335
DEBUG:matplotlib.font_manager:findfont: score(<Font 'NotoSansDisplay Nerd Font Mono' (Noto Sans Display Regular Nerd Font Complete Mono.ttf) normal normal regular normal>) = 10.05
DEBUG:matplotlib.font_manager:findfont: score(<Font 'NotoSerifDisplay Nerd Font' (Noto Serif Display Light Italic Nerd Font Complete.ttf) italic normal light normal>) = 11.24
DEBUG:matplotlib.font_manager:findfont: score(<Font 'NotoSansDisplay Nerd Font Mono' (Noto Sans Display SemiCondensed Light Italic Nerd Font Complete Mono.ttf) italic normal light condensed>) = 11.44
DEBUG:matplotlib.font_manager:findfont: score(<Font 'Hasklug Nerd Font' (Hasklug Bold Italic Nerd Font Complete.otf) italic normal 700 normal>) = 11.335
DEBUG:matplotlib.font_manager:findfont: score(<Font 'NotoSans Nerd Font' (Noto Sans Medium Italic Nerd Font Complete.ttf) italic normal medium normal>) = 11.145
DEBUG:matplotlib.font_manager:findfont: score(<Font 'NotoSerifDisplay Nerd Font' (Noto Serif Display SemiBold Nerd Font Complete.ttf) normal normal semibold normal>) = 10.24
DEBUG:matplotlib.font_manager:findfont: score(<Font 'Nimbus Sans' (NimbusSans-Italic.otf) italic normal 400 normal>) = 11.05
DEBUG:matplotlib.font_manager:findfont: score(<Font 'Estrangelo Talada' (SyrCOMTalada.otf) normal normal 400 normal>) = 10.05
DEBUG:matplotlib.font_manager:findfont: score(<Font 'mplus Nerd Font Mono' (M+ 2c thin Nerd Font Complete Mono.ttf) normal normal 400 normal>) = 10.05
DEBUG:matplotlib.font_manager:findfont: score(<Font 'ProFontWindows Nerd Font' (ProFontWindows Nerd Font Complete.ttf) normal normal 400 normal>) = 10.05
DEBUG:matplotlib.font_manager:findfont: score(<Font '3270Medium Nerd Font' (3270-Medium Nerd Font Complete.otf) normal normal medium normal>) = 10.145
DEBUG:matplotlib.font_manager:findfont: score(<Font 'Noto Serif Tibetan' (NotoSerifTibetan-Thin.ttf) normal normal 400 normal>) = 10.05
DEBUG:matplotlib.font_manager:findfont: score(<Font 'Cousine Nerd Font' (Cousine Bold Italic Nerd Font Complete.ttf) italic normal 700 normal>) = 11.335
DEBUG:matplotlib.font_manager:findfont: score(<Font 'NotoSansDisplay Nerd Font Mono' (Noto Sans Display SemiBold Italic Nerd Font Complete Mono.ttf) italic normal semibold normal>) = 11.24
DEBUG:matplotlib.font_manager:findfont: score(<Font 'OverpassMono Nerd Font' (Overpass Mono Bold Nerd Font Complete.otf) normal normal 700 normal>) = 10.335
DEBUG:matplotlib.font_manager:findfont: score(<Font 'NotoSansDisplay Nerd Font' (Noto Sans Display ExtraCondensed Thin Italic Nerd Font Complete.ttf) italic normal 400 condensed>) = 11.25
DEBUG:matplotlib.font_manager:findfont: score(<Font 'NotoSansMono Nerd Font' (Noto Sans Mono ExtraCondensed Light Nerd Font Complete.ttf) normal normal light condensed>) = 10.44
DEBUG:matplotlib.font_manager:findfont: score(<Font 'ProFontWindows Nerd Font Mono' (ProFontWindows Nerd Font Complete Mono.ttf) normal normal 400 normal>) = 10.05
DEBUG:matplotlib.font_manager:findfont: score(<Font 'mplus Nerd Font Mono' (M+ 1m light Nerd Font Complete Mono.ttf) normal normal light normal>) = 10.24
DEBUG:matplotlib.font_manager:findfont: score(<Font 'NotoSans Nerd Font Mono' (Noto Sans Condensed Bold Italic Nerd Font Complete Mono.ttf) italic normal 700 condensed>) = 11.535
DEBUG:matplotlib.font_manager:findfont: score(<Font 'NotoSerif Nerd Font' (Noto Serif ExtraCondensed Light Nerd Font Complete.ttf) normal normal light condensed>) = 10.44
DEBUG:matplotlib.font_manager:findfont: score(<Font 'NotoSerif Nerd Font' (Noto Serif ExtraCondensed ExtraBold Nerd Font Complete.ttf) normal normal bold condensed>) = 10.535
DEBUG:matplotlib.font_manager:findfont: score(<Font 'NotoSans Nerd Font Mono' (Noto Sans SemiCondensed Bold Italic Nerd Font Complete Mono.ttf) italic normal 700 condensed>) = 11.535
DEBUG:matplotlib.font_manager:findfont: score(<Font 'Noto Serif Gujarati' (NotoSerifGujarati-Regular.ttf) normal normal regular normal>) = 10.05
DEBUG:matplotlib.font_manager:findfont: score(<Font 'NotoSansDisplay Nerd Font Mono' (Noto Sans Display Condensed Bold Nerd Font Complete Mono.ttf) normal normal 700 condensed>) = 10.535
DEBUG:matplotlib.font_manager:findfont: score(<Font 'OpenDyslexic Nerd Font' (OpenDyslexic Bold Italic Nerd Font Complete.otf) italic normal 700 normal>) = 11.335
DEBUG:matplotlib.font_manager:findfont: score(<Font 'NotoSerif Nerd Font Mono' (Noto Serif Condensed Medium Nerd Font Complete Mono.ttf) normal normal medium condensed>) = 10.344999999999999
DEBUG:matplotlib.font_manager:findfont: score(<Font 'Serto Urhoy' (SyrCOMUrhoy.otf) normal normal 400 normal>) = 10.05
DEBUG:matplotlib.font_manager:findfont: score(<Font 'Noto Serif Armenian' (NotoSerifArmenian-Regular.ttf) normal normal regular normal>) = 10.05
DEBUG:matplotlib.font_manager:findfont: score(<Font 'NotoSerif Nerd Font' (Noto Serif Condensed Italic Nerd Font Complete.ttf) italic normal 400 condensed>) = 11.25
DEBUG:matplotlib.font_manager:findfont: score(<Font 'RobotoMono Nerd Font Mono' (Roboto Mono Light Italic Nerd Font Complete Mono.ttf) italic normal light normal>) = 11.24
DEBUG:matplotlib.font_manager:findfont: score(<Font 'Overpass Nerd Font Mono' (Overpass ExtraLight Nerd Font Complete Mono.otf) normal normal light normal>) = 10.24
DEBUG:matplotlib.font_manager:findfont: score(<Font 'NotoSerifDisplay Nerd Font' (Noto Serif Display SemiCondensed ExtraBold Italic Nerd Font Complete.ttf) italic normal bold condensed>) = 11.535
DEBUG:matplotlib.font_manager:findfont: score(<Font 'NotoSerifDisplay Nerd Font Mono' (Noto Serif Display SemiCondensed Thin Nerd Font Complete Mono.ttf) normal normal 400 condensed>) = 10.25
DEBUG:matplotlib.font_manager:findfont: score(<Font 'NotoSerifDisplay Nerd Font' (Noto Serif Display ExtraCondensed Bold Nerd Font Complete.ttf) normal normal 700 condensed>) = 10.535
DEBUG:matplotlib.font_manager:findfont: score(<Font 'NotoSans Nerd Font' (Noto Sans ExtraCondensed Thin Italic Nerd Font Complete.ttf) italic normal 400 condensed>) = 11.25
DEBUG:matplotlib.font_manager:findfont: score(<Font 'NotoSansDisplay Nerd Font Mono' (Noto Sans Display ExtraCondensed Thin Italic Nerd Font Complete Mono.ttf) italic normal 400 condensed>) = 11.25
DEBUG:matplotlib.font_manager:findfont: score(<Font 'NotoSansMono Nerd Font Mono' (Noto Sans Mono Black Nerd Font Complete Mono.ttf) normal normal black normal>) = 10.525
DEBUG:matplotlib.font_manager:findfont: score(<Font 'FuraCode Nerd Font' (Fura Code Regular Nerd Font Complete.otf) normal normal regular normal>) = 10.05
DEBUG:matplotlib.font_manager:findfont: score(<Font 'MesloLGLDZ Nerd Font Mono' (Meslo LG L DZ Regular Nerd Font Complete Mono.otf) normal normal regular normal>) = 10.05
DEBUG:matplotlib.font_manager:findfont: score(<Font 'NotoSansDisplay Nerd Font Mono' (Noto Sans Display SemiCondensed Nerd Font Complete Mono.ttf) normal normal 400 condensed>) = 10.25
DEBUG:matplotlib.font_manager:findfont: score(<Font 'Iosevka Term' (Iosevka Term Nerd Font Complete Mono.ttf) normal normal 400 normal>) = 10.05
DEBUG:matplotlib.font_manager:findfont: score(<Font 'NotoSansDisplay Nerd Font Mono' (Noto Sans Display ExtraCondensed SemiBold Nerd Font Complete Mono.ttf) normal normal semibold condensed>) = 10.44
DEBUG:matplotlib.font_manager:findfont: score(<Font 'Iosevka' (Iosevka Thin Italic Nerd Font Complete.ttf) italic normal 400 normal>) = 11.05
DEBUG:matplotlib.font_manager:findfont: score(<Font 'mplus Nerd Font Mono' (M+ 1c Nerd Font Complete Mono.ttf) normal normal 400 normal>) = 10.05
DEBUG:matplotlib.font_manager:findfont: score(<Font 'BlexMono Nerd Font' (Blex Mono Medium Italic Nerd Font Complete.ttf) italic normal medium normal>) = 11.145
DEBUG:matplotlib.font_manager:findfont: score(<Font 'NotoSerifDisplay Nerd Font Mono' (Noto Serif Display Condensed Medium Nerd Font Complete Mono.ttf) normal normal medium condensed>) = 10.344999999999999
DEBUG:matplotlib.font_manager:findfont: score(<Font 'RobotoMono Nerd Font Mono' (Roboto Mono Thin Italic Nerd Font Complete Mono.ttf) italic normal 400 normal>) = 11.05
DEBUG:matplotlib.font_manager:findfont: score(<Font 'NotoSans Nerd Font' (Noto Sans SemiCondensed Medium Italic Nerd Font Complete.ttf) italic normal medium condensed>) = 11.344999999999999
DEBUG:matplotlib.font_manager:findfont: score(<Font 'DejaVu Sans' (DejaVuSansCondensed.ttf) normal normal 400 condensed>) = 0.25
DEBUG:matplotlib.font_manager:findfont: score(<Font 'Noto Sans Sinhala UI' (NotoSansSinhalaUI-Thin.ttf) normal normal 400 normal>) = 10.05
DEBUG:matplotlib.font_manager:findfont: score(<Font 'NotoSans Nerd Font' (Noto Sans SemiCondensed Nerd Font Complete.ttf) normal normal 400 condensed>) = 10.25
DEBUG:matplotlib.font_manager:findfont: score(<Font 'NotoSansDisplay Nerd Font Mono' (Noto Sans Display ExtraLight Italic Nerd Font Complete Mono.ttf) italic normal light normal>) = 11.24
DEBUG:matplotlib.font_manager:findfont: score(<Font 'NotoSans Nerd Font Mono' (Noto Sans SemiCondensed Italic Nerd Font Complete Mono.ttf) italic normal 400 condensed>) = 11.25
DEBUG:matplotlib.font_manager:findfont: score(<Font 'NotoSansDisplay Nerd Font Mono' (Noto Sans Display Light Italic Nerd Font Complete Mono.ttf) italic normal light normal>) = 11.24
DEBUG:matplotlib.font_manager:findfont: score(<Font 'NotoSerif Nerd Font Mono' (Noto Serif Condensed Light Italic Nerd Font Complete Mono.ttf) italic normal light condensed>) = 11.44
DEBUG:matplotlib.font_manager:findfont: score(<Font 'NotoSansDisplay Nerd Font' (Noto Sans Display Bold Nerd Font Complete.ttf) normal normal 700 normal>) = 10.335
DEBUG:matplotlib.font_manager:findfont: score(<Font 'Noto Sans Sundanese' (NotoSansSundanese-Regular.ttf) normal normal regular normal>) = 10.05
DEBUG:matplotlib.font_manager:findfont: score(<Font 'NotoSansDisplay Nerd Font Mono' (Noto Sans Display Condensed Italic Nerd Font Complete Mono.ttf) italic normal 400 condensed>) = 11.25
DEBUG:matplotlib.font_manager:findfont: score(<Font 'NotoSansDisplay Nerd Font Mono' (Noto Sans Display ExtraCondensed Bold Italic Nerd Font Complete Mono.ttf) italic normal 700 condensed>) = 11.535
DEBUG:matplotlib.font_manager:findfont: score(<Font 'NotoSans Nerd Font Mono' (Noto Sans SemiCondensed Bold Nerd Font Complete Mono.ttf) normal normal 700 condensed>) = 10.535
DEBUG:matplotlib.font_manager:findfont: score(<Font 'NotoSansMono Nerd Font Mono' (Noto Sans Mono Condensed Light Nerd Font Complete Mono.ttf) normal normal light condensed>) = 10.44
DEBUG:matplotlib.font_manager:findfont: score(<Font 'NotoSans Nerd Font Mono' (Noto Sans Condensed Light Nerd Font Complete Mono.ttf) normal normal light condensed>) = 10.44
DEBUG:matplotlib.font_manager:findfont: score(<Font 'Estrangelo Quenneshrin' (SyrCOMQenNeshrin.otf) normal normal 400 normal>) = 10.05
DEBUG:matplotlib.font_manager:findfont: score(<Font '3270Medium Nerd Font Mono' (3270-Medium Nerd Font Complete Mono.otf) normal normal medium normal>) = 10.145
DEBUG:matplotlib.font_manager:findfont: score(<Font 'NotoSans Nerd Font' (Noto Sans SemiCondensed Light Nerd Font Complete.ttf) normal normal light condensed>) = 10.44
DEBUG:matplotlib.font_manager:findfont: score(<Font 'OpenDyslexicAlta Nerd Font Mono' (OpenDyslexicAlta Regular Nerd Font Complete Mono.otf) normal normal 400 normal>) = 10.05
DEBUG:matplotlib.font_manager:findfont: score(<Font 'NotoSerifDisplay Nerd Font Mono' (Noto Serif Display Light Italic Nerd Font Complete Mono.ttf) italic normal light normal>) = 11.24
DEBUG:matplotlib.font_manager:findfont: score(<Font 'MesloLGMDZ Nerd Font' (Meslo LG M DZ Regular Nerd Font Complete.otf) normal normal regular normal>) = 10.05
DEBUG:matplotlib.font_manager:findfont: score(<Font 'NotoSerifDisplay Nerd Font' (Noto Serif Display SemiCondensed Nerd Font Complete.ttf) normal normal 400 condensed>) = 10.25
DEBUG:matplotlib.font_manager:findfont: score(<Font 'DroidSansMono Nerd Font' (Droid Sans Mono Nerd Font Complete.otf) normal normal 400 normal>) = 10.05
DEBUG:matplotlib.font_manager:findfont: score(<Font 'NotoSansMono Nerd Font' (Noto Sans Mono Condensed Medium Nerd Font Complete.ttf) normal normal medium condensed>) = 10.344999999999999
DEBUG:matplotlib.font_manager:findfont: score(<Font 'NotoSans Nerd Font Mono' (Noto Sans ExtraBold Nerd Font Complete Mono.ttf) normal normal bold normal>) = 10.335
DEBUG:matplotlib.font_manager:findfont: score(<Font 'Noto Sans Syriac' (NotoSansSyriac-Black.ttf) normal normal black normal>) = 10.525
DEBUG:matplotlib.font_manager:findfont: score(<Font 'mplus Nerd Font Mono' (M+ 1p light Nerd Font Complete Mono.ttf) normal normal light normal>) = 10.24
DEBUG:matplotlib.font_manager:findfont: score(<Font 'mplus Nerd Font' (M+ 1c medium Nerd Font Complete.ttf) normal normal medium normal>) = 10.145
DEBUG:matplotlib.font_manager:findfont: score(<Font 'Noto Sans Old Permic' (NotoSansOldPermic-Regular.ttf) normal normal regular normal>) = 10.05
DEBUG:matplotlib.font_manager:findfont: score(<Font 'Iosevka Term' (Iosevka Term Heavy Oblique Nerd Font Complete Mono.ttf) oblique normal 700 normal>) = 11.335
DEBUG:matplotlib.font_manager:findfont: score(<Font 'NotoSans Nerd Font' (Noto Sans SemiBold Italic Nerd Font Complete.ttf) italic normal semibold normal>) = 11.24
DEBUG:matplotlib.font_manager:findfont: score(<Font 'mplus Nerd Font Mono' (M+ 2p heavy Nerd Font Complete Mono.ttf) normal normal 700 normal>) = 10.335
DEBUG:matplotlib.font_manager:findfont: score(<Font 'Noto Sans Telugu UI' (NotoSansTeluguUI-Thin.ttf) normal normal 400 normal>) = 10.05
DEBUG:matplotlib.font_manager:findfont: score(<Font 'NotoSansDisplay Nerd Font' (Noto Sans Display Italic Nerd Font Complete.ttf) italic normal 400 normal>) = 11.05
DEBUG:matplotlib.font_manager:findfont: score(<Font 'Iosevka Term' (Iosevka Term Extralight Nerd Font Complete.ttf) normal normal light normal>) = 10.24
DEBUG:matplotlib.font_manager:findfont: score(<Font 'Overpass Nerd Font' (Overpass SemiBold Italic Nerd Font Complete.otf) italic normal semibold normal>) = 11.24
DEBUG:matplotlib.font_manager:findfont: score(<Font 'NotoSerif Nerd Font' (Noto Serif Condensed SemiBold Italic Nerd Font Complete.ttf) italic normal semibold condensed>) = 11.44
DEBUG:matplotlib.font_manager:findfont: score(<Font 'InconsolataLGC Nerd Font Mono' (Inconsolata LGC Italic Nerd Font Complete Mono.ttf) italic normal 400 normal>) = 11.05
DEBUG:matplotlib.font_manager:findfont: score(<Font 'mplus Nerd Font' (M+ 2c bold Nerd Font Complete.ttf) normal normal 700 normal>) = 10.335
DEBUG:matplotlib.font_manager:findfont: score(<Font 'NotoSerif Nerd Font' (Noto Serif ExtraCondensed Bold Italic Nerd Font Complete.ttf) italic normal 700 condensed>) = 11.535
DEBUG:matplotlib.font_manager:findfont: score(<Font 'NotoSansDisplay Nerd Font Mono' (Noto Sans Display Medium Italic Nerd Font Complete Mono.ttf) italic normal medium normal>) = 11.145
DEBUG:matplotlib.font_manager:findfont: score(<Font 'MesloLGSDZ Nerd Font' (Meslo LG S DZ Regular Nerd Font Complete.otf) normal normal regular normal>) = 10.05
DEBUG:matplotlib.font_manager:findfont: score(<Font 'Monoid Nerd Font Mono' (Monoid Regular Nerd Font Complete Mono.ttf) normal normal regular normal>) = 10.05
DEBUG:matplotlib.font_manager:findfont: score(<Font 'NotoSerif Nerd Font' (Noto Serif SemiCondensed Black Nerd Font Complete.ttf) normal normal black condensed>) = 10.725
DEBUG:matplotlib.font_manager:findfont: score(<Font 'NotoSerif Nerd Font' (Noto Serif ExtraBold Nerd Font Complete.ttf) normal normal bold normal>) = 10.335
DEBUG:matplotlib.font_manager:findfont: score(<Font 'SauceCodePro Nerd Font Mono' (Sauce Code Pro Nerd Font Complete Mono.ttf) normal normal 400 normal>) = 10.05
DEBUG:matplotlib.font_manager:findfont: score(<Font 'FuraCode Nerd Font' (Fura Code Retina Nerd Font Complete.otf) normal normal 400 normal>) = 10.05
DEBUG:matplotlib.font_manager:findfont: score(<Font 'Noto Serif Myanmar' (NotoSerifMyanmar-Regular.ttf) normal normal regular normal>) = 10.05
DEBUG:matplotlib.font_manager:findfont: score(<Font 'NotoSerif Nerd Font' (Noto Serif ExtraLight Italic Nerd Font Complete.ttf) italic normal light normal>) = 11.24
DEBUG:matplotlib.font_manager:findfont: score(<Font 'Nimbus Roman' (NimbusRoman-Bold.otf) normal normal 700 normal>) = 10.335
DEBUG:matplotlib.font_manager:findfont: score(<Font 'Noto Sans Canadian Aboriginal' (NotoSansCanadianAboriginal-Black.ttf) normal normal black normal>) = 10.525
DEBUG:matplotlib.font_manager:findfont: score(<Font 'Noto Sans Arabic' (NotoSansArabic-Thin.ttf) normal normal 400 normal>) = 10.05
DEBUG:matplotlib.font_manager:findfont: score(<Font 'BitstreamVeraSansMono Nerd Font' (Bitstream Vera Sans Mono Oblique Nerd Font Complete.ttf) oblique normal 400 normal>) = 11.05
DEBUG:matplotlib.font_manager:findfont: score(<Font 'Noto Serif Tibetan' (NotoSerifTibetan-Regular.ttf) normal normal regular normal>) = 10.05
DEBUG:matplotlib.font_manager:findfont: score(<Font 'Hasklug Nerd Font' (Hasklug Medium Italic Nerd Font Complete.otf) italic normal medium normal>) = 11.145
DEBUG:matplotlib.font_manager:findfont: score(<Font 'NotoSerifDisplay Nerd Font Mono' (Noto Serif Display ExtraCondensed Nerd Font Complete Mono.ttf) normal normal 400 condensed>) = 10.25
DEBUG:matplotlib.font_manager:findfont: score(<Font 'NotoSans Nerd Font Mono' (Noto Sans ExtraCondensed Bold Nerd Font Complete Mono.ttf) normal normal 700 condensed>) = 10.535
DEBUG:matplotlib.font_manager:findfont: score(<Font 'NotoSansDisplay Nerd Font Mono' (Noto Sans Display SemiCondensed ExtraLight Nerd Font Complete Mono.ttf) normal normal light condensed>) = 10.44
DEBUG:matplotlib.font_manager:findfont: score(<Font 'NotoSans Nerd Font Mono' (Noto Sans SemiCondensed ExtraBold Nerd Font Complete Mono.ttf) normal normal bold condensed>) = 10.535
DEBUG:matplotlib.font_manager:findfont: score(<Font 'NotoSerifDisplay Nerd Font' (Noto Serif Display Thin Nerd Font Complete.ttf) normal normal 400 normal>) = 10.05
DEBUG:matplotlib.font_manager:findfont: score(<Font 'NotoSerif Nerd Font Mono' (Noto Serif SemiCondensed Medium Italic Nerd Font Complete Mono.ttf) italic normal medium condensed>) = 11.344999999999999
DEBUG:matplotlib.font_manager:findfont: score(<Font 'Iosevka' (Iosevka Italic Nerd Font Complete Mono.ttf) italic normal 400 normal>) = 11.05
DEBUG:matplotlib.font_manager:findfont: score(<Font '3270Medium Nerd Font' (3270-Medium Nerd Font Complete.otf) normal normal medium normal>) = 10.145
DEBUG:matplotlib.font_manager:findfont: score(<Font 'OpenDyslexicAlta Nerd Font Mono' (OpenDyslexicAlta Regular Nerd Font Complete Mono.otf) normal normal 400 normal>) = 10.05
DEBUG:matplotlib.font_manager:findfont: score(<Font 'GoMono Nerd Font Mono' (Go Mono Italic Nerd Font Complete Mono.ttf) italic normal 400 normal>) = 11.05
DEBUG:matplotlib.font_manager:findfont: score(<Font 'Noto Sans' (NotoSans-Thin.ttf) normal normal 400 normal>) = 10.05
DEBUG:matplotlib.font_manager:findfont: score(<Font 'NotoSansDisplay Nerd Font' (Noto Sans Display ExtraCondensed Thin Italic Nerd Font Complete.ttf) italic normal 400 condensed>) = 11.25
DEBUG:matplotlib.font_manager:findfont: score(<Font 'Hurmit Nerd Font' (Hurmit Bold Nerd Font Complete.otf) normal normal 700 normal>) = 10.335
DEBUG:matplotlib.font_manager:findfont: score(<Font 'NotoSerif Nerd Font' (Noto Serif ExtraCondensed ExtraBold Italic Nerd Font Complete.ttf) italic normal bold condensed>) = 11.535
DEBUG:matplotlib.font_manager:findfont: score(<Font 'SauceCodePro Nerd Font' (Sauce Code Pro Nerd Font Complete.ttf) normal normal 400 normal>) = 10.05
DEBUG:matplotlib.font_manager:findfont: score(<Font 'NotoSerif Nerd Font Mono' (Noto Serif ExtraCondensed ExtraBold Italic Nerd Font Complete Mono.ttf) italic normal bold condensed>) = 11.535
DEBUG:matplotlib.font_manager:findfont: score(<Font 'Cousine Nerd Font Mono' (Cousine Regular Nerd Font Complete Mono.ttf) normal normal regular normal>) = 10.05
DEBUG:matplotlib.font_manager:findfont: score(<Font 'NotoSansMono Nerd Font' (Noto Sans Mono Black Nerd Font Complete.ttf) normal normal black normal>) = 10.525
DEBUG:matplotlib.font_manager:findfont: score(<Font 'OpenDyslexicAlta Nerd Font' (OpenDyslexicAlta Bold Nerd Font Complete.otf) normal normal 700 normal>) = 10.335
DEBUG:matplotlib.font_manager:findfont: score(<Font 'Source Code Pro' (SourceCodePro-Medium.otf) normal normal medium normal>) = 10.145
DEBUG:matplotlib.font_manager:findfont: score(<Font 'mplus Nerd Font' (M+ 1m bold Nerd Font Complete.ttf) normal normal 700 normal>) = 10.335
DEBUG:matplotlib.font_manager:findfont: score(<Font 'Noto Serif Hebrew' (NotoSerifHebrew-Bold.ttf) normal normal 700 normal>) = 10.335
DEBUG:matplotlib.font_manager:findfont: score(<Font 'NotoSans Nerd Font Mono' (Noto Sans ExtraCondensed ExtraLight Nerd Font Complete Mono.ttf) normal normal light condensed>) = 10.44
DEBUG:matplotlib.font_manager:findfont: score(<Font 'Hurmit Nerd Font Mono' (Hurmit Bold Nerd Font Complete Mono.otf) normal normal 700 normal>) = 10.335
DEBUG:matplotlib.font_manager:findfont: score(<Font 'mplus Nerd Font' (M+ 1p black Nerd Font Complete.ttf) normal normal 700 normal>) = 10.335
DEBUG:matplotlib.font_manager:findfont: score(<Font 'NotoSerif Nerd Font Mono' (Noto Serif ExtraCondensed Bold Italic Nerd Font Complete Mono.ttf) italic normal 700 condensed>) = 11.535
DEBUG:matplotlib.font_manager:findfont: score(<Font 'Noto Sans Math' (NotoSansMath-Regular.ttf) normal normal regular normal>) = 10.05
DEBUG:matplotlib.font_manager:findfont: score(<Font 'NotoSans Nerd Font' (Noto Sans ExtraCondensed Thin Nerd Font Complete.ttf) normal normal 400 condensed>) = 10.25
DEBUG:matplotlib.font_manager:findfont: score(<Font 'TerminessTTF Nerd Font' (Terminess (TTF) Italic Nerd Font Complete.ttf) italic normal 400 normal>) = 11.05
DEBUG:matplotlib.font_manager:findfont: score(<Font 'Iosevka Term' (Iosevka Term Oblique Nerd Font Complete.ttf) oblique normal 400 normal>) = 11.05
DEBUG:matplotlib.font_manager:findfont: score(<Font 'NotoSerifDisplay Nerd Font' (Noto Serif Display Black Italic Nerd Font Complete.ttf) italic normal black normal>) = 11.525
DEBUG:matplotlib.font_manager:findfont: score(<Font 'Noto Sans Kannada UI' (NotoSansKannadaUI-Thin.ttf) normal normal 400 normal>) = 10.05
DEBUG:matplotlib.font_manager:findfont: score(<Font 'NotoSerif Nerd Font Mono' (Noto Serif Condensed Medium Italic Nerd Font Complete Mono.ttf) italic normal medium condensed>) = 11.344999999999999
DEBUG:matplotlib.font_manager:findfont: score(<Font 'Noto Sans Lao UI' (NotoSansLaoUI-Medium.ttf) normal normal medium normal>) = 10.145
DEBUG:matplotlib.font_manager:findfont: score(<Font 'mplus Nerd Font Mono' (M+ 2c thin Nerd Font Complete Mono.ttf) normal normal 400 normal>) = 10.05
DEBUG:matplotlib.font_manager:findfont: score(<Font 'NotoSerifDisplay Nerd Font' (Noto Serif Display ExtraCondensed Thin Nerd Font Complete.ttf) normal normal 400 condensed>) = 10.25
DEBUG:matplotlib.font_manager:findfont: score(<Font 'NotoSerif Nerd Font Mono' (Noto Serif ExtraLight Nerd Font Complete Mono.ttf) normal normal light normal>) = 10.24
DEBUG:matplotlib.font_manager:findfont: score(<Font 'RobotoMono Nerd Font' (Roboto Mono Medium Nerd Font Complete.ttf) normal normal medium normal>) = 10.145
DEBUG:matplotlib.font_manager:findfont: score(<Font 'NotoSans Nerd Font Mono' (Noto Sans Condensed Black Nerd Font Complete Mono.ttf) normal normal black condensed>) = 10.725
DEBUG:matplotlib.font_manager:findfont: score(<Font 'mplus Nerd Font Mono' (M+ 2p light Nerd Font Complete Mono.ttf) normal normal light normal>) = 10.24
DEBUG:matplotlib.font_manager:findfont: score(<Font 'Noto Sans Linear A' (NotoSansLinearA-Regular.ttf) normal normal regular normal>) = 10.05
DEBUG:matplotlib.font_manager:findfont: score(<Font 'NotoSerif Nerd Font' (Noto Serif Medium Italic Nerd Font Complete.ttf) italic normal medium normal>) = 11.145
DEBUG:matplotlib.font_manager:findfont: score(<Font 'OpenDyslexic Nerd Font' (OpenDyslexic Italic Nerd Font Complete.otf) italic normal 400 normal>) = 11.05
DEBUG:matplotlib.font_manager:findfont: score(<Font 'NotoSansDisplay Nerd Font Mono' (Noto Sans Display SemiCondensed Light Italic Nerd Font Complete Mono.ttf) italic normal light condensed>) = 11.44
DEBUG:matplotlib.font_manager:findfont: score(<Font 'BlexMono Nerd Font Mono' (Blex Mono Medium Italic Nerd Font Complete Mono.ttf) italic normal medium normal>) = 11.145
DEBUG:matplotlib.font_manager:findfont: score(<Font 'Noto Sans Marchen' (NotoSansMarchen-Regular.ttf) normal normal regular normal>) = 10.05
DEBUG:matplotlib.font_manager:findfont: score(<Font 'mplus Nerd Font Mono' (M+ 1p bold Nerd Font Complete Mono.ttf) normal normal 700 normal>) = 10.335
DEBUG:matplotlib.font_manager:findfont: score(<Font 'Arimo Nerd Font' (Arimo Regular Nerd Font Complete.ttf) normal normal regular normal>) = 10.05
DEBUG:matplotlib.font_manager:findfont: score(<Font 'NotoSerif Nerd Font' (Noto Serif SemiCondensed Light Italic Nerd Font Complete.ttf) italic normal light condensed>) = 11.44
DEBUG:matplotlib.font_manager:findfont: score(<Font 'Noto Serif Bengali' (NotoSerifBengali-Light.ttf) normal normal light normal>) = 10.24
DEBUG:matplotlib.font_manager:findfont: score(<Font 'TerminessTTF Nerd Font' (Terminess (TTF) Nerd Font Complete.ttf) normal normal 400 normal>) = 10.05
DEBUG:matplotlib.font_manager:findfont: score(<Font 'NotoSans Nerd Font Mono' (Noto Sans Condensed SemiBold Nerd Font Complete Mono.ttf) normal normal semibold condensed>) = 10.44
DEBUG:matplotlib.font_manager:findfont: score(<Font 'NotoSerifDisplay Nerd Font Mono' (Noto Serif Display SemiCondensed ExtraBold Nerd Font Complete Mono.ttf) normal normal bold condensed>) = 10.535
DEBUG:matplotlib.font_manager:findfont: score(<Font 'NotoSerifDisplay Nerd Font Mono' (Noto Serif Display ExtraCondensed Bold Nerd Font Complete Mono.ttf) normal normal 700 condensed>) = 10.535
DEBUG:matplotlib.font_manager:findfont: score(<Font 'NotoSansMono Nerd Font' (Noto Sans Mono ExtraLight Nerd Font Complete.ttf) normal normal light normal>) = 10.24
DEBUG:matplotlib.font_manager:findfont: score(<Font 'NotoSansDisplay Nerd Font' (Noto Sans Display ExtraCondensed ExtraBold Italic Nerd Font Complete.ttf) italic normal bold condensed>) = 11.535
DEBUG:matplotlib.font_manager:findfont: score(<Font 'NotoSerif Nerd Font' (Noto Serif Black Italic Nerd Font Complete.ttf) italic normal black normal>) = 11.525
DEBUG:matplotlib.font_manager:findfont: score(<Font 'BlexMono Nerd Font Mono' (Blex Mono SemiBold Nerd Font Complete Mono.ttf) normal normal semibold normal>) = 10.24
DEBUG:matplotlib.font_manager:findfont: score(<Font 'NotoSansDisplay Nerd Font' (Noto Sans Display ExtraCondensed Black Italic Nerd Font Complete.ttf) italic normal black condensed>) = 11.725
DEBUG:matplotlib.font_manager:findfont: score(<Font '3270SemiNarrow Nerd Font' (3270 Semi-Narrow Nerd Font Complete.otf) normal normal 400 condensed>) = 10.25
DEBUG:matplotlib.font_manager:findfont: score(<Font 'NotoSansDisplay Nerd Font Mono' (Noto Sans Display Condensed Medium Italic Nerd Font Complete Mono.ttf) italic normal medium condensed>) = 11.344999999999999
DEBUG:matplotlib.font_manager:findfont: score(<Font 'Noto Sans Ethiopic' (NotoSansEthiopic-Bold.ttf) normal normal 700 normal>) = 10.335
DEBUG:matplotlib.font_manager:findfont: score(<Font 'NotoSerifDisplay Nerd Font Mono' (Noto Serif Display Condensed Thin Nerd Font Complete Mono.ttf) normal normal 400 condensed>) = 10.25
DEBUG:matplotlib.font_manager:findfont: score(<Font 'NotoSerifDisplay Nerd Font Mono' (Noto Serif Display ExtraCondensed Thin Italic Nerd Font Complete Mono.ttf) italic normal 400 condensed>) = 11.25
DEBUG:matplotlib.font_manager:findfont: score(<Font 'mplus Nerd Font Mono' (M+ 2p bold Nerd Font Complete Mono.ttf) normal normal 700 normal>) = 10.335
DEBUG:matplotlib.font_manager:findfont: score(<Font 'SauceCodePro Nerd Font' (Sauce Code Pro Semibold Nerd Font Complete.ttf) normal normal semibold normal>) = 10.24
DEBUG:matplotlib.font_manager:findfont: score(<Font 'NotoSansDisplay Nerd Font' (Noto Sans Display Bold Nerd Font Complete.ttf) normal normal 700 normal>) = 10.335
DEBUG:matplotlib.font_manager:findfont: score(<Font 'MesloLGL Nerd Font Mono' (Meslo LG L Regular Nerd Font Complete Mono.otf) normal normal regular normal>) = 10.05
DEBUG:matplotlib.font_manager:findfont: score(<Font 'Hasklug Nerd Font' (Hasklug Bold Nerd Font Complete.otf) normal normal 700 normal>) = 10.335
DEBUG:matplotlib.font_manager:findfont: score(<Font 'TerminessTTF Nerd Font Mono' (Terminess (TTF) Italic Nerd Font Complete Mono.ttf) italic normal 400 normal>) = 11.05
DEBUG:matplotlib.font_manager:findfont: score(<Font 'Fira Mono' (FiraMono-Medium.otf) normal normal medium normal>) = 10.145
DEBUG:matplotlib.font_manager:findfont: score(<Font 'NotoSansDisplay Nerd Font Mono' (Noto Sans Display ExtraCondensed Italic Nerd Font Complete Mono.ttf) italic normal 400 condensed>) = 11.25
DEBUG:matplotlib.font_manager:findfont: score(<Font 'Hasklug Nerd Font Mono' (Hasklug Bold Italic Nerd Font Complete Mono.otf) italic normal 700 normal>) = 11.335
DEBUG:matplotlib.font_manager:findfont: score(<Font 'mplus Nerd Font Mono' (M+ 2c light Nerd Font Complete Mono.ttf) normal normal light normal>) = 10.24
DEBUG:matplotlib.font_manager:findfont: score(<Font 'Iosevka Term' (Iosevka Term Heavy Nerd Font Complete Mono.ttf) normal normal 700 normal>) = 10.335
DEBUG:matplotlib.font_manager:findfont: score(<Font 'NotoSans Nerd Font' (Noto Sans SemiCondensed Bold Nerd Font Complete.ttf) normal normal 700 condensed>) = 10.535
DEBUG:matplotlib.font_manager:findfont: score(<Font 'NotoSans Nerd Font Mono' (Noto Sans SemiCondensed Medium Nerd Font Complete Mono.ttf) normal normal medium condensed>) = 10.344999999999999
DEBUG:matplotlib.font_manager:findfont: score(<Font 'RobotoMono Nerd Font' (Roboto Mono Nerd Font Complete.ttf) normal normal 400 normal>) = 10.05
DEBUG:matplotlib.font_manager:findfont: score(<Font 'NotoEmoji Nerd Font' (Noto Emoji Nerd Font Complete.ttf) normal normal 400 normal>) = 10.05
DEBUG:matplotlib.font_manager:findfont: score(<Font 'NotoSansDisplay Nerd Font Mono' (Noto Sans Display SemiBold Nerd Font Complete Mono.ttf) normal normal semibold normal>) = 10.24
DEBUG:matplotlib.font_manager:findfont: score(<Font 'NotoSans Nerd Font' (Noto Sans Medium Nerd Font Complete.ttf) normal normal medium normal>) = 10.145
DEBUG:matplotlib.font_manager:findfont: score(<Font 'ProggyCleanTTSZ Nerd Font' (ProggyCleanTTSZ Nerd Font Complete.ttf) normal normal 400 normal>) = 10.05
DEBUG:matplotlib.font_manager:findfont: score(<Font 'MesloLGS Nerd Font' (Meslo LG S Regular Nerd Font Complete.otf) normal normal regular normal>) = 10.05
DEBUG:matplotlib.font_manager:findfont: score(<Font 'SauceCodePro Nerd Font Mono' (Sauce Code Pro Bold Nerd Font Complete Mono.ttf) normal normal 700 normal>) = 10.335
DEBUG:matplotlib.font_manager:findfont: score(<Font 'NotoSerif Nerd Font' (Noto Serif ExtraCondensed Italic Nerd Font Complete.ttf) italic normal 400 condensed>) = 11.25
DEBUG:matplotlib.font_manager:findfont: score(<Font 'mplus Nerd Font Mono' (M+ 1c bold Nerd Font Complete Mono.ttf) normal normal 700 normal>) = 10.335
DEBUG:matplotlib.font_manager:findfont: score(<Font 'Hasklug Nerd Font Mono' (Hasklug ExtraLight Italic Nerd Font Complete Mono.otf) italic normal light normal>) = 11.24
DEBUG:matplotlib.font_manager:findfont: score(<Font 'Noto Sans Mahajani' (NotoSansMahajani-Regular.ttf) normal normal regular normal>) = 10.05
DEBUG:matplotlib.font_manager:findfont: score(<Font 'NotoSerifDisplay Nerd Font' (Noto Serif Display ExtraCondensed ExtraLight Italic Nerd Font Complete.ttf) italic normal light condensed>) = 11.44
DEBUG:matplotlib.font_manager:findfont: score(<Font 'NotoSerif Nerd Font Mono' (Noto Serif SemiCondensed SemiBold Nerd Font Complete Mono.ttf) normal normal semibold condensed>) = 10.44
DEBUG:matplotlib.font_manager:findfont: score(<Font 'NotoSansDisplay Nerd Font Mono' (Noto Sans Display ExtraCondensed ExtraLight Nerd Font Complete Mono.ttf) normal normal light condensed>) = 10.44
DEBUG:matplotlib.font_manager:findfont: score(<Font 'NotoSerifDisplay Nerd Font Mono' (Noto Serif Display ExtraCondensed ExtraLight Nerd Font Complete Mono.ttf) normal normal light condensed>) = 10.44
DEBUG:matplotlib.font_manager:findfont: score(<Font 'NotoSansDisplay Nerd Font Mono' (Noto Sans Display Italic Nerd Font Complete Mono.ttf) italic normal 400 normal>) = 11.05
DEBUG:matplotlib.font_manager:findfont: score(<Font 'Overpass Nerd Font Mono' (Overpass Heavy Italic Nerd Font Complete Mono.otf) italic normal heavy normal>) = 11.43
DEBUG:matplotlib.font_manager:findfont: score(<Font 'NotoSansMono Nerd Font' (Noto Sans Mono Medium Nerd Font Complete.ttf) normal normal medium normal>) = 10.145
DEBUG:matplotlib.font_manager:findfont: score(<Font 'ProggyCleanTT Nerd Font' (ProggyCleanTT Nerd Font Complete.ttf) normal normal 400 normal>) = 10.05
DEBUG:matplotlib.font_manager:findfont: score(<Font 'NotoSansMono Nerd Font' (Noto Sans Mono SemiBold Nerd Font Complete.ttf) normal normal semibold normal>) = 10.24
DEBUG:matplotlib.font_manager:findfont: score(<Font 'NotoSansMono Nerd Font' (Noto Sans Mono SemiCondensed Thin Nerd Font Complete.ttf) normal normal 400 condensed>) = 10.25
DEBUG:matplotlib.font_manager:findfont: score(<Font 'NotoSerif Nerd Font Mono' (Noto Serif Italic Nerd Font Complete Mono.ttf) italic normal 400 normal>) = 11.05
DEBUG:matplotlib.font_manager:findfont: score(<Font 'Iosevka Term' (Iosevka Term Extralight Italic Nerd Font Complete.ttf) italic normal light normal>) = 11.24
DEBUG:matplotlib.font_manager:findfont: score(<Font 'NotoSansDisplay Nerd Font Mono' (Noto Sans Display ExtraBold Italic Nerd Font Complete Mono.ttf) italic normal bold normal>) = 11.335
DEBUG:matplotlib.font_manager:findfont: score(<Font 'Overpass Nerd Font Mono' (Overpass Thin Nerd Font Complete Mono.otf) normal normal 400 normal>) = 10.05
DEBUG:matplotlib.font_manager:findfont: score(<Font 'NotoSerif Nerd Font' (Noto Serif Condensed SemiBold Italic Nerd Font Complete.ttf) italic normal semibold condensed>) = 11.44
DEBUG:matplotlib.font_manager:findfont: score(<Font 'NotoSansDisplay Nerd Font Mono' (Noto Sans Display ExtraBold Nerd Font Complete Mono.ttf) normal normal bold normal>) = 10.335
DEBUG:matplotlib.font_manager:findfont: score(<Font 'Noto Serif Balinese' (NotoSerifBalinese-Regular.ttf) normal normal regular normal>) = 10.05
DEBUG:matplotlib.font_manager:findfont: score(<Font 'NotoSansMono Nerd Font Mono' (Noto Sans Mono ExtraBold Nerd Font Complete Mono.ttf) normal normal bold normal>) = 10.335
DEBUG:matplotlib.font_manager:findfont: score(<Font 'NotoSerifDisplay Nerd Font' (Noto Serif Display Black Italic Nerd Font Complete.ttf) italic normal black normal>) = 11.525
DEBUG:matplotlib.font_manager:findfont: score(<Font 'mononoki Nerd Font' (mononoki Bold Nerd Font Complete.ttf) normal normal 700 normal>) = 10.335
DEBUG:matplotlib.font_manager:findfont: score(<Font 'NotoSansMono Nerd Font' (Noto Sans Mono Condensed Medium Nerd Font Complete.ttf) normal normal medium condensed>) = 10.344999999999999
DEBUG:matplotlib.font_manager:findfont: score(<Font 'NotoSans Nerd Font' (Noto Sans ExtraCondensed ExtraLight Nerd Font Complete.ttf) normal normal light condensed>) = 10.44
DEBUG:matplotlib.font_manager:findfont: score(<Font 'BlexMono Nerd Font' (Blex Mono Text Nerd Font Complete.ttf) normal normal 400 normal>) = 10.05
DEBUG:matplotlib.font_manager:findfont: score(<Font 'SauceCodePro Nerd Font Mono' (Sauce Code Pro Semibold Nerd Font Complete Mono.ttf) normal normal semibold normal>) = 10.24
DEBUG:matplotlib.font_manager:findfont: score(<Font 'Noto Sans New Tai Lue' (NotoSansNewTaiLue-Regular.ttf) normal normal regular normal>) = 10.05
DEBUG:matplotlib.font_manager:findfont: score(<Font 'Overpass Nerd Font Mono' (Overpass ExtraBold Italic Nerd Font Complete Mono.otf) italic normal bold normal>) = 11.335
DEBUG:matplotlib.font_manager:findfont: score(<Font 'mplus Nerd Font Mono' (M+ 2m light Nerd Font Complete Mono.ttf) normal normal light normal>) = 10.24
DEBUG:matplotlib.font_manager:findfont: score(<Font 'OverpassMono Nerd Font' (Overpass Mono Light Nerd Font Complete.otf) normal normal light normal>) = 10.24
DEBUG:matplotlib.font_manager:findfont: score(<Font 'NotoSerif Nerd Font Mono' (Noto Serif Condensed ExtraBold Nerd Font Complete Mono.ttf) normal normal bold condensed>) = 10.535
DEBUG:matplotlib.font_manager:findfont: score(<Font 'Noto Sans Tamil UI' (NotoSansTamilUI-Medium.ttf) normal normal medium normal>) = 10.145
DEBUG:matplotlib.font_manager:findfont: score(<Font 'Hack Nerd Font Mono' (Hack Regular Nerd Font Complete Mono.ttf) normal normal regular normal>) = 10.05
DEBUG:matplotlib.font_manager:findfont: score(<Font 'NotoSansMono Nerd Font' (Noto Sans Mono SemiCondensed SemiBold Nerd Font Complete.ttf) normal normal semibold condensed>) = 10.44
DEBUG:matplotlib.font_manager:findfont: score(<Font 'NotoSansMono Nerd Font' (Noto Sans Mono ExtraCondensed ExtraLight Nerd Font Complete.ttf) normal normal light condensed>) = 10.44
DEBUG:matplotlib.font_manager:findfont: score(<Font 'NotoSansDisplay Nerd Font Mono' (Noto Sans Display SemiBold Nerd Font Complete Mono.ttf) normal normal semibold normal>) = 10.24
DEBUG:matplotlib.font_manager:findfont: score(<Font 'Noto Sans' (NotoSans-Medium.ttf) normal normal medium normal>) = 10.145
DEBUG:matplotlib.font_manager:findfont: score(<Font 'Cantarell' (Cantarell-Bold.otf) normal normal 700 normal>) = 10.335
DEBUG:matplotlib.font_manager:findfont: score(<Font 'mplus Nerd Font Mono' (M+ 2m light Nerd Font Complete Mono.ttf) normal normal light normal>) = 10.24
DEBUG:matplotlib.font_manager:findfont: score(<Font 'NotoSerif Nerd Font' (Noto Serif Medium Nerd Font Complete.ttf) normal normal medium normal>) = 10.145
DEBUG:matplotlib.font_manager:findfont: score(<Font 'DejaVuSansMono Nerd Font Mono' (DejaVu Sans Mono Bold Nerd Font Complete Mono.ttf) normal normal 700 normal>) = 10.335
DEBUG:matplotlib.font_manager:findfont: score(<Font 'NotoSerifDisplay Nerd Font Mono' (Noto Serif Display Condensed SemiBold Nerd Font Complete Mono.ttf) normal normal semibold condensed>) = 10.44
DEBUG:matplotlib.font_manager:findfont: score(<Font 'NotoSerif Nerd Font' (Noto Serif ExtraCondensed Italic Nerd Font Complete.ttf) italic normal 400 condensed>) = 11.25
DEBUG:matplotlib.font_manager:findfont: score(<Font 'NotoSansMono Nerd Font' (Noto Sans Mono SemiCondensed Light Nerd Font Complete.ttf) normal normal light condensed>) = 10.44
DEBUG:matplotlib.font_manager:findfont: score(<Font 'NotoSansMono Nerd Font' (Noto Sans Mono Condensed Bold Nerd Font Complete.ttf) normal normal 700 condensed>) = 10.535
DEBUG:matplotlib.font_manager:findfont: score(<Font 'Noto Sans Sinhala' (NotoSansSinhala-Bold.ttf) normal normal 700 normal>) = 10.335
DEBUG:matplotlib.font_manager:findfont: score(<Font 'NotoSans Nerd Font Mono' (Noto Sans Condensed Bold Italic Nerd Font Complete Mono.ttf) italic normal 700 condensed>) = 11.535
DEBUG:matplotlib.font_manager:findfont: score(<Font 'Noto Sans Anatolian Hieroglyphs' (NotoSansAnatolianHieroglyphs-Regular.ttf) normal normal regular normal>) = 10.05
DEBUG:matplotlib.font_manager:findfont: score(<Font 'NotoSansDisplay Nerd Font Mono' (Noto Sans Display ExtraCondensed Medium Nerd Font Complete Mono.ttf) normal normal medium condensed>) = 10.344999999999999
DEBUG:matplotlib.font_manager:findfont: score(<Font 'Ubuntu Nerd Font' (Ubuntu Bold Italic Nerd Font Complete.ttf) italic normal 700 normal>) = 11.335
DEBUG:matplotlib.font_manager:findfont: score(<Font 'NotoSerifDisplay Nerd Font Mono' (Noto Serif Display Condensed Thin Italic Nerd Font Complete Mono.ttf) italic normal 400 condensed>) = 11.25
DEBUG:matplotlib.font_manager:findfont: score(<Font 'Overpass Nerd Font' (Overpass Light Nerd Font Complete.otf) normal normal light normal>) = 10.24
DEBUG:matplotlib.font_manager:findfont: score(<Font 'Noto Sans Gurmukhi UI' (NotoSansGurmukhiUI-Medium.ttf) normal normal medium normal>) = 10.145
DEBUG:matplotlib.font_manager:findfont: score(<Font 'GoMono Nerd Font' (Go Mono Nerd Font Complete.ttf) normal normal 400 normal>) = 10.05
DEBUG:matplotlib.font_manager:findfont: score(<Font 'NotoSansDisplay Nerd Font' (Noto Sans Display ExtraCondensed Black Italic Nerd Font Complete.ttf) italic normal black condensed>) = 11.725
DEBUG:matplotlib.font_manager:findfont: score(<Font 'NotoSerifDisplay Nerd Font Mono' (Noto Serif Display Condensed Light Nerd Font Complete Mono.ttf) normal normal light condensed>) = 10.44
DEBUG:matplotlib.font_manager:findfont: score(<Font 'NotoSerif Nerd Font Mono' (Noto Serif ExtraBold Italic Nerd Font Complete Mono.ttf) italic normal bold normal>) = 11.335
DEBUG:matplotlib.font_manager:findfont: score(<Font 'NotoSerif Nerd Font Mono' (Noto Serif SemiCondensed Black Italic Nerd Font Complete Mono.ttf) italic normal black condensed>) = 11.725
DEBUG:matplotlib.font_manager:findfont: score(<Font 'NotoSans Nerd Font Mono' (Noto Sans ExtraCondensed Nerd Font Complete Mono.ttf) normal normal 400 condensed>) = 10.25
DEBUG:matplotlib.font_manager:findfont: score(<Font 'NotoSansDisplay Nerd Font' (Noto Sans Display SemiCondensed Light Italic Nerd Font Complete.ttf) italic normal light condensed>) = 11.44
DEBUG:matplotlib.font_manager:findfont: score(<Font 'Lekton Nerd Font Mono' (Lekton Nerd Font Complete Mono.ttf) normal normal 400 normal>) = 10.05
DEBUG:matplotlib.font_manager:findfont: score(<Font 'mplus Nerd Font' (M+ 1mn medium Nerd Font Complete.ttf) normal normal medium normal>) = 10.145
DEBUG:matplotlib.font_manager:findfont: score(<Font 'Hasklug Nerd Font Mono' (Hasklug Medium Italic Nerd Font Complete Mono.otf) italic normal medium normal>) = 11.145
DEBUG:matplotlib.font_manager:findfont: score(<Font 'NotoSans Nerd Font Mono' (Noto Sans SemiCondensed ExtraBold Nerd Font Complete Mono.ttf) normal normal bold condensed>) = 10.535
DEBUG:matplotlib.font_manager:findfont: score(<Font 'Ubuntu Nerd Font Mono' (Ubuntu Nerd Font Complete Mono.ttf) normal normal 400 normal>) = 10.05
DEBUG:matplotlib.font_manager:findfont: score(<Font 'MesloLGMDZ Nerd Font Mono' (Meslo LG M DZ Regular Nerd Font Complete Mono.otf) normal normal regular normal>) = 10.05
DEBUG:matplotlib.font_manager:findfont: score(<Font 'Noto Serif Sinhala' (NotoSerifSinhala-Thin.ttf) normal normal 400 normal>) = 10.05
DEBUG:matplotlib.font_manager:findfont: score(<Font 'Noto Sans Mongolian' (NotoSansMongolian-Regular.ttf) normal normal regular normal>) = 10.05
DEBUG:matplotlib.font_manager:findfont: score(<Font 'NotoSansMono Nerd Font Mono' (Noto Sans Mono SemiCondensed ExtraBold Nerd Font Complete Mono.ttf) normal normal bold condensed>) = 10.535
DEBUG:matplotlib.font_manager:findfont: score(<Font 'Noto Sans Cham' (NotoSansCham-Regular.ttf) normal normal regular normal>) = 10.05
DEBUG:matplotlib.font_manager:findfont: score(<Font 'mplus Nerd Font' (M+ 1p heavy Nerd Font Complete.ttf) normal normal 700 normal>) = 10.335
DEBUG:matplotlib.font_manager:findfont: score(<Font 'mplus Nerd Font' (M+ 1c light Nerd Font Complete.ttf) normal normal light normal>) = 10.24
DEBUG:matplotlib.font_manager:findfont: score(<Font 'Overpass Nerd Font' (Overpass Thin Nerd Font Complete.otf) normal normal 400 normal>) = 10.05
DEBUG:matplotlib.font_manager:findfont: score(<Font 'Noto Serif Display' (NotoSerifDisplay-LightItalic.ttf) italic normal light normal>) = 11.24
DEBUG:matplotlib.font_manager:findfont: score(<Font 'Iosevka' (Iosevka Medium Nerd Font Complete.ttf) normal normal medium normal>) = 10.145
DEBUG:matplotlib.font_manager:findfont: score(<Font 'NotoSansDisplay Nerd Font' (Noto Sans Display Condensed SemiBold Nerd Font Complete.ttf) normal normal semibold condensed>) = 10.44
DEBUG:matplotlib.font_manager:findfont: score(<Font 'BitstreamVeraSansMono Nerd Font' (Bitstream Vera Sans Mono Nerd Font Complete.ttf) normal normal 400 normal>) = 10.05
DEBUG:matplotlib.font_manager:findfont: score(<Font 'Iosevka Term' (Iosevka Term Italic Nerd Font Complete Mono.ttf) italic normal 400 normal>) = 11.05
DEBUG:matplotlib.font_manager:findfont: score(<Font 'CodeNewRoman Nerd Font' (Code New Roman Italic Nerd Font Complete.otf) italic normal roman normal>) = 11.145
DEBUG:matplotlib.font_manager:findfont: score(<Font 'Noto Serif Tamil' (NotoSerifTamil-Medium.ttf) normal normal medium normal>) = 10.145
DEBUG:matplotlib.font_manager:findfont: score(<Font 'Noto Sans Telugu UI' (NotoSansTeluguUI-Medium.ttf) normal normal medium normal>) = 10.145
DEBUG:matplotlib.font_manager:findfont: score(<Font 'Noto Sans Lycian' (NotoSansLycian-Regular.ttf) normal normal regular normal>) = 10.05
DEBUG:matplotlib.font_manager:findfont: score(<Font 'NotoSerifDisplay Nerd Font' (Noto Serif Display ExtraCondensed ExtraLight Italic Nerd Font Complete.ttf) italic normal light condensed>) = 11.44
DEBUG:matplotlib.font_manager:findfont: score(<Font 'NotoSansDisplay Nerd Font Mono' (Noto Sans Display Light Nerd Font Complete Mono.ttf) normal normal light normal>) = 10.24
DEBUG:matplotlib.font_manager:findfont: score(<Font 'NotoSerifDisplay Nerd Font' (Noto Serif Display SemiCondensed Black Nerd Font Complete.ttf) normal normal black condensed>) = 10.725
DEBUG:matplotlib.font_manager:findfont: score(<Font 'NotoSerifDisplay Nerd Font' (Noto Serif Display SemiCondensed Medium Nerd Font Complete.ttf) normal normal medium condensed>) = 10.344999999999999
DEBUG:matplotlib.font_manager:findfont: score(<Font 'Monoid Nerd Font' (Monoid Bold Nerd Font Complete.ttf) normal normal 700 normal>) = 10.335
DEBUG:matplotlib.font_manager:findfont: score(<Font 'Noto Sans Georgian' (NotoSansGeorgian-Thin.ttf) normal normal 400 normal>) = 10.05
DEBUG:matplotlib.font_manager:findfont: score(<Font 'Noto Serif Armenian' (NotoSerifArmenian-Medium.ttf) normal normal medium normal>) = 10.145
DEBUG:matplotlib.font_manager:findfont: score(<Font 'NotoSerifDisplay Nerd Font' (Noto Serif Display SemiCondensed Black Italic Nerd Font Complete.ttf) italic normal black condensed>) = 11.725
DEBUG:matplotlib.font_manager:findfont: score(<Font 'OverpassMono Nerd Font' (Overpass Mono Light Nerd Font Complete.otf) normal normal light normal>) = 10.24
DEBUG:matplotlib.font_manager:findfont: score(<Font 'NotoSerifDisplay Nerd Font Mono' (Noto Serif Display Condensed Italic Nerd Font Complete Mono.ttf) italic normal 400 condensed>) = 11.25
DEBUG:matplotlib.font_manager:findfont: score(<Font 'NotoSerif Nerd Font' (Noto Serif SemiCondensed Medium Italic Nerd Font Complete.ttf) italic normal medium condensed>) = 11.344999999999999
DEBUG:matplotlib.font_manager:findfont: score(<Font 'NotoSans Nerd Font Mono' (Noto Sans Condensed ExtraBold Italic Nerd Font Complete Mono.ttf) italic normal bold condensed>) = 11.535
DEBUG:matplotlib.font_manager:findfont: score(<Font 'Noto Serif Gurmukhi' (NotoSerifGurmukhi-Thin.ttf) normal normal 400 normal>) = 10.05
DEBUG:matplotlib.font_manager:findfont: score(<Font 'FuraMono Nerd Font Mono' (Fura Mono Bold Nerd Font Complete Mono.otf) normal normal 700 normal>) = 10.335
DEBUG:matplotlib.font_manager:findfont: score(<Font 'NotoSansMono Nerd Font Mono' (Noto Sans Mono Condensed Black Nerd Font Complete Mono.ttf) normal normal black condensed>) = 10.725
DEBUG:matplotlib.font_manager:findfont: score(<Font 'SauceCodePro Nerd Font' (Sauce Code Pro Semibold Italic Nerd Font Complete.ttf) italic normal semibold normal>) = 11.24
DEBUG:matplotlib.font_manager:findfont: score(<Font 'InconsolataGo Nerd Font Mono' (InconsolataGo Bold Nerd Font Complete Mono.ttf) normal normal 700 normal>) = 10.335
DEBUG:matplotlib.font_manager:findfont: score(<Font 'Noto Sans Malayalam' (NotoSansMalayalam-Medium.ttf) normal normal medium normal>) = 10.145
DEBUG:matplotlib.font_manager:findfont: score(<Font 'Cousine Nerd Font' (Cousine Regular Nerd Font Complete.ttf) normal normal regular normal>) = 10.05
DEBUG:matplotlib.font_manager:findfont: score(<Font 'Tinos Nerd Font Mono' (Tinos Bold Italic Nerd Font Complete Mono.ttf) italic normal 700 normal>) = 11.335
DEBUG:matplotlib.font_manager:findfont: score(<Font 'NotoSansDisplay Nerd Font' (Noto Sans Display ExtraCondensed Medium Nerd Font Complete.ttf) normal normal medium condensed>) = 10.344999999999999
DEBUG:matplotlib.font_manager:findfont: score(<Font 'NotoSansDisplay Nerd Font' (Noto Sans Display ExtraCondensed Light Italic Nerd Font Complete.ttf) italic normal light condensed>) = 11.44
DEBUG:matplotlib.font_manager:findfont: score(<Font 'NotoSansMono Nerd Font' (Noto Sans Mono Regular Nerd Font Complete.ttf) normal normal regular normal>) = 10.05
DEBUG:matplotlib.font_manager:findfont: score(<Font 'RobotoMono Nerd Font' (Roboto Mono Thin Nerd Font Complete.ttf) normal normal 400 normal>) = 10.05
DEBUG:matplotlib.font_manager:findfont: score(<Font 'UbuntuMono Nerd Font' (Ubuntu Mono Nerd Font Complete.ttf) normal normal 400 normal>) = 10.05
DEBUG:matplotlib.font_manager:findfont: score(<Font 'Overpass Nerd Font' (Overpass SemiBold Nerd Font Complete.otf) normal normal 700 normal>) = 10.335
DEBUG:matplotlib.font_manager:findfont: score(<Font 'NotoSans Nerd Font' (Noto Sans ExtraLight Nerd Font Complete.ttf) normal normal light normal>) = 10.24
DEBUG:matplotlib.font_manager:findfont: score(<Font 'NotoSerif Nerd Font Mono' (Noto Serif ExtraCondensed Bold Nerd Font Complete Mono.ttf) normal normal 700 condensed>) = 10.535
DEBUG:matplotlib.font_manager:findfont: score(<Font 'NotoSerifDisplay Nerd Font' (Noto Serif Display ExtraCondensed Italic Nerd Font Complete.ttf) italic normal 400 condensed>) = 11.25
DEBUG:matplotlib.font_manager:findfont: score(<Font 'Noto Sans' (NotoSans-Light.ttf) normal normal light normal>) = 10.24
DEBUG:matplotlib.font_manager:findfont: score(<Font 'NotoSerif Nerd Font' (Noto Serif ExtraCondensed ExtraBold Nerd Font Complete.ttf) normal normal bold condensed>) = 10.535
DEBUG:matplotlib.font_manager:findfont: score(<Font 'Iosevka' (Iosevka Heavy Italic Nerd Font Complete.ttf) italic normal 700 normal>) = 11.335
DEBUG:matplotlib.font_manager:findfont: score(<Font 'NotoSansMono Nerd Font' (Noto Sans Mono SemiCondensed SemiBold Nerd Font Complete.ttf) normal normal semibold condensed>) = 10.44
DEBUG:matplotlib.font_manager:findfont: score(<Font 'FuraCode Nerd Font' (Fura Code Medium Nerd Font Complete.otf) normal normal medium normal>) = 10.145
DEBUG:matplotlib.font_manager:findfont: score(<Font 'NotoSerifDisplay Nerd Font' (Noto Serif Display SemiCondensed Black Italic Nerd Font Complete.ttf) italic normal black condensed>) = 11.725
DEBUG:matplotlib.font_manager:findfont: score(<Font 'NotoSansDisplay Nerd Font' (Noto Sans Display SemiCondensed ExtraBold Italic Nerd Font Complete.ttf) italic normal bold condensed>) = 11.535
DEBUG:matplotlib.font_manager:findfont: score(<Font 'mplus Nerd Font' (M+ 2m light Nerd Font Complete.ttf) normal normal light normal>) = 10.24
DEBUG:matplotlib.font_manager:findfont: score(<Font 'NotoSans Nerd Font' (Noto Sans SemiCondensed Thin Italic Nerd Font Complete.ttf) italic normal 400 condensed>) = 11.25
DEBUG:matplotlib.font_manager:findfont: score(<Font 'NotoSansDisplay Nerd Font' (Noto Sans Display Black Italic Nerd Font Complete.ttf) italic normal black normal>) = 11.525
DEBUG:matplotlib.font_manager:findfont: score(<Font 'NotoSerif Nerd Font' (Noto Serif ExtraCondensed Black Italic Nerd Font Complete.ttf) italic normal black condensed>) = 11.725
DEBUG:matplotlib.font_manager:findfont: score(<Font 'DejaVu Sans' (DejaVuSans-Oblique.ttf) oblique normal 400 normal>) = 1.05
DEBUG:matplotlib.font_manager:findfont: score(<Font 'mplus Nerd Font Mono' (M+ 2m thin Nerd Font Complete Mono.ttf) normal normal 400 normal>) = 10.05
DEBUG:matplotlib.font_manager:findfont: score(<Font 'NotoSansDisplay Nerd Font Mono' (Noto Sans Display ExtraCondensed Light Italic Nerd Font Complete Mono.ttf) italic normal light condensed>) = 11.44
DEBUG:matplotlib.font_manager:findfont: score(<Font 'NotoSerifDisplay Nerd Font' (Noto Serif Display Condensed Light Nerd Font Complete.ttf) normal normal light condensed>) = 10.44
DEBUG:matplotlib.font_manager:findfont: score(<Font 'Noto Sans Display' (NotoSansDisplay-Medium.ttf) normal normal medium normal>) = 10.145
DEBUG:matplotlib.font_manager:findfont: score(<Font 'BlexMono Nerd Font Mono' (Blex Mono ExtraLight Italic Nerd Font Complete Mono.ttf) italic normal light normal>) = 11.24
DEBUG:matplotlib.font_manager:findfont: score(<Font 'Overpass Nerd Font Mono' (Overpass Light Italic Nerd Font Complete Mono.otf) italic normal light normal>) = 11.24
DEBUG:matplotlib.font_manager:findfont: score(<Font 'NotoSans Nerd Font' (Noto Sans SemiCondensed Bold Nerd Font Complete.ttf) normal normal 700 condensed>) = 10.535
DEBUG:matplotlib.font_manager:findfont: score(<Font 'NotoSerifDisplay Nerd Font Mono' (Noto Serif Display Condensed Black Nerd Font Complete Mono.ttf) normal normal black condensed>) = 10.725
DEBUG:matplotlib.font_manager:findfont: score(<Font 'NotoSansDisplay Nerd Font Mono' (Noto Sans Display Condensed SemiBold Italic Nerd Font Complete Mono.ttf) italic normal semibold condensed>) = 11.44
DEBUG:matplotlib.font_manager:findfont: score(<Font 'NotoSerifDisplay Nerd Font' (Noto Serif Display ExtraBold Italic Nerd Font Complete.ttf) italic normal bold normal>) = 11.335
DEBUG:matplotlib.font_manager:findfont: score(<Font 'NotoSerif Nerd Font' (Noto Serif SemiCondensed Medium Nerd Font Complete.ttf) normal normal medium condensed>) = 10.344999999999999
DEBUG:matplotlib.font_manager:findfont: score(<Font 'Noto Sans Malayalam' (NotoSansMalayalam-Light.ttf) normal normal light normal>) = 10.24
DEBUG:matplotlib.font_manager:findfont: score(<Font 'BlexMono Nerd Font' (Blex Mono ExtraLight Italic Nerd Font Complete.ttf) italic normal light normal>) = 11.24
DEBUG:matplotlib.font_manager:findfont: score(<Font 'DejaVu Sans Mono for Powerline' (DejaVuSansMono.ttf) normal normal 400 normal>) = 10.05
DEBUG:matplotlib.font_manager:findfont: score(<Font 'Lekton Nerd Font' (Lekton-Bold Nerd Font Complete.ttf) normal normal 700 normal>) = 10.335
DEBUG:matplotlib.font_manager:findfont: score(<Font 'FuraMono Nerd Font Mono' (Fura Mono Regular Nerd Font Complete Mono.otf) normal normal 400 normal>) = 10.05
DEBUG:matplotlib.font_manager:findfont: score(<Font 'NotoSans Nerd Font Mono' (Noto Sans SemiCondensed Thin Nerd Font Complete Mono.ttf) normal normal 400 condensed>) = 10.25
DEBUG:matplotlib.font_manager:findfont: score(<Font 'NotoSansDisplay Nerd Font' (Noto Sans Display ExtraBold Italic Nerd Font Complete.ttf) italic normal bold normal>) = 11.335
DEBUG:matplotlib.font_manager:findfont: score(<Font 'NotoSans Nerd Font Mono' (Noto Sans ExtraCondensed SemiBold Nerd Font Complete Mono.ttf) normal normal semibold condensed>) = 10.44
DEBUG:matplotlib.font_manager:findfont: score(<Font 'Overpass Nerd Font' (Overpass SemiBold Nerd Font Complete.otf) normal normal 700 normal>) = 10.335
DEBUG:matplotlib.font_manager:findfont: score(<Font 'OverpassMono Nerd Font Mono' (Overpass Mono SemiBold Nerd Font Complete Mono.otf) normal normal 700 normal>) = 10.335
DEBUG:matplotlib.font_manager:findfont: score(<Font 'UbuntuCondensed Nerd Font Mono' (Ubuntu Condensed Nerd Font Complete Mono.ttf) normal normal 400 condensed>) = 10.25
DEBUG:matplotlib.font_manager:findfont: score(<Font 'RobotoMono Nerd Font Mono' (Roboto Mono Bold Italic Nerd Font Complete Mono.ttf) italic normal 700 normal>) = 11.335
DEBUG:matplotlib.font_manager:findfont: score(<Font 'Monoid Nerd Font' (Monoid Retina Nerd Font Complete.ttf) normal normal 400 normal>) = 10.05
DEBUG:matplotlib.font_manager:findfont: score(<Font 'Noto Serif Tibetan' (NotoSerifTibetan-Black.ttf) normal normal black normal>) = 10.525
DEBUG:matplotlib.font_manager:findfont: score(<Font 'Hasklug Nerd Font Mono' (Hasklug ExtraLight Nerd Font Complete Mono.otf) normal normal light normal>) = 10.24
DEBUG:matplotlib.font_manager:findfont: score(<Font 'NotoSans Nerd Font' (Noto Sans ExtraCondensed Black Italic Nerd Font Complete.ttf) italic normal black condensed>) = 11.725
DEBUG:matplotlib.font_manager:findfont: score(<Font 'Noto Sans Cherokee' (NotoSansCherokee-Bold.ttf) normal normal 700 normal>) = 10.335
DEBUG:matplotlib.font_manager:findfont: score(<Font 'DejaVuSansMono Nerd Font' (DejaVu Sans Mono Nerd Font Complete.ttf) normal normal 400 normal>) = 10.05
DEBUG:matplotlib.font_manager:findfont: score(<Font 'NotoSerif Nerd Font Mono' (Noto Serif SemiCondensed Light Italic Nerd Font Complete Mono.ttf) italic normal light condensed>) = 11.44
DEBUG:matplotlib.font_manager:findfont: score(<Font 'NotoSerif Nerd Font Mono' (Noto Serif Condensed Black Italic Nerd Font Complete Mono.ttf) italic normal black condensed>) = 11.725
DEBUG:matplotlib.font_manager:findfont: score(<Font 'Iosevka Term' (Iosevka Term Heavy Nerd Font Complete.ttf) normal normal 700 normal>) = 10.335
DEBUG:matplotlib.font_manager:findfont: score(<Font 'Noto Sans Tibetan' (NotoSansTibetan-Bold.ttf) normal normal 700 normal>) = 10.335
DEBUG:matplotlib.font_manager:findfont: score(<Font 'Tinos Nerd Font' (Tinos Bold Italic Nerd Font Complete.ttf) italic normal 700 normal>) = 11.335
DEBUG:matplotlib.font_manager:findfont: score(<Font 'BlexMono Nerd Font Mono' (Blex Mono ExtraLight Nerd Font Complete Mono.ttf) normal normal light normal>) = 10.24
DEBUG:matplotlib.font_manager:findfont: score(<Font 'BlexMono Nerd Font Mono' (Blex Mono Light Italic Nerd Font Complete Mono.ttf) italic normal light normal>) = 11.24
DEBUG:matplotlib.font_manager:findfont: score(<Font 'NotoSansMono Nerd Font' (Noto Sans Mono ExtraCondensed Bold Nerd Font Complete.ttf) normal normal 700 condensed>) = 10.535
DEBUG:matplotlib.font_manager:findfont: score(<Font 'CodeNewRoman Nerd Font Mono' (Code New Roman Bold Nerd Font Complete Mono.otf) normal normal 700 normal>) = 10.335
DEBUG:matplotlib.font_manager:findfont: score(<Font 'mplus Nerd Font' (M+ 2m Nerd Font Complete.ttf) normal normal 400 normal>) = 10.05
DEBUG:matplotlib.font_manager:findfont: score(<Font 'Hack Nerd Font' (Hack Italic Nerd Font Complete.ttf) italic normal 400 normal>) = 11.05
DEBUG:matplotlib.font_manager:findfont: score(<Font 'Noto Serif Myanmar' (NotoSerifMyanmar-Black.ttf) normal normal black normal>) = 10.525
DEBUG:matplotlib.font_manager:findfont: score(<Font 'Hasklug Nerd Font' (Hasklug ExtraLight Nerd Font Complete.otf) normal normal light normal>) = 10.24
DEBUG:matplotlib.font_manager:findfont: score(<Font 'URW Bookman' (URWBookman-Demi.otf) normal normal book normal>) = 10.05
DEBUG:matplotlib.font_manager:findfont: score(<Font 'Noto Sans Kannada UI' (NotoSansKannadaUI-Regular.ttf) normal normal regular normal>) = 10.05
DEBUG:matplotlib.font_manager:findfont: score(<Font 'NotoSans Nerd Font' (Noto Sans ExtraCondensed SemiBold Nerd Font Complete.ttf) normal normal semibold condensed>) = 10.44
DEBUG:matplotlib.font_manager:findfont: score(<Font 'NotoSans Nerd Font Mono' (Noto Sans Condensed Italic Nerd Font Complete Mono.ttf) italic normal 400 condensed>) = 11.25
DEBUG:matplotlib.font_manager:findfont: score(<Font 'FuraCode Nerd Font' (Fura Code Light Nerd Font Complete.otf) normal normal light normal>) = 10.24
DEBUG:matplotlib.font_manager:findfont: score(<Font 'NotoSansMono Nerd Font Mono' (Noto Sans Mono ExtraCondensed Light Nerd Font Complete Mono.ttf) normal normal light condensed>) = 10.44
DEBUG:matplotlib.font_manager:findfont: score(<Font 'Iosevka Term' (Iosevka Term Nerd Font Complete Mono.ttf) normal normal 400 normal>) = 10.05
DEBUG:matplotlib.font_manager:findfont: score(<Font 'Noto Serif Devanagari' (NotoSerifDevanagari-Bold.ttf) normal normal 700 normal>) = 10.335
DEBUG:matplotlib.font_manager:findfont: score(<Font 'mplus Nerd Font' (M+ 1m Nerd Font Complete.ttf) normal normal 400 normal>) = 10.05
DEBUG:matplotlib.font_manager:findfont: score(<Font 'mplus Nerd Font' (M+ 1c heavy Nerd Font Complete.ttf) normal normal 700 normal>) = 10.335
DEBUG:matplotlib.font_manager:findfont: score(<Font 'Noto Sans Ol Chiki' (NotoSansOlChiki-Regular.ttf) normal normal regular normal>) = 10.05
DEBUG:matplotlib.font_manager:findfont: score(<Font 'Iosevka' (Iosevka Bold Italic Nerd Font Complete Mono.ttf) italic normal 700 normal>) = 11.335
DEBUG:matplotlib.font_manager:findfont: score(<Font 'P052' (P052-BoldItalic.otf) italic normal 700 normal>) = 11.335
DEBUG:matplotlib.font_manager:findfont: score(<Font 'NotoSans Nerd Font Mono' (Noto Sans SemiCondensed Light Italic Nerd Font Complete Mono.ttf) italic normal light condensed>) = 11.44
DEBUG:matplotlib.font_manager:findfont: score(<Font 'NotoSerifDisplay Nerd Font' (Noto Serif Display ExtraCondensed ExtraLight Nerd Font Complete.ttf) normal normal light condensed>) = 10.44
DEBUG:matplotlib.font_manager:findfont: score(<Font 'Noto Sans' (NotoSans-BlackItalic.ttf) italic normal black normal>) = 11.525
DEBUG:matplotlib.font_manager:findfont: score(<Font 'GoMono Nerd Font' (Go Mono Bold Nerd Font Complete.ttf) normal normal 700 normal>) = 10.335
DEBUG:matplotlib.font_manager:findfont: score(<Font 'NotoSansMono Nerd Font Mono' (Noto Sans Mono Condensed Bold Nerd Font Complete Mono.ttf) normal normal 700 condensed>) = 10.535
DEBUG:matplotlib.font_manager:findfont: score(<Font 'NotoSans Nerd Font Mono' (Noto Sans SemiCondensed Medium Nerd Font Complete Mono.ttf) normal normal medium condensed>) = 10.344999999999999
DEBUG:matplotlib.font_manager:findfont: score(<Font 'mplus Nerd Font Mono' (M+ 2c medium Nerd Font Complete Mono.ttf) normal normal medium normal>) = 10.145
DEBUG:matplotlib.font_manager:findfont: score(<Font 'Hasklug Nerd Font Mono' (Hasklug Light Italic Nerd Font Complete Mono.otf) italic normal light normal>) = 11.24
DEBUG:matplotlib.font_manager:findfont: score(<Font 'NotoSans Nerd Font Mono' (Noto Sans Light Nerd Font Complete Mono.ttf) normal normal light normal>) = 10.24
DEBUG:matplotlib.font_manager:findfont: score(<Font 'Noto Serif' (NotoSerif-ThinItalic.ttf) italic normal 400 normal>) = 11.05
DEBUG:matplotlib.font_manager:findfont: score(<Font 'Noto Sans Kaithi' (NotoSansKaithi-Regular.ttf) normal normal regular normal>) = 10.05
DEBUG:matplotlib.font_manager:findfont: score(<Font 'mononoki Nerd Font Mono' (mononoki Italic Nerd Font Complete Mono.ttf) italic normal 400 normal>) = 11.05
DEBUG:matplotlib.font_manager:findfont: score(<Font 'Ubuntu Nerd Font' (Ubuntu Light Italic Nerd Font Complete.ttf) italic normal light normal>) = 11.24
DEBUG:matplotlib.font_manager:findfont: score(<Font 'UbuntuMono Nerd Font Mono' (Ubuntu Mono Nerd Font Complete Mono.ttf) normal normal 400 normal>) = 10.05
DEBUG:matplotlib.font_manager:findfont: score(<Font 'NotoSans Nerd Font' (Noto Sans ExtraCondensed Medium Nerd Font Complete.ttf) normal normal medium condensed>) = 10.344999999999999
DEBUG:matplotlib.font_manager:findfont: score(<Font 'Noto Serif Gujarati' (NotoSerifGujarati-Thin.ttf) normal normal 400 normal>) = 10.05
DEBUG:matplotlib.font_manager:findfont: score(<Font 'mplus Nerd Font' (M+ 2m medium Nerd Font Complete.ttf) normal normal medium normal>) = 10.145
DEBUG:matplotlib.font_manager:findfont: score(<Font 'NotoSans Nerd Font' (Noto Sans Thin Nerd Font Complete.ttf) normal normal 400 normal>) = 10.05
DEBUG:matplotlib.font_manager:findfont: score(<Font 'Noto Sans Bengali' (NotoSansBengali-Black.ttf) normal normal black normal>) = 10.525
DEBUG:matplotlib.font_manager:findfont: score(<Font 'NotoSansMono Nerd Font' (Noto Sans Mono SemiCondensed ExtraLight Nerd Font Complete.ttf) normal normal light condensed>) = 10.44
DEBUG:matplotlib.font_manager:findfont: score(<Font 'NotoSerifDisplay Nerd Font' (Noto Serif Display Condensed Thin Italic Nerd Font Complete.ttf) italic normal 400 condensed>) = 11.25
DEBUG:matplotlib.font_manager:findfont: score(<Font 'NotoSansMono Nerd Font Mono' (Noto Sans Mono Condensed ExtraLight Nerd Font Complete Mono.ttf) normal normal light condensed>) = 10.44
DEBUG:matplotlib.font_manager:findfont: score(<Font 'Goha-Tibeb Zemen' (GohaTibebZemen.otf) normal normal 400 normal>) = 10.05
DEBUG:matplotlib.font_manager:findfont: score(<Font 'Arimo Nerd Font' (Arimo Regular Nerd Font Complete.ttf) normal normal regular normal>) = 10.05
DEBUG:matplotlib.font_manager:findfont: score(<Font 'NotoSerif Nerd Font' (Noto Serif SemiCondensed Medium Italic Nerd Font Complete.ttf) italic normal medium condensed>) = 11.344999999999999
DEBUG:matplotlib.font_manager:findfont: score(<Font 'NotoEmoji Nerd Font Mono' (Noto Emoji Nerd Font Complete Mono.ttf) normal normal 400 normal>) = 10.05
DEBUG:matplotlib.font_manager:findfont: score(<Font 'Noto Sans Nabataean' (NotoSansNabataean-Regular.ttf) normal normal regular normal>) = 10.05
DEBUG:matplotlib.font_manager:findfont: score(<Font 'FantasqueSansMono Nerd Font' (Fantasque Sans Mono Bold Italic Nerd Font Complete.ttf) italic normal 700 normal>) = 11.335
DEBUG:matplotlib.font_manager:findfont: score(<Font 'NotoSerif Nerd Font Mono' (Noto Serif SemiBold Italic Nerd Font Complete Mono.ttf) italic normal semibold normal>) = 11.24
DEBUG:matplotlib.font_manager:findfont: score(<Font 'NotoSerifDisplay Nerd Font Mono' (Noto Serif Display Italic Nerd Font Complete Mono.ttf) italic normal 400 normal>) = 11.05
DEBUG:matplotlib.font_manager:findfont: score(<Font 'Hasklug Nerd Font' (Hasklug Black Italic Nerd Font Complete.otf) italic normal black normal>) = 11.525
DEBUG:matplotlib.font_manager:findfont: score(<Font 'NotoSansMono Nerd Font Mono' (Noto Sans Mono ExtraCondensed ExtraLight Nerd Font Complete Mono.ttf) normal normal light condensed>) = 10.44
DEBUG:matplotlib.font_manager:findfont: score(<Font 'Serto Malankara' (SyrCOMMalankara.otf) normal normal 400 normal>) = 10.05
DEBUG:matplotlib.font_manager:findfont: score(<Font 'mplus Nerd Font Mono' (M+ 2m Nerd Font Complete Mono.ttf) normal normal 400 normal>) = 10.05
DEBUG:matplotlib.font_manager:findfont: score(<Font 'mplus Nerd Font Mono' (M+ 1c medium Nerd Font Complete Mono.ttf) normal normal medium normal>) = 10.145
DEBUG:matplotlib.font_manager:findfont: score(<Font 'NotoSansMono Nerd Font Mono' (Noto Sans Mono Condensed Thin Nerd Font Complete Mono.ttf) normal normal 400 condensed>) = 10.25
DEBUG:matplotlib.font_manager:findfont: score(<Font 'mplus Nerd Font Mono' (M+ 2p bold Nerd Font Complete Mono.ttf) normal normal 700 normal>) = 10.335
DEBUG:matplotlib.font_manager:findfont: score(<Font 'Ubuntu Nerd Font Mono' (Ubuntu Light Italic Nerd Font Complete Mono.ttf) italic normal light normal>) = 11.24
DEBUG:matplotlib.font_manager:findfont: score(<Font 'Overpass Nerd Font' (Overpass ExtraLight Nerd Font Complete.otf) normal normal light normal>) = 10.24
DEBUG:matplotlib.font_manager:findfont: score(<Font 'NotoSansMono Nerd Font Mono' (Noto Sans Mono Bold Nerd Font Complete Mono.ttf) normal normal 700 normal>) = 10.335
DEBUG:matplotlib.font_manager:findfont: score(<Font 'Noto Serif Bengali' (NotoSerifBengali-Medium.ttf) normal normal medium normal>) = 10.145
DEBUG:matplotlib.font_manager:findfont: score(<Font 'URW Bookman' (URWBookman-DemiItalic.otf) italic normal book normal>) = 11.05
DEBUG:matplotlib.font_manager:findfont: score(<Font 'NotoSerifDisplay Nerd Font Mono' (Noto Serif Display Light Nerd Font Complete Mono.ttf) normal normal light normal>) = 10.24
DEBUG:matplotlib.font_manager:findfont: score(<Font 'LiterationMono Nerd Font' (Literation Mono Nerd Font Complete.ttf) normal normal 400 normal>) = 10.05
DEBUG:matplotlib.font_manager:findfont: score(<Font 'NotoSans Nerd Font' (Noto Sans Medium Italic Nerd Font Complete.ttf) italic normal medium normal>) = 11.145
DEBUG:matplotlib.font_manager:findfont: score(<Font 'Noto Sans Gurmukhi' (NotoSansGurmukhi-Black.ttf) normal normal black normal>) = 10.525
DEBUG:matplotlib.font_manager:findfont: score(<Font 'NotoSansDisplay Nerd Font Mono' (Noto Sans Display ExtraCondensed ExtraBold Nerd Font Complete Mono.ttf) normal normal bold condensed>) = 10.535
DEBUG:matplotlib.font_manager:findfont: score(<Font 'Noto Serif Lao' (NotoSerifLao-Regular.ttf) normal normal regular normal>) = 10.05
DEBUG:matplotlib.font_manager:findfont: score(<Font 'NotoSansMono Nerd Font' (Noto Sans Mono Condensed Thin Nerd Font Complete.ttf) normal normal 400 condensed>) = 10.25
DEBUG:matplotlib.font_manager:findfont: score(<Font 'SpaceMono Nerd Font' (Space Mono Bold Nerd Font Complete.ttf) normal normal 700 normal>) = 10.335
DEBUG:matplotlib.font_manager:findfont: score(<Font 'NotoSans Nerd Font Mono' (Noto Sans ExtraCondensed ExtraLight Italic Nerd Font Complete Mono.ttf) italic normal light condensed>) = 11.44
DEBUG:matplotlib.font_manager:findfont: score(<Font 'NotoSans Nerd Font Mono' (Noto Sans ExtraCondensed Bold Nerd Font Complete Mono.ttf) normal normal 700 condensed>) = 10.535
DEBUG:matplotlib.font_manager:findfont: score(<Font 'NotoSansDisplay Nerd Font' (Noto Sans Display ExtraLight Nerd Font Complete.ttf) normal normal light normal>) = 10.24
DEBUG:matplotlib.font_manager:findfont: score(<Font 'NotoSerif Nerd Font' (Noto Serif Condensed Italic Nerd Font Complete.ttf) italic normal 400 condensed>) = 11.25
DEBUG:matplotlib.font_manager:findfont: score(<Font 'Monofurbold Nerd Font' (monofur bold Nerd Font Complete.ttf) normal normal 700 normal>) = 10.335
DEBUG:matplotlib.font_manager:findfont: score(<Font 'NotoSerif Nerd Font Mono' (Noto Serif SemiCondensed ExtraBold Nerd Font Complete Mono.ttf) normal normal bold condensed>) = 10.535
DEBUG:matplotlib.font_manager:findfont: score(<Font 'NotoSerif Nerd Font' (Noto Serif Condensed SemiBold Nerd Font Complete.ttf) normal normal semibold condensed>) = 10.44
DEBUG:matplotlib.font_manager:findfont: score(<Font 'NotoSerifDisplay Nerd Font Mono' (Noto Serif Display ExtraCondensed Nerd Font Complete Mono.ttf) normal normal 400 condensed>) = 10.25
DEBUG:matplotlib.font_manager:findfont: score(<Font 'NotoSansDisplay Nerd Font' (Noto Sans Display Condensed Bold Italic Nerd Font Complete.ttf) italic normal 700 condensed>) = 11.535
DEBUG:matplotlib.font_manager:findfont: score(<Font 'NotoSansDisplay Nerd Font Mono' (Noto Sans Display Condensed Thin Italic Nerd Font Complete Mono.ttf) italic normal 400 condensed>) = 11.25
DEBUG:matplotlib.font_manager:findfont: score(<Font 'NotoSerif Nerd Font Mono' (Noto Serif Bold Nerd Font Complete Mono.ttf) normal normal 700 normal>) = 10.335
DEBUG:matplotlib.font_manager:findfont: score(<Font 'NotoSerif Nerd Font Mono' (Noto Serif SemiCondensed ExtraBold Nerd Font Complete Mono.ttf) normal normal bold condensed>) = 10.535
DEBUG:matplotlib.font_manager:findfont: score(<Font 'FantasqueSansMono Nerd Font Mono' (Fantasque Sans Mono Regular Nerd Font Complete Mono.ttf) normal normal regular normal>) = 10.05
DEBUG:matplotlib.font_manager:findfont: score(<Font 'Iosevka Term' (Iosevka Term Medium Oblique Nerd Font Complete.ttf) oblique normal medium normal>) = 11.145
DEBUG:matplotlib.font_manager:findfont: score(<Font 'SpaceMono Nerd Font Mono' (Space Mono Bold Italic Nerd Font Complete Mono.ttf) italic normal 700 normal>) = 11.335
DEBUG:matplotlib.font_manager:findfont: score(<Font 'DejaVu Serif' (DejaVuSerifCondensed-Bold.ttf) normal normal 700 condensed>) = 10.535
DEBUG:matplotlib.font_manager:findfont: score(<Font 'NotoSansDisplay Nerd Font Mono' (Noto Sans Display Condensed Light Italic Nerd Font Complete Mono.ttf) italic normal light condensed>) = 11.44
DEBUG:matplotlib.font_manager:findfont: score(<Font 'mplus Nerd Font Mono' (M+ 2m medium Nerd Font Complete Mono.ttf) normal normal medium normal>) = 10.145
DEBUG:matplotlib.font_manager:findfont: score(<Font 'Hasklug Nerd Font Mono' (Hasklug Light Nerd Font Complete Mono.otf) normal normal light normal>) = 10.24
DEBUG:matplotlib.font_manager:findfont: score(<Font 'NotoSans Nerd Font Mono' (Noto Sans SemiCondensed ExtraLight Italic Nerd Font Complete Mono.ttf) italic normal light condensed>) = 11.44
DEBUG:matplotlib.font_manager:findfont: score(<Font 'NotoSansDisplay Nerd Font Mono' (Noto Sans Display ExtraBold Nerd Font Complete Mono.ttf) normal normal bold normal>) = 10.335
DEBUG:matplotlib.font_manager:findfont: score(<Font 'Monofur Nerd Font' (monofur Nerd Font Complete.ttf) normal normal 400 normal>) = 10.05
DEBUG:matplotlib.font_manager:findfont: score(<Font 'NotoSerif Nerd Font Mono' (Noto Serif Thin Italic Nerd Font Complete Mono.ttf) italic normal 400 normal>) = 11.05
DEBUG:matplotlib.font_manager:findfont: score(<Font 'Lekton Nerd Font Mono' (Lekton-Bold Nerd Font Complete Mono.ttf) normal normal 700 normal>) = 10.335
DEBUG:matplotlib.font_manager:findfont: score(<Font 'NotoSerifDisplay Nerd Font' (Noto Serif Display ExtraCondensed ExtraBold Nerd Font Complete.ttf) normal normal bold condensed>) = 10.535
DEBUG:matplotlib.font_manager:findfont: score(<Font 'NotoSansDisplay Nerd Font Mono' (Noto Sans Display SemiCondensed Thin Italic Nerd Font Complete Mono.ttf) italic normal 400 condensed>) = 11.25
DEBUG:matplotlib.font_manager:findfont: score(<Font 'BlexMono Nerd Font Mono' (Blex Mono Thin Italic Nerd Font Complete Mono.ttf) italic normal 400 normal>) = 11.05
DEBUG:matplotlib.font_manager:findfont: score(<Font 'Noto Sans Adlam' (NotoSansAdlam-Regular.ttf) normal normal regular normal>) = 10.05
DEBUG:matplotlib.font_manager:findfont: score(<Font 'Iosevka' (Iosevka Light Italic Nerd Font Complete Mono.ttf) italic normal light normal>) = 11.24
DEBUG:matplotlib.font_manager:findfont: score(<Font 'FuraMono Nerd Font Mono' (Fura Mono Medium Nerd Font Complete Mono.otf) normal normal medium normal>) = 10.145
DEBUG:matplotlib.font_manager:findfont: score(<Font 'Serto Jerusalem' (SyrCOMJerusalemBold.otf) normal normal 700 normal>) = 10.335
DEBUG:matplotlib.font_manager:findfont: score(<Font 'Overpass Nerd Font' (Overpass Regular Nerd Font Complete.otf) normal normal regular normal>) = 10.05
DEBUG:matplotlib.font_manager:findfont: score(<Font 'NotoSansMono Nerd Font' (Noto Sans Mono SemiCondensed Bold Nerd Font Complete.ttf) normal normal 700 condensed>) = 10.535
DEBUG:matplotlib.font_manager:findfont: score(<Font 'BlexMono Nerd Font Mono' (Blex Mono Nerd Font Complete Mono.ttf) normal normal 400 normal>) = 10.05
DEBUG:matplotlib.font_manager:findfont: score(<Font 'NotoSansDisplay Nerd Font' (Noto Sans Display Condensed Black Nerd Font Complete.ttf) normal normal black condensed>) = 10.725
DEBUG:matplotlib.font_manager:findfont: score(<Font 'Noto Serif Display' (NotoSerifDisplay-Medium.ttf) normal normal medium normal>) = 10.145
DEBUG:matplotlib.font_manager:findfont: score(<Font 'Noto Sans Bengali' (NotoSansBengali-Medium.ttf) normal normal medium normal>) = 10.145
DEBUG:matplotlib.font_manager:findfont: score(<Font 'NotoSansMono Nerd Font Mono' (Noto Sans Mono Condensed Black Nerd Font Complete Mono.ttf) normal normal black condensed>) = 10.725
DEBUG:matplotlib.font_manager:findfont: score(<Font 'NotoSansDisplay Nerd Font' (Noto Sans Display SemiCondensed ExtraLight Italic Nerd Font Complete.ttf) italic normal light condensed>) = 11.44
DEBUG:matplotlib.font_manager:findfont: score(<Font 'Iosevka' (Iosevka Heavy Oblique Nerd Font Complete Mono.ttf) oblique normal 700 normal>) = 11.335
DEBUG:matplotlib.font_manager:findfont: score(<Font 'Overpass Nerd Font Mono' (Overpass SemiBold Italic Nerd Font Complete Mono.otf) italic normal semibold normal>) = 11.24
DEBUG:matplotlib.font_manager:findfont: score(<Font 'NotoSerif Nerd Font' (Noto Serif ExtraCondensed Light Nerd Font Complete.ttf) normal normal light condensed>) = 10.44
DEBUG:matplotlib.font_manager:findfont: score(<Font 'mplus Nerd Font' (M+ 1p Nerd Font Complete.ttf) normal normal 400 normal>) = 10.05
DEBUG:matplotlib.font_manager:findfont: score(<Font 'RobotoMono Nerd Font' (Roboto Mono Thin Nerd Font Complete.ttf) normal normal 400 normal>) = 10.05
DEBUG:matplotlib.font_manager:findfont: score(<Font 'NotoSans Nerd Font' (Noto Sans Condensed SemiBold Nerd Font Complete.ttf) normal normal semibold condensed>) = 10.44
DEBUG:matplotlib.font_manager:findfont: score(<Font 'SauceCodePro Nerd Font' (Sauce Code Pro Light Nerd Font Complete.ttf) normal normal light normal>) = 10.24
DEBUG:matplotlib.font_manager:findfont: score(<Font 'NotoSansDisplay Nerd Font' (Noto Sans Display Condensed Thin Nerd Font Complete.ttf) normal normal 400 condensed>) = 10.25
DEBUG:matplotlib.font_manager:findfont: score(<Font 'mononoki Nerd Font' (mononoki-Regular Nerd Font Complete.ttf) normal normal regular normal>) = 10.05
DEBUG:matplotlib.font_manager:findfont: score(<Font 'Libertinus Math' (LibertinusMath-Regular.otf) normal normal regular normal>) = 10.05
DEBUG:matplotlib.font_manager:findfont: score(<Font 'Cousine Nerd Font Mono' (Cousine Bold Italic Nerd Font Complete Mono.ttf) italic normal 700 normal>) = 11.335
DEBUG:matplotlib.font_manager:findfont: score(<Font 'Iosevka' (Iosevka Extralight Oblique Nerd Font Complete.ttf) oblique normal light normal>) = 11.24
DEBUG:matplotlib.font_manager:findfont: score(<Font 'FantasqueSansMono Nerd Font Mono' (Fantasque Sans Mono Italic Nerd Font Complete Mono.ttf) italic normal 400 normal>) = 11.05
DEBUG:matplotlib.font_manager:findfont: score(<Font 'NotoSans Nerd Font' (Noto Sans ExtraCondensed Black Nerd Font Complete.ttf) normal normal black condensed>) = 10.725
DEBUG:matplotlib.font_manager:findfont: score(<Font 'NotoSerif Nerd Font' (Noto Serif Light Nerd Font Complete.ttf) normal normal light normal>) = 10.24
DEBUG:matplotlib.font_manager:findfont: score(<Font 'BlexMono Nerd Font Mono' (Blex Mono Italic Nerd Font Complete Mono.ttf) italic normal 400 normal>) = 11.05
DEBUG:matplotlib.font_manager:findfont: score(<Font 'Noto Sans Telugu UI' (NotoSansTeluguUI-Regular.ttf) normal normal regular normal>) = 10.05
DEBUG:matplotlib.font_manager:findfont: score(<Font 'Noto Sans Telugu UI' (NotoSansTeluguUI-Bold.ttf) normal normal 700 normal>) = 10.335
DEBUG:matplotlib.font_manager:findfont: score(<Font 'NotoSerifDisplay Nerd Font Mono' (Noto Serif Display ExtraCondensed SemiBold Nerd Font Complete Mono.ttf) normal normal semibold condensed>) = 10.44
DEBUG:matplotlib.font_manager:findfont: score(<Font 'Noto Sans Symbols' (NotoSansSymbols-Thin.ttf) normal normal 400 normal>) = 10.05
DEBUG:matplotlib.font_manager:findfont: score(<Font 'NotoSansMono Nerd Font Mono' (Noto Sans Mono ExtraLight Nerd Font Complete Mono.ttf) normal normal light normal>) = 10.24
DEBUG:matplotlib.font_manager:findfont: score(<Font 'NotoSerifDisplay Nerd Font Mono' (Noto Serif Display SemiCondensed Black Nerd Font Complete Mono.ttf) normal normal black condensed>) = 10.725
DEBUG:matplotlib.font_manager:findfont: score(<Font 'NotoSans Nerd Font Mono' (Noto Sans Condensed Black Nerd Font Complete Mono.ttf) normal normal black condensed>) = 10.725
DEBUG:matplotlib.font_manager:findfont: score(<Font 'mplus Nerd Font' (M+ 1mn Nerd Font Complete.ttf) normal normal 400 normal>) = 10.05
DEBUG:matplotlib.font_manager:findfont: score(<Font 'Noto Sans Yi' (NotoSansYi-Regular.ttf) normal normal regular normal>) = 10.05
DEBUG:matplotlib.font_manager:findfont: score(<Font 'Iosevka' (Iosevka Bold Nerd Font Complete.ttf) normal normal 700 normal>) = 10.335
DEBUG:matplotlib.font_manager:findfont: score(<Font 'NotoSans Nerd Font Mono' (Noto Sans ExtraBold Italic Nerd Font Complete Mono.ttf) italic normal bold normal>) = 11.335
DEBUG:matplotlib.font_manager:findfont: score(<Font 'GoMono Nerd Font' (Go Mono Bold Italic Nerd Font Complete.ttf) italic normal 700 normal>) = 11.335
DEBUG:matplotlib.font_manager:findfont: score(<Font 'NotoSansMono Nerd Font' (Noto Sans Mono ExtraCondensed Thin Nerd Font Complete.ttf) normal normal 400 condensed>) = 10.25
DEBUG:matplotlib.font_manager:findfont: score(<Font 'NotoSansDisplay Nerd Font' (Noto Sans Display Condensed Black Italic Nerd Font Complete.ttf) italic normal black condensed>) = 11.725
DEBUG:matplotlib.font_manager:findfont: score(<Font 'Monoid Nerd Font' (Monoid Retina Nerd Font Complete.ttf) normal normal 400 normal>) = 10.05
DEBUG:matplotlib.font_manager:findfont: score(<Font 'GohuFont Nerd Font' (GohuFont Nerd Font Complete.ttf) normal normal 400 normal>) = 10.05
DEBUG:matplotlib.font_manager:findfont: score(<Font 'NotoSans Nerd Font Mono' (Noto Sans ExtraCondensed Nerd Font Complete Mono.ttf) normal normal 400 condensed>) = 10.25
DEBUG:matplotlib.font_manager:findfont: score(<Font 'NotoSansMono Nerd Font Mono' (Noto Sans Mono SemiCondensed ExtraLight Nerd Font Complete Mono.ttf) normal normal light condensed>) = 10.44
DEBUG:matplotlib.font_manager:findfont: score(<Font 'NotoSansDisplay Nerd Font Mono' (Noto Sans Display Condensed SemiBold Nerd Font Complete Mono.ttf) normal normal semibold condensed>) = 10.44
DEBUG:matplotlib.font_manager:findfont: score(<Font 'Libertinus Serif' (LibertinusSerif-Regular.otf) normal normal regular normal>) = 10.05
DEBUG:matplotlib.font_manager:findfont: score(<Font 'mplus Nerd Font Mono' (M+ 1p heavy Nerd Font Complete Mono.ttf) normal normal 700 normal>) = 10.335
DEBUG:matplotlib.font_manager:findfont: score(<Font 'NotoSansMono Nerd Font' (Noto Sans Mono ExtraCondensed ExtraLight Nerd Font Complete.ttf) normal normal light condensed>) = 10.44
DEBUG:matplotlib.font_manager:findfont: score(<Font 'mplus Nerd Font Mono' (M+ 1c medium Nerd Font Complete Mono.ttf) normal normal medium normal>) = 10.145
DEBUG:matplotlib.font_manager:findfont: score(<Font 'NotoSerifDisplay Nerd Font' (Noto Serif Display SemiCondensed Bold Nerd Font Complete.ttf) normal normal 700 condensed>) = 10.535
DEBUG:matplotlib.font_manager:findfont: score(<Font 'MesloLGS Nerd Font Mono' (Meslo LG S Regular Nerd Font Complete Mono.otf) normal normal regular normal>) = 10.05
DEBUG:matplotlib.font_manager:findfont: score(<Font 'Noto Serif Hebrew' (NotoSerifHebrew-Medium.ttf) normal normal medium normal>) = 10.145
DEBUG:matplotlib.font_manager:findfont: score(<Font 'FantasqueSansMono Nerd Font Mono' (Fantasque Sans Mono Italic Nerd Font Complete Mono.ttf) italic normal 400 normal>) = 11.05
DEBUG:matplotlib.font_manager:findfont: score(<Font 'NotoSans Nerd Font' (Noto Sans SemiCondensed ExtraLight Nerd Font Complete.ttf) normal normal light condensed>) = 10.44
DEBUG:matplotlib.font_manager:findfont: score(<Font 'Noto Sans Kannada' (NotoSansKannada-Light.ttf) normal normal light normal>) = 10.24
DEBUG:matplotlib.font_manager:findfont: score(<Font 'RobotoMono Nerd Font Mono' (Roboto Mono Medium Italic Nerd Font Complete Mono.ttf) italic normal medium normal>) = 11.145
DEBUG:matplotlib.font_manager:findfont: score(<Font 'Noto Sans Gujarati UI' (NotoSansGujaratiUI-Regular.ttf) normal normal 400 normal>) = 10.05
DEBUG:matplotlib.font_manager:findfont: score(<Font 'Noto Serif Khmer' (NotoSerifKhmer-Light.ttf) normal normal light normal>) = 10.24
DEBUG:matplotlib.font_manager:findfont: score(<Font 'Noto Sans Display' (NotoSansDisplay-Thin.ttf) normal normal 400 normal>) = 10.05
DEBUG:matplotlib.font_manager:findfont: score(<Font 'Noto Sans Khmer UI' (NotoSansKhmerUI-Thin.ttf) normal normal 400 normal>) = 10.05
DEBUG:matplotlib.font_manager:findfont: score(<Font 'HeavyData Nerd Font' (Heavy Data Nerd Font Complete.ttf) normal normal heavy normal>) = 10.43
DEBUG:matplotlib.font_manager:findfont: score(<Font 'NotoSansMono Nerd Font' (Noto Sans Mono Black Nerd Font Complete.ttf) normal normal black normal>) = 10.525
DEBUG:matplotlib.font_manager:findfont: score(<Font 'Noto Sans Tamil' (NotoSansTamil-Regular.ttf) normal normal regular normal>) = 10.05
DEBUG:matplotlib.font_manager:findfont: score(<Font 'Ubuntu Nerd Font' (Ubuntu Medium Italic Nerd Font Complete.ttf) italic normal 700 normal>) = 11.335
DEBUG:matplotlib.font_manager:findfont: score(<Font 'NotoSansDisplay Nerd Font Mono' (Noto Sans Display Condensed Nerd Font Complete Mono.ttf) normal normal 400 condensed>) = 10.25
DEBUG:matplotlib.font_manager:findfont: score(<Font 'NotoSans Nerd Font' (Noto Sans SemiCondensed SemiBold Italic Nerd Font Complete.ttf) italic normal semibold condensed>) = 11.44
DEBUG:matplotlib.font_manager:findfont: score(<Font 'InconsolataLGC Nerd Font Mono' (Inconsolata LGC Nerd Font Complete Mono.ttf) normal normal 400 normal>) = 10.05
DEBUG:matplotlib.font_manager:findfont: score(<Font 'NotoSans Nerd Font' (Noto Sans ExtraBold Nerd Font Complete.ttf) normal normal bold normal>) = 10.335
DEBUG:matplotlib.font_manager:findfont: score(<Font 'NotoSans Nerd Font Mono' (Noto Sans Thin Nerd Font Complete Mono.ttf) normal normal 400 normal>) = 10.05
DEBUG:matplotlib.font_manager:findfont: score(<Font 'Hack Nerd Font' (Hack Bold Nerd Font Complete.ttf) normal normal 700 normal>) = 10.335
DEBUG:matplotlib.font_manager:findfont: score(<Font 'NotoSerif Nerd Font Mono' (Noto Serif Condensed SemiBold Nerd Font Complete Mono.ttf) normal normal semibold condensed>) = 10.44
DEBUG:matplotlib.font_manager:findfont: score(<Font 'Hasklug Nerd Font' (Hasklug ExtraLight Nerd Font Complete.otf) normal normal light normal>) = 10.24
DEBUG:matplotlib.font_manager:findfont: score(<Font 'SauceCodePro Nerd Font Mono' (Sauce Code Pro Black Nerd Font Complete Mono.ttf) normal normal black normal>) = 10.525
DEBUG:matplotlib.font_manager:findfont: score(<Font 'Estrangelo Midyat' (SyrCOMMidyat.otf) normal normal 400 normal>) = 10.05
DEBUG:matplotlib.font_manager:findfont: score(<Font 'mplus Nerd Font Mono' (M+ 2c bold Nerd Font Complete Mono.ttf) normal normal 700 normal>) = 10.335
DEBUG:matplotlib.font_manager:findfont: score(<Font 'NotoSerif Nerd Font' (Noto Serif SemiCondensed Thin Italic Nerd Font Complete.ttf) italic normal 400 condensed>) = 11.25
DEBUG:matplotlib.font_manager:findfont: score(<Font 'NotoSerif Nerd Font' (Noto Serif SemiCondensed Black Italic Nerd Font Complete.ttf) italic normal black condensed>) = 11.725
DEBUG:matplotlib.font_manager:findfont: score(<Font 'MesloLGM Nerd Font Mono' (Meslo LG M Regular Nerd Font Complete Mono.otf) normal normal regular normal>) = 10.05
DEBUG:matplotlib.font_manager:findfont: score(<Font 'FuraCode Nerd Font Mono' (Fura Code Light Nerd Font Complete Mono.otf) normal normal light normal>) = 10.24
DEBUG:matplotlib.font_manager:findfont: score(<Font 'BitstreamVeraSansMono Nerd Font Mono' (Bitstream Vera Sans Mono Oblique Nerd Font Complete Mono.ttf) oblique normal 400 normal>) = 11.05
DEBUG:matplotlib.font_manager:findfont: score(<Font 'Monoid Nerd Font Mono' (Monoid Retina Nerd Font Complete Mono.ttf) normal normal 400 normal>) = 10.05
DEBUG:matplotlib.font_manager:findfont: score(<Font 'DejaVu Sans' (DejaVuSans-BoldOblique.ttf) oblique normal 700 normal>) = 1.335
DEBUG:matplotlib.font_manager:findfont: score(<Font 'Iosevka' (Iosevka Nerd Font Complete Mono.ttf) normal normal 400 normal>) = 10.05
DEBUG:matplotlib.font_manager:findfont: score(<Font 'NotoSerifDisplay Nerd Font Mono' (Noto Serif Display Condensed ExtraLight Italic Nerd Font Complete Mono.ttf) italic normal light condensed>) = 11.44
DEBUG:matplotlib.font_manager:findfont: score(<Font 'Noto Sans Sinhala UI' (NotoSansSinhalaUI-Medium.ttf) normal normal medium normal>) = 10.145
DEBUG:matplotlib.font_manager:findfont: score(<Font 'mplus Nerd Font' (M+ 2c light Nerd Font Complete.ttf) normal normal light normal>) = 10.24
DEBUG:matplotlib.font_manager:findfont: score(<Font 'NotoSansDisplay Nerd Font Mono' (Noto Sans Display SemiCondensed Black Nerd Font Complete Mono.ttf) normal normal black condensed>) = 10.725
DEBUG:matplotlib.font_manager:findfont: score(<Font 'NotoSerif Nerd Font' (Noto Serif Condensed ExtraLight Nerd Font Complete.ttf) normal normal light condensed>) = 10.44
DEBUG:matplotlib.font_manager:findfont: score(<Font 'mononoki Nerd Font Mono' (mononoki Bold Italic Nerd Font Complete Mono.ttf) italic normal 700 normal>) = 11.335
DEBUG:matplotlib.font_manager:findfont: score(<Font 'Noto Sans Malayalam UI' (NotoSansMalayalamUI-Light.ttf) normal normal light normal>) = 10.24
DEBUG:matplotlib.font_manager:findfont: score(<Font 'Iosevka Term' (Iosevka Term Thin Oblique Nerd Font Complete.ttf) oblique normal 400 normal>) = 11.05
DEBUG:matplotlib.font_manager:findfont: score(<Font 'NotoSansDisplay Nerd Font Mono' (Noto Sans Display Condensed Bold Italic Nerd Font Complete Mono.ttf) italic normal 700 condensed>) = 11.535
DEBUG:matplotlib.font_manager:findfont: score(<Font 'NotoSerif Nerd Font' (Noto Serif Thin Nerd Font Complete.ttf) normal normal 400 normal>) = 10.05
DEBUG:matplotlib.font_manager:findfont: score(<Font 'Noto Sans Gurmukhi' (NotoSansGurmukhi-Thin.ttf) normal normal 400 normal>) = 10.05
DEBUG:matplotlib.font_manager:findfont: score(<Font 'Noto Serif Gurmukhi' (NotoSerifGurmukhi-Black.ttf) normal normal black normal>) = 10.525
DEBUG:matplotlib.font_manager:findfont: score(<Font 'ProggyCleanTT Nerd Font Mono' (ProggyCleanTT Nerd Font Complete Mono.ttf) normal normal 400 normal>) = 10.05
DEBUG:matplotlib.font_manager:findfont: score(<Font 'NotoSansDisplay Nerd Font Mono' (Noto Sans Display ExtraCondensed Bold Italic Nerd Font Complete Mono.ttf) italic normal 700 condensed>) = 11.535
DEBUG:matplotlib.font_manager:findfont: score(<Font 'NotoSerif Nerd Font Mono' (Noto Serif ExtraCondensed Light Italic Nerd Font Complete Mono.ttf) italic normal light condensed>) = 11.44
DEBUG:matplotlib.font_manager:findfont: score(<Font 'NotoSerifDisplay Nerd Font Mono' (Noto Serif Display SemiCondensed SemiBold Nerd Font Complete Mono.ttf) normal normal semibold condensed>) = 10.44
DEBUG:matplotlib.font_manager:findfont: score(<Font 'Hasklug Nerd Font Mono' (Hasklug Nerd Font Complete Mono.otf) normal normal 400 normal>) = 10.05
DEBUG:matplotlib.font_manager:findfont: score(<Font 'Serto Jerusalem Outline' (SyrCOMJerusalemOutline.otf) normal normal 400 normal>) = 10.05
DEBUG:matplotlib.font_manager:findfont: score(<Font 'NotoSerif Nerd Font Mono' (Noto Serif SemiCondensed Bold Nerd Font Complete Mono.ttf) normal normal 700 condensed>) = 10.535
DEBUG:matplotlib.font_manager:findfont: score(<Font 'NotoSansMono Nerd Font Mono' (Noto Sans Mono Thin Nerd Font Complete Mono.ttf) normal normal 400 normal>) = 10.05
DEBUG:matplotlib.font_manager:findfont: score(<Font 'NotoSansMono Nerd Font Mono' (Noto Sans Mono ExtraCondensed ExtraBold Nerd Font Complete Mono.ttf) normal normal bold condensed>) = 10.535
DEBUG:matplotlib.font_manager:findfont: score(<Font 'NotoSerifDisplay Nerd Font Mono' (Noto Serif Display SemiCondensed Medium Italic Nerd Font Complete Mono.ttf) italic normal medium condensed>) = 11.344999999999999
DEBUG:matplotlib.font_manager:findfont: score(<Font 'Noto Sans Hebrew' (NotoSansHebrew-Light.ttf) normal normal light normal>) = 10.24
DEBUG:matplotlib.font_manager:findfont: score(<Font 'Noto Sans Osmanya' (NotoSansOsmanya-Regular.ttf) normal normal regular normal>) = 10.05
DEBUG:matplotlib.font_manager:findfont: score(<Font 'NotoSerifDisplay Nerd Font' (Noto Serif Display SemiCondensed Italic Nerd Font Complete.ttf) italic normal 400 condensed>) = 11.25
DEBUG:matplotlib.font_manager:findfont: score(<Font 'NotoSans Nerd Font Mono' (Noto Sans SemiBold Nerd Font Complete Mono.ttf) normal normal semibold normal>) = 10.24
DEBUG:matplotlib.font_manager:findfont: score(<Font 'BlexMono Nerd Font Mono' (Blex Mono Text Italic Nerd Font Complete Mono.ttf) italic normal 400 normal>) = 11.05
DEBUG:matplotlib.font_manager:findfont: score(<Font 'OverpassMono Nerd Font' (Overpass Mono SemiBold Nerd Font Complete.otf) normal normal 700 normal>) = 10.335
DEBUG:matplotlib.font_manager:findfont: score(<Font 'Iosevka' (Iosevka Extralight Nerd Font Complete Mono.ttf) normal normal light normal>) = 10.24
DEBUG:matplotlib.font_manager:findfont: score(<Font 'Iosevka Term' (Iosevka Term Bold Oblique Nerd Font Complete Mono.ttf) oblique normal 700 normal>) = 11.335
DEBUG:matplotlib.font_manager:findfont: score(<Font 'Hurmit Nerd Font' (Hurmit Medium Nerd Font Complete.otf) normal normal medium normal>) = 10.145
DEBUG:matplotlib.font_manager:findfont: score(<Font 'Iosevka' (Iosevka Nerd Font Complete.ttf) normal normal 400 normal>) = 10.05
DEBUG:matplotlib.font_manager:findfont: score(<Font 'Noto Sans Ethiopic' (NotoSansEthiopic-Medium.ttf) normal normal medium normal>) = 10.145
DEBUG:matplotlib.font_manager:findfont: score(<Font 'ProFontWindows Nerd Font' (ProFontWindows Nerd Font Complete.ttf) normal normal 400 normal>) = 10.05
DEBUG:matplotlib.font_manager:findfont: score(<Font 'Source Code Pro' (SourceCodePro-MediumIt.otf) italic normal medium normal>) = 11.145
DEBUG:matplotlib.font_manager:findfont: score(<Font 'NotoSerif Nerd Font' (Noto Serif Black Nerd Font Complete.ttf) normal normal black normal>) = 10.525
DEBUG:matplotlib.font_manager:findfont: score(<Font '3270Narrow Nerd Font Mono' (3270 Narrow Nerd Font Complete Mono.otf) normal normal 400 condensed>) = 10.25
DEBUG:matplotlib.font_manager:findfont: score(<Font 'TerminessTTF Nerd Font Mono' (Terminess (TTF) Italic Nerd Font Complete Mono.ttf) italic normal 400 normal>) = 11.05
DEBUG:matplotlib.font_manager:findfont: score(<Font 'Hack Nerd Font' (Hack Regular Nerd Font Complete.ttf) normal normal regular normal>) = 10.05
DEBUG:matplotlib.font_manager:findfont: score(<Font 'NotoSerifDisplay Nerd Font Mono' (Noto Serif Display ExtraCondensed SemiBold Italic Nerd Font Complete Mono.ttf) italic normal semibold condensed>) = 11.44
DEBUG:matplotlib.font_manager:findfont: score(<Font 'SauceCodePro Nerd Font' (Sauce Code Pro Bold Nerd Font Complete.ttf) normal normal 700 normal>) = 10.335
DEBUG:matplotlib.font_manager:findfont: score(<Font 'Noto Sans Kayah Li' (NotoSansKayahLi-Regular.ttf) normal normal regular normal>) = 10.05
DEBUG:matplotlib.font_manager:findfont: score(<Font 'Iosevka Term' (Iosevka Term Oblique Nerd Font Complete Mono.ttf) oblique normal 400 normal>) = 11.05
DEBUG:matplotlib.font_manager:findfont: score(<Font 'Iosevka Term' (Iosevka Term Thin Nerd Font Complete Mono.ttf) normal normal 400 normal>) = 10.05
DEBUG:matplotlib.font_manager:findfont: score(<Font 'BlexMono Nerd Font Mono' (Blex Mono Bold Italic Nerd Font Complete Mono.ttf) italic normal 700 normal>) = 11.335
DEBUG:matplotlib.font_manager:findfont: score(<Font 'OpenDyslexic Nerd Font Mono' (OpenDyslexic Bold Nerd Font Complete Mono.otf) normal normal 700 normal>) = 10.335
DEBUG:matplotlib.font_manager:findfont: score(<Font 'UbuntuMono Nerd Font' (Ubuntu Mono Bold Italic Nerd Font Complete.ttf) italic normal 700 normal>) = 11.335
DEBUG:matplotlib.font_manager:findfont: score(<Font 'Overpass Nerd Font Mono' (Overpass ExtraBold Italic Nerd Font Complete Mono.otf) italic normal bold normal>) = 11.335
DEBUG:matplotlib.font_manager:findfont: score(<Font 'NotoSansDisplay Nerd Font' (Noto Sans Display SemiCondensed Nerd Font Complete.ttf) normal normal 400 condensed>) = 10.25
DEBUG:matplotlib.font_manager:findfont: score(<Font 'NotoSans Nerd Font Mono' (Noto Sans ExtraCondensed Light Italic Nerd Font Complete Mono.ttf) italic normal light condensed>) = 11.44
DEBUG:matplotlib.font_manager:findfont: score(<Font 'OpenDyslexic Nerd Font Mono' (OpenDyslexic Bold Italic Nerd Font Complete Mono.otf) italic normal 700 normal>) = 11.335
DEBUG:matplotlib.font_manager:findfont: score(<Font 'NotoSerifDisplay Nerd Font' (Noto Serif Display ExtraBold Italic Nerd Font Complete.ttf) italic normal bold normal>) = 11.335
DEBUG:matplotlib.font_manager:findfont: score(<Font 'SauceCodePro Nerd Font Mono' (Sauce Code Pro ExtraLight Italic Nerd Font Complete Mono.ttf) italic normal light normal>) = 11.24
DEBUG:matplotlib.font_manager:findfont: score(<Font 'NotoSans Nerd Font' (Noto Sans SemiCondensed Nerd Font Complete.ttf) normal normal 400 condensed>) = 10.25
DEBUG:matplotlib.font_manager:findfont: score(<Font 'NotoSerifDisplay Nerd Font' (Noto Serif Display ExtraCondensed ExtraBold Nerd Font Complete.ttf) normal normal bold condensed>) = 10.535
DEBUG:matplotlib.font_manager:findfont: score(<Font 'Overpass Nerd Font Mono' (Overpass SemiBold Italic Nerd Font Complete Mono.otf) italic normal semibold normal>) = 11.24
DEBUG:matplotlib.font_manager:findfont: score(<Font 'NotoSansMono Nerd Font Mono' (Noto Sans Mono SemiCondensed Bold Nerd Font Complete Mono.ttf) normal normal 700 condensed>) = 10.535
DEBUG:matplotlib.font_manager:findfont: score(<Font 'OpenDyslexicAlta Nerd Font' (OpenDyslexicAlta Bold Italic Nerd Font Complete.otf) italic normal 700 normal>) = 11.335
DEBUG:matplotlib.font_manager:findfont: score(<Font 'NotoSerifDisplay Nerd Font' (Noto Serif Display Condensed ExtraBold Italic Nerd Font Complete.ttf) italic normal bold condensed>) = 11.535
DEBUG:matplotlib.font_manager:findfont: score(<Font 'Serto Jerusalem' (SyrCOMJerusalem.otf) normal normal 400 normal>) = 10.05
DEBUG:matplotlib.font_manager:findfont: score(<Font 'NotoSansDisplay Nerd Font Mono' (Noto Sans Display SemiCondensed SemiBold Nerd Font Complete Mono.ttf) normal normal semibold condensed>) = 10.44
DEBUG:matplotlib.font_manager:findfont: score(<Font 'Noto Sans Samaritan' (NotoSansSamaritan-Regular.ttf) normal normal regular normal>) = 10.05
DEBUG:matplotlib.font_manager:findfont: score(<Font 'Noto Serif Tibetan' (NotoSerifTibetan-Medium.ttf) normal normal medium normal>) = 10.145
DEBUG:matplotlib.font_manager:findfont: score(<Font 'SauceCodePro Nerd Font' (Sauce Code Pro Medium Italic Nerd Font Complete.ttf) italic normal medium normal>) = 11.145
DEBUG:matplotlib.font_manager:findfont: score(<Font 'NotoSansMono Nerd Font' (Noto Sans Mono Bold Nerd Font Complete.ttf) normal normal 700 normal>) = 10.335
DEBUG:matplotlib.font_manager:findfont: score(<Font 'NotoSerifDisplay Nerd Font' (Noto Serif Display SemiCondensed Italic Nerd Font Complete.ttf) italic normal 400 condensed>) = 11.25
DEBUG:matplotlib.font_manager:findfont: score(<Font 'mplus Nerd Font' (M+ 1m thin Nerd Font Complete.ttf) normal normal 400 normal>) = 10.05
DEBUG:matplotlib.font_manager:findfont: score(<Font 'NotoSansDisplay Nerd Font' (Noto Sans Display SemiCondensed Black Nerd Font Complete.ttf) normal normal black condensed>) = 10.725
DEBUG:matplotlib.font_manager:findfont: score(<Font 'Iosevka Term' (Iosevka Term Heavy Italic Nerd Font Complete.ttf) italic normal 700 normal>) = 11.335
DEBUG:matplotlib.font_manager:findfont: score(<Font 'NotoSansDisplay Nerd Font Mono' (Noto Sans Display Condensed Medium Nerd Font Complete Mono.ttf) normal normal medium condensed>) = 10.344999999999999
DEBUG:matplotlib.font_manager:findfont: score(<Font 'NotoEmoji Nerd Font Mono' (Noto Emoji Nerd Font Complete Mono.ttf) normal normal 400 normal>) = 10.05
DEBUG:matplotlib.font_manager:findfont: score(<Font '3270Narrow Nerd Font' (3270 Narrow Nerd Font Complete.otf) normal normal 400 condensed>) = 10.25
DEBUG:matplotlib.font_manager:findfont: score(<Font 'Noto Sans Kannada UI' (NotoSansKannadaUI-Medium.ttf) normal normal medium normal>) = 10.145
DEBUG:matplotlib.font_manager:findfont: score(<Font 'Fira Code' (FiraCode-Bold.otf) normal normal 700 normal>) = 10.335
DEBUG:matplotlib.font_manager:findfont: score(<Font 'OpenDyslexicAlta Nerd Font Mono' (OpenDyslexicAlta Bold Nerd Font Complete Mono.otf) normal normal 700 normal>) = 10.335
DEBUG:matplotlib.font_manager:findfont: score(<Font 'Noto Sans Mayan Numerals' (NotoSansMayanNumerals-Regular.ttf) normal normal regular normal>) = 10.05
DEBUG:matplotlib.font_manager:findfont: score(<Font 'Noto Sans Myanmar' (NotoSansMyanmar-Thin.ttf) normal normal 400 normal>) = 10.05
DEBUG:matplotlib.font_manager:findfont: score(<Font 'Iosevka Term' (Iosevka Term Extralight Italic Nerd Font Complete.ttf) italic normal light normal>) = 11.24
DEBUG:matplotlib.font_manager:findfont: score(<Font 'NotoSansDisplay Nerd Font' (Noto Sans Display ExtraCondensed Nerd Font Complete.ttf) normal normal 400 condensed>) = 10.25
DEBUG:matplotlib.font_manager:findfont: score(<Font 'Noto Sans Siddham' (NotoSansSiddham-Regular.ttf) normal normal regular normal>) = 10.05
DEBUG:matplotlib.font_manager:findfont: score(<Font 'Iosevka Term' (Iosevka Term Thin Nerd Font Complete.ttf) normal normal 400 normal>) = 10.05
DEBUG:matplotlib.font_manager:findfont: score(<Font 'Noto Sans Deseret' (NotoSansDeseret-Regular.ttf) normal normal regular normal>) = 10.05
DEBUG:matplotlib.font_manager:findfont: score(<Font 'Noto Sans Tamil Supplement' (NotoSansTamilSupplement-Regular.ttf) normal normal regular normal>) = 10.05
DEBUG:matplotlib.font_manager:findfont: score(<Font 'NotoSans Nerd Font' (Noto Sans ExtraCondensed ExtraBold Italic Nerd Font Complete.ttf) italic normal bold condensed>) = 11.535
DEBUG:matplotlib.font_manager:findfont: score(<Font 'Iosevka' (Iosevka Extralight Italic Nerd Font Complete Mono.ttf) italic normal light normal>) = 11.24
DEBUG:matplotlib.font_manager:findfont: score(<Font 'Noto Sans Mono' (NotoSansMono-Black.ttf) normal normal black normal>) = 10.525
DEBUG:matplotlib.font_manager:findfont: score(<Font 'NotoSerifDisplay Nerd Font' (Noto Serif Display ExtraCondensed Black Nerd Font Complete.ttf) normal normal black condensed>) = 10.725
DEBUG:matplotlib.font_manager:findfont: score(<Font 'NotoSans Nerd Font' (Noto Sans ExtraCondensed Italic Nerd Font Complete.ttf) italic normal 400 condensed>) = 11.25
DEBUG:matplotlib.font_manager:findfont: score(<Font 'Arimo Nerd Font Mono' (Arimo Regular Nerd Font Complete Mono.ttf) normal normal regular normal>) = 10.05
DEBUG:matplotlib.font_manager:findfont: score(<Font 'Hack Nerd Font Mono' (Hack Bold Italic Nerd Font Complete Mono.ttf) italic normal 700 normal>) = 11.335
DEBUG:matplotlib.font_manager:findfont: score(<Font 'NotoSansMono Nerd Font' (Noto Sans Mono Bold Nerd Font Complete.ttf) normal normal 700 normal>) = 10.335
DEBUG:matplotlib.font_manager:findfont: score(<Font 'Noto Serif Tamil' (NotoSerifTamil-Regular.ttf) normal normal regular normal>) = 10.05
DEBUG:matplotlib.font_manager:findfont: score(<Font 'NotoSansDisplay Nerd Font' (Noto Sans Display ExtraCondensed SemiBold Nerd Font Complete.ttf) normal normal semibold condensed>) = 10.44
DEBUG:matplotlib.font_manager:findfont: score(<Font 'Noto Serif Telugu' (NotoSerifTelugu-Medium.ttf) normal normal medium normal>) = 10.145
DEBUG:matplotlib.font_manager:findfont: score(<Font 'Iosevka' (Iosevka Medium Italic Nerd Font Complete Mono.ttf) italic normal medium normal>) = 11.145
DEBUG:matplotlib.font_manager:findfont: score(<Font 'Goha-Tibeb Zemen' (GohaTibebZemen.ttf) normal normal 400 normal>) = 10.05
DEBUG:matplotlib.font_manager:findfont: score(<Font 'Noto Sans Canadian Aboriginal' (NotoSansCanadianAboriginal-Medium.ttf) normal normal medium normal>) = 10.145
DEBUG:matplotlib.font_manager:findfont: score(<Font 'NotoSerifDisplay Nerd Font Mono' (Noto Serif Display SemiCondensed Light Nerd Font Complete Mono.ttf) normal normal light condensed>) = 10.44
DEBUG:matplotlib.font_manager:findfont: score(<Font 'NotoSerif Nerd Font Mono' (Noto Serif Thin Nerd Font Complete Mono.ttf) normal normal 400 normal>) = 10.05
DEBUG:matplotlib.font_manager:findfont: score(<Font 'Noto Sans Kannada' (NotoSansKannada-Regular.ttf) normal normal regular normal>) = 10.05
DEBUG:matplotlib.font_manager:findfont: score(<Font 'FuraMono Nerd Font' (Fura Mono Bold Nerd Font Complete.otf) normal normal 700 normal>) = 10.335
DEBUG:matplotlib.font_manager:findfont: score(<Font 'Libertinus Serif Display' (LibertinusSerifDisplay-Regular.otf) normal normal regular normal>) = 10.05
DEBUG:matplotlib.font_manager:findfont: score(<Font 'NotoSans Nerd Font' (Noto Sans Condensed ExtraLight Nerd Font Complete.ttf) normal normal light condensed>) = 10.44
DEBUG:matplotlib.font_manager:findfont: score(<Font 'NotoSansDisplay Nerd Font Mono' (Noto Sans Display Condensed Bold Nerd Font Complete Mono.ttf) normal normal 700 condensed>) = 10.535
DEBUG:matplotlib.font_manager:findfont: score(<Font 'BlexMono Nerd Font Mono' (Blex Mono Medium Nerd Font Complete Mono.ttf) normal normal medium normal>) = 10.145
DEBUG:matplotlib.font_manager:findfont: score(<Font 'Overpass Nerd Font Mono' (Overpass Thin Nerd Font Complete Mono.otf) normal normal 400 normal>) = 10.05
DEBUG:matplotlib.font_manager:findfont: score(<Font 'NotoSerifDisplay Nerd Font' (Noto Serif Display Condensed SemiBold Nerd Font Complete.ttf) normal normal semibold condensed>) = 10.44
DEBUG:matplotlib.font_manager:findfont: score(<Font 'BlexMono Nerd Font Mono' (Blex Mono Light Nerd Font Complete Mono.ttf) normal normal light normal>) = 10.24
DEBUG:matplotlib.font_manager:findfont: score(<Font 'Z003' (Z003-MediumItalic.otf) italic normal medium normal>) = 11.145
DEBUG:matplotlib.font_manager:findfont: score(<Font 'Iosevka' (Iosevka Nerd Font Complete Mono.ttf) normal normal 400 normal>) = 10.05
DEBUG:matplotlib.font_manager:findfont: score(<Font 'NotoSerifDisplay Nerd Font Mono' (Noto Serif Display ExtraCondensed Thin Nerd Font Complete Mono.ttf) normal normal 400 condensed>) = 10.25
DEBUG:matplotlib.font_manager:findfont: score(<Font 'TerminessTTF Nerd Font' (Terminess (TTF) Nerd Font Complete.ttf) normal normal 400 normal>) = 10.05
DEBUG:matplotlib.font_manager:findfont: score(<Font 'GoMono Nerd Font' (Go Mono Italic Nerd Font Complete.ttf) italic normal 400 normal>) = 11.05
DEBUG:matplotlib.font_manager:findfont: score(<Font 'OpenDyslexicMono Nerd Font Mono' (OpenDyslexicMono Regular Nerd Font Complete Mono.otf) normal normal 400 normal>) = 10.05
DEBUG:matplotlib.font_manager:findfont: score(<Font 'Noto Serif Gurmukhi' (NotoSerifGurmukhi-Bold.ttf) normal normal 700 normal>) = 10.335
DEBUG:matplotlib.font_manager:findfont: score(<Font 'NotoSansDisplay Nerd Font' (Noto Sans Display SemiCondensed ExtraLight Italic Nerd Font Complete.ttf) italic normal light condensed>) = 11.44
DEBUG:matplotlib.font_manager:findfont: score(<Font 'NotoSansDisplay Nerd Font' (Noto Sans Display SemiCondensed ExtraLight Nerd Font Complete.ttf) normal normal light condensed>) = 10.44
DEBUG:matplotlib.font_manager:findfont: score(<Font 'BlexMono Nerd Font' (Blex Mono Thin Italic Nerd Font Complete.ttf) italic normal 400 normal>) = 11.05
DEBUG:matplotlib.font_manager:findfont: score(<Font 'NotoSerifDisplay Nerd Font' (Noto Serif Display Medium Italic Nerd Font Complete.ttf) italic normal medium normal>) = 11.145
DEBUG:matplotlib.font_manager:findfont: score(<Font 'InconsolataLGC Nerd Font' (Inconsolata LGC Bold Italic Nerd Font Complete.ttf) italic normal 700 normal>) = 11.335
DEBUG:matplotlib.font_manager:findfont: score(<Font 'NotoSans Nerd Font Mono' (Noto Sans SemiCondensed ExtraLight Nerd Font Complete Mono.ttf) normal normal light condensed>) = 10.44
DEBUG:matplotlib.font_manager:findfont: score(<Font 'NotoSerif Nerd Font Mono' (Noto Serif SemiCondensed Thin Nerd Font Complete Mono.ttf) normal normal 400 condensed>) = 10.25
DEBUG:matplotlib.font_manager:findfont: score(<Font 'NotoSerifDisplay Nerd Font' (Noto Serif Display ExtraCondensed Thin Italic Nerd Font Complete.ttf) italic normal 400 condensed>) = 11.25
DEBUG:matplotlib.font_manager:findfont: score(<Font 'NotoSerifDisplay Nerd Font Mono' (Noto Serif Display SemiBold Nerd Font Complete Mono.ttf) normal normal semibold normal>) = 10.24
DEBUG:matplotlib.font_manager:findfont: score(<Font 'NotoSansMono Nerd Font' (Noto Sans Mono Light Nerd Font Complete.ttf) normal normal light normal>) = 10.24
DEBUG:matplotlib.font_manager:findfont: score(<Font 'NotoSans Nerd Font' (Noto Sans SemiBold Nerd Font Complete.ttf) normal normal semibold normal>) = 10.24
DEBUG:matplotlib.font_manager:findfont: score(<Font 'NotoSerifDisplay Nerd Font' (Noto Serif Display ExtraCondensed Black Italic Nerd Font Complete.ttf) italic normal black condensed>) = 11.725
DEBUG:matplotlib.font_manager:findfont: score(<Font 'Iosevka Term' (Iosevka Term Bold Nerd Font Complete Mono.ttf) normal normal 700 normal>) = 10.335
DEBUG:matplotlib.font_manager:findfont: score(<Font 'NotoSansMono Nerd Font Mono' (Noto Sans Mono SemiCondensed Black Nerd Font Complete Mono.ttf) normal normal black condensed>) = 10.725
DEBUG:matplotlib.font_manager:findfont: score(<Font 'NotoSerifDisplay Nerd Font' (Noto Serif Display ExtraCondensed Thin Italic Nerd Font Complete.ttf) italic normal 400 condensed>) = 11.25
DEBUG:matplotlib.font_manager:findfont: score(<Font 'NotoSansDisplay Nerd Font Mono' (Noto Sans Display ExtraCondensed Black Italic Nerd Font Complete Mono.ttf) italic normal black condensed>) = 11.725
DEBUG:matplotlib.font_manager:findfont: score(<Font 'NotoSansDisplay Nerd Font' (Noto Sans Display Condensed Black Nerd Font Complete.ttf) normal normal black condensed>) = 10.725
DEBUG:matplotlib.font_manager:findfont: score(<Font 'NotoSansMono Nerd Font Mono' (Noto Sans Mono ExtraCondensed SemiBold Nerd Font Complete Mono.ttf) normal normal semibold condensed>) = 10.44
DEBUG:matplotlib.font_manager:findfont: score(<Font 'URW Gothic' (URWGothic-DemiOblique.otf) oblique normal demi normal>) = 11.24
DEBUG:matplotlib.font_manager:findfont: score(<Font 'NotoSansDisplay Nerd Font Mono' (Noto Sans Display Condensed Medium Italic Nerd Font Complete Mono.ttf) italic normal medium condensed>) = 11.344999999999999
DEBUG:matplotlib.font_manager:findfont: score(<Font 'Noto Sans Devanagari UI' (NotoSansDevanagariUI-Bold.ttf) normal normal 700 normal>) = 10.335
DEBUG:matplotlib.font_manager:findfont: score(<Font 'mplus Nerd Font' (M+ 1p medium Nerd Font Complete.ttf) normal normal medium normal>) = 10.145
DEBUG:matplotlib.font_manager:findfont: score(<Font 'NotoSerif Nerd Font Mono' (Noto Serif ExtraCondensed Thin Nerd Font Complete Mono.ttf) normal normal 400 condensed>) = 10.25
DEBUG:matplotlib.font_manager:findfont: score(<Font 'mplus Nerd Font Mono' (M+ 2p black Nerd Font Complete Mono.ttf) normal normal 700 normal>) = 10.335
DEBUG:matplotlib.font_manager:findfont: score(<Font 'NotoSansDisplay Nerd Font' (Noto Sans Display Condensed ExtraLight Italic Nerd Font Complete.ttf) italic normal light condensed>) = 11.44
DEBUG:matplotlib.font_manager:findfont: score(<Font 'NotoMono Nerd Font' (Noto Mono Nerd Font Complete.ttf) normal normal 400 normal>) = 10.05
DEBUG:matplotlib.font_manager:findfont: score(<Font 'Noto Sans Armenian' (NotoSansArmenian-Black.ttf) normal normal black normal>) = 10.525
DEBUG:matplotlib.font_manager:findfont: score(<Font 'Libertinus Sans' (LibertinusSans-Bold.otf) normal normal 700 normal>) = 10.335
DEBUG:matplotlib.font_manager:findfont: score(<Font 'NotoSans Nerd Font Mono' (Noto Sans ExtraCondensed Light Italic Nerd Font Complete Mono.ttf) italic normal light condensed>) = 11.44
DEBUG:matplotlib.font_manager:findfont: score(<Font 'Arimo Nerd Font Mono' (Arimo Italic Nerd Font Complete Mono.ttf) italic normal 400 normal>) = 11.05
DEBUG:matplotlib.font_manager:findfont: score(<Font 'NotoSerifDisplay Nerd Font' (Noto Serif Display ExtraCondensed SemiBold Nerd Font Complete.ttf) normal normal semibold condensed>) = 10.44
DEBUG:matplotlib.font_manager:findfont: score(<Font 'Overpass Nerd Font' (Overpass ExtraLight Nerd Font Complete.otf) normal normal light normal>) = 10.24
DEBUG:matplotlib.font_manager:findfont: score(<Font 'NotoSerifDisplay Nerd Font' (Noto Serif Display ExtraLight Italic Nerd Font Complete.ttf) italic normal light normal>) = 11.24
DEBUG:matplotlib.font_manager:findfont: score(<Font 'NotoSans Nerd Font' (Noto Sans Condensed Nerd Font Complete.ttf) normal normal 400 condensed>) = 10.25
DEBUG:matplotlib.font_manager:findfont: score(<Font 'mplus Nerd Font Mono' (M+ 1mn bold Nerd Font Complete Mono.ttf) normal normal 700 normal>) = 10.335
DEBUG:matplotlib.font_manager:findfont: score(<Font 'NotoSans Nerd Font Mono' (Noto Sans Condensed Thin Nerd Font Complete Mono.ttf) normal normal 400 condensed>) = 10.25
DEBUG:matplotlib.font_manager:findfont: score(<Font 'Noto Sans Malayalam UI' (NotoSansMalayalamUI-Black.ttf) normal normal black normal>) = 10.525
DEBUG:matplotlib.font_manager:findfont: score(<Font 'Hack Nerd Font' (Hack Italic Nerd Font Complete.ttf) italic normal 400 normal>) = 11.05
DEBUG:matplotlib.font_manager:findfont: score(<Font 'NotoSansDisplay Nerd Font Mono' (Noto Sans Display Medium Nerd Font Complete Mono.ttf) normal normal medium normal>) = 10.145
DEBUG:matplotlib.font_manager:findfont: score(<Font 'NotoSerif Nerd Font' (Noto Serif Bold Italic Nerd Font Complete.ttf) italic normal 700 normal>) = 11.335
DEBUG:matplotlib.font_manager:findfont: score(<Font 'OpenDyslexicAlta Nerd Font Mono' (OpenDyslexicAlta Italic Nerd Font Complete Mono.otf) italic normal 400 normal>) = 11.05
DEBUG:matplotlib.font_manager:findfont: score(<Font 'NotoSerif Nerd Font Mono' (Noto Serif Medium Italic Nerd Font Complete Mono.ttf) italic normal medium normal>) = 11.145
DEBUG:matplotlib.font_manager:findfont: score(<Font 'NotoSansDisplay Nerd Font' (Noto Sans Display Condensed Italic Nerd Font Complete.ttf) italic normal 400 condensed>) = 11.25
DEBUG:matplotlib.font_manager:findfont: score(<Font 'NotoSerifDisplay Nerd Font' (Noto Serif Display Condensed Nerd Font Complete.ttf) normal normal 400 condensed>) = 10.25
DEBUG:matplotlib.font_manager:findfont: score(<Font 'ShureTechMono Nerd Font Mono' (Shure Tech Mono Nerd Font Complete Mono.ttf) normal normal 400 normal>) = 10.05
DEBUG:matplotlib.font_manager:findfont: score(<Font 'mplus Nerd Font Mono' (M+ 1c thin Nerd Font Complete Mono.ttf) normal normal 400 normal>) = 10.05
DEBUG:matplotlib.font_manager:findfont: score(<Font 'mplus Nerd Font' (M+ 2c thin Nerd Font Complete.ttf) normal normal 400 normal>) = 10.05
DEBUG:matplotlib.font_manager:findfont: score(<Font 'Noto Serif Malayalam' (NotoSerifMalayalam-Black.ttf) normal normal black normal>) = 10.525
DEBUG:matplotlib.font_manager:findfont: score(<Font 'Fira Code' (FiraCode-Light.otf) normal normal light normal>) = 10.24
DEBUG:matplotlib.font_manager:findfont: score(<Font 'BitstreamVeraSansMono Nerd Font Mono' (Bitstream Vera Sans Mono Bold Nerd Font Complete Mono.ttf) normal normal 700 normal>) = 10.335
DEBUG:matplotlib.font_manager:findfont: score(<Font 'NotoSansDisplay Nerd Font' (Noto Sans Display Condensed ExtraBold Italic Nerd Font Complete.ttf) italic normal bold condensed>) = 11.535
DEBUG:matplotlib.font_manager:findfont: score(<Font 'Noto Sans Malayalam UI' (NotoSansMalayalamUI-Medium.ttf) normal normal medium normal>) = 10.145
DEBUG:matplotlib.font_manager:findfont: score(<Font 'NotoSerif Nerd Font' (Noto Serif Thin Italic Nerd Font Complete.ttf) italic normal 400 normal>) = 11.05
DEBUG:matplotlib.font_manager:findfont: score(<Font 'Noto Sans Thaana' (NotoSansThaana-Thin.ttf) normal normal 400 normal>) = 10.05
DEBUG:matplotlib.font_manager:findfont: score(<Font 'BlexMono Nerd Font' (Blex Mono SemiBold Italic Nerd Font Complete.ttf) italic normal semibold normal>) = 11.24
DEBUG:matplotlib.font_manager:findfont: score(<Font 'NotoSans Nerd Font Mono' (Noto Sans SemiCondensed SemiBold Italic Nerd Font Complete Mono.ttf) italic normal semibold condensed>) = 11.44
DEBUG:matplotlib.font_manager:findfont: score(<Font 'Noto Serif Telugu' (NotoSerifTelugu-Light.ttf) normal normal light normal>) = 10.24
DEBUG:matplotlib.font_manager:findfont: score(<Font 'Noto Sans Sinhala UI' (NotoSansSinhalaUI-Regular.ttf) normal normal regular normal>) = 10.05
DEBUG:matplotlib.font_manager:findfont: score(<Font 'NotoSansDisplay Nerd Font Mono' (Noto Sans Display SemiCondensed Black Italic Nerd Font Complete Mono.ttf) italic normal black condensed>) = 11.725
DEBUG:matplotlib.font_manager:findfont: score(<Font 'NotoSansMono Nerd Font Mono' (Noto Sans Mono ExtraBold Nerd Font Complete Mono.ttf) normal normal bold normal>) = 10.335
DEBUG:matplotlib.font_manager:findfont: score(<Font 'NotoSerifDisplay Nerd Font Mono' (Noto Serif Display Bold Italic Nerd Font Complete Mono.ttf) italic normal 700 normal>) = 11.335
DEBUG:matplotlib.font_manager:findfont: score(<Font 'Noto Sans Khmer' (NotoSansKhmer-Regular.ttf) normal normal regular normal>) = 10.05
DEBUG:matplotlib.font_manager:findfont: score(<Font 'mplus Nerd Font Mono' (M+ 2p thin Nerd Font Complete Mono.ttf) normal normal 400 normal>) = 10.05
DEBUG:matplotlib.font_manager:findfont: score(<Font 'NotoSerif Nerd Font' (Noto Serif Light Italic Nerd Font Complete.ttf) italic normal light normal>) = 11.24
DEBUG:matplotlib.font_manager:findfont: score(<Font 'NotoSansDisplay Nerd Font Mono' (Noto Sans Display Condensed ExtraLight Nerd Font Complete Mono.ttf) normal normal light condensed>) = 10.44
DEBUG:matplotlib.font_manager:findfont: score(<Font 'NotoSerifDisplay Nerd Font Mono' (Noto Serif Display SemiCondensed Medium Italic Nerd Font Complete Mono.ttf) italic normal medium condensed>) = 11.344999999999999
DEBUG:matplotlib.font_manager:findfont: score(<Font 'NotoSansDisplay Nerd Font' (Noto Sans Display ExtraCondensed Italic Nerd Font Complete.ttf) italic normal 400 condensed>) = 11.25
DEBUG:matplotlib.font_manager:findfont: score(<Font 'NotoSerifDisplay Nerd Font' (Noto Serif Display SemiCondensed Medium Nerd Font Complete.ttf) normal normal medium condensed>) = 10.344999999999999
DEBUG:matplotlib.font_manager:findfont: score(<Font 'Noto Sans Thai UI' (NotoSansThaiUI-Light.ttf) normal normal light normal>) = 10.24
DEBUG:matplotlib.font_manager:findfont: score(<Font 'UbuntuMono Nerd Font Mono' (Ubuntu Mono Bold Italic Nerd Font Complete Mono.ttf) italic normal 700 normal>) = 11.335
DEBUG:matplotlib.font_manager:findfont: score(<Font 'Iosevka' (Iosevka Extralight Italic Nerd Font Complete.ttf) italic normal light normal>) = 11.24
DEBUG:matplotlib.font_manager:findfont: score(<Font 'OpenDyslexicAlta Nerd Font' (OpenDyslexicAlta Bold Italic Nerd Font Complete.otf) italic normal 700 normal>) = 11.335
DEBUG:matplotlib.font_manager:findfont: score(<Font 'Noto Sans Meetei Mayek' (NotoSansMeeteiMayek-Regular.ttf) normal normal regular normal>) = 10.05
DEBUG:matplotlib.font_manager:findfont: score(<Font 'NotoSerifDisplay Nerd Font' (Noto Serif Display Bold Nerd Font Complete.ttf) normal normal 700 normal>) = 10.335
DEBUG:matplotlib.font_manager:findfont: score(<Font 'mplus Nerd Font Mono' (M+ 2p medium Nerd Font Complete Mono.ttf) normal normal medium normal>) = 10.145
DEBUG:matplotlib.font_manager:findfont: score(<Font 'Iosevka' (Iosevka Oblique Nerd Font Complete.ttf) oblique normal 400 normal>) = 11.05
DEBUG:matplotlib.font_manager:findfont: score(<Font 'FuraMono Nerd Font' (Fura Mono Medium Nerd Font Complete.otf) normal normal medium normal>) = 10.145
DEBUG:matplotlib.font_manager:findfont: score(<Font 'Tinos Nerd Font' (Tinos Bold Nerd Font Complete.ttf) normal normal 700 normal>) = 10.335
DEBUG:matplotlib.font_manager:findfont: score(<Font 'Noto Sans Tamil' (NotoSansTamil-Bold.ttf) normal normal 700 normal>) = 10.335
DEBUG:matplotlib.font_manager:findfont: score(<Font 'BlexMono Nerd Font Mono' (Blex Mono Light Nerd Font Complete Mono.ttf) normal normal light normal>) = 10.24
DEBUG:matplotlib.font_manager:findfont: score(<Font 'NotoSerif Nerd Font Mono' (Noto Serif Condensed SemiBold Italic Nerd Font Complete Mono.ttf) italic normal semibold condensed>) = 11.44
DEBUG:matplotlib.font_manager:findfont: score(<Font 'NotoSerif Nerd Font Mono' (Noto Serif Condensed Thin Italic Nerd Font Complete Mono.ttf) italic normal 400 condensed>) = 11.25
DEBUG:matplotlib.font_manager:findfont: score(<Font 'Estrangelo Nisibin' (SyrCOMNisibin.otf) normal normal 400 normal>) = 10.05
DEBUG:matplotlib.font_manager:findfont: score(<Font 'NotoSansDisplay Nerd Font Mono' (Noto Sans Display SemiCondensed Bold Nerd Font Complete Mono.ttf) normal normal 700 condensed>) = 10.535
DEBUG:matplotlib.font_manager:findfont: score(<Font 'Iosevka' (Iosevka Medium Oblique Nerd Font Complete Mono.ttf) oblique normal medium normal>) = 11.145
DEBUG:matplotlib.font_manager:findfont: score(<Font 'SauceCodePro Nerd Font' (Sauce Code Pro ExtraLight Italic Nerd Font Complete.ttf) italic normal light normal>) = 11.24
DEBUG:matplotlib.font_manager:findfont: score(<Font 'MesloLGS Nerd Font' (Meslo LG S Regular Nerd Font Complete.otf) normal normal regular normal>) = 10.05
DEBUG:matplotlib.font_manager:findfont: score(<Font 'Noto Sans Duployan' (NotoSansDuployan-Regular.ttf) normal normal regular normal>) = 10.05
DEBUG:matplotlib.font_manager:findfont: score(<Font 'UbuntuMono Nerd Font Mono' (Ubuntu Mono Italic Nerd Font Complete Mono.ttf) italic normal 400 normal>) = 11.05
DEBUG:matplotlib.font_manager:findfont: score(<Font 'NotoSansDisplay Nerd Font Mono' (Noto Sans Display ExtraCondensed ExtraBold Nerd Font Complete Mono.ttf) normal normal bold condensed>) = 10.535
DEBUG:matplotlib.font_manager:findfont: score(<Font 'NotoSans Nerd Font Mono' (Noto Sans SemiCondensed Black Italic Nerd Font Complete Mono.ttf) italic normal black condensed>) = 11.725
DEBUG:matplotlib.font_manager:findfont: score(<Font 'NotoSansMono Nerd Font Mono' (Noto Sans Mono SemiCondensed Thin Nerd Font Complete Mono.ttf) normal normal 400 condensed>) = 10.25
DEBUG:matplotlib.font_manager:findfont: score(<Font 'OpenDyslexicAlta Nerd Font Mono' (OpenDyslexicAlta Italic Nerd Font Complete Mono.otf) italic normal 400 normal>) = 11.05
DEBUG:matplotlib.font_manager:findfont: score(<Font 'NotoSerif Nerd Font Mono' (Noto Serif ExtraCondensed Bold Italic Nerd Font Complete Mono.ttf) italic normal 700 condensed>) = 11.535
DEBUG:matplotlib.font_manager:findfont: score(<Font 'Noto Sans Malayalam UI' (NotoSansMalayalamUI-Regular.ttf) normal normal regular normal>) = 10.05
DEBUG:matplotlib.font_manager:findfont: score(<Font 'Monofurbold Nerd Font Mono' (monofur bold Nerd Font Complete Mono.ttf) normal normal 700 normal>) = 10.335
DEBUG:matplotlib.font_manager:findfont: score(<Font 'Libertinus Serif' (LibertinusSerif-Semibold.otf) normal normal 700 normal>) = 10.335
DEBUG:matplotlib.font_manager:findfont: score(<Font 'Iosevka' (Iosevka Bold Nerd Font Complete.ttf) normal normal 700 normal>) = 10.335
DEBUG:matplotlib.font_manager:findfont: score(<Font 'SauceCodePro Nerd Font' (Sauce Code Pro Bold Nerd Font Complete.ttf) normal normal 700 normal>) = 10.335
DEBUG:matplotlib.font_manager:findfont: score(<Font 'Iosevka Term' (Iosevka Term Medium Nerd Font Complete Mono.ttf) normal normal medium normal>) = 10.145
DEBUG:matplotlib.font_manager:findfont: score(<Font 'UbuntuCondensed Nerd Font' (Ubuntu Condensed Nerd Font Complete.ttf) normal normal 400 condensed>) = 10.25
DEBUG:matplotlib.font_manager:findfont: score(<Font 'NotoSansMono Nerd Font Mono' (Noto Sans Mono Condensed Nerd Font Complete Mono.ttf) normal normal 400 condensed>) = 10.25
DEBUG:matplotlib.font_manager:findfont: score(<Font 'Noto Sans' (NotoSans-ThinItalic.ttf) italic normal 400 normal>) = 11.05
DEBUG:matplotlib.font_manager:findfont: score(<Font 'SauceCodePro Nerd Font' (Sauce Code Pro Semibold Italic Nerd Font Complete.ttf) italic normal semibold normal>) = 11.24
DEBUG:matplotlib.font_manager:findfont: score(<Font 'NotoSans Nerd Font' (Noto Sans ExtraCondensed Medium Italic Nerd Font Complete.ttf) italic normal medium condensed>) = 11.344999999999999
DEBUG:matplotlib.font_manager:findfont: score(<Font 'mplus Nerd Font Mono' (M+ 2m thin Nerd Font Complete Mono.ttf) normal normal 400 normal>) = 10.05
DEBUG:matplotlib.font_manager:findfont: score(<Font 'Noto Sans Ugaritic' (NotoSansUgaritic-Regular.ttf) normal normal regular normal>) = 10.05
DEBUG:matplotlib.font_manager:findfont: score(<Font 'Hasklug Nerd Font' (Hasklug ExtraLight Italic Nerd Font Complete.otf) italic normal light normal>) = 11.24
DEBUG:matplotlib.font_manager:findfont: score(<Font 'SauceCodePro Nerd Font' (Sauce Code Pro Semibold Nerd Font Complete.ttf) normal normal semibold normal>) = 10.24
DEBUG:matplotlib.font_manager:findfont: score(<Font 'LiterationMono Nerd Font Mono' (Literation Mono Nerd Font Complete Mono.ttf) normal normal 400 normal>) = 10.05
DEBUG:matplotlib.font_manager:findfont: score(<Font 'Noto Serif Georgian' (NotoSerifGeorgian-Medium.ttf) normal normal medium normal>) = 10.145
DEBUG:matplotlib.font_manager:findfont: score(<Font 'mplus Nerd Font Mono' (M+ 1p black Nerd Font Complete Mono.ttf) normal normal 700 normal>) = 10.335
DEBUG:matplotlib.font_manager:findfont: score(<Font 'NotoSerifDisplay Nerd Font Mono' (Noto Serif Display SemiCondensed SemiBold Italic Nerd Font Complete Mono.ttf) italic normal semibold condensed>) = 11.44
DEBUG:matplotlib.font_manager:findfont: score(<Font 'NotoSansDisplay Nerd Font' (Noto Sans Display SemiBold Italic Nerd Font Complete.ttf) italic normal semibold normal>) = 11.24
DEBUG:matplotlib.font_manager:findfont: score(<Font 'NotoSans Nerd Font Mono' (Noto Sans Condensed Light Nerd Font Complete Mono.ttf) normal normal light condensed>) = 10.44
DEBUG:matplotlib.font_manager:findfont: score(<Font 'Noto Sans Hebrew' (NotoSansHebrew-Bold.ttf) normal normal 700 normal>) = 10.335
DEBUG:matplotlib.font_manager:findfont: score(<Font 'NotoSerifDisplay Nerd Font' (Noto Serif Display Light Nerd Font Complete.ttf) normal normal light normal>) = 10.24
DEBUG:matplotlib.font_manager:findfont: score(<Font 'CodeNewRoman Nerd Font' (Code New Roman Bold Nerd Font Complete.otf) normal normal 700 normal>) = 10.335
DEBUG:matplotlib.font_manager:findfont: score(<Font 'mplus Nerd Font Mono' (M+ 1m medium Nerd Font Complete Mono.ttf) normal normal medium normal>) = 10.145
DEBUG:matplotlib.font_manager:findfont: score(<Font 'NotoSerif Nerd Font Mono' (Noto Serif Condensed Nerd Font Complete Mono.ttf) normal normal 400 condensed>) = 10.25
DEBUG:matplotlib.font_manager:findfont: score(<Font 'Tinos Nerd Font' (Tinos Italic Nerd Font Complete.ttf) italic normal 400 normal>) = 11.05
DEBUG:matplotlib.font_manager:findfont: score(<Font 'Monofurbold Nerd Font' (monofur bold Nerd Font Complete.ttf) normal normal 700 normal>) = 10.335
DEBUG:matplotlib.font_manager:findfont: score(<Font 'Hasklug Nerd Font' (Hasklug Italic Nerd Font Complete.otf) italic normal 400 normal>) = 11.05
DEBUG:matplotlib.font_manager:findfont: score(<Font 'NotoSerifDisplay Nerd Font' (Noto Serif Display Condensed Medium Italic Nerd Font Complete.ttf) italic normal medium condensed>) = 11.344999999999999
DEBUG:matplotlib.font_manager:findfont: score(<Font 'Serto Kharput' (SyrCOMKharput.otf) normal normal 400 normal>) = 10.05
DEBUG:matplotlib.font_manager:findfont: score(<Font 'Iosevka Term' (Iosevka Term Light Nerd Font Complete Mono.ttf) normal normal light normal>) = 10.24
DEBUG:matplotlib.font_manager:findfont: score(<Font 'NotoSans Nerd Font Mono' (Noto Sans Thin Nerd Font Complete Mono.ttf) normal normal 400 normal>) = 10.05
DEBUG:matplotlib.font_manager:findfont: score(<Font 'Noto Serif Kannada' (NotoSerifKannada-Bold.ttf) normal normal 700 normal>) = 10.335
DEBUG:matplotlib.font_manager:findfont: score(<Font 'NotoSerifDisplay Nerd Font Mono' (Noto Serif Display Condensed SemiBold Italic Nerd Font Complete Mono.ttf) italic normal semibold condensed>) = 11.44
DEBUG:matplotlib.font_manager:findfont: score(<Font 'Overpass Nerd Font Mono' (Overpass Bold Nerd Font Complete Mono.otf) normal normal 700 normal>) = 10.335
DEBUG:matplotlib.font_manager:findfont: score(<Font 'Iosevka Term' (Iosevka Term Nerd Font Complete.ttf) normal normal 400 normal>) = 10.05
DEBUG:matplotlib.font_manager:findfont: score(<Font 'Hasklug Nerd Font Mono' (Hasklug Medium Nerd Font Complete Mono.otf) normal normal medium normal>) = 10.145
DEBUG:matplotlib.font_manager:findfont: score(<Font 'BlexMono Nerd Font' (Blex Mono Light Nerd Font Complete.ttf) normal normal light normal>) = 10.24
DEBUG:matplotlib.font_manager:findfont: score(<Font 'GoMono Nerd Font Mono' (Go Mono Nerd Font Complete Mono.ttf) normal normal 400 normal>) = 10.05
DEBUG:matplotlib.font_manager:findfont: score(<Font 'mplus Nerd Font' (M+ 1m Nerd Font Complete.ttf) normal normal 400 normal>) = 10.05
DEBUG:matplotlib.font_manager:findfont: score(<Font 'NotoSans Nerd Font' (Noto Sans Condensed Medium Nerd Font Complete.ttf) normal normal medium condensed>) = 10.344999999999999
DEBUG:matplotlib.font_manager:findfont: score(<Font 'BitstreamVeraSansMono Nerd Font Mono' (Bitstream Vera Sans Mono Bold Oblique Nerd Font Complete Mono.ttf) oblique normal 700 normal>) = 11.335
DEBUG:matplotlib.font_manager:findfont: score(<Font 'Ubuntu Nerd Font Mono' (Ubuntu Medium Nerd Font Complete Mono.ttf) normal normal 700 normal>) = 10.335
DEBUG:matplotlib.font_manager:findfont: score(<Font 'NotoSansDisplay Nerd Font' (Noto Sans Display Medium Nerd Font Complete.ttf) normal normal medium normal>) = 10.145
DEBUG:matplotlib.font_manager:findfont: score(<Font 'NotoSerif Nerd Font Mono' (Noto Serif SemiCondensed Italic Nerd Font Complete Mono.ttf) italic normal 400 condensed>) = 11.25
DEBUG:matplotlib.font_manager:findfont: score(<Font 'NotoSans Nerd Font Mono' (Noto Sans Italic Nerd Font Complete Mono.ttf) italic normal 400 normal>) = 11.05
DEBUG:matplotlib.font_manager:findfont: score(<Font 'OverpassMono Nerd Font Mono' (Overpass Mono Bold Nerd Font Complete Mono.otf) normal normal 700 normal>) = 10.335
DEBUG:matplotlib.font_manager:findfont: score(<Font 'Noto Sans Thai' (NotoSansThai-Regular.ttf) normal normal regular normal>) = 10.05
DEBUG:matplotlib.font_manager:findfont: score(<Font 'Iosevka Term' (Iosevka Term Extralight Oblique Nerd Font Complete Mono.ttf) oblique normal light normal>) = 11.24
DEBUG:matplotlib.font_manager:findfont: score(<Font 'NotoSansDisplay Nerd Font Mono' (Noto Sans Display ExtraCondensed Thin Italic Nerd Font Complete Mono.ttf) italic normal 400 condensed>) = 11.25
DEBUG:matplotlib.font_manager:findfont: score(<Font 'SauceCodePro Nerd Font Mono' (Sauce Code Pro Bold Italic Nerd Font Complete Mono.ttf) italic normal 700 normal>) = 11.335
DEBUG:matplotlib.font_manager:findfont: score(<Font 'Noto Sans Thai UI' (NotoSansThaiUI-Black.ttf) normal normal black normal>) = 10.525
DEBUG:matplotlib.font_manager:findfont: score(<Font 'Noto Sans Mende Kikakui' (NotoSansMendeKikakui-Regular.ttf) normal normal regular normal>) = 10.05
DEBUG:matplotlib.font_manager:findfont: score(<Font 'Source Code Pro' (SourceCodePro-SemiboldIt.otf) italic normal semibold normal>) = 11.24
DEBUG:matplotlib.font_manager:findfont: score(<Font 'Noto Serif Telugu' (NotoSerifTelugu-Bold.ttf) normal normal 700 normal>) = 10.335
DEBUG:matplotlib.font_manager:findfont: score(<Font 'Noto Serif Ethiopic' (NotoSerifEthiopic-Regular.ttf) normal normal regular normal>) = 10.05
DEBUG:matplotlib.font_manager:findfont: score(<Font 'NotoSerif Nerd Font Mono' (Noto Serif Condensed Italic Nerd Font Complete Mono.ttf) italic normal 400 condensed>) = 11.25
DEBUG:matplotlib.font_manager:findfont: score(<Font 'Noto Serif Khmer' (NotoSerifKhmer-Black.ttf) normal normal black normal>) = 10.525
DEBUG:matplotlib.font_manager:findfont: score(<Font 'NotoSansDisplay Nerd Font' (Noto Sans Display Condensed Medium Italic Nerd Font Complete.ttf) italic normal medium condensed>) = 11.344999999999999
DEBUG:matplotlib.font_manager:findfont: score(<Font 'NotoSansDisplay Nerd Font Mono' (Noto Sans Display ExtraLight Nerd Font Complete Mono.ttf) normal normal light normal>) = 10.24
DEBUG:matplotlib.font_manager:findfont: score(<Font 'Overpass Nerd Font' (Overpass SemiBold Italic Nerd Font Complete.otf) italic normal semibold normal>) = 11.24
DEBUG:matplotlib.font_manager:findfont: score(<Font 'Ubuntu Nerd Font' (Ubuntu Medium Nerd Font Complete.ttf) normal normal 700 normal>) = 10.335
DEBUG:matplotlib.font_manager:findfont: score(<Font 'Noto Serif Hebrew' (NotoSerifHebrew-Regular.ttf) normal normal regular normal>) = 10.05
DEBUG:matplotlib.font_manager:findfont: score(<Font 'NotoSerifDisplay Nerd Font' (Noto Serif Display ExtraCondensed ExtraBold Italic Nerd Font Complete.ttf) italic normal bold condensed>) = 11.535
DEBUG:matplotlib.font_manager:findfont: score(<Font 'NotoSerifDisplay Nerd Font' (Noto Serif Display SemiCondensed Light Nerd Font Complete.ttf) normal normal light condensed>) = 10.44
DEBUG:matplotlib.font_manager:findfont: score(<Font 'Monoid Nerd Font Mono' (Monoid Bold Nerd Font Complete Mono.ttf) normal normal 700 normal>) = 10.335
DEBUG:matplotlib.font_manager:findfont: score(<Font 'Libertinus Sans' (LibertinusSans-Regular.otf) normal normal regular normal>) = 10.05
DEBUG:matplotlib.font_manager:findfont: score(<Font 'Noto Sans Arabic' (NotoSansArabic-Light.ttf) normal normal light normal>) = 10.24
DEBUG:matplotlib.font_manager:findfont: score(<Font 'NotoSans Nerd Font' (Noto Sans Condensed SemiBold Italic Nerd Font Complete.ttf) italic normal semibold condensed>) = 11.44
DEBUG:matplotlib.font_manager:findfont: score(<Font 'BlexMono Nerd Font Mono' (Blex Mono Light Italic Nerd Font Complete Mono.ttf) italic normal light normal>) = 11.24
DEBUG:matplotlib.font_manager:findfont: score(<Font 'P052' (P052-Bold.otf) normal normal 700 normal>) = 10.335
DEBUG:matplotlib.font_manager:findfont: score(<Font 'Ubuntu Nerd Font Mono' (Ubuntu Bold Italic Nerd Font Complete Mono.ttf) italic normal 700 normal>) = 11.335
DEBUG:matplotlib.font_manager:findfont: score(<Font 'Noto Sans Devanagari' (NotoSansDevanagari-Medium.ttf) normal normal medium normal>) = 10.145
DEBUG:matplotlib.font_manager:findfont: score(<Font 'Hasklug Nerd Font Mono' (Hasklug Semibold Nerd Font Complete Mono.otf) normal normal semibold normal>) = 10.24
DEBUG:matplotlib.font_manager:findfont: score(<Font 'Iosevka Term' (Iosevka Term Medium Oblique Nerd Font Complete Mono.ttf) oblique normal medium normal>) = 11.145
DEBUG:matplotlib.font_manager:findfont: score(<Font 'Noto Serif Tamil Slanted' (NotoSerifTamilSlanted-Bold.ttf) normal normal 700 normal>) = 10.335
DEBUG:matplotlib.font_manager:findfont: score(<Font 'NotoSerifDisplay Nerd Font' (Noto Serif Display SemiCondensed Thin Italic Nerd Font Complete.ttf) italic normal 400 condensed>) = 11.25
DEBUG:matplotlib.font_manager:findfont: score(<Font 'Nimbus Sans Narrow' (NimbusSansNarrow-Bold.otf) normal normal 700 condensed>) = 10.535
DEBUG:matplotlib.font_manager:findfont: score(<Font 'NotoSansMono Nerd Font' (Noto Sans Mono SemiCondensed Bold Nerd Font Complete.ttf) normal normal 700 condensed>) = 10.535
DEBUG:matplotlib.font_manager:findfont: score(<Font 'Hack Nerd Font' (Hack Bold Nerd Font Complete.ttf) normal normal 700 normal>) = 10.335
DEBUG:matplotlib.font_manager:findfont: score(<Font 'NotoSansDisplay Nerd Font Mono' (Noto Sans Display Condensed ExtraBold Nerd Font Complete Mono.ttf) normal normal bold condensed>) = 10.535
DEBUG:matplotlib.font_manager:findfont: score(<Font 'mplus Nerd Font Mono' (M+ 2c black Nerd Font Complete Mono.ttf) normal normal 700 normal>) = 10.335
DEBUG:matplotlib.font_manager:findfont: score(<Font 'Noto Serif Sinhala' (NotoSerifSinhala-Regular.ttf) normal normal regular normal>) = 10.05
DEBUG:matplotlib.font_manager:findfont: score(<Font 'NotoSans Nerd Font' (Noto Sans Condensed Bold Nerd Font Complete.ttf) normal normal 700 condensed>) = 10.535
DEBUG:matplotlib.font_manager:findfont: score(<Font 'NotoSansDisplay Nerd Font' (Noto Sans Display Medium Italic Nerd Font Complete.ttf) italic normal medium normal>) = 11.145
DEBUG:matplotlib.font_manager:findfont: score(<Font 'Overpass Nerd Font Mono' (Overpass ExtraLight Italic Nerd Font Complete Mono.otf) italic normal light normal>) = 11.24
DEBUG:matplotlib.font_manager:findfont: score(<Font 'NotoSans Nerd Font Mono' (Noto Sans Condensed Medium Italic Nerd Font Complete Mono.ttf) italic normal medium condensed>) = 11.344999999999999
DEBUG:matplotlib.font_manager:findfont: score(<Font 'NotoSans Nerd Font Mono' (Noto Sans ExtraCondensed Black Italic Nerd Font Complete Mono.ttf) italic normal black condensed>) = 11.725
DEBUG:matplotlib.font_manager:findfont: score(<Font 'ProFontIIx Nerd Font' (ProFont IIx Nerd Font Complete.ttf) normal normal 400 normal>) = 10.05
DEBUG:matplotlib.font_manager:findfont: score(<Font 'NotoSansDisplay Nerd Font Mono' (Noto Sans Display ExtraCondensed Light Nerd Font Complete Mono.ttf) normal normal light condensed>) = 10.44
DEBUG:matplotlib.font_manager:findfont: score(<Font 'Noto Serif Thai' (NotoSerifThai-Light.ttf) normal normal light normal>) = 10.24
DEBUG:matplotlib.font_manager:findfont: score(<Font 'Hasklug Nerd Font Mono' (Hasklug Black Italic Nerd Font Complete Mono.otf) italic normal black normal>) = 11.525
DEBUG:matplotlib.font_manager:findfont: score(<Font 'NotoSerif Nerd Font' (Noto Serif SemiCondensed Light Italic Nerd Font Complete.ttf) italic normal light condensed>) = 11.44
DEBUG:matplotlib.font_manager:findfont: score(<Font 'NotoSerifDisplay Nerd Font' (Noto Serif Display Condensed Medium Nerd Font Complete.ttf) normal normal medium condensed>) = 10.344999999999999
DEBUG:matplotlib.font_manager:findfont: score(<Font 'Cousine Nerd Font Mono' (Cousine Bold Italic Nerd Font Complete Mono.ttf) italic normal 700 normal>) = 11.335
DEBUG:matplotlib.font_manager:findfont: score(<Font 'Overpass Nerd Font' (Overpass Regular Nerd Font Complete.otf) normal normal regular normal>) = 10.05
DEBUG:matplotlib.font_manager:findfont: score(<Font 'NotoSerif Nerd Font' (Noto Serif ExtraCondensed SemiBold Italic Nerd Font Complete.ttf) italic normal semibold condensed>) = 11.44
DEBUG:matplotlib.font_manager:findfont: score(<Font 'Noto Sans Sinhala' (NotoSansSinhala-Black.ttf) normal normal black normal>) = 10.525
DEBUG:matplotlib.font_manager:findfont: score(<Font 'Noto Sans Lao' (NotoSansLao-Black.ttf) normal normal black normal>) = 10.525
DEBUG:matplotlib.font_manager:findfont: score(<Font 'Tinos Nerd Font' (Tinos Italic Nerd Font Complete.ttf) italic normal 400 normal>) = 11.05
DEBUG:matplotlib.font_manager:findfont: score(<Font 'mplus Nerd Font' (M+ 2p Nerd Font Complete.ttf) normal normal 400 normal>) = 10.05
DEBUG:matplotlib.font_manager:findfont: score(<Font 'NotoSerif Nerd Font Mono' (Noto Serif Light Italic Nerd Font Complete Mono.ttf) italic normal light normal>) = 11.24
DEBUG:matplotlib.font_manager:findfont: score(<Font 'P052' (P052-Italic.otf) italic normal 400 normal>) = 11.05
DEBUG:matplotlib.font_manager:findfont: score(<Font 'UbuntuMono Nerd Font' (Ubuntu Mono Italic Nerd Font Complete.ttf) italic normal 400 normal>) = 11.05
DEBUG:matplotlib.font_manager:findfont: score(<Font 'NotoSans Nerd Font' (Noto Sans ExtraCondensed Light Nerd Font Complete.ttf) normal normal light condensed>) = 10.44
DEBUG:matplotlib.font_manager:findfont: score(<Font 'NotoSansDisplay Nerd Font' (Noto Sans Display Condensed Medium Nerd Font Complete.ttf) normal normal medium condensed>) = 10.344999999999999
DEBUG:matplotlib.font_manager:findfont: score(<Font 'NotoSansDisplay Nerd Font' (Noto Sans Display Condensed ExtraBold Nerd Font Complete.ttf) normal normal bold condensed>) = 10.535
DEBUG:matplotlib.font_manager:findfont: score(<Font 'Noto Sans Sinhala UI' (NotoSansSinhalaUI-Bold.ttf) normal normal 700 normal>) = 10.335
DEBUG:matplotlib.font_manager:findfont: score(<Font 'NotoSansDisplay Nerd Font' (Noto Sans Display ExtraCondensed ExtraLight Italic Nerd Font Complete.ttf) italic normal light condensed>) = 11.44
DEBUG:matplotlib.font_manager:findfont: score(<Font 'Iosevka Term' (Iosevka Term Thin Italic Nerd Font Complete Mono.ttf) italic normal 400 normal>) = 11.05
DEBUG:matplotlib.font_manager:findfont: score(<Font 'Noto Sans Tagbanwa' (NotoSansTagbanwa-Regular.ttf) normal normal regular normal>) = 10.05
DEBUG:matplotlib.font_manager:findfont: score(<Font 'Noto Sans Tai Viet' (NotoSansTaiViet-Regular.ttf) normal normal regular normal>) = 10.05
DEBUG:matplotlib.font_manager:findfont: score(<Font 'Hack Nerd Font Mono' (Hack Regular Nerd Font Complete Mono.ttf) normal normal regular normal>) = 10.05
DEBUG:matplotlib.font_manager:findfont: score(<Font 'NotoSansDisplay Nerd Font Mono' (Noto Sans Display Condensed Light Italic Nerd Font Complete Mono.ttf) italic normal light condensed>) = 11.44
DEBUG:matplotlib.font_manager:findfont: score(<Font 'OpenDyslexic Nerd Font' (OpenDyslexic Bold Italic Nerd Font Complete.otf) italic normal 700 normal>) = 11.335
DEBUG:matplotlib.font_manager:findfont: score(<Font 'NotoSans Nerd Font Mono' (Noto Sans SemiCondensed Nerd Font Complete Mono.ttf) normal normal 400 condensed>) = 10.25
DEBUG:matplotlib.font_manager:findfont: score(<Font 'Iosevka' (Iosevka Bold Oblique Nerd Font Complete.ttf) oblique normal 700 normal>) = 11.335
DEBUG:matplotlib.font_manager:findfont: score(<Font 'Iosevka' (Iosevka Extralight Nerd Font Complete Mono.ttf) normal normal light normal>) = 10.24
DEBUG:matplotlib.font_manager:findfont: score(<Font 'NotoSansDisplay Nerd Font Mono' (Noto Sans Display ExtraCondensed Medium Nerd Font Complete Mono.ttf) normal normal medium condensed>) = 10.344999999999999
DEBUG:matplotlib.font_manager:findfont: score(<Font 'Overpass Nerd Font Mono' (Overpass Light Nerd Font Complete Mono.otf) normal normal light normal>) = 10.24
DEBUG:matplotlib.font_manager:findfont: score(<Font 'Libertinus Serif Initials' (LibertinusSerifInitials-Regular.otf) normal normal regular normal>) = 10.05
DEBUG:matplotlib.font_manager:findfont: score(<Font 'Iosevka Term' (Iosevka Term Italic Nerd Font Complete Mono.ttf) italic normal 400 normal>) = 11.05
DEBUG:matplotlib.font_manager:findfont: score(<Font 'Noto Serif Ahom' (NotoSerifAhom-Regular.ttf) normal normal regular normal>) = 10.05
DEBUG:matplotlib.font_manager:findfont: score(<Font 'DejaVu Sans Mono' (DejaVuSansMono-Oblique.ttf) oblique normal 400 normal>) = 11.05
DEBUG:matplotlib.font_manager:findfont: score(<Font 'TerminessTTF Nerd Font' (Terminess (TTF) Bold Italic Nerd Font Complete.ttf) italic normal 700 normal>) = 11.335
DEBUG:matplotlib.font_manager:findfont: score(<Font 'Noto Serif Ethiopic' (NotoSerifEthiopic-Black.ttf) normal normal black normal>) = 10.525
DEBUG:matplotlib.font_manager:findfont: score(<Font 'NotoSans Nerd Font' (Noto Sans SemiCondensed Thin Nerd Font Complete.ttf) normal normal 400 condensed>) = 10.25
DEBUG:matplotlib.font_manager:findfont: score(<Font 'Noto Sans Kannada' (NotoSansKannada-Black.ttf) normal normal black normal>) = 10.525
DEBUG:matplotlib.font_manager:findfont: score(<Font 'Noto Sans Thai UI' (NotoSansThaiUI-Regular.ttf) normal normal regular normal>) = 10.05
DEBUG:matplotlib.font_manager:findfont: score(<Font 'BlexMono Nerd Font' (Blex Mono Medium Nerd Font Complete.ttf) normal normal medium normal>) = 10.145
DEBUG:matplotlib.font_manager:findfont: score(<Font 'NotoSans Nerd Font Mono' (Noto Sans SemiCondensed Light Nerd Font Complete Mono.ttf) normal normal light condensed>) = 10.44
DEBUG:matplotlib.font_manager:findfont: score(<Font 'Noto Sans Khmer' (NotoSansKhmer-Light.ttf) normal normal light normal>) = 10.24
DEBUG:matplotlib.font_manager:findfont: score(<Font 'NotoSansMono Nerd Font' (Noto Sans Mono ExtraCondensed Black Nerd Font Complete.ttf) normal normal black condensed>) = 10.725
DEBUG:matplotlib.font_manager:findfont: score(<Font 'NotoSansDisplay Nerd Font' (Noto Sans Display Light Nerd Font Complete.ttf) normal normal light normal>) = 10.24
DEBUG:matplotlib.font_manager:findfont: score(<Font 'Ubuntu Nerd Font' (Ubuntu Bold Nerd Font Complete.ttf) normal normal 700 normal>) = 10.335
DEBUG:matplotlib.font_manager:findfont: score(<Font 'Noto Sans Oriya' (NotoSansOriya-Regular.ttf) normal normal 400 normal>) = 10.05
DEBUG:matplotlib.font_manager:findfont: score(<Font 'NotoSerifDisplay Nerd Font Mono' (Noto Serif Display SemiBold Nerd Font Complete Mono.ttf) normal normal semibold normal>) = 10.24
DEBUG:matplotlib.font_manager:findfont: score(<Font 'NotoSerif Nerd Font' (Noto Serif ExtraCondensed SemiBold Italic Nerd Font Complete.ttf) italic normal semibold condensed>) = 11.44
DEBUG:matplotlib.font_manager:findfont: score(<Font 'mplus Nerd Font Mono' (M+ 1c light Nerd Font Complete Mono.ttf) normal normal light normal>) = 10.24
DEBUG:matplotlib.font_manager:findfont: score(<Font 'mplus Nerd Font Mono' (M+ 2p thin Nerd Font Complete Mono.ttf) normal normal 400 normal>) = 10.05
DEBUG:matplotlib.font_manager:findfont: score(<Font 'NotoSansMono Nerd Font Mono' (Noto Sans Mono ExtraLight Nerd Font Complete Mono.ttf) normal normal light normal>) = 10.24
DEBUG:matplotlib.font_manager:findfont: score(<Font 'FuraCode Nerd Font Mono' (Fura Code Regular Nerd Font Complete Mono.otf) normal normal regular normal>) = 10.05
DEBUG:matplotlib.font_manager:findfont: score(<Font 'NotoSerif Nerd Font Mono' (Noto Serif SemiCondensed Bold Nerd Font Complete Mono.ttf) normal normal 700 condensed>) = 10.535
DEBUG:matplotlib.font_manager:findfont: score(<Font 'NotoSerif Nerd Font Mono' (Noto Serif Condensed SemiBold Italic Nerd Font Complete Mono.ttf) italic normal semibold condensed>) = 11.44
DEBUG:matplotlib.font_manager:findfont: score(<Font 'UbuntuCondensed Nerd Font' (Ubuntu Condensed Nerd Font Complete.ttf) normal normal 400 condensed>) = 10.25
DEBUG:matplotlib.font_manager:findfont: score(<Font 'Nimbus Roman' (NimbusRoman-BoldItalic.otf) italic normal 700 normal>) = 11.335
DEBUG:matplotlib.font_manager:findfont: score(<Font 'mplus Nerd Font Mono' (M+ 2p light Nerd Font Complete Mono.ttf) normal normal light normal>) = 10.24
DEBUG:matplotlib.font_manager:findfont: score(<Font 'Noto Serif Malayalam' (NotoSerifMalayalam-Bold.ttf) normal normal 700 normal>) = 10.335
DEBUG:matplotlib.font_manager:findfont: score(<Font 'Iosevka Term' (Iosevka Term Bold Oblique Nerd Font Complete.ttf) oblique normal 700 normal>) = 11.335
DEBUG:matplotlib.font_manager:findfont: score(<Font 'NotoSerifDisplay Nerd Font' (Noto Serif Display Black Nerd Font Complete.ttf) normal normal black normal>) = 10.525
DEBUG:matplotlib.font_manager:findfont: score(<Font 'mplus Nerd Font' (M+ 2c heavy Nerd Font Complete.ttf) normal normal 700 normal>) = 10.335
DEBUG:matplotlib.font_manager:findfont: score(<Font 'DejaVuSansMono Nerd Font Mono' (DejaVu Sans Mono Bold Oblique Nerd Font Complete Mono.ttf) oblique normal 700 normal>) = 11.335
DEBUG:matplotlib.font_manager:findfont: score(<Font 'NotoSerif Nerd Font Mono' (Noto Serif Condensed Light Italic Nerd Font Complete Mono.ttf) italic normal light condensed>) = 11.44
DEBUG:matplotlib.font_manager:findfont: score(<Font 'Noto Sans Coptic' (NotoSansCoptic-Regular.ttf) normal normal regular normal>) = 10.05
DEBUG:matplotlib.font_manager:findfont: score(<Font 'Fira Mono' (FiraMono-Regular.ttf) normal normal 400 normal>) = 10.05
DEBUG:matplotlib.font_manager:findfont: score(<Font 'InconsolataLGC Nerd Font' (Inconsolata LGC Italic Nerd Font Complete.ttf) italic normal 400 normal>) = 11.05
DEBUG:matplotlib.font_manager:findfont: score(<Font 'Hasklug Nerd Font' (Hasklug Black Nerd Font Complete.otf) normal normal black normal>) = 10.525
DEBUG:matplotlib.font_manager:findfont: score(<Font 'NotoSerifDisplay Nerd Font' (Noto Serif Display ExtraCondensed Italic Nerd Font Complete.ttf) italic normal 400 condensed>) = 11.25
DEBUG:matplotlib.font_manager:findfont: score(<Font 'Noto Sans Symbols' (NotoSansSymbols-Medium.ttf) normal normal medium normal>) = 10.145
DEBUG:matplotlib.font_manager:findfont: score(<Font 'NotoSansDisplay Nerd Font' (Noto Sans Display Condensed SemiBold Italic Nerd Font Complete.ttf) italic normal semibold condensed>) = 11.44
DEBUG:matplotlib.font_manager:findfont: score(<Font 'Iosevka' (Iosevka Thin Nerd Font Complete Mono.ttf) normal normal 400 normal>) = 10.05
DEBUG:matplotlib.font_manager:findfont: score(<Font 'Noto Sans Myanmar UI' (NotoSansMyanmarUI-Medium.ttf) normal normal medium normal>) = 10.145
DEBUG:matplotlib.font_manager:findfont: score(<Font 'Iosevka' (Iosevka Bold Oblique Nerd Font Complete.ttf) oblique normal 700 normal>) = 11.335
DEBUG:matplotlib.font_manager:findfont: score(<Font 'NotoSansDisplay Nerd Font Mono' (Noto Sans Display Condensed Italic Nerd Font Complete Mono.ttf) italic normal 400 condensed>) = 11.25
DEBUG:matplotlib.font_manager:findfont: score(<Font 'Noto Sans Osage' (NotoSansOsage-Regular.ttf) normal normal regular normal>) = 10.05
DEBUG:matplotlib.font_manager:findfont: score(<Font 'NotoSerifDisplay Nerd Font Mono' (Noto Serif Display Condensed SemiBold Italic Nerd Font Complete Mono.ttf) italic normal semibold condensed>) = 11.44
DEBUG:matplotlib.font_manager:findfont: score(<Font 'Overpass Nerd Font' (Overpass Bold Italic Nerd Font Complete.otf) italic normal 700 normal>) = 11.335
DEBUG:matplotlib.font_manager:findfont: score(<Font 'NotoSerif Nerd Font' (Noto Serif ExtraCondensed Black Nerd Font Complete.ttf) normal normal black condensed>) = 10.725
DEBUG:matplotlib.font_manager:findfont: score(<Font 'NotoSerif Nerd Font Mono' (Noto Serif Bold Italic Nerd Font Complete Mono.ttf) italic normal 700 normal>) = 11.335
DEBUG:matplotlib.font_manager:findfont: score(<Font 'NotoSerif Nerd Font Mono' (Noto Serif Condensed Nerd Font Complete Mono.ttf) normal normal 400 condensed>) = 10.25
DEBUG:matplotlib.font_manager:findfont: score(<Font 'NotoSansDisplay Nerd Font' (Noto Sans Display Condensed Light Nerd Font Complete.ttf) normal normal light condensed>) = 10.44
DEBUG:matplotlib.font_manager:findfont: score(<Font 'Noto Sans Thai UI' (NotoSansThaiUI-Bold.ttf) normal normal 700 normal>) = 10.335
DEBUG:matplotlib.font_manager:findfont: score(<Font 'NotoSerif Nerd Font' (Noto Serif Condensed SemiBold Nerd Font Complete.ttf) normal normal semibold condensed>) = 10.44
DEBUG:matplotlib.font_manager:findfont: score(<Font 'NotoSerif Nerd Font' (Noto Serif Condensed Bold Nerd Font Complete.ttf) normal normal 700 condensed>) = 10.535
DEBUG:matplotlib.font_manager:findfont: score(<Font 'Noto Sans Malayalam' (NotoSansMalayalam-Regular.ttf) normal normal regular normal>) = 10.05
DEBUG:matplotlib.font_manager:findfont: score(<Font 'Nimbus Sans' (NimbusSans-Bold.otf) normal normal 700 normal>) = 10.335
DEBUG:matplotlib.font_manager:findfont: score(<Font 'Noto Sans Buginese' (NotoSansBuginese-Regular.ttf) normal normal regular normal>) = 10.05
DEBUG:matplotlib.font_manager:findfont: score(<Font 'NotoSerifDisplay Nerd Font' (Noto Serif Display Condensed Bold Nerd Font Complete.ttf) normal normal 700 condensed>) = 10.535
DEBUG:matplotlib.font_manager:findfont: score(<Font 'Noto Sans Symbols' (NotoSansSymbols-Bold.ttf) normal normal 700 normal>) = 10.335
DEBUG:matplotlib.font_manager:findfont: score(<Font 'NotoSerif Nerd Font' (Noto Serif ExtraCondensed Bold Nerd Font Complete.ttf) normal normal 700 condensed>) = 10.535
DEBUG:matplotlib.font_manager:findfont: score(<Font 'NotoSansMono Nerd Font' (Noto Sans Mono Condensed Bold Nerd Font Complete.ttf) normal normal 700 condensed>) = 10.535
DEBUG:matplotlib.font_manager:findfont: score(<Font 'NotoSerifDisplay Nerd Font Mono' (Noto Serif Display SemiCondensed ExtraLight Italic Nerd Font Complete Mono.ttf) italic normal light condensed>) = 11.44
DEBUG:matplotlib.font_manager:findfont: score(<Font 'Lekton Nerd Font' (Lekton Nerd Font Complete.ttf) normal normal 400 normal>) = 10.05
DEBUG:matplotlib.font_manager:findfont: score(<Font 'FuraMono Nerd Font' (Fura Mono Bold Nerd Font Complete.otf) normal normal 700 normal>) = 10.335
DEBUG:matplotlib.font_manager:findfont: score(<Font 'BlexMono Nerd Font Mono' (Blex Mono Bold Italic Nerd Font Complete Mono.ttf) italic normal 700 normal>) = 11.335
DEBUG:matplotlib.font_manager:findfont: score(<Font 'NotoSerifDisplay Nerd Font Mono' (Noto Serif Display Condensed Thin Italic Nerd Font Complete Mono.ttf) italic normal 400 condensed>) = 11.25
DEBUG:matplotlib.font_manager:findfont: score(<Font 'Noto Sans Myanmar' (NotoSansMyanmar-Regular.ttf) normal normal regular normal>) = 10.05
DEBUG:matplotlib.font_manager:findfont: score(<Font 'Hurmit Nerd Font' (Hurmit Medium Nerd Font Complete.otf) normal normal medium normal>) = 10.145
DEBUG:matplotlib.font_manager:findfont: score(<Font 'BlexMono Nerd Font' (Blex Mono ExtraLight Nerd Font Complete.ttf) normal normal light normal>) = 10.24
DEBUG:matplotlib.font_manager:findfont: score(<Font 'NotoSerif Nerd Font' (Noto Serif SemiCondensed ExtraLight Italic Nerd Font Complete.ttf) italic normal light condensed>) = 11.44
DEBUG:matplotlib.font_manager:findfont: score(<Font 'Iosevka Term' (Iosevka Term Bold Nerd Font Complete.ttf) normal normal 700 normal>) = 10.335
DEBUG:matplotlib.font_manager:findfont: score(<Font 'Noto Sans Display' (NotoSansDisplay-Italic.ttf) italic normal 400 normal>) = 11.05
DEBUG:matplotlib.font_manager:findfont: score(<Font 'NotoSansMono Nerd Font Mono' (Noto Sans Mono ExtraCondensed Bold Nerd Font Complete Mono.ttf) normal normal 700 condensed>) = 10.535
DEBUG:matplotlib.font_manager:findfont: score(<Font 'BlexMono Nerd Font' (Blex Mono Bold Nerd Font Complete.ttf) normal normal 700 normal>) = 10.335
DEBUG:matplotlib.font_manager:findfont: score(<Font 'NotoSerif Nerd Font' (Noto Serif Condensed Thin Italic Nerd Font Complete.ttf) italic normal 400 condensed>) = 11.25
DEBUG:matplotlib.font_manager:findfont: score(<Font 'NotoSerif Nerd Font Mono' (Noto Serif Medium Nerd Font Complete Mono.ttf) normal normal medium normal>) = 10.145
DEBUG:matplotlib.font_manager:findfont: score(<Font 'Iosevka' (Iosevka Bold Italic Nerd Font Complete.ttf) italic normal 700 normal>) = 11.335
DEBUG:matplotlib.font_manager:findfont: score(<Font 'mplus Nerd Font' (M+ 2c medium Nerd Font Complete.ttf) normal normal medium normal>) = 10.145
DEBUG:matplotlib.font_manager:findfont: score(<Font 'mplus Nerd Font Mono' (M+ 2c heavy Nerd Font Complete Mono.ttf) normal normal 700 normal>) = 10.335
DEBUG:matplotlib.font_manager:findfont: score(<Font 'NotoSerif Nerd Font' (Noto Serif SemiCondensed ExtraLight Nerd Font Complete.ttf) normal normal light condensed>) = 10.44
DEBUG:matplotlib.font_manager:findfont: score(<Font 'Arimo Nerd Font Mono' (Arimo Bold Nerd Font Complete Mono.ttf) normal normal 700 normal>) = 10.335
DEBUG:matplotlib.font_manager:findfont: score(<Font 'NotoSans Nerd Font Mono' (Noto Sans Condensed Medium Nerd Font Complete Mono.ttf) normal normal medium condensed>) = 10.344999999999999
DEBUG:matplotlib.font_manager:findfont: score(<Font 'NotoSerif Nerd Font' (Noto Serif Condensed ExtraBold Nerd Font Complete.ttf) normal normal bold condensed>) = 10.535
DEBUG:matplotlib.font_manager:findfont: score(<Font 'NotoSans Nerd Font Mono' (Noto Sans SemiCondensed ExtraBold Italic Nerd Font Complete Mono.ttf) italic normal bold condensed>) = 11.535
DEBUG:matplotlib.font_manager:findfont: score(<Font 'NotoSerif Nerd Font Mono' (Noto Serif ExtraCondensed ExtraLight Italic Nerd Font Complete Mono.ttf) italic normal light condensed>) = 11.44
DEBUG:matplotlib.font_manager:findfont: score(<Font 'mononoki Nerd Font Mono' (mononoki Bold Italic Nerd Font Complete Mono.ttf) italic normal 700 normal>) = 11.335
DEBUG:matplotlib.font_manager:findfont: score(<Font 'NotoSerifDisplay Nerd Font' (Noto Serif Display Condensed Black Italic Nerd Font Complete.ttf) italic normal black condensed>) = 11.725
DEBUG:matplotlib.font_manager:findfont: score(<Font 'NotoSerifDisplay Nerd Font Mono' (Noto Serif Display ExtraCondensed Light Nerd Font Complete Mono.ttf) normal normal light condensed>) = 10.44
DEBUG:matplotlib.font_manager:findfont: score(<Font 'Noto Sans Gothic' (NotoSansGothic-Regular.ttf) normal normal regular normal>) = 10.05
DEBUG:matplotlib.font_manager:findfont: score(<Font 'mplus Nerd Font Mono' (M+ 1c black Nerd Font Complete Mono.ttf) normal normal 700 normal>) = 10.335
DEBUG:matplotlib.font_manager:findfont: score(<Font 'Monoid Nerd Font Mono' (Monoid Bold Nerd Font Complete Mono.ttf) normal normal 700 normal>) = 10.335
DEBUG:matplotlib.font_manager:findfont: score(<Font 'Noto Serif Hebrew' (NotoSerifHebrew-Thin.ttf) normal normal 400 normal>) = 10.05
DEBUG:matplotlib.font_manager:findfont: score(<Font 'NotoSerif Nerd Font' (Noto Serif ExtraCondensed Thin Italic Nerd Font Complete.ttf) italic normal 400 condensed>) = 11.25
DEBUG:matplotlib.font_manager:findfont: score(<Font 'Noto Serif Tamil Slanted' (NotoSerifTamilSlanted-Regular.ttf) normal normal regular normal>) = 10.05
DEBUG:matplotlib.font_manager:findfont: score(<Font 'NotoSansDisplay Nerd Font' (Noto Sans Display ExtraCondensed ExtraBold Italic Nerd Font Complete.ttf) italic normal bold condensed>) = 11.535
DEBUG:matplotlib.font_manager:findfont: score(<Font 'NotoSerifDisplay Nerd Font Mono' (Noto Serif Display Regular Nerd Font Complete Mono.ttf) normal normal regular normal>) = 10.05
DEBUG:matplotlib.font_manager:findfont: score(<Font 'Noto Sans Bhaiksuki' (NotoSansBhaiksuki-Regular.ttf) normal normal regular normal>) = 10.05
DEBUG:matplotlib.font_manager:findfont: score(<Font 'NotoSans Nerd Font Mono' (Noto Sans ExtraBold Italic Nerd Font Complete Mono.ttf) italic normal bold normal>) = 11.335
DEBUG:matplotlib.font_manager:findfont: score(<Font 'Noto Sans Multani' (NotoSansMultani-Regular.ttf) normal normal regular normal>) = 10.05
DEBUG:matplotlib.font_manager:findfont: score(<Font 'Noto Serif Georgian' (NotoSerifGeorgian-Black.ttf) normal normal black normal>) = 10.525
DEBUG:matplotlib.font_manager:findfont: score(<Font 'NotoSans Nerd Font Mono' (Noto Sans Light Italic Nerd Font Complete Mono.ttf) italic normal light normal>) = 11.24
DEBUG:matplotlib.font_manager:findfont: score(<Font 'NotoSans Nerd Font' (Noto Sans SemiCondensed Light Italic Nerd Font Complete.ttf) italic normal light condensed>) = 11.44
DEBUG:matplotlib.font_manager:findfont: score(<Font 'NotoSerif Nerd Font Mono' (Noto Serif Black Nerd Font Complete Mono.ttf) normal normal black normal>) = 10.525
DEBUG:matplotlib.font_manager:findfont: score(<Font 'Noto Sans Pau Cin Hau' (NotoSansPauCinHau-Regular.ttf) normal normal regular normal>) = 10.05
DEBUG:matplotlib.font_manager:findfont: score(<Font 'Noto Sans Thaana' (NotoSansThaana-Bold.ttf) normal normal 700 normal>) = 10.335
DEBUG:matplotlib.font_manager:findfont: score(<Font 'Hasklug Nerd Font' (Hasklug ExtraLight Italic Nerd Font Complete.otf) italic normal light normal>) = 11.24
DEBUG:matplotlib.font_manager:findfont: score(<Font 'BlexMono Nerd Font Mono' (Blex Mono SemiBold Italic Nerd Font Complete Mono.ttf) italic normal semibold normal>) = 11.24
DEBUG:matplotlib.font_manager:findfont: score(<Font 'Iosevka' (Iosevka Heavy Oblique Nerd Font Complete Mono.ttf) oblique normal 700 normal>) = 11.335
DEBUG:matplotlib.font_manager:findfont: score(<Font 'NotoSerif Nerd Font Mono' (Noto Serif ExtraCondensed Thin Nerd Font Complete Mono.ttf) normal normal 400 condensed>) = 10.25
DEBUG:matplotlib.font_manager:findfont: score(<Font 'NotoSerif Nerd Font' (Noto Serif ExtraCondensed Nerd Font Complete.ttf) normal normal 400 condensed>) = 10.25
DEBUG:matplotlib.font_manager:findfont: score(<Font 'NotoSans Nerd Font Mono' (Noto Sans Condensed Thin Italic Nerd Font Complete Mono.ttf) italic normal 400 condensed>) = 11.25
DEBUG:matplotlib.font_manager:findfont: score(<Font 'Tinos Nerd Font' (Tinos Bold Nerd Font Complete.ttf) normal normal 700 normal>) = 10.335
DEBUG:matplotlib.font_manager:findfont: score(<Font 'NotoSerif Nerd Font' (Noto Serif ExtraBold Italic Nerd Font Complete.ttf) italic normal bold normal>) = 11.335
DEBUG:matplotlib.font_manager:findfont: score(<Font 'NotoSans Nerd Font Mono' (Noto Sans SemiCondensed ExtraLight Nerd Font Complete Mono.ttf) normal normal light condensed>) = 10.44
DEBUG:matplotlib.font_manager:findfont: score(<Font 'Noto Serif Display' (NotoSerifDisplay-Italic.ttf) italic normal 400 normal>) = 11.05
DEBUG:matplotlib.font_manager:findfont: score(<Font 'NotoSans Nerd Font Mono' (Noto Sans Condensed ExtraLight Italic Nerd Font Complete Mono.ttf) italic normal light condensed>) = 11.44
DEBUG:matplotlib.font_manager:findfont: score(<Font 'Noto Sans Syriac' (NotoSansSyriac-Regular.ttf) normal normal regular normal>) = 10.05
DEBUG:matplotlib.font_manager:findfont: score(<Font 'SauceCodePro Nerd Font' (Sauce Code Pro Bold Italic Nerd Font Complete.ttf) italic normal 700 normal>) = 11.335
DEBUG:matplotlib.font_manager:findfont: score(<Font 'NotoSerifDisplay Nerd Font Mono' (Noto Serif Display SemiBold Italic Nerd Font Complete Mono.ttf) italic normal semibold normal>) = 11.24
DEBUG:matplotlib.font_manager:findfont: score(<Font '3270Narrow Nerd Font Mono' (3270 Narrow Nerd Font Complete Mono.otf) normal normal 400 condensed>) = 10.25
DEBUG:matplotlib.font_manager:findfont: score(<Font 'Noto Serif Thai' (NotoSerifThai-Black.ttf) normal normal black normal>) = 10.525
DEBUG:matplotlib.font_manager:findfont: score(<Font 'NotoSerif Nerd Font Mono' (Noto Serif ExtraCondensed Thin Italic Nerd Font Complete Mono.ttf) italic normal 400 condensed>) = 11.25
DEBUG:matplotlib.font_manager:findfont: score(<Font 'NotoSansDisplay Nerd Font Mono' (Noto Sans Display SemiCondensed Light Nerd Font Complete Mono.ttf) normal normal light condensed>) = 10.44
DEBUG:matplotlib.font_manager:findfont: score(<Font 'GoMono Nerd Font Mono' (Go Mono Italic Nerd Font Complete Mono.ttf) italic normal 400 normal>) = 11.05
DEBUG:matplotlib.font_manager:findfont: score(<Font 'NotoSansDisplay Nerd Font' (Noto Sans Display Condensed SemiBold Nerd Font Complete.ttf) normal normal semibold condensed>) = 10.44
DEBUG:matplotlib.font_manager:findfont: score(<Font 'NotoSansDisplay Nerd Font Mono' (Noto Sans Display Black Nerd Font Complete Mono.ttf) normal normal black normal>) = 10.525
DEBUG:matplotlib.font_manager:findfont: score(<Font 'NotoSansDisplay Nerd Font' (Noto Sans Display ExtraCondensed Bold Italic Nerd Font Complete.ttf) italic normal 700 condensed>) = 11.535
DEBUG:matplotlib.font_manager:findfont: score(<Font 'NotoSerif Nerd Font' (Noto Serif Medium Nerd Font Complete.ttf) normal normal medium normal>) = 10.145
DEBUG:matplotlib.font_manager:findfont: score(<Font 'Iosevka Term' (Iosevka Term Medium Nerd Font Complete.ttf) normal normal medium normal>) = 10.145
DEBUG:matplotlib.font_manager:findfont: score(<Font 'Noto Sans Lisu' (NotoSansLisu-Regular.ttf) normal normal regular normal>) = 10.05
DEBUG:matplotlib.font_manager:findfont: score(<Font 'Serto Jerusalem' (SyrCOMJerusalemItalic.otf) italic normal 400 normal>) = 11.05
DEBUG:matplotlib.font_manager:findfont: score(<Font 'Noto Sans Cherokee' (NotoSansCherokee-Regular.ttf) normal normal regular normal>) = 10.05
DEBUG:matplotlib.font_manager:findfont: score(<Font 'FuraCode Nerd Font' (Fura Code Bold Nerd Font Complete.otf) normal normal 700 normal>) = 10.335
DEBUG:matplotlib.font_manager:findfont: score(<Font 'Iosevka' (Iosevka Heavy Italic Nerd Font Complete Mono.ttf) italic normal 700 normal>) = 11.335
DEBUG:matplotlib.font_manager:findfont: score(<Font 'Iosevka Term' (Iosevka Term Heavy Italic Nerd Font Complete Mono.ttf) italic normal 700 normal>) = 11.335
DEBUG:matplotlib.font_manager:findfont: score(<Font 'Iosevka Term' (Iosevka Term Extralight Italic Nerd Font Complete Mono.ttf) italic normal light normal>) = 11.24
DEBUG:matplotlib.font_manager:findfont: score(<Font 'NotoSansDisplay Nerd Font Mono' (Noto Sans Display SemiCondensed Medium Nerd Font Complete Mono.ttf) normal normal medium condensed>) = 10.344999999999999
DEBUG:matplotlib.font_manager:findfont: score(<Font 'NotoSerif Nerd Font Mono' (Noto Serif SemiCondensed Thin Italic Nerd Font Complete Mono.ttf) italic normal 400 condensed>) = 11.25
DEBUG:matplotlib.font_manager:findfont: score(<Font 'Noto Sans Tai Tham' (NotoSansTaiTham-Regular.ttf) normal normal 400 normal>) = 10.05
DEBUG:matplotlib.font_manager:findfont: score(<Font 'mononoki Nerd Font Mono' (mononoki Bold Nerd Font Complete Mono.ttf) normal normal 700 normal>) = 10.335
DEBUG:matplotlib.font_manager:findfont: score(<Font 'NotoSerif Nerd Font' (Noto Serif Black Italic Nerd Font Complete.ttf) italic normal black normal>) = 11.525
DEBUG:matplotlib.font_manager:findfont: score(<Font 'NotoSerifDisplay Nerd Font Mono' (Noto Serif Display ExtraCondensed ExtraBold Nerd Font Complete Mono.ttf) normal normal bold condensed>) = 10.535
DEBUG:matplotlib.font_manager:findfont: score(<Font 'NotoSansMono Nerd Font' (Noto Sans Mono SemiBold Nerd Font Complete.ttf) normal normal semibold normal>) = 10.24
DEBUG:matplotlib.font_manager:findfont: score(<Font 'Noto Sans' (NotoSans-Italic.ttf) italic normal 400 normal>) = 11.05
DEBUG:matplotlib.font_manager:findfont: score(<Font 'Noto Sans Chakma' (NotoSansChakma-Regular.ttf) normal normal regular normal>) = 10.05
DEBUG:matplotlib.font_manager:findfont: score(<Font 'OpenDyslexic Nerd Font Mono' (OpenDyslexic Regular Nerd Font Complete Mono.otf) normal normal 400 normal>) = 10.05
DEBUG:matplotlib.font_manager:findfont: score(<Font 'Noto Sans Bassa Vah' (NotoSansBassaVah-Regular.ttf) normal normal regular normal>) = 10.05
DEBUG:matplotlib.font_manager:findfont: score(<Font 'BitstreamVeraSansMono Nerd Font' (Bitstream Vera Sans Mono Bold Nerd Font Complete.ttf) normal normal 700 normal>) = 10.335
DEBUG:matplotlib.font_manager:findfont: score(<Font 'NotoSerif Nerd Font Mono' (Noto Serif SemiBold Nerd Font Complete Mono.ttf) normal normal semibold normal>) = 10.24
DEBUG:matplotlib.font_manager:findfont: score(<Font 'Hasklug Nerd Font Mono' (Hasklug ExtraLight Nerd Font Complete Mono.otf) normal normal light normal>) = 10.24
DEBUG:matplotlib.font_manager:findfont: score(<Font 'FantasqueSansMono Nerd Font' (Fantasque Sans Mono Italic Nerd Font Complete.ttf) italic normal 400 normal>) = 11.05
DEBUG:matplotlib.font_manager:findfont: score(<Font 'mononoki Nerd Font Mono' (mononoki-Regular Nerd Font Complete Mono.ttf) normal normal regular normal>) = 10.05
DEBUG:matplotlib.font_manager:findfont: score(<Font 'NotoSansMono Nerd Font Mono' (Noto Sans Mono Condensed ExtraBold Nerd Font Complete Mono.ttf) normal normal bold condensed>) = 10.535
DEBUG:matplotlib.font_manager:findfont: score(<Font 'Noto Sans Sinhala' (NotoSansSinhala-Thin.ttf) normal normal 400 normal>) = 10.05
DEBUG:matplotlib.font_manager:findfont: score(<Font 'NotoSerif Nerd Font' (Noto Serif ExtraCondensed Bold Italic Nerd Font Complete.ttf) italic normal 700 condensed>) = 11.535
DEBUG:matplotlib.font_manager:findfont: score(<Font 'Ubuntu Nerd Font' (Ubuntu Light Italic Nerd Font Complete.ttf) italic normal light normal>) = 11.24
DEBUG:matplotlib.font_manager:findfont: score(<Font 'NotoSans Nerd Font Mono' (Noto Sans ExtraBold Nerd Font Complete Mono.ttf) normal normal bold normal>) = 10.335
DEBUG:matplotlib.font_manager:findfont: score(<Font 'Noto Sans Cuneiform' (NotoSansCuneiform-Regular.ttf) normal normal regular normal>) = 10.05
DEBUG:matplotlib.font_manager:findfont: score(<Font 'Noto Sans Georgian' (NotoSansGeorgian-Medium.ttf) normal normal medium normal>) = 10.145
DEBUG:matplotlib.font_manager:findfont: score(<Font 'NotoSerifDisplay Nerd Font Mono' (Noto Serif Display Black Nerd Font Complete Mono.ttf) normal normal black normal>) = 10.525
DEBUG:matplotlib.font_manager:findfont: score(<Font 'NotoSansMono Nerd Font Mono' (Noto Sans Mono Light Nerd Font Complete Mono.ttf) normal normal light normal>) = 10.24
DEBUG:matplotlib.font_manager:findfont: score(<Font 'Noto Sans Lao UI' (NotoSansLaoUI-Black.ttf) normal normal black normal>) = 10.525
DEBUG:matplotlib.font_manager:findfont: score(<Font 'Lekton Nerd Font Mono' (Lekton Nerd Font Complete Mono.ttf) normal normal 400 normal>) = 10.05
DEBUG:matplotlib.font_manager:findfont: score(<Font 'OverpassMono Nerd Font Mono' (Overpass Mono SemiBold Nerd Font Complete Mono.otf) normal normal 700 normal>) = 10.335
DEBUG:matplotlib.font_manager:findfont: score(<Font 'NotoSerifDisplay Nerd Font Mono' (Noto Serif Display ExtraCondensed Italic Nerd Font Complete Mono.ttf) italic normal 400 condensed>) = 11.25
DEBUG:matplotlib.font_manager:findfont: score(<Font 'Hasklug Nerd Font Mono' (Hasklug Black Nerd Font Complete Mono.otf) normal normal black normal>) = 10.525
DEBUG:matplotlib.font_manager:findfont: score(<Font 'Iosevka Term' (Iosevka Term Italic Nerd Font Complete.ttf) italic normal 400 normal>) = 11.05
DEBUG:matplotlib.font_manager:findfont: score(<Font 'NotoSerif Nerd Font Mono' (Noto Serif Condensed ExtraBold Italic Nerd Font Complete Mono.ttf) italic normal bold condensed>) = 11.535
DEBUG:matplotlib.font_manager:findfont: score(<Font 'NotoSerif Nerd Font Mono' (Noto Serif Condensed Thin Italic Nerd Font Complete Mono.ttf) italic normal 400 condensed>) = 11.25
DEBUG:matplotlib.font_manager:findfont: score(<Font 'Noto Sans Khmer' (NotoSansKhmer-Bold.ttf) normal normal 700 normal>) = 10.335
DEBUG:matplotlib.font_manager:findfont: score(<Font 'Iosevka' (Iosevka Oblique Nerd Font Complete.ttf) oblique normal 400 normal>) = 11.05
DEBUG:matplotlib.font_manager:findfont: score(<Font 'NotoSans Nerd Font Mono' (Noto Sans Condensed Thin Italic Nerd Font Complete Mono.ttf) italic normal 400 condensed>) = 11.25
DEBUG:matplotlib.font_manager:findfont: score(<Font 'Noto Serif' (NotoSerif-Bold.ttf) normal normal 700 normal>) = 10.335
DEBUG:matplotlib.font_manager:findfont: score(<Font 'BlexMono Nerd Font' (Blex Mono Text Nerd Font Complete.ttf) normal normal 400 normal>) = 10.05
DEBUG:matplotlib.font_manager:findfont: score(<Font 'NotoSansMono Nerd Font Mono' (Noto Sans Mono ExtraCondensed Thin Nerd Font Complete Mono.ttf) normal normal 400 condensed>) = 10.25
DEBUG:matplotlib.font_manager:findfont: score(<Font 'NotoSerifDisplay Nerd Font Mono' (Noto Serif Display Condensed Medium Italic Nerd Font Complete Mono.ttf) italic normal medium condensed>) = 11.344999999999999
DEBUG:matplotlib.font_manager:findfont: score(<Font 'Noto Sans Myanmar UI' (NotoSansMyanmarUI-Thin.ttf) normal normal 400 normal>) = 10.05
DEBUG:matplotlib.font_manager:findfont: score(<Font 'NotoSans Nerd Font' (Noto Sans ExtraCondensed Thin Nerd Font Complete.ttf) normal normal 400 condensed>) = 10.25
DEBUG:matplotlib.font_manager:findfont: score(<Font 'Noto Sans Myanmar UI' (NotoSansMyanmarUI-Light.ttf) normal normal light normal>) = 10.24
DEBUG:matplotlib.font_manager:findfont: score(<Font 'Libertinus Keyboard' (LibertinusKeyboard-Regular.otf) normal normal regular normal>) = 10.05
DEBUG:matplotlib.font_manager:findfont: score(<Font 'Overpass Nerd Font Mono' (Overpass Heavy Nerd Font Complete Mono.otf) normal normal heavy normal>) = 10.43
DEBUG:matplotlib.font_manager:findfont: score(<Font 'Cousine Nerd Font' (Cousine Regular Nerd Font Complete.ttf) normal normal regular normal>) = 10.05
DEBUG:matplotlib.font_manager:findfont: score(<Font 'InconsolataLGC Nerd Font' (Inconsolata LGC Bold Italic Nerd Font Complete.ttf) italic normal 700 normal>) = 11.335
DEBUG:matplotlib.font_manager:findfont: score(<Font 'NotoSansDisplay Nerd Font' (Noto Sans Display ExtraCondensed Medium Italic Nerd Font Complete.ttf) italic normal medium condensed>) = 11.344999999999999
DEBUG:matplotlib.font_manager:findfont: score(<Font 'mononoki Nerd Font Mono' (mononoki-Regular Nerd Font Complete Mono.ttf) normal normal regular normal>) = 10.05
DEBUG:matplotlib.font_manager:findfont: score(<Font 'NotoSansMono Nerd Font' (Noto Sans Mono ExtraBold Nerd Font Complete.ttf) normal normal bold normal>) = 10.335
DEBUG:matplotlib.font_manager:findfont: score(<Font 'Overpass Nerd Font Mono' (Overpass Italic Nerd Font Complete Mono.otf) italic normal 400 normal>) = 11.05
DEBUG:matplotlib.font_manager:findfont: score(<Font 'NotoSansDisplay Nerd Font Mono' (Noto Sans Display SemiCondensed Medium Italic Nerd Font Complete Mono.ttf) italic normal medium condensed>) = 11.344999999999999
DEBUG:matplotlib.font_manager:findfont: score(<Font 'Noto Sans Cherokee' (NotoSansCherokee-Medium.ttf) normal normal medium normal>) = 10.145
DEBUG:matplotlib.font_manager:findfont: score(<Font 'Iosevka Term' (Iosevka Term Light Nerd Font Complete.ttf) normal normal light normal>) = 10.24
DEBUG:matplotlib.font_manager:findfont: score(<Font 'NotoSansDisplay Nerd Font' (Noto Sans Display SemiCondensed Medium Nerd Font Complete.ttf) normal normal medium condensed>) = 10.344999999999999
DEBUG:matplotlib.font_manager:findfont: score(<Font 'Noto Sans Devanagari' (NotoSansDevanagari-Light.ttf) normal normal light normal>) = 10.24
DEBUG:matplotlib.font_manager:findfont: score(<Font 'NotoSerif Nerd Font' (Noto Serif Thin Nerd Font Complete.ttf) normal normal 400 normal>) = 10.05
DEBUG:matplotlib.font_manager:findfont: score(<Font 'Noto Sans Telugu' (NotoSansTelugu-Bold.ttf) normal normal 700 normal>) = 10.335
DEBUG:matplotlib.font_manager:findfont: score(<Font 'Noto Sans Sinhala' (NotoSansSinhala-Regular.ttf) normal normal regular normal>) = 10.05
DEBUG:matplotlib.font_manager:findfont: score(<Font 'mplus Nerd Font' (M+ 1m bold Nerd Font Complete.ttf) normal normal 700 normal>) = 10.335
DEBUG:matplotlib.font_manager:findfont: score(<Font 'NotoSerifDisplay Nerd Font' (Noto Serif Display SemiCondensed Light Nerd Font Complete.ttf) normal normal light condensed>) = 10.44
DEBUG:matplotlib.font_manager:findfont: score(<Font 'NotoSansDisplay Nerd Font Mono' (Noto Sans Display Condensed SemiBold Nerd Font Complete Mono.ttf) normal normal semibold condensed>) = 10.44
DEBUG:matplotlib.font_manager:findfont: score(<Font 'NotoSansDisplay Nerd Font' (Noto Sans Display Condensed Nerd Font Complete.ttf) normal normal 400 condensed>) = 10.25
DEBUG:matplotlib.font_manager:findfont: score(<Font 'NotoSerifDisplay Nerd Font Mono' (Noto Serif Display SemiCondensed ExtraBold Italic Nerd Font Complete Mono.ttf) italic normal bold condensed>) = 11.535
DEBUG:matplotlib.font_manager:findfont: score(<Font 'NotoSans Nerd Font Mono' (Noto Sans SemiCondensed ExtraLight Italic Nerd Font Complete Mono.ttf) italic normal light condensed>) = 11.44
DEBUG:matplotlib.font_manager:findfont: score(<Font 'NotoSansDisplay Nerd Font Mono' (Noto Sans Display Black Nerd Font Complete Mono.ttf) normal normal black normal>) = 10.525
DEBUG:matplotlib.font_manager:findfont: score(<Font 'NotoSansDisplay Nerd Font Mono' (Noto Sans Display Italic Nerd Font Complete Mono.ttf) italic normal 400 normal>) = 11.05
DEBUG:matplotlib.font_manager:findfont: score(<Font 'NotoSerifDisplay Nerd Font' (Noto Serif Display Condensed ExtraBold Nerd Font Complete.ttf) normal normal bold condensed>) = 10.535
DEBUG:matplotlib.font_manager:findfont: score(<Font 'Noto Serif Gujarati' (NotoSerifGujarati-Black.ttf) normal normal black normal>) = 10.525
DEBUG:matplotlib.font_manager:findfont: score(<Font 'NotoSerif Nerd Font Mono' (Noto Serif SemiCondensed Black Nerd Font Complete Mono.ttf) normal normal black condensed>) = 10.725
DEBUG:matplotlib.font_manager:findfont: score(<Font 'NotoSerif Nerd Font' (Noto Serif ExtraCondensed Light Italic Nerd Font Complete.ttf) italic normal light condensed>) = 11.44
DEBUG:matplotlib.font_manager:findfont: score(<Font 'Noto Serif Myanmar' (NotoSerifMyanmar-Light.ttf) normal normal light normal>) = 10.24
DEBUG:matplotlib.font_manager:findfont: score(<Font 'NotoSerifDisplay Nerd Font Mono' (Noto Serif Display ExtraCondensed ExtraLight Italic Nerd Font Complete Mono.ttf) italic normal light condensed>) = 11.44
DEBUG:matplotlib.font_manager:findfont: score(<Font 'Hack Nerd Font' (Hack Bold Italic Nerd Font Complete.ttf) italic normal 700 normal>) = 11.335
DEBUG:matplotlib.font_manager:findfont: score(<Font 'mplus Nerd Font Mono' (M+ 2m medium Nerd Font Complete Mono.ttf) normal normal medium normal>) = 10.145
DEBUG:matplotlib.font_manager:findfont: score(<Font 'NotoSansMono Nerd Font Mono' (Noto Sans Mono ExtraCondensed Medium Nerd Font Complete Mono.ttf) normal normal medium condensed>) = 10.344999999999999
DEBUG:matplotlib.font_manager:findfont: score(<Font 'NotoSerifDisplay Nerd Font' (Noto Serif Display SemiBold Nerd Font Complete.ttf) normal normal semibold normal>) = 10.24
DEBUG:matplotlib.font_manager:findfont: score(<Font 'Noto Sans Display' (NotoSansDisplay-Light.ttf) normal normal light normal>) = 10.24
DEBUG:matplotlib.font_manager:findfont: score(<Font 'NotoSerifDisplay Nerd Font Mono' (Noto Serif Display SemiCondensed Light Italic Nerd Font Complete Mono.ttf) italic normal light condensed>) = 11.44
DEBUG:matplotlib.font_manager:findfont: score(<Font 'BitstreamVeraSansMono Nerd Font' (Bitstream Vera Sans Mono Oblique Nerd Font Complete.ttf) oblique normal 400 normal>) = 11.05
DEBUG:matplotlib.font_manager:findfont: score(<Font '3270SemiNarrow Nerd Font Mono' (3270 Semi-Narrow Nerd Font Complete Mono.otf) normal normal 400 condensed>) = 10.25
DEBUG:matplotlib.font_manager:findfont: score(<Font 'Noto Sans Hanifi Rohingya' (NotoSansHanifiRohingya-Regular.ttf) normal normal regular normal>) = 10.05
DEBUG:matplotlib.font_manager:findfont: score(<Font 'Iosevka' (Iosevka Medium Italic Nerd Font Complete.ttf) italic normal medium normal>) = 11.145
DEBUG:matplotlib.font_manager:findfont: score(<Font 'Noto Serif Tibetan' (NotoSerifTibetan-Bold.ttf) normal normal 700 normal>) = 10.335
DEBUG:matplotlib.font_manager:findfont: score(<Font 'OpenDyslexic Nerd Font' (OpenDyslexic Italic Nerd Font Complete.otf) italic normal 400 normal>) = 11.05
DEBUG:matplotlib.font_manager:findfont: score(<Font 'DejaVu Sans' (DejaVuSansCondensed-BoldOblique.ttf) oblique normal 700 condensed>) = 1.535
DEBUG:matplotlib.font_manager:findfont: score(<Font 'NotoSansMono Nerd Font Mono' (Noto Sans Mono ExtraCondensed Nerd Font Complete Mono.ttf) normal normal 400 condensed>) = 10.25
DEBUG:matplotlib.font_manager:findfont: score(<Font 'Noto Naskh Arabic UI' (NotoNaskhArabicUI-Regular.ttf) normal normal 400 normal>) = 10.05
DEBUG:matplotlib.font_manager:findfont: score(<Font 'NotoSerifDisplay Nerd Font Mono' (Noto Serif Display Condensed Light Italic Nerd Font Complete Mono.ttf) italic normal light condensed>) = 11.44
DEBUG:matplotlib.font_manager:findfont: score(<Font 'CodeNewRoman Nerd Font' (Code New Roman Bold Nerd Font Complete.otf) normal normal 700 normal>) = 10.335
DEBUG:matplotlib.font_manager:findfont: score(<Font 'Overpass Nerd Font' (Overpass Heavy Italic Nerd Font Complete.otf) italic normal heavy normal>) = 11.43
DEBUG:matplotlib.font_manager:findfont: score(<Font 'Tinos Nerd Font Mono' (Tinos Bold Nerd Font Complete Mono.ttf) normal normal 700 normal>) = 10.335
DEBUG:matplotlib.font_manager:findfont: score(<Font 'NotoSerifDisplay Nerd Font' (Noto Serif Display Condensed Light Nerd Font Complete.ttf) normal normal light condensed>) = 10.44
DEBUG:matplotlib.font_manager:findfont: score(<Font 'Lekton Nerd Font' (Lekton-Italic Nerd Font Complete.ttf) italic normal 400 normal>) = 11.05
DEBUG:matplotlib.font_manager:findfont: score(<Font 'NotoSerif Nerd Font' (Noto Serif SemiCondensed Italic Nerd Font Complete.ttf) italic normal 400 condensed>) = 11.25
DEBUG:matplotlib.font_manager:findfont: score(<Font 'NotoSerifDisplay Nerd Font' (Noto Serif Display Condensed ExtraBold Nerd Font Complete.ttf) normal normal bold condensed>) = 10.535
DEBUG:matplotlib.font_manager:findfont: score(<Font 'RobotoMono Nerd Font' (Roboto Mono Medium Italic Nerd Font Complete.ttf) italic normal medium normal>) = 11.145
DEBUG:matplotlib.font_manager:findfont: score(<Font 'Noto Serif Telugu' (NotoSerifTelugu-Regular.ttf) normal normal regular normal>) = 10.05
DEBUG:matplotlib.font_manager:findfont: score(<Font 'SauceCodePro Nerd Font' (Sauce Code Pro Light Italic Nerd Font Complete.ttf) italic normal light normal>) = 11.24
DEBUG:matplotlib.font_manager:findfont: score(<Font 'NotoSerifDisplay Nerd Font Mono' (Noto Serif Display SemiCondensed Medium Nerd Font Complete Mono.ttf) normal normal medium condensed>) = 10.344999999999999
DEBUG:matplotlib.font_manager:findfont: score(<Font 'Noto Sans Thaana' (NotoSansThaana-Regular.ttf) normal normal regular normal>) = 10.05
DEBUG:matplotlib.font_manager:findfont: score(<Font 'NotoSans Nerd Font' (Noto Sans ExtraLight Italic Nerd Font Complete.ttf) italic normal light normal>) = 11.24
DEBUG:matplotlib.font_manager:findfont: score(<Font 'Hasklug Nerd Font Mono' (Hasklug Light Italic Nerd Font Complete Mono.otf) italic normal light normal>) = 11.24
DEBUG:matplotlib.font_manager:findfont: score(<Font 'Ubuntu Nerd Font Mono' (Ubuntu Bold Nerd Font Complete Mono.ttf) normal normal 700 normal>) = 10.335
DEBUG:matplotlib.font_manager:findfont: score(<Font 'BlexMono Nerd Font Mono' (Blex Mono Thin Nerd Font Complete Mono.ttf) normal normal 400 normal>) = 10.05
DEBUG:matplotlib.font_manager:findfont: score(<Font 'NotoSans Nerd Font' (Noto Sans ExtraBold Nerd Font Complete.ttf) normal normal bold normal>) = 10.335
DEBUG:matplotlib.font_manager:findfont: score(<Font 'Noto Serif' (NotoSerif-BoldItalic.ttf) italic normal 700 normal>) = 11.335
DEBUG:matplotlib.font_manager:findfont: score(<Font 'Noto Sans Inscriptional Parthian' (NotoSansInscriptionalParthian-Regular.ttf) normal normal regular normal>) = 10.05
DEBUG:matplotlib.font_manager:findfont: score(<Font 'Iosevka' (Iosevka Heavy Nerd Font Complete Mono.ttf) normal normal 700 normal>) = 10.335
DEBUG:matplotlib.font_manager:findfont: score(<Font 'mplus Nerd Font Mono' (M+ 2m bold Nerd Font Complete Mono.ttf) normal normal 700 normal>) = 10.335
DEBUG:matplotlib.font_manager:findfont: score(<Font 'Iosevka Term' (Iosevka Term Thin Nerd Font Complete Mono.ttf) normal normal 400 normal>) = 10.05
DEBUG:matplotlib.font_manager:findfont: score(<Font 'NotoSansDisplay Nerd Font Mono' (Noto Sans Display ExtraCondensed SemiBold Italic Nerd Font Complete Mono.ttf) italic normal semibold condensed>) = 11.44
DEBUG:matplotlib.font_manager:findfont: score(<Font 'NotoSansDisplay Nerd Font Mono' (Noto Sans Display SemiCondensed Black Nerd Font Complete Mono.ttf) normal normal black condensed>) = 10.725
DEBUG:matplotlib.font_manager:findfont: score(<Font 'mplus Nerd Font' (M+ 1p thin Nerd Font Complete.ttf) normal normal 400 normal>) = 10.05
DEBUG:matplotlib.font_manager:findfont: score(<Font 'Noto Sans Thai' (NotoSansThai-Black.ttf) normal normal black normal>) = 10.525
DEBUG:matplotlib.font_manager:findfont: score(<Font 'NotoSansDisplay Nerd Font Mono' (Noto Sans Display Thin Italic Nerd Font Complete Mono.ttf) italic normal 400 normal>) = 11.05
DEBUG:matplotlib.font_manager:findfont: score(<Font 'Iosevka' (Iosevka Extralight Nerd Font Complete.ttf) normal normal light normal>) = 10.24
DEBUG:matplotlib.font_manager:findfont: score(<Font 'FantasqueSansMono Nerd Font' (Fantasque Sans Mono Bold Nerd Font Complete.ttf) normal normal 700 normal>) = 10.335
DEBUG:matplotlib.font_manager:findfont: score(<Font 'Noto Sans Mono' (NotoSansMono-Medium.ttf) normal normal medium normal>) = 10.145
DEBUG:matplotlib.font_manager:findfont: score(<Font 'NotoSansDisplay Nerd Font Mono' (Noto Sans Display SemiCondensed Medium Nerd Font Complete Mono.ttf) normal normal medium condensed>) = 10.344999999999999
DEBUG:matplotlib.font_manager:findfont: score(<Font 'FantasqueSansMono Nerd Font' (Fantasque Sans Mono Italic Nerd Font Complete.ttf) italic normal 400 normal>) = 11.05
DEBUG:matplotlib.font_manager:findfont: score(<Font 'Noto Sans Canadian Aboriginal' (NotoSansCanadianAboriginal-Light.ttf) normal normal light normal>) = 10.24
DEBUG:matplotlib.font_manager:findfont: score(<Font 'NotoSansMono Nerd Font' (Noto Sans Mono SemiCondensed Nerd Font Complete.ttf) normal normal 400 condensed>) = 10.25
DEBUG:matplotlib.font_manager:findfont: score(<Font 'Overpass Nerd Font' (Overpass Heavy Nerd Font Complete.otf) normal normal heavy normal>) = 10.43
DEBUG:matplotlib.font_manager:findfont: score(<Font 'Tinos Nerd Font Mono' (Tinos Bold Italic Nerd Font Complete Mono.ttf) italic normal 700 normal>) = 11.335
DEBUG:matplotlib.font_manager:findfont: score(<Font 'NotoSansDisplay Nerd Font' (Noto Sans Display ExtraCondensed ExtraBold Nerd Font Complete.ttf) normal normal bold condensed>) = 10.535
DEBUG:matplotlib.font_manager:findfont: score(<Font 'mplus Nerd Font Mono' (M+ 2c heavy Nerd Font Complete Mono.ttf) normal normal 700 normal>) = 10.335
DEBUG:matplotlib.font_manager:findfont: score(<Font 'NotoSerifDisplay Nerd Font' (Noto Serif Display Condensed SemiBold Italic Nerd Font Complete.ttf) italic normal semibold condensed>) = 11.44
DEBUG:matplotlib.font_manager:findfont: score(<Font 'NotoSerifDisplay Nerd Font' (Noto Serif Display Condensed ExtraLight Italic Nerd Font Complete.ttf) italic normal light condensed>) = 11.44
DEBUG:matplotlib.font_manager:findfont: score(<Font 'Noto Sans Display' (NotoSansDisplay-ThinItalic.ttf) italic normal 400 normal>) = 11.05
DEBUG:matplotlib.font_manager:findfont: score(<Font 'SauceCodePro Nerd Font' (Sauce Code Pro ExtraLight Nerd Font Complete.ttf) normal normal light normal>) = 10.24
DEBUG:matplotlib.font_manager:findfont: score(<Font 'BlexMono Nerd Font' (Blex Mono SemiBold Nerd Font Complete.ttf) normal normal semibold normal>) = 10.24
DEBUG:matplotlib.font_manager:findfont: score(<Font 'Noto Serif Tamil' (NotoSerifTamil-Light.ttf) normal normal light normal>) = 10.24
DEBUG:matplotlib.font_manager:findfont: score(<Font 'GoMono Nerd Font' (Go Mono Italic Nerd Font Complete.ttf) italic normal 400 normal>) = 11.05
DEBUG:matplotlib.font_manager:findfont: score(<Font 'NotoSerifDisplay Nerd Font' (Noto Serif Display Condensed Thin Italic Nerd Font Complete.ttf) italic normal 400 condensed>) = 11.25
DEBUG:matplotlib.font_manager:findfont: score(<Font 'Noto Serif Devanagari' (NotoSerifDevanagari-Medium.ttf) normal normal medium normal>) = 10.145
DEBUG:matplotlib.font_manager:findfont: score(<Font 'Iosevka Term' (Iosevka Term Light Nerd Font Complete Mono.ttf) normal normal light normal>) = 10.24
DEBUG:matplotlib.font_manager:findfont: score(<Font 'Iosevka Term' (Iosevka Term Thin Oblique Nerd Font Complete Mono.ttf) oblique normal 400 normal>) = 11.05
DEBUG:matplotlib.font_manager:findfont: score(<Font 'InconsolataGo Nerd Font Mono' (InconsolataGo Nerd Font Complete Mono.ttf) normal normal 400 normal>) = 10.05
DEBUG:matplotlib.font_manager:findfont: score(<Font 'NotoSansDisplay Nerd Font' (Noto Sans Display ExtraLight Nerd Font Complete.ttf) normal normal light normal>) = 10.24
DEBUG:matplotlib.font_manager:findfont: score(<Font 'Liberation Serif' (LiberationSerif-Regular.ttf) normal normal 400 normal>) = 10.05
DEBUG:matplotlib.font_manager:findfont: score(<Font 'NotoSerif Nerd Font Mono' (Noto Serif ExtraBold Nerd Font Complete Mono.ttf) normal normal bold normal>) = 10.335
DEBUG:matplotlib.font_manager:findfont: score(<Font 'Noto Music' (NotoMusic-Regular.ttf) normal normal regular normal>) = 10.05
DEBUG:matplotlib.font_manager:findfont: score(<Font 'NotoSerif Nerd Font' (Noto Serif Condensed Light Italic Nerd Font Complete.ttf) italic normal light condensed>) = 11.44
DEBUG:matplotlib.font_manager:findfont: score(<Font 'URW Bookman' (URWBookman-LightItalic.otf) italic normal light normal>) = 11.24
DEBUG:matplotlib.font_manager:findfont: score(<Font 'NotoSerifDisplay Nerd Font' (Noto Serif Display Bold Italic Nerd Font Complete.ttf) italic normal 700 normal>) = 11.335
DEBUG:matplotlib.font_manager:findfont: score(<Font 'SauceCodePro Nerd Font' (Sauce Code Pro Medium Nerd Font Complete.ttf) normal normal medium normal>) = 10.145
DEBUG:matplotlib.font_manager:findfont: score(<Font 'mplus Nerd Font Mono' (M+ 1p heavy Nerd Font Complete Mono.ttf) normal normal 700 normal>) = 10.335
DEBUG:matplotlib.font_manager:findfont: score(<Font 'MesloLGLDZ Nerd Font' (Meslo LG L DZ Regular Nerd Font Complete.otf) normal normal regular normal>) = 10.05
DEBUG:matplotlib.font_manager:findfont: score(<Font 'NotoSans Nerd Font Mono' (Noto Sans ExtraLight Italic Nerd Font Complete Mono.ttf) italic normal light normal>) = 11.24
DEBUG:matplotlib.font_manager:findfont: score(<Font 'NotoSansMono Nerd Font Mono' (Noto Sans Mono Condensed ExtraLight Nerd Font Complete Mono.ttf) normal normal light condensed>) = 10.44
DEBUG:matplotlib.font_manager:findfont: score(<Font 'CodeNewRoman Nerd Font Mono' (Code New Roman Italic Nerd Font Complete Mono.otf) italic normal roman normal>) = 11.145
DEBUG:matplotlib.font_manager:findfont: score(<Font 'FuraCode Nerd Font Mono' (Fura Code Light Nerd Font Complete Mono.otf) normal normal light normal>) = 10.24
DEBUG:matplotlib.font_manager:findfont: score(<Font 'SpaceMono Nerd Font' (Space Mono Nerd Font Complete.ttf) normal normal 400 normal>) = 10.05
DEBUG:matplotlib.font_manager:findfont: score(<Font 'NotoSerif Nerd Font' (Noto Serif Condensed Nerd Font Complete.ttf) normal normal 400 condensed>) = 10.25
DEBUG:matplotlib.font_manager:findfont: score(<Font 'Nimbus Mono PS' (NimbusMonoPS-BoldItalic.otf) italic normal 700 normal>) = 11.335
DEBUG:matplotlib.font_manager:findfont: score(<Font 'ProggyCleanTTCE Nerd Font Mono' (ProggyCleanTT CE Nerd Font Complete Mono.ttf) normal normal 400 normal>) = 10.05
DEBUG:matplotlib.font_manager:findfont: score(<Font 'Arimo Nerd Font Mono' (Arimo Italic Nerd Font Complete Mono.ttf) italic normal 400 normal>) = 11.05
DEBUG:matplotlib.font_manager:findfont: score(<Font 'Monofurbold Nerd Font Mono' (monofur bold Nerd Font Complete Mono.ttf) normal normal 700 normal>) = 10.335
DEBUG:matplotlib.font_manager:findfont: score(<Font 'NotoSansDisplay Nerd Font Mono' (Noto Sans Display ExtraCondensed Bold Nerd Font Complete Mono.ttf) normal normal 700 condensed>) = 10.535
DEBUG:matplotlib.font_manager:findfont: score(<Font 'Iosevka Term' (Iosevka Term Heavy Italic Nerd Font Complete Mono.ttf) italic normal 700 normal>) = 11.335
DEBUG:matplotlib.font_manager:findfont: score(<Font 'Noto Serif Telugu' (NotoSerifTelugu-Thin.ttf) normal normal 400 normal>) = 10.05
DEBUG:matplotlib.font_manager:findfont: score(<Font 'NotoSansDisplay Nerd Font' (Noto Sans Display Regular Nerd Font Complete.ttf) normal normal regular normal>) = 10.05
DEBUG:matplotlib.font_manager:findfont: score(<Font 'NotoSerifDisplay Nerd Font' (Noto Serif Display Condensed Italic Nerd Font Complete.ttf) italic normal 400 condensed>) = 11.25
DEBUG:matplotlib.font_manager:findfont: score(<Font 'NotoSans Nerd Font' (Noto Sans ExtraCondensed Light Nerd Font Complete.ttf) normal normal light condensed>) = 10.44
DEBUG:matplotlib.font_manager:findfont: score(<Font 'NotoSans Nerd Font' (Noto Sans Condensed ExtraBold Nerd Font Complete.ttf) normal normal bold condensed>) = 10.535
DEBUG:matplotlib.font_manager:findfont: score(<Font 'NotoSans Nerd Font' (Noto Sans SemiCondensed Medium Nerd Font Complete.ttf) normal normal medium condensed>) = 10.344999999999999
DEBUG:matplotlib.font_manager:findfont: score(<Font 'Lekton Nerd Font' (Lekton Nerd Font Complete.ttf) normal normal 400 normal>) = 10.05
DEBUG:matplotlib.font_manager:findfont: score(<Font 'NotoSerifDisplay Nerd Font' (Noto Serif Display ExtraBold Nerd Font Complete.ttf) normal normal bold normal>) = 10.335
DEBUG:matplotlib.font_manager:findfont: score(<Font 'NotoSerif Nerd Font' (Noto Serif Condensed ExtraBold Nerd Font Complete.ttf) normal normal bold condensed>) = 10.535
DEBUG:matplotlib.font_manager:findfont: score(<Font 'NotoSans Nerd Font' (Noto Sans Condensed ExtraLight Nerd Font Complete.ttf) normal normal light condensed>) = 10.44
DEBUG:matplotlib.font_manager:findfont: score(<Font 'Noto Sans Hebrew' (NotoSansHebrew-Medium.ttf) normal normal medium normal>) = 10.145
DEBUG:matplotlib.font_manager:findfont: score(<Font 'NotoSansDisplay Nerd Font' (Noto Sans Display SemiCondensed SemiBold Nerd Font Complete.ttf) normal normal semibold condensed>) = 10.44
DEBUG:matplotlib.font_manager:findfont: score(<Font 'NotoSans Nerd Font' (Noto Sans Condensed Thin Italic Nerd Font Complete.ttf) italic normal 400 condensed>) = 11.25
DEBUG:matplotlib.font_manager:findfont: score(<Font 'mplus Nerd Font' (M+ 1p black Nerd Font Complete.ttf) normal normal 700 normal>) = 10.335
DEBUG:matplotlib.font_manager:findfont: score(<Font 'Noto Sans Hebrew' (NotoSansHebrew-Thin.ttf) normal normal 400 normal>) = 10.05
DEBUG:matplotlib.font_manager:findfont: score(<Font 'NotoSans Nerd Font' (Noto Sans ExtraCondensed Nerd Font Complete.ttf) normal normal 400 condensed>) = 10.25
DEBUG:matplotlib.font_manager:findfont: score(<Font 'Noto Serif Tamil' (NotoSerifTamil-Bold.ttf) normal normal 700 normal>) = 10.335
DEBUG:matplotlib.font_manager:findfont: score(<Font 'mplus Nerd Font' (M+ 1p bold Nerd Font Complete.ttf) normal normal 700 normal>) = 10.335
DEBUG:matplotlib.font_manager:findfont: score(<Font 'NotoSansDisplay Nerd Font Mono' (Noto Sans Display ExtraCondensed Nerd Font Complete Mono.ttf) normal normal 400 condensed>) = 10.25
DEBUG:matplotlib.font_manager:findfont: score(<Font 'mplus Nerd Font' (M+ 2c light Nerd Font Complete.ttf) normal normal light normal>) = 10.24
DEBUG:matplotlib.font_manager:findfont: score(<Font 'NotoSans Nerd Font' (Noto Sans Condensed Black Nerd Font Complete.ttf) normal normal black condensed>) = 10.725
DEBUG:matplotlib.font_manager:findfont: score(<Font 'NotoSerif Nerd Font' (Noto Serif ExtraCondensed Nerd Font Complete.ttf) normal normal 400 condensed>) = 10.25
DEBUG:matplotlib.font_manager:findfont: score(<Font 'NotoSerif Nerd Font' (Noto Serif Condensed Black Nerd Font Complete.ttf) normal normal black condensed>) = 10.725
DEBUG:matplotlib.font_manager:findfont: score(<Font 'NotoSerifDisplay Nerd Font' (Noto Serif Display Condensed SemiBold Nerd Font Complete.ttf) normal normal semibold condensed>) = 10.44
DEBUG:matplotlib.font_manager:findfont: score(<Font 'DejaVuSansMono Nerd Font Mono' (DejaVu Sans Mono Bold Nerd Font Complete Mono.ttf) normal normal 700 normal>) = 10.335
DEBUG:matplotlib.font_manager:findfont: score(<Font 'Overpass Nerd Font' (Overpass ExtraBold Nerd Font Complete.otf) normal normal bold normal>) = 10.335
DEBUG:matplotlib.font_manager:findfont: score(<Font 'NotoSansMono Nerd Font Mono' (Noto Sans Mono Condensed Light Nerd Font Complete Mono.ttf) normal normal light condensed>) = 10.44
DEBUG:matplotlib.font_manager:findfont: score(<Font 'NotoSerif Nerd Font' (Noto Serif SemiCondensed Bold Italic Nerd Font Complete.ttf) italic normal 700 condensed>) = 11.535
DEBUG:matplotlib.font_manager:findfont: score(<Font 'NotoSerifDisplay Nerd Font Mono' (Noto Serif Display ExtraCondensed Light Italic Nerd Font Complete Mono.ttf) italic normal light condensed>) = 11.44
DEBUG:matplotlib.font_manager:findfont: score(<Font 'Iosevka Term' (Iosevka Term Light Oblique Nerd Font Complete Mono.ttf) oblique normal light normal>) = 11.24
DEBUG:matplotlib.font_manager:findfont: score(<Font 'Overpass Nerd Font Mono' (Overpass Italic Nerd Font Complete Mono.otf) italic normal 400 normal>) = 11.05
DEBUG:matplotlib.font_manager:findfont: score(<Font 'Iosevka' (Iosevka Medium Oblique Nerd Font Complete.ttf) oblique normal medium normal>) = 11.145
DEBUG:matplotlib.font_manager:findfont: score(<Font 'Noto Sans Thai' (NotoSansThai-Medium.ttf) normal normal medium normal>) = 10.145
DEBUG:matplotlib.font_manager:findfont: score(<Font 'Noto Sans Cham' (NotoSansCham-Black.ttf) normal normal black normal>) = 10.525
DEBUG:matplotlib.font_manager:findfont: score(<Font 'NotoSansDisplay Nerd Font Mono' (Noto Sans Display Condensed ExtraLight Italic Nerd Font Complete Mono.ttf) italic normal light condensed>) = 11.44
DEBUG:matplotlib.font_manager:findfont: score(<Font 'CodeNewRoman Nerd Font' (Code New Roman Nerd Font Complete.otf) normal normal roman normal>) = 10.145
DEBUG:matplotlib.font_manager:findfont: score(<Font 'NotoSans Nerd Font Mono' (Noto Sans ExtraCondensed ExtraBold Italic Nerd Font Complete Mono.ttf) italic normal bold condensed>) = 11.535
DEBUG:matplotlib.font_manager:findfont: score(<Font 'NotoSerifDisplay Nerd Font' (Noto Serif Display Condensed ExtraLight Nerd Font Complete.ttf) normal normal light condensed>) = 10.44
DEBUG:matplotlib.font_manager:findfont: score(<Font 'Noto Sans Newa' (NotoSansNewa-Regular.ttf) normal normal regular normal>) = 10.05
DEBUG:matplotlib.font_manager:findfont: score(<Font 'Noto Serif Armenian' (NotoSerifArmenian-Bold.ttf) normal normal 700 normal>) = 10.335
DEBUG:matplotlib.font_manager:findfont: score(<Font 'OverpassMono Nerd Font' (Overpass Mono Bold Nerd Font Complete.otf) normal normal 700 normal>) = 10.335
DEBUG:matplotlib.font_manager:findfont: score(<Font 'OpenDyslexic Nerd Font' (OpenDyslexic Bold Nerd Font Complete.otf) normal normal 700 normal>) = 10.335
DEBUG:matplotlib.font_manager:findfont: score(<Font 'NotoSerifDisplay Nerd Font Mono' (Noto Serif Display SemiCondensed Bold Italic Nerd Font Complete Mono.ttf) italic normal 700 condensed>) = 11.535
DEBUG:matplotlib.font_manager:findfont: score(<Font 'NotoSansMono Nerd Font' (Noto Sans Mono SemiCondensed Black Nerd Font Complete.ttf) normal normal black condensed>) = 10.725
DEBUG:matplotlib.font_manager:findfont: score(<Font 'NotoSansDisplay Nerd Font Mono' (Noto Sans Display Light Nerd Font Complete Mono.ttf) normal normal light normal>) = 10.24
DEBUG:matplotlib.font_manager:findfont: score(<Font 'mplus Nerd Font' (M+ 2c Nerd Font Complete.ttf) normal normal 400 normal>) = 10.05
DEBUG:matplotlib.font_manager:findfont: score(<Font 'mplus Nerd Font Mono' (M+ 1c thin Nerd Font Complete Mono.ttf) normal normal 400 normal>) = 10.05
DEBUG:matplotlib.font_manager:findfont: score(<Font 'NotoSansDisplay Nerd Font Mono' (Noto Sans Display SemiCondensed Bold Italic Nerd Font Complete Mono.ttf) italic normal 700 condensed>) = 11.535
DEBUG:matplotlib.font_manager:findfont: score(<Font 'NotoSans Nerd Font Mono' (Noto Sans Thin Italic Nerd Font Complete Mono.ttf) italic normal 400 normal>) = 11.05
DEBUG:matplotlib.font_manager:findfont: score(<Font 'NotoSerif Nerd Font Mono' (Noto Serif Regular Nerd Font Complete Mono.ttf) normal normal regular normal>) = 10.05
DEBUG:matplotlib.font_manager:findfont: score(<Font 'Iosevka' (Iosevka Medium Oblique Nerd Font Complete.ttf) oblique normal medium normal>) = 11.145
DEBUG:matplotlib.font_manager:findfont: score(<Font 'NotoSerifDisplay Nerd Font Mono' (Noto Serif Display SemiCondensed Thin Nerd Font Complete Mono.ttf) normal normal 400 condensed>) = 10.25
DEBUG:matplotlib.font_manager:findfont: score(<Font 'mplus Nerd Font Mono' (M+ 2c bold Nerd Font Complete Mono.ttf) normal normal 700 normal>) = 10.335
DEBUG:matplotlib.font_manager:findfont: score(<Font 'NotoSerif Nerd Font Mono' (Noto Serif Thin Italic Nerd Font Complete Mono.ttf) italic normal 400 normal>) = 11.05
DEBUG:matplotlib.font_manager:findfont: score(<Font 'Iosevka' (Iosevka Medium Italic Nerd Font Complete Mono.ttf) italic normal medium normal>) = 11.145
DEBUG:matplotlib.font_manager:findfont: score(<Font 'NotoSans Nerd Font' (Noto Sans SemiCondensed Bold Italic Nerd Font Complete.ttf) italic normal 700 condensed>) = 11.535
DEBUG:matplotlib.font_manager:findfont: score(<Font 'NotoSansDisplay Nerd Font' (Noto Sans Display ExtraCondensed SemiBold Italic Nerd Font Complete.ttf) italic normal semibold condensed>) = 11.44
DEBUG:matplotlib.font_manager:findfont: score(<Font 'NotoSerif Nerd Font Mono' (Noto Serif ExtraCondensed ExtraBold Nerd Font Complete Mono.ttf) normal normal bold condensed>) = 10.535
DEBUG:matplotlib.font_manager:findfont: score(<Font 'NotoSerifDisplay Nerd Font Mono' (Noto Serif Display Black Italic Nerd Font Complete Mono.ttf) italic normal black normal>) = 11.525
DEBUG:matplotlib.font_manager:findfont: score(<Font 'NotoSansMono Nerd Font' (Noto Sans Mono SemiCondensed ExtraLight Nerd Font Complete.ttf) normal normal light condensed>) = 10.44
DEBUG:matplotlib.font_manager:findfont: score(<Font 'BitstreamVeraSansMono Nerd Font Mono' (Bitstream Vera Sans Mono Bold Nerd Font Complete Mono.ttf) normal normal 700 normal>) = 10.335
DEBUG:matplotlib.font_manager:findfont: score(<Font 'GoMono Nerd Font Mono' (Go Mono Bold Italic Nerd Font Complete Mono.ttf) italic normal 700 normal>) = 11.335
DEBUG:matplotlib.font_manager:findfont: score(<Font 'NotoSerifDisplay Nerd Font' (Noto Serif Display Condensed Light Italic Nerd Font Complete.ttf) italic normal light condensed>) = 11.44
DEBUG:matplotlib.font_manager:findfont: score(<Font 'NotoSerif Nerd Font' (Noto Serif SemiBold Nerd Font Complete.ttf) normal normal semibold normal>) = 10.24
DEBUG:matplotlib.font_manager:findfont: score(<Font 'Iosevka Term' (Iosevka Term Bold Italic Nerd Font Complete.ttf) italic normal 700 normal>) = 11.335
DEBUG:matplotlib.font_manager:findfont: score(<Font 'Iosevka Term' (Iosevka Term Heavy Oblique Nerd Font Complete.ttf) oblique normal 700 normal>) = 11.335
DEBUG:matplotlib.font_manager:findfont: score(<Font 'Noto Sans Cham' (NotoSansCham-Medium.ttf) normal normal medium normal>) = 10.145
DEBUG:matplotlib.font_manager:findfont: score(<Font 'Iosevka Term' (Iosevka Term Bold Italic Nerd Font Complete Mono.ttf) italic normal 700 normal>) = 11.335
DEBUG:matplotlib.font_manager:findfont: score(<Font 'Noto Sans NKo' (NotoSansNKo-Regular.ttf) normal normal regular normal>) = 10.05
DEBUG:matplotlib.font_manager:findfont: score(<Font 'Hurmit Nerd Font' (Hurmit Light Nerd Font Complete.otf) normal normal light normal>) = 10.24
DEBUG:matplotlib.font_manager:findfont: score(<Font 'NotoSansDisplay Nerd Font' (Noto Sans Display ExtraLight Italic Nerd Font Complete.ttf) italic normal light normal>) = 11.24
DEBUG:matplotlib.font_manager:findfont: score(<Font 'Noto Sans Gurmukhi UI' (NotoSansGurmukhiUI-Regular.ttf) normal normal regular normal>) = 10.05
DEBUG:matplotlib.font_manager:findfont: score(<Font 'NotoSerifDisplay Nerd Font Mono' (Noto Serif Display ExtraCondensed ExtraBold Nerd Font Complete Mono.ttf) normal normal bold condensed>) = 10.535
DEBUG:matplotlib.font_manager:findfont: score(<Font 'OpenDyslexic Nerd Font Mono' (OpenDyslexic Italic Nerd Font Complete Mono.otf) italic normal 400 normal>) = 11.05
DEBUG:matplotlib.font_manager:findfont: score(<Font 'Noto Sans Display' (NotoSansDisplay-BlackItalic.ttf) italic normal black normal>) = 11.525
DEBUG:matplotlib.font_manager:findfont: score(<Font 'CodeNewRoman Nerd Font Mono' (Code New Roman Nerd Font Complete Mono.otf) normal normal roman normal>) = 10.145
DEBUG:matplotlib.font_manager:findfont: score(<Font 'NotoSans Nerd Font' (Noto Sans Light Italic Nerd Font Complete.ttf) italic normal light normal>) = 11.24
DEBUG:matplotlib.font_manager:findfont: score(<Font 'OpenDyslexic Nerd Font Mono' (OpenDyslexic Regular Nerd Font Complete Mono.otf) normal normal 400 normal>) = 10.05
DEBUG:matplotlib.font_manager:findfont: score(<Font 'NotoSansDisplay Nerd Font Mono' (Noto Sans Display SemiCondensed Italic Nerd Font Complete Mono.ttf) italic normal 400 condensed>) = 11.25
DEBUG:matplotlib.font_manager:findfont: score(<Font 'NotoSerifDisplay Nerd Font Mono' (Noto Serif Display Condensed Medium Italic Nerd Font Complete Mono.ttf) italic normal medium condensed>) = 11.344999999999999
DEBUG:matplotlib.font_manager:findfont: score(<Font 'Iosevka Term' (Iosevka Term Bold Italic Nerd Font Complete.ttf) italic normal 700 normal>) = 11.335
DEBUG:matplotlib.font_manager:findfont: score(<Font 'Noto Sans Khmer UI' (NotoSansKhmerUI-Bold.ttf) normal normal 700 normal>) = 10.335
DEBUG:matplotlib.font_manager:findfont: score(<Font 'ProggyCleanTT Nerd Font' (ProggyCleanTT Nerd Font Complete.ttf) normal normal 400 normal>) = 10.05
DEBUG:matplotlib.font_manager:findfont: score(<Font 'mplus Nerd Font Mono' (M+ 2c Nerd Font Complete Mono.ttf) normal normal 400 normal>) = 10.05
DEBUG:matplotlib.font_manager:findfont: score(<Font 'NotoSerif Nerd Font Mono' (Noto Serif ExtraCondensed SemiBold Italic Nerd Font Complete Mono.ttf) italic normal semibold condensed>) = 11.44
DEBUG:matplotlib.font_manager:findfont: score(<Font 'Noto Serif' (NotoSerif-LightItalic.ttf) italic normal light normal>) = 11.24
DEBUG:matplotlib.font_manager:findfont: score(<Font 'NotoSerif Nerd Font' (Noto Serif Condensed ExtraLight Italic Nerd Font Complete.ttf) italic normal light condensed>) = 11.44
DEBUG:matplotlib.font_manager:findfont: score(<Font 'NotoSerif Nerd Font Mono' (Noto Serif SemiCondensed Nerd Font Complete Mono.ttf) normal normal 400 condensed>) = 10.25
DEBUG:matplotlib.font_manager:findfont: score(<Font 'DejaVu Serif' (DejaVuSerifCondensed.ttf) normal normal 400 condensed>) = 10.25
DEBUG:matplotlib.font_manager:findfont: score(<Font 'NotoSerif Nerd Font Mono' (Noto Serif ExtraCondensed SemiBold Italic Nerd Font Complete Mono.ttf) italic normal semibold condensed>) = 11.44
DEBUG:matplotlib.font_manager:findfont: score(<Font 'NotoSans Nerd Font' (Noto Sans SemiCondensed Thin Nerd Font Complete.ttf) normal normal 400 condensed>) = 10.25
DEBUG:matplotlib.font_manager:findfont: score(<Font 'mplus Nerd Font Mono' (M+ 1mn medium Nerd Font Complete Mono.ttf) normal normal medium normal>) = 10.145
DEBUG:matplotlib.font_manager:findfont: score(<Font 'NotoSansDisplay Nerd Font Mono' (Noto Sans Display Light Italic Nerd Font Complete Mono.ttf) italic normal light normal>) = 11.24
DEBUG:matplotlib.font_manager:findfont: score(<Font 'NotoSerifDisplay Nerd Font' (Noto Serif Display SemiCondensed ExtraLight Italic Nerd Font Complete.ttf) italic normal light condensed>) = 11.44
DEBUG:matplotlib.font_manager:findfont: score(<Font 'NotoSerif Nerd Font' (Noto Serif SemiCondensed Thin Italic Nerd Font Complete.ttf) italic normal 400 condensed>) = 11.25
DEBUG:matplotlib.font_manager:findfont: score(<Font 'SpaceMono Nerd Font Mono' (Space Mono Italic Nerd Font Complete Mono.ttf) italic normal 400 normal>) = 11.05
DEBUG:matplotlib.font_manager:findfont: score(<Font 'OpenDyslexicAlta Nerd Font' (OpenDyslexicAlta Bold Nerd Font Complete.otf) normal normal 700 normal>) = 10.335
DEBUG:matplotlib.font_manager:findfont: score(<Font 'Overpass Nerd Font' (Overpass Thin Nerd Font Complete.otf) normal normal 400 normal>) = 10.05
DEBUG:matplotlib.font_manager:findfont: score(<Font 'NotoSerifDisplay Nerd Font Mono' (Noto Serif Display SemiCondensed SemiBold Nerd Font Complete Mono.ttf) normal normal semibold condensed>) = 10.44
DEBUG:matplotlib.font_manager:findfont: score(<Font 'FuraCode Nerd Font Mono' (Fura Code Retina Nerd Font Complete Mono.otf) normal normal 400 normal>) = 10.05
DEBUG:matplotlib.font_manager:findfont: score(<Font 'NotoSerif Nerd Font' (Noto Serif Italic Nerd Font Complete.ttf) italic normal 400 normal>) = 11.05
DEBUG:matplotlib.font_manager:findfont: score(<Font 'Overpass Nerd Font' (Overpass Light Italic Nerd Font Complete.otf) italic normal light normal>) = 11.24
DEBUG:matplotlib.font_manager:findfont: score(<Font 'Nimbus Sans Narrow' (NimbusSansNarrow-BoldOblique.otf) oblique normal 700 condensed>) = 11.535
DEBUG:matplotlib.font_manager:findfont: score(<Font 'mplus Nerd Font' (M+ 2p thin Nerd Font Complete.ttf) normal normal 400 normal>) = 10.05
DEBUG:matplotlib.font_manager:findfont: score(<Font 'BlexMono Nerd Font' (Blex Mono Nerd Font Complete.ttf) normal normal 400 normal>) = 10.05
DEBUG:matplotlib.font_manager:findfont: score(<Font 'NotoSerifDisplay Nerd Font Mono' (Noto Serif Display ExtraCondensed Black Italic Nerd Font Complete Mono.ttf) italic normal black condensed>) = 11.725
DEBUG:matplotlib.font_manager:findfont: score(<Font 'Source Code Pro' (SourceCodePro-It.otf) italic normal 400 normal>) = 11.05
DEBUG:matplotlib.font_manager:findfont: score(<Font 'mplus Nerd Font' (M+ 2c bold Nerd Font Complete.ttf) normal normal 700 normal>) = 10.335
DEBUG:matplotlib.font_manager:findfont: score(<Font 'NotoSerif Nerd Font Mono' (Noto Serif Bold Nerd Font Complete Mono.ttf) normal normal 700 normal>) = 10.335
DEBUG:matplotlib.font_manager:findfont: score(<Font 'DejaVu Sans' (DejaVuSansCondensed-Bold.ttf) normal normal 700 condensed>) = 0.5349999999999999
DEBUG:matplotlib.font_manager:findfont: score(<Font 'BlexMono Nerd Font' (Blex Mono SemiBold Nerd Font Complete.ttf) normal normal semibold normal>) = 10.24
DEBUG:matplotlib.font_manager:findfont: score(<Font 'Noto Sans Khmer UI' (NotoSansKhmerUI-Medium.ttf) normal normal medium normal>) = 10.145
DEBUG:matplotlib.font_manager:findfont: score(<Font 'BlexMono Nerd Font Mono' (Blex Mono Text Italic Nerd Font Complete Mono.ttf) italic normal 400 normal>) = 11.05
DEBUG:matplotlib.font_manager:findfont: score(<Font 'NotoSansDisplay Nerd Font Mono' (Noto Sans Display ExtraCondensed SemiBold Nerd Font Complete Mono.ttf) normal normal semibold condensed>) = 10.44
DEBUG:matplotlib.font_manager:findfont: score(<Font 'Noto Sans Thai' (NotoSansThai-Thin.ttf) normal normal 400 normal>) = 10.05
DEBUG:matplotlib.font_manager:findfont: score(<Font 'NotoSerif Nerd Font' (Noto Serif SemiCondensed Bold Nerd Font Complete.ttf) normal normal 700 condensed>) = 10.535
DEBUG:matplotlib.font_manager:findfont: score(<Font 'Noto Sans' (NotoSans-LightItalic.ttf) italic normal light normal>) = 11.24
DEBUG:matplotlib.font_manager:findfont: score(<Font 'Overpass Nerd Font' (Overpass Italic Nerd Font Complete.otf) italic normal 400 normal>) = 11.05
DEBUG:matplotlib.font_manager:findfont: score(<Font 'NotoSansDisplay Nerd Font Mono' (Noto Sans Display ExtraLight Italic Nerd Font Complete Mono.ttf) italic normal light normal>) = 11.24
DEBUG:matplotlib.font_manager:findfont: score(<Font 'NotoSerif Nerd Font' (Noto Serif ExtraBold Italic Nerd Font Complete.ttf) italic normal bold normal>) = 11.335
DEBUG:matplotlib.font_manager:findfont: score(<Font 'RobotoMono Nerd Font' (Roboto Mono Thin Italic Nerd Font Complete.ttf) italic normal 400 normal>) = 11.05
DEBUG:matplotlib.font_manager:findfont: score(<Font 'NotoSerifDisplay Nerd Font Mono' (Noto Serif Display Condensed Light Italic Nerd Font Complete Mono.ttf) italic normal light condensed>) = 11.44
DEBUG:matplotlib.font_manager:findfont: score(<Font 'Libertinus Serif' (LibertinusSerif-SemiboldItalic.otf) italic normal 700 normal>) = 11.335
DEBUG:matplotlib.font_manager:findfont: score(<Font 'NotoSerif Nerd Font' (Noto Serif ExtraCondensed SemiBold Nerd Font Complete.ttf) normal normal semibold condensed>) = 10.44
DEBUG:matplotlib.font_manager:findfont: score(<Font 'NotoSerifDisplay Nerd Font' (Noto Serif Display SemiCondensed Thin Nerd Font Complete.ttf) normal normal 400 condensed>) = 10.25
DEBUG:matplotlib.font_manager:findfont: score(<Font 'Overpass Nerd Font' (Overpass Bold Italic Nerd Font Complete.otf) italic normal 700 normal>) = 11.335
DEBUG:matplotlib.font_manager:findfont: score(<Font 'Anonymice Nerd Font Mono' (Anonymice Nerd Font Complete Mono.ttf) normal normal 400 normal>) = 10.05
DEBUG:matplotlib.font_manager:findfont: score(<Font 'NotoSansDisplay Nerd Font' (Noto Sans Display Condensed ExtraBold Nerd Font Complete.ttf) normal normal bold condensed>) = 10.535
DEBUG:matplotlib.font_manager:findfont: score(<Font 'Tinos Nerd Font Mono' (Tinos Nerd Font Complete Mono.ttf) normal normal 400 normal>) = 10.05
DEBUG:matplotlib.font_manager:findfont: score(<Font 'BlexMono Nerd Font' (Blex Mono Thin Nerd Font Complete.ttf) normal normal 400 normal>) = 10.05
DEBUG:matplotlib.font_manager:findfont: score(<Font 'NotoSansDisplay Nerd Font Mono' (Noto Sans Display Condensed ExtraLight Italic Nerd Font Complete Mono.ttf) italic normal light condensed>) = 11.44
DEBUG:matplotlib.font_manager:findfont: score(<Font 'NotoSerifDisplay Nerd Font' (Noto Serif Display ExtraLight Nerd Font Complete.ttf) normal normal light normal>) = 10.24
DEBUG:matplotlib.font_manager:findfont: score(<Font 'NotoSerif Nerd Font' (Noto Serif Regular Nerd Font Complete.ttf) normal normal regular normal>) = 10.05
DEBUG:matplotlib.font_manager:findfont: score(<Font 'NotoSerif Nerd Font Mono' (Noto Serif SemiBold Italic Nerd Font Complete Mono.ttf) italic normal semibold normal>) = 11.24
DEBUG:matplotlib.font_manager:findfont: score(<Font 'mplus Nerd Font' (M+ 1c black Nerd Font Complete.ttf) normal normal 700 normal>) = 10.335
DEBUG:matplotlib.font_manager:findfont: score(<Font 'AurulentSansMono Nerd Font' (AurulentSansMono-Regular Nerd Font Complete.otf) normal normal regular normal>) = 10.05
DEBUG:matplotlib.font_manager:findfont: score(<Font 'Liberation Mono' (LiberationMono-Bold.ttf) normal normal 700 normal>) = 10.335
DEBUG:matplotlib.font_manager:findfont: score(<Font 'Noto Sans Avestan' (NotoSansAvestan-Regular.ttf) normal normal regular normal>) = 10.05
DEBUG:matplotlib.font_manager:findfont: score(<Font 'NotoSansMono Nerd Font Mono' (Noto Sans Mono SemiCondensed ExtraBold Nerd Font Complete Mono.ttf) normal normal bold condensed>) = 10.535
DEBUG:matplotlib.font_manager:findfont: score(<Font 'SauceCodePro Nerd Font Mono' (Sauce Code Pro Bold Nerd Font Complete Mono.ttf) normal normal 700 normal>) = 10.335
DEBUG:matplotlib.font_manager:findfont: score(<Font 'NotoSerif Nerd Font Mono' (Noto Serif Black Italic Nerd Font Complete Mono.ttf) italic normal black normal>) = 11.525
DEBUG:matplotlib.font_manager:findfont: score(<Font 'NotoSansDisplay Nerd Font' (Noto Sans Display Condensed Light Nerd Font Complete.ttf) normal normal light condensed>) = 10.44
DEBUG:matplotlib.font_manager:findfont: score(<Font 'NotoSans Nerd Font' (Noto Sans Condensed Nerd Font Complete.ttf) normal normal 400 condensed>) = 10.25
DEBUG:matplotlib.font_manager:findfont: score(<Font 'NotoSans Nerd Font' (Noto Sans Thin Nerd Font Complete.ttf) normal normal 400 normal>) = 10.05
DEBUG:matplotlib.font_manager:findfont: score(<Font 'Iosevka Term' (Iosevka Term Heavy Italic Nerd Font Complete.ttf) italic normal 700 normal>) = 11.335
DEBUG:matplotlib.font_manager:findfont: score(<Font 'RobotoMono Nerd Font' (Roboto Mono Medium Italic Nerd Font Complete.ttf) italic normal medium normal>) = 11.145
DEBUG:matplotlib.font_manager:findfont: score(<Font 'NotoSansDisplay Nerd Font' (Noto Sans Display Condensed Nerd Font Complete.ttf) normal normal 400 condensed>) = 10.25
DEBUG:matplotlib.font_manager:findfont: score(<Font 'NotoSerifDisplay Nerd Font Mono' (Noto Serif Display ExtraCondensed ExtraLight Italic Nerd Font Complete Mono.ttf) italic normal light condensed>) = 11.44
DEBUG:matplotlib.font_manager:findfont: score(<Font 'mplus Nerd Font' (M+ 1mn Nerd Font Complete.ttf) normal normal 400 normal>) = 10.05
DEBUG:matplotlib.font_manager:findfont: score(<Font 'Monofur Nerd Font Mono' (monofur Nerd Font Complete Mono.ttf) normal normal 400 normal>) = 10.05
DEBUG:matplotlib.font_manager:findfont: score(<Font 'NotoSerifDisplay Nerd Font Mono' (Noto Serif Display Thin Nerd Font Complete Mono.ttf) normal normal 400 normal>) = 10.05
DEBUG:matplotlib.font_manager:findfont: score(<Font 'NotoSerifDisplay Nerd Font Mono' (Noto Serif Display Condensed Bold Italic Nerd Font Complete Mono.ttf) italic normal 700 condensed>) = 11.535
DEBUG:matplotlib.font_manager:findfont: score(<Font 'FantasqueSansMono Nerd Font Mono' (Fantasque Sans Mono Bold Nerd Font Complete Mono.ttf) normal normal 700 normal>) = 10.335
DEBUG:matplotlib.font_manager:findfont: score(<Font 'NotoSerifDisplay Nerd Font Mono' (Noto Serif Display Regular Nerd Font Complete Mono.ttf) normal normal regular normal>) = 10.05
DEBUG:matplotlib.font_manager:findfont: score(<Font 'Fira Code' (FiraCode-Medium.otf) normal normal medium normal>) = 10.145
DEBUG:matplotlib.font_manager:findfont: score(<Font 'Fira Code' (FiraCode-Regular.otf) normal normal regular normal>) = 10.05
DEBUG:matplotlib.font_manager:findfont: score(<Font 'NotoSansDisplay Nerd Font' (Noto Sans Display SemiBold Italic Nerd Font Complete.ttf) italic normal semibold normal>) = 11.24
DEBUG:matplotlib.font_manager:findfont: score(<Font 'DejaVuSansMono Nerd Font' (DejaVu Sans Mono Nerd Font Complete.ttf) normal normal 400 normal>) = 10.05
DEBUG:matplotlib.font_manager:findfont: score(<Font 'mplus Nerd Font Mono' (M+ 2p Nerd Font Complete Mono.ttf) normal normal 400 normal>) = 10.05
DEBUG:matplotlib.font_manager:findfont: score(<Font 'Hasklug Nerd Font' (Hasklug Bold Italic Nerd Font Complete.otf) italic normal 700 normal>) = 11.335
DEBUG:matplotlib.font_manager:findfont: score(<Font 'NotoSans Nerd Font' (Noto Sans SemiBold Nerd Font Complete.ttf) normal normal semibold normal>) = 10.24
DEBUG:matplotlib.font_manager:findfont: score(<Font 'NotoSerif Nerd Font Mono' (Noto Serif Condensed Black Nerd Font Complete Mono.ttf) normal normal black condensed>) = 10.725
DEBUG:matplotlib.font_manager:findfont: score(<Font 'UbuntuMono Nerd Font Mono' (Ubuntu Mono Bold Nerd Font Complete Mono.ttf) normal normal 700 normal>) = 10.335
DEBUG:matplotlib.font_manager:findfont: score(<Font 'NotoSerifDisplay Nerd Font Mono' (Noto Serif Display Italic Nerd Font Complete Mono.ttf) italic normal 400 normal>) = 11.05
DEBUG:matplotlib.font_manager:findfont: score(<Font 'mplus Nerd Font Mono' (M+ 1m Nerd Font Complete Mono.ttf) normal normal 400 normal>) = 10.05
DEBUG:matplotlib.font_manager:findfont: score(<Font 'InconsolataLGC Nerd Font Mono' (Inconsolata LGC Bold Italic Nerd Font Complete Mono.ttf) italic normal 700 normal>) = 11.335
DEBUG:matplotlib.font_manager:findfont: score(<Font 'NotoSerifDisplay Nerd Font Mono' (Noto Serif Display SemiCondensed Light Nerd Font Complete Mono.ttf) normal normal light condensed>) = 10.44
DEBUG:matplotlib.font_manager:findfont: score(<Font 'Noto Sans Mandaic' (NotoSansMandaic-Regular.ttf) normal normal regular normal>) = 10.05
DEBUG:matplotlib.font_manager:findfont: score(<Font 'Iosevka Term' (Iosevka Term Medium Nerd Font Complete.ttf) normal normal medium normal>) = 10.145
DEBUG:matplotlib.font_manager:findfont: score(<Font 'Noto Sans Devanagari' (NotoSansDevanagari-Thin.ttf) normal normal 400 normal>) = 10.05
DEBUG:matplotlib.font_manager:findfont: score(<Font 'NotoSerifDisplay Nerd Font' (Noto Serif Display SemiCondensed ExtraBold Nerd Font Complete.ttf) normal normal bold condensed>) = 10.535
DEBUG:matplotlib.font_manager:findfont: score(<Font 'FuraMono Nerd Font' (Fura Mono Medium Nerd Font Complete.otf) normal normal medium normal>) = 10.145
DEBUG:matplotlib.font_manager:findfont: score(<Font 'Noto Sans Tamil UI' (NotoSansTamilUI-Regular.ttf) normal normal regular normal>) = 10.05
DEBUG:matplotlib.font_manager:findfont: score(<Font 'NotoSansMono Nerd Font' (Noto Sans Mono ExtraCondensed ExtraBold Nerd Font Complete.ttf) normal normal bold condensed>) = 10.535
DEBUG:matplotlib.font_manager:findfont: score(<Font 'NotoSansDisplay Nerd Font' (Noto Sans Display Bold Italic Nerd Font Complete.ttf) italic normal 700 normal>) = 11.335
DEBUG:matplotlib.font_manager:findfont: score(<Font 'Ubuntu Nerd Font' (Ubuntu Light Nerd Font Complete.ttf) normal normal light normal>) = 10.24
DEBUG:matplotlib.font_manager:findfont: score(<Font 'Fira Mono' (FiraMono-Regular.otf) normal normal 400 normal>) = 10.05
DEBUG:matplotlib.font_manager:findfont: score(<Font 'NotoSansDisplay Nerd Font' (Noto Sans Display SemiCondensed Medium Nerd Font Complete.ttf) normal normal medium condensed>) = 10.344999999999999
DEBUG:matplotlib.font_manager:findfont: score(<Font 'NotoSansDisplay Nerd Font Mono' (Noto Sans Display ExtraCondensed Italic Nerd Font Complete Mono.ttf) italic normal 400 condensed>) = 11.25
DEBUG:matplotlib.font_manager:findfont: score(<Font 'Noto Sans Buhid' (NotoSansBuhid-Regular.ttf) normal normal regular normal>) = 10.05
DEBUG:matplotlib.font_manager:findfont: score(<Font 'Noto Sans Tamil' (NotoSansTamil-Black.ttf) normal normal black normal>) = 10.525
DEBUG:matplotlib.font_manager:findfont: score(<Font 'NotoSerifDisplay Nerd Font Mono' (Noto Serif Display ExtraCondensed Medium Italic Nerd Font Complete Mono.ttf) italic normal medium condensed>) = 11.344999999999999
DEBUG:matplotlib.font_manager:findfont: score(<Font 'NotoSansDisplay Nerd Font' (Noto Sans Display SemiCondensed Bold Italic Nerd Font Complete.ttf) italic normal 700 condensed>) = 11.535
DEBUG:matplotlib.font_manager:findfont: score(<Font 'DejaVu Sans' (DejaVuSans-ExtraLight.ttf) normal normal light normal>) = 0.24
DEBUG:matplotlib.font_manager:findfont: score(<Font 'Noto Sans Bengali UI' (NotoSansBengaliUI-Black.ttf) normal normal black normal>) = 10.525
DEBUG:matplotlib.font_manager:findfont: score(<Font 'Noto Sans Arabic UI' (NotoSansArabicUI-Bold.ttf) normal normal 700 normal>) = 10.335
DEBUG:matplotlib.font_manager:findfont: score(<Font 'NotoSans Nerd Font Mono' (Noto Sans ExtraCondensed Thin Italic Nerd Font Complete Mono.ttf) italic normal 400 condensed>) = 11.25
DEBUG:matplotlib.font_manager:findfont: score(<Font 'Hack Nerd Font Mono' (Hack Italic Nerd Font Complete Mono.ttf) italic normal 400 normal>) = 11.05
DEBUG:matplotlib.font_manager:findfont: score(<Font 'mplus Nerd Font' (M+ 1mn thin Nerd Font Complete.ttf) normal normal 400 normal>) = 10.05
DEBUG:matplotlib.font_manager:findfont: score(<Font 'Noto Sans Sinhala' (NotoSansSinhala-Medium.ttf) normal normal medium normal>) = 10.145
DEBUG:matplotlib.font_manager:findfont: score(<Font 'NotoSerif Nerd Font' (Noto Serif Thin Italic Nerd Font Complete.ttf) italic normal 400 normal>) = 11.05
DEBUG:matplotlib.font_manager:findfont: score(<Font 'CodeNewRoman Nerd Font Mono' (Code New Roman Italic Nerd Font Complete Mono.otf) italic normal roman normal>) = 11.145
DEBUG:matplotlib.font_manager:findfont: score(<Font 'NotoSansDisplay Nerd Font' (Noto Sans Display ExtraCondensed Light Nerd Font Complete.ttf) normal normal light condensed>) = 10.44
DEBUG:matplotlib.font_manager:findfont: score(<Font 'mplus Nerd Font Mono' (M+ 1c Nerd Font Complete Mono.ttf) normal normal 400 normal>) = 10.05
DEBUG:matplotlib.font_manager:findfont: score(<Font 'mplus Nerd Font' (M+ 2m thin Nerd Font Complete.ttf) normal normal 400 normal>) = 10.05
DEBUG:matplotlib.font_manager:findfont: score(<Font 'NotoSans Nerd Font Mono' (Noto Sans ExtraCondensed SemiBold Italic Nerd Font Complete Mono.ttf) italic normal semibold condensed>) = 11.44
DEBUG:matplotlib.font_manager:findfont: score(<Font 'Ubuntu Nerd Font Mono' (Ubuntu Medium Italic Nerd Font Complete Mono.ttf) italic normal 700 normal>) = 11.335
DEBUG:matplotlib.font_manager:findfont: score(<Font 'Iosevka' (Iosevka Italic Nerd Font Complete.ttf) italic normal 400 normal>) = 11.05
DEBUG:matplotlib.font_manager:findfont: score(<Font 'Liberation Serif' (LiberationSerif-BoldItalic.ttf) italic normal 700 normal>) = 11.335
DEBUG:matplotlib.font_manager:findfont: score(<Font 'Iosevka Term' (Iosevka Term Extralight Nerd Font Complete Mono.ttf) normal normal light normal>) = 10.24
DEBUG:matplotlib.font_manager:findfont: score(<Font 'Noto Sans Sora Sompeng' (NotoSansSoraSompeng-Regular.ttf) normal normal regular normal>) = 10.05
DEBUG:matplotlib.font_manager:findfont: score(<Font 'NotoSerif Nerd Font' (Noto Serif SemiBold Italic Nerd Font Complete.ttf) italic normal semibold normal>) = 11.24
DEBUG:matplotlib.font_manager:findfont: score(<Font 'NotoSansDisplay Nerd Font' (Noto Sans Display Condensed ExtraBold Italic Nerd Font Complete.ttf) italic normal bold condensed>) = 11.535
DEBUG:matplotlib.font_manager:findfont: score(<Font 'Iosevka Term' (Iosevka Term Extralight Oblique Nerd Font Complete Mono.ttf) oblique normal light normal>) = 11.24
DEBUG:matplotlib.font_manager:findfont: score(<Font 'Noto Sans Display' (NotoSansDisplay-MediumItalic.ttf) italic normal medium normal>) = 11.145
DEBUG:matplotlib.font_manager:findfont: score(<Font 'NotoSerif Nerd Font Mono' (Noto Serif ExtraCondensed Light Nerd Font Complete Mono.ttf) normal normal light condensed>) = 10.44
DEBUG:matplotlib.font_manager:findfont: score(<Font 'NotoSerifDisplay Nerd Font Mono' (Noto Serif Display SemiCondensed ExtraLight Nerd Font Complete Mono.ttf) normal normal light condensed>) = 10.44
DEBUG:matplotlib.font_manager:findfont: score(<Font 'Noto Sans Sinhala' (NotoSansSinhala-Light.ttf) normal normal light normal>) = 10.24
DEBUG:matplotlib.font_manager:findfont: score(<Font 'Iosevka Term' (Iosevka Term Bold Oblique Nerd Font Complete Mono.ttf) oblique normal 700 normal>) = 11.335
DEBUG:matplotlib.font_manager:findfont: score(<Font 'C059' (C059-Italic.otf) italic normal 400 normal>) = 11.05
DEBUG:matplotlib.font_manager:findfont: score(<Font 'NotoSerif Nerd Font' (Noto Serif ExtraCondensed Black Italic Nerd Font Complete.ttf) italic normal black condensed>) = 11.725
DEBUG:matplotlib.font_manager:findfont: score(<Font 'Noto Sans' (NotoSans-BoldItalic.ttf) italic normal 700 normal>) = 11.335
DEBUG:matplotlib.font_manager:findfont: score(<Font 'NotoSans Nerd Font Mono' (Noto Sans ExtraCondensed Medium Nerd Font Complete Mono.ttf) normal normal medium condensed>) = 10.344999999999999
DEBUG:matplotlib.font_manager:findfont: score(<Font 'NotoSerif Nerd Font Mono' (Noto Serif SemiCondensed ExtraBold Italic Nerd Font Complete Mono.ttf) italic normal bold condensed>) = 11.535
DEBUG:matplotlib.font_manager:findfont: score(<Font 'NotoSansMono Nerd Font' (Noto Sans Mono Condensed Light Nerd Font Complete.ttf) normal normal light condensed>) = 10.44
DEBUG:matplotlib.font_manager:findfont: score(<Font 'NotoSerifDisplay Nerd Font Mono' (Noto Serif Display SemiCondensed ExtraBold Italic Nerd Font Complete Mono.ttf) italic normal bold condensed>) = 11.535
DEBUG:matplotlib.font_manager:findfont: score(<Font 'BlexMono Nerd Font Mono' (Blex Mono Bold Nerd Font Complete Mono.ttf) normal normal 700 normal>) = 10.335
DEBUG:matplotlib.font_manager:findfont: score(<Font 'NotoSerifDisplay Nerd Font' (Noto Serif Display SemiCondensed Medium Italic Nerd Font Complete.ttf) italic normal medium condensed>) = 11.344999999999999
DEBUG:matplotlib.font_manager:findfont: score(<Font 'NotoSansDisplay Nerd Font Mono' (Noto Sans Display ExtraLight Nerd Font Complete Mono.ttf) normal normal light normal>) = 10.24
DEBUG:matplotlib.font_manager:findfont: score(<Font 'Overpass Nerd Font' (Overpass Thin Italic Nerd Font Complete.otf) italic normal 400 normal>) = 11.05
DEBUG:matplotlib.font_manager:findfont: score(<Font 'NotoSansMono Nerd Font Mono' (Noto Sans Mono Bold Nerd Font Complete Mono.ttf) normal normal 700 normal>) = 10.335
DEBUG:matplotlib.font_manager:findfont: score(<Font 'NotoSans Nerd Font Mono' (Noto Sans ExtraCondensed Italic Nerd Font Complete Mono.ttf) italic normal 400 condensed>) = 11.25
DEBUG:matplotlib.font_manager:findfont: score(<Font 'NotoSans Nerd Font Mono' (Noto Sans Condensed Light Italic Nerd Font Complete Mono.ttf) italic normal light condensed>) = 11.44
DEBUG:matplotlib.font_manager:findfont: score(<Font 'Noto Sans Gurmukhi' (NotoSansGurmukhi-Light.ttf) normal normal light normal>) = 10.24
DEBUG:matplotlib.font_manager:findfont: score(<Font 'Source Code Pro' (SourceCodePro-ExtraLightIt.otf) italic normal light normal>) = 11.24
DEBUG:matplotlib.font_manager:findfont: score(<Font 'NotoSans Nerd Font Mono' (Noto Sans Condensed ExtraLight Italic Nerd Font Complete Mono.ttf) italic normal light condensed>) = 11.44
DEBUG:matplotlib.font_manager:findfont: score(<Font 'Anonymice Nerd Font' (Anonymice Nerd Font Complete.ttf) normal normal 400 normal>) = 10.05
DEBUG:matplotlib.font_manager:findfont: score(<Font 'NotoSans Nerd Font' (Noto Sans Thin Italic Nerd Font Complete.ttf) italic normal 400 normal>) = 11.05
DEBUG:matplotlib.font_manager:findfont: score(<Font 'mplus Nerd Font Mono' (M+ 1m medium Nerd Font Complete Mono.ttf) normal normal medium normal>) = 10.145
DEBUG:matplotlib.font_manager:findfont: score(<Font 'Noto Sans Mono' (NotoSansMono-Regular.ttf) normal normal regular normal>) = 10.05
DEBUG:matplotlib.font_manager:findfont: score(<Font 'Noto Sans Mono' (NotoSansMono-Bold.ttf) normal normal 700 normal>) = 10.335
DEBUG:matplotlib.font_manager:findfont: score(<Font 'BitstreamVeraSansMono Nerd Font' (Bitstream Vera Sans Mono Bold Nerd Font Complete.ttf) normal normal 700 normal>) = 10.335
DEBUG:matplotlib.font_manager:findfont: score(<Font 'NotoSansDisplay Nerd Font Mono' (Noto Sans Display Medium Italic Nerd Font Complete Mono.ttf) italic normal medium normal>) = 11.145
DEBUG:matplotlib.font_manager:findfont: score(<Font 'NotoSansMono Nerd Font Mono' (Noto Sans Mono SemiCondensed Nerd Font Complete Mono.ttf) normal normal 400 condensed>) = 10.25
DEBUG:matplotlib.font_manager:findfont: score(<Font 'NotoSerifDisplay Nerd Font' (Noto Serif Display Condensed Black Nerd Font Complete.ttf) normal normal black condensed>) = 10.725
DEBUG:matplotlib.font_manager:findfont: score(<Font 'TerminessTTF Nerd Font Mono' (Terminess (TTF) Bold Nerd Font Complete Mono.ttf) normal normal 700 normal>) = 10.335
DEBUG:matplotlib.font_manager:findfont: score(<Font 'NotoSansMono Nerd Font Mono' (Noto Sans Mono SemiCondensed SemiBold Nerd Font Complete Mono.ttf) normal normal semibold condensed>) = 10.44
DEBUG:matplotlib.font_manager:findfont: score(<Font 'OverpassMono Nerd Font' (Overpass Mono SemiBold Nerd Font Complete.otf) normal normal 700 normal>) = 10.335
DEBUG:matplotlib.font_manager:findfont: score(<Font 'Noto Sans Khmer UI' (NotoSansKhmerUI-Light.ttf) normal normal light normal>) = 10.24
DEBUG:matplotlib.font_manager:findfont: score(<Font 'RobotoMono Nerd Font' (Roboto Mono Light Nerd Font Complete.ttf) normal normal light normal>) = 10.24
DEBUG:matplotlib.font_manager:findfont: score(<Font 'NotoSansDisplay Nerd Font Mono' (Noto Sans Display SemiCondensed ExtraLight Italic Nerd Font Complete Mono.ttf) italic normal light condensed>) = 11.44
DEBUG:matplotlib.font_manager:findfont: score(<Font 'Hasklug Nerd Font' (Hasklug Semibold Nerd Font Complete.otf) normal normal semibold normal>) = 10.24
DEBUG:matplotlib.font_manager:findfont: score(<Font 'SauceCodePro Nerd Font' (Sauce Code Pro ExtraLight Nerd Font Complete.ttf) normal normal light normal>) = 10.24
DEBUG:matplotlib.font_manager:findfont: score(<Font 'NotoSerif Nerd Font' (Noto Serif SemiBold Italic Nerd Font Complete.ttf) italic normal semibold normal>) = 11.24
DEBUG:matplotlib.font_manager:findfont: score(<Font 'Nimbus Roman' (NimbusRoman-Regular.otf) normal normal roman normal>) = 10.145
DEBUG:matplotlib.font_manager:findfont: score(<Font 'NotoSerif Nerd Font' (Noto Serif Condensed Thin Nerd Font Complete.ttf) normal normal 400 condensed>) = 10.25
DEBUG:matplotlib.font_manager:findfont: score(<Font 'Cousine Nerd Font' (Cousine Bold Italic Nerd Font Complete.ttf) italic normal 700 normal>) = 11.335
DEBUG:matplotlib.font_manager:findfont: score(<Font 'Noto Sans Telugu UI' (NotoSansTeluguUI-Black.ttf) normal normal black normal>) = 10.525
DEBUG:matplotlib.font_manager:findfont: score(<Font 'NotoSansDisplay Nerd Font Mono' (Noto Sans Display Condensed ExtraBold Italic Nerd Font Complete Mono.ttf) italic normal bold condensed>) = 11.535
DEBUG:matplotlib.font_manager:findfont: score(<Font 'InconsolataLGC Nerd Font' (Inconsolata LGC Nerd Font Complete.ttf) normal normal 400 normal>) = 10.05
DEBUG:matplotlib.font_manager:findfont: score(<Font 'NotoSerif Nerd Font' (Noto Serif Italic Nerd Font Complete.ttf) italic normal 400 normal>) = 11.05
DEBUG:matplotlib.font_manager:findfont: score(<Font 'Noto Sans Batak' (NotoSansBatak-Regular.ttf) normal normal regular normal>) = 10.05
DEBUG:matplotlib.font_manager:findfont: score(<Font 'Ubuntu Nerd Font' (Ubuntu Nerd Font Complete.ttf) normal normal 400 normal>) = 10.05
DEBUG:matplotlib.font_manager:findfont: score(<Font 'mplus Nerd Font Mono' (M+ 1p medium Nerd Font Complete Mono.ttf) normal normal medium normal>) = 10.145
DEBUG:matplotlib.font_manager:findfont: score(<Font 'Iosevka Term' (Iosevka Term Thin Italic Nerd Font Complete.ttf) italic normal 400 normal>) = 11.05
DEBUG:matplotlib.font_manager:findfont: score(<Font 'NotoSansDisplay Nerd Font Mono' (Noto Sans Display Condensed Black Italic Nerd Font Complete Mono.ttf) italic normal black condensed>) = 11.725
DEBUG:matplotlib.font_manager:findfont: score(<Font 'NotoSerif Nerd Font Mono' (Noto Serif Black Nerd Font Complete Mono.ttf) normal normal black normal>) = 10.525
DEBUG:matplotlib.font_manager:findfont: score(<Font 'NotoSans Nerd Font' (Noto Sans Light Italic Nerd Font Complete.ttf) italic normal light normal>) = 11.24
DEBUG:matplotlib.font_manager:findfont: score(<Font 'RobotoMono Nerd Font Mono' (Roboto Mono Light Nerd Font Complete Mono.ttf) normal normal light normal>) = 10.24
DEBUG:matplotlib.font_manager:findfont: score(<Font 'NotoSerifDisplay Nerd Font Mono' (Noto Serif Display SemiCondensed Black Italic Nerd Font Complete Mono.ttf) italic normal black condensed>) = 11.725
DEBUG:matplotlib.font_manager:findfont: score(<Font 'NotoSans Nerd Font Mono' (Noto Sans SemiCondensed Thin Italic Nerd Font Complete Mono.ttf) italic normal 400 condensed>) = 11.25
DEBUG:matplotlib.font_manager:findfont: score(<Font 'Noto Serif Khmer' (NotoSerifKhmer-Thin.ttf) normal normal 400 normal>) = 10.05
DEBUG:matplotlib.font_manager:findfont: score(<Font 'Iosevka Term' (Iosevka Term Heavy Oblique Nerd Font Complete Mono.ttf) oblique normal 700 normal>) = 11.335
DEBUG:matplotlib.font_manager:findfont: score(<Font 'NotoSans Nerd Font' (Noto Sans ExtraCondensed Italic Nerd Font Complete.ttf) italic normal 400 condensed>) = 11.25
DEBUG:matplotlib.font_manager:findfont: score(<Font 'Noto Serif Gurmukhi' (NotoSerifGurmukhi-Regular.ttf) normal normal regular normal>) = 10.05
DEBUG:matplotlib.font_manager:findfont: score(<Font 'NotoSans Nerd Font Mono' (Noto Sans SemiBold Italic Nerd Font Complete Mono.ttf) italic normal semibold normal>) = 11.24
DEBUG:matplotlib.font_manager:findfont: score(<Font 'NotoSansDisplay Nerd Font' (Noto Sans Display SemiCondensed Italic Nerd Font Complete.ttf) italic normal 400 condensed>) = 11.25
DEBUG:matplotlib.font_manager:findfont: score(<Font 'NotoSerifDisplay Nerd Font' (Noto Serif Display SemiCondensed Bold Italic Nerd Font Complete.ttf) italic normal 700 condensed>) = 11.535
DEBUG:matplotlib.font_manager:findfont: score(<Font 'Noto Sans Miao' (NotoSansMiao-Regular.ttf) normal normal regular normal>) = 10.05
DEBUG:matplotlib.font_manager:findfont: score(<Font 'NotoSerifDisplay Nerd Font Mono' (Noto Serif Display Condensed ExtraLight Nerd Font Complete Mono.ttf) normal normal light condensed>) = 10.44
DEBUG:matplotlib.font_manager:findfont: score(<Font 'NotoSerif Nerd Font' (Noto Serif ExtraBold Nerd Font Complete.ttf) normal normal bold normal>) = 10.335
DEBUG:matplotlib.font_manager:findfont: score(<Font 'Iosevka' (Iosevka Light Oblique Nerd Font Complete.ttf) oblique normal light normal>) = 11.24
DEBUG:matplotlib.font_manager:findfont: score(<Font 'Noto Sans Kannada UI' (NotoSansKannadaUI-Black.ttf) normal normal black normal>) = 10.525
DEBUG:matplotlib.font_manager:findfont: score(<Font 'Hasklug Nerd Font' (Hasklug Black Nerd Font Complete.otf) normal normal black normal>) = 10.525
DEBUG:matplotlib.font_manager:findfont: score(<Font 'NotoSerifDisplay Nerd Font' (Noto Serif Display Medium Nerd Font Complete.ttf) normal normal medium normal>) = 10.145
DEBUG:matplotlib.font_manager:findfont: score(<Font 'NotoSerifDisplay Nerd Font' (Noto Serif Display SemiCondensed Light Italic Nerd Font Complete.ttf) italic normal light condensed>) = 11.44
DEBUG:matplotlib.font_manager:findfont: score(<Font 'Hasklug Nerd Font Mono' (Hasklug ExtraLight Italic Nerd Font Complete Mono.otf) italic normal light normal>) = 11.24
DEBUG:matplotlib.font_manager:findfont: score(<Font 'Noto Sans Devanagari UI' (NotoSansDevanagariUI-Regular.ttf) normal normal regular normal>) = 10.05
DEBUG:matplotlib.font_manager:findfont: score(<Font 'Noto Serif Bengali' (NotoSerifBengali-Regular.ttf) normal normal regular normal>) = 10.05
DEBUG:matplotlib.font_manager:findfont: score(<Font 'Overpass Nerd Font Mono' (Overpass Regular Nerd Font Complete Mono.otf) normal normal regular normal>) = 10.05
DEBUG:matplotlib.font_manager:findfont: score(<Font 'SauceCodePro Nerd Font' (Sauce Code Pro Black Italic Nerd Font Complete.ttf) italic normal black normal>) = 11.525
DEBUG:matplotlib.font_manager:findfont: score(<Font 'Noto Serif Display' (NotoSerifDisplay-Light.ttf) normal normal light normal>) = 10.24
DEBUG:matplotlib.font_manager:findfont: score(<Font 'NotoSans Nerd Font Mono' (Noto Sans Condensed ExtraLight Nerd Font Complete Mono.ttf) normal normal light condensed>) = 10.44
DEBUG:matplotlib.font_manager:findfont: score(<Font 'Iosevka' (Iosevka Oblique Nerd Font Complete Mono.ttf) oblique normal 400 normal>) = 11.05
DEBUG:matplotlib.font_manager:findfont: score(<Font 'InconsolataGo Nerd Font' (InconsolataGo Bold Nerd Font Complete.ttf) normal normal 700 normal>) = 10.335
DEBUG:matplotlib.font_manager:findfont: score(<Font 'NotoSans Nerd Font Mono' (Noto Sans Condensed SemiBold Italic Nerd Font Complete Mono.ttf) italic normal semibold condensed>) = 11.44
DEBUG:matplotlib.font_manager:findfont: score(<Font 'mplus Nerd Font' (M+ 1c thin Nerd Font Complete.ttf) normal normal 400 normal>) = 10.05
DEBUG:matplotlib.font_manager:findfont: score(<Font 'RobotoMono Nerd Font' (Roboto Mono Light Nerd Font Complete.ttf) normal normal light normal>) = 10.24
DEBUG:matplotlib.font_manager:findfont: score(<Font 'Overpass Nerd Font Mono' (Overpass Light Italic Nerd Font Complete Mono.otf) italic normal light normal>) = 11.24
DEBUG:matplotlib.font_manager:findfont: score(<Font 'NotoSansDisplay Nerd Font Mono' (Noto Sans Display Regular Nerd Font Complete Mono.ttf) normal normal regular normal>) = 10.05
DEBUG:matplotlib.font_manager:findfont: score(<Font 'NotoSerif Nerd Font Mono' (Noto Serif Regular Nerd Font Complete Mono.ttf) normal normal regular normal>) = 10.05
DEBUG:matplotlib.font_manager:findfont: score(<Font 'Iosevka' (Iosevka Medium Nerd Font Complete.ttf) normal normal medium normal>) = 10.145
DEBUG:matplotlib.font_manager:findfont: score(<Font 'NotoSansDisplay Nerd Font Mono' (Noto Sans Display ExtraCondensed Black Nerd Font Complete Mono.ttf) normal normal black condensed>) = 10.725
DEBUG:matplotlib.font_manager:findfont: score(<Font 'RobotoMono Nerd Font Mono' (Roboto Mono Light Italic Nerd Font Complete Mono.ttf) italic normal light normal>) = 11.24
DEBUG:matplotlib.font_manager:findfont: score(<Font 'Iosevka' (Iosevka Bold Oblique Nerd Font Complete Mono.ttf) oblique normal 700 normal>) = 11.335
DEBUG:matplotlib.font_manager:findfont: score(<Font 'Iosevka Term' (Iosevka Term Light Italic Nerd Font Complete.ttf) italic normal light normal>) = 11.24
DEBUG:matplotlib.font_manager:findfont: score(<Font 'mplus Nerd Font Mono' (M+ 1p medium Nerd Font Complete Mono.ttf) normal normal medium normal>) = 10.145
DEBUG:matplotlib.font_manager:findfont: score(<Font 'Noto Sans Georgian' (NotoSansGeorgian-Black.ttf) normal normal black normal>) = 10.525
DEBUG:matplotlib.font_manager:findfont: score(<Font 'NotoSerif Nerd Font' (Noto Serif Condensed Light Italic Nerd Font Complete.ttf) italic normal light condensed>) = 11.44
DEBUG:matplotlib.font_manager:findfont: score(<Font 'NotoSansDisplay Nerd Font' (Noto Sans Display SemiCondensed ExtraBold Nerd Font Complete.ttf) normal normal bold condensed>) = 10.535
DEBUG:matplotlib.font_manager:findfont: score(<Font 'mplus Nerd Font Mono' (M+ 2p Nerd Font Complete Mono.ttf) normal normal 400 normal>) = 10.05
DEBUG:matplotlib.font_manager:findfont: score(<Font 'NotoSerifDisplay Nerd Font Mono' (Noto Serif Display ExtraCondensed Thin Italic Nerd Font Complete Mono.ttf) italic normal 400 condensed>) = 11.25
DEBUG:matplotlib.font_manager:findfont: score(<Font 'NotoSans Nerd Font' (Noto Sans ExtraCondensed Bold Nerd Font Complete.ttf) normal normal 700 condensed>) = 10.535
DEBUG:matplotlib.font_manager:findfont: score(<Font 'Noto Sans Pahawh Hmong' (NotoSansPahawhHmong-Regular.ttf) normal normal regular normal>) = 10.05
DEBUG:matplotlib.font_manager:findfont: score(<Font 'SpaceMono Nerd Font Mono' (Space Mono Italic Nerd Font Complete Mono.ttf) italic normal 400 normal>) = 11.05
DEBUG:matplotlib.font_manager:findfont: score(<Font 'Iosevka' (Iosevka Oblique Nerd Font Complete Mono.ttf) oblique normal 400 normal>) = 11.05
DEBUG:matplotlib.font_manager:findfont: score(<Font 'Iosevka' (Iosevka Heavy Italic Nerd Font Complete Mono.ttf) italic normal 700 normal>) = 11.335
DEBUG:matplotlib.font_manager:findfont: score(<Font 'NotoSansDisplay Nerd Font' (Noto Sans Display Condensed Thin Nerd Font Complete.ttf) normal normal 400 condensed>) = 10.25
DEBUG:matplotlib.font_manager:findfont: score(<Font 'Noto Sans Bengali UI' (NotoSansBengaliUI-Regular.ttf) normal normal regular normal>) = 10.05
DEBUG:matplotlib.font_manager:findfont: score(<Font 'NotoSerif Nerd Font Mono' (Noto Serif Condensed Thin Nerd Font Complete Mono.ttf) normal normal 400 condensed>) = 10.25
DEBUG:matplotlib.font_manager:findfont: score(<Font 'NotoSans Nerd Font' (Noto Sans ExtraCondensed SemiBold Nerd Font Complete.ttf) normal normal semibold condensed>) = 10.44
DEBUG:matplotlib.font_manager:findfont: score(<Font 'Serto Batnan' (SyrCOMBatnan.otf) normal normal 400 normal>) = 10.05
DEBUG:matplotlib.font_manager:findfont: score(<Font 'RobotoMono Nerd Font Mono' (Roboto Mono Medium Italic Nerd Font Complete Mono.ttf) italic normal medium normal>) = 11.145
DEBUG:matplotlib.font_manager:findfont: score(<Font 'Noto Serif Malayalam' (NotoSerifMalayalam-Thin.ttf) normal normal 400 normal>) = 10.05
DEBUG:matplotlib.font_manager:findfont: score(<Font 'NotoSansMono Nerd Font' (Noto Sans Mono SemiCondensed Thin Nerd Font Complete.ttf) normal normal 400 condensed>) = 10.25
DEBUG:matplotlib.font_manager:findfont: score(<Font 'Noto Serif Sinhala' (NotoSerifSinhala-Medium.ttf) normal normal medium normal>) = 10.145
DEBUG:matplotlib.font_manager:findfont: score(<Font 'Iosevka' (Iosevka Light Nerd Font Complete.ttf) normal normal light normal>) = 10.24
DEBUG:matplotlib.font_manager:findfont: score(<Font 'NotoSerifDisplay Nerd Font Mono' (Noto Serif Display Condensed ExtraBold Italic Nerd Font Complete Mono.ttf) italic normal bold condensed>) = 11.535
DEBUG:matplotlib.font_manager:findfont: score(<Font 'NotoSansDisplay Nerd Font Mono' (Noto Sans Display SemiCondensed ExtraBold Nerd Font Complete Mono.ttf) normal normal bold condensed>) = 10.535
DEBUG:matplotlib.font_manager:findfont: score(<Font 'Source Code Pro' (SourceCodePro-Light.otf) normal normal light normal>) = 10.24
DEBUG:matplotlib.font_manager:findfont: score(<Font 'Noto Serif Thai' (NotoSerifThai-Medium.ttf) normal normal medium normal>) = 10.145
DEBUG:matplotlib.font_manager:findfont: score(<Font 'NotoSerifDisplay Nerd Font' (Noto Serif Display Condensed Medium Nerd Font Complete.ttf) normal normal medium condensed>) = 10.344999999999999
DEBUG:matplotlib.font_manager:findfont: score(<Font 'Liberation Mono' (LiberationMono-Italic.ttf) italic normal 400 normal>) = 11.05
DEBUG:matplotlib.font_manager:findfont: score(<Font 'CodeNewRoman Nerd Font' (Code New Roman Italic Nerd Font Complete.otf) italic normal roman normal>) = 11.145
DEBUG:matplotlib.font_manager:findfont: score(<Font 'NotoSerif Nerd Font Mono' (Noto Serif SemiCondensed Light Nerd Font Complete Mono.ttf) normal normal light condensed>) = 10.44
DEBUG:matplotlib.font_manager:findfont: score(<Font 'TerminessTTF Nerd Font' (Terminess (TTF) Bold Nerd Font Complete.ttf) normal normal 700 normal>) = 10.335
DEBUG:matplotlib.font_manager:findfont: score(<Font 'NotoSansDisplay Nerd Font Mono' (Noto Sans Display SemiCondensed Thin Italic Nerd Font Complete Mono.ttf) italic normal 400 condensed>) = 11.25
DEBUG:matplotlib.font_manager:findfont: score(<Font 'Noto Serif Devanagari' (NotoSerifDevanagari-Regular.ttf) normal normal regular normal>) = 10.05
DEBUG:matplotlib.font_manager:findfont: score(<Font 'Noto Serif' (NotoSerif-Medium.ttf) normal normal medium normal>) = 10.145
DEBUG:matplotlib.font_manager:findfont: score(<Font 'Noto Sans Devanagari' (NotoSansDevanagari-Bold.ttf) normal normal 700 normal>) = 10.335
DEBUG:matplotlib.font_manager:findfont: score(<Font 'NotoSansDisplay Nerd Font Mono' (Noto Sans Display Condensed Nerd Font Complete Mono.ttf) normal normal 400 condensed>) = 10.25
DEBUG:matplotlib.font_manager:findfont: score(<Font 'NotoSerif Nerd Font Mono' (Noto Serif SemiCondensed Thin Italic Nerd Font Complete Mono.ttf) italic normal 400 condensed>) = 11.25
DEBUG:matplotlib.font_manager:findfont: score(<Font 'Liberation Sans' (LiberationSans-Italic.ttf) italic normal 400 normal>) = 11.05
DEBUG:matplotlib.font_manager:findfont: score(<Font 'OpenDyslexicAlta Nerd Font Mono' (OpenDyslexicAlta Bold Italic Nerd Font Complete Mono.otf) italic normal 700 normal>) = 11.335
DEBUG:matplotlib.font_manager:findfont: score(<Font 'SauceCodePro Nerd Font Mono' (Sauce Code Pro Semibold Italic Nerd Font Complete Mono.ttf) italic normal semibold normal>) = 11.24
DEBUG:matplotlib.font_manager:findfont: score(<Font 'RobotoMono Nerd Font Mono' (Roboto Mono Medium Nerd Font Complete Mono.ttf) normal normal medium normal>) = 10.145
DEBUG:matplotlib.font_manager:findfont: score(<Font 'Iosevka Term' (Iosevka Term Bold Nerd Font Complete Mono.ttf) normal normal 700 normal>) = 10.335
DEBUG:matplotlib.font_manager:findfont: score(<Font 'NotoSans Nerd Font Mono' (Noto Sans Condensed SemiBold Nerd Font Complete Mono.ttf) normal normal semibold condensed>) = 10.44
DEBUG:matplotlib.font_manager:findfont: score(<Font 'NotoSerif Nerd Font Mono' (Noto Serif SemiCondensed Black Italic Nerd Font Complete Mono.ttf) italic normal black condensed>) = 11.725
DEBUG:matplotlib.font_manager:findfont: score(<Font 'OpenDyslexicMono Nerd Font' (OpenDyslexicMono Regular Nerd Font Complete.otf) normal normal 400 normal>) = 10.05
DEBUG:matplotlib.font_manager:findfont: score(<Font 'DejaVuSansMono Nerd Font' (DejaVu Sans Mono Bold Oblique Nerd Font Complete.ttf) oblique normal 700 normal>) = 11.335
DEBUG:matplotlib.font_manager:findfont: score(<Font 'Avalon' (Avalon_Bold.ttf) normal normal 700 normal>) = 10.335
DEBUG:matplotlib.font_manager:findfont: score(<Font 'NotoSansDisplay Nerd Font' (Noto Sans Display ExtraCondensed Black Nerd Font Complete.ttf) normal normal black condensed>) = 10.725
DEBUG:matplotlib.font_manager:findfont: score(<Font 'mplus Nerd Font Mono' (M+ 2c medium Nerd Font Complete Mono.ttf) normal normal medium normal>) = 10.145
DEBUG:matplotlib.font_manager:findfont: score(<Font 'NotoSans Nerd Font' (Noto Sans Italic Nerd Font Complete.ttf) italic normal 400 normal>) = 11.05
DEBUG:matplotlib.font_manager:findfont: score(<Font 'UbuntuCondensed Nerd Font Mono' (Ubuntu Condensed Nerd Font Complete Mono.ttf) normal normal 400 condensed>) = 10.25
DEBUG:matplotlib.font_manager:findfont: score(<Font 'NotoSans Nerd Font' (Noto Sans Condensed Thin Nerd Font Complete.ttf) normal normal 400 condensed>) = 10.25
DEBUG:matplotlib.font_manager:findfont: score(<Font 'NotoSans Nerd Font' (Noto Sans ExtraLight Nerd Font Complete.ttf) normal normal light normal>) = 10.24
DEBUG:matplotlib.font_manager:findfont: score(<Font 'NotoSansDisplay Nerd Font Mono' (Noto Sans Display SemiCondensed Bold Nerd Font Complete Mono.ttf) normal normal 700 condensed>) = 10.535
DEBUG:matplotlib.font_manager:findfont: score(<Font 'Iosevka Term' (Iosevka Term Light Oblique Nerd Font Complete Mono.ttf) oblique normal light normal>) = 11.24
DEBUG:matplotlib.font_manager:findfont: score(<Font 'Noto Sans Linear B' (NotoSansLinearB-Regular.ttf) normal normal regular normal>) = 10.05
DEBUG:matplotlib.font_manager:findfont: score(<Font 'Noto Serif Tamil' (NotoSerifTamil-Thin.ttf) normal normal 400 normal>) = 10.05
DEBUG:matplotlib.font_manager:findfont: score(<Font 'Noto Sans Cham' (NotoSansCham-Light.ttf) normal normal light normal>) = 10.24
DEBUG:matplotlib.font_manager:findfont: score(<Font 'NotoSerifDisplay Nerd Font' (Noto Serif Display ExtraLight Nerd Font Complete.ttf) normal normal light normal>) = 10.24
DEBUG:matplotlib.font_manager:findfont: score(<Font 'mplus Nerd Font' (M+ 2p bold Nerd Font Complete.ttf) normal normal 700 normal>) = 10.335
DEBUG:matplotlib.font_manager:findfont: score(<Font 'Iosevka Term' (Iosevka Term Extralight Nerd Font Complete.ttf) normal normal light normal>) = 10.24
DEBUG:matplotlib.font_manager:findfont: score(<Font 'NotoMono Nerd Font Mono' (Noto Mono Nerd Font Complete Mono.ttf) normal normal 400 normal>) = 10.05
DEBUG:matplotlib.font_manager:findfont: score(<Font 'FuraMono Nerd Font' (Fura Mono Regular Nerd Font Complete.otf) normal normal 400 normal>) = 10.05
DEBUG:matplotlib.font_manager:findfont: score(<Font 'InconsolataLGC Nerd Font Mono' (Inconsolata LGC Bold Nerd Font Complete Mono.ttf) normal normal 700 normal>) = 10.335
DEBUG:matplotlib.font_manager:findfont: score(<Font 'RobotoMono Nerd Font Mono' (Roboto Mono Thin Nerd Font Complete Mono.ttf) normal normal 400 normal>) = 10.05
DEBUG:matplotlib.font_manager:findfont: score(<Font 'NotoSansDisplay Nerd Font' (Noto Sans Display ExtraBold Italic Nerd Font Complete.ttf) italic normal bold normal>) = 11.335
DEBUG:matplotlib.font_manager:findfont: score(<Font 'UbuntuMono Nerd Font' (Ubuntu Mono Bold Nerd Font Complete.ttf) normal normal 700 normal>) = 10.335
DEBUG:matplotlib.font_manager:findfont: score(<Font 'NotoSerif Nerd Font' (Noto Serif SemiCondensed Nerd Font Complete.ttf) normal normal 400 condensed>) = 10.25
DEBUG:matplotlib.font_manager:findfont: score(<Font 'NotoSansDisplay Nerd Font' (Noto Sans Display ExtraCondensed Light Italic Nerd Font Complete.ttf) italic normal light condensed>) = 11.44
DEBUG:matplotlib.font_manager:findfont: score(<Font 'NotoSerifDisplay Nerd Font' (Noto Serif Display Condensed Thin Nerd Font Complete.ttf) normal normal 400 condensed>) = 10.25
DEBUG:matplotlib.font_manager:findfont: score(<Font 'UbuntuMono Nerd Font Mono' (Ubuntu Mono Bold Nerd Font Complete Mono.ttf) normal normal 700 normal>) = 10.335
DEBUG:matplotlib.font_manager:findfont: score(<Font 'MesloLGSDZ Nerd Font' (Meslo LG S DZ Regular Nerd Font Complete.otf) normal normal regular normal>) = 10.05
DEBUG:matplotlib.font_manager:findfont: score(<Font 'NotoSansDisplay Nerd Font' (Noto Sans Display ExtraLight Italic Nerd Font Complete.ttf) italic normal light normal>) = 11.24
DEBUG:matplotlib.font_manager:findfont: score(<Font 'Iosevka Term' (Iosevka Term Light Nerd Font Complete.ttf) normal normal light normal>) = 10.24
DEBUG:matplotlib.font_manager:findfont: score(<Font 'Noto Sans Arabic UI' (NotoSansArabicUI-Light.ttf) normal normal light normal>) = 10.24
DEBUG:matplotlib.font_manager:findfont: score(<Font 'NotoSans Nerd Font' (Noto Sans Italic Nerd Font Complete.ttf) italic normal 400 normal>) = 11.05
DEBUG:matplotlib.font_manager:findfont: score(<Font 'Noto Sans Devanagari' (NotoSansDevanagari-Regular.ttf) normal normal regular normal>) = 10.05
DEBUG:matplotlib.font_manager:findfont: score(<Font 'NotoSerifDisplay Nerd Font' (Noto Serif Display ExtraCondensed SemiBold Italic Nerd Font Complete.ttf) italic normal semibold condensed>) = 11.44
DEBUG:matplotlib.font_manager:findfont: score(<Font 'Overpass Nerd Font' (Overpass ExtraBold Nerd Font Complete.otf) normal normal bold normal>) = 10.335
DEBUG:matplotlib.font_manager:findfont: score(<Font 'Fira Mono' (FiraMono-Bold.ttf) normal normal 700 normal>) = 10.335
DEBUG:matplotlib.font_manager:findfont: score(<Font 'Monofuritalic Nerd Font Mono' (monofur italic Nerd Font Complete Mono.ttf) italic normal 400 normal>) = 11.05
DEBUG:matplotlib.font_manager:findfont: score(<Font 'RobotoMono Nerd Font Mono' (Roboto Mono Nerd Font Complete Mono.ttf) normal normal 400 normal>) = 10.05
DEBUG:matplotlib.font_manager:findfont: score(<Font 'NotoSansDisplay Nerd Font' (Noto Sans Display ExtraCondensed Medium Italic Nerd Font Complete.ttf) italic normal medium condensed>) = 11.344999999999999
DEBUG:matplotlib.font_manager:findfont: score(<Font 'NotoSerif Nerd Font Mono' (Noto Serif Condensed Black Italic Nerd Font Complete Mono.ttf) italic normal black condensed>) = 11.725
DEBUG:matplotlib.font_manager:findfont: score(<Font 'Hasklug Nerd Font' (Hasklug Semibold Italic Nerd Font Complete.otf) italic normal semibold normal>) = 11.24
DEBUG:matplotlib.font_manager:findfont: score(<Font 'Arimo Nerd Font' (Arimo Bold Nerd Font Complete.ttf) normal normal 700 normal>) = 10.335
DEBUG:matplotlib.font_manager:findfont: score(<Font 'NotoMono Nerd Font Mono' (Noto Mono Nerd Font Complete Mono.ttf) normal normal 400 normal>) = 10.05
DEBUG:matplotlib.font_manager:findfont: score(<Font 'UbuntuMono Nerd Font' (Ubuntu Mono Bold Italic Nerd Font Complete.ttf) italic normal 700 normal>) = 11.335
DEBUG:matplotlib.font_manager:findfont: score(<Font 'NotoSerif Nerd Font' (Noto Serif SemiCondensed Bold Italic Nerd Font Complete.ttf) italic normal 700 condensed>) = 11.535
DEBUG:matplotlib.font_manager:findfont: score(<Font 'NotoSansMono Nerd Font Mono' (Noto Sans Mono Regular Nerd Font Complete Mono.ttf) normal normal regular normal>) = 10.05
DEBUG:matplotlib.font_manager:findfont: score(<Font 'NotoSansMono Nerd Font' (Noto Sans Mono SemiCondensed Black Nerd Font Complete.ttf) normal normal black condensed>) = 10.725
DEBUG:matplotlib.font_manager:findfont: score(<Font 'NotoSansMono Nerd Font' (Noto Sans Mono Condensed Black Nerd Font Complete.ttf) normal normal black condensed>) = 10.725
DEBUG:matplotlib.font_manager:findfont: score(<Font 'Hack Nerd Font Mono' (Hack Bold Nerd Font Complete Mono.ttf) normal normal 700 normal>) = 10.335
DEBUG:matplotlib.font_manager:findfont: score(<Font 'Overpass Nerd Font Mono' (Overpass Regular Nerd Font Complete Mono.otf) normal normal regular normal>) = 10.05
DEBUG:matplotlib.font_manager:findfont: score(<Font 'NotoSansDisplay Nerd Font' (Noto Sans Display Black Nerd Font Complete.ttf) normal normal black normal>) = 10.525
DEBUG:matplotlib.font_manager:findfont: score(<Font 'TerminessTTF Nerd Font Mono' (Terminess (TTF) Nerd Font Complete Mono.ttf) normal normal 400 normal>) = 10.05
DEBUG:matplotlib.font_manager:findfont: score(<Font 'SauceCodePro Nerd Font' (Sauce Code Pro Nerd Font Complete.ttf) normal normal 400 normal>) = 10.05
DEBUG:matplotlib.font_manager:findfont: score(<Font 'Noto Sans Lao' (NotoSansLao-Medium.ttf) normal normal medium normal>) = 10.145
DEBUG:matplotlib.font_manager:findfont: score(<Font 'mplus Nerd Font' (M+ 2p heavy Nerd Font Complete.ttf) normal normal 700 normal>) = 10.335
DEBUG:matplotlib.font_manager:findfont: score(<Font 'Iosevka Term' (Iosevka Term Light Italic Nerd Font Complete Mono.ttf) italic normal light normal>) = 11.24
DEBUG:matplotlib.font_manager:findfont: score(<Font 'Cousine Nerd Font Mono' (Cousine Italic Nerd Font Complete Mono.ttf) italic normal 400 normal>) = 11.05
DEBUG:matplotlib.font_manager:findfont: score(<Font 'Monoid Nerd Font Mono' (Monoid Retina Nerd Font Complete Mono.ttf) normal normal 400 normal>) = 10.05
DEBUG:matplotlib.font_manager:findfont: score(<Font 'NotoSerif Nerd Font' (Noto Serif Condensed Medium Italic Nerd Font Complete.ttf) italic normal medium condensed>) = 11.344999999999999
DEBUG:matplotlib.font_manager:findfont: score(<Font 'NotoSerifDisplay Nerd Font' (Noto Serif Display Condensed Nerd Font Complete.ttf) normal normal 400 condensed>) = 10.25
DEBUG:matplotlib.font_manager:findfont: score(<Font 'NotoSans Nerd Font' (Noto Sans Condensed Italic Nerd Font Complete.ttf) italic normal 400 condensed>) = 11.25
DEBUG:matplotlib.font_manager:findfont: score(<Font 'BitstreamVeraSansMono Nerd Font Mono' (Bitstream Vera Sans Mono Nerd Font Complete Mono.ttf) normal normal 400 normal>) = 10.05
DEBUG:matplotlib.font_manager:findfont: score(<Font 'NotoSerifDisplay Nerd Font' (Noto Serif Display SemiCondensed Bold Italic Nerd Font Complete.ttf) italic normal 700 condensed>) = 11.535
DEBUG:matplotlib.font_manager:findfont: score(<Font 'NotoSansDisplay Nerd Font Mono' (Noto Sans Display SemiCondensed Light Nerd Font Complete Mono.ttf) normal normal light condensed>) = 10.44
DEBUG:matplotlib.font_manager:findfont: score(<Font 'Noto Serif' (NotoSerif-Regular.ttf) normal normal regular normal>) = 10.05
DEBUG:matplotlib.font_manager:findfont: score(<Font 'Iosevka' (Iosevka Light Nerd Font Complete.ttf) normal normal light normal>) = 10.24
DEBUG:matplotlib.font_manager:findfont: score(<Font 'NotoSans Nerd Font Mono' (Noto Sans ExtraCondensed ExtraLight Italic Nerd Font Complete Mono.ttf) italic normal light condensed>) = 11.44
DEBUG:matplotlib.font_manager:findfont: score(<Font 'Noto Sans Display' (NotoSansDisplay-Black.ttf) normal normal black normal>) = 10.525
DEBUG:matplotlib.font_manager:findfont: score(<Font 'mplus Nerd Font' (M+ 2c thin Nerd Font Complete.ttf) normal normal 400 normal>) = 10.05
DEBUG:matplotlib.font_manager:findfont: score(<Font 'SauceCodePro Nerd Font Mono' (Sauce Code Pro ExtraLight Nerd Font Complete Mono.ttf) normal normal light normal>) = 10.24
DEBUG:matplotlib.font_manager:findfont: score(<Font 'Nimbus Sans' (NimbusSans-Regular.otf) normal normal 400 normal>) = 10.05
DEBUG:matplotlib.font_manager:findfont: score(<Font 'NotoSans Nerd Font Mono' (Noto Sans SemiCondensed Italic Nerd Font Complete Mono.ttf) italic normal 400 condensed>) = 11.25
DEBUG:matplotlib.font_manager:findfont: score(<Font 'NotoSansDisplay Nerd Font Mono' (Noto Sans Display Condensed Light Nerd Font Complete Mono.ttf) normal normal light condensed>) = 10.44
DEBUG:matplotlib.font_manager:findfont: score(<Font 'Serto Mardin' (SyrCOMMardin.otf) normal normal 400 normal>) = 10.05
DEBUG:matplotlib.font_manager:findfont: score(<Font 'NotoSerifDisplay Nerd Font Mono' (Noto Serif Display Thin Nerd Font Complete Mono.ttf) normal normal 400 normal>) = 10.05
DEBUG:matplotlib.font_manager:findfont: score(<Font 'Noto Sans Old Sogdian' (NotoSansOldSogdian-Regular.ttf) normal normal regular normal>) = 10.05
DEBUG:matplotlib.font_manager:findfont: score(<Font 'FantasqueSansMono Nerd Font Mono' (Fantasque Sans Mono Bold Nerd Font Complete Mono.ttf) normal normal 700 normal>) = 10.335
DEBUG:matplotlib.font_manager:findfont: score(<Font 'NotoSerifDisplay Nerd Font Mono' (Noto Serif Display Condensed Black Italic Nerd Font Complete Mono.ttf) italic normal black condensed>) = 11.725
DEBUG:matplotlib.font_manager:findfont: score(<Font 'NotoSerif Nerd Font' (Noto Serif SemiCondensed Black Nerd Font Complete.ttf) normal normal black condensed>) = 10.725
DEBUG:matplotlib.font_manager:findfont: score(<Font 'NotoSansDisplay Nerd Font' (Noto Sans Display Regular Nerd Font Complete.ttf) normal normal regular normal>) = 10.05
DEBUG:matplotlib.font_manager:findfont: score(<Font 'Inconsolata Nerd Font' (Inconsolata Nerd Font Complete.otf) normal normal 400 normal>) = 10.05
DEBUG:matplotlib.font_manager:findfont: score(<Font 'NotoSerifDisplay Nerd Font Mono' (Noto Serif Display SemiCondensed Black Nerd Font Complete Mono.ttf) normal normal black condensed>) = 10.725
DEBUG:matplotlib.font_manager:findfont: score(<Font 'NotoSerif Nerd Font Mono' (Noto Serif ExtraCondensed Italic Nerd Font Complete Mono.ttf) italic normal 400 condensed>) = 11.25
DEBUG:matplotlib.font_manager:findfont: score(<Font 'CodeNewRoman Nerd Font' (Code New Roman Nerd Font Complete.otf) normal normal roman normal>) = 10.145
DEBUG:matplotlib.font_manager:findfont: score(<Font 'NotoSerifDisplay Nerd Font Mono' (Noto Serif Display Medium Italic Nerd Font Complete Mono.ttf) italic normal medium normal>) = 11.145
DEBUG:matplotlib.font_manager:findfont: score(<Font 'Libertinus Serif' (LibertinusSerif-BoldItalic.otf) italic normal 700 normal>) = 11.335
DEBUG:matplotlib.font_manager:findfont: score(<Font 'Noto Serif Lao' (NotoSerifLao-Bold.ttf) normal normal 700 normal>) = 10.335
DEBUG:matplotlib.font_manager:findfont: score(<Font 'Ubuntu Nerd Font' (Ubuntu Medium Nerd Font Complete.ttf) normal normal 700 normal>) = 10.335
DEBUG:matplotlib.font_manager:findfont: score(<Font 'NotoSansDisplay Nerd Font' (Noto Sans Display SemiCondensed ExtraLight Nerd Font Complete.ttf) normal normal light condensed>) = 10.44
DEBUG:matplotlib.font_manager:findfont: score(<Font 'BlexMono Nerd Font' (Blex Mono Thin Nerd Font Complete.ttf) normal normal 400 normal>) = 10.05
DEBUG:matplotlib.font_manager:findfont: score(<Font 'mplus Nerd Font' (M+ 2m bold Nerd Font Complete.ttf) normal normal 700 normal>) = 10.335
DEBUG:matplotlib.font_manager:findfont: score(<Font 'Cousine Nerd Font Mono' (Cousine Bold Nerd Font Complete Mono.ttf) normal normal 700 normal>) = 10.335
DEBUG:matplotlib.font_manager:findfont: score(<Font 'NotoSerif Nerd Font' (Noto Serif Condensed Thin Nerd Font Complete.ttf) normal normal 400 condensed>) = 10.25
DEBUG:matplotlib.font_manager:findfont: score(<Font 'NotoSansDisplay Nerd Font Mono' (Noto Sans Display ExtraCondensed ExtraBold Italic Nerd Font Complete Mono.ttf) italic normal bold condensed>) = 11.535
DEBUG:matplotlib.font_manager:findfont: score(<Font 'FantasqueSansMono Nerd Font' (Fantasque Sans Mono Regular Nerd Font Complete.ttf) normal normal regular normal>) = 10.05
DEBUG:matplotlib.font_manager:findfont: score(<Font 'BlexMono Nerd Font' (Blex Mono Light Italic Nerd Font Complete.ttf) italic normal light normal>) = 11.24
DEBUG:matplotlib.font_manager:findfont: score(<Font 'SauceCodePro Nerd Font' (Sauce Code Pro Light Italic Nerd Font Complete.ttf) italic normal light normal>) = 11.24
DEBUG:matplotlib.font_manager:findfont: score(<Font 'mplus Nerd Font Mono' (M+ 1m thin Nerd Font Complete Mono.ttf) normal normal 400 normal>) = 10.05
DEBUG:matplotlib.font_manager:findfont: score(<Font 'SauceCodePro Nerd Font' (Sauce Code Pro ExtraLight Italic Nerd Font Complete.ttf) italic normal light normal>) = 11.24
DEBUG:matplotlib.font_manager:findfont: score(<Font 'Ubuntu Nerd Font' (Ubuntu Light Nerd Font Complete.ttf) normal normal light normal>) = 10.24
DEBUG:matplotlib.font_manager:findfont: score(<Font 'Noto Sans Grantha' (NotoSansGrantha-Regular.ttf) normal normal regular normal>) = 10.05
DEBUG:matplotlib.font_manager:findfont: score(<Font 'Iosevka' (Iosevka Thin Oblique Nerd Font Complete Mono.ttf) oblique normal 400 normal>) = 11.05
DEBUG:matplotlib.font_manager:findfont: score(<Font 'NotoSansDisplay Nerd Font' (Noto Sans Display Light Italic Nerd Font Complete.ttf) italic normal light normal>) = 11.24
DEBUG:matplotlib.font_manager:findfont: score(<Font 'mononoki Nerd Font' (mononoki Bold Nerd Font Complete.ttf) normal normal 700 normal>) = 10.335
DEBUG:matplotlib.font_manager:findfont: score(<Font 'NotoSansMono Nerd Font' (Noto Sans Mono Condensed ExtraLight Nerd Font Complete.ttf) normal normal light condensed>) = 10.44
DEBUG:matplotlib.font_manager:findfont: score(<Font 'NotoSans Nerd Font Mono' (Noto Sans Condensed ExtraBold Italic Nerd Font Complete Mono.ttf) italic normal bold condensed>) = 11.535
DEBUG:matplotlib.font_manager:findfont: score(<Font 'Noto Sans Lao UI' (NotoSansLaoUI-Regular.ttf) normal normal regular normal>) = 10.05
DEBUG:matplotlib.font_manager:findfont: score(<Font 'NotoSansDisplay Nerd Font' (Noto Sans Display SemiCondensed Italic Nerd Font Complete.ttf) italic normal 400 condensed>) = 11.25
DEBUG:matplotlib.font_manager:findfont: score(<Font 'Noto Serif Thai' (NotoSerifThai-Regular.ttf) normal normal regular normal>) = 10.05
DEBUG:matplotlib.font_manager:findfont: score(<Font 'Noto Sans Canadian Aboriginal' (NotoSansCanadianAboriginal-Thin.ttf) normal normal 400 normal>) = 10.05
DEBUG:matplotlib.font_manager:findfont: score(<Font 'NotoSans Nerd Font Mono' (Noto Sans Condensed Nerd Font Complete Mono.ttf) normal normal 400 condensed>) = 10.25
DEBUG:matplotlib.font_manager:findfont: score(<Font 'mplus Nerd Font' (M+ 1m medium Nerd Font Complete.ttf) normal normal medium normal>) = 10.145
DEBUG:matplotlib.font_manager:findfont: score(<Font 'Noto Sans Bengali' (NotoSansBengali-Bold.ttf) normal normal 700 normal>) = 10.335
DEBUG:matplotlib.font_manager:findfont: score(<Font 'Arimo Nerd Font Mono' (Arimo Bold Italic Nerd Font Complete Mono.ttf) italic normal 700 normal>) = 11.335
DEBUG:matplotlib.font_manager:findfont: score(<Font 'Noto Sans Mro' (NotoSansMro-Regular.ttf) normal normal regular normal>) = 10.05
DEBUG:matplotlib.font_manager:findfont: score(<Font 'HeavyData Nerd Font Mono' (Heavy Data Nerd Font Complete Mono.ttf) normal normal heavy normal>) = 10.43
DEBUG:matplotlib.font_manager:findfont: score(<Font 'Ubuntu Nerd Font Mono' (Ubuntu Bold Nerd Font Complete Mono.ttf) normal normal 700 normal>) = 10.335
DEBUG:matplotlib.font_manager:findfont: score(<Font 'NotoSerifDisplay Nerd Font' (Noto Serif Display ExtraCondensed ExtraBold Italic Nerd Font Complete.ttf) italic normal bold condensed>) = 11.535
DEBUG:matplotlib.font_manager:findfont: score(<Font 'mplus Nerd Font' (M+ 1c black Nerd Font Complete.ttf) normal normal 700 normal>) = 10.335
DEBUG:matplotlib.font_manager:findfont: score(<Font 'Iosevka' (Iosevka Extralight Italic Nerd Font Complete Mono.ttf) italic normal light normal>) = 11.24
DEBUG:matplotlib.font_manager:findfont: score(<Font 'SauceCodePro Nerd Font Mono' (Sauce Code Pro Medium Nerd Font Complete Mono.ttf) normal normal medium normal>) = 10.145
DEBUG:matplotlib.font_manager:findfont: score(<Font 'NotoSans Nerd Font' (Noto Sans Condensed Light Nerd Font Complete.ttf) normal normal light condensed>) = 10.44
DEBUG:matplotlib.font_manager:findfont: score(<Font 'NotoSerifDisplay Nerd Font Mono' (Noto Serif Display ExtraCondensed Light Italic Nerd Font Complete Mono.ttf) italic normal light condensed>) = 11.44
DEBUG:matplotlib.font_manager:findfont: score(<Font 'NotoSerifDisplay Nerd Font Mono' (Noto Serif Display Light Italic Nerd Font Complete Mono.ttf) italic normal light normal>) = 11.24
DEBUG:matplotlib.font_manager:findfont: score(<Font 'InconsolataLGC Nerd Font' (Inconsolata LGC Nerd Font Complete.ttf) normal normal 400 normal>) = 10.05
DEBUG:matplotlib.font_manager:findfont: score(<Font 'mononoki Nerd Font' (mononoki Italic Nerd Font Complete.ttf) italic normal 400 normal>) = 11.05
DEBUG:matplotlib.font_manager:findfont: score(<Font 'Noto Sans Cherokee' (NotoSansCherokee-Black.ttf) normal normal black normal>) = 10.525
DEBUG:matplotlib.font_manager:findfont: score(<Font 'Monoid Nerd Font Mono' (Monoid Regular Nerd Font Complete Mono.ttf) normal normal regular normal>) = 10.05
DEBUG:matplotlib.font_manager:findfont: score(<Font 'Noto Nastaliq Urdu' (NotoNastaliqUrdu-Regular.ttf) normal normal regular normal>) = 10.05
DEBUG:matplotlib.font_manager:findfont: score(<Font 'Overpass Nerd Font' (Overpass Heavy Nerd Font Complete.otf) normal normal heavy normal>) = 10.43
DEBUG:matplotlib.font_manager:findfont: score(<Font 'NotoSans Nerd Font Mono' (Noto Sans SemiCondensed ExtraBold Italic Nerd Font Complete Mono.ttf) italic normal bold condensed>) = 11.535
DEBUG:matplotlib.font_manager:findfont: score(<Font 'Noto Sans Gurmukhi UI' (NotoSansGurmukhiUI-Light.ttf) normal normal light normal>) = 10.24
DEBUG:matplotlib.font_manager:findfont: score(<Font 'URW Gothic' (URWGothic-Demi.otf) normal normal demi normal>) = 10.24
DEBUG:matplotlib.font_manager:findfont: score(<Font 'SauceCodePro Nerd Font Mono' (Sauce Code Pro Light Italic Nerd Font Complete Mono.ttf) italic normal light normal>) = 11.24
DEBUG:matplotlib.font_manager:findfont: score(<Font 'Noto Sans Hebrew' (NotoSansHebrew-Regular.ttf) normal normal regular normal>) = 10.05
DEBUG:matplotlib.font_manager:findfont: score(<Font 'NotoSansMono Nerd Font' (Noto Sans Mono ExtraCondensed Nerd Font Complete.ttf) normal normal 400 condensed>) = 10.25
DEBUG:matplotlib.font_manager:findfont: score(<Font 'NotoSansDisplay Nerd Font' (Noto Sans Display Condensed Light Italic Nerd Font Complete.ttf) italic normal light condensed>) = 11.44
DEBUG:matplotlib.font_manager:findfont: score(<Font 'NotoSans Nerd Font Mono' (Noto Sans SemiCondensed Nerd Font Complete Mono.ttf) normal normal 400 condensed>) = 10.25
DEBUG:matplotlib.font_manager:findfont: score(<Font 'NotoSerifDisplay Nerd Font' (Noto Serif Display ExtraBold Nerd Font Complete.ttf) normal normal bold normal>) = 10.335
DEBUG:matplotlib.font_manager:findfont: score(<Font 'BlexMono Nerd Font' (Blex Mono Light Italic Nerd Font Complete.ttf) italic normal light normal>) = 11.24
DEBUG:matplotlib.font_manager:findfont: score(<Font 'Ubuntu Nerd Font Mono' (Ubuntu Medium Italic Nerd Font Complete Mono.ttf) italic normal 700 normal>) = 11.335
DEBUG:matplotlib.font_manager:findfont: score(<Font 'Iosevka Term' (Iosevka Term Thin Italic Nerd Font Complete Mono.ttf) italic normal 400 normal>) = 11.05
DEBUG:matplotlib.font_manager:findfont: score(<Font 'mplus Nerd Font Mono' (M+ 1mn thin Nerd Font Complete Mono.ttf) normal normal 400 normal>) = 10.05
DEBUG:matplotlib.font_manager:findfont: score(<Font 'NotoSansDisplay Nerd Font Mono' (Noto Sans Display Thin Nerd Font Complete Mono.ttf) normal normal 400 normal>) = 10.05
DEBUG:matplotlib.font_manager:findfont: score(<Font 'NotoSansDisplay Nerd Font' (Noto Sans Display Thin Nerd Font Complete.ttf) normal normal 400 normal>) = 10.05
DEBUG:matplotlib.font_manager:findfont: score(<Font 'NotoSerif Nerd Font' (Noto Serif SemiCondensed ExtraBold Italic Nerd Font Complete.ttf) italic normal bold condensed>) = 11.535
DEBUG:matplotlib.font_manager:findfont: score(<Font 'NotoSans Nerd Font Mono' (Noto Sans ExtraCondensed Medium Italic Nerd Font Complete Mono.ttf) italic normal medium condensed>) = 11.344999999999999
DEBUG:matplotlib.font_manager:findfont: score(<Font 'BitstreamVeraSansMono Nerd Font' (Bitstream Vera Sans Mono Bold Oblique Nerd Font Complete.ttf) oblique normal 700 normal>) = 11.335
DEBUG:matplotlib.font_manager:findfont: score(<Font 'NotoSerif Nerd Font' (Noto Serif Light Italic Nerd Font Complete.ttf) italic normal light normal>) = 11.24
DEBUG:matplotlib.font_manager:findfont: score(<Font 'NotoSansMono Nerd Font' (Noto Sans Mono ExtraCondensed ExtraBold Nerd Font Complete.ttf) normal normal bold condensed>) = 10.535
DEBUG:matplotlib.font_manager:findfont: score(<Font 'NotoSans Nerd Font Mono' (Noto Sans ExtraCondensed Bold Italic Nerd Font Complete Mono.ttf) italic normal 700 condensed>) = 11.535
DEBUG:matplotlib.font_manager:findfont: score(<Font 'NotoSans Nerd Font Mono' (Noto Sans ExtraLight Nerd Font Complete Mono.ttf) normal normal light normal>) = 10.24
DEBUG:matplotlib.font_manager:findfont: score(<Font 'NotoSerifDisplay Nerd Font' (Noto Serif Display SemiCondensed Medium Italic Nerd Font Complete.ttf) italic normal medium condensed>) = 11.344999999999999
DEBUG:matplotlib.font_manager:findfont: score(<Font 'Noto Serif Devanagari' (NotoSerifDevanagari-Light.ttf) normal normal light normal>) = 10.24
DEBUG:matplotlib.font_manager:findfont: score(<Font 'Iosevka' (Iosevka Thin Oblique Nerd Font Complete.ttf) oblique normal 400 normal>) = 11.05
DEBUG:matplotlib.font_manager:findfont: score(<Font 'Noto Sans Kannada' (NotoSansKannada-Thin.ttf) normal normal 400 normal>) = 10.05
DEBUG:matplotlib.font_manager:findfont: score(<Font 'RobotoMono Nerd Font' (Roboto Mono Bold Nerd Font Complete.ttf) normal normal 700 normal>) = 10.335
DEBUG:matplotlib.font_manager:findfont: score(<Font 'NotoSerif Nerd Font' (Noto Serif SemiCondensed ExtraLight Nerd Font Complete.ttf) normal normal light condensed>) = 10.44
DEBUG:matplotlib.font_manager:findfont: score(<Font 'NotoSansDisplay Nerd Font' (Noto Sans Display SemiCondensed SemiBold Italic Nerd Font Complete.ttf) italic normal semibold condensed>) = 11.44
DEBUG:matplotlib.font_manager:findfont: score(<Font 'Noto Sans Armenian' (NotoSansArmenian-Medium.ttf) normal normal medium normal>) = 10.145
DEBUG:matplotlib.font_manager:findfont: score(<Font 'NotoSerif Nerd Font Mono' (Noto Serif SemiCondensed Light Nerd Font Complete Mono.ttf) normal normal light condensed>) = 10.44
DEBUG:matplotlib.font_manager:findfont: score(<Font 'NotoSerifDisplay Nerd Font' (Noto Serif Display SemiCondensed SemiBold Nerd Font Complete.ttf) normal normal semibold condensed>) = 10.44
DEBUG:matplotlib.font_manager:findfont: score(<Font 'Hasklug Nerd Font' (Hasklug Light Nerd Font Complete.otf) normal normal light normal>) = 10.24
DEBUG:matplotlib.font_manager:findfont: score(<Font 'NotoSans Nerd Font' (Noto Sans ExtraCondensed SemiBold Italic Nerd Font Complete.ttf) italic normal semibold condensed>) = 11.44
DEBUG:matplotlib.font_manager:findfont: score(<Font 'Noto Sans Old Hungarian' (NotoSansOldHungarian-Regular.ttf) normal normal regular normal>) = 10.05
DEBUG:matplotlib.font_manager:findfont: score(<Font 'FuraCode Nerd Font' (Fura Code Light Nerd Font Complete.otf) normal normal light normal>) = 10.24
DEBUG:matplotlib.font_manager:findfont: score(<Font 'Source Code Pro' (SourceCodePro-Semibold.otf) normal normal semibold normal>) = 10.24
DEBUG:matplotlib.font_manager:findfont: score(<Font 'Source Code Pro' (SourceCodePro-BlackIt.otf) italic normal black normal>) = 11.525
DEBUG:matplotlib.font_manager:findfont: score(<Font 'NotoSerif Nerd Font Mono' (Noto Serif SemiCondensed SemiBold Italic Nerd Font Complete Mono.ttf) italic normal semibold condensed>) = 11.44
DEBUG:matplotlib.font_manager:findfont: score(<Font 'Serto Urhoy' (SyrCOMUrhoyBold.otf) normal normal 700 normal>) = 10.335
DEBUG:matplotlib.font_manager:findfont: score(<Font 'NotoSerifDisplay Nerd Font' (Noto Serif Display SemiBold Italic Nerd Font Complete.ttf) italic normal semibold normal>) = 11.24
DEBUG:matplotlib.font_manager:findfont: score(<Font 'NotoSansMono Nerd Font Mono' (Noto Sans Mono SemiCondensed ExtraLight Nerd Font Complete Mono.ttf) normal normal light condensed>) = 10.44
DEBUG:matplotlib.font_manager:findfont: score(<Font 'DejaVu Serif' (DejaVuSerif.ttf) normal normal 400 normal>) = 10.05
DEBUG:matplotlib.font_manager:findfont: score(<Font 'mplus Nerd Font' (M+ 2p light Nerd Font Complete.ttf) normal normal light normal>) = 10.24
DEBUG:matplotlib.font_manager:findfont: score(<Font 'URW Gothic' (URWGothic-Book.otf) normal normal book normal>) = 10.05
DEBUG:matplotlib.font_manager:findfont: score(<Font 'TerminessTTF Nerd Font' (Terminess (TTF) Bold Italic Nerd Font Complete.ttf) italic normal 700 normal>) = 11.335
DEBUG:matplotlib.font_manager:findfont: score(<Font 'NotoSans Nerd Font Mono' (Noto Sans ExtraCondensed SemiBold Italic Nerd Font Complete Mono.ttf) italic normal semibold condensed>) = 11.44
DEBUG:matplotlib.font_manager:findfont: score(<Font 'NotoSerifDisplay Nerd Font' (Noto Serif Display SemiCondensed SemiBold Italic Nerd Font Complete.ttf) italic normal semibold condensed>) = 11.44
DEBUG:matplotlib.font_manager:findfont: score(<Font 'TerminessTTF Nerd Font Mono' (Terminess (TTF) Bold Italic Nerd Font Complete Mono.ttf) italic normal 700 normal>) = 11.335
DEBUG:matplotlib.font_manager:findfont: score(<Font 'NotoSansDisplay Nerd Font' (Noto Sans Display ExtraCondensed SemiBold Nerd Font Complete.ttf) normal normal semibold condensed>) = 10.44
DEBUG:matplotlib.font_manager:findfont: score(<Font 'NotoSans Nerd Font' (Noto Sans SemiCondensed ExtraLight Italic Nerd Font Complete.ttf) italic normal light condensed>) = 11.44
DEBUG:matplotlib.font_manager:findfont: score(<Font 'Hasklug Nerd Font Mono' (Hasklug Bold Nerd Font Complete Mono.otf) normal normal 700 normal>) = 10.335
DEBUG:matplotlib.font_manager:findfont: score(<Font 'mplus Nerd Font Mono' (M+ 2p heavy Nerd Font Complete Mono.ttf) normal normal 700 normal>) = 10.335
DEBUG:matplotlib.font_manager:findfont: score(<Font 'DejaVuSansMono Nerd Font Mono' (DejaVu Sans Mono Nerd Font Complete Mono.ttf) normal normal 400 normal>) = 10.05
DEBUG:matplotlib.font_manager:findfont: score(<Font 'NotoSerif Nerd Font Mono' (Noto Serif Bold Italic Nerd Font Complete Mono.ttf) italic normal 700 normal>) = 11.335
DEBUG:matplotlib.font_manager:findfont: score(<Font 'Noto Sans Myanmar' (NotoSansMyanmar-Medium.ttf) normal normal medium normal>) = 10.145
DEBUG:matplotlib.font_manager:findfont: score(<Font 'NotoSerifDisplay Nerd Font' (Noto Serif Display ExtraCondensed Black Nerd Font Complete.ttf) normal normal black condensed>) = 10.725
DEBUG:matplotlib.font_manager:findfont: score(<Font 'NotoSerifDisplay Nerd Font Mono' (Noto Serif Display ExtraCondensed Thin Nerd Font Complete Mono.ttf) normal normal 400 condensed>) = 10.25
DEBUG:matplotlib.font_manager:findfont: score(<Font 'NotoSerif Nerd Font Mono' (Noto Serif ExtraCondensed ExtraLight Nerd Font Complete Mono.ttf) normal normal light condensed>) = 10.44
DEBUG:matplotlib.font_manager:findfont: score(<Font 'OverpassMono Nerd Font Mono' (Overpass Mono Bold Nerd Font Complete Mono.otf) normal normal 700 normal>) = 10.335
DEBUG:matplotlib.font_manager:findfont: score(<Font 'mplus Nerd Font Mono' (M+ 2p black Nerd Font Complete Mono.ttf) normal normal 700 normal>) = 10.335
DEBUG:matplotlib.font_manager:findfont: score(<Font 'NotoSansDisplay Nerd Font' (Noto Sans Display ExtraCondensed SemiBold Italic Nerd Font Complete.ttf) italic normal semibold condensed>) = 11.44
DEBUG:matplotlib.font_manager:findfont: score(<Font 'mplus Nerd Font Mono' (M+ 1m bold Nerd Font Complete Mono.ttf) normal normal 700 normal>) = 10.335
DEBUG:matplotlib.font_manager:findfont: score(<Font 'Source Code Pro' (SourceCodePro-Regular.otf) normal normal 400 normal>) = 10.05
DEBUG:matplotlib.font_manager:findfont: score(<Font 'NotoSerif Nerd Font' (Noto Serif SemiCondensed Light Nerd Font Complete.ttf) normal normal light condensed>) = 10.44
DEBUG:matplotlib.font_manager:findfont: score(<Font 'NotoSansDisplay Nerd Font Mono' (Noto Sans Display Condensed Thin Italic Nerd Font Complete Mono.ttf) italic normal 400 condensed>) = 11.25
DEBUG:matplotlib.font_manager:findfont: score(<Font 'NotoSerif Nerd Font Mono' (Noto Serif SemiCondensed Black Nerd Font Complete Mono.ttf) normal normal black condensed>) = 10.725
DEBUG:matplotlib.font_manager:findfont: score(<Font 'mplus Nerd Font Mono' (M+ 1mn bold Nerd Font Complete Mono.ttf) normal normal 700 normal>) = 10.335
DEBUG:matplotlib.font_manager:findfont: score(<Font 'Hasklug Nerd Font Mono' (Hasklug Semibold Italic Nerd Font Complete Mono.otf) italic normal semibold normal>) = 11.24
DEBUG:matplotlib.font_manager:findfont: score(<Font 'Noto Serif Tamil Slanted' (NotoSerifTamilSlanted-Thin.ttf) normal normal 400 normal>) = 10.05
DEBUG:matplotlib.font_manager:findfont: score(<Font 'Overpass Nerd Font' (Overpass ExtraBold Italic Nerd Font Complete.otf) italic normal bold normal>) = 11.335
DEBUG:matplotlib.font_manager:findfont: score(<Font 'NotoSerif Nerd Font Mono' (Noto Serif Condensed Black Nerd Font Complete Mono.ttf) normal normal black condensed>) = 10.725
DEBUG:matplotlib.font_manager:findfont: score(<Font 'Hurmit Nerd Font' (Hurmit Bold Nerd Font Complete.otf) normal normal 700 normal>) = 10.335
DEBUG:matplotlib.font_manager:findfont: score(<Font 'NotoSerifDisplay Nerd Font' (Noto Serif Display Condensed Light Italic Nerd Font Complete.ttf) italic normal light condensed>) = 11.44
DEBUG:matplotlib.font_manager:findfont: score(<Font 'NotoSansMono Nerd Font' (Noto Sans Mono Thin Nerd Font Complete.ttf) normal normal 400 normal>) = 10.05
DEBUG:matplotlib.font_manager:findfont: score(<Font 'OpenDyslexic Nerd Font Mono' (OpenDyslexic Bold Nerd Font Complete Mono.otf) normal normal 700 normal>) = 10.335
DEBUG:matplotlib.font_manager:findfont: score(<Font 'Monofur Nerd Font' (monofur Nerd Font Complete.ttf) normal normal 400 normal>) = 10.05
DEBUG:matplotlib.font_manager:findfont: score(<Font 'NotoSans Nerd Font Mono' (Noto Sans Condensed Bold Nerd Font Complete Mono.ttf) normal normal 700 condensed>) = 10.535
DEBUG:matplotlib.font_manager:findfont: score(<Font 'NotoSans Nerd Font' (Noto Sans SemiCondensed ExtraLight Italic Nerd Font Complete.ttf) italic normal light condensed>) = 11.44
DEBUG:matplotlib.font_manager:findfont: score(<Font 'NotoSans Nerd Font' (Noto Sans Condensed SemiBold Italic Nerd Font Complete.ttf) italic normal semibold condensed>) = 11.44
DEBUG:matplotlib.font_manager:findfont: score(<Font 'NotoSansMono Nerd Font Mono' (Noto Sans Mono ExtraCondensed Light Nerd Font Complete Mono.ttf) normal normal light condensed>) = 10.44
DEBUG:matplotlib.font_manager:findfont: score(<Font 'NotoSansDisplay Nerd Font' (Noto Sans Display Condensed Light Italic Nerd Font Complete.ttf) italic normal light condensed>) = 11.44
DEBUG:matplotlib.font_manager:findfont: score(<Font 'NotoSerif Nerd Font' (Noto Serif SemiCondensed Black Italic Nerd Font Complete.ttf) italic normal black condensed>) = 11.725
DEBUG:matplotlib.font_manager:findfont: score(<Font 'Arimo Nerd Font' (Arimo Bold Italic Nerd Font Complete.ttf) italic normal 700 normal>) = 11.335
DEBUG:matplotlib.font_manager:findfont: Matching sans\-serif:style=normal:variant=normal:weight=normal:stretch=normal:size=12.0 to DejaVu Sans ('/share/Engagements/MHS/SOC_Project/Monode/node/lib/python3.8/site-packages/matplotlib/mpl-data/fonts/ttf/DejaVuSans.ttf') with score of 0.050000.
DEBUG:paramiko.transport:starting thread (client mode): 0x52a603a0
DEBUG:paramiko.transport:Local version/idstring: SSH-2.0-paramiko_2.7.1
DEBUG:paramiko.transport:Remote version/idstring: SSH-2.0-Cisco-1.25
INFO:paramiko.transport:Connected (version 2.0, client Cisco-1.25)
DEBUG:paramiko.transport:kex algos:['diffie-hellman-group-exchange-sha1', 'diffie-hellman-group14-sha1', 'diffie-hellman-group1-sha1'] server key:['ssh-rsa'] client encrypt:['aes128-ctr', 'aes192-ctr', 'aes256-ctr', 'aes128-cbc', '3des-cbc', 'aes192-cbc', 'aes256-cbc'] server encrypt:['aes128-ctr', 'aes192-ctr', 'aes256-ctr', 'aes128-cbc', '3des-cbc', 'aes192-cbc', 'aes256-cbc'] client mac:['hmac-sha1', 'hmac-sha1-96'] server mac:['hmac-sha1', 'hmac-sha1-96'] client compress:['none'] server compress:['none'] client lang:[''] server lang:[''] kex follows?False
DEBUG:paramiko.transport:Kex agreed: diffie-hellman-group-exchange-sha1
DEBUG:paramiko.transport:HostKey agreed: ssh-rsa
DEBUG:paramiko.transport:Cipher agreed: aes128-ctr
DEBUG:paramiko.transport:MAC agreed: hmac-sha1
DEBUG:paramiko.transport:Compression agreed: none
DEBUG:paramiko.transport:Got server p (2048 bits)
DEBUG:paramiko.transport:kex engine KexGex specified hash_algo <built-in function openssl_sha1>
DEBUG:paramiko.transport:Switch to new keys ...
DEBUG:paramiko.transport:Adding ssh-rsa host key for 1st_nt_mdf_sw01.mhs.org: b'dff1cc3dbc8e67a39efef4da8ecb0472'
DEBUG:paramiko.transport:userauth is OK
INFO:paramiko.transport:Authentication (password) successful!
DEBUG:paramiko.transport:[chan 0] Max packet in: 32768 bytes
DEBUG:paramiko.transport:[chan 0] Max packet out: 4096 bytes
DEBUG:paramiko.transport:Secsh channel 0 opened.
DEBUG:paramiko.transport:[chan 0] Sesch channel 0 request ok
DEBUG:paramiko.transport:[chan 0] Sesch channel 0 request ok
DEBUG:netmiko:read_channel: 
------------------------------------------------------------------------------------
WARNING:


This system is for the use of authorized clients only. Individuals using the
computer network system without authorization, or in excess of their authorization,
are subject to having all their activity on this computer network system monitored
and recorded by system personnel.  To protect the computer network system from
unauthorized use and to ensure the computer network system is functioning properly,
system administrators monitor this system.  Anyone using this computer network
system expressly consents to such monitoring and is advised that if such monitoring
reveals possible conduct of criminal activity, system personnel may provide the
evidence of such activity to law enforcement officers.

Access is restricted to authorized users only.

Unauthorized access is a violation of state and federal, civil and criminal laws.
------------------------------------------------------------------------------------

1ST_NT_MDF_SW01>
DEBUG:netmiko:read_channel: 
DEBUG:netmiko:read_channel: 
DEBUG:netmiko:read_channel: 
DEBUG:netmiko:write_channel: b'\n'
DEBUG:netmiko:read_channel: 
DEBUG:netmiko:read_channel: 
DEBUG:netmiko:write_channel: b'\n'
DEBUG:netmiko:read_channel: 
1ST_NT_MDF_SW01>
DEBUG:netmiko:read_channel: 
1ST_NT_MDF_SW01>
DEBUG:netmiko:Clear buffer detects data in the channel
DEBUG:netmiko:read_channel: 
DEBUG:netmiko:[find_prompt()]: prompt is 1ST_NT_MDF_SW01>
DEBUG:netmiko:read_channel: 
DEBUG:netmiko:In disable_paging
DEBUG:netmiko:Command: terminal length 0

DEBUG:netmiko:write_channel: b'terminal length 0\n'
DEBUG:netmiko:Pattern is: terminal\ length\ 0
DEBUG:netmiko:_read_channel_expect read_data: t
DEBUG:netmiko:_read_channel_expect read_data: er
DEBUG:netmiko:_read_channel_expect read_data: mi
DEBUG:netmiko:_read_channel_expect read_data: n
DEBUG:netmiko:_read_channel_expect read_data: al 
DEBUG:netmiko:_read_channel_expect read_data: le
DEBUG:netmiko:_read_channel_expect read_data: n
DEBUG:netmiko:_read_channel_expect read_data: gt
DEBUG:netmiko:_read_channel_expect read_data: h 
DEBUG:netmiko:_read_channel_expect read_data: 0
1ST_NT_MDF_SW01>
DEBUG:netmiko:Pattern found: terminal\ length\ 0 terminal length 0
1ST_NT_MDF_SW01>
DEBUG:netmiko:terminal length 0
1ST_NT_MDF_SW01>
DEBUG:netmiko:Exiting disable_paging
DEBUG:netmiko:write_channel: b'terminal width 511\n'
DEBUG:netmiko:Pattern is: terminal\ width\ 511
DEBUG:netmiko:_read_channel_expect read_data: t
DEBUG:netmiko:_read_channel_expect read_data: e
DEBUG:netmiko:_read_channel_expect read_data: rm
DEBUG:netmiko:_read_channel_expect read_data: in
DEBUG:netmiko:_read_channel_expect read_data: al
DEBUG:netmiko:_read_channel_expect read_data:  w
DEBUG:netmiko:_read_channel_expect read_data: id
DEBUG:netmiko:_read_channel_expect read_data: th
DEBUG:netmiko:_read_channel_expect read_data:  5
DEBUG:netmiko:_read_channel_expect read_data: 11
DEBUG:netmiko:Pattern found: terminal\ width\ 511 terminal width 511
DEBUG:netmiko:read_channel: 
1ST_NT_MDF_SW01>
DEBUG:netmiko:Clear buffer detects data in the channel
DEBUG:netmiko:read_channel: 
DEBUG:paramiko.transport:starting thread (client mode): 0x64b103d0
DEBUG:paramiko.transport:Local version/idstring: SSH-2.0-paramiko_2.7.1
DEBUG:paramiko.transport:Remote version/idstring: SSH-2.0-Cisco-1.25
INFO:paramiko.transport:Connected (version 2.0, client Cisco-1.25)
DEBUG:paramiko.transport:kex algos:['diffie-hellman-group-exchange-sha1', 'diffie-hellman-group14-sha1', 'diffie-hellman-group1-sha1'] server key:['ssh-rsa'] client encrypt:['aes128-ctr', 'aes192-ctr', 'aes256-ctr', 'aes128-cbc', '3des-cbc', 'aes192-cbc', 'aes256-cbc'] server encrypt:['aes128-ctr', 'aes192-ctr', 'aes256-ctr', 'aes128-cbc', '3des-cbc', 'aes192-cbc', 'aes256-cbc'] client mac:['hmac-sha1', 'hmac-sha1-96'] server mac:['hmac-sha1', 'hmac-sha1-96'] client compress:['none'] server compress:['none'] client lang:[''] server lang:[''] kex follows?False
DEBUG:paramiko.transport:Kex agreed: diffie-hellman-group-exchange-sha1
DEBUG:paramiko.transport:HostKey agreed: ssh-rsa
DEBUG:paramiko.transport:Cipher agreed: aes128-ctr
DEBUG:paramiko.transport:MAC agreed: hmac-sha1
DEBUG:paramiko.transport:Compression agreed: none
DEBUG:paramiko.transport:Got server p (2048 bits)
DEBUG:paramiko.transport:kex engine KexGex specified hash_algo <built-in function openssl_sha1>
DEBUG:paramiko.transport:Switch to new keys ...
DEBUG:paramiko.transport:Adding ssh-rsa host key for 1st_nt_mdf_sw01.mhs.org: b'dff1cc3dbc8e67a39efef4da8ecb0472'
DEBUG:paramiko.transport:userauth is OK
INFO:paramiko.transport:Authentication (password) successful!
DEBUG:paramiko.transport:[chan 0] Max packet in: 32768 bytes
DEBUG:paramiko.transport:[chan 0] Max packet out: 4096 bytes
DEBUG:paramiko.transport:Secsh channel 0 opened.
DEBUG:paramiko.transport:[chan 0] Sesch channel 0 request ok
DEBUG:paramiko.transport:[chan 0] Sesch channel 0 request ok
DEBUG:netmiko:read_channel: 
------------------------------------------------------------------------------------
WARNING:


This system is for the use of authorized clients only. Individuals using the
computer network system without authorization, or in excess of their authorization,
are subject to having all their activity on this computer network system monitored
and recorded by system personnel.  To protect the computer network system from
unauthorized use and to ensure the computer network system is functioning properly,
system administrators monitor this system.  Anyone using this computer network
system expressly consents to such monitoring and is advised that if such monitoring
reveals possible conduct of criminal activity, system personnel may provide the
evidence of such activity to law enforcement officers.

Access is restricted to authorized users only.

Unauthorized access is a violation of state and federal, civil and criminal laws.
------------------------------------------------------------------------------------

1ST_NT_MDF_SW01>
DEBUG:netmiko:read_channel: 
DEBUG:netmiko:read_channel: 
DEBUG:netmiko:read_channel: 
DEBUG:netmiko:write_channel: b'\n'
DEBUG:netmiko:read_channel: 
DEBUG:netmiko:read_channel: 
DEBUG:netmiko:write_channel: b'\n'
DEBUG:netmiko:read_channel: 
1ST_NT_MDF_SW01>
DEBUG:paramiko.transport:starting thread (client mode): 0xbf4643d0
DEBUG:paramiko.transport:Local version/idstring: SSH-2.0-paramiko_2.7.1
DEBUG:paramiko.transport:Remote version/idstring: SSH-2.0-Cisco-1.25
INFO:paramiko.transport:Connected (version 2.0, client Cisco-1.25)
DEBUG:paramiko.transport:kex algos:['diffie-hellman-group-exchange-sha1', 'diffie-hellman-group14-sha1', 'diffie-hellman-group1-sha1'] server key:['ssh-rsa'] client encrypt:['aes128-ctr', 'aes192-ctr', 'aes256-ctr', 'aes128-cbc', '3des-cbc', 'aes192-cbc', 'aes256-cbc'] server encrypt:['aes128-ctr', 'aes192-ctr', 'aes256-ctr', 'aes128-cbc', '3des-cbc', 'aes192-cbc', 'aes256-cbc'] client mac:['hmac-sha1', 'hmac-sha1-96'] server mac:['hmac-sha1', 'hmac-sha1-96'] client compress:['none'] server compress:['none'] client lang:[''] server lang:[''] kex follows?False
DEBUG:paramiko.transport:Kex agreed: diffie-hellman-group-exchange-sha1
DEBUG:paramiko.transport:HostKey agreed: ssh-rsa
DEBUG:paramiko.transport:Cipher agreed: aes128-ctr
DEBUG:paramiko.transport:MAC agreed: hmac-sha1
DEBUG:paramiko.transport:Compression agreed: none
DEBUG:paramiko.transport:Got server p (2048 bits)
DEBUG:paramiko.transport:kex engine KexGex specified hash_algo <built-in function openssl_sha1>
DEBUG:paramiko.transport:Switch to new keys ...
DEBUG:paramiko.transport:Adding ssh-rsa host key for 1st_nt_mdf_sw01.mhs.org: b'dff1cc3dbc8e67a39efef4da8ecb0472'
DEBUG:paramiko.transport:userauth is OK
INFO:paramiko.transport:Authentication (password) successful!
DEBUG:paramiko.transport:[chan 0] Max packet in: 32768 bytes
DEBUG:paramiko.transport:[chan 0] Max packet out: 4096 bytes
DEBUG:paramiko.transport:Secsh channel 0 opened.
DEBUG:paramiko.transport:[chan 0] Sesch channel 0 request ok
DEBUG:paramiko.transport:[chan 0] Sesch channel 0 request ok
DEBUG:netmiko:read_channel: 
------------------------------------------------------------------------------------
WARNING:


This system is for the use of authorized clients only. Individuals using the
computer network system without authorization, or in excess of their authorization,
are subject to having all their activity on this computer network system monitored
and recorded by system personnel.  To protect the computer network system from
unauthorized use and to ensure the computer network system is functioning properly,
system administrators monitor this system.  Anyone using this computer network
system expressly consents to such monitoring and is advised that if such monitoring
reveals possible conduct of criminal activity, system personnel may provide the
evidence of such activity to law enforcement officers.

Access is restricted to authorized users only.

Unauthorized access is a violation of state and federal, civil and criminal laws.
------------------------------------------------------------------------------------

1ST_NT_MDF_SW01>
DEBUG:netmiko:read_channel: 
DEBUG:netmiko:read_channel: 
DEBUG:netmiko:read_channel: 
DEBUG:netmiko:write_channel: b'\n'
DEBUG:netmiko:read_channel: 
DEBUG:netmiko:read_channel: 
DEBUG:netmiko:write_channel: b'\n'
DEBUG:netmiko:read_channel: 
1ST_NT_MDF_SW01>
DEBUG:netmiko:read_channel: 
1ST_NT_MDF_SW01>
DEBUG:netmiko:Clear buffer detects data in the channel
DEBUG:netmiko:read_channel: 
DEBUG:netmiko:[find_prompt()]: prompt is 1ST_NT_MDF_SW01>
DEBUG:netmiko:read_channel: 
DEBUG:netmiko:In disable_paging
DEBUG:netmiko:Command: terminal length 0

DEBUG:netmiko:write_channel: b'terminal length 0\n'
DEBUG:netmiko:Pattern is: terminal\ length\ 0
DEBUG:netmiko:_read_channel_expect read_data: t
DEBUG:netmiko:_read_channel_expect read_data: e
DEBUG:netmiko:_read_channel_expect read_data: rm
DEBUG:netmiko:_read_channel_expect read_data: in
DEBUG:netmiko:_read_channel_expect read_data: al
DEBUG:netmiko:_read_channel_expect read_data:  l
DEBUG:netmiko:_read_channel_expect read_data: en
DEBUG:netmiko:_read_channel_expect read_data: gt
DEBUG:netmiko:_read_channel_expect read_data: h 
DEBUG:netmiko:_read_channel_expect read_data: 0

DEBUG:netmiko:Pattern found: terminal\ length\ 0 terminal length 0

DEBUG:netmiko:terminal length 0

DEBUG:netmiko:Exiting disable_paging
DEBUG:netmiko:write_channel: b'terminal width 511\n'
DEBUG:netmiko:Pattern is: terminal\ width\ 511
DEBUG:netmiko:_read_channel_expect read_data: 1ST_NT_MDF_SW01>
DEBUG:netmiko:_read_channel_expect read_data: t
DEBUG:netmiko:_read_channel_expect read_data: er
DEBUG:netmiko:_read_channel_expect read_data: mi
DEBUG:netmiko:_read_channel_expect read_data: na
DEBUG:netmiko:_read_channel_expect read_data: l 
DEBUG:netmiko:_read_channel_expect read_data: wi
DEBUG:netmiko:_read_channel_expect read_data: dt
DEBUG:netmiko:_read_channel_expect read_data: h 
DEBUG:netmiko:_read_channel_expect read_data: 51
DEBUG:netmiko:_read_channel_expect read_data: 1

DEBUG:netmiko:Pattern found: terminal\ width\ 511 1ST_NT_MDF_SW01>terminal width 511

DEBUG:netmiko:read_channel: 1ST_NT_MDF_SW01>
DEBUG:netmiko:Clear buffer detects data in the channel
DEBUG:netmiko:read_channel: 
DEBUG:netmiko:write_channel: b'\n'
DEBUG:netmiko:Pattern is: 1ST_NT_MDF_SW01
DEBUG:netmiko:_read_channel_expect read_data: 

DEBUG:netmiko:_read_channel_expect read_data: 1ST_NT_MDF_SW01>
DEBUG:netmiko:Pattern found: 1ST_NT_MDF_SW01 
1ST_NT_MDF_SW01>
DEBUG:netmiko:write_channel: b'enable\n'
DEBUG:netmiko:Pattern is: (1ST_NT_MDF_SW01|ssword)
DEBUG:netmiko:_read_channel_expect read_data: e
DEBUG:netmiko:_read_channel_expect read_data: n
DEBUG:netmiko:_read_channel_expect read_data: abl
DEBUG:netmiko:_read_channel_expect read_data: e

DEBUG:netmiko:_read_channel_expect read_data: Password: 
DEBUG:netmiko:Pattern found: (1ST_NT_MDF_SW01|ssword) enable
Password: 
DEBUG:netmiko:write_channel: b'change-mgh\n'
DEBUG:netmiko:Pattern is: 1ST_NT_MDF_SW01
DEBUG:netmiko:_read_channel_expect read_data: 
1ST_NT_MDF_SW01#
DEBUG:netmiko:Pattern found: 1ST_NT_MDF_SW01 
1ST_NT_MDF_SW01#
DEBUG:netmiko:write_channel: b'\n'
DEBUG:netmiko:Pattern is: 1ST_NT_MDF_SW01
DEBUG:netmiko:_read_channel_expect read_data: 

DEBUG:netmiko:_read_channel_expect read_data: 1ST_NT_MDF_SW01#
DEBUG:netmiko:Pattern found: 1ST_NT_MDF_SW01 
1ST_NT_MDF_SW01#
DEBUG:netmiko:read_channel: 
DEBUG:netmiko:write_channel: b'\n'
DEBUG:netmiko:read_channel: 
DEBUG:netmiko:read_channel: 
DEBUG:netmiko:write_channel: b'\n'
DEBUG:netmiko:read_channel: 

DEBUG:netmiko:write_channel: b'\n'
DEBUG:netmiko:read_channel: 1ST_NT_MDF_SW01#
1ST_NT_MDF_SW01#
DEBUG:netmiko:read_channel: 
1ST_NT_MDF_SW01#
DEBUG:netmiko:Clear buffer detects data in the channel
DEBUG:netmiko:read_channel: 
DEBUG:netmiko:[find_prompt()]: prompt is 1ST_NT_MDF_SW01#
DEBUG:netmiko:read_channel: 
DEBUG:netmiko:write_channel: b'sh cdp nei det\n'
DEBUG:netmiko:Pattern is: sh\ cdp\ nei\ det
DEBUG:netmiko:_read_channel_expect read_data: s
DEBUG:netmiko:_read_channel_expect read_data: h 
DEBUG:netmiko:_read_channel_expect read_data: cd
DEBUG:netmiko:_read_channel_expect read_data: p
DEBUG:netmiko:_read_channel_expect read_data:  n
DEBUG:netmiko:_read_channel_expect read_data: ei
DEBUG:netmiko:_read_channel_expect read_data:  d
DEBUG:netmiko:_read_channel_expect read_data: et
DEBUG:netmiko:Pattern found: sh\ cdp\ nei\ det sh cdp nei det
DEBUG:netmiko:read_channel: 
-------------------------
Device ID: 3rd_nt_sw01.mongeneral.com
Entry address(es): 
  IP address: 172.29.10.21
Platform: cisco WS-C2960X-48FPD-L,  Capabilities: Switch IGMP 
Interface: TenGigabitEthernet2/0/12,  Port ID (outgoing port): TenGigabitEthernet2/0/1
Holdtime : 165 sec

Version :
Cisco IOS Software, C2960X Software (C2960X-UNIVERSALK9-M), Version 15.2(2)E5, RELEASE SOFTWARE (fc2)
Technical Support: http://www.cisco.com/techsupport
Copyright (c) 1986-2016 by Cisco Systems, Inc.
Compiled Thu 02-Jun-16 01:31 by prod_rel_team

advertisement version: 2
Protocol Hello:  OUI=0x00000C, Protocol ID=0x0112; payload len=27, value=00000000FFFFFFFF010225010000000000000038DF86BA00FF0000
VTP Management Domain: ''
Native VLAN: 666
Duplex: full
Management address(es): 
  IP address: 172.29.10.21

-------------------------
Device ID: 3rd_nt_sw01.mongeneral.com
Entry address(es): 
  IP address: 172.29.10.21
Platform: cisco WS-C2960X-48FPD-L,  Capabilities: Switch IGMP 
Interface: TenGigabitEthernet1/0/12,  Port ID (outgoing port): TenGigabitEthernet1/0/1
Holdtime : 143 sec

Version :
Cisco IOS Software, C2960X Software (C2960X-UNIVERSALK9-M), Version 15.2(2)E5, RELEASE SOFTWARE (fc2)
Technical Support: http://www.cisco.com/techsupport
Copyright (c) 1986-2016 by Cisco Systems, Inc.
Compiled Thu 02-Jun-16 01:31 by prod_rel_team

advertisement version: 2
Protocol Hello:  OUI=0x00000C, Protocol ID=0x0112; payload len=27, value=00000000FFFFFFFF010225010000000000000038DF86BA00FF0000
VTP Management Domain: ''
Native VLAN: 666
Duplex: full
Management address(es): 
  IP address: 172.29.10.21

-------------------------
Device ID: 2nd_st_sw01.mongeneral.com
Entry address(es): 
  IP address: 172.29.10.12
Platform: cisco WS-C2960X-48FPD-L,  Capabilities: Switch IGMP 
Interface: TenGigabitEthernet2/0/3,  Port ID (outgoing port): TenGigabitEthernet2/0/1
Holdtime : 131 sec

Version :
Cisco IOS Software, C2960X Software (C2960X-UNIVERSALK9-M), Version 15.2(2)E5, RELEASE SOFTWARE (fc2)
Technical Support: http://www.cisco.com/techsupport
Copyright (c) 1986-2016 by Cisco Systems, Inc.
Compiled Thu 02-Jun-16 01:31 by prod_rel_team

advertisement version: 2
Protocol Hello:  OUI=0x00000C, Protocol ID=0x0112; payload len=27, value=00000000FFFFFFFF010225010000000000000038DF751E00FF0000
VTP Management Domain: ''
Native VLAN: 666
Duplex: full
Management address(es): 
  IP address: 172.29.10.12

-------------------------
Device ID: 2nd_st_sw01.mongeneral.com
Entry address(es): 
  IP address: 172.29.10.12
Platform: cisco WS-C2960X-48FPD-L,  Capabilities: Switch IGMP 
Interface: TenGigabitEthernet1/0/3,  Port ID (outgoing port): TenGigabitEthernet1/0/1
Holdtime : 126 sec

Version :
Cisco IOS Software, C2960X Software (C2960X-UNIVERSALK9-M), Version 15.2(2)E5, RELEASE SOFTWARE (fc2)
Technical Support: http://www.cisco.com/techsupport
Copyright (c) 1986-2016 by Cisco Systems, Inc.
Compiled Thu 02-Jun-16 01:31 by prod_rel_team

advertisement version: 2
Protocol Hello:  OUI=0x00000C, Protocol ID=0x0112; payload len=27, value=00000000FFFFFFFF010225010000000000000038DF751E00FF0000
VTP Management Domain: ''
Native VLAN: 666
Duplex: full
Management address(es): 
  IP address: 172.29.10.12

-------------------------
Device ID: 3rd_nt_sw02.mongeneral.com
Entry address(es): 
  IP address: 172.29.10.22
Platform: cisco WS-C2960X-48FPD-L,  Capabilities: Switch IGMP 
Interface: TenGigabitEthernet1/0/13,  Port ID (outgoing port): TenGigabitEthernet1/0/1
Holdtime : 147 sec

Version :
Cisco IOS Software, C2960X Software (C2960X-UNIVERSALK9-M), Version 15.2(2)E5, RELEASE SOFTWARE (fc2)
Technical Support: http://www.cisco.com/techsupport
Copyright (c) 1986-2016 by Cisco Systems, Inc.
Compiled Thu 02-Jun-16 01:31 by prod_rel_team

advertisement version: 2
Protocol Hello:  OUI=0x00000C, Protocol ID=0x0112; payload len=27, value=00000000FFFFFFFF010225010000000000000038DF0F6A00FF0000
VTP Management Domain: ''
Native VLAN: 666
Duplex: full
Management address(es): 
  IP address: 172.29.10.22

-------------------------
Device ID: 3rd_nt_sw02.mongeneral.com
Entry address(es): 
  IP address: 172.29.10.22
Platform: cisco WS-C2960X-48FPD-L,  Capabilities: Switch IGMP 
Interface: TenGigabitEthernet2/0/13,  Port ID (outgoing port): TenGigabitEthernet2/0/1
Holdtime : 176 sec

Version :
Cisco IOS Software, C2960X Software (C2960X-UNIVERSALK9-M), Version 15.2(2)E5, RELEASE SOFTWARE (fc2)
Technical Support: http://www.cisco.com/techsupport
Copyright (c) 1986-2016 by Cisco Systems, Inc.
Compiled Thu 02-Jun-16 01:31 by prod_rel_team

advertisement version: 2
Protocol Hello:  OUI=0x00000C, Protocol ID=0x0112; payload len=27, value=00000000FFFFFFFF010225010000000000000038DF0F6A00FF0000
VTP Management Domain: ''
Native VLAN: 666
Duplex: full
Management address(es): 
  IP address: 172.29.10.22

-------------------------
Device ID: 1st_conf_sw01.mongeneral.com
Entry address(es): 
  IP address: 172.29.10.28
Platform: cisco WS-C2960X-48FPD-L,  Capabilities: Switch IGMP 
Interface: TenGigabitEthernet2/0/18,  Port ID (outgoing port): TenGigabitEthernet1/0/2
Holdtime : 146 sec

Version :
Cisco IOS Software, C2960X Software (C2960X-UNIVERSALK9-M), Version 15.2(2)E5, RELEASE SOFTWARE (fc2)
Technical Support: http://www.cisco.com/techsupport
Copyright (c) 1986-2016 by Cisco Systems, Inc.
Compiled Thu 02-Jun-16 01:31 by prod_rel_team

advertisement version: 2
Protocol Hello:  OUI=0x00000C, Protocol ID=0x0112; payload len=27, value=00000000FFFFFFFF010225010000000000000038DF8AB680FF0000
VTP Management Domain: ''
Native VLAN: 666
Duplex: full
Management address(es): 
  IP address: 172.29.10.28

-------------------------
Device ID: 4th_nt_sw01.mongeneral.com
Entry address(es): 
  IP address: 172.29.10.23
Platform: cisco WS-C2960X-48FPD-L,  Capabilities: Switch IGMP 
Interface: TenGigabitEthernet1/0/14,  Port ID (outgoing port): TenGigabitEthernet1/0/1
Holdtime : 132 sec

Version :
Cisco IOS Software, C2960X Software (C2960X-UNIVERSALK9-M), Version 15.2(2)E5, RELEASE SOFTWARE (fc2)
Technical Support: http://www.cisco.com/techsupport
Copyright (c) 1986-2016 by Cisco Systems, Inc.
Compiled Thu 02-Jun-16 01:31 by prod_rel_team

advertisement version: 2
Protocol Hello:  OUI=0x00000C, Protocol ID=0x0112; payload len=27, value=00000000FFFFFFFF010225010000000000000038DF875E00FF0000
VTP Management Domain: ''
Native VLAN: 666
Duplex: full
Management address(es): 
  IP address: 172.29.10.23

-------------------------
Device ID: 4th_nt_sw01.mongeneral.com
Entry address(es): 
  IP address: 172.29.10.23
Platform: cisco WS-C2960X-48FPD-L,  Capabilities: Switch IGMP 
Interface: TenGigabitEthernet2/0/14,  Port ID (outgoing port): TenGigabitEthernet2/0/1
Holdtime : 126 sec

Version :
Cisco IOS Software, C2960X Software (C2960X-UNIVERSALK9-M), Version 15.2(2)E5, RELEASE SOFTWARE (fc2)
Technical Support: http://www.cisco.com/techsupport
Copyright (c) 1986-2016 by Cisco Systems, Inc.
Compiled Thu 02-Jun-16 01:31 by prod_rel_team

advertisement version: 2
Protocol Hello:  OUI=0x00000C, Protocol ID=0x0112; payload len=27, value=00000000FFFFFFFF010225010000000000000038DF875E00FF0000
VTP Management Domain: ''
Native VLAN: 666
Duplex: full
Management address(es): 
  IP address: 172.29.10.23

-------------------------
Device ID: 1st_conf_sw01.mongeneral.com
Entry address(es): 
  IP address: 172.29.10.28
Platform: cisco WS-C2960X-48FPD-L,  Capabilities: Switch IGMP 
Interface: TenGigabitEthernet1/0/18,  Port ID (outgoing port): TenGigabitEthernet1/0/1
Holdtime : 179 sec

Version :
Cisco IOS Software, C2960X Software (C2960X-UNIVERSALK9-M), Version 15.2(2)E5, RELEASE SOFTWARE (fc2)
Technical Support: http://www.cisco.com/techsupport
Copyright (c) 1986-2016 by Cisco Systems, Inc.
Compiled Thu 02-Jun-16 01:31 by prod_rel_team

advertisement version: 2
Protocol Hello:  OUI=0x00000C, Protocol ID=0x0112; payload len=27, value=00000000FFFFFFFF010225010000000000000038DF8AB680FF0000
VTP Management Domain: ''
Native VLAN: 666
Duplex: full
Management address(es): 
  IP address: 172.29.10.28

-------------------------
Device ID: 1st_st_sw02.mongeneral.com
Entry address(es): 
  IP address: 172.29.10.11
Platform: cisco WS-C2960X-48FPD-L,  Capabilities: Switch IGMP 
Interface: TenGigabitEthernet2/0/2,  Port ID (outgoing port): TenGigabitEthernet2/0/1
Holdtime : 128 sec

Version :
Cisco IOS Software, C2960X Software (C2960X-UNIVERSALK9-M), Version 15.2(2)E5, RELEASE SOFTWARE (fc2)
Technical Support: http://www.cisco.com/techsupport
Copyright (c) 1986-2016 by Cisco Systems, Inc.
Compiled Thu 02-Jun-16 01:31 by prod_rel_team

advertisement version: 2
Protocol Hello:  OUI=0x00000C, Protocol ID=0x0112; payload len=27, value=00000000FFFFFFFF010225010000000000000038DF790600FF0000
VTP Management Domain: ''
Native VLAN: 666
Duplex: full
Management address(es): 
  IP address: 172.29.10.11

-------------------------
Device ID: 1st_st_sw02.mongeneral.com
Entry address(es): 
  IP address: 172.29.10.11
Platform: cisco WS-C2960X-48FPD-L,  Capabilities: Switch IGMP 
Interface: TenGigabitEthernet1/0/2,  Port ID (outgoing port): TenGigabitEthernet1/0/1
Holdtime : 173 sec

Version :
Cisco IOS Software, C2960X Software (C2960X-UNIVERSALK9-M), Version 15.2(2)E5, RELEASE SOFTWARE (fc2)
Technical Support: http://www.cisco.com/techsupport
Copyright (c) 1986-2016 by Cisco Systems, Inc.
Compiled Thu 02-Jun-16 01:31 by prod_rel_team

advertisement version: 2
Protocol Hello:  OUI=0x00000C, Protocol ID=0x0112; payload len=27, value=00000000FFFFFFFF010225010000000000000038DF790600FF0000
VTP Management Domain: ''
Native VLAN: 666
Duplex: full
Management address(es): 
  IP address: 172.29.10.11

-------------------------
Device ID: 5th_nt_sw01.mongeneral.com
Entry address(es): 
  IP address: 172.29.10.24
Platform: cisco WS-C2960X-48FPD-L,  Capabilities: Switch IGMP 
Interface: TenGigabitEthernet2/0/15,  Port ID (outgoing port): TenGigabitEthernet2/0/1
Holdtime : 146 sec

Version :
Cisco IOS Software, C2960X Software (C2960X-UNIVERSALK9-M), Version 15.2(2)E5, RELEASE SOFTWARE (fc2)
Technical Support: http://www.cisco.com/techsupport
Copyright (c) 1986-2016 by Cisco Systems, Inc.
Compiled Thu 02-Jun-16 01:31 by prod_rel_team

advertisement version: 2
Protocol Hello:  OUI=0x00000C, Protocol ID=0x0112; payload len=27, value=00000000FFFFFFFF010225010000000000000038DF8AE080FF0000
VTP Management Domain: ''
Native VLAN: 666
Duplex: full
Management address(es): 
  IP address: 172.29.10.24

-------------------------
Device ID: 5th_nt_sw01.mongeneral.com
Entry address(es): 
  IP address: 172.29.10.24
Platform: cisco WS-C2960X-48FPD-L,  Capabilities: Switch IGMP 
Interface: TenGigabitEthernet1/0/15,  Port ID (outgoing port): TenGigabitEthernet1/0/1
Holdtime : 170 sec

Version :
Cisco IOS Software, C2960X Software (C2960X-UNIVERSALK9-M), Version 15.2(2)E5, RELEASE SOFTWARE (fc2)
Technical Support: http://www.cisco.com/techsupport
Copyright (c) 1986-2016 by Cisco Systems, Inc.
Compiled Thu 02-Jun-16 01:31 by prod_rel_team

advertisement version: 2
Protocol Hello:  OUI=0x00000C, Protocol ID=0x0112; payload len=27, value=00000000FFFFFFFF010225010000000000000038DF8AE080FF0000
VTP Management Domain: ''
Native VLAN: 666
Duplex: full
Management address(es): 
  IP address: 172.29.10.24

-------------------------
Device ID: 6th_nt_sw01.mongeneral.com
Entry address(es): 
  IP address: 172.29.10.26
Platform: cisco WS-C2960X-48FPD-L,  Capabilities: Switch IGMP 
Interface: TenGigabitEthernet2/0/17,  Port ID (outgoing port): TenGigabitEthernet2/0/2
Holdtime : 143 sec

Version :
Cisco IOS Software, C2960X Software (C2960X-UNIVERSALK9-M), Version 15.2(2)E5, RELEASE SOFTWARE (fc2)
Technical Support: http://www.cisco.com/techsupport
Copyright (c) 1986-2016 by Cisco Systems, Inc.
Compiled Thu 02-Jun-16 01:31 by prod_rel_team

advertisement version: 2
Protocol Hello:  OUI=0x00000C, Protocol ID=0x0112; payload len=27, value=00000000FFFFFFFF010225010000000000000038DF86E980FF0000
VTP Management Domain: ''
Native VLAN: 666
Duplex: full
Management address(es): 
  IP address: 172.29.10.26

-------------------------
Device ID: 5th_nt_sw02.mongeneral.com
Entry address(es): 
  IP address: 172.29.10.25
Platform: cisco WS-C2960X-48FPD-L,  Capabilities: Switch IGMP 
Interface: TenGigabitEthernet1/0/16,  Port ID (outgoing port): TenGigabitEthernet1/0/1
Holdtime : 149 sec

Version :
Cisco IOS Software, C2960X Software (C2960X-UNIVERSALK9-M), Version 15.2(2)E5, RELEASE SOFTWARE (fc2)
Technical Support: http://www.cisco.com/techsupport
Copyright (c) 1986-2016 by Cisco Systems, Inc.
Compiled Thu 02-Jun-16 01:31 by prod_rel_team

advertisement version: 2
Protocol Hello:  OUI=0x00000C, Protocol ID=0x0112; payload len=27, value=00000000FFFFFFFF010225010000000000000038DF0FAB00FF0000
VTP Management Domain: ''
Native VLAN: 666
Duplex: full
Management address(es): 
  IP address: 172.29.10.25

-------------------------
Device ID: 6th_nt_sw01.mongeneral.com
Entry address(es): 
  IP address: 172.29.10.26
Platform: cisco WS-C2960X-48FPD-L,  Capabilities: Switch IGMP 
Interface: TenGigabitEthernet1/0/17,  Port ID (outgoing port): TenGigabitEthernet1/0/1
Holdtime : 179 sec

Version :
Cisco IOS Software, C2960X Software (C2960X-UNIVERSALK9-M), Version 15.2(2)E5, RELEASE SOFTWARE (fc2)
Technical Support: http://www.cisco.com/techsupport
Copyright (c) 1986-2016 by Cisco Systems, Inc.
Compiled Thu 02-Jun-16 01:31 by prod_rel_team

advertisement version: 2
Protocol Hello:  OUI=0x00000C, Protocol ID=0x0112; payload len=27, value=00000000FFFFFFFF010225010000000000000038DF86E980FF0000
VTP Management Domain: ''
Native VLAN: 666
Duplex: full
Management address(es): 
  IP address: 172.29.10.26

-------------------------
Device ID: 5th_nt_sw02.mongeneral.com
Entry address(es): 
  IP address: 172.29.10.25
Platform: cisco WS-C2960X-48FPD-L,  Capabilities: Switch IGMP 
Interface: TenGigabitEthernet2/0/16,  Port ID (outgoing port): TenGigabitEthernet2/0/1
Holdtime : 139 sec

Version :
Cisco IOS Software, C2960X Software (C2960X-UNIVERSALK9-M), Version 15.2(2)E5, RELEASE SOFTWARE (fc2)
Technical Support: http://www.cisco.com/techsupport
Copyright (c) 1986-2016 by Cisco Systems, Inc.
Compiled Thu 02-Jun-16 01:31 by prod_rel_team

advertisement version: 2
Protocol Hello:  OUI=0x00000C, Protocol ID=0x0112; payload len=27, value=00000000FFFFFFFF010225010000000000000038DF0FAB00FF0000
VTP Management Domain: ''
Native VLAN: 666
Duplex: full
Management address(es): 
  IP address: 172.29.10.25

-------------------------
Device ID: 1st_st_sw01.mongeneral.com
Entry address(es): 
  IP address: 172.29.10.10
Platform: cisco WS-C2960X-48FPD-L,  Capabilities: Switch IGMP 
Interface: TenGigabitEthernet2/0/1,  Port ID (outgoing port): TenGigabitEthernet2/0/1
Holdtime : 155 sec

Version :
Cisco IOS Software, C2960X Software (C2960X-UNIVERSALK9-M), Version 15.2(2)E5, RELEASE SOFTWARE (fc2)
Technical Support: http://www.cisco.com/techsupport
Copyright (c) 1986-2016 by Cisco Systems, Inc.
Compiled Thu 02-Jun-16 01:31 by prod_rel_team

advertisement version: 2
Protocol Hello:  OUI=0x00000C, Protocol ID=0x0112; payload len=27, value=00000000FFFFFFFF010225010000000000000038DF86E780FF0000
VTP Management Domain: ''
Native VLAN: 666
Duplex: full
Management address(es): 
  IP address: 172.29.10.10

-------------------------
Device ID: 1st_st_sw01.mongeneral.com
Entry address(es): 
  IP address: 172.29.10.10
Platform: cisco WS-C2960X-48FPD-L,  Capabilities: Switch IGMP 
Interface: TenGigabitEthernet1/0/1,  Port ID (outgoing port): TenGigabitEthernet1/0/1
Holdtime : 171 sec

Version :
Cisco IOS Software, C2960X Software (C2960X-UNIVERSALK9-M), Version 15.2(2)E5, RELEASE SOFTWARE (fc2)
Technical Support: http://www.cisco.com/techsupport
Copyright (c) 1986-2016 by Cisco Systems, Inc.
Compiled Thu 02-Jun-16 01:31 by prod_rel_team

advertisement version: 2
Protocol Hello:  OUI=0x00000C, Protocol ID=0x0112; payload len=27, value=00000000FFFFFFFF010225010000000000000038DF86E780FF0000
VTP Management Domain: ''
Native VLAN: 6
DEBUG:netmiko:read_channel: 66
Duplex: full
Management address(es): 
  IP address: 172.29.10.10

-------------------------
Device ID: 5th_st_sw01.mongeneral.com
Entry address(es): 
  IP address: 172.29.10.16
Platform: cisco WS-C2960X-48FPD-L,  Capabilities: Switch IGMP 
Interface: TenGigabitEthernet2/0/7,  Port ID (outgoing port): TenGigabitEthernet2/0/1
Holdtime : 144 sec

Version :
Cisco IOS Software, C2960X Software (C2960X-UNIVERSALK9-M), Version 15.2(2)E5, RELEASE SOFTWARE (fc2)
Technical Support: http://www.cisco.com/techsupport
Copyright (c) 1986-2016 by Cisco Systems, Inc.
Compiled Thu 02-Jun-16 01:31 by prod_rel_team

advertisement version: 2
Protocol Hello:  OUI=0x00000C, Protocol ID=0x0112; payload len=27, value=00000000FFFFFFFF010225010000000000000038DF8AC580FF0000
VTP Management Domain: ''
Native VLAN: 666
Duplex: full
Management address(es): 
  IP address: 172.29.10.16

-------------------------
Device ID: 5th_st_sw01.mongeneral.com
Entry address(es): 
  IP address: 172.29.10.16
Platform: cisco WS-C2960X-48FPD-L,  Capabilities: Switch IGMP 
Interface: TenGigabitEthernet1/0/7,  Port ID (outgoing port): TenGigabitEthernet1/0/1
Holdtime : 150 sec

Version :
Cisco IOS Software, C2960X Software (C2960X-UNIVERSALK9-M), Version 15.2(2)E5, RELEASE SOFTWARE (fc2)
Technical Support: http://www.cisco.com/techsupport
Copyright (c) 1986-2016 by Cisco Systems, Inc.
Compiled Thu 02-Jun-16 01:31 by prod_rel_team

advertisement version: 2
Protocol Hello:  OUI=0x00000C, Protocol ID=0x0112; payload len=27, value=00000000FFFFFFFF010225010000000000000038DF8AC580FF0000
VTP Management Domain: ''
Native VLAN: 666
Duplex: full
Management address(es): 
  IP address: 172.29.10.16

-------------------------
Device ID: 4th_st_sw01.mongeneral.com
Entry address(es): 
  IP address: 172.29.10.15
Platform: cisco WS-C2960X-48FPD-L,  Capabilities: Switch IGMP 
Interface: TenGigabitEthernet2/0/6,  Port ID (outgoing port): TenGigabitEthernet2/0/1
Holdtime : 134 sec

Version :
Cisco IOS Software, C2960X Software (C2960X-UNIVERSALK9-M), Version 15.2(2)E5, RELEASE SOFTWARE (fc2)
Technical Support: http://www.cisco.com/techsupport
Copyright (c) 1986-2016 by Cisco Systems, Inc.
Compiled Thu 02-Jun-16 01:31 by prod_rel_team

advertisement version: 2
Protocol Hello:  OUI=0x00000C, Protocol ID=0x0112; payload len=27, value=00000000FFFFFFFF010225010000000000000038DF876500FF0000
VTP Management Domain: ''
Native VLAN: 666
Duplex: full
Management address(es): 
  IP address: 172.29.10.15

-------------------------
Device ID: 4th_st_sw01.mongeneral.com
Entry address(es): 
  IP address: 172.29.10.15
Platform: cisco WS-C2960X-48FPD-L,  Capabilities: Switch IGMP 
Interface: TenGigabitEthernet1/0/6,  Port ID (outgoing port): TenGigabitEthernet1/0/1
Holdtime : 176 sec

Version :
Cisco IOS Software, C2960X Software (C2960X-UNIVERSALK9-M), Version 15.2(2)E5, RELEASE SOFTWARE (fc2)
Technical Support: http://www.cisco.com/techsupport
Copyright (c) 1986-2016 by Cisco Systems, Inc.
Compiled Thu 02-Jun-16 01:31 by prod_rel_team

advertisement version: 2
Protocol Hello:  OUI=0x00000C, Protocol ID=0x0112; payload len=27, value=00000000FFFFFFFF010225010000000000000038DF876500FF0000
VTP Management Domain: ''
Native VLAN: 666
Duplex: full
Management address(es): 
  IP address: 172.29.10.15

-------------------------
Device ID: 1st_nt_sw01.mongeneral.com
Entry address(es): 
  IP address: 172.29.10.17
Platform: cisco WS-C2960X-48FPD-L,  Capabilities: Switch IGMP 
Interface: TenGigabitEthernet2/0/8,  Port ID (outgoing port): TenGigabitEthernet2/0/1
Holdtime : 162 sec

Version :
Cisco IOS Software, C2960X Software (C2960X-UNIVERSALK9-M), Version 15.2(2)E5, RELEASE SOFTWARE (fc2)
Technical Support: http://www.cisco.com/techsupport
Copyright (c) 1986-2016 by Cisco Systems, Inc.
Compiled Thu 02-Jun-16 01:31 by prod_rel_team

advertisement version: 2
Protocol Hello:  OUI=0x00000C, Protocol ID=0x0112; payload len=27, value=00000000FFFFFFFF010225010000000000000038DF0FAA00FF0000
VTP Management Domain: ''
Native VLAN: 666
Duplex: full
Management address(es): 
  IP address: 172.29.10.17

-------------------------
Device ID: 1st_nt_sw01.mongeneral.com
Entry address(es): 
  IP address: 172.29.10.17
Platform: cisco WS-C2960X-48FPD-L,  Capabilities: Switch IGMP 
Interface: TenGigabitEthernet1/0/8,  Port ID (outgoing port): TenGigabitEthernet1/0/1
Holdtime : 164 sec

Version :
Cisco IOS Software, C2960X Software (C2960X-UNIVERSALK9-M), Version 15.2(2)E5, RELEASE SOFTWARE (fc2)
Technical Support: http://www.cisco.com/techsupport
Copyright (c) 1986-2016 by Cisco Systems, Inc.
Compiled Thu 02-Jun-16 01:31 by prod_rel_team

advertisement version: 2
Protocol Hello:  OUI=0x00000C, Protocol ID=0x0112; payload len=27, value=00000000FFFFFFFF010225010000000000000038DF0FAA00FF0000
VTP Management Domain: ''
Native VLAN: 666
Duplex: full
Management address(es): 
  IP address: 172.29.10.17

-------------------------
Device ID: 2nd_nt_sw01.mongeneral.com
Entry address(es): 
  IP address: 172.29.10.18
Platform: cisco WS-C2960X-24PS-L,  Capabilities: Switch IGMP 
Interface: TenGigabitEthernet2/0/9,  Port ID (outgoing port): TenGigabitEthernet2/0/1
Holdtime : 133 sec

Version :
Cisco IOS Software, C2960X Software (C2960X-UNIVERSALK9-M), Version 15.2(2)E5, RELEASE SOFTWARE (fc2)
Technical Support: http://www.cisco.com/techsupport
Copyright (c) 1986-2016 by Cisco Systems, Inc.
Compiled Thu 02-Jun-16 01:31 by prod_rel_team

advertisement version: 2
Protocol Hello:  OUI=0x00000C, Protocol ID=0x0112; payload len=27, value=00000000FFFFFFFF010225010000000000002C0BE9784300FF0000
VTP Management Domain: ''
Native VLAN: 666
Duplex: full
Management address(es): 
  IP address: 172.29.10.18

-------------------------
Device ID: 2nd_nt_sw01.mongeneral.com
Entry address(es): 
  IP address: 172.29.10.18
Platform: cisco WS-C2960X-24PS-L,  Capabilities: Switch IGMP 
Interface: TenGigabitEthernet1/0/9,  Port ID (outgoing port): TenGigabitEthernet1/0/1
Holdtime : 159 sec

Version :
Cisco IOS Software, C2960X Software (C2960X-UNIVERSALK9-M), Version 15.2(2)E5, RELEASE SOFTWARE (fc2)
Technical Support: http://www.cisco.com/techsupport
Copyright (c) 1986-2016 by Cisco Systems, Inc.
Compiled Thu 02-Jun-16 01:31 by prod_rel_team

advertisement version: 2
Protocol Hello:  OUI=0x00000C, Protocol ID=0x0112; payload len=27, value=00000000FFFFFFFF010225010000000000002C0BE9784300FF0000
VTP Management Domain: ''
Native VLAN: 666
Duplex: full
Management address(es): 
  IP address: 172.29.10.18

-------------------------
Device ID: 3rd_st_sw01.mongeneral.com
Entry address(es): 
  IP address: 172.29.10.13
Platform: cisco WS-C2960X-48FPD-L,  Capabilities: Switch IGMP 
Interface: TenGigabitEthernet2/0/4,  Port ID (outgoing port): TenGigabitEthernet2/0/1
Holdtime : 165 sec

Version :
Cisco IOS Software, C2960X Software (C2960X-UNIVERSALK9-M), Version 15.2(2)E5, RELEASE SOFTWARE (fc2)
Technical Support: http://www.cisco.com/techsupport
Copyright (c) 1986-2016 by Cisco Systems, Inc.
Compiled Thu 02-Jun-16 01:31 by prod_rel_team

advertisement version: 2
Protocol Hello:  OUI=0x00000C, Protocol ID=0x0112; payload len=27, value=00000000FFFFFFFF010225010000000000000038DF790280FF0000
VTP Management Domain: ''
Native VLAN: 666
Duplex: full
Management address(es): 
  IP address: 172.29.10.13

-------------------------
Device ID: 3rd_st_sw01.mongeneral.com
Entry address(es): 
  IP address: 172.29.10.13
Platform: cisco WS-C2960X-48FPD-L,  Capabilities: Switch IGMP 
Interface: TenGigabitEthernet1/0/4,  Port ID (outgoing port): TenGigabitEthernet1/0/1
Holdtime : 126 sec

Version :
Cisco IOS Software, C2960X Software (C2960X-UNIVERSALK9-M), Version 15.2(2)E5, RELEASE SOFTWARE (fc2)
Technical Support: http://www.cisco.com/techsupport
Copyright (c) 1986-2016 by Cisco Systems, Inc.
Compiled Thu 02-Jun-16 01:31 by prod_rel_team

advertisement version: 2
Protocol Hello:  OUI=0x00000C, Protocol ID=0x0112; payload len=27, value=00000000FFFFFFFF010225010000000000000038DF790280FF0000
VTP Management Domain: ''
Native VLAN: 666
Duplex: full
Management address(es): 
  IP address: 172.29.10.13

-------------------------
Device ID: 2nd_nt_sw03.mongeneral.com
Entry address(es): 
  IP address: 172.29.10.20
Platform: cisco WS-C2960X-48FPD-L,  Capabilities: Switch IGMP 
Interface: TenGigabitEthernet1/0/11,  Port ID (outgoing port): TenGigabitEthernet1/0/1
Holdtime : 139 sec

Version :
Cisco IOS Software, C2960X Software (C2960X-UNIVERSALK9-M), Version 15.2(2)E5, RELEASE SOFTWARE (fc2)
Technical Support: http://www.cisco.com/techsupport
Copyright (c) 1986-2016 by Cisco Systems, Inc.
Compiled Thu 02-Jun-16 01:31 by prod_rel_team

advertisement version: 2
Protocol Hello:  OUI=0x00000C, Protocol ID=0x0112; payload len=27, value=00000000FFFFFFFF010225010000000000000038DF0F4900FF0000
VTP Management Domain: ''
Native VLAN: 666
Duplex: full
Management address(es): 
  IP address: 172.29.10.20

-------------------------
Device ID: 2nd_nt_sw03.mongeneral.com
Entry address(es): 
  IP address: 172.29.10.20
Platform: cisco WS-C2960X-48FPD-L,  Capabilities: Switch IGMP 
Interface: TenGigabitEthernet2/0/11,  Port ID (outgoing port): TenGigabitEthernet2/0/1
Holdtime : 174 sec

Version :
Cisco IOS Software, C2960X Software (C2960X-UNIVERSALK9-M), Version 15.2(2)E5, RELEASE SOFTWARE (fc2)
Technical Support: http://www.cisco.com/techsupport
Copyright (c) 1986-2016 by Cisco Systems, Inc.
Compiled Thu 02-Jun-16 01:31 by prod_rel_team

advertisement version: 2
Protocol Hello:  OUI=0x00000C, Protocol ID=0x0112; payload len=27, value=00000000FFFFFFFF010225010000000000000038DF0F4900FF0000
VTP Management Domain: ''
Native VLAN: 666
Duplex: full
Management address(es): 
  IP address: 172.29.10.20

-------------------------
Device ID: 3rd_st_sw02.mongeneral.com
Entry address(es): 
  IP address: 172.29.10.14
Platform: cisco WS-C2960X-48FPD-L,  Capabilities: Switch IGMP 
Interface: TenGigabitEthernet1/0/5,  Port ID (outgoing port): TenGigabitEthernet1/0/1
Holdtime : 143 sec

Version :
Cisco IOS Software, C2960X Software (C2960X-UNIVERSALK9-M), Version 15.2(2)E6, RELEASE SOFTWARE (fc1)
Technical Support: http://www.cisco.com/techsupport
Copyright (c) 1986-2016 by Cisco Systems, Inc.
Compiled Fri 16-Dec-16 21:27 by prod_rel_team

advertisement version: 2
Protocol Hello:  OUI=0x00000C, Protocol ID=0x0112; payload len=27, value=00000000FFFFFFFF0102250100000000000000C1B1B8BC80FF0000
VTP Management Domain: ''
Native VLAN: 666
Duplex: full
Management address(es): 
  IP address: 172.29.10.14

-------------------------
Device ID: 2nd_nt_sw02.mongeneral.com
Entry address(es): 
  IP address: 172.29.10.19
Platform: cisco WS-C2960X-48FPD-L,  Capabilities: Switch IGMP 
Interface: TenGigabitEthernet2/0/10,  Port ID (outgoing port): TenGigabitEthernet2/0/1
Holdtime : 149 sec

Version :
Cisco IOS Software, C2960X Software (C2960X-UNIVERSALK9-M), Version 15.2(2)E5, RELEASE SOFTWARE (fc2)
Technical Support: http://www.cisco.com/techsupport
Copyright (c) 1986-2016 by Cisco Systems, Inc.
Compiled Thu 02-Jun-16 01:31 by prod_rel_team

advertisement version: 2
Protocol Hello:  OUI=0x00000C, Protocol ID=0x0112; payload len=27, value=00000000FFFFFFFF010225010000000000000038DF8ACD80FF0000
VTP Management Domain: ''
Native VLAN: 666
Duplex: full
Management address(es): 
  IP address: 172.29.10.19

-------------------------
Device ID: 3rd_st_sw02.mongeneral.com
Entry address(es): 
  IP address: 172.29.10.14
Platform: cisco WS-C2960X-48FPD-L,  Capabilities: Switch IGMP 
Interface: TenGigabitEthernet2/0/5,  Port ID (outgoing port): TenGigabitEthernet2/0/1
Holdtime : 166 sec

Version :
Cisco IOS Software, C2960X Software (C2960X-UNIVERSALK9-M), Version 15.2(2)E6, RELEASE SOFTWARE (fc1)
Technical Support: http://www.cisco.com/techsupport
Copyright (c) 1986-2016 by Cisco Systems, Inc.
Compiled Fri 16-Dec-16 21:27 by prod_rel_team

advertisement version: 2
Protocol Hello:  OUI=0x00000C, Protocol ID=0x0112; payload len=27, value=00000000FFFFFFFF0102250100000000000000C1B1B8BC80FF0000
VTP Management Domain: ''
Native VLAN: 666
Duplex: full
Management address(es): 
  IP address: 172.29.10.14

-------------------------
Device ID: 2nd_nt_sw02.mongeneral.com
Entry address(es): 
  IP address: 172.29.10.19
Platform: cisco WS-C2960X-48FPD-L,  Capabilities: Switch IGMP 
Interface: TenGigabitEthernet1/0/10,  Port ID (outgoing port): TenGigabitEthernet1/0/1
Holdtime : 177 sec

Version :
Cisco IOS Software, C2960X Software (C2960X-UNIVERSALK9-M), Version 15.2(2)E5, RELEASE SOFTWARE (fc2)
Technical Support: http://www.cisco.com/techsupport
Copyright (c) 1986-2016 by Cisco Systems, Inc.
Compiled Thu 02-Jun-16 01:31 by prod_rel_team

advertisement version: 2
Protocol Hello:  OUI=0x00000C, Protocol ID=0x0112; payload len=27, value=00000000FFFFFFFF010225010000000000000038DF8ACD80FF0000
VTP Management Domain: ''
Native VLAN: 666
Duplex: full
Management address(es): 
  IP address: 172.29.10.19

-------------------------
Device ID: MGH1A-CORE.mongeneral.com
Entry address(es): 
  IP address: 172.26.2.122
Platform: cisco WS-C4507R+E,  Capabilities: Switch IGMP 
Interface: TenGigabitEthernet2/0/24,  Port ID (outgoing port): TenGigabitEthernet4/1
Holdtime : 162 sec

Version :
Cisco IOS Software, Catalyst 4500 L3 Switch Software (cat4500e-IPBASEK9-M), Version 15.0(2)SG2, RELEASE SOFTWARE (fc3)
Technical Support: http://www.cisco.com/techsupport
Copyright (c) 1986-2011 by Cisco Systems, Inc.
Compiled Wed 07-Dec-11 20:20 by prod_rel_team

advertisement version: 2
VTP Management Domain: 'MonGen'
Native VLAN: 666
Duplex: full
Management address(es): 
  IP address: 172.26.2.122

-------------------------
Device ID: MGH1A-CORE.mongeneral.com
Entry address(es): 
  IP address: 172.26.2.122
Platform: cisco WS-C4507R+E,  Capabilities: Switch IGMP 
Interface: TenGigabitEthernet1/0/24,  Port ID (outgoing port): TenGigabitEthernet3/1
Holdtime : 162 sec

Version :
Cisco IOS Software, Catalyst 4500 L3 Switch Software (cat4500e-IPBASEK9-M), Version 15.0(2)SG2, RELEASE SOFTWARE (fc3)
Technical Support: http://www.cisco.com/techsupport
Copyright (c) 1986-2011 by Cisco Systems, Inc.
Compiled Wed 07-Dec-11 20:20 by prod_rel_team

advertisement version: 2
VTP Management Domain: 'MonGen'
Native VLAN: 666
Duplex: full
Management address(es): 
  IP address: 172.26.2.122


Total cdp entries displayed : 38
1ST_NT_MDF_SW01#
DEBUG:paramiko.transport:starting thread (client mode): 0xd2dac3d0
DEBUG:paramiko.transport:Local version/idstring: SSH-2.0-paramiko_2.7.1
DEBUG:paramiko.transport:Remote version/idstring: SSH-2.0-Cisco-1.25
INFO:paramiko.transport:Connected (version 2.0, client Cisco-1.25)
DEBUG:paramiko.transport:kex algos:['diffie-hellman-group-exchange-sha1', 'diffie-hellman-group14-sha1', 'diffie-hellman-group1-sha1'] server key:['ssh-rsa'] client encrypt:['aes128-ctr', 'aes192-ctr', 'aes256-ctr', 'aes128-cbc', '3des-cbc', 'aes192-cbc', 'aes256-cbc'] server encrypt:['aes128-ctr', 'aes192-ctr', 'aes256-ctr', 'aes128-cbc', '3des-cbc', 'aes192-cbc', 'aes256-cbc'] client mac:['hmac-sha1', 'hmac-sha1-96'] server mac:['hmac-sha1', 'hmac-sha1-96'] client compress:['none'] server compress:['none'] client lang:[''] server lang:[''] kex follows?False
DEBUG:paramiko.transport:Kex agreed: diffie-hellman-group-exchange-sha1
DEBUG:paramiko.transport:HostKey agreed: ssh-rsa
DEBUG:paramiko.transport:Cipher agreed: aes128-ctr
DEBUG:paramiko.transport:MAC agreed: hmac-sha1
DEBUG:paramiko.transport:Compression agreed: none
DEBUG:paramiko.transport:Got server p (2048 bits)
DEBUG:paramiko.transport:kex engine KexGex specified hash_algo <built-in function openssl_sha1>
DEBUG:paramiko.transport:Switch to new keys ...
DEBUG:paramiko.transport:Adding ssh-rsa host key for 1st_nt_mdf_sw01.mhs.org: b'dff1cc3dbc8e67a39efef4da8ecb0472'
DEBUG:paramiko.transport:userauth is OK
INFO:paramiko.transport:Authentication (password) successful!
DEBUG:paramiko.transport:[chan 0] Max packet in: 32768 bytes
DEBUG:paramiko.transport:[chan 0] Max packet out: 4096 bytes
DEBUG:paramiko.transport:Secsh channel 0 opened.
DEBUG:paramiko.transport:[chan 0] Sesch channel 0 request ok
DEBUG:paramiko.transport:[chan 0] Sesch channel 0 request ok
DEBUG:netmiko:read_channel: 
------------------------------------------------------------------------------------
WARNING:


This system is for the use of authorized clients only. Individuals using the
computer network system without authorization, or in excess of their authorization,
are subject to having all their activity on this computer network system monitored
and recorded by system personnel.  To protect the computer network system from
unauthorized use and to ensure the computer network system is functioning properly,
system administrators monitor this system.  Anyone using this computer network
system expressly consents to such monitoring and is advised that if such monitoring
reveals possible conduct of criminal activity, system personnel may provide the
evidence of such activity to law enforcement officers.

Access is restricted to authorized users only.

Unauthorized access is a violation of state and federal, civil and criminal laws.
------------------------------------------------------------------------------------

1ST_NT_MDF_SW01>
DEBUG:netmiko:read_channel: 
DEBUG:netmiko:read_channel: 
DEBUG:netmiko:read_channel: 
DEBUG:netmiko:write_channel: b'\n'
DEBUG:netmiko:read_channel: 
DEBUG:netmiko:read_channel: 
DEBUG:netmiko:write_channel: b'\n'
DEBUG:netmiko:read_channel: 
1ST_NT_MDF_SW01>
DEBUG:netmiko:read_channel: 
1ST_NT_MDF_SW01>
DEBUG:netmiko:Clear buffer detects data in the channel
DEBUG:netmiko:read_channel: 
DEBUG:netmiko:[find_prompt()]: prompt is 1ST_NT_MDF_SW01>
DEBUG:netmiko:read_channel: 
DEBUG:netmiko:In disable_paging
DEBUG:netmiko:Command: terminal length 0

DEBUG:netmiko:write_channel: b'terminal length 0\n'
DEBUG:netmiko:Pattern is: terminal\ length\ 0
DEBUG:netmiko:_read_channel_expect read_data: t
DEBUG:netmiko:_read_channel_expect read_data: er
DEBUG:netmiko:_read_channel_expect read_data: mi
DEBUG:netmiko:_read_channel_expect read_data: na
DEBUG:netmiko:_read_channel_expect read_data: l
DEBUG:netmiko:_read_channel_expect read_data:  l
DEBUG:netmiko:_read_channel_expect read_data: en
DEBUG:netmiko:_read_channel_expect read_data: gt
DEBUG:netmiko:_read_channel_expect read_data: h 
DEBUG:netmiko:_read_channel_expect read_data: 0

DEBUG:netmiko:Pattern found: terminal\ length\ 0 terminal length 0

DEBUG:netmiko:terminal length 0

DEBUG:netmiko:Exiting disable_paging
DEBUG:netmiko:write_channel: b'terminal width 511\n'
DEBUG:netmiko:Pattern is: terminal\ width\ 511
DEBUG:netmiko:_read_channel_expect read_data: 1ST_NT_MDF_SW01>
DEBUG:netmiko:_read_channel_expect read_data: t
DEBUG:netmiko:_read_channel_expect read_data: e
DEBUG:netmiko:_read_channel_expect read_data: rm
DEBUG:netmiko:_read_channel_expect read_data: in
DEBUG:netmiko:_read_channel_expect read_data: al
DEBUG:netmiko:_read_channel_expect read_data:  w
DEBUG:netmiko:_read_channel_expect read_data: id
DEBUG:netmiko:_read_channel_expect read_data: th
DEBUG:netmiko:_read_channel_expect read_data:  51
DEBUG:netmiko:_read_channel_expect read_data: 1
DEBUG:netmiko:Pattern found: terminal\ width\ 511 1ST_NT_MDF_SW01>terminal width 511
DEBUG:netmiko:read_channel: 
1ST_NT_MDF_SW01>
DEBUG:netmiko:Clear buffer detects data in the channel
DEBUG:netmiko:read_channel: 
DEBUG:netmiko:write_channel: b'\n'
DEBUG:netmiko:Pattern is: 1ST_NT_MDF_SW01
DEBUG:netmiko:_read_channel_expect read_data: 

DEBUG:netmiko:_read_channel_expect read_data: 1ST_NT_MDF_SW01>
DEBUG:netmiko:Pattern found: 1ST_NT_MDF_SW01 
1ST_NT_MDF_SW01>
DEBUG:netmiko:write_channel: b'enable\n'
DEBUG:netmiko:Pattern is: (1ST_NT_MDF_SW01|ssword)
DEBUG:netmiko:_read_channel_expect read_data: e
DEBUG:netmiko:_read_channel_expect read_data: n
DEBUG:netmiko:_read_channel_expect read_data: ab
DEBUG:netmiko:_read_channel_expect read_data: le
DEBUG:netmiko:_read_channel_expect read_data: 
Password: 
DEBUG:netmiko:Pattern found: (1ST_NT_MDF_SW01|ssword) enable
Password: 
DEBUG:netmiko:write_channel: b'change-mgh\n'
DEBUG:netmiko:Pattern is: 1ST_NT_MDF_SW01
DEBUG:netmiko:_read_channel_expect read_data: 
1ST_NT_MDF_SW01#
DEBUG:netmiko:Pattern found: 1ST_NT_MDF_SW01 
1ST_NT_MDF_SW01#
DEBUG:netmiko:write_channel: b'\n'
DEBUG:netmiko:Pattern is: 1ST_NT_MDF_SW01
DEBUG:netmiko:_read_channel_expect read_data: 

DEBUG:netmiko:_read_channel_expect read_data: 1ST_NT_MDF_SW01#
DEBUG:netmiko:Pattern found: 1ST_NT_MDF_SW01 
1ST_NT_MDF_SW01#
DEBUG:netmiko:read_channel: 
DEBUG:netmiko:write_channel: b'\n'
DEBUG:netmiko:read_channel: 
DEBUG:netmiko:read_channel: 
DEBUG:netmiko:write_channel: b'\n'
DEBUG:netmiko:read_channel: 
1ST_NT_MDF_SW01#
DEBUG:netmiko:read_channel: 
1ST_NT_MDF_SW01#
DEBUG:netmiko:Clear buffer detects data in the channel
DEBUG:netmiko:read_channel: 
DEBUG:netmiko:[find_prompt()]: prompt is 1ST_NT_MDF_SW01#
DEBUG:netmiko:read_channel: 
DEBUG:netmiko:write_channel: b'sh cdp nei det\n'
DEBUG:netmiko:Pattern is: sh\ cdp\ nei\ det
DEBUG:netmiko:_read_channel_expect read_data: s
DEBUG:netmiko:_read_channel_expect read_data: h 
DEBUG:netmiko:_read_channel_expect read_data: c
DEBUG:netmiko:_read_channel_expect read_data: dp
DEBUG:netmiko:_read_channel_expect read_data:  n
DEBUG:netmiko:_read_channel_expect read_data: ei
DEBUG:netmiko:_read_channel_expect read_data:  d
DEBUG:netmiko:_read_channel_expect read_data: et

DEBUG:netmiko:Pattern found: sh\ cdp\ nei\ det sh cdp nei det

DEBUG:netmiko:read_channel: -------------------------
Device ID: 3rd_nt_sw01.mongeneral.com
Entry address(es): 
  IP address: 172.29.10.21
Platform: cisco WS-C2960X-48FPD-L,  Capabilities: Switch IGMP 
Interface: TenGigabitEthernet2/0/12,  Port ID (outgoing port): TenGigabitEthernet2/0/1
Holdtime : 163 sec

Version :
Cisco IOS Software, C2960X Software (C2960X-UNIVERSALK9-M), Version 15.2(2)E5, RELEASE SOFTWARE (fc2)
Technical Support: http://www.cisco.com/techsupport
Copyright (c) 1986-2016 by Cisco Systems, Inc.
Compiled Thu 02-Jun-16 01:31 by prod_rel_team

advertisement version: 2
Protocol Hello:  OUI=0x00000C, Protocol ID=0x0112; payload len=27, value=00000000FFFFFFFF010225010000000000000038DF86BA00FF0000
VTP Management Domain: ''
Native VLAN: 666
Duplex: full
Management address(es): 
  IP address: 172.29.10.21

-------------------------
Device ID: 3rd_nt_sw01.mongeneral.com
Entry address(es): 
  IP address: 172.29.10.21
Platform: cisco WS-C2960X-48FPD-L,  Capabilities: Switch IGMP 
Interface: TenGigabitEthernet1/0/12,  Port ID (outgoing port): TenGigabitEthernet1/0/1
Holdtime : 150 sec

Version :
Cisco IOS Software, C2960X Software (C2960X-UNIVERSALK9-M), Version 15.2(2)E5, RELEASE SOFTWARE (fc2)
Technical Support: http://www.cisco.com/techsupport
Copyright (c) 1986-2016 by Cisco Systems, Inc.
Compiled Thu 02-Jun-16 01:31 by prod_rel_team

advertisement version: 2
Protocol Hello:  OUI=0x00000C, Protocol ID=0x0112; payload len=27, value=00000000FFFFFFFF010225010000000000000038DF86BA00FF0000
VTP Management Domain: ''
Native VLAN: 666
Duplex: full
Management address(es): 
  IP address: 172.29.10.21

-------------------------
Device ID: 2nd_st_sw01.mongeneral.com
Entry address(es): 
  IP address: 172.29.10.12
Platform: cisco WS-C2960X-48FPD-L,  Capabilities: Switch IGMP 
Interface: TenGigabitEthernet2/0/3,  Port ID (outgoing port): TenGigabitEthernet2/0/1
Holdtime : 132 sec

Version :
Cisco IOS Software, C2960X Software (C2960X-UNIVERSALK9-M), Version 15.2(2)E5, RELEASE SOFTWARE (fc2)
Technical Support: http://www.cisco.com/techsupport
Copyright (c) 1986-2016 by Cisco Systems, Inc.
Compiled Thu 02-Jun-16 01:31 by prod_rel_team

advertisement version: 2
Protocol Hello:  OUI=0x00000C, Protocol ID=0x0112; payload len=27, value=00000000FFFFFFFF010225010000000000000038DF751E00FF0000
VTP Management Domain: ''
Native VLAN: 666
Duplex: full
Management address(es): 
  IP address: 172.29.10.12

-------------------------
Device ID: 2nd_st_sw01.mongeneral.com
Entry address(es): 
  IP address: 172.29.10.12
Platform: cisco WS-C2960X-48FPD-L,  Capabilities: Switch IGMP 
Interface: TenGigabitEthernet1/0/3,  Port ID (outgoing port): TenGigabitEthernet1/0/1
Holdtime : 132 sec

Version :
Cisco IOS Software, C2960X Software (C2960X-UNIVERSALK9-M), Version 15.2(2)E5, RELEASE SOFTWARE (fc2)
Technical Support: http://www.cisco.com/techsupport
Copyright (c) 1986-2016 by Cisco Systems, Inc.
Compiled Thu 02-Jun-16 01:31 by prod_rel_team

advertisement version: 2
Protocol Hello:  OUI=0x00000C, Protocol ID=0x0112; payload len=27, value=00000000FFFFFFFF010225010000000000000038DF751E00FF0000
VTP Management Domain: ''
Native VLAN: 666
Duplex: full
Management address(es): 
  IP address: 172.29.10.12

-------------------------
Device ID: 3rd_nt_sw02.mongeneral.com
Entry address(es): 
  IP address: 172.29.10.22
Platform: cisco WS-C2960X-48FPD-L,  Capabilities: Switch IGMP 
Interface: TenGigabitEthernet1/0/13,  Port ID (outgoing port): TenGigabitEthernet1/0/1
Holdtime : 146 sec

Version :
Cisco IOS Software, C2960X Software (C2960X-UNIVERSALK9-M), Version 15.2(2)E5, RELEASE SOFTWARE (fc2)
Technical Support: http://www.cisco.com/techsupport
Copyright (c) 1986-2016 by Cisco Systems, Inc.
Compiled Thu 02-Jun-16 01:31 by prod_rel_team

advertisement version: 2
Protocol Hello:  OUI=0x00000C, Protocol ID=0x0112; payload len=27, value=00000000FFFFFFFF010225010000000000000038DF0F6A00FF0000
VTP Management Domain: ''
Native VLAN: 666
Duplex: full
Management address(es): 
  IP address: 172.29.10.22

-------------------------
Device ID: 3rd_nt_sw02.mongeneral.com
Entry address(es): 
  IP address: 172.29.10.22
Platform: cisco WS-C2960X-48FPD-L,  Capabilities: Switch IGMP 
Interface: TenGigabitEthernet2/0/13,  Port ID (outgoing port): TenGigabitEthernet2/0/1
Holdtime : 175 sec

Version :
Cisco IOS Software, C2960X Software (C2960X-UNIVERSALK9-M), Version 15.2(2)E5, RELEASE SOFTWARE (fc2)
Technical Support: http://www.cisco.com/techsupport
Copyright (c) 1986-2016 by Cisco Systems, Inc.
Compiled Thu 02-Jun-16 01:31 by prod_rel_team

advertisement version: 2
Protocol Hello:  OUI=0x00000C, Protocol ID=0x0112; payload len=27, value=00000000FFFFFFFF010225010000000000000038DF0F6A00FF0000
VTP Management Domain: ''
Native VLAN: 666
Duplex: full
Management address(es): 
  IP address: 172.29.10.22

-------------------------
Device ID: 1st_conf_sw01.mongeneral.com
Entry address(es): 
  IP address: 172.29.10.28
Platform: cisco WS-C2960X-48FPD-L,  Capabilities: Switch IGMP 
Interface: TenGigabitEthernet2/0/18,  Port ID (outgoing port): TenGigabitEthernet1/0/2
Holdtime : 149 sec

Version :
Cisco IOS Software, C2960X Software (C2960X-UNIVERSALK9-M), Version 15.2(2)E5, RELEASE SOFTWARE (fc2)
Technical Support: http://www.cisco.com/techsupport
Copyright (c) 1986-2016 by Cisco Systems, Inc.
Compiled Thu 02-Jun-16 01:31 by prod_rel_team

advertisement version: 2
Protocol Hello:  OUI=0x00000C, Protocol ID=0x0112; payload len=27, value=00000000FFFFFFFF010225010000000000000038DF8AB680FF0000
VTP Management Domain: ''
Native VLAN: 666
Duplex: full
Management address(es): 
  IP address: 172.29.10.28

-------------------------
Device ID: 4th_nt_sw01.mongeneral.com
Entry address(es): 
  IP address: 172.29.10.23
Platform: cisco WS-C2960X-48FPD-L,  Capabilities: Switch IGMP 
Interface: TenGigabitEthernet1/0/14,  Port ID (outgoing port): TenGigabitEthernet1/0/1
Holdtime : 133 sec

Version :
Cisco IOS Software, C2960X Software (C2960X-UNIVERSALK9-M), Version 15.2(2)E5, RELEASE SOFTWARE (fc2)
Technical Support: http://www.cisco.com/techsupport
Copyright (c) 1986-2016 by Cisco Systems, Inc.
Compiled Thu 02-Jun-16 01:31 by prod_rel_team

advertisement version: 2
Protocol Hello:  OUI=0x00000C, Protocol ID=0x0112; payload len=27, value=00000000FFFFFFFF010225010000000000000038DF875E00FF0000
VTP Management Domain: ''
Native VLAN: 666
Duplex: full
Management address(es): 
  IP address: 172.29.10.23

-------------------------
Device ID: 4th_nt_sw01.mongeneral.com
Entry address(es): 
  IP address: 172.29.10.23
Platform: cisco WS-C2960X-48FPD-L,  Capabilities: Switch IGMP 
Interface: TenGigabitEthernet2/0/14,  Port ID (outgoing port): TenGigabitEthernet2/0/1
Holdtime : 131 sec

Version :
Cisco IOS Software, C2960X Software (C2960X-UNIVERSALK9-M), Version 15.2(2)E5, RELEASE SOFTWARE (fc2)
Technical Support: http://www.cisco.com/techsupport
Copyright (c) 1986-2016 by Cisco Systems, Inc.
Compiled Thu 02-Jun-16 01:31 by prod_rel_team

advertisement version: 2
Protocol Hello:  OUI=0x00000C, Protocol ID=0x0112; payload len=27, value=00000000FFFFFFFF010225010000000000000038DF875E00FF0000
VTP Management Domain: ''
Native VLAN: 666
Duplex: full
Management address(es): 
  IP address: 172.29.10.23

-------------------------
Device ID: 1st_conf_sw01.mongeneral.com
Entry address(es): 
  IP address: 172.29.10.28
Platform: cisco WS-C2960X-48FPD-L,  Capabilities: Switch IGMP 
Interface: TenGigabitEthernet1/0/18,  Port ID (outgoing port): TenGigabitEthernet1/0/1
Holdtime : 179 sec

Version :
Cisco IOS Software, C2960X Software (C2960X-UNIVERSALK9-M), Version 15.2(2)E5, RELEASE SOFTWARE (fc2)
Technical Support: http://www.cisco.com/techsupport
Copyright (c) 1986-2016 by Cisco Systems, Inc.
Compiled Thu 02-Jun-16 01:31 by prod_rel_team

advertisement version: 2
Protocol Hello:  OUI=0x00000C, Protocol ID=0x0112; payload len=27, value=00000000FFFFFFFF010225010000000000000038DF8AB680FF0000
VTP Management Domain: ''
Native VLAN: 666
Duplex: full
Management addre
DEBUG:netmiko:read_channel: ss(es): 
  IP address: 172.29.10.28

-------------------------
Device ID: 1st_st_sw02.mongeneral.com
Entry address(es): 
  IP address: 172.29.10.11
Platform: cisco WS-C2960X-48FPD-L,  Capabilities: Switch IGMP 
Interface: TenGigabitEthernet2/0/2,  Port ID (outgoing port): TenGigabitEthernet2/0/1
Holdtime : 135 sec

Version :
Cisco IOS Software, C2960X Software (C2960X-UNIVERSALK9-M), Version 15.2(2)E5, RELEASE SOFTWARE (fc2)
Technical Support: http://www.cisco.com/techsupport
Copyright (c) 1986-2016 by Cisco Systems, Inc.
Compiled Thu 02-Jun-16 01:31 by prod_rel_team

advertisement version: 2
Protocol Hello:  OUI=0x00000C, Protocol ID=0x0112; payload len=27, value=00000000FFFFFFFF010225010000000000000038DF790600FF0000
VTP Management Domain: ''
Native VLAN: 666
Duplex: full
Management address(es): 
  IP address: 172.29.10.11

-------------------------
Device ID: 1st_st_sw02.mongeneral.com
Entry address(es): 
  IP address: 172.29.10.11
Platform: cisco WS-C2960X-48FPD-L,  Capabilities: Switch IGMP 
Interface: TenGigabitEthernet1/0/2,  Port ID (outgoing port): TenGigabitEthernet1/0/1
Holdtime : 172 sec

Version :
Cisco IOS Software, C2960X Software (C2960X-UNIVERSALK9-M), Version 15.2(2)E5, RELEASE SOFTWARE (fc2)
Technical Support: http://www.cisco.com/techsupport
Copyright (c) 1986-2016 by Cisco Systems, Inc.
Compiled Thu 02-Jun-16 01:31 by prod_rel_team

advertisement version: 2
Protocol Hello:  OUI=0x00000C, Protocol ID=0x0112; payload len=27, value=00000000FFFFFFFF010225010000000000000038DF790600FF0000
VTP Management Domain: ''
Native VLAN: 666
Duplex: full
Management address(es): 
  IP address: 172.29.10.11

-------------------------
Device ID: 5th_nt_sw01.mongeneral.com
Entry address(es): 
  IP address: 172.29.10.24
Platform: cisco WS-C2960X-48FPD-L,  Capabilities: Switch IGMP 
Interface: TenGigabitEthernet2/0/15,  Port ID (outgoing port): TenGigabitEthernet2/0/1
Holdtime : 146 sec

Version :
Cisco IOS Software, C2960X Software (C2960X-UNIVERSALK9-M), Version 15.2(2)E5, RELEASE SOFTWARE (fc2)
Technical Support: http://www.cisco.com/techsupport
Copyright (c) 1986-2016 by Cisco Systems, Inc.
Compiled Thu 02-Jun-16 01:31 by prod_rel_team

advertisement version: 2
Protocol Hello:  OUI=0x00000C, Protocol ID=0x0112; payload len=27, value=00000000FFFFFFFF010225010000000000000038DF8AE080FF0000
VTP Management Domain: ''
Native VLAN: 666
Duplex: full
Management address(es): 
  IP address: 172.29.10.24

-------------------------
Device ID: 5th_nt_sw01.mongeneral.com
Entry address(es): 
  IP address: 172.29.10.24
Platform: cisco WS-C2960X-48FPD-L,  Capabilities: Switch IGMP 
Interface: TenGigabitEthernet1/0/15,  Port ID (outgoing port): TenGigabitEthernet1/0/1
Holdtime : 177 sec

Version :
Cisco IOS Software, C2960X Software (C2960X-UNIVERSALK9-M), Version 15.2(2)E5, RELEASE SOFTWARE (fc2)
Technical Support: http://www.cisco.com/techsupport
Copyright (c) 1986-2016 by Cisco Systems, Inc.
Compiled Thu 02-Jun-16 01:31 by prod_rel_team

advertisement version: 2
Protocol Hello:  OUI=0x00000C, Protocol ID=0x0112; payload len=27, value=00000000FFFFFFFF010225010000000000000038DF8AE080FF0000
VTP Management Domain: ''
Native VLAN: 666
Duplex: full
Management address(es): 
  IP address: 172.29.10.24

-------------------------
Device ID: 6th_nt_sw01.mongeneral.com
Entry address(es): 
  IP address: 172.29.10.26
Platform: cisco WS-C2960X-48FPD-L,  Capabilities: Switch IGMP 
Interface: TenGigabitEthernet2/0/17,  Port ID (outgoing port): TenGigabitEthernet2/0/2
Holdtime : 147 sec

Version :
Cisco IOS Software, C2960X Software (C2960X-UNIVERSALK9-M), Version 15.2(2)E5, RELEASE SOFTWARE (fc2)
Technical Support: http://www.cisco.com/techsupport
Copyright (c) 1986-2016 by Cisco Systems, Inc.
Compiled Thu 02-Jun-16 01:31 by prod_rel_team

advertisement version: 2
Protocol Hello:  OUI=0x00000C, Protocol ID=0x0112; payload len=27, value=00000000FFFFFFFF010225010000000000000038DF86E980FF0000
VTP Management Domain: ''
Native VLAN: 666
Duplex: full
Management address(es): 
  IP address: 172.29.10.26

-------------------------
Device ID: 5th_nt_sw02.mongeneral.com
Entry address(es): 
  IP address: 172.29.10.25
Platform: cisco WS-C2960X-48FPD-L,  Capabilities: Switch IGMP 
Interface: TenGigabitEthernet1/0/16,  Port ID (outgoing port): TenGigabitEthernet1/0/1
Holdtime : 153 sec

Version :
Cisco IOS Software, C2960X Software (C2960X-UNIVERSALK9-M), Version 15.2(2)E5, RELEASE SOFTWARE (fc2)
Technical Support: http://www.cisco.com/techsupport
Copyright (c) 1986-2016 by Cisco Systems, Inc.
Compiled Thu 02-Jun-16 01:31 by prod_rel_team

advertisement version: 2
Protocol Hello:  OUI=0x00000C, Protocol ID=0x0112; payload len=27, value=00000000FFFFFFFF010225010000000000000038DF0FAB00FF0000
VTP Management Domain: ''
Native VLAN: 666
Duplex: full
Management address(es): 
  IP address: 172.29.10.25

-------------------------
Device ID: 6th_nt_sw01.mongeneral.com
Entry address(es): 
  IP address: 172.29.10.26
Platform: cisco WS-C2960X-48FPD-L,  Capabilities: Switch IGMP 
Interface: TenGigabitEthernet1/0/17,  Port ID (outgoing port): TenGigabitEthernet1/0/1
Holdtime : 175 sec

Version :
Cisco IOS Software, C2960X Software (C2960X-UNIVERSALK9-M), Version 15.2(2)E5, RELEASE SOFTWARE (fc2)
Technical Support: http://www.cisco.com/techsupport
Copyright (c) 1986-2016 by Cisco Systems, Inc.
Compiled Thu 02-Jun-16 01:31 by prod_rel_team

advertisement version: 2
Protocol Hello:  OUI=0x00000C, Protocol ID=0x0112; payload len=27, value=00000000FFFFFFFF010225010000000000000038DF86E980FF0000
VTP Management Domain: ''
Native VLAN: 666
Duplex: full
Management address(es): 
  IP address: 172.29.10.26

-------------------------
Device ID: 5th_nt_sw02.mongeneral.com
Entry address(es): 
  IP address: 172.29.10.25
Platform: cisco WS-C2960X-48FPD-L,  Capabilities: Switch IGMP 
Interface: TenGigabitEthernet2/0/16,  Port ID (outgoing port): TenGigabitEthernet2/0/1
Holdtime : 136 sec

Version :
Cisco IOS Software, C2960X Software (C2960X-UNIVERSALK9-M), Version 15.2(2)E5, RELEASE SOFTWARE (fc2)
Technical Support: http://www.cisco.com/techsupport
Copyright (c) 1986-2016 by Cisco Systems, Inc.
Compiled Thu 02-Jun-16 01:31 by prod_rel_team

advertisement version: 2
Protocol Hello:  OUI=0x00000C, Protocol ID=0x0112; payload len=27, value=00000000FFFFFFFF010225010000000000000038DF0FAB00FF0000
VTP Management Domain: ''
Native VLAN: 666
Duplex: full
Management address(es): 
  IP address: 172.29.10.25

-------------------------
Device ID: 1st_st_sw01.mongeneral.com
Entry address(es): 
  IP address: 172.29.10.10
Platform: cisco WS-C2960X-48FPD-L,  Capabilities: Switch IGMP 
Interface: TenGigabitEthernet2/0/1,  Port ID (outgoing port): TenGigabitEthernet2/0/1
Holdtime : 152 sec

Version :
Cisco IOS Software, C2960X Software (C2960X-UNIVERSALK9-M), Version 15.2(2)E5, RELEASE SOFTWARE (fc2)
Technical Support: http://www.cisco.com/techsupport
Copyright (c) 1986-2016 by Cisco Systems, Inc.
Compiled Thu 02-Jun-16 01:31 by prod_rel_team

advertisement version: 2
Protocol Hello:  OUI=0x00000C, Protocol ID=0x0112; payload len=27, value=00000000FFFFFFFF010225010000000000000038DF86E780FF0000
VTP Management Domain: ''
Native VLAN: 666
Duplex: full
Management address(es): 
  IP address: 172.29.10.10

-------------------------
Device ID: 1st_st_sw01.mongeneral.com
Entry address(es): 
  IP address: 172.29.10.10
Platform: cisco WS-C2960X-48FPD-L,  Capabilities: Switch IGMP 
Interface: TenGigabitEthernet1/0/1,  Port ID (outgoing port): TenGigabitEthernet1/0/1
Holdtime : 170 sec

Version :
Cisco IOS Software, C2960X Software (C2960X-UNIVERSALK9-M), Version 15.2(2)E5, RELEASE SOFTWARE (fc2)
Technical Support: http://www.cisco.com/techsupport
Copyright (c) 1986-2016 by Cisco Systems, Inc.
Compiled Thu 02-Jun-16 01:31 by prod_rel_team

advertisement version: 2
Protocol Hello:  OUI=0x00000C, Protocol ID=0x0112; payload len=27, value=00000000FFFFFFFF010225010000000000000038DF86E780FF0000
VTP Management Domain: ''
Native VLAN: 666
Duplex: full
Management address(es): 
  IP address: 172.29.10.10

-------------------------
Device ID: 5th_st_sw01.mongeneral.com
Entry address(es): 
  IP address: 172.29.10.16
Platform: cisco WS-C2960X-48FPD-L,  Capabilities: Switch IGMP 
Interface: TenGigabitEthernet2/0/7,  Port ID (outgoing port): TenGigabitEthernet2/0/1
Holdtime : 143 sec

Version :
Cisco IOS Software, C2960X Software (C2960X-UNIVERSALK9-M), Version 15.2(2)E5, RELEASE SOFTWARE (fc2)
Technical Support: http://www.cisco.com/techsupport
Copyright (c) 1986-2016 by Cisco Systems, Inc.
Compiled Thu 02-Jun-16 01:31 by prod_rel_team

advertisement version: 2
Protocol Hello:  OUI=0x00000C, Protocol ID=0x0112; payload len=27, value=00000000FFFFFFFF010225010000000000000038DF8AC580FF0000
VTP Management Domain: ''
Native VLAN: 666
Duplex: full
Management address(es): 
  IP address: 172.29.10.16

-------------------------
Device ID: 5th_st_sw01.mongeneral.com
Entry address(es): 
  IP address: 172.29.10.16
Platform: cisco WS-C2960X-48FPD-L,  Capabilities: Switch IGMP 
Interface: TenGigabitEthernet1/0/7,  Port ID (outgoing port): TenGigabitEthernet1/0/1
Holdtime : 148 sec

Version :
Cisco IOS Software, C2960X Software (C2960X-UNIVERSALK9-M), Version 15.2(2)E5, RELEASE SOFTWARE (fc2)
Technical Support: http://www.cisco.com/techsupport
Copyright (c) 1986-2016 by Cisco Systems, Inc.
Compiled Thu 02-Jun-16 01:31 by prod_rel_team

advertisement version: 2
Protocol Hello:  OUI=0x00000C, Protocol ID=0x0112; payload len=27, value=00000000FFFFFFFF010225010000000000000038DF8AC580FF0000
VTP Management Domain: ''
Native VLAN: 666
Duplex: full
Management address(es): 
  IP address: 172.29.10.16

-------------------------
Device ID: 4th_st_sw01.mongeneral.com
Entry address(es): 
  IP address: 172.29.10.15
Platform: cisco WS-C2960X-48FPD-L,  Capabilities: Switch IGMP 
Interface: TenGigabitEthernet2/0/6,  Port ID (outgoing port): TenGigabitEthernet2/0/1
Holdtime : 141 sec

Version :
Cisco IOS Software, C2960X Software (C2960X-UNIVERSALK9-M), Version 15.2(2)E5, RELEASE SOFTWARE (fc2)
Technical Support: http://www.cisco.com/techsupport
Copyright (c) 1986-2016 by Cisco Systems, Inc.
Compiled Thu 02-Jun-16 01:31 by prod_rel_team

advertisement version: 2
Protocol Hello:  OUI=0x00000C, Protocol ID=0x0112; payload len=27, value=00000000FFFFFFFF010225010000000000000038DF876500FF0000
VTP Management Domain: ''
Native VLAN: 666
Duplex: full
Management address(es): 
  IP address: 172.29.10.15

-------------------------
Device ID: 4th_st_sw01.mongeneral.com
Entry address(es): 
  IP address: 172.29.10.15
Platform: cisco WS-C2960X-48FPD-L,  Capabilities: Switch IGMP 
Interface: TenGigabitEthernet1/0/6,  Port ID (outgoing port): TenGigabitEthernet1/0/1
Holdtime : 174 sec

Version :
Cisco IOS Software, C2960X Software (C2960X-UNIVERSALK9-M), Version 15.2(2)E5, RELEASE SOFTWARE (fc2)
Technical Support: http://www.cisco.com/techsupport
Copyright (c) 1986-2016 by Cisco Systems, Inc.
Compiled Thu 02-Jun-16 01:31 by prod_rel_team

advertisement version: 2
Protocol Hello:  OUI=0x00000C, Protocol ID=0x0112; payload len=27, value=00000000FFFFFFFF010225010000000000000038DF876500FF0000
VTP Management Domain: ''
Native VLAN: 666
Duplex: full
Management address(es): 
  IP address: 172.29.10.15

-------------------------
Device ID: 1st_nt_sw01.mongeneral.com
Entry address(es): 
  IP address: 172.29.10.17
Platform: cisco WS-C2960X-48FPD-L,  Capabilities: Switch IGMP 
Interface: TenGigabitEthernet2/0/8,  Port ID (outgoing port): TenGigabitEthernet2/0/1
Holdtime : 166 sec

Version :
Cisco IOS Software, C2960X Software (C2960X-UNIVERSALK9-M), Version 15.2(2)E5, RELEASE SOFTWARE (fc2)
Technical Support: http://www.cisco.com/techsupport
Copyright (c) 1986-2016 by Cisco Systems, Inc.
Compiled Thu 02-Jun-16 01:31 by prod_rel_team

advertisement version: 2
Protocol Hello:  OUI=0x00000C, Protocol ID=0x0112; payload len=27, value=00000000FFFFFFFF010225010000000000000038DF0FAA00FF0000
VTP Management Domain: ''
Native VLAN: 666
Duplex: full
Management address(es): 
  IP address: 172.29.10.17

-------------------------
Device ID: 1st_nt_sw01.mongeneral.com
Entry address(es): 
  IP address: 172.29.10.17
Platform: cisco WS-C2960X-48FPD-L,  Capabilities: Switch IGMP 
Interface: TenGigabitEthernet1/0/8,  Port ID (outgoing port): TenGigabitEthernet1/0/1
Holdtime : 167 sec

Version :
Cisco IOS Software, C2960X Software (C2960X-UNIVERSALK9-M), Version 15.2(2)E5, RELEASE SOFTWARE (fc2)
Technical Support: http://www.cisco.com/techsupport
Copyright (c) 1986-2016 by Cisco Systems, Inc.
Compiled Thu 02-Jun-16 01:31 by prod_rel_team

advertisement version: 2
Protocol Hello:  OUI=0x00000C, Protocol ID=0x0112; payload len=27, value=00000000FFFFFFFF010225010000000000000038DF0FAA00FF0000
VTP Management Domain: ''
Native VLAN: 666
Duplex: full
Management address(es): 
  IP address: 172.29.10.17

-------------------------
Device ID: 2nd_nt_sw01.mongeneral.com
Entry address(es): 
  IP address: 172.29.10.18
Platform: cisco WS-C2960X-24PS-L,  Capabilities: Switch IGMP 
Interface: TenGigabitEthernet2/0/9,  Port ID (outgoing port): TenGigabitEthernet2/0/1
Holdtime : 137 sec

Version :
Cisco IOS Software, C2960X Software (C2960X-UNIVERSALK9-M), Version 15.2(2)E5, RELEASE SOFTWARE (fc2)
Technical Support: http://www.cisco.com/techsupport
Copyright (c) 1986-2016 by Cisco Systems, Inc.
Compiled Thu 02-Jun-16 01:31 by prod_rel_team

advertisement version: 2
Protocol Hello:  OUI=0x00000C, Protocol ID=0x0112; payload len=27, value=00000000FFFFFFFF010225010000000000002C0BE9784300FF0000
VTP Management Domain: ''
Native VLAN: 666
Duplex: full
Management address(es): 
  IP address: 172.29.10.18

-------------------------
Device ID: 2nd_nt_sw01.mongeneral.com
Entry address(es): 
  IP address: 172.29.10.18
Platform: cisco WS-C2960X-24PS-L,  Capabilities: Switch IGMP 
Interface: TenGigabitEthernet1/0/9,  Port ID (outgoing port): TenGigabitEthernet1/0/1
Holdtime : 161 sec

Version :
Cisco IOS Software, C2960X Software (C2960X-UNIVERSALK9-M), Version 15.2(2)E5, RELEASE SOFTWARE (fc2)
Technical Support: http://www.cisco.com/techsupport
Copyright (c) 1986-2016 by Cisco Systems, Inc.
Compiled Thu 02-Jun-16 01:31 by prod_rel_team

advertisement version: 2
Protocol Hello:  OUI=0x00000C, Protocol ID=0x0112; payload len=27, value=00000000FFFFFFFF010225010000000000002C0BE9784300FF0000
VTP Management Domain: ''
Native VLAN: 666
Duplex: full
Management address(es): 
  IP address: 172.29.10.18

-------------------------
Device ID: 3rd_st_sw01.mongeneral.com
Entry address(es): 
  IP address: 172.29.10.13
Platform: cisco WS-C2960X-48FPD-L,  Capabilities: Switch IGMP 
Interface: TenGigabitEthernet2/0/4,  Port ID (outgoing port): TenGigabitEthernet2/0/1
Holdtime : 171 sec

Version :
Cisco IOS Software, C2960X Software (C2960X-UNIVERSALK9-M), Version 15.2(2)E5, RELEASE SOFTWARE (fc2)
Technical Support: http://www.cisco.com/techsupport
Copyright (c) 1986-2016 by Cisco Systems, Inc.
Compiled Thu 02-Jun-16 01:31 by prod_rel_team

advertisement version: 2
Protocol Hello:  OUI=0x00000C, Protocol ID=0x0112; payload len=27, value=00000000FFFFFFFF010225010000000000000038DF790280FF0000
VTP Management Domain: ''
Native VLAN: 666
Duplex: full
Management address(es): 
  IP address: 172.29.10.13

-------------------------
Device ID: 3rd_st_sw01.mongeneral.com
Entry address(es): 
  IP address: 172.29.10.13
Platform: cisco WS-C2960X-48FPD-L,  Capabilities: Switch IGMP 
Interface: TenGigabitEthernet1/0/4,  Port ID (outgoing port): TenGigabitEthernet1/0/1
Holdtime : 133 sec

Version :
Cisco IOS Software, C2960X Software (C2960X-UNIVERSALK9-M), Version 15.2(2)E5, RELEASE SOFTWARE (fc2)
Technical Support: http://www.cisco.com/techsupport
Copyright (c) 1986-2016 by Cisco Systems, Inc.
Compiled Thu 02-Jun-16 01:31 by prod_rel_team

advertisement version: 2
Protocol Hello:  OUI=0x00000C, Protocol ID=0x0112; payload len=27, value=00000000FFFFFFFF010225010000000000000038DF790280FF0000
VTP Management 
DEBUG:netmiko:read_channel: Domain: ''
Native VLAN: 666
Duplex: full
Management address(es): 
  IP address: 172.29.10.13

-------------------------
Device ID: 2nd_nt_sw03.mongeneral.com
Entry address(es): 
  IP address: 172.29.10.20
Platform: cisco WS-C2960X-48FPD-L,  Capabilities: Switch IGMP 
Interface: TenGigabitEthernet1/0/11,  Port ID (outgoing port): TenGigabitEthernet1/0/1
Holdtime : 143 sec

Version :
Cisco IOS Software, C2960X Software (C2960X-UNIVERSALK9-M), Version 15.2(2)E5, RELEASE SOFTWARE (fc2)
Technical Support: http://www.cisco.com/techsupport
Copyright (c) 1986-2016 by Cisco Systems, Inc.
Compiled Thu 02-Jun-16 01:31 by prod_rel_team

advertisement version: 2
Protocol Hello:  OUI=0x00000C, Protocol ID=0x0112; payload len=27, value=00000000FFFFFFFF010225010000000000000038DF0F4900FF0000
VTP Management Domain: ''
Native VLAN: 666
Duplex: full
Management address(es): 
  IP address: 172.29.10.20

-------------------------
Device ID: 2nd_nt_sw03.mongeneral.com
Entry address(es): 
  IP address: 172.29.10.20
Platform: cisco WS-C2960X-48FPD-L,  Capabilities: Switch IGMP 
Interface: TenGigabitEthernet2/0/11,  Port ID (outgoing port): TenGigabitEthernet2/0/1
Holdtime : 176 sec

Version :
Cisco IOS Software, C2960X Software (C2960X-UNIVERSALK9-M), Version 15.2(2)E5, RELEASE SOFTWARE (fc2)
Technical Support: http://www.cisco.com/techsupport
Copyright (c) 1986-2016 by Cisco Systems, Inc.
Compiled Thu 02-Jun-16 01:31 by prod_rel_team

advertisement version: 2
Protocol Hello:  OUI=0x00000C, Protocol ID=0x0112; payload len=27, value=00000000FFFFFFFF010225010000000000000038DF0F4900FF0000
VTP Management Domain: ''
Native VLAN: 666
Duplex: full
Management address(es): 
  IP address: 172.29.10.20

-------------------------
Device ID: 3rd_st_sw02.mongeneral.com
Entry address(es): 
  IP address: 172.29.10.14
Platform: cisco WS-C2960X-48FPD-L,  Capabilities: Switch IGMP 
Interface: TenGigabitEthernet1/0/5,  Port ID (outgoing port): TenGigabitEthernet1/0/1
Holdtime : 147 sec

Version :
Cisco IOS Software, C2960X Software (C2960X-UNIVERSALK9-M), Version 15.2(2)E6, RELEASE SOFTWARE (fc1)
Technical Support: http://www.cisco.com/techsupport
Copyright (c) 1986-2016 by Cisco Systems, Inc.
Compiled Fri 16-Dec-16 21:27 by prod_rel_team

advertisement version: 2
Protocol Hello:  OUI=0x00000C, Protocol ID=0x0112; payload len=27, value=00000000FFFFFFFF0102250100000000000000C1B1B8BC80FF0000
VTP Management Domain: ''
Native VLAN: 666
Duplex: full
Management address(es): 
  IP address: 172.29.10.14

-------------------------
Device ID: 2nd_nt_sw02.mongeneral.com
Entry address(es): 
  IP address: 172.29.10.19
Platform: cisco WS-C2960X-48FPD-L,  Capabilities: Switch IGMP 
Interface: TenGigabitEthernet2/0/10,  Port ID (outgoing port): TenGigabitEthernet2/0/1
Holdtime : 147 sec

Version :
Cisco IOS Software, C2960X Software (C2960X-UNIVERSALK9-M), Version 15.2(2)E5, RELEASE SOFTWARE (fc2)
Technical Support: http://www.cisco.com/techsupport
Copyright (c) 1986-2016 by Cisco Systems, Inc.
Compiled Thu 02-Jun-16 01:31 by prod_rel_team

advertisement version: 2
Protocol Hello:  OUI=0x00000C, Protocol ID=0x0112; payload len=27, value=00000000FFFFFFFF010225010000000000000038DF8ACD80FF0000
VTP Management Domain: ''
Native VLAN: 666
Duplex: full
Management address(es): 
  IP address: 172.29.10.19

-------------------------
Device ID: 3rd_st_sw02.mongeneral.com
Entry address(es): 
  IP address: 172.29.10.14
Platform: cisco WS-C2960X-48FPD-L,  Capabilities: Switch IGMP 
Interface: TenGigabitEthernet2/0/5,  Port ID (outgoing port): TenGigabitEthernet2/0/1
Holdtime : 173 sec

Version :
Cisco IOS Software, C2960X Software (C2960X-UNIVERSALK9-M), Version 15.2(2)E6, RELEASE SOFTWARE (fc1)
Technical Support: http://www.cisco.com/techsupport
Copyright (c) 1986-2016 by Cisco Systems, Inc.
Compiled Fri 16-Dec-16 21:27 by prod_rel_team

advertisement version: 2
Protocol Hello:  OUI=0x00000C, Protocol ID=0x0112; payload len=27, value=00000000FFFFFFFF0102250100000000000000C1B1B8BC80FF0000
VTP Management Domain: ''
Native VLAN: 666
Duplex: full
Management address(es): 
  IP address: 172.29.10.14

-------------------------
Device ID: 2nd_nt_sw02.mongeneral.com
Entry address(es): 
  IP address: 172.29.10.19
Platform: cisco WS-C2960X-48FPD-L,  Capabilities: Switch IGMP 
Interface: TenGigabitEthernet1/0/10,  Port ID (outgoing port): TenGigabitEthernet1/0/1
Holdtime : 125 sec

Version :
Cisco IOS Software, C2960X Software (C2960X-UNIVERSALK9-M), Version 15.2(2)E5, RELEASE SOFTWARE (fc2)
Technical Support: http://www.cisco.com/techsupport
Copyright (c) 1986-2016 by Cisco Systems, Inc.
Compiled Thu 02-Jun-16 01:31 by prod_rel_team

advertisement version: 2
Protocol Hello:  OUI=0x00000C, Protocol ID=0x0112; payload len=27, value=00000000FFFFFFFF010225010000000000000038DF8ACD80FF0000
VTP Management Domain: ''
Native VLAN: 666
Duplex: full
Management address(es): 
  IP address: 172.29.10.19

-------------------------
Device ID: MGH1A-CORE.mongeneral.com
Entry address(es): 
  IP address: 172.26.2.122
Platform: cisco WS-C4507R+E,  Capabilities: Switch IGMP 
Interface: TenGigabitEthernet2/0/24,  Port ID (outgoing port): TenGigabitEthernet4/1
Holdtime : 169 sec

Version :
Cisco IOS Software, Catalyst 4500 L3 Switch Software (cat4500e-IPBASEK9-M), Version 15.0(2)SG2, RELEASE SOFTWARE (fc3)
Technical Support: http://www.cisco.com/techsupport
Copyright (c) 1986-2011 by Cisco Systems, Inc.
Compiled Wed 07-Dec-11 20:20 by prod_rel_team

advertisement version: 2
VTP Management Domain: 'MonGen'
Native VLAN: 666
Duplex: full
Management address(es): 
  IP address: 172.26.2.122

-------------------------
Device ID: MGH1A-CORE.mongeneral.com
Entry address(es): 
  IP address: 172.26.2.122
Platform: cisco WS-C4507R+E,  Capabilities: Switch IGMP 
Interface: TenGigabitEthernet1/0/24,  Port ID (outgoing port): TenGigabitEthernet3/1
Holdtime : 169 sec

Version :
Cisco IOS Software, Catalyst 4500 L3 Switch Software (cat4500e-IPBASEK9-M), Version 15.0(2)SG2, RELEASE SOFTWARE (fc3)
Technical Support: http://www.cisco.com/techsupport
Copyright (c) 1986-2011 by Cisco Systems, Inc.
Compiled Wed 07-Dec-11 20:20 by prod_rel_team

advertisement version: 2
VTP Management Domain: 'MonGen'
Native VLAN: 666
Duplex: full
Management address(es): 
  IP address: 172.26.2.122


Total cdp entries displayed : 38
1ST_NT_MDF_SW01#
DEBUG:paramiko.transport:starting thread (client mode): 0xb4f703d0
DEBUG:paramiko.transport:Local version/idstring: SSH-2.0-paramiko_2.7.1
DEBUG:paramiko.transport:Remote version/idstring: SSH-2.0-Cisco-1.25
INFO:paramiko.transport:Connected (version 2.0, client Cisco-1.25)
DEBUG:paramiko.transport:kex algos:['diffie-hellman-group-exchange-sha1', 'diffie-hellman-group14-sha1', 'diffie-hellman-group1-sha1'] server key:['ssh-rsa'] client encrypt:['aes128-ctr', 'aes192-ctr', 'aes256-ctr', 'aes128-cbc', '3des-cbc', 'aes192-cbc', 'aes256-cbc'] server encrypt:['aes128-ctr', 'aes192-ctr', 'aes256-ctr', 'aes128-cbc', '3des-cbc', 'aes192-cbc', 'aes256-cbc'] client mac:['hmac-sha1', 'hmac-sha1-96'] server mac:['hmac-sha1', 'hmac-sha1-96'] client compress:['none'] server compress:['none'] client lang:[''] server lang:[''] kex follows?False
DEBUG:paramiko.transport:Kex agreed: diffie-hellman-group-exchange-sha1
DEBUG:paramiko.transport:HostKey agreed: ssh-rsa
DEBUG:paramiko.transport:Cipher agreed: aes128-ctr
DEBUG:paramiko.transport:MAC agreed: hmac-sha1
DEBUG:paramiko.transport:Compression agreed: none
DEBUG:paramiko.transport:Got server p (2048 bits)
DEBUG:paramiko.transport:kex engine KexGex specified hash_algo <built-in function openssl_sha1>
DEBUG:paramiko.transport:Switch to new keys ...
DEBUG:paramiko.transport:Adding ssh-rsa host key for 1st_nt_mdf_sw01.mhs.org: b'dff1cc3dbc8e67a39efef4da8ecb0472'
DEBUG:paramiko.transport:userauth is OK
INFO:paramiko.transport:Authentication (password) successful!
DEBUG:paramiko.transport:[chan 0] Max packet in: 32768 bytes
DEBUG:paramiko.transport:[chan 0] Max packet out: 4096 bytes
DEBUG:paramiko.transport:Secsh channel 0 opened.
DEBUG:paramiko.transport:[chan 0] Sesch channel 0 request ok
DEBUG:paramiko.transport:[chan 0] Sesch channel 0 request ok
DEBUG:netmiko:read_channel: 
------------------------------------------------------------------------------------
WARNING:


This system is for the use of authorized clients only. Individuals using the
computer network system without authorization, or in excess of their authorization,
are subject to having all their activity on this computer network system monitored
and recorded by system personnel.  To protect the computer network system from
unauthorized use and to ensure the computer network system is functioning properly,
system administrators monitor this system.  Anyone using this computer network
system expressly consents to such monitoring and is advised that if such monitoring
reveals possible conduct of criminal activity, system personnel may provide the
evidence of such activity to law enforcement officers.

Access is restricted to authorized users only.

Unauthorized access is a violation of state and federal, civil and criminal laws.
------------------------------------------------------------------------------------

1ST_NT_MDF_SW01>
DEBUG:netmiko:read_channel: 
DEBUG:netmiko:read_channel: 
DEBUG:netmiko:read_channel: 
DEBUG:netmiko:write_channel: b'\n'
DEBUG:netmiko:read_channel: 
DEBUG:netmiko:read_channel: 
DEBUG:netmiko:write_channel: b'\n'
DEBUG:netmiko:read_channel: 
1ST_NT_MDF_SW01>
DEBUG:netmiko:read_channel: 
1ST_NT_MDF_SW01>
DEBUG:netmiko:Clear buffer detects data in the channel
DEBUG:netmiko:read_channel: 
DEBUG:netmiko:[find_prompt()]: prompt is 1ST_NT_MDF_SW01>
DEBUG:netmiko:read_channel: 
DEBUG:netmiko:In disable_paging
DEBUG:netmiko:Command: terminal length 0

DEBUG:netmiko:write_channel: b'terminal length 0\n'
DEBUG:netmiko:Pattern is: terminal\ length\ 0
DEBUG:netmiko:_read_channel_expect read_data: t
DEBUG:netmiko:_read_channel_expect read_data: er
DEBUG:netmiko:_read_channel_expect read_data: mi
DEBUG:netmiko:_read_channel_expect read_data: n
DEBUG:netmiko:_read_channel_expect read_data: al 
DEBUG:netmiko:_read_channel_expect read_data: l
DEBUG:netmiko:_read_channel_expect read_data: en
DEBUG:netmiko:_read_channel_expect read_data: g
DEBUG:netmiko:_read_channel_expect read_data: th
DEBUG:netmiko:_read_channel_expect read_data:  0

DEBUG:netmiko:Pattern found: terminal\ length\ 0 terminal length 0

DEBUG:netmiko:terminal length 0

DEBUG:netmiko:Exiting disable_paging
DEBUG:netmiko:write_channel: b'terminal width 511\n'
DEBUG:netmiko:Pattern is: terminal\ width\ 511
DEBUG:netmiko:_read_channel_expect read_data: 1ST_NT_MDF_SW01>
DEBUG:netmiko:_read_channel_expect read_data: t
DEBUG:netmiko:_read_channel_expect read_data: er
DEBUG:netmiko:_read_channel_expect read_data: mi
DEBUG:netmiko:_read_channel_expect read_data: na
DEBUG:netmiko:_read_channel_expect read_data: l 
DEBUG:netmiko:_read_channel_expect read_data: wi
DEBUG:netmiko:_read_channel_expect read_data: dt
DEBUG:netmiko:_read_channel_expect read_data: h
DEBUG:netmiko:_read_channel_expect read_data:  5
DEBUG:netmiko:_read_channel_expect read_data: 11
DEBUG:netmiko:Pattern found: terminal\ width\ 511 1ST_NT_MDF_SW01>terminal width 511
DEBUG:netmiko:read_channel: 
1ST_NT_MDF_SW01>
DEBUG:netmiko:Clear buffer detects data in the channel
DEBUG:netmiko:read_channel: 
DEBUG:netmiko:write_channel: b'\n'
DEBUG:netmiko:Pattern is: 1ST_NT_MDF_SW01
DEBUG:netmiko:_read_channel_expect read_data: 

DEBUG:netmiko:_read_channel_expect read_data: 1ST_NT_MDF_SW01>
DEBUG:netmiko:Pattern found: 1ST_NT_MDF_SW01 
1ST_NT_MDF_SW01>
DEBUG:netmiko:write_channel: b'enable\n'
DEBUG:netmiko:Pattern is: (1ST_NT_MDF_SW01|ssword)
DEBUG:netmiko:_read_channel_expect read_data: e
DEBUG:netmiko:_read_channel_expect read_data: n
DEBUG:netmiko:_read_channel_expect read_data: ab
DEBUG:netmiko:_read_channel_expect read_data: le
DEBUG:netmiko:_read_channel_expect read_data: 
Password: 
DEBUG:netmiko:Pattern found: (1ST_NT_MDF_SW01|ssword) enable
Password: 
DEBUG:netmiko:write_channel: b'change-mgh\n'
DEBUG:netmiko:Pattern is: 1ST_NT_MDF_SW01
DEBUG:netmiko:_read_channel_expect read_data: 
1ST_NT_MDF_SW01#
DEBUG:netmiko:Pattern found: 1ST_NT_MDF_SW01 
1ST_NT_MDF_SW01#
DEBUG:netmiko:write_channel: b'\n'
DEBUG:netmiko:Pattern is: 1ST_NT_MDF_SW01
DEBUG:netmiko:_read_channel_expect read_data: 

DEBUG:netmiko:_read_channel_expect read_data: 1ST_NT_MDF_SW01#
DEBUG:netmiko:Pattern found: 1ST_NT_MDF_SW01 
1ST_NT_MDF_SW01#
DEBUG:netmiko:read_channel: 
DEBUG:netmiko:write_channel: b'\n'
DEBUG:netmiko:read_channel: 

DEBUG:netmiko:read_channel: 
DEBUG:netmiko:write_channel: b'\n'
DEBUG:netmiko:read_channel: 1ST_NT_MDF_SW01#
DEBUG:netmiko:read_channel: 
1ST_NT_MDF_SW01#
DEBUG:netmiko:Clear buffer detects data in the channel
DEBUG:netmiko:read_channel: 
DEBUG:netmiko:[find_prompt()]: prompt is 1ST_NT_MDF_SW01#
DEBUG:netmiko:read_channel: 
DEBUG:netmiko:write_channel: b'sh cdp nei det\n'
DEBUG:netmiko:Pattern is: sh\ cdp\ nei\ det
DEBUG:netmiko:_read_channel_expect read_data: s
DEBUG:netmiko:_read_channel_expect read_data: h
DEBUG:netmiko:_read_channel_expect read_data:  c
DEBUG:netmiko:_read_channel_expect read_data: dp
DEBUG:netmiko:_read_channel_expect read_data:  n
DEBUG:netmiko:_read_channel_expect read_data: ei
DEBUG:netmiko:_read_channel_expect read_data:  d
DEBUG:netmiko:_read_channel_expect read_data: et
DEBUG:netmiko:Pattern found: sh\ cdp\ nei\ det sh cdp nei det
DEBUG:netmiko:read_channel: 
-------------------------
Device ID: 3rd_nt_sw01.mongeneral.com
Entry address(es): 
  IP address: 172.29.10.21
Platform: cisco WS-C2960X-48FPD-L,  Capabilities: Switch IGMP 
Interface: TenGigabitEthernet2/0/12,  Port ID (outgoing port): TenGigabitEthernet2/0/1
Holdtime : 172 sec

Version :
Cisco IOS Software, C2960X Software (C2960X-UNIVERSALK9-M), Version 15.2(2)E5, RELEASE SOFTWARE (fc2)
Technical Support: http://www.cisco.com/techsupport
Copyright (c) 1986-2016 by Cisco Systems, Inc.
Compiled Thu 02-Jun-16 01:31 by prod_rel_team

advertisement version: 2
Protocol Hello:  OUI=0x00000C, Protocol ID=0x0112; payload len=27, value=00000000FFFFFFFF010225010000000000000038DF86BA00FF0000
VTP Management Domain: ''
Native VLAN: 666
Duplex: full
Management address(es): 
  IP address: 172.29.10.21

-------------------------
Device ID: 3rd_nt_sw01.mongeneral.com
Entry address(es): 
  IP address: 172.29.10.21
Platform: cisco WS-C2960X-48FPD-L,  Capabilities: Switch IGMP 
Interface: TenGigabitEthernet1/0/12,  Port ID (outgoing port): TenGigabitEthernet1/0/1
Holdtime : 162 sec

Version :
Cisco IOS Software, C2960X Software (C2960X-UNIVERSALK9-M), Version 15.2(2)E5, RELEASE SOFTWARE (fc2)
Technical Support: http://www.cisco.com/techsupport
Copyright (c) 1986-2016 by Cisco Systems, Inc.
Compiled Thu 02-Jun-16 01:31 by prod_rel_team

advertisement version: 2
Protocol Hello:  OUI=0x00000C, Protocol ID=0x0112; payload len=27, value=00000000FFFFFFFF010225010000000000000038DF86BA00FF0000
VTP Management Domain: ''
Native VLAN: 666
Duplex: full
Management address(es): 
  IP address: 172.29.10.21

-------------------------
Device ID: 2nd_st_sw01.mongeneral.com
Entry address(es): 
  IP address: 172.29.10.12
Platform: cisco WS-C2960X-48FPD-L,  Capabilities: Switch IGMP 
Interface: TenGigabitEthernet2/0/3,  Port ID (outgoing port): TenGigabitEthernet2/0/1
Holdtime : 144 sec

Version :
Cisco IOS Software, C2960X Software (C2960X-UNIVERSALK9-M), Version 15.2(2)E5, RELEASE SOFTWARE (fc2)
Technical Support: http://www.cisco.com/techsupport
Copyright (c) 1986-2016 by Cisco Systems, Inc.
Compiled Thu 02-Jun-16 01:31 by prod_rel_team

advertisement version: 2
Protocol Hello:  OUI=0x00000C, Protocol ID=0x0112; payload len=27, value=00000000FFFFFFFF010225010000000000000038DF751E00FF0000
VTP Management Domain: ''
Native VLAN: 666
Duplex: full
Management address(es): 
  IP address: 172.29.10.12

-------------------------
Device ID: 2nd_st_sw01.mongeneral.com
Entry address(es): 
  IP address: 172.29.10.12
Platform: cisco WS-C2960X-48FPD-L,  Capabilities: Switch IGMP 
Interface: TenGigabitEthernet1/0/3,  Port ID (outgoing port): TenGigabitEthernet1/0/1
Holdtime : 144 sec

Version :
Cisco IOS Software, C2960X Software (C2960X-UNIVERSALK9-M), Version 15.2(2)E5, RELEASE SOFTWARE (fc2)
Technical Support: http://www.cisco.com/techsupport
Copyright (c) 1986-2016 by Cisco Systems, Inc.
Compiled Thu 02-Jun-16 01:31 by prod_rel_team

advertisement version: 2
Protocol Hello:  OUI=0x00000C, Protocol ID=0x0112; payload len=27, value=00000000FFFFFFFF010225010000000000000038DF751E00FF0000
VTP Management Domain: ''
Native VLAN: 666
Duplex: full
Management address(es): 
  IP address: 172.29.10.12

-------------------------
Device ID: 3rd_nt_sw02.mongeneral.com
Entry address(es): 
  IP address: 172.29.10.22
Platform: cisco WS-C2960X-48FPD-L,  Capabilities: Switch IGMP 
Interface: TenGigabitEthernet1/0/13,  Port ID (outgoing port): TenGigabitEthernet1/0/1
Holdtime : 152 sec

Version :
Cisco IOS Software, C2960X Software (C2960X-UNIVERSALK9-M), Version 15.2(2)E5, RELEASE SOFTWARE (fc2)
Technical Support: http://www.cisco.com/techsupport
Copyright (c) 1986-2016 by Cisco Systems, Inc.
Compiled Thu 02-Jun-16 01:31 by prod_rel_team

advertisement version: 2
Protocol Hello:  OUI=0x00000C, Protocol ID=0x0112; payload len=27, value=00000000FFFFFFFF010225010000000000000038DF0F6A00FF0000
VTP Management Domain: ''
Native VLAN: 666
Duplex: full
Management address(es): 
  IP address: 172.29.10.22

-------------------------
Device ID: 3rd_nt_sw02.mongeneral.com
Entry address(es): 
  IP address: 172.29.10.22
Platform: cisco WS-C2960X-48FPD-L,  Capabilities: Switch IGMP 
Interface: TenGigabitEthernet2/0/13,  Port ID (outgoing port): TenGigabitEthernet2/0/1
Holdtime : 133 sec

Version :
Cisco IOS Software, C2960X Software (C2960X-UNIVERSALK9-M), Version 15.2(2)E5, RELEASE SOFTWARE (fc2)
Technical Support: http://www.cisco.com/techsupport
Copyright (c) 1986-2016 by Cisco Systems, Inc.
Compiled Thu 02-Jun-16 01:31 by prod_rel_team

advertisement version: 2
Protocol Hello:  OUI=0x00000C, Protocol ID=0x0112; payload len=27, value=00000000FFFFFFFF010225010000000000000038DF0F6A00FF0000
VTP Management Domain: ''
Native VLAN: 666
Duplex: full
Management address(es): 
  IP address: 172.29.10.22

-------------------------
Device ID: 1st_conf_sw01.mongeneral.com
Entry address(es): 
  IP address: 172.29.10.28
Platform: cisco WS-C2960X-48FPD-L,  Capabilities: Switch IGMP 
Interface: TenGigabitEthernet2/0/18,  Port ID (outgoing port): TenGigabitEthernet1/0/2
Holdtime : 155 sec

Version :
Cisco IOS Software, C2960X Software (C2960X-UNIVERSALK9-M), Version 15.2(2)E5, RELEASE SOFTWARE (fc2)
Technical Support: http://www.cisco.com/techsupport
Copyright (c) 1986-2016 by Cisco Systems, Inc.
Compiled Thu 02-Jun-16 01:31 by prod_rel_team

advertisement version: 2
Protocol Hello:  OUI=0x00000C, Protocol ID=0x0112; payload len=27, value=00000000FFFFFFFF010225010000000000000038DF8AB680FF0000
VTP Management Domain: ''
Native VLAN: 666
Duplex: full
Management address(es): 
  IP address: 172.29.10.28

-------------------------
Device ID: 4th_nt_sw01.mongeneral.com
Entry address(es): 
  IP address: 172.29.10.23
Platform: cisco WS-C2960X-48FPD-L,  Capabilities: Switch IGMP 
Interface: TenGigabitEthernet1/0/14,  Port ID (outgoing port): TenGigabitEthernet1/0/1
Holdtime : 139 sec

Version :
Cisco IOS Software, C2960X Software (C2960X-UNIVERSALK9-M), Version 15.2(2)E5, RELEASE SOFTWARE (fc2)
Technical Support: http://www.cisco.com/techsupport
Copyright (c) 1986-2016 by Cisco Systems, Inc.
Compiled Thu 02-Jun-16 01:31 by prod_rel_team

advertisement version: 2
Protocol Hello:  OUI=0x00000C, Protocol ID=0x0112; payload len=27, value=00000000FFFFFFFF010225010000000000000038DF875E00FF0000
VTP Management Domain: ''
Native VLAN: 666
Duplex: full
Management address(es): 
  IP address: 172.29.10.23

-------------------------
Device ID: 4th_nt_sw01.mongeneral.com
Entry address(es): 
  IP address: 172.29.10.23
Platform: cisco WS-C2960X-48FPD-L,  Capabilities: Switch IGMP 
Interface: TenGigabitEthernet2/0/14,  Port ID (outgoing port): TenGigabitEthernet2/0/1
Holdtime : 138 sec

Version :
Cisco IOS Software, C2960X Software (C2960X-UNIVERSALK9-M), Version 15.2(2)E5, RELEASE SOFTWARE (fc2)
Technical Support: http://www.cisco.com/techsupport
Copyright (c) 1986-2016 by Cisco Systems, Inc.
Compiled Thu 02-Jun-16 01:31 by prod_rel_team

advertisement version: 2
Protocol Hello:  OUI=0x00000C, Protocol ID=0x0112; payload len=27, value=00000000FFFFFFFF010225010000000000000038DF875E00FF0000
VTP Management Domain: ''
Native VLAN: 666
Duplex: full
Management address(es): 
  IP address: 172.29.10.23

-------------------------
Device ID: 1st_conf_sw01.mongeneral.com
Entry address(es): 
  IP address: 172.29.10.28
Platform: cisco WS-C2960X-48FPD-L,  Capabilities: Switch IGMP 
Interface: TenGigabitEthernet1/0/18,  Port ID (outgoing port): TenGigabitEthernet1/0/1
Holdtime : 136 sec

Version :
Cisco IOS Software, C2960X Software (C2960X-UNIVERSALK9-M), Version 15.2(2)E5, RELEASE SOFTWARE (fc2)
Technical Support: http://www.cisco.com/techsupport
Copyright (c) 1986-2016 by Cisco Systems, Inc.
Compiled Thu 02-Jun-16 01:31 by prod_rel_team

advertisement version: 2
Protocol Hello:  OUI=0x00000C, Protocol ID=0x0112; payload len=27, value=00000000FFFFFFFF010225010000000000000038DF8AB680FF0000
VTP Management Domain: ''
Native VLAN: 666
Duplex: full
Management address(es): 
  IP address: 172.29.10.28

-------------------------
Device ID: 1st_st_sw02.mongeneral.com
Entry address(es): 
  IP address: 172.29.10.11
Platform: cisco WS-C2960X-48FPD-L,  Capabilities: Switch IGMP 
Interface: TenGigabitEthernet2/0/2,  Port ID (outgoing port): TenGigabitEthernet2/0/1
Holdtime : 141 sec

Version :
Cisco IOS Software, C2960X Software (C2960X-UNIVERSALK9-M), Version 15.2(2)E5, RELEASE SOFTWARE (fc2)
Technical Support: http://www.cisco.com/techsupport
Copyright (c) 1986-2016 by Cisco Systems, Inc.
Compiled Thu 02-Jun-16 01:31 by prod_rel_team

advertisement version: 2
Protocol Hello:  OUI=0x00000C, Protocol ID=0x0112; payload len=27, value=00000000FFFFFFFF010225010000000000000038DF790600FF0000
VTP Management Domain: ''
Native VLAN: 666
Duplex: full
Management address(es): 
  IP address: 172.29.10.11

-------------------------
Device ID: 1st_st_sw02.mongeneral.com
Entry address(es): 
  IP address: 172.29.10.11
Platform: cisco WS-C2960X-48FPD-L,  Capabilities: Switch IGMP 
Interface: TenGigabitEthernet1/0/2,  Port ID (outgoing port): TenGigabitEthernet1/0/1
Holdtime : 130 sec

Version :
Cisco IOS Software, C2960X Software (C2960X-UNIVERSALK9-M), Version 15.2(2)E5, RELEASE SOFTWARE (fc2)
Technical Support: http://www.cisco.com/techsupport
Copyright (c) 1986-2016 by Cisco Systems, Inc.
Compiled Thu 02-Jun-16 01:31 by prod_rel_team

advertisement version: 2
Protocol Hello:  OUI=0x00000C, Protocol ID=0x0112; payload len=27, value=00000000FFFFFFFF010225010000000000000038DF790600FF0000
VTP Management Domain: ''
Native VLAN: 666
Duplex: full
Management address(es): 
  IP address: 172.29.10.11

-------------------------
Device ID: 5th_nt_sw01.mongeneral.com
Entry address(es): 
  IP address: 172.29.10.24
Platform: cisco WS-C2960X-48FPD-L,  Capabilities: Switch IGMP 
Interface: TenGigabitEthernet2/0/15,  Port ID (outgoing port): TenGigabitEthernet2/0/1
Holdtime : 154 sec

Version :
Cisco IOS Software, C2960X Software (C2960X-UNIVERSALK9-M), Version 15.2(2)E5, RELEASE SOFTWARE (fc2)
Technical Support: http://www.cisco.com/techsupport
Copyright (c) 1986-2016 by Cisco Systems, Inc.
Compiled Thu 02-Jun-16 01:31 by prod_rel_team

advertisement version: 2
Protocol Hello:  OUI=0x00000C, Protocol ID=0x0112; payload len=27, value=00000000FFFFFFFF010225010000000000000038DF8AE080FF0000
VTP Management Domain: ''
Native VLAN: 666
Duplex: full
Management address(es): 
  IP address: 172.29.10.24

-------------------------
Device ID: 5th_nt_sw01.mongeneral.com
Entry address(es): 
  IP address: 172.29.10.24
Platform: cisco WS-C2960X-48FPD-L,  Capabilities: Switch IGMP 
Interface: TenGigabitEthernet1/0/15,  Port ID (outgoing port): TenGigabitEthernet1/0/1
Holdtime : 135 sec

Version :
Cisco IOS Software, C2960X Software (C2960X-UNIVERSALK9-M), Version 15.2(2)E5, RELEASE SOFTWARE (fc2)
Technical Support: http://www.cisco.com/techsupport
Copyright (c) 1986-2016 by Cisco Systems, Inc.
Compiled Thu 02-Jun-16 01:31 by prod_rel_team

advertisement version: 2
Protocol Hello:  OUI=0x00000C, Protocol ID=0x0112; payload len=27, value=00000000FFFFFFFF010225010000000000000038DF8AE080FF0000
VTP Management Domain: ''
Native VLAN: 666
Duplex: full
Management address(es): 
  IP address: 172.29.10.24

-------------------------
Device ID: 6th_nt_sw01.mongeneral.com
Entry address(es): 
  IP address: 172.29.10.26
Platform: cisco WS-C2960X-48FPD-L,  Capabilities: Switch IGMP 
Interface: TenGigabitEthernet2/0/17,  Port ID (outgoing port): TenGigabitEthernet2/0/2
Holdtime : 164 sec

Version :
Cisco IOS Software, C2960X Software (C2960X-UNIVERSALK9-M), Version 15.2(2)E5, RELEASE SOFTWARE (fc2)
Technical Support: http://www.cisco.com/techsupport
Copyright (c) 1986-2016 by Cisco Systems, Inc.
Compiled Thu 02-Jun-16 01:31 by prod_rel_team

advertisement version: 2
Protocol Hello:  OUI=0x00000C, Protocol ID=0x0112; payload len=27, value=00000000FFFFFFFF010225010000000000000038DF86E980FF0000
VTP Management Domain: ''
Native VLAN: 666
Duplex: full
Management address(es): 
  IP address: 172.29.10.26

-------------------------
Device ID: 5th_nt_sw02.mongeneral.com
Entry address(es): 
  IP address: 172.29.10.25
Platform: cisco WS-C2960X-48FPD-L,  Capabilities: Switch IGMP 
Interface: TenGigabitEthernet1/0/16,  Port ID (outgoing port): TenGigabitEthernet1/0/1
Holdtime : 168 sec

Version :
Cisco IOS Software, C2960X Software (C2960X-UNIVERSALK9-M), Version 15.2(2)E5, RELEASE SOFTWARE (fc2)
Technical Support: http://www.cisco.com/techsupport
Copyright (c) 1986-2016 by Cisco Systems, Inc.
Compiled Thu 02-Jun-16 01:31 by prod_rel_team

advertisement version: 2
Protocol Hello:  OUI=0x00000C, Protocol ID=0x0112; payload len=27, value=00000000FFFFFFFF010225010000000000000038DF0FAB00FF0000
VTP Management Domain: ''
Native VLAN: 666
Duplex: full
Management address(es): 
  IP address: 172.29.10.25

-------------------------
Device ID: 6th_nt_sw01.mongeneral.com
Entry address(es): 
  IP address: 172.29.10.26
Platform: cisco WS-C2960X-48FPD-L,  Capabilities: Switch IGMP 
Interface: TenGigabitEthernet1/0/17,  Port ID (outgoing port): TenGigabitEthernet1/0/1
Holdtime : 133 sec

Version :
Cisco IOS Software, C2960X Software (C2960X-UNIVERSALK9-M), Version 15.2(2)E5, RELEASE SOFTWARE (fc2)
Technical Support: http://www.cisco.com/techsupport
Copyright (c) 1986-2016 by Cisco Systems, Inc.
Compiled Thu 02-Jun-16 01:31 by prod_rel_team

advertisement version: 2
Protocol Hello:  OUI=0x00000C, Protocol ID=0x0112; payload len=27, value=00000000FFFFFFFF010225010000000000000038DF86E980FF0000
VTP Management Domain: ''
Native VLAN: 666
Duplex: full
Management address(es): 
  IP address: 172.29.10.26

-------------------------
Device ID: 5th_nt_sw02.mongeneral.com
Entry address(es): 
  IP address: 172.29.10.25
Platform: cisco WS-C2960X-48FPD-L,  Capabilities: Switch IGMP 
Interface: TenGigabitEthernet2/0/16,  Port ID (outgoing port): TenGigabitEthernet2/0/1
Holdtime : 146 sec

Version :
Cisco IOS Software, C2960X Software (C2960X-UNIVERSALK9-M), Version 15.2(2)E5, RELEASE SOFTWARE (fc2)
Technical Support: http://www.cisco.com/techsupport
Copyright (c) 1986-2016 by Cisco Systems, Inc.
Compiled Thu 02-Jun-16 01:31 by prod_rel_team

advertisement version: 2
Protocol Hello:  OUI=0x00000C, Protocol ID=0x0112; payload len=27, value=00000000FFFFFFFF010225010000000000000038DF0FAB00FF0000
VTP Management Domain: ''
Native VLAN: 666
Duplex: full
Management address(es): 
  IP address: 172.29.10.25

-------------------------
Device ID: 1st_st_sw01.mongeneral.com
Entry address(es): 
  IP address: 172.29.10.10
Platform: cisco WS-C2960X-48FPD-L,  Capabilities: Switch IGMP 
Interface: TenGigabitEthernet2/0/1,  Port ID (outgoing port): TenGigabitEthernet2/0/1
Holdtime : 169 sec

Version :
Cisco IOS Software, C2960X Software (C2960X-UNIVERSALK9-M), Version 15.2(2)E5, RELEASE SOFTWARE (fc2)
Technical Support: http://www.cisco.com/techsupport
Copyright (c) 1986-2016 by Cisco Systems, Inc.
Compiled Thu 02-Jun-16 01:31 by prod_rel_team

advertisement version: 2
Protocol Hello:  OUI=0x00000C, Protocol ID=0x0112; payload len=27, value=00000000FFFFFFFF010225010000000000000038DF86E780FF0000
VTP Management Domain: ''
Native VLAN: 666
Duplex: full
Management address(es): 
  IP address: 172.29.10.10

-------------------------
Device ID: 1st_st_sw01.mongeneral.com
Entry address(es): 
  IP address: 172.29.10.10
Platform: cisco WS-C2960X-48FPD-L,  Capabilities: Switch IGMP 
Interface: TenGigabitEthernet1/0/1,  Port ID (outgoing port): TenGigabitEthernet1/0/1
Holdtime : 128 sec

Version :
Cisco IOS Software, C2960X Software (C2960X-UNIVERSALK9-M), Version 15.2(2)E5, RELEASE SOFTWARE (fc2)
Technical Support: http://www.cisco.com/techsupport
Copyright (c) 1986-2016 by Cisco Systems, Inc.
Compiled Thu 02-Jun-16 01:31 by prod_rel_team

advertisement version: 2
Protocol Hello:  OUI=0x00000C, Protocol ID=0x0112; payload len=27, value=00000000FFFFFFFF010225010000000000000038DF86E780FF0000
VTP Management Domain: ''
Native VLAN: 6
DEBUG:netmiko:read_channel: 66
Duplex: full
Management address(es): 
  IP address: 172.29.10.10

-------------------------
Device ID: 5th_st_sw01.mongeneral.com
Entry address(es): 
  IP address: 172.29.10.16
Platform: cisco WS-C2960X-48FPD-L,  Capabilities: Switch IGMP 
Interface: TenGigabitEthernet2/0/7,  Port ID (outgoing port): TenGigabitEthernet2/0/1
Holdtime : 149 sec

Version :
Cisco IOS Software, C2960X Software (C2960X-UNIVERSALK9-M), Version 15.2(2)E5, RELEASE SOFTWARE (fc2)
Technical Support: http://www.cisco.com/techsupport
Copyright (c) 1986-2016 by Cisco Systems, Inc.
Compiled Thu 02-Jun-16 01:31 by prod_rel_team

advertisement version: 2
Protocol Hello:  OUI=0x00000C, Protocol ID=0x0112; payload len=27, value=00000000FFFFFFFF010225010000000000000038DF8AC580FF0000
VTP Management Domain: ''
Native VLAN: 666
Duplex: full
Management address(es): 
  IP address: 172.29.10.16

-------------------------
Device ID: 5th_st_sw01.mongeneral.com
Entry address(es): 
  IP address: 172.29.10.16
Platform: cisco WS-C2960X-48FPD-L,  Capabilities: Switch IGMP 
Interface: TenGigabitEthernet1/0/7,  Port ID (outgoing port): TenGigabitEthernet1/0/1
Holdtime : 161 sec

Version :
Cisco IOS Software, C2960X Software (C2960X-UNIVERSALK9-M), Version 15.2(2)E5, RELEASE SOFTWARE (fc2)
Technical Support: http://www.cisco.com/techsupport
Copyright (c) 1986-2016 by Cisco Systems, Inc.
Compiled Thu 02-Jun-16 01:31 by prod_rel_team

advertisement version: 2
Protocol Hello:  OUI=0x00000C, Protocol ID=0x0112; payload len=27, value=00000000FFFFFFFF010225010000000000000038DF8AC580FF0000
VTP Management Domain: ''
Native VLAN: 666
Duplex: full
Management address(es): 
  IP address: 172.29.10.16

-------------------------
Device ID: 4th_st_sw01.mongeneral.com
Entry address(es): 
  IP address: 172.29.10.15
Platform: cisco WS-C2960X-48FPD-L,  Capabilities: Switch IGMP 
Interface: TenGigabitEthernet2/0/6,  Port ID (outgoing port): TenGigabitEthernet2/0/1
Holdtime : 149 sec

Version :
Cisco IOS Software, C2960X Software (C2960X-UNIVERSALK9-M), Version 15.2(2)E5, RELEASE SOFTWARE (fc2)
Technical Support: http://www.cisco.com/techsupport
Copyright (c) 1986-2016 by Cisco Systems, Inc.
Compiled Thu 02-Jun-16 01:31 by prod_rel_team

advertisement version: 2
Protocol Hello:  OUI=0x00000C, Protocol ID=0x0112; payload len=27, value=00000000FFFFFFFF010225010000000000000038DF876500FF0000
VTP Management Domain: ''
Native VLAN: 666
Duplex: full
Management address(es): 
  IP address: 172.29.10.15

-------------------------
Device ID: 4th_st_sw01.mongeneral.com
Entry address(es): 
  IP address: 172.29.10.15
Platform: cisco WS-C2960X-48FPD-L,  Capabilities: Switch IGMP 
Interface: TenGigabitEthernet1/0/6,  Port ID (outgoing port): TenGigabitEthernet1/0/1
Holdtime : 132 sec

Version :
Cisco IOS Software, C2960X Software (C2960X-UNIVERSALK9-M), Version 15.2(2)E5, RELEASE SOFTWARE (fc2)
Technical Support: http://www.cisco.com/techsupport
Copyright (c) 1986-2016 by Cisco Systems, Inc.
Compiled Thu 02-Jun-16 01:31 by prod_rel_team

advertisement version: 2
Protocol Hello:  OUI=0x00000C, Protocol ID=0x0112; payload len=27, value=00000000FFFFFFFF010225010000000000000038DF876500FF0000
VTP Management Domain: ''
Native VLAN: 666
Duplex: full
Management address(es): 
  IP address: 172.29.10.15

-------------------------
Device ID: 1st_nt_sw01.mongeneral.com
Entry address(es): 
  IP address: 172.29.10.17
Platform: cisco WS-C2960X-48FPD-L,  Capabilities: Switch IGMP 
Interface: TenGigabitEthernet2/0/8,  Port ID (outgoing port): TenGigabitEthernet2/0/1
Holdtime : 124 sec

Version :
Cisco IOS Software, C2960X Software (C2960X-UNIVERSALK9-M), Version 15.2(2)E5, RELEASE SOFTWARE (fc2)
Technical Support: http://www.cisco.com/techsupport
Copyright (c) 1986-2016 by Cisco Systems, Inc.
Compiled Thu 02-Jun-16 01:31 by prod_rel_team

advertisement version: 2
Protocol Hello:  OUI=0x00000C, Protocol ID=0x0112; payload len=27, value=00000000FFFFFFFF010225010000000000000038DF0FAA00FF0000
VTP Management Domain: ''
Native VLAN: 666
Duplex: full
Management address(es): 
  IP address: 172.29.10.17

-------------------------
Device ID: 1st_nt_sw01.mongeneral.com
Entry address(es): 
  IP address: 172.29.10.17
Platform: cisco WS-C2960X-48FPD-L,  Capabilities: Switch IGMP 
Interface: TenGigabitEthernet1/0/8,  Port ID (outgoing port): TenGigabitEthernet1/0/1
Holdtime : 176 sec

Version :
Cisco IOS Software, C2960X Software (C2960X-UNIVERSALK9-M), Version 15.2(2)E5, RELEASE SOFTWARE (fc2)
Technical Support: http://www.cisco.com/techsupport
Copyright (c) 1986-2016 by Cisco Systems, Inc.
Compiled Thu 02-Jun-16 01:31 by prod_rel_team

advertisement version: 2
Protocol Hello:  OUI=0x00000C, Protocol ID=0x0112; payload len=27, value=00000000FFFFFFFF010225010000000000000038DF0FAA00FF0000
VTP Management Domain: ''
Native VLAN: 666
Duplex: full
Management address(es): 
  IP address: 172.29.10.17

-------------------------
Device ID: 2nd_nt_sw01.mongeneral.com
Entry address(es): 
  IP address: 172.29.10.18
Platform: cisco WS-C2960X-24PS-L,  Capabilities: Switch IGMP 
Interface: TenGigabitEthernet2/0/9,  Port ID (outgoing port): TenGigabitEthernet2/0/1
Holdtime : 152 sec

Version :
Cisco IOS Software, C2960X Software (C2960X-UNIVERSALK9-M), Version 15.2(2)E5, RELEASE SOFTWARE (fc2)
Technical Support: http://www.cisco.com/techsupport
Copyright (c) 1986-2016 by Cisco Systems, Inc.
Compiled Thu 02-Jun-16 01:31 by prod_rel_team

advertisement version: 2
Protocol Hello:  OUI=0x00000C, Protocol ID=0x0112; payload len=27, value=00000000FFFFFFFF010225010000000000002C0BE9784300FF0000
VTP Management Domain: ''
Native VLAN: 666
Duplex: full
Management address(es): 
  IP address: 172.29.10.18

-------------------------
Device ID: 2nd_nt_sw01.mongeneral.com
Entry address(es): 
  IP address: 172.29.10.18
Platform: cisco WS-C2960X-24PS-L,  Capabilities: Switch IGMP 
Interface: TenGigabitEthernet1/0/9,  Port ID (outgoing port): TenGigabitEthernet1/0/1
Holdtime : 172 sec

Version :
Cisco IOS Software, C2960X Software (C2960X-UNIVERSALK9-M), Version 15.2(2)E5, RELEASE SOFTWARE (fc2)
Technical Support: http://www.cisco.com/techsupport
Copyright (c) 1986-2016 by Cisco Systems, Inc.
Compiled Thu 02-Jun-16 01:31 by prod_rel_team

advertisement version: 2
Protocol Hello:  OUI=0x00000C, Protocol ID=0x0112; payload len=27, value=00000000FFFFFFFF010225010000000000002C0BE9784300FF0000
VTP Management Domain: ''
Native VLAN: 666
Duplex: full
Management address(es): 
  IP address: 172.29.10.18

-------------------------
Device ID: 3rd_st_sw01.mongeneral.com
Entry address(es): 
  IP address: 172.29.10.13
Platform: cisco WS-C2960X-48FPD-L,  Capabilities: Switch IGMP 
Interface: TenGigabitEthernet2/0/4,  Port ID (outgoing port): TenGigabitEthernet2/0/1
Holdtime : 129 sec

Version :
Cisco IOS Software, C2960X Software (C2960X-UNIVERSALK9-M), Version 15.2(2)E5, RELEASE SOFTWARE (fc2)
Technical Support: http://www.cisco.com/techsupport
Copyright (c) 1986-2016 by Cisco Systems, Inc.
Compiled Thu 02-Jun-16 01:31 by prod_rel_team

advertisement version: 2
Protocol Hello:  OUI=0x00000C, Protocol ID=0x0112; payload len=27, value=00000000FFFFFFFF010225010000000000000038DF790280FF0000
VTP Management Domain: ''
Native VLAN: 666
Duplex: full
Management address(es): 
  IP address: 172.29.10.13

-------------------------
Device ID: 3rd_st_sw01.mongeneral.com
Entry address(es): 
  IP address: 172.29.10.13
Platform: cisco WS-C2960X-48FPD-L,  Capabilities: Switch IGMP 
Interface: TenGigabitEthernet1/0/4,  Port ID (outgoing port): TenGigabitEthernet1/0/1
Holdtime : 141 sec

Version :
Cisco IOS Software, C2960X Software (C2960X-UNIVERSALK9-M), Version 15.2(2)E5, RELEASE SOFTWARE (fc2)
Technical Support: http://www.cisco.com/techsupport
Copyright (c) 1986-2016 by Cisco Systems, Inc.
Compiled Thu 02-Jun-16 01:31 by prod_rel_team

advertisement version: 2
Protocol Hello:  OUI=0x00000C, Protocol ID=0x0112; payload len=27, value=00000000FFFFFFFF010225010000000000000038DF790280FF0000
VTP Management Domain: ''
Native VLAN: 666
Duplex: full
Management address(es): 
  IP address: 172.29.10.13

-------------------------
Device ID: 2nd_nt_sw03.mongeneral.com
Entry address(es): 
  IP address: 172.29.10.20
Platform: cisco WS-C2960X-48FPD-L,  Capabilities: Switch IGMP 
Interface: TenGigabitEthernet1/0/11,  Port ID (outgoing port): TenGigabitEthernet1/0/1
Holdtime : 156 sec

Version :
Cisco IOS Software, C2960X Software (C2960X-UNIVERSALK9-M), Version 15.2(2)E5, RELEASE SOFTWARE (fc2)
Technical Support: http://www.cisco.com/techsupport
Copyright (c) 1986-2016 by Cisco Systems, Inc.
Compiled Thu 02-Jun-16 01:31 by prod_rel_team

advertisement version: 2
Protocol Hello:  OUI=0x00000C, Protocol ID=0x0112; payload len=27, value=00000000FFFFFFFF010225010000000000000038DF0F4900FF0000
VTP Management Domain: ''
Native VLAN: 666
Duplex: full
Management address(es): 
  IP address: 172.29.10.20

-------------------------
Device ID: 2nd_nt_sw03.mongeneral.com
Entry address(es): 
  IP address: 172.29.10.20
Platform: cisco WS-C2960X-48FPD-L,  Capabilities: Switch IGMP 
Interface: TenGigabitEthernet2/0/11,  Port ID (outgoing port): TenGigabitEthernet2/0/1
Holdtime : 134 sec

Version :
Cisco IOS Software, C2960X Software (C2960X-UNIVERSALK9-M), Version 15.2(2)E5, RELEASE SOFTWARE (fc2)
Technical Support: http://www.cisco.com/techsupport
Copyright (c) 1986-2016 by Cisco Systems, Inc.
Compiled Thu 02-Jun-16 01:31 by prod_rel_team

advertisement version: 2
Protocol Hello:  OUI=0x00000C, Protocol ID=0x0112; payload len=27, value=00000000FFFFFFFF010225010000000000000038DF0F4900FF0000
VTP Management Domain: ''
Native VLAN: 666
Duplex: full
Management address(es): 
  IP address: 172.29.10.20

-------------------------
Device ID: 3rd_st_sw02.mongeneral.com
Entry address(es): 
  IP address: 172.29.10.14
Platform: cisco WS-C2960X-48FPD-L,  Capabilities: Switch IGMP 
Interface: TenGigabitEthernet1/0/5,  Port ID (outgoing port): TenGigabitEthernet1/0/1
Holdtime : 155 sec

Version :
Cisco IOS Software, C2960X Software (C2960X-UNIVERSALK9-M), Version 15.2(2)E6, RELEASE SOFTWARE (fc1)
Technical Support: http://www.cisco.com/techsupport
Copyright (c) 1986-2016 by Cisco Systems, Inc.
Compiled Fri 16-Dec-16 21:27 by prod_rel_team

advertisement version: 2
Protocol Hello:  OUI=0x00000C, Protocol ID=0x0112; payload len=27, value=00000000FFFFFFFF0102250100000000000000C1B1B8BC80FF0000
VTP Management Domain: ''
Native VLAN: 666
Duplex: full
Management address(es): 
  IP address: 172.29.10.14

-------------------------
Device ID: 2nd_nt_sw02.mongeneral.com
Entry address(es): 
  IP address: 172.29.10.19
Platform: cisco WS-C2960X-48FPD-L,  Capabilities: Switch IGMP 
Interface: TenGigabitEthernet2/0/10,  Port ID (outgoing port): TenGigabitEthernet2/0/1
Holdtime : 156 sec

Version :
Cisco IOS Software, C2960X Software (C2960X-UNIVERSALK9-M), Version 15.2(2)E5, RELEASE SOFTWARE (fc2)
Technical Support: http://www.cisco.com/techsupport
Copyright (c) 1986-2016 by Cisco Systems, Inc.
Compiled Thu 02-Jun-16 01:31 by prod_rel_team

advertisement version: 2
Protocol Hello:  OUI=0x00000C, Protocol ID=0x0112; payload len=27, value=00000000FFFFFFFF010225010000000000000038DF8ACD80FF0000
VTP Management Domain: ''
Native VLAN: 666
Duplex: full
Management address(es): 
  IP address: 172.29.10.19

-------------------------
Device ID: 3rd_st_sw02.mongeneral.com
Entry address(es): 
  IP address: 172.29.10.14
Platform: cisco WS-C2960X-48FPD-L,  Capabilities: Switch IGMP 
Interface: TenGigabitEthernet2/0/5,  Port ID (outgoing port): TenGigabitEthernet2/0/1
Holdtime : 131 sec

Version :
Cisco IOS Software, C2960X Software (C2960X-UNIVERSALK9-M), Version 15.2(2)E6, RELEASE SOFTWARE (fc1)
Technical Support: http://www.cisco.com/techsupport
Copyright (c) 1986-2016 by Cisco Systems, Inc.
Compiled Fri 16-Dec-16 21:27 by prod_rel_team

advertisement version: 2
Protocol Hello:  OUI=0x00000C, Protocol ID=0x0112; payload len=27, value=00000000FFFFFFFF0102250100000000000000C1B1B8BC80FF0000
VTP Management Domain: ''
Native VLAN: 666
Duplex: full
Management address(es): 
  IP address: 172.29.10.14

-------------------------
Device ID: 2nd_nt_sw02.mongeneral.com
Entry address(es): 
  IP address: 172.29.10.19
Platform: cisco WS-C2960X-48FPD-L,  Capabilities: Switch IGMP 
Interface: TenGigabitEthernet1/0/10,  Port ID (outgoing port): TenGigabitEthernet1/0/1
Holdtime : 139 sec

Version :
Cisco IOS Software, C2960X Software (C2960X-UNIVERSALK9-M), Version 15.2(2)E5, RELEASE SOFTWARE (fc2)
Technical Support: http://www.cisco.com/techsupport
Copyright (c) 1986-2016 by Cisco Systems, Inc.
Compiled Thu 02-Jun-16 01:31 by prod_rel_team

advertisement version: 2
Protocol Hello:  OUI=0x00000C, Protocol ID=0x0112; payload len=27, value=00000000FFFFFFFF010225010000000000000038DF8ACD80FF0000
VTP Management Domain: ''
Native VLAN: 666
Duplex: full
Management address(es): 
  IP address: 172.29.10.19

-------------------------
Device ID: MGH1A-CORE.mongeneral.com
Entry address(es): 
  IP address: 172.26.2.122
Platform: cisco WS-C4507R+E,  Capabilities: Switch IGMP 
Interface: TenGigabitEthernet2/0/24,  Port ID (outgoing port): TenGigabitEthernet4/1
Holdtime : 127 sec

Version :
Cisco IOS Software, Catalyst 4500 L3 Switch Software (cat4500e-IPBASEK9-M), Version 15.0(2)SG2, RELEASE SOFTWARE (fc3)
Technical Support: http://www.cisco.com/techsupport
Copyright (c) 1986-2011 by Cisco Systems, Inc.
Compiled Wed 07-Dec-11 20:20 by prod_rel_team

advertisement version: 2
VTP Management Domain: 'MonGen'
Native VLAN: 666
Duplex: full
Management address(es): 
  IP address: 172.26.2.122

-------------------------
Device ID: MGH1A-CORE.mongeneral.com
Entry address(es): 
  IP address: 172.26.2.122
Platform: cisco WS-C4507R+E,  Capabilities: Switch IGMP 
Interface: TenGigabitEthernet1/0/24,  Port ID (outgoing port): TenGigabitEthernet3/1
Holdtime : 127 sec

Version :
Cisco IOS Software, Catalyst 4500 L3 Switch Software (cat4500e-IPBASEK9-M), Version 15.0(2)SG2, RELEASE SOFTWARE (fc3)
Technical Support: http://www.cisco.com/techsupport
Copyright (c) 1986-2011 by Cisco Systems, Inc.
Compiled Wed 07-Dec-11 20:20 by prod_rel_team

advertisement version: 2
VTP Management Domain: 'MonGen'
Native VLAN: 666
Duplex: full
Management address(es): 
  IP address: 172.26.2.122


Total cdp entries displayed : 38
1ST_NT_MDF_SW01#
DEBUG:paramiko.transport:starting thread (client mode): 0xce57f640
DEBUG:paramiko.transport:Local version/idstring: SSH-2.0-paramiko_2.7.1
DEBUG:paramiko.transport:Remote version/idstring: SSH-2.0-Cisco-1.25
INFO:paramiko.transport:Connected (version 2.0, client Cisco-1.25)
DEBUG:paramiko.transport:kex algos:['diffie-hellman-group-exchange-sha1', 'diffie-hellman-group14-sha1', 'diffie-hellman-group1-sha1'] server key:['ssh-rsa'] client encrypt:['aes128-ctr', 'aes192-ctr', 'aes256-ctr', 'aes128-cbc', '3des-cbc', 'aes192-cbc', 'aes256-cbc'] server encrypt:['aes128-ctr', 'aes192-ctr', 'aes256-ctr', 'aes128-cbc', '3des-cbc', 'aes192-cbc', 'aes256-cbc'] client mac:['hmac-sha1', 'hmac-sha1-96'] server mac:['hmac-sha1', 'hmac-sha1-96'] client compress:['none'] server compress:['none'] client lang:[''] server lang:[''] kex follows?False
DEBUG:paramiko.transport:Kex agreed: diffie-hellman-group-exchange-sha1
DEBUG:paramiko.transport:HostKey agreed: ssh-rsa
DEBUG:paramiko.transport:Cipher agreed: aes128-ctr
DEBUG:paramiko.transport:MAC agreed: hmac-sha1
DEBUG:paramiko.transport:Compression agreed: none
DEBUG:paramiko.transport:Got server p (2048 bits)
DEBUG:paramiko.transport:kex engine KexGex specified hash_algo <built-in function openssl_sha1>
DEBUG:paramiko.transport:Switch to new keys ...
DEBUG:paramiko.transport:Adding ssh-rsa host key for 1st_nt_mdf_sw01: b'dff1cc3dbc8e67a39efef4da8ecb0472'
DEBUG:paramiko.transport:userauth is OK
INFO:paramiko.transport:Authentication (password) failed.
DEBUG:paramiko.transport:starting thread (client mode): 0xf759b640
DEBUG:paramiko.transport:Local version/idstring: SSH-2.0-paramiko_2.7.1
DEBUG:paramiko.transport:Remote version/idstring: SSH-2.0-Cisco-1.25
INFO:paramiko.transport:Connected (version 2.0, client Cisco-1.25)
DEBUG:paramiko.transport:kex algos:['diffie-hellman-group-exchange-sha1', 'diffie-hellman-group14-sha1', 'diffie-hellman-group1-sha1'] server key:['ssh-rsa'] client encrypt:['aes128-ctr', 'aes192-ctr', 'aes256-ctr', 'aes128-cbc', '3des-cbc', 'aes192-cbc', 'aes256-cbc'] server encrypt:['aes128-ctr', 'aes192-ctr', 'aes256-ctr', 'aes128-cbc', '3des-cbc', 'aes192-cbc', 'aes256-cbc'] client mac:['hmac-sha1', 'hmac-sha1-96'] server mac:['hmac-sha1', 'hmac-sha1-96'] client compress:['none'] server compress:['none'] client lang:[''] server lang:[''] kex follows?False
DEBUG:paramiko.transport:Kex agreed: diffie-hellman-group-exchange-sha1
DEBUG:paramiko.transport:HostKey agreed: ssh-rsa
DEBUG:paramiko.transport:Cipher agreed: aes128-ctr
DEBUG:paramiko.transport:MAC agreed: hmac-sha1
DEBUG:paramiko.transport:Compression agreed: none
DEBUG:paramiko.transport:Got server p (2048 bits)
DEBUG:paramiko.transport:kex engine KexGex specified hash_algo <built-in function openssl_sha1>
DEBUG:paramiko.transport:Switch to new keys ...
DEBUG:paramiko.transport:Adding ssh-rsa host key for 1st_nt_mdf_sw01: b'dff1cc3dbc8e67a39efef4da8ecb0472'
DEBUG:paramiko.transport:userauth is OK
INFO:paramiko.transport:Authentication (password) successful!
DEBUG:paramiko.transport:[chan 0] Max packet in: 32768 bytes
DEBUG:paramiko.transport:[chan 0] Max packet out: 4096 bytes
DEBUG:paramiko.transport:Secsh channel 0 opened.
DEBUG:paramiko.transport:[chan 0] Sesch channel 0 request ok
DEBUG:paramiko.transport:[chan 0] Sesch channel 0 request ok
DEBUG:netmiko:read_channel: 
------------------------------------------------------------------------------------
WARNING:


This system is for the use of authorized clients only. Individuals using the
computer network system without authorization, or in excess of their authorization,
are subject to having all their activity on this computer network system monitored
and recorded by system personnel.  To protect the computer network system from
unauthorized use and to ensure the computer network system is functioning properly,
system administrators monitor this system.  Anyone using this computer network
system expressly consents to such monitoring and is advised that if such monitoring
reveals possible conduct of criminal activity, system personnel may provide the
evidence of such activity to law enforcement officers.

Access is restricted to authorized users only.

Unauthorized access is a violation of state and federal, civil and criminal laws.
------------------------------------------------------------------------------------
1ST_NT_MDF_SW01>
DEBUG:netmiko:read_channel: 
DEBUG:netmiko:read_channel: 
DEBUG:netmiko:read_channel: 
DEBUG:netmiko:write_channel: b'\n'
DEBUG:netmiko:read_channel: 
DEBUG:netmiko:read_channel: 
DEBUG:netmiko:write_channel: b'\n'
DEBUG:netmiko:read_channel: 
1ST_NT_MDF_SW01>
DEBUG:netmiko:read_channel: 
1ST_NT_MDF_SW01>
DEBUG:netmiko:Clear buffer detects data in the channel
DEBUG:netmiko:read_channel: 
DEBUG:netmiko:[find_prompt()]: prompt is 1ST_NT_MDF_SW01>
DEBUG:netmiko:read_channel: 
DEBUG:netmiko:In disable_paging
DEBUG:netmiko:Command: terminal length 0

DEBUG:netmiko:write_channel: b'terminal length 0\n'
DEBUG:netmiko:Pattern is: terminal\ length\ 0
DEBUG:netmiko:_read_channel_expect read_data: t
DEBUG:netmiko:_read_channel_expect read_data: e
DEBUG:netmiko:_read_channel_expect read_data: rm
DEBUG:netmiko:_read_channel_expect read_data: ina
DEBUG:netmiko:_read_channel_expect read_data: l 
DEBUG:netmiko:_read_channel_expect read_data: le
DEBUG:netmiko:_read_channel_expect read_data: n
DEBUG:netmiko:_read_channel_expect read_data: gt
DEBUG:netmiko:_read_channel_expect read_data: h 
DEBUG:netmiko:_read_channel_expect read_data: 0

DEBUG:netmiko:Pattern found: terminal\ length\ 0 terminal length 0

DEBUG:netmiko:terminal length 0

DEBUG:netmiko:Exiting disable_paging
DEBUG:netmiko:write_channel: b'terminal width 511\n'
DEBUG:netmiko:Pattern is: terminal\ width\ 511
DEBUG:netmiko:_read_channel_expect read_data: 1ST_NT_MDF_SW01>
DEBUG:netmiko:_read_channel_expect read_data: t
DEBUG:netmiko:_read_channel_expect read_data: er
DEBUG:netmiko:_read_channel_expect read_data: mi
DEBUG:netmiko:_read_channel_expect read_data: na
DEBUG:netmiko:_read_channel_expect read_data: l 
DEBUG:netmiko:_read_channel_expect read_data: w
DEBUG:netmiko:_read_channel_expect read_data: id
DEBUG:netmiko:_read_channel_expect read_data: th 
DEBUG:netmiko:_read_channel_expect read_data: 51
DEBUG:netmiko:_read_channel_expect read_data: 1

DEBUG:netmiko:Pattern found: terminal\ width\ 511 1ST_NT_MDF_SW01>terminal width 511

DEBUG:netmiko:read_channel: 1ST_NT_MDF_SW01>
DEBUG:netmiko:Clear buffer detects data in the channel
DEBUG:netmiko:read_channel: 
DEBUG:netmiko:write_channel: b'\n'
DEBUG:netmiko:Pattern is: 1ST_NT_MDF_SW01
DEBUG:netmiko:_read_channel_expect read_data: 

DEBUG:netmiko:_read_channel_expect read_data: 1ST_NT_MDF_SW01>
DEBUG:netmiko:Pattern found: 1ST_NT_MDF_SW01 
1ST_NT_MDF_SW01>
DEBUG:netmiko:write_channel: b'enable\n'
DEBUG:netmiko:Pattern is: (1ST_NT_MDF_SW01|ssword)
DEBUG:netmiko:_read_channel_expect read_data: e
DEBUG:netmiko:_read_channel_expect read_data: n
DEBUG:netmiko:_read_channel_expect read_data: ab
DEBUG:netmiko:_read_channel_expect read_data: le
DEBUG:netmiko:_read_channel_expect read_data: 
Password: 
DEBUG:netmiko:Pattern found: (1ST_NT_MDF_SW01|ssword) enable
Password: 
DEBUG:netmiko:write_channel: b'change-mgh\n'
DEBUG:netmiko:Pattern is: 1ST_NT_MDF_SW01
DEBUG:netmiko:_read_channel_expect read_data: 
1ST_NT_MDF_SW01#
DEBUG:netmiko:Pattern found: 1ST_NT_MDF_SW01 
1ST_NT_MDF_SW01#
DEBUG:netmiko:write_channel: b'\n'
DEBUG:netmiko:Pattern is: 1ST_NT_MDF_SW01
DEBUG:netmiko:_read_channel_expect read_data: 

DEBUG:netmiko:_read_channel_expect read_data: 1ST_NT_MDF_SW01#
DEBUG:netmiko:Pattern found: 1ST_NT_MDF_SW01 
1ST_NT_MDF_SW01#
DEBUG:netmiko:read_channel: 
DEBUG:netmiko:write_channel: b'\n'
DEBUG:netmiko:read_channel: 
DEBUG:netmiko:read_channel: 
DEBUG:netmiko:write_channel: b'\n'
DEBUG:netmiko:read_channel: 
1ST_NT_MDF_SW01#
DEBUG:netmiko:read_channel: 
1ST_NT_MDF_SW01#
DEBUG:netmiko:Clear buffer detects data in the channel
DEBUG:netmiko:read_channel: 
DEBUG:netmiko:[find_prompt()]: prompt is 1ST_NT_MDF_SW01#
DEBUG:netmiko:read_channel: 
DEBUG:netmiko:write_channel: b'sh cdp nei det\n'
DEBUG:netmiko:Pattern is: sh\ cdp\ nei\ det
DEBUG:netmiko:_read_channel_expect read_data: s
DEBUG:netmiko:_read_channel_expect read_data: h 
DEBUG:netmiko:_read_channel_expect read_data: c
DEBUG:netmiko:_read_channel_expect read_data: dp
DEBUG:netmiko:_read_channel_expect read_data:  n
DEBUG:netmiko:_read_channel_expect read_data: ei
DEBUG:netmiko:_read_channel_expect read_data:  de
DEBUG:netmiko:_read_channel_expect read_data: t
DEBUG:netmiko:Pattern found: sh\ cdp\ nei\ det sh cdp nei det
DEBUG:netmiko:read_channel: 
-------------------------
Device ID: 3rd_nt_sw01.mongeneral.com
Entry address(es): 
  IP address: 172.29.10.21
Platform: cisco WS-C2960X-48FPD-L,  Capabilities: Switch IGMP 
Interface: TenGigabitEthernet2/0/12,  Port ID (outgoing port): TenGigabitEthernet2/0/1
Holdtime : 163 sec

Version :
Cisco IOS Software, C2960X Software (C2960X-UNIVERSALK9-M), Version 15.2(2)E5, RELEASE SOFTWARE (fc2)
Technical Support: http://www.cisco.com/techsupport
Copyright (c) 1986-2016 by Cisco Systems, Inc.
Compiled Thu 02-Jun-16 01:31 by prod_rel_team

advertisement version: 2
Protocol Hello:  OUI=0x00000C, Protocol ID=0x0112; payload len=27, value=00000000FFFFFFFF010225010000000000000038DF86BA00FF0000
VTP Management Domain: ''
Native VLAN: 666
Duplex: full
Management address(es): 
  IP address: 172.29.10.21

-------------------------
Device ID: 3rd_nt_sw01.mongeneral.com
Entry address(es): 
  IP address: 172.29.10.21
Platform: cisco WS-C2960X-48FPD-L,  Capabilities: Switch IGMP 
Interface: TenGigabitEthernet1/0/12,  Port ID (outgoing port): TenGigabitEthernet1/0/1
Holdtime : 170 sec

Version :
Cisco IOS Software, C2960X Software (C2960X-UNIVERSALK9-M), Version 15.2(2)E5, RELEASE SOFTWARE (fc2)
Technical Support: http://www.cisco.com/techsupport
Copyright (c) 1986-2016 by Cisco Systems, Inc.
Compiled Thu 02-Jun-16 01:31 by prod_rel_team

advertisement version: 2
Protocol Hello:  OUI=0x00000C, Protocol ID=0x0112; payload len=27, value=00000000FFFFFFFF010225010000000000000038DF86BA00FF0000
VTP Management Domain: ''
Native VLAN: 666
Duplex: full
Management address(es): 
  IP address: 172.29.10.21

-------------------------
Device ID: 2nd_st_sw01.mongeneral.com
Entry address(es): 
  IP address: 172.29.10.12
Platform: cisco WS-C2960X-48FPD-L,  Capabilities: Switch IGMP 
Interface: TenGigabitEthernet2/0/3,  Port ID (outgoing port): TenGigabitEthernet2/0/1
Holdtime : 145 sec

Version :
Cisco IOS Software, C2960X Software (C2960X-UNIVERSALK9-M), Version 15.2(2)E5, RELEASE SOFTWARE (fc2)
Technical Support: http://www.cisco.com/techsupport
Copyright (c) 1986-2016 by Cisco Systems, Inc.
Compiled Thu 02-Jun-16 01:31 by prod_rel_team

advertisement version: 2
Protocol Hello:  OUI=0x00000C, Protocol ID=0x0112; payload len=27, value=00000000FFFFFFFF010225010000000000000038DF751E00FF0000
VTP Management Domain: ''
Native VLAN: 666
Duplex: full
Management address(es): 
  IP address: 172.29.10.12

-------------------------
Device ID: 2nd_st_sw01.mongeneral.com
Entry address(es): 
  IP address: 172.29.10.12
Platform: cisco WS-C2960X-48FPD-L,  Capabilities: Switch IGMP 
Interface: TenGigabitEthernet1/0/3,  Port ID (outgoing port): TenGigabitEthernet1/0/1
Holdtime : 157 sec

Version :
Cisco IOS Software, C2960X Software (C2960X-UNIVERSALK9-M), Version 15.2(2)E5, RELEASE SOFTWARE (fc2)
Technical Support: http://www.cisco.com/techsupport
Copyright (c) 1986-2016 by Cisco Systems, Inc.
Compiled Thu 02-Jun-16 01:31 by prod_rel_team

advertisement version: 2
Protocol Hello:  OUI=0x00000C, Protocol ID=0x0112; payload len=27, value=00000000FFFFFFFF010225010000000000000038DF751E00FF0000
VTP Management Domain: ''
Native VLAN: 666
Duplex: full
Management address(es): 
  IP address: 172.29.10.12

-------------------------
Device ID: 3rd_nt_sw02.mongeneral.com
Entry address(es): 
  IP address: 172.29.10.22
Platform: cisco WS-C2960X-48FPD-L,  Capabilities: Switch IGMP 
Interface: TenGigabitEthernet1/0/13,  Port ID (outgoing port): TenGigabitEthernet1/0/1
Holdtime : 159 sec

Version :
Cisco IOS Software, C2960X Software (C2960X-UNIVERSALK9-M), Version 15.2(2)E5, RELEASE SOFTWARE (fc2)
Technical Support: http://www.cisco.com/techsupport
Copyright (c) 1986-2016 by Cisco Systems, Inc.
Compiled Thu 02-Jun-16 01:31 by prod_rel_team

advertisement version: 2
Protocol Hello:  OUI=0x00000C, Protocol ID=0x0112; payload len=27, value=00000000FFFFFFFF010225010000000000000038DF0F6A00FF0000
VTP Management Domain: ''
Native VLAN: 666
Duplex: full
Management address(es): 
  IP address: 172.29.10.22

-------------------------
Device ID: 3rd_nt_sw02.mongeneral.com
Entry address(es): 
  IP address: 172.29.10.22
Platform: cisco WS-C2960X-48FPD-L,  Capabilities: Switch IGMP 
Interface: TenGigabitEthernet2/0/13,  Port ID (outgoing port): TenGigabitEthernet2/0/1
Holdtime : 145 sec

Version :
Cisco IOS Software, C2960X Software (C2960X-UNIVERSALK9-M), Version 15.2(2)E5, RELEASE SOFTWARE (fc2)
Technical Support: http://www.cisco.com/techsupport
Copyright (c) 1986-2016 by Cisco Systems, Inc.
Compiled Thu 02-Jun-16 01:31 by prod_rel_team

advertisement version: 2
Protocol Hello:  OUI=0x00000C, Protocol ID=0x0112; payload len=27, value=00000000FFFFFFFF010225010000000000000038DF0F6A00FF0000
VTP Management Domain: ''
Native VLAN: 666
Duplex: full
Management address(es): 
  IP address: 172.29.10.22

-------------------------
Device ID: 1st_conf_sw01.mongeneral.com
Entry address(es): 
  IP address: 172.29.10.28
Platform: cisco WS-C2960X-48FPD-L,  Capabilities: Switch IGMP 
Interface: TenGigabitEthernet2/0/18,  Port ID (outgoing port): TenGigabitEthernet1/0/2
Holdtime : 160 sec

Version :
Cisco IOS Software, C2960X Software (C2960X-UNIVERSALK9-M), Version 15.2(2)E5, RELEASE SOFTWARE (fc2)
Technical Support: http://www.cisco.com/techsupport
Copyright (c) 1986-2016 by Cisco Systems, Inc.
Compiled Thu 02-Jun-16 01:31 by prod_rel_team

advertisement version: 2
Protocol Hello:  OUI=0x00000C, Protocol ID=0x0112; payload len=27, value=00000000FFFFFFFF010225010000000000000038DF8AB680FF0000
VTP Management Domain: ''
Native VLAN: 666
Duplex: full
Management address(es): 
  IP address: 172.29.10.28

-------------------------
Device ID: 4th_nt_sw01.mongeneral.com
Entry address(es): 
  IP address: 172.29.10.23
Platform: cisco WS-C2960X-48FPD-L,  Capabilities: Switch IGMP 
Interface: TenGigabitEthernet1/0/14,  Port ID (outgoing port): TenGigabitEthernet1/0/1
Holdtime : 125 sec

Version :
Cisco IOS Software, C2960X Software (C2960X-UNIVERSALK9-M), Version 15.2(2)E5, RELEASE SOFTWARE (fc2)
Technical Support: http://www.cisco.com/techsupport
Copyright (c) 1986-2016 by Cisco Systems, Inc.
Compiled Thu 02-Jun-16 01:31 by prod_rel_team

advertisement version: 2
Protocol Hello:  OUI=0x00000C, Protocol ID=0x0112; payload len=27, value=00000000FFFFFFFF010225010000000000000038DF875E00FF0000
VTP Management Domain: ''
Native VLAN: 666
Duplex: full
Management address(es): 
  IP address: 172.29.10.23

-------------------------
Device ID: 4th_nt_sw01.mongeneral.com
Entry address(es): 
  IP address: 172.29.10.23
Platform: cisco WS-C2960X-48FPD-L,  Capabilities: Switch IGMP 
Interface: TenGigabitEthernet2/0/14,  Port ID (outgoing port): TenGigabitEthernet2/0/1
Holdtime : 170 sec

Version :
Cisco IOS Software, C2960X Software (C2960X-UNIVERSALK9-M), Version 15.2(2)E5, RELEASE SOFTWARE (fc2)
Technical Support: http://www.cisco.com/techsupport
Copyright (c) 1986-2016 by Cisco Systems, Inc.
Compiled Thu 02-Jun-16 01:31 by prod_rel_team

advertisement version: 2
Protocol Hello:  OUI=0x00000C, Protocol ID=0x0112; payload len=27, value=00000000FFFFFFFF010225010000000000000038DF875E00FF0000
VTP Management Domain: ''
Native VLAN: 666
Duplex: full
Management address(es): 
  IP address: 172.29.10.23

-------------------------
Device ID: 1st_conf_sw01.mongeneral.com
Entry address(es): 
  IP address: 172.29.10.28
Platform: cisco WS-C2960X-48FPD-L,  Capabilities: Switch IGMP 
Interface: TenGigabitEthernet1/0/18,  Port ID (outgoing port): TenGigabitEthernet1/0/1
Holdtime : 172 sec

Version :
Cisco IOS Software, C2960X Software (C2960X-UNIVERSALK9-M), Version 15.2(2)E5, RELEASE SOFTWARE (fc2)
Technical Support: http://www.cisco.com/techsupport
Copyright (c) 1986-2016 by Cisco Systems, Inc.
Compiled Thu 02-Jun-16 01:31 by prod_rel_team

advertisement version: 2
Protocol Hello:  OUI=0x00000C, Protocol ID=0x0112; payload len=27, value=00000000FFFFFFFF010225010000000000000038DF8AB680FF0000
VTP Management Domain: ''
Native VLAN: 666
Duplex: full
Management addre
DEBUG:netmiko:read_channel: ss(es): 
  IP address: 172.29.10.28

-------------------------
Device ID: 1st_st_sw02.mongeneral.com
Entry address(es): 
  IP address: 172.29.10.11
Platform: cisco WS-C2960X-48FPD-L,  Capabilities: Switch IGMP 
Interface: TenGigabitEthernet2/0/2,  Port ID (outgoing port): TenGigabitEthernet2/0/1
Holdtime : 147 sec

Version :
Cisco IOS Software, C2960X Software (C2960X-UNIVERSALK9-M), Version 15.2(2)E5, RELEASE SOFTWARE (fc2)
Technical Support: http://www.cisco.com/techsupport
Copyright (c) 1986-2016 by Cisco Systems, Inc.
Compiled Thu 02-Jun-16 01:31 by prod_rel_team

advertisement version: 2
Protocol Hello:  OUI=0x00000C, Protocol ID=0x0112; payload len=27, value=00000000FFFFFFFF010225010000000000000038DF790600FF0000
VTP Management Domain: ''
Native VLAN: 666
Duplex: full
Management address(es): 
  IP address: 172.29.10.11

-------------------------
Device ID: 1st_st_sw02.mongeneral.com
Entry address(es): 
  IP address: 172.29.10.11
Platform: cisco WS-C2960X-48FPD-L,  Capabilities: Switch IGMP 
Interface: TenGigabitEthernet1/0/2,  Port ID (outgoing port): TenGigabitEthernet1/0/1
Holdtime : 178 sec

Version :
Cisco IOS Software, C2960X Software (C2960X-UNIVERSALK9-M), Version 15.2(2)E5, RELEASE SOFTWARE (fc2)
Technical Support: http://www.cisco.com/techsupport
Copyright (c) 1986-2016 by Cisco Systems, Inc.
Compiled Thu 02-Jun-16 01:31 by prod_rel_team

advertisement version: 2
Protocol Hello:  OUI=0x00000C, Protocol ID=0x0112; payload len=27, value=00000000FFFFFFFF010225010000000000000038DF790600FF0000
VTP Management Domain: ''
Native VLAN: 666
Duplex: full
Management address(es): 
  IP address: 172.29.10.11

-------------------------
Device ID: 5th_nt_sw01.mongeneral.com
Entry address(es): 
  IP address: 172.29.10.24
Platform: cisco WS-C2960X-48FPD-L,  Capabilities: Switch IGMP 
Interface: TenGigabitEthernet2/0/15,  Port ID (outgoing port): TenGigabitEthernet2/0/1
Holdtime : 144 sec

Version :
Cisco IOS Software, C2960X Software (C2960X-UNIVERSALK9-M), Version 15.2(2)E5, RELEASE SOFTWARE (fc2)
Technical Support: http://www.cisco.com/techsupport
Copyright (c) 1986-2016 by Cisco Systems, Inc.
Compiled Thu 02-Jun-16 01:31 by prod_rel_team

advertisement version: 2
Protocol Hello:  OUI=0x00000C, Protocol ID=0x0112; payload len=27, value=00000000FFFFFFFF010225010000000000000038DF8AE080FF0000
VTP Management Domain: ''
Native VLAN: 666
Duplex: full
Management address(es): 
  IP address: 172.29.10.24

-------------------------
Device ID: 5th_nt_sw01.mongeneral.com
Entry address(es): 
  IP address: 172.29.10.24
Platform: cisco WS-C2960X-48FPD-L,  Capabilities: Switch IGMP 
Interface: TenGigabitEthernet1/0/15,  Port ID (outgoing port): TenGigabitEthernet1/0/1
Holdtime : 141 sec

Version :
Cisco IOS Software, C2960X Software (C2960X-UNIVERSALK9-M), Version 15.2(2)E5, RELEASE SOFTWARE (fc2)
Technical Support: http://www.cisco.com/techsupport
Copyright (c) 1986-2016 by Cisco Systems, Inc.
Compiled Thu 02-Jun-16 01:31 by prod_rel_team

advertisement version: 2
Protocol Hello:  OUI=0x00000C, Protocol ID=0x0112; payload len=27, value=00000000FFFFFFFF010225010000000000000038DF8AE080FF0000
VTP Management Domain: ''
Native VLAN: 666
Duplex: full
Management address(es): 
  IP address: 172.29.10.24

-------------------------
Device ID: 6th_nt_sw01.mongeneral.com
Entry address(es): 
  IP address: 172.29.10.26
Platform: cisco WS-C2960X-48FPD-L,  Capabilities: Switch IGMP 
Interface: TenGigabitEthernet2/0/17,  Port ID (outgoing port): TenGigabitEthernet2/0/2
Holdtime : 170 sec

Version :
Cisco IOS Software, C2960X Software (C2960X-UNIVERSALK9-M), Version 15.2(2)E5, RELEASE SOFTWARE (fc2)
Technical Support: http://www.cisco.com/techsupport
Copyright (c) 1986-2016 by Cisco Systems, Inc.
Compiled Thu 02-Jun-16 01:31 by prod_rel_team

advertisement version: 2
Protocol Hello:  OUI=0x00000C, Protocol ID=0x0112; payload len=27, value=00000000FFFFFFFF010225010000000000000038DF86E980FF0000
VTP Management Domain: ''
Native VLAN: 666
Duplex: full
Management address(es): 
  IP address: 172.29.10.26

-------------------------
Device ID: 5th_nt_sw02.mongeneral.com
Entry address(es): 
  IP address: 172.29.10.25
Platform: cisco WS-C2960X-48FPD-L,  Capabilities: Switch IGMP 
Interface: TenGigabitEthernet1/0/16,  Port ID (outgoing port): TenGigabitEthernet1/0/1
Holdtime : 167 sec

Version :
Cisco IOS Software, C2960X Software (C2960X-UNIVERSALK9-M), Version 15.2(2)E5, RELEASE SOFTWARE (fc2)
Technical Support: http://www.cisco.com/techsupport
Copyright (c) 1986-2016 by Cisco Systems, Inc.
Compiled Thu 02-Jun-16 01:31 by prod_rel_team

advertisement version: 2
Protocol Hello:  OUI=0x00000C, Protocol ID=0x0112; payload len=27, value=00000000FFFFFFFF010225010000000000000038DF0FAB00FF0000
VTP Management Domain: ''
Native VLAN: 666
Duplex: full
Management address(es): 
  IP address: 172.29.10.25

-------------------------
Device ID: 6th_nt_sw01.mongeneral.com
Entry address(es): 
  IP address: 172.29.10.26
Platform: cisco WS-C2960X-48FPD-L,  Capabilities: Switch IGMP 
Interface: TenGigabitEthernet1/0/17,  Port ID (outgoing port): TenGigabitEthernet1/0/1
Holdtime : 178 sec

Version :
Cisco IOS Software, C2960X Software (C2960X-UNIVERSALK9-M), Version 15.2(2)E5, RELEASE SOFTWARE (fc2)
Technical Support: http://www.cisco.com/techsupport
Copyright (c) 1986-2016 by Cisco Systems, Inc.
Compiled Thu 02-Jun-16 01:31 by prod_rel_team

advertisement version: 2
Protocol Hello:  OUI=0x00000C, Protocol ID=0x0112; payload len=27, value=00000000FFFFFFFF010225010000000000000038DF86E980FF0000
VTP Management Domain: ''
Native VLAN: 666
Duplex: full
Management address(es): 
  IP address: 172.29.10.26

-------------------------
Device ID: 5th_nt_sw02.mongeneral.com
Entry address(es): 
  IP address: 172.29.10.25
Platform: cisco WS-C2960X-48FPD-L,  Capabilities: Switch IGMP 
Interface: TenGigabitEthernet2/0/16,  Port ID (outgoing port): TenGigabitEthernet2/0/1
Holdtime : 162 sec

Version :
Cisco IOS Software, C2960X Software (C2960X-UNIVERSALK9-M), Version 15.2(2)E5, RELEASE SOFTWARE (fc2)
Technical Support: http://www.cisco.com/techsupport
Copyright (c) 1986-2016 by Cisco Systems, Inc.
Compiled Thu 02-Jun-16 01:31 by prod_rel_team

advertisement version: 2
Protocol Hello:  OUI=0x00000C, Protocol ID=0x0112; payload len=27, value=00000000FFFFFFFF010225010000000000000038DF0FAB00FF0000
VTP Management Domain: ''
Native VLAN: 666
Duplex: full
Management address(es): 
  IP address: 172.29.10.25

-------------------------
Device ID: 1st_st_sw01.mongeneral.com
Entry address(es): 
  IP address: 172.29.10.10
Platform: cisco WS-C2960X-48FPD-L,  Capabilities: Switch IGMP 
Interface: TenGigabitEthernet2/0/1,  Port ID (outgoing port): TenGigabitEthernet2/0/1
Holdtime : 125 sec

Version :
Cisco IOS Software, C2960X Software (C2960X-UNIVERSALK9-M), Version 15.2(2)E5, RELEASE SOFTWARE (fc2)
Technical Support: http://www.cisco.com/techsupport
Copyright (c) 1986-2016 by Cisco Systems, Inc.
Compiled Thu 02-Jun-16 01:31 by prod_rel_team

advertisement version: 2
Protocol Hello:  OUI=0x00000C, Protocol ID=0x0112; payload len=27, value=00000000FFFFFFFF010225010000000000000038DF86E780FF0000
VTP Management Domain: ''
Native VLAN: 666
Duplex: full
Management address(es): 
  IP address: 172.29.10.10

-------------------------
Device ID: 1st_st_sw01.mongeneral.com
Entry address(es): 
  IP address: 172.29.10.10
Platform: cisco WS-C2960X-48FPD-L,  Capabilities: Switch IGMP 
Interface: TenGigabitEthernet1/0/1,  Port ID (outgoing port): TenGigabitEthernet1/0/1
Holdtime : 168 sec

Version :
Cisco IOS Software, C2960X Software (C2960X-UNIVERSALK9-M), Version 15.2(2)E5, RELEASE SOFTWARE (fc2)
Technical Support: http://www.cisco.com/techsupport
Copyright (c) 1986-2016 by Cisco Systems, Inc.
Compiled Thu 02-Jun-16 01:31 by prod_rel_team

advertisement version: 2
Protocol Hello:  OUI=0x00000C, Protocol ID=0x0112; payload len=27, value=00000000FFFFFFFF010225010000000000000038DF86E780FF0000
VTP Management Domain: ''
Native VLAN: 666
Duplex: full
Management address(es): 
  IP address: 172.29.10.10

-------------------------
Device ID: 5th_st_sw01.mongeneral.com
Entry address(es): 
  IP address: 172.29.10.16
Platform: cisco WS-C2960X-48FPD-L,  Capabilities: Switch IGMP 
Interface: TenGigabitEthernet2/0/7,  Port ID (outgoing port): TenGigabitEthernet2/0/1
Holdtime : 144 sec

Version :
Cisco IOS Software, C2960X Software (C2960X-UNIVERSALK9-M), Version 15.2(2)E5, RELEASE SOFTWARE (fc2)
Technical Support: http://www.cisco.com/techsupport
Copyright (c) 1986-2016 by Cisco Systems, Inc.
Compiled Thu 02-Jun-16 01:31 by prod_rel_team

advertisement version: 2
Protocol Hello:  OUI=0x00000C, Protocol ID=0x0112; payload len=27, value=00000000FFFFFFFF010225010000000000000038DF8AC580FF0000
VTP Management Domain: ''
Native VLAN: 666
Duplex: full
Management address(es): 
  IP address: 172.29.10.16

-------------------------
Device ID: 5th_st_sw01.mongeneral.com
Entry address(es): 
  IP address: 172.29.10.16
Platform: cisco WS-C2960X-48FPD-L,  Capabilities: Switch IGMP 
Interface: TenGigabitEthernet1/0/7,  Port ID (outgoing port): TenGigabitEthernet1/0/1
Holdtime : 174 sec

Version :
Cisco IOS Software, C2960X Software (C2960X-UNIVERSALK9-M), Version 15.2(2)E5, RELEASE SOFTWARE (fc2)
Technical Support: http://www.cisco.com/techsupport
Copyright (c) 1986-2016 by Cisco Systems, Inc.
Compiled Thu 02-Jun-16 01:31 by prod_rel_team

advertisement version: 2
Protocol Hello:  OUI=0x00000C, Protocol ID=0x0112; payload len=27, value=00000000FFFFFFFF010225010000000000000038DF8AC580FF0000
VTP Management Domain: ''
Native VLAN: 666
Duplex: full
Management address(es): 
  IP address: 172.29.10.16

-------------------------
Device ID: 4th_st_sw01.mongeneral.com
Entry address(es): 
  IP address: 172.29.10.15
Platform: cisco WS-C2960X-48FPD-L,  Capabilities: Switch IGMP 
Interface: TenGigabitEthernet2/0/6,  Port ID (outgoing port): TenGigabitEthernet2/0/1
Holdtime : 152 sec

Version :
Cisco IOS Software, C2960X Software (C2960X-UNIVERSALK9-M), Version 15.2(2)E5, RELEASE SOFTWARE (fc2)
Technical Support: http://www.cisco.com/techsupport
Copyright (c) 1986-2016 by Cisco Systems, Inc.
Compiled Thu 02-Jun-16 01:31 by prod_rel_team

advertisement version: 2
Protocol Hello:  OUI=0x00000C, Protocol ID=0x0112; payload len=27, value=00000000FFFFFFFF010225010000000000000038DF876500FF0000
VTP Management Domain: ''
Native VLAN: 666
Duplex: full
Management address(es): 
  IP address: 172.29.10.15

-------------------------
Device ID: 4th_st_sw01.mongeneral.com
Entry address(es): 
  IP address: 172.29.10.15
Platform: cisco WS-C2960X-48FPD-L,  Capabilities: Switch IGMP 
Interface: TenGigabitEthernet1/0/6,  Port ID (outgoing port): TenGigabitEthernet1/0/1
Holdtime : 134 sec

Version :
Cisco IOS Software, C2960X Software (C2960X-UNIVERSALK9-M), Version 15.2(2)E5, RELEASE SOFTWARE (fc2)
Technical Support: http://www.cisco.com/techsupport
Copyright (c) 1986-2016 by Cisco Systems, Inc.
Compiled Thu 02-Jun-16 01:31 by prod_rel_team

advertisement version: 2
Protocol Hello:  OUI=0x00000C, Protocol ID=0x0112; payload len=27, value=00000000FFFFFFFF010225010000000000000038DF876500FF0000
VTP Management Domain: ''
Native VLAN: 666
Duplex: full
Management address(es): 
  IP address: 172.29.10.15

-------------------------
Device ID: 1st_nt_sw01.mongeneral.com
Entry address(es): 
  IP address: 172.29.10.17
Platform: cisco WS-C2960X-48FPD-L,  Capabilities: Switch IGMP 
Interface: TenGigabitEthernet2/0/8,  Port ID (outgoing port): TenGigabitEthernet2/0/1
Holdtime : 123 sec

Version :
Cisco IOS Software, C2960X Software (C2960X-UNIVERSALK9-M), Version 15.2(2)E5, RELEASE SOFTWARE (fc2)
Technical Support: http://www.cisco.com/techsupport
Copyright (c) 1986-2016 by Cisco Systems, Inc.
Compiled Thu 02-Jun-16 01:31 by prod_rel_team

advertisement version: 2
Protocol Hello:  OUI=0x00000C, Protocol ID=0x0112; payload len=27, value=00000000FFFFFFFF010225010000000000000038DF0FAA00FF0000
VTP Management Domain: ''
Native VLAN: 666
Duplex: full
Management address(es): 
  IP address: 172.29.10.17

-------------------------
Device ID: 1st_nt_sw01.mongeneral.com
Entry address(es): 
  IP address: 172.29.10.17
Platform: cisco WS-C2960X-48FPD-L,  Capabilities: Switch IGMP 
Interface: TenGigabitEthernet1/0/8,  Port ID (outgoing port): TenGigabitEthernet1/0/1
Holdtime : 174 sec

Version :
Cisco IOS Software, C2960X Software (C2960X-UNIVERSALK9-M), Version 15.2(2)E5, RELEASE SOFTWARE (fc2)
Technical Support: http://www.cisco.com/techsupport
Copyright (c) 1986-2016 by Cisco Systems, Inc.
Compiled Thu 02-Jun-16 01:31 by prod_rel_team

advertisement version: 2
Protocol Hello:  OUI=0x00000C, Protocol ID=0x0112; payload len=27, value=00000000FFFFFFFF010225010000000000000038DF0FAA00FF0000
VTP Management Domain: ''
Native VLAN: 666
Duplex: full
Management address(es): 
  IP address: 172.29.10.17

-------------------------
Device ID: 2nd_nt_sw01.mongeneral.com
Entry address(es): 
  IP address: 172.29.10.18
Platform: cisco WS-C2960X-24PS-L,  Capabilities: Switch IGMP 
Interface: TenGigabitEthernet2/0/9,  Port ID (outgoing port): TenGigabitEthernet2/0/1
Holdtime : 136 sec

Version :
Cisco IOS Software, C2960X Software (C2960X-UNIVERSALK9-M), Version 15.2(2)E5, RELEASE SOFTWARE (fc2)
Technical Support: http://www.cisco.com/techsupport
Copyright (c) 1986-2016 by Cisco Systems, Inc.
Compiled Thu 02-Jun-16 01:31 by prod_rel_team

advertisement version: 2
Protocol Hello:  OUI=0x00000C, Protocol ID=0x0112; payload len=27, value=00000000FFFFFFFF010225010000000000002C0BE9784300FF0000
VTP Management Domain: ''
Native VLAN: 666
Duplex: full
Management address(es): 
  IP address: 172.29.10.18

-------------------------
Device ID: 2nd_nt_sw01.mongeneral.com
Entry address(es): 
  IP address: 172.29.10.18
Platform: cisco WS-C2960X-24PS-L,  Capabilities: Switch IGMP 
Interface: TenGigabitEthernet1/0/9,  Port ID (outgoing port): TenGigabitEthernet1/0/1
Holdtime : 134 sec

Version :
Cisco IOS Software, C2960X Software (C2960X-UNIVERSALK9-M), Version 15.2(2)E5, RELEASE SOFTWARE (fc2)
Technical Support: http://www.cisco.com/techsupport
Copyright (c) 1986-2016 by Cisco Systems, Inc.
Compiled Thu 02-Jun-16 01:31 by prod_rel_team

advertisement version: 2
Protocol Hello:  OUI=0x00000C, Protocol ID=0x0112; payload len=27, value=00000000FFFFFFFF010225010000000000002C0BE9784300FF0000
VTP Management Domain: ''
Native VLAN: 666
Duplex: full
Management address(es): 
  IP address: 172.29.10.18

-------------------------
Device ID: 3rd_st_sw01.mongeneral.com
Entry address(es): 
  IP address: 172.29.10.13
Platform: cisco WS-C2960X-48FPD-L,  Capabilities: Switch IGMP 
Interface: TenGigabitEthernet2/0/4,  Port ID (outgoing port): TenGigabitEthernet2/0/1
Holdtime : 157 sec

Version :
Cisco IOS Software, C2960X Software (C2960X-UNIVERSALK9-M), Version 15.2(2)E5, RELEASE SOFTWARE (fc2)
Technical Support: http://www.cisco.com/techsupport
Copyright (c) 1986-2016 by Cisco Systems, Inc.
Compiled Thu 02-Jun-16 01:31 by prod_rel_team

advertisement version: 2
Protocol Hello:  OUI=0x00000C, Protocol ID=0x0112; payload len=27, value=00000000FFFFFFFF010225010000000000000038DF790280FF0000
VTP Management Domain: ''
Native VLAN: 666
Duplex: full
Management address(es): 
  IP address: 172.29.10.13

-------------------------
Device ID: 3rd_st_sw01.mongeneral.com
Entry address(es): 
  IP address: 172.29.10.13
Platform: cisco WS-C2960X-48FPD-L,  Capabilities: Switch IGMP 
Interface: TenGigabitEthernet1/0/4,  Port ID (outgoing port): TenGigabitEthernet1/0/1
Holdtime : 131 sec

Version :
Cisco IOS Software, C2960X Software (C2960X-UNIVERSALK9-M), Version 15.2(2)E5, RELEASE SOFTWARE (fc2)
Technical Support: http://www.cisco.com/techsupport
Copyright (c) 1986-2016 by Cisco Systems, Inc.
Compiled Thu 02-Jun-16 01:31 by prod_rel_team

advertisement version: 2
Protocol Hello:  OUI=0x00000C, Protocol ID=0x0112; payload len=27, value=00000000FFFFFFFF010225010000000000000038DF790280FF0000
VTP Management 
DEBUG:netmiko:read_channel: Domain: ''
Native VLAN: 666
Duplex: full
Management address(es): 
  IP address: 172.29.10.13

-------------------------
Device ID: 2nd_nt_sw03.mongeneral.com
Entry address(es): 
  IP address: 172.29.10.20
Platform: cisco WS-C2960X-48FPD-L,  Capabilities: Switch IGMP 
Interface: TenGigabitEthernet1/0/11,  Port ID (outgoing port): TenGigabitEthernet1/0/1
Holdtime : 152 sec

Version :
Cisco IOS Software, C2960X Software (C2960X-UNIVERSALK9-M), Version 15.2(2)E5, RELEASE SOFTWARE (fc2)
Technical Support: http://www.cisco.com/techsupport
Copyright (c) 1986-2016 by Cisco Systems, Inc.
Compiled Thu 02-Jun-16 01:31 by prod_rel_team

advertisement version: 2
Protocol Hello:  OUI=0x00000C, Protocol ID=0x0112; payload len=27, value=00000000FFFFFFFF010225010000000000000038DF0F4900FF0000
VTP Management Domain: ''
Native VLAN: 666
Duplex: full
Management address(es): 
  IP address: 172.29.10.20

-------------------------
Device ID: 2nd_nt_sw03.mongeneral.com
Entry address(es): 
  IP address: 172.29.10.20
Platform: cisco WS-C2960X-48FPD-L,  Capabilities: Switch IGMP 
Interface: TenGigabitEthernet2/0/11,  Port ID (outgoing port): TenGigabitEthernet2/0/1
Holdtime : 178 sec

Version :
Cisco IOS Software, C2960X Software (C2960X-UNIVERSALK9-M), Version 15.2(2)E5, RELEASE SOFTWARE (fc2)
Technical Support: http://www.cisco.com/techsupport
Copyright (c) 1986-2016 by Cisco Systems, Inc.
Compiled Thu 02-Jun-16 01:31 by prod_rel_team

advertisement version: 2
Protocol Hello:  OUI=0x00000C, Protocol ID=0x0112; payload len=27, value=00000000FFFFFFFF010225010000000000000038DF0F4900FF0000
VTP Management Domain: ''
Native VLAN: 666
Duplex: full
Management address(es): 
  IP address: 172.29.10.20

-------------------------
Device ID: 3rd_st_sw02.mongeneral.com
Entry address(es): 
  IP address: 172.29.10.14
Platform: cisco WS-C2960X-48FPD-L,  Capabilities: Switch IGMP 
Interface: TenGigabitEthernet1/0/5,  Port ID (outgoing port): TenGigabitEthernet1/0/1
Holdtime : 161 sec

Version :
Cisco IOS Software, C2960X Software (C2960X-UNIVERSALK9-M), Version 15.2(2)E6, RELEASE SOFTWARE (fc1)
Technical Support: http://www.cisco.com/techsupport
Copyright (c) 1986-2016 by Cisco Systems, Inc.
Compiled Fri 16-Dec-16 21:27 by prod_rel_team

advertisement version: 2
Protocol Hello:  OUI=0x00000C, Protocol ID=0x0112; payload len=27, value=00000000FFFFFFFF0102250100000000000000C1B1B8BC80FF0000
VTP Management Domain: ''
Native VLAN: 666
Duplex: full
Management address(es): 
  IP address: 172.29.10.14

-------------------------
Device ID: 2nd_nt_sw02.mongeneral.com
Entry address(es): 
  IP address: 172.29.10.19
Platform: cisco WS-C2960X-48FPD-L,  Capabilities: Switch IGMP 
Interface: TenGigabitEthernet2/0/10,  Port ID (outgoing port): TenGigabitEthernet2/0/1
Holdtime : 144 sec

Version :
Cisco IOS Software, C2960X Software (C2960X-UNIVERSALK9-M), Version 15.2(2)E5, RELEASE SOFTWARE (fc2)
Technical Support: http://www.cisco.com/techsupport
Copyright (c) 1986-2016 by Cisco Systems, Inc.
Compiled Thu 02-Jun-16 01:31 by prod_rel_team

advertisement version: 2
Protocol Hello:  OUI=0x00000C, Protocol ID=0x0112; payload len=27, value=00000000FFFFFFFF010225010000000000000038DF8ACD80FF0000
VTP Management Domain: ''
Native VLAN: 666
Duplex: full
Management address(es): 
  IP address: 172.29.10.19

-------------------------
Device ID: 3rd_st_sw02.mongeneral.com
Entry address(es): 
  IP address: 172.29.10.14
Platform: cisco WS-C2960X-48FPD-L,  Capabilities: Switch IGMP 
Interface: TenGigabitEthernet2/0/5,  Port ID (outgoing port): TenGigabitEthernet2/0/1
Holdtime : 162 sec

Version :
Cisco IOS Software, C2960X Software (C2960X-UNIVERSALK9-M), Version 15.2(2)E6, RELEASE SOFTWARE (fc1)
Technical Support: http://www.cisco.com/techsupport
Copyright (c) 1986-2016 by Cisco Systems, Inc.
Compiled Fri 16-Dec-16 21:27 by prod_rel_team

advertisement version: 2
Protocol Hello:  OUI=0x00000C, Protocol ID=0x0112; payload len=27, value=00000000FFFFFFFF0102250100000000000000C1B1B8BC80FF0000
VTP Management Domain: ''
Native VLAN: 666
Duplex: full
Management address(es): 
  IP address: 172.29.10.14

-------------------------
Device ID: 2nd_nt_sw02.mongeneral.com
Entry address(es): 
  IP address: 172.29.10.19
Platform: cisco WS-C2960X-48FPD-L,  Capabilities: Switch IGMP 
Interface: TenGigabitEthernet1/0/10,  Port ID (outgoing port): TenGigabitEthernet1/0/1
Holdtime : 137 sec

Version :
Cisco IOS Software, C2960X Software (C2960X-UNIVERSALK9-M), Version 15.2(2)E5, RELEASE SOFTWARE (fc2)
Technical Support: http://www.cisco.com/techsupport
Copyright (c) 1986-2016 by Cisco Systems, Inc.
Compiled Thu 02-Jun-16 01:31 by prod_rel_team

advertisement version: 2
Protocol Hello:  OUI=0x00000C, Protocol ID=0x0112; payload len=27, value=00000000FFFFFFFF010225010000000000000038DF8ACD80FF0000
VTP Management Domain: ''
Native VLAN: 666
Duplex: full
Management address(es): 
  IP address: 172.29.10.19

-------------------------
Device ID: MGH1A-CORE.mongeneral.com
Entry address(es): 
  IP address: 172.26.2.122
Platform: cisco WS-C4507R+E,  Capabilities: Switch IGMP 
Interface: TenGigabitEthernet2/0/24,  Port ID (outgoing port): TenGigabitEthernet4/1
Holdtime : 171 sec

Version :
Cisco IOS Software, Catalyst 4500 L3 Switch Software (cat4500e-IPBASEK9-M), Version 15.0(2)SG2, RELEASE SOFTWARE (fc3)
Technical Support: http://www.cisco.com/techsupport
Copyright (c) 1986-2011 by Cisco Systems, Inc.
Compiled Wed 07-Dec-11 20:20 by prod_rel_team

advertisement version: 2
VTP Management Domain: 'MonGen'
Native VLAN: 666
Duplex: full
Management address(es): 
  IP address: 172.26.2.122

-------------------------
Device ID: MGH1A-CORE.mongeneral.com
Entry address(es): 
  IP address: 172.26.2.122
Platform: cisco WS-C4507R+E,  Capabilities: Switch IGMP 
Interface: TenGigabitEthernet1/0/24,  Port ID (outgoing port): TenGigabitEthernet3/1
Holdtime : 171 sec

Version :
Cisco IOS Software, Catalyst 4500 L3 Switch Software (cat4500e-IPBASEK9-M), Version 15.0(2)SG2, RELEASE SOFTWARE (fc3)
Technical Support: http://www.cisco.com/techsupport
Copyright (c) 1986-2011 by Cisco Systems, Inc.
Compiled Wed 07-Dec-11 20:20 by prod_rel_team

advertisement version: 2
VTP Management Domain: 'MonGen'
Native VLAN: 666
Duplex: full
Management address(es): 
  IP address: 172.26.2.122


Total cdp entries displayed : 38
1ST_NT_MDF_SW01#
DEBUG:netmiko:write_channel: b'\n'
DEBUG:netmiko:read_channel: 

DEBUG:netmiko:read_channel: 1ST_NT_MDF_SW01#
DEBUG:netmiko:read_channel: 
DEBUG:netmiko:read_channel: 
DEBUG:netmiko:write_channel: b'exit\n'
DEBUG:paramiko.transport:starting thread (client mode): 0x5abbcdc0
DEBUG:paramiko.transport:Local version/idstring: SSH-2.0-paramiko_2.7.1
DEBUG:paramiko.transport:Remote version/idstring: SSH-2.0-Cisco-1.25
INFO:paramiko.transport:Connected (version 2.0, client Cisco-1.25)
DEBUG:paramiko.transport:kex algos:['diffie-hellman-group-exchange-sha1', 'diffie-hellman-group14-sha1', 'diffie-hellman-group1-sha1'] server key:['ssh-rsa'] client encrypt:['aes128-ctr', 'aes192-ctr', 'aes256-ctr', 'aes128-cbc', '3des-cbc', 'aes192-cbc', 'aes256-cbc'] server encrypt:['aes128-ctr', 'aes192-ctr', 'aes256-ctr', 'aes128-cbc', '3des-cbc', 'aes192-cbc', 'aes256-cbc'] client mac:['hmac-sha1', 'hmac-sha1-96'] server mac:['hmac-sha1', 'hmac-sha1-96'] client compress:['none'] server compress:['none'] client lang:[''] server lang:[''] kex follows?False
DEBUG:paramiko.transport:Kex agreed: diffie-hellman-group-exchange-sha1
DEBUG:paramiko.transport:HostKey agreed: ssh-rsa
DEBUG:paramiko.transport:Cipher agreed: aes128-ctr
DEBUG:paramiko.transport:MAC agreed: hmac-sha1
DEBUG:paramiko.transport:Compression agreed: none
DEBUG:paramiko.transport:Got server p (2048 bits)
DEBUG:paramiko.transport:kex engine KexGex specified hash_algo <built-in function openssl_sha1>
DEBUG:paramiko.transport:Switch to new keys ...
DEBUG:paramiko.transport:Adding ssh-rsa host key for 3rd_nt_sw01: b'3b918f9ee7fb03ecd4e554bcaacc6aa2'
DEBUG:paramiko.transport:userauth is OK
INFO:paramiko.transport:Authentication (password) successful!
DEBUG:paramiko.transport:[chan 0] Max packet in: 32768 bytes
DEBUG:paramiko.transport:[chan 0] Max packet out: 4096 bytes
DEBUG:paramiko.transport:Secsh channel 0 opened.
DEBUG:paramiko.transport:[chan 0] Sesch channel 0 request ok
DEBUG:paramiko.transport:[chan 0] Sesch channel 0 request ok
DEBUG:netmiko:read_channel: C
------------------------------------------------------------------------------------
WARNING:


This system is for the use of authorized clients only. Individuals using the
computer network system without authorization, or in excess of their authorization,
are subject to having all their activity on this computer network system monitored
and recorded by system personnel.  To protect the computer network system from
unauthorized use and to ensure the computer network system is functioning properly,
system administrators monitor this system.  Anyone using this computer network
system expressly consents to such monitoring and is advised that if such monitoring
reveals possible conduct of criminal activity, system personnel may provide the
evidence of such activity to law enforcement officers.

Access is restricted to authorized users only.

Unauthorized access is a violation of state and federal, civil and criminal laws.
------------------------------------------------------------------------------------

3rd_nt_sw01>
DEBUG:netmiko:read_channel: 
DEBUG:netmiko:read_channel: 
DEBUG:netmiko:read_channel: 
DEBUG:netmiko:write_channel: b'\n'
DEBUG:netmiko:read_channel: 
3rd_nt_sw01>
DEBUG:netmiko:read_channel: 
DEBUG:netmiko:[find_prompt()]: prompt is 3rd_nt_sw01>
DEBUG:netmiko:read_channel: 
DEBUG:netmiko:In disable_paging
DEBUG:netmiko:Command: terminal length 0

DEBUG:netmiko:write_channel: b'terminal length 0\n'
DEBUG:netmiko:Pattern is: terminal\ length\ 0
DEBUG:netmiko:_read_channel_expect read_data: t
DEBUG:netmiko:_read_channel_expect read_data: erminal length 0
3rd_nt_sw01>
DEBUG:netmiko:Pattern found: terminal\ length\ 0 terminal length 0
3rd_nt_sw01>
DEBUG:netmiko:terminal length 0
3rd_nt_sw01>
DEBUG:netmiko:Exiting disable_paging
DEBUG:netmiko:write_channel: b'terminal width 511\n'
DEBUG:netmiko:Pattern is: terminal\ width\ 511
DEBUG:netmiko:_read_channel_expect read_data: t
DEBUG:netmiko:_read_channel_expect read_data: erminal width 511
3rd_nt_sw01>
DEBUG:netmiko:Pattern found: terminal\ width\ 511 terminal width 511
3rd_nt_sw01>
DEBUG:netmiko:read_channel: 
DEBUG:netmiko:write_channel: b'\n'
DEBUG:netmiko:Pattern is: 3rd_nt_sw01
DEBUG:netmiko:_read_channel_expect read_data: 

DEBUG:netmiko:_read_channel_expect read_data: 3rd_nt_sw01>
DEBUG:netmiko:Pattern found: 3rd_nt_sw01 
3rd_nt_sw01>
DEBUG:netmiko:write_channel: b'enable\n'
DEBUG:netmiko:Pattern is: (3rd_nt_sw01|ssword)
DEBUG:netmiko:_read_channel_expect read_data: e
DEBUG:netmiko:_read_channel_expect read_data: nable
Password: 
DEBUG:netmiko:Pattern found: (3rd_nt_sw01|ssword) enable
Password: 
DEBUG:netmiko:write_channel: b'change-mgh\n'
DEBUG:netmiko:Pattern is: 3rd_nt_sw01
DEBUG:netmiko:_read_channel_expect read_data: 
3rd_nt_sw01#
DEBUG:netmiko:Pattern found: 3rd_nt_sw01 
3rd_nt_sw01#
DEBUG:netmiko:write_channel: b'\n'
DEBUG:netmiko:Pattern is: 3rd_nt_sw01
DEBUG:netmiko:_read_channel_expect read_data: 

DEBUG:netmiko:_read_channel_expect read_data: 3rd_nt_sw01#
DEBUG:netmiko:Pattern found: 3rd_nt_sw01 
3rd_nt_sw01#
DEBUG:netmiko:read_channel: 
DEBUG:netmiko:write_channel: b'\n'
DEBUG:netmiko:read_channel: 
3rd_nt_sw01#
DEBUG:netmiko:read_channel: 
DEBUG:netmiko:[find_prompt()]: prompt is 3rd_nt_sw01#
DEBUG:netmiko:read_channel: 
DEBUG:netmiko:write_channel: b'sh cdp nei det\n'
DEBUG:netmiko:Pattern is: sh\ cdp\ nei\ det
DEBUG:netmiko:_read_channel_expect read_data: s
DEBUG:netmiko:_read_channel_expect read_data: h cdp nei det
-------------------------
Device ID: ap-3n-ccu2
Entry address(es): 
  IP address: 172.29.144.60
  IPv6 address: FE80::C28C:60FF:FE20:7C54  (link-local)
Platform: cisco AIR-CAP3602I-A-K9,  Capabilities: Trans-Bridge Source-Route-Bridge IGMP 
Interface: GigabitEthernet1/0/43,  Port ID (outgoing port): GigabitEthernet0
Holdtime : 139 sec

Version :
Cisco IOS Software, C3600 Software (AP3G2-K9W8-M), Version 15.3(3)JA8, RELEASE SOFTWARE (fc1)
Technical Support: http://www.cisco.com/techsupport
Copyright (c) 1986-2016 by Cisco Systems, Inc.
Compiled Fri 22-Apr-16 05:48 by prod_rel_team

advertisement version: 2
Duplex: full
Power drawn: 15.400 Watts
Power request id: 54023, Power management id: 2
Power request levels are:15400 13000 0 0 0 
Management address(es): 
  IP address: 172.29.144.60

-------------------------
Device ID: ap-3n-inf
Entry address(es): 
  IP address: 172.29.144.59
  IPv6 address: FE80::C28C:60FF:FE20:7CCF  (link-local)
Platform: cisco AIR-CAP3602I-A-K9,  Capabilities: Trans-Bridge Source-Route-Bridge IGMP 
Interface: GigabitEthernet2/0/41,  Port ID (outgoing port): GigabitEthernet0
Holdtime : 138 sec

Version :
Cisco IOS Software, C3600 Software (AP3G2-K9W8-M), Version 15.3(3)JA8, RELEASE SOFTWARE (fc1)
Technical Support: http://www.cisco.com/techsupport
Copyright (c) 1986-2016 by Cisco Systems, Inc.
Compiled Fri 22-Apr-16 05:48 by prod_rel_team

advertisement version: 2
Duplex: full
Power drawn: 15.400 Watts
Power request id: 29336, Power management id: 2
Power request levels are:15400 13000 0 0 0 
Management address(es): 
  IP address: 172.29.144.59

-------------------------
Device ID: 1ST_NT_MDF_SW01.mongeneral.com
Entry address(es): 
  IP address: 172.26.1.3
Platform: cisco WS-C3850-24XS,  Capabilities: Router Switch IGMP 
Interface: TenGigabitEthernet2/0/1,  Port ID (outgoing port): TenGigabitEthernet2/0/12
Holdtime : 152 sec

Version :
Cisco IOS Software, IOS-XE Software, Catalyst L3 Switch Software (CAT3K_CAA-UNIVERSALK9-M), Version 03.07.04E RELEASE SOFTWARE (fc1)
Technical Support: http://www.cisco.com/techsupport
Copyright (c) 1986-2016 by Cisco Systems, Inc.
Compiled Thu 19-May-16 11:48 by prod_rel_team

advertisement version: 2
VTP Management Domain: 'MonGen'
Native VLAN: 666
Duplex: full
Management address(es): 
  IP address: 172.26.1.3

-------------------------
Device ID: 1ST_NT_MDF_SW01.mongeneral.com
Entry address(es): 
  IP address: 172.26.1.3
Platform: cisco WS-C3850-24XS,  Capabilities: Router Switch IGMP 
Interface: TenGigabitEthernet1/0/1,  Port ID (outgoing port): TenGigabitEthernet1/0/12
Holdtime : 131 sec

Version :
Cisco IOS Software, IOS-XE Software, Catalyst L3 Switch Software (CAT3K_CAA-UNIVERSALK9-M), Version 03.07.04E RELEASE SOFTWARE (fc1)
Technical Support: http://www.cisco.com/techsupport
Copyright (c) 1986-2016 by Cisco Systems, Inc.
Compiled Thu 19-May-16 11:48 by prod_rel_team

advertisement version: 2
VTP Management Domain: 'MonGen'
Native VLAN: 666
Duplex: full
Management address(es): 
  IP address: 172.26.1.3

-------------------------
Device ID: ap-3s-waitrm
Entry address(es): 
  IP address: 172.29.144.57
  IPv6 address: FE80::C28C:60FF:FE20:7CD3  (link-local)
Platform: cisco AIR-CAP3602I-A-K9,  Capabilities: Trans-Bridge Source-Route-Bridge IGMP 
Interface: GigabitEthernet2/0/29,  Port ID (outgoing port): GigabitEthernet0
Holdtime : 169 sec

Version :
Cisco IOS Software, C3600 Software (AP3G2-K9W8-M), Version 15.3(3)JA8, RELEASE SOFTWARE (fc1)
Technical Support: http://www.cisco.com/techsupport
Copyright (c) 1986-2016 by Cisco Systems, Inc.
Compiled Fri 22-Apr-16 05:48 by prod_rel_team

advertisement version: 2
Duplex: full
Power drawn: 15.400 Watts
Power request id: 25115, Power management id: 10
Power request levels are:15400 13000 0 0 0 
Management address(es): 
  IP address: 172.29.144.57

-------------------------
Device ID: ap-3n-8
Entry address(es): 
  IP address: 172.29.144.58
  IPv6 address: FE80::C267:AFFF:FE5B:D1E  (link-local)
Platform: cisco AIR-CAP3602I-A-K9,  Capabilities: Trans-Bridge Source-Route-Bridge IGMP 
Interface: GigabitEthernet2/0/39,  Port ID (outgoing port): GigabitEthernet0
Holdtime : 129 sec

Version :
Cisco IOS Software, C3600 Software (AP3G2-K9W8-M), Version 15.3(3)JA8, RELEASE SOFTWARE (fc1)
Technical Support: http://www.cisco.com/techsupport
Copyright (c) 1986-2016 by Cisco Systems, Inc.
Compiled Fri 22-Apr-16 05:48 by prod_rel_team

advertisement version: 2
Duplex: full
Power drawn: 15.400 Watts
Power request id: 23376, Power management id: 2
Power request levels are:15400 13000 0 0 0 
Management address(es): 
  IP address: 172.29.144.58


Total cdp entries displayed : 6
3rd_nt_sw01#
DEBUG:netmiko:Pattern found: sh\ cdp\ nei\ det sh cdp nei det
-------------------------
Device ID: ap-3n-ccu2
Entry address(es): 
  IP address: 172.29.144.60
  IPv6 address: FE80::C28C:60FF:FE20:7C54  (link-local)
Platform: cisco AIR-CAP3602I-A-K9,  Capabilities: Trans-Bridge Source-Route-Bridge IGMP 
Interface: GigabitEthernet1/0/43,  Port ID (outgoing port): GigabitEthernet0
Holdtime : 139 sec

Version :
Cisco IOS Software, C3600 Software (AP3G2-K9W8-M), Version 15.3(3)JA8, RELEASE SOFTWARE (fc1)
Technical Support: http://www.cisco.com/techsupport
Copyright (c) 1986-2016 by Cisco Systems, Inc.
Compiled Fri 22-Apr-16 05:48 by prod_rel_team

advertisement version: 2
Duplex: full
Power drawn: 15.400 Watts
Power request id: 54023, Power management id: 2
Power request levels are:15400 13000 0 0 0 
Management address(es): 
  IP address: 172.29.144.60

-------------------------
Device ID: ap-3n-inf
Entry address(es): 
  IP address: 172.29.144.59
  IPv6 address: FE80::C28C:60FF:FE20:7CCF  (link-local)
Platform: cisco AIR-CAP3602I-A-K9,  Capabilities: Trans-Bridge Source-Route-Bridge IGMP 
Interface: GigabitEthernet2/0/41,  Port ID (outgoing port): GigabitEthernet0
Holdtime : 138 sec

Version :
Cisco IOS Software, C3600 Software (AP3G2-K9W8-M), Version 15.3(3)JA8, RELEASE SOFTWARE (fc1)
Technical Support: http://www.cisco.com/techsupport
Copyright (c) 1986-2016 by Cisco Systems, Inc.
Compiled Fri 22-Apr-16 05:48 by prod_rel_team

advertisement version: 2
Duplex: full
Power drawn: 15.400 Watts
Power request id: 29336, Power management id: 2
Power request levels are:15400 13000 0 0 0 
Management address(es): 
  IP address: 172.29.144.59

-------------------------
Device ID: 1ST_NT_MDF_SW01.mongeneral.com
Entry address(es): 
  IP address: 172.26.1.3
Platform: cisco WS-C3850-24XS,  Capabilities: Router Switch IGMP 
Interface: TenGigabitEthernet2/0/1,  Port ID (outgoing port): TenGigabitEthernet2/0/12
Holdtime : 152 sec

Version :
Cisco IOS Software, IOS-XE Software, Catalyst L3 Switch Software (CAT3K_CAA-UNIVERSALK9-M), Version 03.07.04E RELEASE SOFTWARE (fc1)
Technical Support: http://www.cisco.com/techsupport
Copyright (c) 1986-2016 by Cisco Systems, Inc.
Compiled Thu 19-May-16 11:48 by prod_rel_team

advertisement version: 2
VTP Management Domain: 'MonGen'
Native VLAN: 666
Duplex: full
Management address(es): 
  IP address: 172.26.1.3

-------------------------
Device ID: 1ST_NT_MDF_SW01.mongeneral.com
Entry address(es): 
  IP address: 172.26.1.3
Platform: cisco WS-C3850-24XS,  Capabilities: Router Switch IGMP 
Interface: TenGigabitEthernet1/0/1,  Port ID (outgoing port): TenGigabitEthernet1/0/12
Holdtime : 131 sec

Version :
Cisco IOS Software, IOS-XE Software, Catalyst L3 Switch Software (CAT3K_CAA-UNIVERSALK9-M), Version 03.07.04E RELEASE SOFTWARE (fc1)
Technical Support: http://www.cisco.com/techsupport
Copyright (c) 1986-2016 by Cisco Systems, Inc.
Compiled Thu 19-May-16 11:48 by prod_rel_team

advertisement version: 2
VTP Management Domain: 'MonGen'
Native VLAN: 666
Duplex: full
Management address(es): 
  IP address: 172.26.1.3

-------------------------
Device ID: ap-3s-waitrm
Entry address(es): 
  IP address: 172.29.144.57
  IPv6 address: FE80::C28C:60FF:FE20:7CD3  (link-local)
Platform: cisco AIR-CAP3602I-A-K9,  Capabilities: Trans-Bridge Source-Route-Bridge IGMP 
Interface: GigabitEthernet2/0/29,  Port ID (outgoing port): GigabitEthernet0
Holdtime : 169 sec

Version :
Cisco IOS Software, C3600 Software (AP3G2-K9W8-M), Version 15.3(3)JA8, RELEASE SOFTWARE (fc1)
Technical Support: http://www.cisco.com/techsupport
Copyright (c) 1986-2016 by Cisco Systems, Inc.
Compiled Fri 22-Apr-16 05:48 by prod_rel_team

advertisement version: 2
Duplex: full
Power drawn: 15.400 Watts
Power request id: 25115, Power management id: 10
Power request levels are:15400 13000 0 0 0 
Management address(es): 
  IP address: 172.29.144.57

-------------------------
Device ID: ap-3n-8
Entry address(es): 
  IP address: 172.29.144.58
  IPv6 address: FE80::C267:AFFF:FE5B:D1E  (link-local)
Platform: cisco AIR-CAP3602I-A-K9,  Capabilities: Trans-Bridge Source-Route-Bridge IGMP 
Interface: GigabitEthernet2/0/39,  Port ID (outgoing port): GigabitEthernet0
Holdtime : 129 sec

Version :
Cisco IOS Software, C3600 Software (AP3G2-K9W8-M), Version 15.3(3)JA8, RELEASE SOFTWARE (fc1)
Technical Support: http://www.cisco.com/techsupport
Copyright (c) 1986-2016 by Cisco Systems, Inc.
Compiled Fri 22-Apr-16 05:48 by prod_rel_team

advertisement version: 2
Duplex: full
Power drawn: 15.400 Watts
Power request id: 23376, Power management id: 2
Power request levels are:15400 13000 0 0 0 
Management address(es): 
  IP address: 172.29.144.58


Total cdp entries displayed : 6
3rd_nt_sw01#
DEBUG:netmiko:write_channel: b'\n'
DEBUG:netmiko:read_channel: 
3rd_nt_sw01#
DEBUG:netmiko:read_channel: 
DEBUG:netmiko:read_channel: 
DEBUG:netmiko:write_channel: b'exit\n'
DEBUG:paramiko.transport:EOF in transport thread
DEBUG:paramiko.transport:starting thread (client mode): 0x5ab5c0d0
DEBUG:paramiko.transport:Local version/idstring: SSH-2.0-paramiko_2.7.1
DEBUG:paramiko.transport:Remote version/idstring: SSH-2.0-Cisco-1.25
INFO:paramiko.transport:Connected (version 2.0, client Cisco-1.25)
DEBUG:paramiko.transport:kex algos:['diffie-hellman-group-exchange-sha1', 'diffie-hellman-group14-sha1', 'diffie-hellman-group1-sha1'] server key:['ssh-rsa'] client encrypt:['aes128-ctr', 'aes192-ctr', 'aes256-ctr', 'aes128-cbc', '3des-cbc', 'aes192-cbc', 'aes256-cbc'] server encrypt:['aes128-ctr', 'aes192-ctr', 'aes256-ctr', 'aes128-cbc', '3des-cbc', 'aes192-cbc', 'aes256-cbc'] client mac:['hmac-sha1', 'hmac-sha1-96'] server mac:['hmac-sha1', 'hmac-sha1-96'] client compress:['none'] server compress:['none'] client lang:[''] server lang:[''] kex follows?False
DEBUG:paramiko.transport:Kex agreed: diffie-hellman-group-exchange-sha1
DEBUG:paramiko.transport:HostKey agreed: ssh-rsa
DEBUG:paramiko.transport:Cipher agreed: aes128-ctr
DEBUG:paramiko.transport:MAC agreed: hmac-sha1
DEBUG:paramiko.transport:Compression agreed: none
DEBUG:paramiko.transport:Got server p (2048 bits)
DEBUG:paramiko.transport:kex engine KexGex specified hash_algo <built-in function openssl_sha1>
DEBUG:paramiko.transport:Switch to new keys ...
DEBUG:paramiko.transport:Adding ssh-rsa host key for 2nd_st_sw01: b'09797297eda8a04bd7e51c780c2537bd'
DEBUG:paramiko.transport:userauth is OK
INFO:paramiko.transport:Authentication (password) successful!
DEBUG:paramiko.transport:[chan 0] Max packet in: 32768 bytes
DEBUG:paramiko.transport:[chan 0] Max packet out: 4096 bytes
DEBUG:paramiko.transport:Secsh channel 0 opened.
DEBUG:paramiko.transport:[chan 0] Sesch channel 0 request ok
DEBUG:paramiko.transport:[chan 0] Sesch channel 0 request ok
DEBUG:netmiko:read_channel: C
------------------------------------------------------------------------------------
WARNING:


This system is for the use of authorized clients only. Individuals using the
computer network system without authorization, or in excess of their authorization,
are subject to having all their activity on this computer network system monitored
and recorded by system personnel.  To protect the computer network system from
unauthorized use and to ensure the computer network system is functioning properly,
system administrators monitor this system.  Anyone using this computer network
system expressly consents to such monitoring and is advised that if such monitoring
reveals possible conduct of criminal activity, system personnel may provide the
evidence of such activity to law enforcement officers.

Access is restricted to authorized users only.

Unauthorized access is a violation of state and federal, civil and criminal laws.
------------------------------------------------------------------------------------

2nd_st_sw01>
DEBUG:netmiko:read_channel: 
DEBUG:netmiko:read_channel: 
DEBUG:netmiko:read_channel: 
DEBUG:netmiko:write_channel: b'\n'
DEBUG:netmiko:read_channel: 
2nd_st_sw01>
DEBUG:netmiko:read_channel: 
DEBUG:netmiko:[find_prompt()]: prompt is 2nd_st_sw01>
DEBUG:netmiko:read_channel: 
DEBUG:netmiko:In disable_paging
DEBUG:netmiko:Command: terminal length 0

DEBUG:netmiko:write_channel: b'terminal length 0\n'
DEBUG:netmiko:Pattern is: terminal\ length\ 0
DEBUG:netmiko:_read_channel_expect read_data: t
DEBUG:netmiko:_read_channel_expect read_data: erminal length 0
2nd_st_sw01>
DEBUG:netmiko:Pattern found: terminal\ length\ 0 terminal length 0
2nd_st_sw01>
DEBUG:netmiko:terminal length 0
2nd_st_sw01>
DEBUG:netmiko:Exiting disable_paging
DEBUG:netmiko:write_channel: b'terminal width 511\n'
DEBUG:netmiko:Pattern is: terminal\ width\ 511
DEBUG:netmiko:_read_channel_expect read_data: t
DEBUG:netmiko:_read_channel_expect read_data: erminal width 511
2nd_st_sw01>
DEBUG:netmiko:Pattern found: terminal\ width\ 511 terminal width 511
2nd_st_sw01>
DEBUG:netmiko:read_channel: 
DEBUG:netmiko:write_channel: b'\n'
DEBUG:netmiko:Pattern is: 2nd_st_sw01
DEBUG:netmiko:_read_channel_expect read_data: 

DEBUG:netmiko:_read_channel_expect read_data: 2nd_st_sw01>
DEBUG:netmiko:Pattern found: 2nd_st_sw01 
2nd_st_sw01>
DEBUG:netmiko:write_channel: b'enable\n'
DEBUG:netmiko:Pattern is: (2nd_st_sw01|ssword)
DEBUG:netmiko:_read_channel_expect read_data: e
DEBUG:netmiko:_read_channel_expect read_data: nable
Password: 
DEBUG:netmiko:Pattern found: (2nd_st_sw01|ssword) enable
Password: 
DEBUG:netmiko:write_channel: b'change-mgh\n'
DEBUG:netmiko:Pattern is: 2nd_st_sw01
DEBUG:netmiko:_read_channel_expect read_data: 
2nd_st_sw01#
DEBUG:netmiko:Pattern found: 2nd_st_sw01 
2nd_st_sw01#
DEBUG:netmiko:write_channel: b'\n'
DEBUG:netmiko:Pattern is: 2nd_st_sw01
DEBUG:netmiko:_read_channel_expect read_data: 

DEBUG:netmiko:_read_channel_expect read_data: 2nd_st_sw01#
DEBUG:netmiko:Pattern found: 2nd_st_sw01 
2nd_st_sw01#
DEBUG:netmiko:read_channel: 
DEBUG:netmiko:write_channel: b'\n'
DEBUG:netmiko:read_channel: 
2nd_st_sw01#
DEBUG:netmiko:read_channel: 
DEBUG:netmiko:[find_prompt()]: prompt is 2nd_st_sw01#
DEBUG:netmiko:read_channel: 
DEBUG:netmiko:write_channel: b'sh cdp nei det\n'
DEBUG:netmiko:Pattern is: sh\ cdp\ nei\ det
DEBUG:netmiko:_read_channel_expect read_data: s
DEBUG:netmiko:_read_channel_expect read_data: h cdp nei det
-------------------------
Device ID: ap-2-47
Entry address(es): 
  IP address: 172.29.108.59
  IPv6 address: FE80::26B:F1FF:FEE8:2A60  (link-local)
Platform: cisco AIR-CAP3702I-B-K9,  Capabilities: Trans-Bridge Source-Route-Bridge IGMP 
Interface: GigabitEthernet7/0/15,  Port ID (outgoing port): GigabitEthernet0
Holdtime : 151 sec

Version :
Cisco IOS Software, C3700 Software (AP3G2-K9W8-M), Version 15.3(3)JA8, RELEASE SOFTWARE (fc1)
Technical Support: http://www.cisco.com/techsupport
Copyright (c) 1986-2016 by Cisco Systems, Inc.
Compiled Fri 22-Apr-16 05:48 by prod_rel_team

advertisement version: 2
Duplex: full
Power drawn: 16.800 Watts
Power request id: 13991, Power management id: 2
Power request levels are:16800 15400 13000 0 0 
Management address(es): 
  IP address: 172.29.108.59

-------------------------
Device ID: ap-2-46
Entry address(es): 
  IP address: 172.29.108.57
  IPv6 address: FE80::26B:F1FF:FEE2:198  (link-local)
Platform: cisco AIR-CAP3702I-B-K9,  Capabilities: Trans-Bridge Source-Route-Bridge IGMP 
Interface: GigabitEthernet7/0/11,  Port ID (outgoing port): GigabitEthernet0
Holdtime : 130 sec

Version :
Cisco IOS Software, C3700 Software (AP3G2-K9W8-M), Version 15.3(3)JA8, RELEASE SOFTWARE (fc1)
Technical Support: http://www.cisco.com/techsupport
Copyright (c) 1986-2016 by Cisco Systems, Inc.
Compiled Fri 22-Apr-16 05:48 by prod_rel_team

advertisement version: 2
Duplex: full
Power drawn: 16.800 Watts
Power request id: 32582, Power management id: 2
Power request levels are:16800 15400 13000 0 0 
Management address(es): 
  IP address: 172.29.108.57

-------------------------
Device ID: ap-2-45
Entry address(es): 
  IP address: 172.29.108.61
  IPv6 address: FE80::26B:F1FF:FEBC:4590  (link-local)
Platform: cisco AIR-CAP3702I-B-K9,  Capabilities: Trans-Bridge Source-Route-Bridge IGMP 
Interface: GigabitEthernet7/0/13,  Port ID (outgoing port): GigabitEthernet0
Holdtime : 134 sec

Version :
Cisco IOS Software, C3700 Software (AP3G2-K9W8-M), Version 15.3(3)JA8, RELEASE SOFTWARE (fc1)
Technical Support: http://www.cisco.com/techsupport
Copyright (c) 1986-2016 by Cisco Systems, Inc.
Compiled Fri 22-Apr-16 05:48 by prod_rel_team

advertisement version: 2
Duplex: full
Power drawn: 16.800 Watts
Power request id: 51752, Power management id: 2
Power request levels are:16800 15400 13000 0 0 
Management address(es): 
  IP address: 172.29.108.61

-------------------------
Device ID: ap-2-44
Entry address(es): 
  IP address: 172.29.108.60
  IPv6 address: FE80::26B:F1FF:FEE2:268  (link-local)
Platform: cisco AIR-CAP3702I-B-K9,  Capabilities: Trans-Bridge Source-Route-Bridge IGMP 
Interface: GigabitEthernet7/0/17,  Port ID (outgoing port): GigabitEthernet0
Holdtime : 136 sec

Version :
Cisco IOS Software, C3700 Software (AP3G2-K9W8-M), Version 15.3(3)JA8, RELEASE SOFTWARE (fc1)
Technical Support: http://www.cisco.com/techsupport
Copyright (c) 1986-2016 by Cisco Systems, Inc.
Compiled Fri 22-Apr-16 05:48 by prod_rel_team

advertisement version: 2
Duplex: full
Power drawn: 16.800 Watts
Power request id: 25655, Power management id: 2
Power request levels are:16800 15400 13000 0 0 
Management address(es): 
  IP address: 172.29.108.60

-------------------------
Device ID: ap-2-43
Entry address(es): 
  IP address: 172.29.108.54
  IPv6 address: FE80::26B:F1FF:FEE2:248  (link-local)
Platform: cisco AIR-CAP3702I-B-K9,  Capabilities: Trans-Bridge Source-Route-Bridge IGMP 
Interface: GigabitEthernet7/0/19,  Port ID (outgoing port): GigabitEthernet0
Holdtime : 128 sec

Version :
Cisco IOS Software, C3700 Software (AP3G2-K9W8-M), Version 15.3(3)JA8, RELEASE SOFTWARE (fc1)
Technical Support: http://www.cisco.com/techsupport
Copyright (c) 1986-2016 by Cisco Systems, Inc.
Compiled Fri 22-Apr-16 05:48 by prod_rel_team

advertisement version: 2
Duplex: full
Power drawn: 16.800 Watts
Power request id: 894, Power management id: 2
Power request levels are:16800 15400 13000 0 0 
Management address(es): 
  IP address: 172.29.108.54

-------------------------
Device ID: ap-2-42
Entry address(es): 
  IP address: 172.29.108.52
  IPv6 address: FE80::26B:F1FF:FEBC:4670  (link-local)
Platform: cisco AIR-CAP3702I-B-K9,  Capabilities: Trans-Bridge Source-Route-Bridge IGMP 
Interface: GigabitEthernet7/0/21,  Port ID (outgoing port): GigabitEthernet0
Holdtime : 128 sec

Version :
Cisco IOS Software, C3700 Software (AP3G2-K9W8-M), Version 15.3(3)JA8, RELEASE SOFTWARE (fc1)
Technical Support: http://www.cisco.com/techsupport
Copyright (c) 1986-2016 by Cisco Systems, Inc.
Compiled Fri 22-Apr-16 05:48 by prod_rel_team

advertisement version: 2
Duplex: full
Power drawn: 16.800 Watts
Power request id: 15236, Power management id: 17
Power request levels are:16800 15400 13000 0 0 
Management address(es): 
  IP address: 172.29.108.52

-------------------------
Device ID: ap-2-41
Entry address(es): 
  IP address: 172.29.108.56
  IPv6 address: FE80::26B:F1FF:FEE8:29FC  (link-local)
Platform: cisco AIR-CAP3702I-B-K9,  Capabilities: Trans-Bridge Source-Route-Bridge IGMP 
Interface: GigabitEthernet7/0/5,  Port ID (outgoing port): GigabitEthernet0
Holdtime : 152 sec

Version :
Cisco IOS Software, C3700 Software (AP3G2-K9W8-M), Version 15.3(3)JA8, RELEASE SOFTWARE (fc1)
Technical Support: http://www.cisco.com/techsupport
Copyright (c) 1986-2016 by Cisco Systems, Inc.
Compiled Fri 22-Apr-16 05:48 by prod_rel_team

advertisement version: 2
Duplex: full
Power drawn: 16.800 Watts
Power request id: 60825, Power management id: 2
Power request levels are:16800 15400 13000 0 0 
Management address(es): 
  IP address: 172.29.108.56

-------------------------
Device ID: ap-2-37
Entry address(es): 
  IP address: 172.29.108.51
  IPv6 address: FE80::26B:F1FF:FEE2:108  (link-local)
Platform: cisco AIR-CAP3702I-B-K9,  Capabilities: Trans-Bridge Source-Route-Bridge IGMP 
Interface: GigabitEthernet7/0/1,  Port ID (outgoing port): GigabitEthernet0
Holdtime : 138 sec

Version :
Cisco IOS Software, C3700 Software (AP3G2-K9W8-M), Version 15.3(3)JA8, RELEASE SOFTWARE (fc1)
Technical Support: http://www.cisco.com/techsupport
Copyright (c) 1986-2016 by Cisco Systems, Inc.
Compiled Fri 22-Apr-16 05:48 by prod_rel_team

advertisement version: 2
Duplex: full
Power drawn: 16.800 Watts
Power request id: 48714, Power management id: 2
Power request levels are:16800 15400 13000 0 0 
Management address(es): 
  IP address: 172.29.108.51

-------------------------
Device ID: ap-2-40
Entry address(es): 
  IP address: 172.29.108.58
  IPv6 address: FE80::26B:F1FF:FEE3:2828  (link-local)
Platform: cisco AIR-CAP3702I-B-K9,  Capabilities: Trans-Bridge Source-Route-Bridge IGMP 
Interface: GigabitEthernet7/0/9,  Port ID (outgoing port): GigabitEthernet0
Holdtime : 168 sec

Version :
Cisco IOS Software, C3700 Software (AP3G2-K9W8-M), Version 15.3(3)JA8, RELEASE SOFTWARE (fc1)
Technical Support: http://www.cisco.com/techsupport
Copyright (c) 1986-2016 by Cisco Systems, Inc.
Compiled Fri 22-Apr-16 05:48 by prod_rel_team

advertisement version: 2
Duplex: full
Power drawn: 16.800 Watts
Power request id: 36320, Power management id: 2
Power request levels are:16800 15400 13000 0 0 
Management address(es): 
  IP address: 172.29.108.58

-------------------------
Device ID: ap-2-38
Entry address(es): 
  IP address: 172.29.108.55
  IPv6 address: FE80::26B:F1FF:FEBC:49B4  (link-local)
Platform: cisco AIR-CAP3702I-B-K9,  Capabilities: Trans-Bridge Source-Route-Bridge IGMP 
Interface: GigabitEthernet7/0/3,  Port ID (outgoing port): GigabitEthernet0
Holdtime : 151 sec

Version :
Cisco IOS Software, C3700 Software (AP3G2-K9W8-M), Version 15.3(3)JA8, RELEASE SOFTWARE (fc1)
Technical Support: http://www.cisco.com/techsupport
Copyright (c) 1986-2016 by Cisco Systems, Inc.
Compiled Fri 22-Apr-16 05:48 by prod_rel_team

advertisement version: 2
Duplex: full
Power drawn: 16.800 Watts
Power request id: 63746, Power management id: 2
Power request levels are:16800 15400 13000 0 0 
Management address(es): 
  IP address: 172.29.1
DEBUG:netmiko:Pattern found: sh\ cdp\ nei\ det sh cdp nei det
-------------------------
Device ID: ap-2-47
Entry address(es): 
  IP address: 172.29.108.59
  IPv6 address: FE80::26B:F1FF:FEE8:2A60  (link-local)
Platform: cisco AIR-CAP3702I-B-K9,  Capabilities: Trans-Bridge Source-Route-Bridge IGMP 
Interface: GigabitEthernet7/0/15,  Port ID (outgoing port): GigabitEthernet0
Holdtime : 151 sec

Version :
Cisco IOS Software, C3700 Software (AP3G2-K9W8-M), Version 15.3(3)JA8, RELEASE SOFTWARE (fc1)
Technical Support: http://www.cisco.com/techsupport
Copyright (c) 1986-2016 by Cisco Systems, Inc.
Compiled Fri 22-Apr-16 05:48 by prod_rel_team

advertisement version: 2
Duplex: full
Power drawn: 16.800 Watts
Power request id: 13991, Power management id: 2
Power request levels are:16800 15400 13000 0 0 
Management address(es): 
  IP address: 172.29.108.59

-------------------------
Device ID: ap-2-46
Entry address(es): 
  IP address: 172.29.108.57
  IPv6 address: FE80::26B:F1FF:FEE2:198  (link-local)
Platform: cisco AIR-CAP3702I-B-K9,  Capabilities: Trans-Bridge Source-Route-Bridge IGMP 
Interface: GigabitEthernet7/0/11,  Port ID (outgoing port): GigabitEthernet0
Holdtime : 130 sec

Version :
Cisco IOS Software, C3700 Software (AP3G2-K9W8-M), Version 15.3(3)JA8, RELEASE SOFTWARE (fc1)
Technical Support: http://www.cisco.com/techsupport
Copyright (c) 1986-2016 by Cisco Systems, Inc.
Compiled Fri 22-Apr-16 05:48 by prod_rel_team

advertisement version: 2
Duplex: full
Power drawn: 16.800 Watts
Power request id: 32582, Power management id: 2
Power request levels are:16800 15400 13000 0 0 
Management address(es): 
  IP address: 172.29.108.57

-------------------------
Device ID: ap-2-45
Entry address(es): 
  IP address: 172.29.108.61
  IPv6 address: FE80::26B:F1FF:FEBC:4590  (link-local)
Platform: cisco AIR-CAP3702I-B-K9,  Capabilities: Trans-Bridge Source-Route-Bridge IGMP 
Interface: GigabitEthernet7/0/13,  Port ID (outgoing port): GigabitEthernet0
Holdtime : 134 sec

Version :
Cisco IOS Software, C3700 Software (AP3G2-K9W8-M), Version 15.3(3)JA8, RELEASE SOFTWARE (fc1)
Technical Support: http://www.cisco.com/techsupport
Copyright (c) 1986-2016 by Cisco Systems, Inc.
Compiled Fri 22-Apr-16 05:48 by prod_rel_team

advertisement version: 2
Duplex: full
Power drawn: 16.800 Watts
Power request id: 51752, Power management id: 2
Power request levels are:16800 15400 13000 0 0 
Management address(es): 
  IP address: 172.29.108.61

-------------------------
Device ID: ap-2-44
Entry address(es): 
  IP address: 172.29.108.60
  IPv6 address: FE80::26B:F1FF:FEE2:268  (link-local)
Platform: cisco AIR-CAP3702I-B-K9,  Capabilities: Trans-Bridge Source-Route-Bridge IGMP 
Interface: GigabitEthernet7/0/17,  Port ID (outgoing port): GigabitEthernet0
Holdtime : 136 sec

Version :
Cisco IOS Software, C3700 Software (AP3G2-K9W8-M), Version 15.3(3)JA8, RELEASE SOFTWARE (fc1)
Technical Support: http://www.cisco.com/techsupport
Copyright (c) 1986-2016 by Cisco Systems, Inc.
Compiled Fri 22-Apr-16 05:48 by prod_rel_team

advertisement version: 2
Duplex: full
Power drawn: 16.800 Watts
Power request id: 25655, Power management id: 2
Power request levels are:16800 15400 13000 0 0 
Management address(es): 
  IP address: 172.29.108.60

-------------------------
Device ID: ap-2-43
Entry address(es): 
  IP address: 172.29.108.54
  IPv6 address: FE80::26B:F1FF:FEE2:248  (link-local)
Platform: cisco AIR-CAP3702I-B-K9,  Capabilities: Trans-Bridge Source-Route-Bridge IGMP 
Interface: GigabitEthernet7/0/19,  Port ID (outgoing port): GigabitEthernet0
Holdtime : 128 sec

Version :
Cisco IOS Software, C3700 Software (AP3G2-K9W8-M), Version 15.3(3)JA8, RELEASE SOFTWARE (fc1)
Technical Support: http://www.cisco.com/techsupport
Copyright (c) 1986-2016 by Cisco Systems, Inc.
Compiled Fri 22-Apr-16 05:48 by prod_rel_team

advertisement version: 2
Duplex: full
Power drawn: 16.800 Watts
Power request id: 894, Power management id: 2
Power request levels are:16800 15400 13000 0 0 
Management address(es): 
  IP address: 172.29.108.54

-------------------------
Device ID: ap-2-42
Entry address(es): 
  IP address: 172.29.108.52
  IPv6 address: FE80::26B:F1FF:FEBC:4670  (link-local)
Platform: cisco AIR-CAP3702I-B-K9,  Capabilities: Trans-Bridge Source-Route-Bridge IGMP 
Interface: GigabitEthernet7/0/21,  Port ID (outgoing port): GigabitEthernet0
Holdtime : 128 sec

Version :
Cisco IOS Software, C3700 Software (AP3G2-K9W8-M), Version 15.3(3)JA8, RELEASE SOFTWARE (fc1)
Technical Support: http://www.cisco.com/techsupport
Copyright (c) 1986-2016 by Cisco Systems, Inc.
Compiled Fri 22-Apr-16 05:48 by prod_rel_team

advertisement version: 2
Duplex: full
Power drawn: 16.800 Watts
Power request id: 15236, Power management id: 17
Power request levels are:16800 15400 13000 0 0 
Management address(es): 
  IP address: 172.29.108.52

-------------------------
Device ID: ap-2-41
Entry address(es): 
  IP address: 172.29.108.56
  IPv6 address: FE80::26B:F1FF:FEE8:29FC  (link-local)
Platform: cisco AIR-CAP3702I-B-K9,  Capabilities: Trans-Bridge Source-Route-Bridge IGMP 
Interface: GigabitEthernet7/0/5,  Port ID (outgoing port): GigabitEthernet0
Holdtime : 152 sec

Version :
Cisco IOS Software, C3700 Software (AP3G2-K9W8-M), Version 15.3(3)JA8, RELEASE SOFTWARE (fc1)
Technical Support: http://www.cisco.com/techsupport
Copyright (c) 1986-2016 by Cisco Systems, Inc.
Compiled Fri 22-Apr-16 05:48 by prod_rel_team

advertisement version: 2
Duplex: full
Power drawn: 16.800 Watts
Power request id: 60825, Power management id: 2
Power request levels are:16800 15400 13000 0 0 
Management address(es): 
  IP address: 172.29.108.56

-------------------------
Device ID: ap-2-37
Entry address(es): 
  IP address: 172.29.108.51
  IPv6 address: FE80::26B:F1FF:FEE2:108  (link-local)
Platform: cisco AIR-CAP3702I-B-K9,  Capabilities: Trans-Bridge Source-Route-Bridge IGMP 
Interface: GigabitEthernet7/0/1,  Port ID (outgoing port): GigabitEthernet0
Holdtime : 138 sec

Version :
Cisco IOS Software, C3700 Software (AP3G2-K9W8-M), Version 15.3(3)JA8, RELEASE SOFTWARE (fc1)
Technical Support: http://www.cisco.com/techsupport
Copyright (c) 1986-2016 by Cisco Systems, Inc.
Compiled Fri 22-Apr-16 05:48 by prod_rel_team

advertisement version: 2
Duplex: full
Power drawn: 16.800 Watts
Power request id: 48714, Power management id: 2
Power request levels are:16800 15400 13000 0 0 
Management address(es): 
  IP address: 172.29.108.51

-------------------------
Device ID: ap-2-40
Entry address(es): 
  IP address: 172.29.108.58
  IPv6 address: FE80::26B:F1FF:FEE3:2828  (link-local)
Platform: cisco AIR-CAP3702I-B-K9,  Capabilities: Trans-Bridge Source-Route-Bridge IGMP 
Interface: GigabitEthernet7/0/9,  Port ID (outgoing port): GigabitEthernet0
Holdtime : 168 sec

Version :
Cisco IOS Software, C3700 Software (AP3G2-K9W8-M), Version 15.3(3)JA8, RELEASE SOFTWARE (fc1)
Technical Support: http://www.cisco.com/techsupport
Copyright (c) 1986-2016 by Cisco Systems, Inc.
Compiled Fri 22-Apr-16 05:48 by prod_rel_team

advertisement version: 2
Duplex: full
Power drawn: 16.800 Watts
Power request id: 36320, Power management id: 2
Power request levels are:16800 15400 13000 0 0 
Management address(es): 
  IP address: 172.29.108.58

-------------------------
Device ID: ap-2-38
Entry address(es): 
  IP address: 172.29.108.55
  IPv6 address: FE80::26B:F1FF:FEBC:49B4  (link-local)
Platform: cisco AIR-CAP3702I-B-K9,  Capabilities: Trans-Bridge Source-Route-Bridge IGMP 
Interface: GigabitEthernet7/0/3,  Port ID (outgoing port): GigabitEthernet0
Holdtime : 151 sec

Version :
Cisco IOS Software, C3700 Software (AP3G2-K9W8-M), Version 15.3(3)JA8, RELEASE SOFTWARE (fc1)
Technical Support: http://www.cisco.com/techsupport
Copyright (c) 1986-2016 by Cisco Systems, Inc.
Compiled Fri 22-Apr-16 05:48 by prod_rel_team

advertisement version: 2
Duplex: full
Power drawn: 16.800 Watts
Power request id: 63746, Power management id: 2
Power request levels are:16800 15400 13000 0 0 
Management address(es): 
  IP address: 172.29.1
DEBUG:netmiko:read_channel: 08.55

-------------------------
Device ID: ap-2-39
Entry address(es): 
  IP address: 172.29.108.53
  IPv6 address: FE80::26B:F1FF:FEE3:2854  (link-local)
Platform: cisco AIR-CAP3702I-B-K9,  Capabilities: Trans-Bridge Source-Route-Bridge IGMP 
Interface: GigabitEthernet7/0/7,  Port ID (outgoing port): GigabitEthernet0
Holdtime : 145 sec

Version :
Cisco IOS Software, C3700 Software (AP3G2-K9W8-M), Version 15.3(3)JA8, RELEASE SOFTWARE (fc1)
Technical Support: http://www.cisco.com/techsupport
Copyright (c) 1986-2016 by Cisco Systems, Inc.
Compiled Fri 22-Apr-16 05:48 by prod_rel_team

advertisement version: 2
Duplex: full
Power drawn: 16.800 Watts
Power request id: 28145, Power management id: 2
Power request levels are:16800 15400 13000 0 0 
Management address(es): 
  IP address: 172.29.108.53

-------------------------
Device ID: ap-2s-mammo
Entry address(es): 
  IP address: 172.29.108.81
  IPv6 address: FE80::C28C:60FF:FE20:7D2D  (link-local)
Platform: cisco AIR-CAP3602I-A-K9,  Capabilities: Trans-Bridge Source-Route-Bridge IGMP 
Interface: GigabitEthernet1/0/36,  Port ID (outgoing port): GigabitEthernet0
Holdtime : 169 sec

Version :
Cisco IOS Software, C3600 Software (AP3G2-K9W8-M), Version 15.3(3)JA8, RELEASE SOFTWARE (fc1)
Technical Support: http://www.cisco.com/techsupport
Copyright (c) 1986-2016 by Cisco Systems, Inc.
Compiled Fri 22-Apr-16 05:48 by prod_rel_team

advertisement version: 2
Duplex: full
Power drawn: 15.400 Watts
Power request id: 38588, Power management id: 2
Power request levels are:15400 13000 0 0 0 
Management address(es): 
  IP address: 172.29.108.81

-------------------------
Device ID: ap-2-1.62
Entry address(es): 
  IP address: 172.29.108.77
  IPv6 address: FE80::C28C:60FF:FE20:7D04  (link-local)
Platform: cisco AIR-CAP3602I-A-K9,  Capabilities: Trans-Bridge Source-Route-Bridge IGMP 
Interface: GigabitEthernet1/0/26,  Port ID (outgoing port): GigabitEthernet0
Holdtime : 133 sec

Version :
Cisco IOS Software, C3600 Software (AP3G2-K9W8-M), Version 15.3(3)JA8, RELEASE SOFTWARE (fc1)
Technical Support: http://www.cisco.com/techsupport
Copyright (c) 1986-2016 by Cisco Systems, Inc.
Compiled Fri 22-Apr-16 05:48 by prod_rel_team

advertisement version: 2
Duplex: full
Power drawn: 15.400 Watts
Power request id: 14613, Power management id: 2
Power request levels are:15400 13000 0 0 0 
Management address(es): 
  IP address: 172.29.108.77

-------------------------
Device ID: 1ST_NT_MDF_SW01.mongeneral.com
Entry address(es): 
  IP address: 172.26.1.3
Platform: cisco WS-C3850-24XS,  Capabilities: Router Switch IGMP 
Interface: TenGigabitEthernet2/0/1,  Port ID (outgoing port): TenGigabitEthernet2/0/3
Holdtime : 168 sec

Version :
Cisco IOS Software, IOS-XE Software, Catalyst L3 Switch Software (CAT3K_CAA-UNIVERSALK9-M), Version 03.07.04E RELEASE SOFTWARE (fc1)
Technical Support: http://www.cisco.com/techsupport
Copyright (c) 1986-2016 by Cisco Systems, Inc.
Compiled Thu 19-May-16 11:48 by prod_rel_team

advertisement version: 2
VTP Management Domain: 'MonGen'
Native VLAN: 666
Duplex: full
Management address(es): 
  IP address: 172.26.1.3

-------------------------
Device ID: 1ST_NT_MDF_SW01.mongeneral.com
Entry address(es): 
  IP address: 172.26.1.3
Platform: cisco WS-C3850-24XS,  Capabilities: Router Switch IGMP 
Interface: TenGigabitEthernet1/0/1,  Port ID (outgoing port): TenGigabitEthernet1/0/3
Holdtime : 161 sec

Version :
Cisco IOS Software, IOS-XE Software, Catalyst L3 Switch Software (CAT3K_CAA-UNIVERSALK9-M), Version 03.07.04E RELEASE SOFTWARE (fc1)
Technical Support: http://www.cisco.com/techsupport
Copyright (c) 1986-2016 by Cisco Systems, Inc.
Compiled Thu 19-May-16 11:48 by prod_rel_team

advertisement version: 2
VTP Management Domain: 'MonGen'
Native VLAN: 666
Duplex: full
Management address(es): 
  IP address: 172.26.1.3

-------------------------
Device ID: ap-2s-hall
Entry address(es): 
  IP address: 172.29.108.129
  IPv6 address: FE80::C267:AFFF:FE5B:D56  (link-local)
Platform: cisco AIR-CAP3602I-A-K9,  Capabilities: Trans-Bridge Source-Route-Bridge IGMP 
Interface: GigabitEthernet6/0/14,  Port ID (outgoing port): GigabitEthernet0
Holdtime : 137 sec

Version :
Cisco IOS Software, C3600 Software (AP3G2-K9W8-M), Version 15.3(3)JA8, RELEASE SOFTWARE (fc1)
Technical Support: http://www.cisco.com/techsupport
Copyright (c) 1986-2016 by Cisco Systems, Inc.
Compiled Fri 22-Apr-16 05:48 by prod_rel_team

advertisement version: 2
Duplex: full
Power drawn: 15.400 Watts
Power request id: 20250, Power management id: 2
Power request levels are:15400 13000 0 0 0 
Management address(es): 
  IP address: 172.29.108.129

-------------------------
Device ID: ap-2s-jazz
Entry address(es): 
  IP address: 172.29.108.69
  IPv6 address: FE80::C28C:60FF:FE20:7D6D  (link-local)
Platform: cisco AIR-CAP3602I-A-K9,  Capabilities: Trans-Bridge Source-Route-Bridge IGMP 
Interface: GigabitEthernet1/0/18,  Port ID (outgoing port): GigabitEthernet0
Holdtime : 179 sec

Version :
Cisco IOS Software, C3600 Software (AP3G2-K9W8-M), Version 15.3(3)JA8, RELEASE SOFTWARE (fc1)
Technical Support: http://www.cisco.com/techsupport
Copyright (c) 1986-2016 by Cisco Systems, Inc.
Compiled Fri 22-Apr-16 05:48 by prod_rel_team

advertisement version: 2
Duplex: full
Power drawn: 15.400 Watts
Power request id: 6196, Power management id: 2
Power request levels are:15400 13000 0 0 0 
Management address(es): 
  IP address: 172.29.108.69

-------------------------
Device ID: ap-2s-ed1
Entry address(es): 
  IP address: 172.29.108.126
  IPv6 address: FE80::7E69:F6FF:FEEF:84AC  (link-local)
Platform: cisco AIR-CAP3602I-A-K9,  Capabilities: Trans-Bridge Source-Route-Bridge IGMP 
Interface: GigabitEthernet6/0/38,  Port ID (outgoing port): GigabitEthernet0
Holdtime : 172 sec

Version :
Cisco IOS Software, C3600 Software (AP3G2-K9W8-M), Version 15.3(3)JA8, RELEASE SOFTWARE (fc1)
Technical Support: http://www.cisco.com/techsupport
Copyright (c) 1986-2016 by Cisco Systems, Inc.
Compiled Fri 22-Apr-16 05:48 by prod_rel_team

advertisement version: 2
Duplex: full
Power drawn: 15.400 Watts
Power request id: 59006, Power management id: 2
Power request levels are:15400 13000 0 0 0 
Management address(es): 
  IP address: 172.29.108.126

-------------------------
Device ID: ap-2s-ed3
Entry address(es): 
  IP address: 172.29.108.105
  IPv6 address: FE80::C28C:60FF:FE20:7CD2  (link-local)
Platform: cisco AIR-CAP3602I-A-K9,  Capabilities: Trans-Bridge Source-Route-Bridge IGMP 
Interface: GigabitEthernet7/0/42,  Port ID (outgoing port): GigabitEthernet0
Holdtime : 176 sec

Version :
Cisco IOS Software, C3600 Software (AP3G2-K9W8-M), Version 15.3(3)JA8, RELEASE SOFTWARE (fc1)
Technical Support: http://www.cisco.com/techsupport
Copyright (c) 1986-2016 by Cisco Systems, Inc.
Compiled Fri 22-Apr-16 05:48 by prod_rel_team

advertisement version: 2
Duplex: full
Power drawn: 15.400 Watts
Power request id: 51484, Power management id: 2
Power request levels are:15400 13000 0 0 0 
Management address(es): 
  IP address: 172.29.108.105

-------------------------
Device ID: ap-2s-ed2
Entry address(es): 
  IP address: 172.29.108.125
  IPv6 address: FE80::C28C:60FF:FE20:7D4D  (link-local)
Platform: cisco AIR-CAP3602I-A-K9,  Capabilities: Trans-Bridge Source-Route-Bridge IGMP 
Interface: GigabitEthernet6/0/24,  Port ID (outgoing port): GigabitEthernet0
Holdtime : 177 sec

Version :
Cisco IOS Software, C3600 Software (AP3G2-K9W8-M), Version 15.3(3)JA8, RELEASE SOFTWARE (fc1)
Technical Support: http://www.cisco.com/techsupport
Copyright (c) 1986-2016 by Cisco Systems, Inc.
Compiled Fri 22-Apr-16 05:48 by prod_rel_team

advertisement version: 2
Duplex: full
Power drawn: 15.400 Watts
Power request id: 38555, Power management id: 2
Power request levels are:15400 13000 0 0 0 
Management address(es): 
  IP address: 172.29.108.125

-------------------------
Device ID: ap-2n-1
Entry address(es): 
  IP address: 172.29.108.73
  IPv6 address: FE80::C267:AFFF:FE5B:D22  (link-local)
Platform: cisco AIR-CAP3602I-A-K9,  Capabilities: Trans-Bridge Source-Route-Bridge IGMP 
Interface: GigabitEthernet3/0/39,  Port ID (outgoing port): GigabitEthernet0
Holdtime : 169 sec

Version :
Cisco IOS Software, C3600 Software (AP3G2-K9W8-M), Version 15.3(3)JA8, RELEASE SOFTWARE (fc1)
Technical Support: http://www.cisco.com/techsupport
Copyright (c) 1986-2016 by Cisco Systems, Inc.
Compiled Fri 22-Apr-16 05:48 by prod_rel_team

advertisement version: 2
Duplex: full
Power drawn: 15.400 Watts
Power request id: 32917, Power management id: 3
Power request levels are:15400 13000 0 0 0 
Management address(es): 
  IP address: 172.29.108.73


Total cdp entries displayed : 21
2nd_st_sw01#
DEBUG:netmiko:write_channel: b'\n'
DEBUG:netmiko:read_channel: 
2nd_st_sw01#
DEBUG:netmiko:read_channel: 
DEBUG:netmiko:read_channel: 
DEBUG:netmiko:write_channel: b'exit\n'
DEBUG:paramiko.transport:EOF in transport thread
DEBUG:paramiko.transport:starting thread (client mode): 0x5ab7ca60
DEBUG:paramiko.transport:Local version/idstring: SSH-2.0-paramiko_2.7.1
DEBUG:paramiko.transport:Remote version/idstring: SSH-2.0-Cisco-1.25
INFO:paramiko.transport:Connected (version 2.0, client Cisco-1.25)
DEBUG:paramiko.transport:kex algos:['diffie-hellman-group-exchange-sha1', 'diffie-hellman-group14-sha1', 'diffie-hellman-group1-sha1'] server key:['ssh-rsa'] client encrypt:['aes128-ctr', 'aes192-ctr', 'aes256-ctr', 'aes128-cbc', '3des-cbc', 'aes192-cbc', 'aes256-cbc'] server encrypt:['aes128-ctr', 'aes192-ctr', 'aes256-ctr', 'aes128-cbc', '3des-cbc', 'aes192-cbc', 'aes256-cbc'] client mac:['hmac-sha1', 'hmac-sha1-96'] server mac:['hmac-sha1', 'hmac-sha1-96'] client compress:['none'] server compress:['none'] client lang:[''] server lang:[''] kex follows?False
DEBUG:paramiko.transport:Kex agreed: diffie-hellman-group-exchange-sha1
DEBUG:paramiko.transport:HostKey agreed: ssh-rsa
DEBUG:paramiko.transport:Cipher agreed: aes128-ctr
DEBUG:paramiko.transport:MAC agreed: hmac-sha1
DEBUG:paramiko.transport:Compression agreed: none
DEBUG:paramiko.transport:Got server p (2048 bits)
DEBUG:paramiko.transport:kex engine KexGex specified hash_algo <built-in function openssl_sha1>
DEBUG:paramiko.transport:Switch to new keys ...
DEBUG:paramiko.transport:Adding ssh-rsa host key for 3rd_nt_sw02: b'175d5b88a26a7d673828d9c4695ec598'
DEBUG:paramiko.transport:userauth is OK
INFO:paramiko.transport:Authentication (password) successful!
DEBUG:paramiko.transport:[chan 0] Max packet in: 32768 bytes
DEBUG:paramiko.transport:[chan 0] Max packet out: 4096 bytes
DEBUG:paramiko.transport:Secsh channel 0 opened.
DEBUG:paramiko.transport:[chan 0] Sesch channel 0 request ok
DEBUG:paramiko.transport:[chan 0] Sesch channel 0 request ok
DEBUG:netmiko:read_channel: C
------------------------------------------------------------------------------------
WARNING:


This system is for the use of authorized clients only. Individuals using the
computer network system without authorization, or in excess of their authorization,
are subject to having all their activity on this computer network system monitored
and recorded by system personnel.  To protect the computer network system from
unauthorized use and to ensure the computer network system is functioning properly,
system administrators monitor this system.  Anyone using this computer network
system expressly consents to such monitoring and is advised that if such monitoring
reveals possible conduct of criminal activity, system personnel may provide the
evidence of such activity to law enforcement officers.

Access is restricted to authorized users only.

Unauthorized access is a violation of state and federal, civil and criminal laws.
------------------------------------------------------------------------------------

3rd_nt_sw02>
DEBUG:netmiko:read_channel: 
DEBUG:netmiko:read_channel: 
DEBUG:netmiko:read_channel: 
DEBUG:netmiko:write_channel: b'\n'
DEBUG:netmiko:read_channel: 
3rd_nt_sw02>
DEBUG:netmiko:read_channel: 
DEBUG:netmiko:[find_prompt()]: prompt is 3rd_nt_sw02>
DEBUG:netmiko:read_channel: 
DEBUG:netmiko:In disable_paging
DEBUG:netmiko:Command: terminal length 0

DEBUG:netmiko:write_channel: b'terminal length 0\n'
DEBUG:netmiko:Pattern is: terminal\ length\ 0
DEBUG:netmiko:_read_channel_expect read_data: t
DEBUG:netmiko:_read_channel_expect read_data: erminal length 0
3rd_nt_sw02>
DEBUG:netmiko:Pattern found: terminal\ length\ 0 terminal length 0
3rd_nt_sw02>
DEBUG:netmiko:terminal length 0
3rd_nt_sw02>
DEBUG:netmiko:Exiting disable_paging
DEBUG:netmiko:write_channel: b'terminal width 511\n'
DEBUG:netmiko:Pattern is: terminal\ width\ 511
DEBUG:netmiko:_read_channel_expect read_data: t
DEBUG:netmiko:_read_channel_expect read_data: erminal width 511
3rd_nt_sw02>
DEBUG:netmiko:Pattern found: terminal\ width\ 511 terminal width 511
3rd_nt_sw02>
DEBUG:netmiko:read_channel: 
DEBUG:netmiko:write_channel: b'\n'
DEBUG:netmiko:Pattern is: 3rd_nt_sw02
DEBUG:netmiko:_read_channel_expect read_data: 

DEBUG:netmiko:_read_channel_expect read_data: 3rd_nt_sw02>
DEBUG:netmiko:Pattern found: 3rd_nt_sw02 
3rd_nt_sw02>
DEBUG:netmiko:write_channel: b'enable\n'
DEBUG:netmiko:Pattern is: (3rd_nt_sw02|ssword)
DEBUG:netmiko:_read_channel_expect read_data: e
DEBUG:netmiko:_read_channel_expect read_data: nable
Password: 
DEBUG:netmiko:Pattern found: (3rd_nt_sw02|ssword) enable
Password: 
DEBUG:netmiko:write_channel: b'change-mgh\n'
DEBUG:netmiko:Pattern is: 3rd_nt_sw02
DEBUG:netmiko:_read_channel_expect read_data: 
3rd_nt_sw02#
DEBUG:netmiko:Pattern found: 3rd_nt_sw02 
3rd_nt_sw02#
DEBUG:netmiko:write_channel: b'\n'
DEBUG:netmiko:Pattern is: 3rd_nt_sw02
DEBUG:netmiko:_read_channel_expect read_data: 

DEBUG:netmiko:_read_channel_expect read_data: 3rd_nt_sw02#
DEBUG:netmiko:Pattern found: 3rd_nt_sw02 
3rd_nt_sw02#
DEBUG:netmiko:read_channel: 
DEBUG:netmiko:write_channel: b'\n'
DEBUG:netmiko:read_channel: 
3rd_nt_sw02#
DEBUG:netmiko:read_channel: 
DEBUG:netmiko:[find_prompt()]: prompt is 3rd_nt_sw02#
DEBUG:netmiko:read_channel: 
DEBUG:netmiko:write_channel: b'sh cdp nei det\n'
DEBUG:netmiko:Pattern is: sh\ cdp\ nei\ det
DEBUG:netmiko:_read_channel_expect read_data: s
DEBUG:netmiko:_read_channel_expect read_data: h cdp nei det
-------------------------
Device ID: ap-3n-ccu1
Entry address(es): 
  IP address: 172.29.148.63
  IPv6 address: FE80::C28C:60FF:FE44:852D  (link-local)
Platform: cisco AIR-CAP3602I-A-K9,  Capabilities: Trans-Bridge Source-Route-Bridge IGMP 
Interface: GigabitEthernet4/0/3,  Port ID (outgoing port): GigabitEthernet0
Holdtime : 178 sec

Version :
Cisco IOS Software, C3600 Software (AP3G2-K9W8-M), Version 15.3(3)JA8, RELEASE SOFTWARE (fc1)
Technical Support: http://www.cisco.com/techsupport
Copyright (c) 1986-2016 by Cisco Systems, Inc.
Compiled Fri 22-Apr-16 05:48 by prod_rel_team

advertisement version: 2
Duplex: full
Power drawn: 15.400 Watts
Power request id: 48007, Power management id: 2
Power request levels are:15400 13000 0 0 0 
Management address(es): 
  IP address: 172.29.148.63

-------------------------
Device ID: ap-3-233
Entry address(es): 
  IP address: 172.29.148.60
  IPv6 address: FE80::26B:F1FF:FE5A:8AD0  (link-local)
Platform: cisco AIR-CAP3702I-B-K9,  Capabilities: Trans-Bridge Source-Route-Bridge IGMP 
Interface: GigabitEthernet3/0/11,  Port ID (outgoing port): GigabitEthernet0
Holdtime : 137 sec

Version :
Cisco IOS Software, C3700 Software (AP3G2-K9W8-M), Version 15.3(3)JA8, RELEASE SOFTWARE (fc1)
Technical Support: http://www.cisco.com/techsupport
Copyright (c) 1986-2016 by Cisco Systems, Inc.
Compiled Fri 22-Apr-16 05:48 by prod_rel_team

advertisement version: 2
Duplex: full
Power drawn: 16.800 Watts
Power request id: 45283, Power management id: 2
Power request levels are:16800 15400 13000 0 0 
Management address(es): 
  IP address: 172.29.148.60

-------------------------
Device ID: ap-3-232
Entry address(es): 
  IP address: 172.29.148.61
  IPv6 address: FE80::26B:F1FF:FE47:316C  (link-local)
Platform: cisco AIR-CAP3702I-B-K9,  Capabilities: Trans-Bridge Source-Route-Bridge IGMP 
Interface: GigabitEthernet3/0/12,  Port ID (outgoing port): GigabitEthernet0
Holdtime : 128 sec

Version :
Cisco IOS Software, C3700 Software (AP3G2-K9W8-M), Version 15.3(3)JA8, RELEASE SOFTWARE (fc1)
Technical Support: http://www.cisco.com/techsupport
Copyright (c) 1986-2016 by Cisco Systems, Inc.
Compiled Fri 22-Apr-16 05:48 by prod_rel_team

advertisement version: 2
Duplex: full
Power drawn: 16.800 Watts
Power request id: 46071, Power management id: 2
Power request levels are:16800 15400 13000 0 0 
Management address(es): 
  IP address: 172.29.148.61

-------------------------
Device ID: ap-3-231
Entry address(es): 
  IP address: 172.29.148.68
  IPv6 address: FE80::26B:F1FF:FE47:2C38  (link-local)
Platform: cisco AIR-CAP3702I-B-K9,  Capabilities: Trans-Bridge Source-Route-Bridge IGMP 
Interface: GigabitEthernet4/0/8,  Port ID (outgoing port): GigabitEthernet0
Holdtime : 179 sec

Version :
Cisco IOS Software, C3700 Software (AP3G2-K9W8-M), Version 15.3(3)JA8, RELEASE SOFTWARE (fc1)
Technical Support: http://www.cisco.com/techsupport
Copyright (c) 1986-2016 by Cisco Systems, Inc.
Compiled Fri 22-Apr-16 05:48 by prod_rel_team

advertisement version: 2
Duplex: full
Power drawn: 16.800 Watts
Power request id: 1311, Power management id: 2
Power request levels are:16800 15400 13000 0 0 
Management address(es): 
  IP address: 172.29.148.68

-------------------------
Device ID: ap-3-230
Entry address(es): 
  IP address: 172.29.148.58
  IPv6 address: FE80::26B:F1FF:FE47:3240  (link-local)
Platform: cisco AIR-CAP3702I-B-K9,  Capabilities: Trans-Bridge Source-Route-Bridge IGMP 
Interface: GigabitEthernet3/0/10,  Port ID (outgoing port): GigabitEthernet0
Holdtime : 170 sec

Version :
Cisco IOS Software, C3700 Software (AP3G2-K9W8-M), Version 15.3(3)JA8, RELEASE SOFTWARE (fc1)
Technical Support: http://www.cisco.com/techsupport
Copyright (c) 1986-2016 by Cisco Systems, Inc.
Compiled Fri 22-Apr-16 05:48 by prod_rel_team

advertisement version: 2
Duplex: full
Power drawn: 16.800 Watts
Power request id: 6900, Power management id: 2
Power request levels are:16800 15400 13000 0 0 
Management address(es): 
  IP address: 172.29.148.58

-------------------------
Device ID: ap-3-237
Entry address(es): 
  IP address: 172.29.148.71
  IPv6 address: FE80::A23D:6FFF:FE1A:6078  (link-local)
Platform: cisco AIR-CAP3702I-B-K9,  Capabilities: Trans-Bridge Source-Route-Bridge IGMP 
Interface: GigabitEthernet4/0/9,  Port ID (outgoing port): GigabitEthernet0
Holdtime : 139 sec

Version :
Cisco IOS Software, C3700 Software (AP3G2-K9W8-M), Version 15.3(3)JA8, RELEASE SOFTWARE (fc1)
Technical Support: http://www.cisco.com/techsupport
Copyright (c) 1986-2016 by Cisco Systems, Inc.
Compiled Fri 22-Apr-16 05:48 by prod_rel_team

advertisement version: 2
Duplex: full
Power drawn: 16.800 Watts
Power request id: 52362, Power management id: 4
Power request levels are:16800 15400 13000 0 0 
Management address(es): 
  IP address: 172.29.148.71

-------------------------
Device ID: ap-3-236
Entry address(es): 
  IP address: 172.29.148.59
  IPv6 address: FE80::A23D:6FFF:FE1C:1A4  (link-local)
Platform: cisco AIR-CAP3702I-B-K9,  Capabilities: Trans-Bridge Source-Route-Bridge IGMP 
Interface: GigabitEthernet3/0/9,  Port ID (outgoing port): GigabitEthernet0
Holdtime : 162 sec

Version :
Cisco IOS Software, C3700 Software (AP3G2-K9W8-M), Version 15.3(3)JA8, RELEASE SOFTWARE (fc1)
Technical Support: http://www.cisco.com/techsupport
Copyright (c) 1986-2016 by Cisco Systems, Inc.
Compiled Fri 22-Apr-16 05:48 by prod_rel_team

advertisement version: 2
Duplex: full
Power drawn: 16.800 Watts
Power request id: 2697, Power management id: 2
Power request levels are:16800 15400 13000 0 0 
Management address(es): 
  IP address: 172.29.148.59

-------------------------
Device ID: ap-3-227
Entry address(es): 
  IP address: 172.29.148.67
  IPv6 address: FE80::26B:F1FF:FE47:3154  (link-local)
Platform: cisco AIR-CAP3702I-B-K9,  Capabilities: Trans-Bridge Source-Route-Bridge IGMP 
Interface: GigabitEthernet4/0/7,  Port ID (outgoing port): GigabitEthernet0
Holdtime : 159 sec

Version :
Cisco IOS Software, C3700 Software (AP3G2-K9W8-M), Version 15.3(3)JA8, RELEASE SOFTWARE (fc1)
Technical Support: http://www.cisco.com/techsupport
Copyright (c) 1986-2016 by Cisco Systems, Inc.
Compiled Fri 22-Apr-16 05:48 by prod_rel_team

advertisement version: 2
Duplex: full
Power drawn: 16.800 Watts
Power request id: 33285, Power management id: 2
Power request levels are:16800 15400 13000 0 0 
Management address(es): 
  IP address: 172.29.148.67

-------------------------
Device ID: ap-3-235
Entry address(es): 
  IP address: 172.29.148.73
  IPv6 address: FE80::A23D:6FFF:FE04:A170  (link-local)
Platform: cisco AIR-CAP3702I-B-K9,  Capabilities: Trans-Bridge Source-Route-Bridge IGMP 
Interface: GigabitEthernet4/0/11,  Port ID (outgoing port): GigabitEthernet0
Holdtime : 145 sec

Version :
Cisco IOS Software, C3700 Software (AP3G2-K9W8-M), Version 15.3(3)JA8, RELEASE SOFTWARE (fc1)
Technical Support: http://www.cisco.com/techsupport
Copyright (c) 1986-2016 by Cisco Systems, Inc.
Compiled Fri 22-Apr-16 05:48 by prod_rel_team

advertisement version: 2
Duplex: full
Power drawn: 16.800 Watts
Power request id: 26591, Power management id: 2
Power request levels are:16800 15400 13000 0 0 
Management address(es): 
  IP address: 172.29.148.73

-------------------------
Device ID: ap-3-234
Entry address(es): 
  IP address: 172.29.148.55
  IPv6 address: FE80::A23D:6FFF:FE22:924C  (link-local)
Platform: cisco AIR-CAP3702I-B-K9,  Capabilities: Trans-Bridge Source-Route-Bridge IGMP 
Interface: GigabitEthernet3/0/7,  Port ID (outgoing port): GigabitEthernet0
Holdtime : 168 sec

Version :
Cisco IOS Software, C3700 Software (AP3G2-K9W8-M), Version 15.3(3)JA8, RELEASE SOFTWARE (fc1)
Technical Support: http://www.cisco.com/techsupport
Copyright (c) 1986-2016 by Cisco Systems, Inc.
Compiled Fri 22-Apr-16 05:48 by prod_rel_team

advertisement version: 2
Duplex: full
Power drawn: 16.800 Watts
Power request id: 42722, Power management id: 2
Power request levels are:16800 15400 13000 0 0 
Management address(es): 
  IP address: 172.29.148.55

-------------------------
Device ID: ap-3-228
Entry address(es): 
  IP address: 172.29.148.62
  IPv6 address: FE80::26B:F1FF:FE63:6508  (link-local)
Platform: cisco AIR-CAP3702I-B-K9,  Capabilities: Trans-Bridge Source-Route-Bridge IGMP 
Interface: GigabitEthernet3/0/13,  Port ID (outgoing port): GigabitEthernet0
Holdtime : 173 sec

Version :
Cisco IOS Software, C3700 Software (AP3G2-K9W8-M), Version 15.3(3)JA8, RELEASE SOFTWARE (fc1)
Technical Support: http://www.cisco.com/techsupport
Copyright (c) 1986-2016 by Cisco Systems, Inc.
Compiled Fri 22-Apr-16 05:48 by prod_rel_team

advertisement version: 2
Duplex: full
Power drawn: 16.800 Watts
Power request id: 12100, Power management id: 2
Power request levels are:16800 15400 13000 0 0 
Management address(es): 
  IP address: 172.29.148.62

-------------------------
Device ID: ap-3-239
Entry address(es): 
  IP address: 172.29.148.53
  IPv6 address: FE80::A23D:6FFF:FE1E:F050  (link-local)
Platform: cisco AIR-CAP3702I-B-K9,  Capabilities: Trans-Bridge Source-Route-Bridge IGMP 
Interface: GigabitEthernet3/0/5,  Port ID (outgoing port): GigabitEthernet0
Holdtime : 176 sec

Version :
Cisco IOS Software, C3700 Software (AP3G2-K9W8-M), Version 15.3(3)JA8, RELEASE SOFTWARE (fc1)
Technical Support: http://www.cisco.com/techsupport
Copyright (c) 1986-2016 by Cisco Systems, Inc.
Compiled Fri 22-Apr-16 05:48 by prod_rel_team

advertisement version: 2
Duplex: full
Power drawn: 16.800 Watts
Power request id: 64429, Power management id: 2
Power request levels are:16800 15400 13000 0 0 
Management address(es): 
  IP address: 172.29.148.53

-------------------------
Device ID: ap-3-229
Entry address(es): 
  IP address: 172.29.148.72
  IPv6 address: FE80::26B:F1FF:FE5A:87D4  (link-local)
Platform: cisco AIR-CAP3702I-B-K9,  Capabilities: Trans-Bridge Source-Route-Bridge IGMP 
Interface: GigabitEthernet4/0/12,  Port ID (outgoing port): GigabitEthernet0
Holdtime : 153 sec

Version :
Cisco IOS Software, C3700 Software (AP3G2-K9W8-M), Version 15.3(3)JA8, RELEASE SOFTWARE (fc1)
Technical Support: http://www.cisco.com/techsupport
Copyright (c) 1986-2016 by Cisco Systems, Inc.
Compiled Fri 22-Apr-16 05:48 by prod_rel_team

advertisement version: 2
Duplex: full
Power drawn: 16.800 Watts
Power request id: 23694, Power management id: 2
Power request levels are:16800 15400 13000 0 0 
Management address(es): 
  IP address: 172.29.148.72

-------------------------
Device ID: ap-3-238
Entry address(es): 
  IP address: 172.29.148.70
  IPv6 address: FE80::A23D:6FFF:FE1E:F224  (link-local)
Platform: cisco AIR-CAP3702I-B-K9,  Capabilities: Trans-Bridge Source-Route-Bridge IGMP 
Interface: GigabitEthernet4/0/10,  Port ID (outgoing port): GigabitEthernet0
Holdtime : 150 sec

Version :
Cisco IOS Software, C3700 Software (AP3G2-K9W8-M), Version 15.3(3)JA8, RELEASE SOFTWARE (fc1)
Technical Support: http://www.cisco.com/techsupport
Copyright (c) 1986-2016 by Cisco Systems, Inc.
Compiled Fri 22-Apr-16 05:48 by prod_rel_team

advertisement version: 2
Duplex: full
Power drawn: 16.800 Watts
Power request id: 59928, Power management id: 2
Power request levels are:16800 15400 13000 0 0 
Management address(es): 
  IP address: 172.29.148.70

-------------------------
Device ID: ap-3-13
Entry address(es): 
  IP address: 172.29.148.56
  IPv6 address: FE80::A23D:6FFF:FE22:90FC  (link-local)
Platform: cisco AIR-CAP3702I-B-K9,  Capabilities: Trans-Bridge Source-Route-Bridge IGMP 
Interface: GigabitEthernet4/0/13,  Port ID (outgoing port): GigabitEthernet0
Holdtime : 171 sec

Version :
Cisco IOS Software, C3700 Software (AP3G2-K9W8-M), Version 15.3(3)JA8, RELEASE SOFTWARE (fc1)
Technical Support: http://www.cisco.com/techsupport
Copyright (c) 1986-2016 by Cisco Systems, Inc.
Compiled Fri 22-Apr-16 05:48 by prod_rel_team

advertisement version: 2
Duplex: full
Power drawn: 16.800 Watts
Power request id: 61420, Power management id: 2
Power request levels are:16800 15400 13000 0 0 
Management address(es): 
  IP address: 172.29.148.56

-------------------------
Device ID: ap-3-12
Entry address(es): 
  IP address: 172.29.148.57
  IPv6 address: FE80::A23D:6FFF:FE04:A110  (link-local)
Platform: cisco AIR-CAP3702I-B-K9,  Capabilities: Trans-Bridge Source-Route-Bridge IGMP 
Interface: GigabitEthernet3/0/8,  Port ID (outgoing port): GigabitEthernet0
Holdtime : 135 sec

Version :
Cisco IOS Software, C3700 Software (AP3G2-K9W8-M), Version 15.3(3)JA8, RELEASE SOFTWARE (fc1)
Technical Support: http://www.cisco.com/techsupport
Copyright (c) 1986-2016 by Cisco Systems, Inc.
Compiled Fri 22-Apr-16 05:48 by prod_rel_team

advertisement version: 2
Duplex: full
Power drawn: 16.800 Watts
Power request id: 53606, Power management id: 2
Power request levels are:16800 15400 13000 0 0 
Management address(es): 
  IP address: 172.29.148.57

-------------------------
Device ID: ap-3-11
Entry address(es): 
  IP address: 172.29.148.64
  IPv6 address: FE80::26B:F1FF:FEB4:DFF4  (link-local)
Platform: cisco AIR-CAP3702I-B-K9,  Capabilities: Trans-Bridge Source-Route-Bridge IGMP 
Interface: GigabitEthernet4/0/5,  Port ID (outgoing port): GigabitEthernet0
Holdtime : 144 sec

Version :
Cisco IOS Software, C3700 Software (AP3G2-K9W8-M), Version 15.3(3)JA8, RELEASE SOFTWARE (fc1)
Technical Support: http://www.cisco.com/techsupport
Copyright (c) 1986-2016 by Cisco Systems, Inc.
Compiled Fri 22-Apr-16 05:48 by prod_rel_team

advertisement version: 2
Duplex: full
Power drawn: 16.800 Watts
Power request id: 57522, Power management id: 2
Power request levels are:16800 15400 13000 0 0 
Management address(es): 
  IP address: 172.29.148.64

-------------------------
Device ID: ap-3-24
Entry address(es): 
  IP address: 172.29.148.65
  IPv6 address: FE80::4E77:6DFF:FE43:D34C  (link-local)
Platform: cisco AIR-CAP3702I-B-K9,  Capabilities: Trans-Bridge Source-Route-Bridge IGMP 
Interface: GigabitEthernet3/0/14,  Port ID (outgoing port): GigabitEthernet0
Holdtime : 175 sec

Version :
Cisco IOS Software, C3700 Software (AP3G2-K9W8-M), Version 15.3(3)JA8, RELEASE SOFTWARE (fc1)
Technical Support: http://www.cisco.com/techsupport
Copyright (c) 1986-2016 by Cisco Systems, Inc.
Compiled Fri 22-Apr-16 05:48 by prod_rel_team

advertisement version: 2
Duplex: full
Power drawn: 16.800 Watts
Power request id: 28006, Power management id: 2
Power request levels are:16800 15400 13000 0 0 
Management address(es): 
  IP address: 172.29.148.65

-------------------------
Device ID: ap-3-14
Entry address(es): 
  IP address: 172.29.148.66
  IPv6 address: FE80::A23D:6FFF:FE04:A188  (link-local)
Platform: cisco AIR-CAP3702I-B-K9,  Capabilities: Trans-Bridge Source-Route-Bridge IGMP 
Interface: GigabitEthernet3/0/15,  Port ID (outgoing port): GigabitEthernet0
Holdtime : 142 sec

Version :
Cisco IOS Software, C3700 Software (AP3G2-K9W8-M), Version 15.3(3)JA8, RELEASE SOFTWARE (fc1)
Technical Support: http://www.cisco.com/techsupport
Copyright (c) 1986-2016 by Cisco Systems, Inc.
Compiled Fri 22-Apr-16 05:48 by prod_rel_team

advertisement version: 2
Duplex: full
Power drawn: 16.800 Watts
Power request id: 42072, Power management id: 2
Power request levels are:16800 15400 13000 0 0 
Management address(es): 
  IP address: 172.29.148.66

-------------------------
Device ID: 1ST_NT_MDF_SW01.mongeneral.com
Entry address(es): 
  IP address: 172.26.1.3
Platform: cisco WS-C3850-24XS,  Capabilities: Router Switch IGMP 
Interface: TenGigabitEthernet1/0/1,  Port ID (outgoing port): TenGigabitEthernet1/0/13
Holdtime : 156 sec

Version :
Cisco IOS Software, IOS-XE Software, Catalyst L3 Switch Software (CAT3K_CAA-UNIVERSALK9-M), Version 03.07.04E RELEASE SOFTWARE (fc1)
Technical Support: http://www.cisco.com/techsupport
Copyright (c) 1986-2016 by Cisco Systems, Inc.
Compiled Thu 19-May-16 11:48 by prod_rel_team

advertisement version: 2
VTP Management Domain: 'MonGen'
Native VLAN: 666
Duplex: full
Management address(es): 
  IP address: 172.26.1.3

-------------------------
Device ID: 1ST
DEBUG:netmiko:Pattern found: sh\ cdp\ nei\ det sh cdp nei det
-------------------------
Device ID: ap-3n-ccu1
Entry address(es): 
  IP address: 172.29.148.63
  IPv6 address: FE80::C28C:60FF:FE44:852D  (link-local)
Platform: cisco AIR-CAP3602I-A-K9,  Capabilities: Trans-Bridge Source-Route-Bridge IGMP 
Interface: GigabitEthernet4/0/3,  Port ID (outgoing port): GigabitEthernet0
Holdtime : 178 sec

Version :
Cisco IOS Software, C3600 Software (AP3G2-K9W8-M), Version 15.3(3)JA8, RELEASE SOFTWARE (fc1)
Technical Support: http://www.cisco.com/techsupport
Copyright (c) 1986-2016 by Cisco Systems, Inc.
Compiled Fri 22-Apr-16 05:48 by prod_rel_team

advertisement version: 2
Duplex: full
Power drawn: 15.400 Watts
Power request id: 48007, Power management id: 2
Power request levels are:15400 13000 0 0 0 
Management address(es): 
  IP address: 172.29.148.63

-------------------------
Device ID: ap-3-233
Entry address(es): 
  IP address: 172.29.148.60
  IPv6 address: FE80::26B:F1FF:FE5A:8AD0  (link-local)
Platform: cisco AIR-CAP3702I-B-K9,  Capabilities: Trans-Bridge Source-Route-Bridge IGMP 
Interface: GigabitEthernet3/0/11,  Port ID (outgoing port): GigabitEthernet0
Holdtime : 137 sec

Version :
Cisco IOS Software, C3700 Software (AP3G2-K9W8-M), Version 15.3(3)JA8, RELEASE SOFTWARE (fc1)
Technical Support: http://www.cisco.com/techsupport
Copyright (c) 1986-2016 by Cisco Systems, Inc.
Compiled Fri 22-Apr-16 05:48 by prod_rel_team

advertisement version: 2
Duplex: full
Power drawn: 16.800 Watts
Power request id: 45283, Power management id: 2
Power request levels are:16800 15400 13000 0 0 
Management address(es): 
  IP address: 172.29.148.60

-------------------------
Device ID: ap-3-232
Entry address(es): 
  IP address: 172.29.148.61
  IPv6 address: FE80::26B:F1FF:FE47:316C  (link-local)
Platform: cisco AIR-CAP3702I-B-K9,  Capabilities: Trans-Bridge Source-Route-Bridge IGMP 
Interface: GigabitEthernet3/0/12,  Port ID (outgoing port): GigabitEthernet0
Holdtime : 128 sec

Version :
Cisco IOS Software, C3700 Software (AP3G2-K9W8-M), Version 15.3(3)JA8, RELEASE SOFTWARE (fc1)
Technical Support: http://www.cisco.com/techsupport
Copyright (c) 1986-2016 by Cisco Systems, Inc.
Compiled Fri 22-Apr-16 05:48 by prod_rel_team

advertisement version: 2
Duplex: full
Power drawn: 16.800 Watts
Power request id: 46071, Power management id: 2
Power request levels are:16800 15400 13000 0 0 
Management address(es): 
  IP address: 172.29.148.61

-------------------------
Device ID: ap-3-231
Entry address(es): 
  IP address: 172.29.148.68
  IPv6 address: FE80::26B:F1FF:FE47:2C38  (link-local)
Platform: cisco AIR-CAP3702I-B-K9,  Capabilities: Trans-Bridge Source-Route-Bridge IGMP 
Interface: GigabitEthernet4/0/8,  Port ID (outgoing port): GigabitEthernet0
Holdtime : 179 sec

Version :
Cisco IOS Software, C3700 Software (AP3G2-K9W8-M), Version 15.3(3)JA8, RELEASE SOFTWARE (fc1)
Technical Support: http://www.cisco.com/techsupport
Copyright (c) 1986-2016 by Cisco Systems, Inc.
Compiled Fri 22-Apr-16 05:48 by prod_rel_team

advertisement version: 2
Duplex: full
Power drawn: 16.800 Watts
Power request id: 1311, Power management id: 2
Power request levels are:16800 15400 13000 0 0 
Management address(es): 
  IP address: 172.29.148.68

-------------------------
Device ID: ap-3-230
Entry address(es): 
  IP address: 172.29.148.58
  IPv6 address: FE80::26B:F1FF:FE47:3240  (link-local)
Platform: cisco AIR-CAP3702I-B-K9,  Capabilities: Trans-Bridge Source-Route-Bridge IGMP 
Interface: GigabitEthernet3/0/10,  Port ID (outgoing port): GigabitEthernet0
Holdtime : 170 sec

Version :
Cisco IOS Software, C3700 Software (AP3G2-K9W8-M), Version 15.3(3)JA8, RELEASE SOFTWARE (fc1)
Technical Support: http://www.cisco.com/techsupport
Copyright (c) 1986-2016 by Cisco Systems, Inc.
Compiled Fri 22-Apr-16 05:48 by prod_rel_team

advertisement version: 2
Duplex: full
Power drawn: 16.800 Watts
Power request id: 6900, Power management id: 2
Power request levels are:16800 15400 13000 0 0 
Management address(es): 
  IP address: 172.29.148.58

-------------------------
Device ID: ap-3-237
Entry address(es): 
  IP address: 172.29.148.71
  IPv6 address: FE80::A23D:6FFF:FE1A:6078  (link-local)
Platform: cisco AIR-CAP3702I-B-K9,  Capabilities: Trans-Bridge Source-Route-Bridge IGMP 
Interface: GigabitEthernet4/0/9,  Port ID (outgoing port): GigabitEthernet0
Holdtime : 139 sec

Version :
Cisco IOS Software, C3700 Software (AP3G2-K9W8-M), Version 15.3(3)JA8, RELEASE SOFTWARE (fc1)
Technical Support: http://www.cisco.com/techsupport
Copyright (c) 1986-2016 by Cisco Systems, Inc.
Compiled Fri 22-Apr-16 05:48 by prod_rel_team

advertisement version: 2
Duplex: full
Power drawn: 16.800 Watts
Power request id: 52362, Power management id: 4
Power request levels are:16800 15400 13000 0 0 
Management address(es): 
  IP address: 172.29.148.71

-------------------------
Device ID: ap-3-236
Entry address(es): 
  IP address: 172.29.148.59
  IPv6 address: FE80::A23D:6FFF:FE1C:1A4  (link-local)
Platform: cisco AIR-CAP3702I-B-K9,  Capabilities: Trans-Bridge Source-Route-Bridge IGMP 
Interface: GigabitEthernet3/0/9,  Port ID (outgoing port): GigabitEthernet0
Holdtime : 162 sec

Version :
Cisco IOS Software, C3700 Software (AP3G2-K9W8-M), Version 15.3(3)JA8, RELEASE SOFTWARE (fc1)
Technical Support: http://www.cisco.com/techsupport
Copyright (c) 1986-2016 by Cisco Systems, Inc.
Compiled Fri 22-Apr-16 05:48 by prod_rel_team

advertisement version: 2
Duplex: full
Power drawn: 16.800 Watts
Power request id: 2697, Power management id: 2
Power request levels are:16800 15400 13000 0 0 
Management address(es): 
  IP address: 172.29.148.59

-------------------------
Device ID: ap-3-227
Entry address(es): 
  IP address: 172.29.148.67
  IPv6 address: FE80::26B:F1FF:FE47:3154  (link-local)
Platform: cisco AIR-CAP3702I-B-K9,  Capabilities: Trans-Bridge Source-Route-Bridge IGMP 
Interface: GigabitEthernet4/0/7,  Port ID (outgoing port): GigabitEthernet0
Holdtime : 159 sec

Version :
Cisco IOS Software, C3700 Software (AP3G2-K9W8-M), Version 15.3(3)JA8, RELEASE SOFTWARE (fc1)
Technical Support: http://www.cisco.com/techsupport
Copyright (c) 1986-2016 by Cisco Systems, Inc.
Compiled Fri 22-Apr-16 05:48 by prod_rel_team

advertisement version: 2
Duplex: full
Power drawn: 16.800 Watts
Power request id: 33285, Power management id: 2
Power request levels are:16800 15400 13000 0 0 
Management address(es): 
  IP address: 172.29.148.67

-------------------------
Device ID: ap-3-235
Entry address(es): 
  IP address: 172.29.148.73
  IPv6 address: FE80::A23D:6FFF:FE04:A170  (link-local)
Platform: cisco AIR-CAP3702I-B-K9,  Capabilities: Trans-Bridge Source-Route-Bridge IGMP 
Interface: GigabitEthernet4/0/11,  Port ID (outgoing port): GigabitEthernet0
Holdtime : 145 sec

Version :
Cisco IOS Software, C3700 Software (AP3G2-K9W8-M), Version 15.3(3)JA8, RELEASE SOFTWARE (fc1)
Technical Support: http://www.cisco.com/techsupport
Copyright (c) 1986-2016 by Cisco Systems, Inc.
Compiled Fri 22-Apr-16 05:48 by prod_rel_team

advertisement version: 2
Duplex: full
Power drawn: 16.800 Watts
Power request id: 26591, Power management id: 2
Power request levels are:16800 15400 13000 0 0 
Management address(es): 
  IP address: 172.29.148.73

-------------------------
Device ID: ap-3-234
Entry address(es): 
  IP address: 172.29.148.55
  IPv6 address: FE80::A23D:6FFF:FE22:924C  (link-local)
Platform: cisco AIR-CAP3702I-B-K9,  Capabilities: Trans-Bridge Source-Route-Bridge IGMP 
Interface: GigabitEthernet3/0/7,  Port ID (outgoing port): GigabitEthernet0
Holdtime : 168 sec

Version :
Cisco IOS Software, C3700 Software (AP3G2-K9W8-M), Version 15.3(3)JA8, RELEASE SOFTWARE (fc1)
Technical Support: http://www.cisco.com/techsupport
Copyright (c) 1986-2016 by Cisco Systems, Inc.
Compiled Fri 22-Apr-16 05:48 by prod_rel_team

advertisement version: 2
Duplex: full
Power drawn: 16.800 Watts
Power request id: 42722, Power management id: 2
Power request levels are:16800 15400 13000 0 0 
Management address(es): 
  IP address: 172.29.148.55

-------------------------
Device ID: ap-3-228
Entry address(es): 
  IP address: 172.29.148.62
  IPv6 address: FE80::26B:F1FF:FE63:6508  (link-local)
Platform: cisco AIR-CAP3702I-B-K9,  Capabilities: Trans-Bridge Source-Route-Bridge IGMP 
Interface: GigabitEthernet3/0/13,  Port ID (outgoing port): GigabitEthernet0
Holdtime : 173 sec

Version :
Cisco IOS Software, C3700 Software (AP3G2-K9W8-M), Version 15.3(3)JA8, RELEASE SOFTWARE (fc1)
Technical Support: http://www.cisco.com/techsupport
Copyright (c) 1986-2016 by Cisco Systems, Inc.
Compiled Fri 22-Apr-16 05:48 by prod_rel_team

advertisement version: 2
Duplex: full
Power drawn: 16.800 Watts
Power request id: 12100, Power management id: 2
Power request levels are:16800 15400 13000 0 0 
Management address(es): 
  IP address: 172.29.148.62

-------------------------
Device ID: ap-3-239
Entry address(es): 
  IP address: 172.29.148.53
  IPv6 address: FE80::A23D:6FFF:FE1E:F050  (link-local)
Platform: cisco AIR-CAP3702I-B-K9,  Capabilities: Trans-Bridge Source-Route-Bridge IGMP 
Interface: GigabitEthernet3/0/5,  Port ID (outgoing port): GigabitEthernet0
Holdtime : 176 sec

Version :
Cisco IOS Software, C3700 Software (AP3G2-K9W8-M), Version 15.3(3)JA8, RELEASE SOFTWARE (fc1)
Technical Support: http://www.cisco.com/techsupport
Copyright (c) 1986-2016 by Cisco Systems, Inc.
Compiled Fri 22-Apr-16 05:48 by prod_rel_team

advertisement version: 2
Duplex: full
Power drawn: 16.800 Watts
Power request id: 64429, Power management id: 2
Power request levels are:16800 15400 13000 0 0 
Management address(es): 
  IP address: 172.29.148.53

-------------------------
Device ID: ap-3-229
Entry address(es): 
  IP address: 172.29.148.72
  IPv6 address: FE80::26B:F1FF:FE5A:87D4  (link-local)
Platform: cisco AIR-CAP3702I-B-K9,  Capabilities: Trans-Bridge Source-Route-Bridge IGMP 
Interface: GigabitEthernet4/0/12,  Port ID (outgoing port): GigabitEthernet0
Holdtime : 153 sec

Version :
Cisco IOS Software, C3700 Software (AP3G2-K9W8-M), Version 15.3(3)JA8, RELEASE SOFTWARE (fc1)
Technical Support: http://www.cisco.com/techsupport
Copyright (c) 1986-2016 by Cisco Systems, Inc.
Compiled Fri 22-Apr-16 05:48 by prod_rel_team

advertisement version: 2
Duplex: full
Power drawn: 16.800 Watts
Power request id: 23694, Power management id: 2
Power request levels are:16800 15400 13000 0 0 
Management address(es): 
  IP address: 172.29.148.72

-------------------------
Device ID: ap-3-238
Entry address(es): 
  IP address: 172.29.148.70
  IPv6 address: FE80::A23D:6FFF:FE1E:F224  (link-local)
Platform: cisco AIR-CAP3702I-B-K9,  Capabilities: Trans-Bridge Source-Route-Bridge IGMP 
Interface: GigabitEthernet4/0/10,  Port ID (outgoing port): GigabitEthernet0
Holdtime : 150 sec

Version :
Cisco IOS Software, C3700 Software (AP3G2-K9W8-M), Version 15.3(3)JA8, RELEASE SOFTWARE (fc1)
Technical Support: http://www.cisco.com/techsupport
Copyright (c) 1986-2016 by Cisco Systems, Inc.
Compiled Fri 22-Apr-16 05:48 by prod_rel_team

advertisement version: 2
Duplex: full
Power drawn: 16.800 Watts
Power request id: 59928, Power management id: 2
Power request levels are:16800 15400 13000 0 0 
Management address(es): 
  IP address: 172.29.148.70

-------------------------
Device ID: ap-3-13
Entry address(es): 
  IP address: 172.29.148.56
  IPv6 address: FE80::A23D:6FFF:FE22:90FC  (link-local)
Platform: cisco AIR-CAP3702I-B-K9,  Capabilities: Trans-Bridge Source-Route-Bridge IGMP 
Interface: GigabitEthernet4/0/13,  Port ID (outgoing port): GigabitEthernet0
Holdtime : 171 sec

Version :
Cisco IOS Software, C3700 Software (AP3G2-K9W8-M), Version 15.3(3)JA8, RELEASE SOFTWARE (fc1)
Technical Support: http://www.cisco.com/techsupport
Copyright (c) 1986-2016 by Cisco Systems, Inc.
Compiled Fri 22-Apr-16 05:48 by prod_rel_team

advertisement version: 2
Duplex: full
Power drawn: 16.800 Watts
Power request id: 61420, Power management id: 2
Power request levels are:16800 15400 13000 0 0 
Management address(es): 
  IP address: 172.29.148.56

-------------------------
Device ID: ap-3-12
Entry address(es): 
  IP address: 172.29.148.57
  IPv6 address: FE80::A23D:6FFF:FE04:A110  (link-local)
Platform: cisco AIR-CAP3702I-B-K9,  Capabilities: Trans-Bridge Source-Route-Bridge IGMP 
Interface: GigabitEthernet3/0/8,  Port ID (outgoing port): GigabitEthernet0
Holdtime : 135 sec

Version :
Cisco IOS Software, C3700 Software (AP3G2-K9W8-M), Version 15.3(3)JA8, RELEASE SOFTWARE (fc1)
Technical Support: http://www.cisco.com/techsupport
Copyright (c) 1986-2016 by Cisco Systems, Inc.
Compiled Fri 22-Apr-16 05:48 by prod_rel_team

advertisement version: 2
Duplex: full
Power drawn: 16.800 Watts
Power request id: 53606, Power management id: 2
Power request levels are:16800 15400 13000 0 0 
Management address(es): 
  IP address: 172.29.148.57

-------------------------
Device ID: ap-3-11
Entry address(es): 
  IP address: 172.29.148.64
  IPv6 address: FE80::26B:F1FF:FEB4:DFF4  (link-local)
Platform: cisco AIR-CAP3702I-B-K9,  Capabilities: Trans-Bridge Source-Route-Bridge IGMP 
Interface: GigabitEthernet4/0/5,  Port ID (outgoing port): GigabitEthernet0
Holdtime : 144 sec

Version :
Cisco IOS Software, C3700 Software (AP3G2-K9W8-M), Version 15.3(3)JA8, RELEASE SOFTWARE (fc1)
Technical Support: http://www.cisco.com/techsupport
Copyright (c) 1986-2016 by Cisco Systems, Inc.
Compiled Fri 22-Apr-16 05:48 by prod_rel_team

advertisement version: 2
Duplex: full
Power drawn: 16.800 Watts
Power request id: 57522, Power management id: 2
Power request levels are:16800 15400 13000 0 0 
Management address(es): 
  IP address: 172.29.148.64

-------------------------
Device ID: ap-3-24
Entry address(es): 
  IP address: 172.29.148.65
  IPv6 address: FE80::4E77:6DFF:FE43:D34C  (link-local)
Platform: cisco AIR-CAP3702I-B-K9,  Capabilities: Trans-Bridge Source-Route-Bridge IGMP 
Interface: GigabitEthernet3/0/14,  Port ID (outgoing port): GigabitEthernet0
Holdtime : 175 sec

Version :
Cisco IOS Software, C3700 Software (AP3G2-K9W8-M), Version 15.3(3)JA8, RELEASE SOFTWARE (fc1)
Technical Support: http://www.cisco.com/techsupport
Copyright (c) 1986-2016 by Cisco Systems, Inc.
Compiled Fri 22-Apr-16 05:48 by prod_rel_team

advertisement version: 2
Duplex: full
Power drawn: 16.800 Watts
Power request id: 28006, Power management id: 2
Power request levels are:16800 15400 13000 0 0 
Management address(es): 
  IP address: 172.29.148.65

-------------------------
Device ID: ap-3-14
Entry address(es): 
  IP address: 172.29.148.66
  IPv6 address: FE80::A23D:6FFF:FE04:A188  (link-local)
Platform: cisco AIR-CAP3702I-B-K9,  Capabilities: Trans-Bridge Source-Route-Bridge IGMP 
Interface: GigabitEthernet3/0/15,  Port ID (outgoing port): GigabitEthernet0
Holdtime : 142 sec

Version :
Cisco IOS Software, C3700 Software (AP3G2-K9W8-M), Version 15.3(3)JA8, RELEASE SOFTWARE (fc1)
Technical Support: http://www.cisco.com/techsupport
Copyright (c) 1986-2016 by Cisco Systems, Inc.
Compiled Fri 22-Apr-16 05:48 by prod_rel_team

advertisement version: 2
Duplex: full
Power drawn: 16.800 Watts
Power request id: 42072, Power management id: 2
Power request levels are:16800 15400 13000 0 0 
Management address(es): 
  IP address: 172.29.148.66

-------------------------
Device ID: 1ST_NT_MDF_SW01.mongeneral.com
Entry address(es): 
  IP address: 172.26.1.3
Platform: cisco WS-C3850-24XS,  Capabilities: Router Switch IGMP 
Interface: TenGigabitEthernet1/0/1,  Port ID (outgoing port): TenGigabitEthernet1/0/13
Holdtime : 156 sec

Version :
Cisco IOS Software, IOS-XE Software, Catalyst L3 Switch Software (CAT3K_CAA-UNIVERSALK9-M), Version 03.07.04E RELEASE SOFTWARE (fc1)
Technical Support: http://www.cisco.com/techsupport
Copyright (c) 1986-2016 by Cisco Systems, Inc.
Compiled Thu 19-May-16 11:48 by prod_rel_team

advertisement version: 2
VTP Management Domain: 'MonGen'
Native VLAN: 666
Duplex: full
Management address(es): 
  IP address: 172.26.1.3

-------------------------
Device ID: 1ST
DEBUG:netmiko:read_channel: _NT_MDF_SW01.mongeneral.com
Entry address(es): 
  IP address: 172.26.1.3
Platform: cisco WS-C3850-24XS,  Capabilities: Router Switch IGMP 
Interface: TenGigabitEthernet2/0/1,  Port ID (outgoing port): TenGigabitEthernet2/0/13
Holdtime : 144 sec

Version :
Cisco IOS Software, IOS-XE Software, Catalyst L3 Switch Software (CAT3K_CAA-UNIVERSALK9-M), Version 03.07.04E RELEASE SOFTWARE (fc1)
Technical Support: http://www.cisco.com/techsupport
Copyright (c) 1986-2016 by Cisco Systems, Inc.
Compiled Thu 19-May-16 11:48 by prod_rel_team

advertisement version: 2
VTP Management Domain: 'MonGen'
Native VLAN: 666
Duplex: full
Management address(es): 
  IP address: 172.26.1.3

-------------------------
Device ID: ap-3n-1
Entry address(es): 
  IP address: 172.29.148.51
  IPv6 address: FE80::C28C:60FF:FEB0:17B0  (link-local)
Platform: cisco AIR-CAP3602I-A-K9,  Capabilities: Trans-Bridge Source-Route-Bridge IGMP 
Interface: GigabitEthernet3/0/1,  Port ID (outgoing port): GigabitEthernet0
Holdtime : 171 sec

Version :
Cisco IOS Software, C3600 Software (AP3G2-K9W8-M), Version 15.3(3)JA8, RELEASE SOFTWARE (fc1)
Technical Support: http://www.cisco.com/techsupport
Copyright (c) 1986-2016 by Cisco Systems, Inc.
Compiled Fri 22-Apr-16 05:48 by prod_rel_team

advertisement version: 2
Duplex: full
Power drawn: 15.400 Watts
Power request id: 50710, Power management id: 2
Power request levels are:15400 13000 0 0 0 
Management address(es): 
  IP address: 172.29.148.51


Total cdp entries displayed : 22
3rd_nt_sw02#
DEBUG:netmiko:write_channel: b'\n'
DEBUG:netmiko:read_channel: 
3rd_nt_sw02#
DEBUG:netmiko:read_channel: 
DEBUG:netmiko:read_channel: 
DEBUG:netmiko:write_channel: b'exit\n'
DEBUG:paramiko.transport:EOF in transport thread
DEBUG:paramiko.transport:starting thread (client mode): 0x5ab7cc10
DEBUG:paramiko.transport:Local version/idstring: SSH-2.0-paramiko_2.7.1
DEBUG:paramiko.transport:Remote version/idstring: SSH-2.0-Cisco-1.25
INFO:paramiko.transport:Connected (version 2.0, client Cisco-1.25)
DEBUG:paramiko.transport:kex algos:['diffie-hellman-group-exchange-sha1', 'diffie-hellman-group14-sha1', 'diffie-hellman-group1-sha1'] server key:['ssh-rsa'] client encrypt:['aes128-ctr', 'aes192-ctr', 'aes256-ctr', 'aes128-cbc', '3des-cbc', 'aes192-cbc', 'aes256-cbc'] server encrypt:['aes128-ctr', 'aes192-ctr', 'aes256-ctr', 'aes128-cbc', '3des-cbc', 'aes192-cbc', 'aes256-cbc'] client mac:['hmac-sha1', 'hmac-sha1-96'] server mac:['hmac-sha1', 'hmac-sha1-96'] client compress:['none'] server compress:['none'] client lang:[''] server lang:[''] kex follows?False
DEBUG:paramiko.transport:Kex agreed: diffie-hellman-group-exchange-sha1
DEBUG:paramiko.transport:HostKey agreed: ssh-rsa
DEBUG:paramiko.transport:Cipher agreed: aes128-ctr
DEBUG:paramiko.transport:MAC agreed: hmac-sha1
DEBUG:paramiko.transport:Compression agreed: none
DEBUG:paramiko.transport:Got server p (2048 bits)
DEBUG:paramiko.transport:kex engine KexGex specified hash_algo <built-in function openssl_sha1>
DEBUG:paramiko.transport:Switch to new keys ...
DEBUG:paramiko.transport:Adding ssh-rsa host key for 4th_nt_sw01: b'da188b1d7dbbae52ffc7f9789cc81ab7'
DEBUG:paramiko.transport:userauth is OK
INFO:paramiko.transport:Authentication (password) successful!
DEBUG:paramiko.transport:[chan 0] Max packet in: 32768 bytes
DEBUG:paramiko.transport:[chan 0] Max packet out: 4096 bytes
DEBUG:paramiko.transport:Secsh channel 0 opened.
DEBUG:paramiko.transport:[chan 0] Sesch channel 0 request ok
DEBUG:paramiko.transport:[chan 0] Sesch channel 0 request ok
DEBUG:netmiko:read_channel: C
------------------------------------------------------------------------------------
WARNING:


This system is for the use of authorized clients only. Individuals using the
computer network system without authorization, or in excess of their authorization,
are subject to having all their activity on this computer network system monitored
and recorded by system personnel.  To protect the computer network system from
unauthorized use and to ensure the computer network system is functioning properly,
system administrators monitor this system.  Anyone using this computer network
system expressly consents to such monitoring and is advised that if such monitoring
reveals possible conduct of criminal activity, system personnel may provide the
evidence of such activity to law enforcement officers.

Access is restricted to authorized users only.

Unauthorized access is a violation of state and federal, civil and criminal laws.
------------------------------------------------------------------------------------

4th_nt_sw01>
DEBUG:netmiko:read_channel: 
DEBUG:netmiko:read_channel: 
DEBUG:netmiko:read_channel: 
DEBUG:netmiko:write_channel: b'\n'
DEBUG:netmiko:read_channel: 
DEBUG:netmiko:read_channel: 
DEBUG:netmiko:write_channel: b'\n'
DEBUG:netmiko:read_channel: 
4th_nt_sw01>
4th_nt_sw01>
DEBUG:netmiko:read_channel: 
DEBUG:netmiko:[find_prompt()]: prompt is 4th_nt_sw01>
DEBUG:netmiko:read_channel: 
DEBUG:netmiko:In disable_paging
DEBUG:netmiko:Command: terminal length 0

DEBUG:netmiko:write_channel: b'terminal length 0\n'
DEBUG:netmiko:Pattern is: terminal\ length\ 0
DEBUG:netmiko:_read_channel_expect read_data: t
DEBUG:netmiko:_read_channel_expect read_data: erminal length 0
4th_nt_sw01>
DEBUG:netmiko:Pattern found: terminal\ length\ 0 terminal length 0
4th_nt_sw01>
DEBUG:netmiko:terminal length 0
4th_nt_sw01>
DEBUG:netmiko:Exiting disable_paging
DEBUG:netmiko:write_channel: b'terminal width 511\n'
DEBUG:netmiko:Pattern is: terminal\ width\ 511
DEBUG:netmiko:_read_channel_expect read_data: t
DEBUG:netmiko:_read_channel_expect read_data: erminal width 511
4th_nt_sw01>
DEBUG:netmiko:Pattern found: terminal\ width\ 511 terminal width 511
4th_nt_sw01>
DEBUG:netmiko:read_channel: 
DEBUG:netmiko:write_channel: b'\n'
DEBUG:netmiko:Pattern is: 4th_nt_sw01
DEBUG:netmiko:_read_channel_expect read_data: 

DEBUG:netmiko:_read_channel_expect read_data: 4th_nt_sw01>
DEBUG:netmiko:Pattern found: 4th_nt_sw01 
4th_nt_sw01>
DEBUG:netmiko:write_channel: b'enable\n'
DEBUG:netmiko:Pattern is: (4th_nt_sw01|ssword)
DEBUG:netmiko:_read_channel_expect read_data: e
DEBUG:netmiko:_read_channel_expect read_data: nable
Password: 
DEBUG:netmiko:Pattern found: (4th_nt_sw01|ssword) enable
Password: 
DEBUG:netmiko:write_channel: b'change-mgh\n'
DEBUG:netmiko:Pattern is: 4th_nt_sw01
DEBUG:netmiko:_read_channel_expect read_data: 
4th_nt_sw01#
DEBUG:netmiko:Pattern found: 4th_nt_sw01 
4th_nt_sw01#
DEBUG:netmiko:write_channel: b'\n'
DEBUG:netmiko:Pattern is: 4th_nt_sw01
DEBUG:netmiko:_read_channel_expect read_data: 

DEBUG:netmiko:_read_channel_expect read_data: 4th_nt_sw01#
DEBUG:netmiko:Pattern found: 4th_nt_sw01 
4th_nt_sw01#
DEBUG:netmiko:read_channel: 
DEBUG:netmiko:write_channel: b'\n'
DEBUG:netmiko:read_channel: 
4th_nt_sw01#
DEBUG:netmiko:read_channel: 
DEBUG:netmiko:[find_prompt()]: prompt is 4th_nt_sw01#
DEBUG:netmiko:read_channel: 
DEBUG:netmiko:write_channel: b'sh cdp nei det\n'
DEBUG:netmiko:Pattern is: sh\ cdp\ nei\ det
DEBUG:netmiko:_read_channel_expect read_data: s
DEBUG:netmiko:_read_channel_expect read_data: h cdp nei det
-------------------------
Device ID: ap-4-162
Entry address(es): 
  IP address: 172.29.152.51
  IPv6 address: FE80::22A:10FF:FEA2:282C  (link-local)
Platform: cisco AIR-CAP3702I-B-K9,  Capabilities: Trans-Bridge Source-Route-Bridge IGMP 
Interface: GigabitEthernet3/0/28,  Port ID (outgoing port): GigabitEthernet0
Holdtime : 139 sec

Version :
Cisco IOS Software, C3700 Software (AP3G2-K9W8-M), Version 15.3(3)JA8, RELEASE SOFTWARE (fc1)
Technical Support: http://www.cisco.com/techsupport
Copyright (c) 1986-2016 by Cisco Systems, Inc.
Compiled Fri 22-Apr-16 05:48 by prod_rel_team

advertisement version: 2
Duplex: full
Power drawn: 16.800 Watts
Power request id: 42401, Power management id: 2
Power request levels are:16800 15400 13000 0 0 
Management address(es): 
  IP address: 172.29.152.51

-------------------------
Device ID: 1ST_NT_MDF_SW01.mongeneral.com
Entry address(es): 
  IP address: 172.26.1.3
Platform: cisco WS-C3850-24XS,  Capabilities: Router Switch IGMP 
Interface: TenGigabitEthernet1/0/1,  Port ID (outgoing port): TenGigabitEthernet1/0/14
Holdtime : 140 sec

Version :
Cisco IOS Software, IOS-XE Software, Catalyst L3 Switch Software (CAT3K_CAA-UNIVERSALK9-M), Version 03.07.04E RELEASE SOFTWARE (fc1)
Technical Support: http://www.cisco.com/techsupport
Copyright (c) 1986-2016 by Cisco Systems, Inc.
Compiled Thu 19-May-16 11:48 by prod_rel_team

advertisement version: 2
VTP Management Domain: 'MonGen'
Native VLAN: 666
Duplex: full
Management address(es): 
  IP address: 172.26.1.3

-------------------------
Device ID: 1ST_NT_MDF_SW01.mongeneral.com
Entry address(es): 
  IP address: 172.26.1.3
Platform: cisco WS-C3850-24XS,  Capabilities: Router Switch IGMP 
Interface: TenGigabitEthernet2/0/1,  Port ID (outgoing port): TenGigabitEthernet2/0/14
Holdtime : 149 sec

Version :
Cisco IOS Software, IOS-XE Software, Catalyst L3 Switch Software (CAT3K_CAA-UNIVERSALK9-M), Version 03.07.04E RELEASE SOFTWARE (fc1)
Technical Support: http://www.cisco.com/techsupport
Copyright (c) 1986-2016 by Cisco Systems, Inc.
Compiled Thu 19-May-16 11:48 by prod_rel_team

advertisement version: 2
VTP Management Domain: 'MonGen'
Native VLAN: 666
Duplex: full
Management address(es): 
  IP address: 172.26.1.3

-------------------------
Device ID: ap-4n-centermh
Entry address(es): 
  IP address: 172.29.152.75
  IPv6 address: FE80::C28C:60FF:FE20:7CA4  (link-local)
Platform: cisco AIR-CAP3602I-A-K9,  Capabilities: Trans-Bridge Source-Route-Bridge IGMP 
Interface: GigabitEthernet2/0/15,  Port ID (outgoing port): GigabitEthernet0
Holdtime : 150 sec

Version :
Cisco IOS Software, C3600 Software (AP3G2-K9W8-M), Version 15.3(3)JA8, RELEASE SOFTWARE (fc1)
Technical Support: http://www.cisco.com/techsupport
Copyright (c) 1986-2016 by Cisco Systems, Inc.
Compiled Fri 22-Apr-16 05:48 by prod_rel_team

advertisement version: 2
Duplex: full
Power drawn: 15.400 Watts
Power request id: 5219, Power management id: 2
Power request levels are:15400 13000 0 0 0 
Management address(es): 
  IP address: 172.29.152.75

-------------------------
Device ID: ap-4n-4239
Entry address(es): 
  IP address: 172.29.152.94
  IPv6 address: FE80::C267:AFFF:FE5B:D04  (link-local)
Platform: cisco AIR-CAP3602I-A-K9,  Capabilities: Trans-Bridge Source-Route-Bridge IGMP 
Interface: GigabitEthernet4/0/32,  Port ID (outgoing port): GigabitEthernet0
Holdtime : 169 sec

Version :
Cisco IOS Software, C3600 Software (AP3G2-K9W8-M), Version 15.3(3)JA8, RELEASE SOFTWARE (fc1)
Technical Support: http://www.cisco.com/techsupport
Copyright (c) 1986-2016 by Cisco Systems, Inc.
Compiled Fri 22-Apr-16 05:48 by prod_rel_team

advertisement version: 2
Duplex: full
Power drawn: 15.400 Watts
Power request id: 61014, Power management id: 2
Power request levels are:15400 13000 0 0 0 
Management address(es): 
  IP address: 172.29.152.94

-------------------------
Device ID: ap-4n-4231
Entry address(es): 
  IP address: 172.29.152.88
  IPv6 address: FE80::C267:AFFF:FE28:C282  (link-local)
Platform: cisco AIR-CAP3602I-A-K9,  Capabilities: Trans-Bridge Source-Route-Bridge IGMP 
Interface: GigabitEthernet4/0/24,  Port ID (outgoing port): GigabitEthernet0
Holdtime : 147 sec

Version :
Cisco IOS Software, C3600 Software (AP3G2-K9W8-M), Version 15.3(3)JA8, RELEASE SOFTWARE (fc1)
Technical Support: http://www.cisco.com/techsupport
Copyright (c) 1986-2016 by Cisco Systems, Inc.
Compiled Fri 22-Apr-16 05:48 by prod_rel_team

advertisement version: 2
Duplex: full
Power drawn: 15.400 Watts
Power request id: 4638, Power management id: 2
Power request levels are:15400 13000 0 0 0 
Management address(es): 
  IP address: 172.29.152.88

-------------------------
Device ID: e0553da2a7e6
Entry address(es): 
  IP address: 10.255.32.51
Platform: MS350-48FP,  Capabilities: Switch 
Interface: GigabitEthernet4/0/48,  Port ID (outgoing port): Port 41
Holdtime : 134 sec

Version :
1

advertisement version: 2
Native VLAN: 1
Power available id:      0       Power management id:   4891
Power available is: 30.000 Watts Management Power is:4294967.295 Watts

-------------------------
Device ID: ap-4n-westmh
Entry address(es): 
  IP address: 172.29.152.90
  IPv6 address: FE80::C28C:60FF:FE20:7D13  (link-local)
Platform: cisco AIR-CAP3602I-A-K9,  Capabilities: Trans-Bridge Source-Route-Bridge IGMP 
Interface: GigabitEthernet4/0/26,  Port ID (outgoing port): GigabitEthernet0
Holdtime : 161 sec

Version :
Cisco IOS Software, C3600 Software (AP3G2-K9W8-M), Version 15.3(3)JA8, RELEASE SOFTWARE (fc1)
Technical Support: http://www.cisco.com/techsupport
Copyright (c) 1986-2016 by Cisco Systems, Inc.
Compiled Fri 22-Apr-16 05:48 by prod_rel_team

advertisement version: 2
Duplex: full
Power drawn: 15.400 Watts
Power request id: 52702, Power management id: 3
Power request levels are:15400 13000 0 0 0 
Management address(es): 
  IP address: 172.29.152.90

-------------------------
Device ID: ap-4n-468
Entry address(es): 
  IP address: 172.29.152.57
  IPv6 address: FE80::C267:AFFF:FE28:C279  (link-local)
Platform: cisco AIR-CAP3602I-A-K9,  Capabilities: Trans-Bridge Source-Route-Bridge IGMP 
Interface: GigabitEthernet2/0/21,  Port ID (outgoing port): GigabitEthernet0
Holdtime : 166 sec

Version :
Cisco IOS Software, C3600 Software (AP3G2-K9W8-M), Version 15.3(3)JA8, RELEASE SOFTWARE (fc1)
Technical Support: http://www.cisco.com/techsupport
Copyright (c) 1986-2016 by Cisco Systems, Inc.
Compiled Fri 22-Apr-16 05:48 by prod_rel_team

advertisement version: 2
Duplex: full
Power drawn: 15.400 Watts
Power request id: 16396, Power management id: 2
Power request levels are:15400 13000 0 0 0 
Management address(es): 
  IP address: 172.29.152.57

-------------------------
Device ID: ap-4n-168
Entry address(es): 
  IP address: 172.29.152.84
  IPv6 address: FE80::863D:C6FF:FEA1:7C70  (link-local)
Platform: cisco AIR-CAP3702I-B-K9,  Capabilities: Trans-Bridge Source-Route-Bridge IGMP 
Interface: GigabitEthernet3/0/6,  Port ID (outgoing port): GigabitEthernet0
Holdtime : 132 sec

Version :
Cisco IOS Software, C3700 Software (AP3G2-K9W8-M), Version 15.3(3)JA8, RELEASE SOFTWARE (fc1)
Technical Support: http://www.cisco.com/techsupport
Copyright (c) 1986-2016 by Cisco Systems, Inc.
Compiled Fri 22-Apr-16 05:48 by prod_rel_team

advertisement version: 2
Duplex: full
Power drawn: 16.800 Watts
Power request id: 46766, Power management id: 2
Power request levels are:16800 15400 13000 0 0 
Management address(es): 
  IP address: 172.29.152.84

-------------------------
Device ID: ap-4n-439
Entry address(es): 
  IP address: 172.29.152.92
  IPv6 address: FE80::C267:AFFF:FE5B:D20  (link-local)
Platform: cisco AIR-CAP3602I-A-K9,  Capabilities: Trans-Bridge Source-Route-Bridge IGMP 
Interface: GigabitEthernet4/0/30,  Port ID (outgoing port): GigabitEthernet0
Holdtime : 120 sec

Version :
Cisco IOS Software, C3600 Software (AP3G2-K9W8-M), Version 15.3(3)JA8, RELEASE SOFTWARE (fc1)
Technical Support: http://www.cisco.com/techsupport
Copyright (c) 1986-2016 by Cisco Sys
DEBUG:netmiko:Pattern found: sh\ cdp\ nei\ det sh cdp nei det
-------------------------
Device ID: ap-4-162
Entry address(es): 
  IP address: 172.29.152.51
  IPv6 address: FE80::22A:10FF:FEA2:282C  (link-local)
Platform: cisco AIR-CAP3702I-B-K9,  Capabilities: Trans-Bridge Source-Route-Bridge IGMP 
Interface: GigabitEthernet3/0/28,  Port ID (outgoing port): GigabitEthernet0
Holdtime : 139 sec

Version :
Cisco IOS Software, C3700 Software (AP3G2-K9W8-M), Version 15.3(3)JA8, RELEASE SOFTWARE (fc1)
Technical Support: http://www.cisco.com/techsupport
Copyright (c) 1986-2016 by Cisco Systems, Inc.
Compiled Fri 22-Apr-16 05:48 by prod_rel_team

advertisement version: 2
Duplex: full
Power drawn: 16.800 Watts
Power request id: 42401, Power management id: 2
Power request levels are:16800 15400 13000 0 0 
Management address(es): 
  IP address: 172.29.152.51

-------------------------
Device ID: 1ST_NT_MDF_SW01.mongeneral.com
Entry address(es): 
  IP address: 172.26.1.3
Platform: cisco WS-C3850-24XS,  Capabilities: Router Switch IGMP 
Interface: TenGigabitEthernet1/0/1,  Port ID (outgoing port): TenGigabitEthernet1/0/14
Holdtime : 140 sec

Version :
Cisco IOS Software, IOS-XE Software, Catalyst L3 Switch Software (CAT3K_CAA-UNIVERSALK9-M), Version 03.07.04E RELEASE SOFTWARE (fc1)
Technical Support: http://www.cisco.com/techsupport
Copyright (c) 1986-2016 by Cisco Systems, Inc.
Compiled Thu 19-May-16 11:48 by prod_rel_team

advertisement version: 2
VTP Management Domain: 'MonGen'
Native VLAN: 666
Duplex: full
Management address(es): 
  IP address: 172.26.1.3

-------------------------
Device ID: 1ST_NT_MDF_SW01.mongeneral.com
Entry address(es): 
  IP address: 172.26.1.3
Platform: cisco WS-C3850-24XS,  Capabilities: Router Switch IGMP 
Interface: TenGigabitEthernet2/0/1,  Port ID (outgoing port): TenGigabitEthernet2/0/14
Holdtime : 149 sec

Version :
Cisco IOS Software, IOS-XE Software, Catalyst L3 Switch Software (CAT3K_CAA-UNIVERSALK9-M), Version 03.07.04E RELEASE SOFTWARE (fc1)
Technical Support: http://www.cisco.com/techsupport
Copyright (c) 1986-2016 by Cisco Systems, Inc.
Compiled Thu 19-May-16 11:48 by prod_rel_team

advertisement version: 2
VTP Management Domain: 'MonGen'
Native VLAN: 666
Duplex: full
Management address(es): 
  IP address: 172.26.1.3

-------------------------
Device ID: ap-4n-centermh
Entry address(es): 
  IP address: 172.29.152.75
  IPv6 address: FE80::C28C:60FF:FE20:7CA4  (link-local)
Platform: cisco AIR-CAP3602I-A-K9,  Capabilities: Trans-Bridge Source-Route-Bridge IGMP 
Interface: GigabitEthernet2/0/15,  Port ID (outgoing port): GigabitEthernet0
Holdtime : 150 sec

Version :
Cisco IOS Software, C3600 Software (AP3G2-K9W8-M), Version 15.3(3)JA8, RELEASE SOFTWARE (fc1)
Technical Support: http://www.cisco.com/techsupport
Copyright (c) 1986-2016 by Cisco Systems, Inc.
Compiled Fri 22-Apr-16 05:48 by prod_rel_team

advertisement version: 2
Duplex: full
Power drawn: 15.400 Watts
Power request id: 5219, Power management id: 2
Power request levels are:15400 13000 0 0 0 
Management address(es): 
  IP address: 172.29.152.75

-------------------------
Device ID: ap-4n-4239
Entry address(es): 
  IP address: 172.29.152.94
  IPv6 address: FE80::C267:AFFF:FE5B:D04  (link-local)
Platform: cisco AIR-CAP3602I-A-K9,  Capabilities: Trans-Bridge Source-Route-Bridge IGMP 
Interface: GigabitEthernet4/0/32,  Port ID (outgoing port): GigabitEthernet0
Holdtime : 169 sec

Version :
Cisco IOS Software, C3600 Software (AP3G2-K9W8-M), Version 15.3(3)JA8, RELEASE SOFTWARE (fc1)
Technical Support: http://www.cisco.com/techsupport
Copyright (c) 1986-2016 by Cisco Systems, Inc.
Compiled Fri 22-Apr-16 05:48 by prod_rel_team

advertisement version: 2
Duplex: full
Power drawn: 15.400 Watts
Power request id: 61014, Power management id: 2
Power request levels are:15400 13000 0 0 0 
Management address(es): 
  IP address: 172.29.152.94

-------------------------
Device ID: ap-4n-4231
Entry address(es): 
  IP address: 172.29.152.88
  IPv6 address: FE80::C267:AFFF:FE28:C282  (link-local)
Platform: cisco AIR-CAP3602I-A-K9,  Capabilities: Trans-Bridge Source-Route-Bridge IGMP 
Interface: GigabitEthernet4/0/24,  Port ID (outgoing port): GigabitEthernet0
Holdtime : 147 sec

Version :
Cisco IOS Software, C3600 Software (AP3G2-K9W8-M), Version 15.3(3)JA8, RELEASE SOFTWARE (fc1)
Technical Support: http://www.cisco.com/techsupport
Copyright (c) 1986-2016 by Cisco Systems, Inc.
Compiled Fri 22-Apr-16 05:48 by prod_rel_team

advertisement version: 2
Duplex: full
Power drawn: 15.400 Watts
Power request id: 4638, Power management id: 2
Power request levels are:15400 13000 0 0 0 
Management address(es): 
  IP address: 172.29.152.88

-------------------------
Device ID: e0553da2a7e6
Entry address(es): 
  IP address: 10.255.32.51
Platform: MS350-48FP,  Capabilities: Switch 
Interface: GigabitEthernet4/0/48,  Port ID (outgoing port): Port 41
Holdtime : 134 sec

Version :
1

advertisement version: 2
Native VLAN: 1
Power available id:      0       Power management id:   4891
Power available is: 30.000 Watts Management Power is:4294967.295 Watts

-------------------------
Device ID: ap-4n-westmh
Entry address(es): 
  IP address: 172.29.152.90
  IPv6 address: FE80::C28C:60FF:FE20:7D13  (link-local)
Platform: cisco AIR-CAP3602I-A-K9,  Capabilities: Trans-Bridge Source-Route-Bridge IGMP 
Interface: GigabitEthernet4/0/26,  Port ID (outgoing port): GigabitEthernet0
Holdtime : 161 sec

Version :
Cisco IOS Software, C3600 Software (AP3G2-K9W8-M), Version 15.3(3)JA8, RELEASE SOFTWARE (fc1)
Technical Support: http://www.cisco.com/techsupport
Copyright (c) 1986-2016 by Cisco Systems, Inc.
Compiled Fri 22-Apr-16 05:48 by prod_rel_team

advertisement version: 2
Duplex: full
Power drawn: 15.400 Watts
Power request id: 52702, Power management id: 3
Power request levels are:15400 13000 0 0 0 
Management address(es): 
  IP address: 172.29.152.90

-------------------------
Device ID: ap-4n-468
Entry address(es): 
  IP address: 172.29.152.57
  IPv6 address: FE80::C267:AFFF:FE28:C279  (link-local)
Platform: cisco AIR-CAP3602I-A-K9,  Capabilities: Trans-Bridge Source-Route-Bridge IGMP 
Interface: GigabitEthernet2/0/21,  Port ID (outgoing port): GigabitEthernet0
Holdtime : 166 sec

Version :
Cisco IOS Software, C3600 Software (AP3G2-K9W8-M), Version 15.3(3)JA8, RELEASE SOFTWARE (fc1)
Technical Support: http://www.cisco.com/techsupport
Copyright (c) 1986-2016 by Cisco Systems, Inc.
Compiled Fri 22-Apr-16 05:48 by prod_rel_team

advertisement version: 2
Duplex: full
Power drawn: 15.400 Watts
Power request id: 16396, Power management id: 2
Power request levels are:15400 13000 0 0 0 
Management address(es): 
  IP address: 172.29.152.57

-------------------------
Device ID: ap-4n-168
Entry address(es): 
  IP address: 172.29.152.84
  IPv6 address: FE80::863D:C6FF:FEA1:7C70  (link-local)
Platform: cisco AIR-CAP3702I-B-K9,  Capabilities: Trans-Bridge Source-Route-Bridge IGMP 
Interface: GigabitEthernet3/0/6,  Port ID (outgoing port): GigabitEthernet0
Holdtime : 132 sec

Version :
Cisco IOS Software, C3700 Software (AP3G2-K9W8-M), Version 15.3(3)JA8, RELEASE SOFTWARE (fc1)
Technical Support: http://www.cisco.com/techsupport
Copyright (c) 1986-2016 by Cisco Systems, Inc.
Compiled Fri 22-Apr-16 05:48 by prod_rel_team

advertisement version: 2
Duplex: full
Power drawn: 16.800 Watts
Power request id: 46766, Power management id: 2
Power request levels are:16800 15400 13000 0 0 
Management address(es): 
  IP address: 172.29.152.84

-------------------------
Device ID: ap-4n-439
Entry address(es): 
  IP address: 172.29.152.92
  IPv6 address: FE80::C267:AFFF:FE5B:D20  (link-local)
Platform: cisco AIR-CAP3602I-A-K9,  Capabilities: Trans-Bridge Source-Route-Bridge IGMP 
Interface: GigabitEthernet4/0/30,  Port ID (outgoing port): GigabitEthernet0
Holdtime : 120 sec

Version :
Cisco IOS Software, C3600 Software (AP3G2-K9W8-M), Version 15.3(3)JA8, RELEASE SOFTWARE (fc1)
Technical Support: http://www.cisco.com/techsupport
Copyright (c) 1986-2016 by Cisco Sys
DEBUG:netmiko:read_channel: tems, Inc.
Compiled Fri 22-Apr-16 05:48 by prod_rel_team

advertisement version: 2
Duplex: full
Power drawn: 15.400 Watts
Power request id: 39444, Power management id: 2
Power request levels are:15400 13000 0 0 0 
Management address(es): 
  IP address: 172.29.152.92

-------------------------
Device ID: ap-4n-169
Entry address(es): 
  IP address: 172.29.152.56
  IPv6 address: FE80::863D:C6FF:FEC7:580  (link-local)
Platform: cisco AIR-CAP3702I-B-K9,  Capabilities: Trans-Bridge Source-Route-Bridge IGMP 
Interface: GigabitEthernet3/0/16,  Port ID (outgoing port): GigabitEthernet0
Holdtime : 159 sec

Version :
Cisco IOS Software, C3700 Software (AP3G2-K9W8-M), Version 15.3(3)JA8, RELEASE SOFTWARE (fc1)
Technical Support: http://www.cisco.com/techsupport
Copyright (c) 1986-2016 by Cisco Systems, Inc.
Compiled Fri 22-Apr-16 05:48 by prod_rel_team

advertisement version: 2
Duplex: full
Power drawn: 16.800 Watts
Power request id: 63614, Power management id: 2
Power request levels are:16800 15400 13000 0 0 
Management address(es): 
  IP address: 172.29.152.56

-------------------------
Device ID: ap-4n-175
Entry address(es): 
  IP address: 172.29.152.54
  IPv6 address: FE80::863D:C6FF:FE7F:59D0  (link-local)
Platform: cisco AIR-CAP3702I-B-K9,  Capabilities: Trans-Bridge Source-Route-Bridge IGMP 
Interface: GigabitEthernet3/0/4,  Port ID (outgoing port): GigabitEthernet0
Holdtime : 126 sec

Version :
Cisco IOS Software, C3700 Software (AP3G2-K9W8-M), Version 15.3(3)JA8, RELEASE SOFTWARE (fc1)
Technical Support: http://www.cisco.com/techsupport
Copyright (c) 1986-2016 by Cisco Systems, Inc.
Compiled Fri 22-Apr-16 05:48 by prod_rel_team

advertisement version: 2
Duplex: full
Power drawn: 16.800 Watts
Power request id: 30388, Power management id: 2
Power request levels are:16800 15400 13000 0 0 
Management address(es): 
  IP address: 172.29.152.54

-------------------------
Device ID: ap-4n-174
Entry address(es): 
  IP address: 172.29.152.55
  IPv6 address: FE80::863D:C6FF:FEB8:CB18  (link-local)
Platform: cisco AIR-CAP3702I-B-K9,  Capabilities: Trans-Bridge Source-Route-Bridge IGMP 
Interface: GigabitEthernet3/0/22,  Port ID (outgoing port): GigabitEthernet0
Holdtime : 148 sec

Version :
Cisco IOS Software, C3700 Software (AP3G2-K9W8-M), Version 15.3(3)JA8, RELEASE SOFTWARE (fc1)
Technical Support: http://www.cisco.com/techsupport
Copyright (c) 1986-2016 by Cisco Systems, Inc.
Compiled Fri 22-Apr-16 05:48 by prod_rel_team

advertisement version: 2
Duplex: full
Power drawn: 16.800 Watts
Power request id: 47983, Power management id: 2
Power request levels are:16800 15400 13000 0 0 
Management address(es): 
  IP address: 172.29.152.55

-------------------------
Device ID: ap-4n-460
Entry address(es): 
  IP address: 172.29.152.52
  IPv6 address: FE80::C28C:60FF:FEF9:955C  (link-local)
Platform: cisco AIR-CAP3602I-A-K9,  Capabilities: Trans-Bridge Source-Route-Bridge IGMP 
Interface: GigabitEthernet2/0/13,  Port ID (outgoing port): GigabitEthernet0
Holdtime : 135 sec

Version :
Cisco IOS Software, C3600 Software (AP3G2-K9W8-M), Version 15.3(3)JA8, RELEASE SOFTWARE (fc1)
Technical Support: http://www.cisco.com/techsupport
Copyright (c) 1986-2016 by Cisco Systems, Inc.
Compiled Fri 22-Apr-16 05:48 by prod_rel_team

advertisement version: 2
Duplex: full
Power drawn: 15.400 Watts
Power request id: 27099, Power management id: 2
Power request levels are:15400 13000 0 0 0 
Management address(es): 
  IP address: 172.29.152.52

-------------------------
Device ID: ap-4n-166
Entry address(es): 
  IP address: 172.29.152.87
  IPv6 address: FE80::863D:C6FF:FEC7:524  (link-local)
Platform: cisco AIR-CAP3702I-B-K9,  Capabilities: Trans-Bridge Source-Route-Bridge IGMP 
Interface: GigabitEthernet3/0/12,  Port ID (outgoing port): GigabitEthernet0
Holdtime : 163 sec

Version :
Cisco IOS Software, C3700 Software (AP3G2-K9W8-M), Version 15.3(3)JA8, RELEASE SOFTWARE (fc1)
Technical Support: http://www.cisco.com/techsupport
Copyright (c) 1986-2016 by Cisco Systems, Inc.
Compiled Fri 22-Apr-16 05:48 by prod_rel_team

advertisement version: 2
Duplex: full
Power drawn: 16.800 Watts
Power request id: 32010, Power management id: 2
Power request levels are:16800 15400 13000 0 0 
Management address(es): 
  IP address: 172.29.152.87

-------------------------
Device ID: ap-4n-177
Entry address(es): 
  IP address: 172.29.152.97
  IPv6 address: FE80::863D:C6FF:FEA1:7820  (link-local)
Platform: cisco AIR-CAP3702I-B-K9,  Capabilities: Trans-Bridge Source-Route-Bridge IGMP 
Interface: GigabitEthernet3/0/24,  Port ID (outgoing port): GigabitEthernet0
Holdtime : 170 sec

Version :
Cisco IOS Software, C3700 Software (AP3G2-K9W8-M), Version 15.3(3)JA8, RELEASE SOFTWARE (fc1)
Technical Support: http://www.cisco.com/techsupport
Copyright (c) 1986-2016 by Cisco Systems, Inc.
Compiled Fri 22-Apr-16 05:48 by prod_rel_team

advertisement version: 2
Duplex: full
Power drawn: 16.800 Watts
Power request id: 61248, Power management id: 2
Power request levels are:16800 15400 13000 0 0 
Management address(es): 
  IP address: 172.29.152.97

-------------------------
Device ID: ap-4n-167
Entry address(es): 
  IP address: 172.29.152.86
  IPv6 address: FE80::863D:C6FF:FEA4:F740  (link-local)
Platform: cisco AIR-CAP3702I-B-K9,  Capabilities: Trans-Bridge Source-Route-Bridge IGMP 
Interface: GigabitEthernet3/0/10,  Port ID (outgoing port): GigabitEthernet0
Holdtime : 163 sec

Version :
Cisco IOS Software, C3700 Software (AP3G2-K9W8-M), Version 15.3(3)JA8, RELEASE SOFTWARE (fc1)
Technical Support: http://www.cisco.com/techsupport
Copyright (c) 1986-2016 by Cisco Systems, Inc.
Compiled Fri 22-Apr-16 05:48 by prod_rel_team

advertisement version: 2
Duplex: full
Power drawn: 16.800 Watts
Power request id: 44817, Power management id: 2
Power request levels are:16800 15400 13000 0 0 
Management address(es): 
  IP address: 172.29.152.86

-------------------------
Device ID: ap-4n-176
Entry address(es): 
  IP address: 172.29.152.82
  IPv6 address: FE80::863D:C6FF:FECC:1830  (link-local)
Platform: cisco AIR-CAP3702I-B-K9,  Capabilities: Trans-Bridge Source-Route-Bridge IGMP 
Interface: GigabitEthernet3/0/2,  Port ID (outgoing port): GigabitEthernet0
Holdtime : 162 sec

Version :
Cisco IOS Software, C3700 Software (AP3G2-K9W8-M), Version 15.3(3)JA8, RELEASE SOFTWARE (fc1)
Technical Support: http://www.cisco.com/techsupport
Copyright (c) 1986-2016 by Cisco Systems, Inc.
Compiled Fri 22-Apr-16 05:48 by prod_rel_team

advertisement version: 2
Duplex: full
Power drawn: 16.800 Watts
Power request id: 46415, Power management id: 2
Power request levels are:16800 15400 13000 0 0 
Management address(es): 
  IP address: 172.29.152.82

-------------------------
Device ID: ap-4n-171
Entry address(es): 
  IP address: 172.29.152.85
  IPv6 address: FE80::863D:C6FF:FEEA:6BB4  (link-local)
Platform: cisco AIR-CAP3702I-B-K9,  Capabilities: Trans-Bridge Source-Route-Bridge IGMP 
Interface: GigabitEthernet3/0/8,  Port ID (outgoing port): GigabitEthernet0
Holdtime : 131 sec

Version :
Cisco IOS Software, C3700 Software (AP3G2-K9W8-M), Version 15.3(3)JA8, RELEASE SOFTWARE (fc1)
Technical Support: http://www.cisco.com/techsupport
Copyright (c) 1986-2016 by Cisco Systems, Inc.
Compiled Fri 22-Apr-16 05:48 by prod_rel_team

advertisement version: 2
Duplex: full
Power drawn: 16.800 Watts
Power request id: 34093, Power management id: 2
Power request levels are:16800 15400 13000 0 0 
Management address(es): 
  IP address: 172.29.152.85

-------------------------
Device ID: ap-4n-465
Entry address(es): 
  IP address: 172.29.152.78
  IPv6 address: FE80::C267:AFFF:FE5B:D30  (link-local)
Platform: cisco AIR-CAP3602I-A-K9,  Capabilities: Trans-Bridge Source-Route-Bridge IGMP 
Interface: GigabitEthernet2/0/19,  Port ID (outgoing port): GigabitEthernet0
Holdtime : 132 sec

Version :
Cisco IOS Software, C3600 Software (AP3G2-K9W8-M), Version 15.3(3)JA8, RELEASE SOFTWARE (fc1)
Technical Support: http://www.cisco.com/techsupport
Copyright (c) 1986-2016 by Cisco Systems, Inc.
Compiled Fri 22-Apr-16 05:48 by prod_rel_team

advertisement version: 2
Duplex: full
Power drawn: 15.400 Watts
Power request id: 48696, Power management id: 2
Power request levels are:15400 13000 0 0 0 
Management address(es): 
  IP address: 172.29.152.78

-------------------------
Device ID: ap-4n-170
Entry address(es): 
  IP address: 172.29.152.50
  IPv6 address: FE80::863D:C6FF:FEC1:9C88  (link-local)
Platform: cisco AIR-CAP3702I-B-K9,  Capabilities: Trans-Bridge Source-Route-Bridge IGMP 
Interface: GigabitEthernet3/0/20,  Port ID (outgoing port): GigabitEthernet0
Holdtime : 170 sec

Version :
Cisco IOS Software, C3700 Software (AP3G2-K9W8-M), Version 15.3(3)JA8, RELEASE SOFTWARE (fc1)
Technical Support: http://www.cisco.com/techsupport
Copyright (c) 1986-2016 by Cisco Systems, Inc.
Compiled Fri 22-Apr-16 05:48 by prod_rel_team

advertisement version: 2
Duplex: full
Power drawn: 16.800 Watts
Power request id: 13304, Power management id: 3
Power request levels are:16800 15400 13000 0 0 
Management address(es): 
  IP address: 172.29.152.50

-------------------------
Device ID: ap-4n-475
Entry address(es): 
  IP address: 172.29.152.60
  IPv6 address: FE80::C28C:60FF:FE20:7BB9  (link-local)
Platform: cisco AIR-CAP3602I-A-K9,  Capabilities: Trans-Bridge Source-Route-Bridge IGMP 
Interface: GigabitEthernet2/0/23,  Port ID (outgoing port): GigabitEthernet0
Holdtime : 123 sec

Version :
Cisco IOS Software, C3600 Software (AP3G2-K9W8-M), Version 15.3(3)JA8, RELEASE SOFTWARE (fc1)
Technical Support: http://www.cisco.com/techsupport
Copyright (c) 1986-2016 by Cisco Systems, Inc.
Compiled Fri 22-Apr-16 05:48 by prod_rel_team

advertisement version: 2
Duplex: full
Power drawn: 15.400 Watts
Power request id: 28055, Power management id: 2
Power request levels are:15400 13000 0 0 0 
Management address(es): 
  IP address: 172.29.152.60

-------------------------
Device ID: ap-4n-173
Entry address(es): 
  IP address: 172.29.152.93
  IPv6 address: FE80::22A:10FF:FED7:CCC0  (link-local)
Platform: cisco AIR-CAP3702I-B-K9,  Capabilities: Trans-Bridge Source-Route-Bridge IGMP 
Interface: GigabitEthernet3/0/18,  Port ID (outgoing port): GigabitEthernet0
Holdtime : 130 sec

Version :
Cisco IOS Software, C3700 Software (AP3G2-K9W8-M), Version 15.3(3)JA8, RELEASE SOFTWARE (fc1)
Technical Support: http://www.cisco.com/techsupport
Copyright (c) 1986-2016 by Cisco Systems, Inc.
Compiled Fri 22-Apr-16 05:48 by prod_rel_team

advertisement version: 2
Duplex: full
Power drawn: 16.800 Watts
Power request id: 5084, Power management id: 2
Power request levels are:16800 15400 13000 0 0 
Management address(es): 
  IP address: 172.29.152.93

-------------------------
Device ID: ap-4n-172
Entry address(es): 
  IP address: 172.29.152.58
  IPv6 address: FE80::863D:C6FF:FEA1:7910  (link-local)
Platform: cisco AIR-CAP3702I-B-K9,  Capabilities: Trans-Bridge Source-Route-Bridge IGMP 
Interface: GigabitEthernet3/0/14,  Port ID (outgoing port): GigabitEthernet0
Holdtime : 168 sec

Version :
Cisco IOS Software, C3700 Software (AP3G2-K9W8-M), Version 15.3(3)JA8, RELEASE SOFTWARE (fc1)
Technical Support: http://www.cisco.com/techsupport
Copyright (c) 1986-2016 by Cisco Systems, Inc.
Compiled Fri 22-Apr-16 05:48 by prod_rel_team

advertisement version: 2
Duplex: full
Power drawn: 16.800 Watts
Power request id: 8932, Power management id: 2
Power request levels are:16800 15400 13000 0 0 
Management address(es): 
  IP address: 172.29.152.58


Total cdp entries displayed : 25
4th_nt_sw01#
DEBUG:netmiko:write_channel: b'\n'
DEBUG:netmiko:read_channel: 
4th_nt_sw01#
DEBUG:netmiko:read_channel: 
DEBUG:netmiko:read_channel: 
DEBUG:netmiko:write_channel: b'exit\n'
DEBUG:paramiko.transport:EOF in transport thread
DEBUG:paramiko.transport:starting thread (client mode): 0x5ab83880
DEBUG:paramiko.transport:Local version/idstring: SSH-2.0-paramiko_2.7.1
DEBUG:paramiko.transport:Remote version/idstring: SSH-2.0-Cisco-1.25
INFO:paramiko.transport:Connected (version 2.0, client Cisco-1.25)
DEBUG:paramiko.transport:kex algos:['diffie-hellman-group-exchange-sha1', 'diffie-hellman-group14-sha1', 'diffie-hellman-group1-sha1'] server key:['ssh-rsa'] client encrypt:['aes128-ctr', 'aes192-ctr', 'aes256-ctr', 'aes128-cbc', '3des-cbc', 'aes192-cbc', 'aes256-cbc'] server encrypt:['aes128-ctr', 'aes192-ctr', 'aes256-ctr', 'aes128-cbc', '3des-cbc', 'aes192-cbc', 'aes256-cbc'] client mac:['hmac-sha1', 'hmac-sha1-96'] server mac:['hmac-sha1', 'hmac-sha1-96'] client compress:['none'] server compress:['none'] client lang:[''] server lang:[''] kex follows?False
DEBUG:paramiko.transport:Kex agreed: diffie-hellman-group-exchange-sha1
DEBUG:paramiko.transport:HostKey agreed: ssh-rsa
DEBUG:paramiko.transport:Cipher agreed: aes128-ctr
DEBUG:paramiko.transport:MAC agreed: hmac-sha1
DEBUG:paramiko.transport:Compression agreed: none
DEBUG:paramiko.transport:Got server p (2048 bits)
DEBUG:paramiko.transport:kex engine KexGex specified hash_algo <built-in function openssl_sha1>
DEBUG:paramiko.transport:Switch to new keys ...
DEBUG:paramiko.transport:Adding ssh-rsa host key for 1st_conf_sw01: b'13b560c4f3a1e584472dba96a5456341'
DEBUG:paramiko.transport:userauth is OK
INFO:paramiko.transport:Authentication (password) successful!
DEBUG:paramiko.transport:[chan 0] Max packet in: 32768 bytes
DEBUG:paramiko.transport:[chan 0] Max packet out: 4096 bytes
DEBUG:paramiko.transport:Secsh channel 0 opened.
DEBUG:paramiko.transport:[chan 0] Sesch channel 0 request ok
DEBUG:paramiko.transport:[chan 0] Sesch channel 0 request ok
DEBUG:netmiko:read_channel: 
1st_conf_sw01>
DEBUG:netmiko:read_channel: 
DEBUG:netmiko:read_channel: 
DEBUG:netmiko:read_channel: 
DEBUG:netmiko:write_channel: b'\n'
DEBUG:netmiko:read_channel: 
1st_conf_sw01>
DEBUG:netmiko:read_channel: 
DEBUG:netmiko:[find_prompt()]: prompt is 1st_conf_sw01>
DEBUG:netmiko:read_channel: 
DEBUG:netmiko:In disable_paging
DEBUG:netmiko:Command: terminal length 0

DEBUG:netmiko:write_channel: b'terminal length 0\n'
DEBUG:netmiko:Pattern is: terminal\ length\ 0
DEBUG:netmiko:_read_channel_expect read_data: t
DEBUG:netmiko:_read_channel_expect read_data: erminal length 0
1st_conf_sw01>
DEBUG:netmiko:Pattern found: terminal\ length\ 0 terminal length 0
1st_conf_sw01>
DEBUG:netmiko:terminal length 0
1st_conf_sw01>
DEBUG:netmiko:Exiting disable_paging
DEBUG:netmiko:write_channel: b'terminal width 511\n'
DEBUG:netmiko:Pattern is: terminal\ width\ 511
DEBUG:netmiko:_read_channel_expect read_data: t
DEBUG:netmiko:_read_channel_expect read_data: erminal width 511
1st_conf_sw01>
DEBUG:netmiko:Pattern found: terminal\ width\ 511 terminal width 511
1st_conf_sw01>
DEBUG:netmiko:read_channel: 
DEBUG:netmiko:write_channel: b'\n'
DEBUG:netmiko:Pattern is: 1st_conf_sw01
DEBUG:netmiko:_read_channel_expect read_data: 
1st_conf_sw01>
DEBUG:netmiko:Pattern found: 1st_conf_sw01 
1st_conf_sw01>
DEBUG:netmiko:write_channel: b'enable\n'
DEBUG:netmiko:Pattern is: (1st_conf_sw01|ssword)
DEBUG:netmiko:_read_channel_expect read_data: en
DEBUG:netmiko:_read_channel_expect read_data: able
Password: 
DEBUG:netmiko:Pattern found: (1st_conf_sw01|ssword) enable
Password: 
DEBUG:netmiko:write_channel: b'change-mgh\n'
DEBUG:netmiko:Pattern is: 1st_conf_sw01
DEBUG:netmiko:_read_channel_expect read_data: 
1st_conf_sw01#
DEBUG:netmiko:Pattern found: 1st_conf_sw01 
1st_conf_sw01#
DEBUG:netmiko:write_channel: b'\n'
DEBUG:netmiko:Pattern is: 1st_conf_sw01
DEBUG:netmiko:_read_channel_expect read_data: 

DEBUG:netmiko:_read_channel_expect read_data: 1st_conf_sw01#
DEBUG:netmiko:Pattern found: 1st_conf_sw01 
1st_conf_sw01#
DEBUG:netmiko:read_channel: 
DEBUG:netmiko:write_channel: b'\n'
DEBUG:netmiko:read_channel: 
1st_conf_sw01#
DEBUG:netmiko:read_channel: 
DEBUG:netmiko:[find_prompt()]: prompt is 1st_conf_sw01#
DEBUG:netmiko:read_channel: 
DEBUG:netmiko:write_channel: b'sh cdp nei det\n'
DEBUG:netmiko:Pattern is: sh\ cdp\ nei\ det
DEBUG:netmiko:_read_channel_expect read_data: s
DEBUG:netmiko:_read_channel_expect read_data: h cdp nei det
-------------------------
Device ID: ap-1n-nutrition
Entry address(es): 
  IP address: 172.29.172.52
  IPv6 address: FE80::522F:A8FF:FE8F:FE04  (link-local)
Platform: cisco AIR-CAP3702I-B-K9,  Capabilities: Trans-Bridge Source-Route-Bridge IGMP 
Interface: GigabitEthernet1/0/2,  Port ID (outgoing port): GigabitEthernet0
Holdtime : 158 sec

Version :
Cisco IOS Software, C3700 Software (AP3G2-K9W8-M), Version 15.3(3)JA8, RELEASE SOFTWARE (fc1)
Technical Support: http://www.cisco.com/techsupport
Copyright (c) 1986-2016 by Cisco Systems, Inc.
Compiled Fri 22-Apr-16 05:48 by prod_rel_team

advertisement version: 2
Duplex: full
Power drawn: 16.800 Watts
Power request id: 6409, Power management id: 2
Power request levels are:16800 15400 13000 0 0 
Management address(es): 
  IP address: 172.29.172.52

-------------------------
Device ID: 1ST_NT_MDF_SW01.mongeneral.com
Entry address(es): 
  IP address: 172.26.1.3
Platform: cisco WS-C3850-24XS,  Capabilities: Router Switch IGMP 
Interface: TenGigabitEthernet1/0/2,  Port ID (outgoing port): TenGigabitEthernet2/0/18
Holdtime : 124 sec

Version :
Cisco IOS Software, IOS-XE Software, Catalyst L3 Switch Software (CAT3K_CAA-UNIVERSALK9-M), Version 03.07.04E RELEASE SOFTWARE (fc1)
Technical Support: http://www.cisco.com/techsupport
Copyright (c) 1986-2016 by Cisco Systems, Inc.
Compiled Thu 19-May-16 11:48 by prod_rel_team

advertisement version: 2
VTP Management Domain: 'MonGen'
Native VLAN: 666
Duplex: full
Management address(es): 
  IP address: 172.26.1.3

-------------------------
Device ID: SEP706BB9000408
Entry address(es): 
  IP address: 172.29.172.51
Platform: CTS-CODEC-MX700/MX800,  Capabilities: Host Phone 
Interface: GigabitEthernet1/0/47,  Port ID (outgoing port): gbe0
Holdtime : 149 sec

Version :
ce8.2.2 3263c59 2016-09-26

advertisement version: 2

-------------------------
Device ID: 1ST_NT_MDF_SW01.mongeneral.com
Entry address(es): 
  IP address: 172.26.1.3
Platform: cisco WS-C3850-24XS,  Capabilities: Router Switch IGMP 
Interface: TenGigabitEthernet1/0/1,  Port ID (outgoing port): TenGigabitEthernet1/0/18
Holdtime : 136 sec

Version :
Cisco IOS Software, IOS-XE Software, Catalyst L3 Switch Software (CAT3K_CAA-UNIVERSALK9-M), Version 03.07.04E RELEASE SOFTWARE (fc1)
Technical Support: http://www.cisco.com/techsupport
Copyright (c) 1986-2016 by Cisco Systems, Inc.
Compiled Thu 19-May-16 11:48 by prod_rel_team

advertisement version: 2
VTP Management Domain: 'MonGen'
Native VLAN: 666
Duplex: full
Management address(es): 
  IP address: 172.26.1.3

-------------------------
Device ID: ap-1n-conf2
Entry address(es): 
  IP address: 172.26.101.67
  IPv6 address: FE80::B28B:CFFF:FEEA:EEA8  (link-local)
Platform: cisco AIR-CAP3702I-B-K9,  Capabilities: Trans-Bridge Source-Route-Bridge IGMP 
Interface: GigabitEthernet1/0/26,  Port ID (outgoing port): GigabitEthernet0
Holdtime : 128 sec

Version :
Cisco IOS Software, C3700 Software (AP3G2-K9W8-M), Version 15.3(3)JA8, RELEASE SOFTWARE (fc1)
Technical Support: http://www.cisco.com/techsupport
Copyright (c) 1986-2016 by Cisco Systems, Inc.
Compiled Fri 22-Apr-16 05:48 by prod_rel_team

advertisement version: 2
Duplex: full
Power drawn: 16.800 Watts
Power request id: 63546, Power management id: 2
Power request levels are:16800 15400 13000 0 0 
Management address(es): 
  IP address: 172.26.101.67


Total cdp entries displayed : 5
1st_conf_sw01#
DEBUG:netmiko:Pattern found: sh\ cdp\ nei\ det sh cdp nei det
-------------------------
Device ID: ap-1n-nutrition
Entry address(es): 
  IP address: 172.29.172.52
  IPv6 address: FE80::522F:A8FF:FE8F:FE04  (link-local)
Platform: cisco AIR-CAP3702I-B-K9,  Capabilities: Trans-Bridge Source-Route-Bridge IGMP 
Interface: GigabitEthernet1/0/2,  Port ID (outgoing port): GigabitEthernet0
Holdtime : 158 sec

Version :
Cisco IOS Software, C3700 Software (AP3G2-K9W8-M), Version 15.3(3)JA8, RELEASE SOFTWARE (fc1)
Technical Support: http://www.cisco.com/techsupport
Copyright (c) 1986-2016 by Cisco Systems, Inc.
Compiled Fri 22-Apr-16 05:48 by prod_rel_team

advertisement version: 2
Duplex: full
Power drawn: 16.800 Watts
Power request id: 6409, Power management id: 2
Power request levels are:16800 15400 13000 0 0 
Management address(es): 
  IP address: 172.29.172.52

-------------------------
Device ID: 1ST_NT_MDF_SW01.mongeneral.com
Entry address(es): 
  IP address: 172.26.1.3
Platform: cisco WS-C3850-24XS,  Capabilities: Router Switch IGMP 
Interface: TenGigabitEthernet1/0/2,  Port ID (outgoing port): TenGigabitEthernet2/0/18
Holdtime : 124 sec

Version :
Cisco IOS Software, IOS-XE Software, Catalyst L3 Switch Software (CAT3K_CAA-UNIVERSALK9-M), Version 03.07.04E RELEASE SOFTWARE (fc1)
Technical Support: http://www.cisco.com/techsupport
Copyright (c) 1986-2016 by Cisco Systems, Inc.
Compiled Thu 19-May-16 11:48 by prod_rel_team

advertisement version: 2
VTP Management Domain: 'MonGen'
Native VLAN: 666
Duplex: full
Management address(es): 
  IP address: 172.26.1.3

-------------------------
Device ID: SEP706BB9000408
Entry address(es): 
  IP address: 172.29.172.51
Platform: CTS-CODEC-MX700/MX800,  Capabilities: Host Phone 
Interface: GigabitEthernet1/0/47,  Port ID (outgoing port): gbe0
Holdtime : 149 sec

Version :
ce8.2.2 3263c59 2016-09-26

advertisement version: 2

-------------------------
Device ID: 1ST_NT_MDF_SW01.mongeneral.com
Entry address(es): 
  IP address: 172.26.1.3
Platform: cisco WS-C3850-24XS,  Capabilities: Router Switch IGMP 
Interface: TenGigabitEthernet1/0/1,  Port ID (outgoing port): TenGigabitEthernet1/0/18
Holdtime : 136 sec

Version :
Cisco IOS Software, IOS-XE Software, Catalyst L3 Switch Software (CAT3K_CAA-UNIVERSALK9-M), Version 03.07.04E RELEASE SOFTWARE (fc1)
Technical Support: http://www.cisco.com/techsupport
Copyright (c) 1986-2016 by Cisco Systems, Inc.
Compiled Thu 19-May-16 11:48 by prod_rel_team

advertisement version: 2
VTP Management Domain: 'MonGen'
Native VLAN: 666
Duplex: full
Management address(es): 
  IP address: 172.26.1.3

-------------------------
Device ID: ap-1n-conf2
Entry address(es): 
  IP address: 172.26.101.67
  IPv6 address: FE80::B28B:CFFF:FEEA:EEA8  (link-local)
Platform: cisco AIR-CAP3702I-B-K9,  Capabilities: Trans-Bridge Source-Route-Bridge IGMP 
Interface: GigabitEthernet1/0/26,  Port ID (outgoing port): GigabitEthernet0
Holdtime : 128 sec

Version :
Cisco IOS Software, C3700 Software (AP3G2-K9W8-M), Version 15.3(3)JA8, RELEASE SOFTWARE (fc1)
Technical Support: http://www.cisco.com/techsupport
Copyright (c) 1986-2016 by Cisco Systems, Inc.
Compiled Fri 22-Apr-16 05:48 by prod_rel_team

advertisement version: 2
Duplex: full
Power drawn: 16.800 Watts
Power request id: 63546, Power management id: 2
Power request levels are:16800 15400 13000 0 0 
Management address(es): 
  IP address: 172.26.101.67


Total cdp entries displayed : 5
1st_conf_sw01#
DEBUG:netmiko:write_channel: b'\n'
DEBUG:netmiko:read_channel: 
1st_conf_sw01#
DEBUG:netmiko:read_channel: 
DEBUG:netmiko:read_channel: 
DEBUG:netmiko:write_channel: b'exit\n'
DEBUG:paramiko.transport:EOF in transport thread
DEBUG:paramiko.transport:starting thread (client mode): 0x5a9ee2b0
DEBUG:paramiko.transport:Local version/idstring: SSH-2.0-paramiko_2.7.1
DEBUG:paramiko.transport:Remote version/idstring: SSH-2.0-Cisco-1.25
INFO:paramiko.transport:Connected (version 2.0, client Cisco-1.25)
DEBUG:paramiko.transport:kex algos:['diffie-hellman-group-exchange-sha1', 'diffie-hellman-group14-sha1', 'diffie-hellman-group1-sha1'] server key:['ssh-rsa'] client encrypt:['aes128-ctr', 'aes192-ctr', 'aes256-ctr', 'aes128-cbc', '3des-cbc', 'aes192-cbc', 'aes256-cbc'] server encrypt:['aes128-ctr', 'aes192-ctr', 'aes256-ctr', 'aes128-cbc', '3des-cbc', 'aes192-cbc', 'aes256-cbc'] client mac:['hmac-sha1', 'hmac-sha1-96'] server mac:['hmac-sha1', 'hmac-sha1-96'] client compress:['none'] server compress:['none'] client lang:[''] server lang:[''] kex follows?False
DEBUG:paramiko.transport:Kex agreed: diffie-hellman-group-exchange-sha1
DEBUG:paramiko.transport:HostKey agreed: ssh-rsa
DEBUG:paramiko.transport:Cipher agreed: aes128-ctr
DEBUG:paramiko.transport:MAC agreed: hmac-sha1
DEBUG:paramiko.transport:Compression agreed: none
DEBUG:paramiko.transport:Got server p (2048 bits)
DEBUG:paramiko.transport:kex engine KexGex specified hash_algo <built-in function openssl_sha1>
DEBUG:paramiko.transport:Switch to new keys ...
DEBUG:paramiko.transport:Adding ssh-rsa host key for 1st_st_sw02: b'4f52e9e6c2bb495922a892021f23ce29'
DEBUG:paramiko.transport:userauth is OK
INFO:paramiko.transport:Authentication (password) successful!
DEBUG:paramiko.transport:[chan 0] Max packet in: 32768 bytes
DEBUG:paramiko.transport:[chan 0] Max packet out: 4096 bytes
DEBUG:paramiko.transport:Secsh channel 0 opened.
DEBUG:paramiko.transport:[chan 0] Sesch channel 0 request ok
DEBUG:paramiko.transport:[chan 0] Sesch channel 0 request ok
DEBUG:netmiko:read_channel: C
------------------------------------------------------------------------------------
WARNING:


This system is for the use of authorized clients only. Individuals using the
computer network system without authorization, or in excess of their authorization,
are subject to having all their activity on this computer network system monitored
and recorded by system personnel.  To protect the computer network system from
unauthorized use and to ensure the computer network system is functioning properly,
system administrators monitor this system.  Anyone using this computer network
system expressly consents to such monitoring and is advised that if such monitoring
reveals possible conduct of criminal activity, system personnel may provide the
evidence of such activity to law enforcement officers.

Access is restricted to authorized users only.

Unauthorized access is a violation of state and federal, civil and criminal laws.
------------------------------------------------------------------------------------
1st_st_sw02>
DEBUG:netmiko:read_channel: 
DEBUG:netmiko:read_channel: 
DEBUG:netmiko:read_channel: 
DEBUG:netmiko:write_channel: b'\n'
DEBUG:netmiko:read_channel: 
1st_st_sw02>
DEBUG:netmiko:read_channel: 
DEBUG:netmiko:[find_prompt()]: prompt is 1st_st_sw02>
DEBUG:netmiko:read_channel: 
DEBUG:netmiko:In disable_paging
DEBUG:netmiko:Command: terminal length 0

DEBUG:netmiko:write_channel: b'terminal length 0\n'
DEBUG:netmiko:Pattern is: terminal\ length\ 0
DEBUG:netmiko:_read_channel_expect read_data: t
DEBUG:netmiko:_read_channel_expect read_data: erminal length 0
1st_st_sw02>
DEBUG:netmiko:Pattern found: terminal\ length\ 0 terminal length 0
1st_st_sw02>
DEBUG:netmiko:terminal length 0
1st_st_sw02>
DEBUG:netmiko:Exiting disable_paging
DEBUG:netmiko:write_channel: b'terminal width 511\n'
DEBUG:netmiko:Pattern is: terminal\ width\ 511
DEBUG:netmiko:_read_channel_expect read_data: t
DEBUG:netmiko:_read_channel_expect read_data: erminal width 511
1st_st_sw02>
DEBUG:netmiko:Pattern found: terminal\ width\ 511 terminal width 511
1st_st_sw02>
DEBUG:netmiko:read_channel: 
DEBUG:netmiko:write_channel: b'\n'
DEBUG:netmiko:Pattern is: 1st_st_sw02
DEBUG:netmiko:_read_channel_expect read_data: 

DEBUG:netmiko:_read_channel_expect read_data: 1st_st_sw02>
DEBUG:netmiko:Pattern found: 1st_st_sw02 
1st_st_sw02>
DEBUG:netmiko:write_channel: b'enable\n'
DEBUG:netmiko:Pattern is: (1st_st_sw02|ssword)
DEBUG:netmiko:_read_channel_expect read_data: e
DEBUG:netmiko:_read_channel_expect read_data: nable
Password: 
DEBUG:netmiko:Pattern found: (1st_st_sw02|ssword) enable
Password: 
DEBUG:netmiko:write_channel: b'change-mgh\n'
DEBUG:netmiko:Pattern is: 1st_st_sw02
DEBUG:netmiko:_read_channel_expect read_data: 
1st_st_sw02#
DEBUG:netmiko:Pattern found: 1st_st_sw02 
1st_st_sw02#
DEBUG:netmiko:write_channel: b'\n'
DEBUG:netmiko:Pattern is: 1st_st_sw02
DEBUG:netmiko:_read_channel_expect read_data: 

DEBUG:netmiko:_read_channel_expect read_data: 1st_st_sw02#
DEBUG:netmiko:Pattern found: 1st_st_sw02 
1st_st_sw02#
DEBUG:netmiko:read_channel: 
DEBUG:netmiko:write_channel: b'\n'
DEBUG:netmiko:read_channel: 
1st_st_sw02#
DEBUG:netmiko:read_channel: 
DEBUG:netmiko:[find_prompt()]: prompt is 1st_st_sw02#
DEBUG:netmiko:read_channel: 
DEBUG:netmiko:write_channel: b'sh cdp nei det\n'
DEBUG:netmiko:Pattern is: sh\ cdp\ nei\ det
DEBUG:netmiko:_read_channel_expect read_data: s
DEBUG:netmiko:_read_channel_expect read_data: h cdp nei det
-------------------------
Device ID: ap-1s-ortho5
Entry address(es): 
  IP address: 172.29.104.99
  IPv6 address: FE80::C267:AFFF:FE5B:D5A  (link-local)
Platform: cisco AIR-CAP3602I-A-K9,  Capabilities: Trans-Bridge Source-Route-Bridge IGMP 
Interface: GigabitEthernet3/0/34,  Port ID (outgoing port): GigabitEthernet0
Holdtime : 160 sec

Version :
Cisco IOS Software, C3600 Software (AP3G2-K9W8-M), Version 15.3(3)JA8, RELEASE SOFTWARE (fc1)
Technical Support: http://www.cisco.com/techsupport
Copyright (c) 1986-2016 by Cisco Systems, Inc.
Compiled Fri 22-Apr-16 05:48 by prod_rel_team

advertisement version: 2
Duplex: full
Power drawn: 15.400 Watts
Power request id: 40956, Power management id: 2
Power request levels are:15400 13000 0 0 0 
Management address(es): 
  IP address: 172.29.104.99

-------------------------
Device ID: ap-1s-ortho4
Entry address(es): 
  IP address: 172.29.104.97
  IPv6 address: FE80::C267:AFFF:FE5B:D24  (link-local)
Platform: cisco AIR-CAP3602I-A-K9,  Capabilities: Trans-Bridge Source-Route-Bridge IGMP 
Interface: GigabitEthernet3/0/36,  Port ID (outgoing port): GigabitEthernet0
Holdtime : 151 sec

Version :
Cisco IOS Software, C3600 Software (AP3G2-K9W8-M), Version 15.3(3)JA8, RELEASE SOFTWARE (fc1)
Technical Support: http://www.cisco.com/techsupport
Copyright (c) 1986-2016 by Cisco Systems, Inc.
Compiled Fri 22-Apr-16 05:48 by prod_rel_team

advertisement version: 2
Duplex: full
Power drawn: 15.400 Watts
Power request id: 25342, Power management id: 2
Power request levels are:15400 13000 0 0 0 
Management address(es): 
  IP address: 172.29.104.97

-------------------------
Device ID: ap-1s-ortho6
Entry address(es): 
  IP address: 172.29.104.95
  IPv6 address: FE80::C28C:60FF:FEF9:9574  (link-local)
Platform: cisco AIR-CAP3602I-A-K9,  Capabilities: Trans-Bridge Source-Route-Bridge IGMP 
Interface: GigabitEthernet3/0/32,  Port ID (outgoing port): GigabitEthernet0
Holdtime : 173 sec

Version :
Cisco IOS Software, C3600 Software (AP3G2-K9W8-M), Version 15.3(3)JA8, RELEASE SOFTWARE (fc1)
Technical Support: http://www.cisco.com/techsupport
Copyright (c) 1986-2016 by Cisco Systems, Inc.
Compiled Fri 22-Apr-16 05:48 by prod_rel_team

advertisement version: 2
Duplex: full
Power drawn: 15.400 Watts
Power request id: 28008, Power management id: 2
Power request levels are:15400 13000 0 0 0 
Management address(es): 
  IP address: 172.29.104.95

-------------------------
Device ID: ap-1s-ortho1
Entry address(es): 
  IP address: 172.29.104.98
  IPv6 address: FE80::7E69:F6FF:FEEF:84CE  (link-local)
Platform: cisco AIR-CAP3602I-A-K9,  Capabilities: Trans-Bridge Source-Route-Bridge IGMP 
Interface: GigabitEthernet3/0/38,  Port ID (outgoing port): GigabitEthernet0
Holdtime : 149 sec

Version :
Cisco IOS Software, C3600 Software (AP3G2-K9W8-M), Version 15.3(3)JA8, RELEASE SOFTWARE (fc1)
Technical Support: http://www.cisco.com/techsupport
Copyright (c) 1986-2016 by Cisco Systems, Inc.
Compiled Fri 22-Apr-16 05:48 by prod_rel_team

advertisement version: 2
Duplex: full
Power drawn: 15.400 Watts
Power request id: 49621, Power management id: 2
Power request levels are:15400 13000 0 0 0 
Management address(es): 
  IP address: 172.29.104.98

-------------------------
Device ID: ap-1s-ortho3
Entry address(es): 
  IP address: 172.29.104.62
  IPv6 address: FE80::C28C:60FF:FE20:7D19  (link-local)
Platform: cisco AIR-CAP3602I-A-K9,  Capabilities: Trans-Bridge Source-Route-Bridge IGMP 
Interface: GigabitEthernet3/0/30,  Port ID (outgoing port): GigabitEthernet0
Holdtime : 159 sec

Version :
Cisco IOS Software, C3600 Software (AP3G2-K9W8-M), Version 15.3(3)JA8, RELEASE SOFTWARE (fc1)
Technical Support: http://www.cisco.com/techsupport
Copyright (c) 1986-2016 by Cisco Systems, Inc.
Compiled Fri 22-Apr-16 05:48 by prod_rel_team

advertisement version: 2
Duplex: full
Power drawn: 15.400 Watts
Power request id: 33775, Power management id: 2
Power request levels are:15400 13000 0 0 0 
Management address(es): 
  IP address: 172.29.104.62

-------------------------
Device ID: ap-1s-ortho2
Entry address(es): 
  IP address: 172.29.104.96
  IPv6 address: FE80::C267:AFFF:FE5B:D3A  (link-local)
Platform: cisco AIR-CAP3602I-A-K9,  Capabilities: Trans-Bridge Source-Route-Bridge IGMP 
Interface: GigabitEthernet3/0/40,  Port ID (outgoing port): GigabitEthernet0
Holdtime : 164 sec

Version :
Cisco IOS Software, C3600 Software (AP3G2-K9W8-M), Version 15.3(3)JA8, RELEASE SOFTWARE (fc1)
Technical Support: http://www.cisco.com/techsupport
Copyright (c) 1986-2016 by Cisco Systems, Inc.
Compiled Fri 22-Apr-16 05:48 by prod_rel_team

advertisement version: 2
Duplex: full
Power drawn: 15.400 Watts
Power request id: 31057, Power management id: 2
Power request levels are:15400 13000 0 0 0 
Management address(es): 
  IP address: 172.29.104.96

-------------------------
Device ID: 1ST_NT_MDF_SW01.mongeneral.com
Entry address(es): 
  IP address: 172.26.1.3
Platform: cisco WS-C3850-24XS,  Capabilities: Router Switch IGMP 
Interface: TenGigabitEthernet2/0/1,  Port ID (outgoing port): TenGigabitEthernet2/0/2
Holdtime : 162 sec

Version :
Cisco IOS Software, IOS-XE Software, Catalyst L3 Switch Software (CAT3K_CAA-UNIVERSALK9-M), Version 03.07.04E RELEASE SOFTWARE (fc1)
Technical Support: http://www.cisco.com/techsupport
Copyright (c) 1986-2016 by Cisco Systems, Inc.
Compiled Thu 19-May-16 11:48 by prod_rel_team

advertisement version: 2
VTP Management Domain: 'MonGen'
Native VLAN: 666
Duplex: full
Management address(es): 
  IP address: 172.26.1.3

-------------------------
Device ID: 1ST_NT_MDF_SW01.mongeneral.com
Entry address(es): 
  IP address: 172.26.1.3
Platform: cisco WS-C3850-24XS,  Capabilities: Router Switch IGMP 
Interface: TenGigabitEthernet1/0/1,  Port ID (outgoing port): TenGigabitEthernet1/0/2
Holdtime : 134 sec

Version :
Cisco IOS Software, IOS-XE Software, Catalyst L3 Switch Software (CAT3K_CAA-UNIVERSALK9-M), Version 03.07.04E RELEASE SOFTWARE (fc1)
Technical Support: http://www.cisco.com/techsupport
Copyright (c) 1986-2016 by Cisco Systems, Inc.
Compiled Thu 19-May-16 11:48 by prod_rel_team

advertisement version: 2
VTP Management Domain: 'MonGen'
Native VLAN: 666
Duplex: full
Management address(es): 
  IP address: 172.26.1.3


Total cdp entries displayed : 8
1st_st_sw02#
DEBUG:netmiko:Pattern found: sh\ cdp\ nei\ det sh cdp nei det
-------------------------
Device ID: ap-1s-ortho5
Entry address(es): 
  IP address: 172.29.104.99
  IPv6 address: FE80::C267:AFFF:FE5B:D5A  (link-local)
Platform: cisco AIR-CAP3602I-A-K9,  Capabilities: Trans-Bridge Source-Route-Bridge IGMP 
Interface: GigabitEthernet3/0/34,  Port ID (outgoing port): GigabitEthernet0
Holdtime : 160 sec

Version :
Cisco IOS Software, C3600 Software (AP3G2-K9W8-M), Version 15.3(3)JA8, RELEASE SOFTWARE (fc1)
Technical Support: http://www.cisco.com/techsupport
Copyright (c) 1986-2016 by Cisco Systems, Inc.
Compiled Fri 22-Apr-16 05:48 by prod_rel_team

advertisement version: 2
Duplex: full
Power drawn: 15.400 Watts
Power request id: 40956, Power management id: 2
Power request levels are:15400 13000 0 0 0 
Management address(es): 
  IP address: 172.29.104.99

-------------------------
Device ID: ap-1s-ortho4
Entry address(es): 
  IP address: 172.29.104.97
  IPv6 address: FE80::C267:AFFF:FE5B:D24  (link-local)
Platform: cisco AIR-CAP3602I-A-K9,  Capabilities: Trans-Bridge Source-Route-Bridge IGMP 
Interface: GigabitEthernet3/0/36,  Port ID (outgoing port): GigabitEthernet0
Holdtime : 151 sec

Version :
Cisco IOS Software, C3600 Software (AP3G2-K9W8-M), Version 15.3(3)JA8, RELEASE SOFTWARE (fc1)
Technical Support: http://www.cisco.com/techsupport
Copyright (c) 1986-2016 by Cisco Systems, Inc.
Compiled Fri 22-Apr-16 05:48 by prod_rel_team

advertisement version: 2
Duplex: full
Power drawn: 15.400 Watts
Power request id: 25342, Power management id: 2
Power request levels are:15400 13000 0 0 0 
Management address(es): 
  IP address: 172.29.104.97

-------------------------
Device ID: ap-1s-ortho6
Entry address(es): 
  IP address: 172.29.104.95
  IPv6 address: FE80::C28C:60FF:FEF9:9574  (link-local)
Platform: cisco AIR-CAP3602I-A-K9,  Capabilities: Trans-Bridge Source-Route-Bridge IGMP 
Interface: GigabitEthernet3/0/32,  Port ID (outgoing port): GigabitEthernet0
Holdtime : 173 sec

Version :
Cisco IOS Software, C3600 Software (AP3G2-K9W8-M), Version 15.3(3)JA8, RELEASE SOFTWARE (fc1)
Technical Support: http://www.cisco.com/techsupport
Copyright (c) 1986-2016 by Cisco Systems, Inc.
Compiled Fri 22-Apr-16 05:48 by prod_rel_team

advertisement version: 2
Duplex: full
Power drawn: 15.400 Watts
Power request id: 28008, Power management id: 2
Power request levels are:15400 13000 0 0 0 
Management address(es): 
  IP address: 172.29.104.95

-------------------------
Device ID: ap-1s-ortho1
Entry address(es): 
  IP address: 172.29.104.98
  IPv6 address: FE80::7E69:F6FF:FEEF:84CE  (link-local)
Platform: cisco AIR-CAP3602I-A-K9,  Capabilities: Trans-Bridge Source-Route-Bridge IGMP 
Interface: GigabitEthernet3/0/38,  Port ID (outgoing port): GigabitEthernet0
Holdtime : 149 sec

Version :
Cisco IOS Software, C3600 Software (AP3G2-K9W8-M), Version 15.3(3)JA8, RELEASE SOFTWARE (fc1)
Technical Support: http://www.cisco.com/techsupport
Copyright (c) 1986-2016 by Cisco Systems, Inc.
Compiled Fri 22-Apr-16 05:48 by prod_rel_team

advertisement version: 2
Duplex: full
Power drawn: 15.400 Watts
Power request id: 49621, Power management id: 2
Power request levels are:15400 13000 0 0 0 
Management address(es): 
  IP address: 172.29.104.98

-------------------------
Device ID: ap-1s-ortho3
Entry address(es): 
  IP address: 172.29.104.62
  IPv6 address: FE80::C28C:60FF:FE20:7D19  (link-local)
Platform: cisco AIR-CAP3602I-A-K9,  Capabilities: Trans-Bridge Source-Route-Bridge IGMP 
Interface: GigabitEthernet3/0/30,  Port ID (outgoing port): GigabitEthernet0
Holdtime : 159 sec

Version :
Cisco IOS Software, C3600 Software (AP3G2-K9W8-M), Version 15.3(3)JA8, RELEASE SOFTWARE (fc1)
Technical Support: http://www.cisco.com/techsupport
Copyright (c) 1986-2016 by Cisco Systems, Inc.
Compiled Fri 22-Apr-16 05:48 by prod_rel_team

advertisement version: 2
Duplex: full
Power drawn: 15.400 Watts
Power request id: 33775, Power management id: 2
Power request levels are:15400 13000 0 0 0 
Management address(es): 
  IP address: 172.29.104.62

-------------------------
Device ID: ap-1s-ortho2
Entry address(es): 
  IP address: 172.29.104.96
  IPv6 address: FE80::C267:AFFF:FE5B:D3A  (link-local)
Platform: cisco AIR-CAP3602I-A-K9,  Capabilities: Trans-Bridge Source-Route-Bridge IGMP 
Interface: GigabitEthernet3/0/40,  Port ID (outgoing port): GigabitEthernet0
Holdtime : 164 sec

Version :
Cisco IOS Software, C3600 Software (AP3G2-K9W8-M), Version 15.3(3)JA8, RELEASE SOFTWARE (fc1)
Technical Support: http://www.cisco.com/techsupport
Copyright (c) 1986-2016 by Cisco Systems, Inc.
Compiled Fri 22-Apr-16 05:48 by prod_rel_team

advertisement version: 2
Duplex: full
Power drawn: 15.400 Watts
Power request id: 31057, Power management id: 2
Power request levels are:15400 13000 0 0 0 
Management address(es): 
  IP address: 172.29.104.96

-------------------------
Device ID: 1ST_NT_MDF_SW01.mongeneral.com
Entry address(es): 
  IP address: 172.26.1.3
Platform: cisco WS-C3850-24XS,  Capabilities: Router Switch IGMP 
Interface: TenGigabitEthernet2/0/1,  Port ID (outgoing port): TenGigabitEthernet2/0/2
Holdtime : 162 sec

Version :
Cisco IOS Software, IOS-XE Software, Catalyst L3 Switch Software (CAT3K_CAA-UNIVERSALK9-M), Version 03.07.04E RELEASE SOFTWARE (fc1)
Technical Support: http://www.cisco.com/techsupport
Copyright (c) 1986-2016 by Cisco Systems, Inc.
Compiled Thu 19-May-16 11:48 by prod_rel_team

advertisement version: 2
VTP Management Domain: 'MonGen'
Native VLAN: 666
Duplex: full
Management address(es): 
  IP address: 172.26.1.3

-------------------------
Device ID: 1ST_NT_MDF_SW01.mongeneral.com
Entry address(es): 
  IP address: 172.26.1.3
Platform: cisco WS-C3850-24XS,  Capabilities: Router Switch IGMP 
Interface: TenGigabitEthernet1/0/1,  Port ID (outgoing port): TenGigabitEthernet1/0/2
Holdtime : 134 sec

Version :
Cisco IOS Software, IOS-XE Software, Catalyst L3 Switch Software (CAT3K_CAA-UNIVERSALK9-M), Version 03.07.04E RELEASE SOFTWARE (fc1)
Technical Support: http://www.cisco.com/techsupport
Copyright (c) 1986-2016 by Cisco Systems, Inc.
Compiled Thu 19-May-16 11:48 by prod_rel_team

advertisement version: 2
VTP Management Domain: 'MonGen'
Native VLAN: 666
Duplex: full
Management address(es): 
  IP address: 172.26.1.3


Total cdp entries displayed : 8
1st_st_sw02#
DEBUG:netmiko:write_channel: b'\n'
DEBUG:netmiko:read_channel: 
1st_st_sw02#
DEBUG:netmiko:read_channel: 
DEBUG:netmiko:read_channel: 
DEBUG:netmiko:write_channel: b'exit\n'
DEBUG:paramiko.transport:EOF in transport thread
DEBUG:paramiko.transport:starting thread (client mode): 0x5a9ee6d0
DEBUG:paramiko.transport:Local version/idstring: SSH-2.0-paramiko_2.7.1
DEBUG:paramiko.transport:Remote version/idstring: SSH-2.0-Cisco-1.25
INFO:paramiko.transport:Connected (version 2.0, client Cisco-1.25)
DEBUG:paramiko.transport:kex algos:['diffie-hellman-group-exchange-sha1', 'diffie-hellman-group14-sha1', 'diffie-hellman-group1-sha1'] server key:['ssh-rsa'] client encrypt:['aes128-ctr', 'aes192-ctr', 'aes256-ctr', 'aes128-cbc', '3des-cbc', 'aes192-cbc', 'aes256-cbc'] server encrypt:['aes128-ctr', 'aes192-ctr', 'aes256-ctr', 'aes128-cbc', '3des-cbc', 'aes192-cbc', 'aes256-cbc'] client mac:['hmac-sha1', 'hmac-sha1-96'] server mac:['hmac-sha1', 'hmac-sha1-96'] client compress:['none'] server compress:['none'] client lang:[''] server lang:[''] kex follows?False
DEBUG:paramiko.transport:Kex agreed: diffie-hellman-group-exchange-sha1
DEBUG:paramiko.transport:HostKey agreed: ssh-rsa
DEBUG:paramiko.transport:Cipher agreed: aes128-ctr
DEBUG:paramiko.transport:MAC agreed: hmac-sha1
DEBUG:paramiko.transport:Compression agreed: none
DEBUG:paramiko.transport:Got server p (2048 bits)
DEBUG:paramiko.transport:kex engine KexGex specified hash_algo <built-in function openssl_sha1>
DEBUG:paramiko.transport:Switch to new keys ...
DEBUG:paramiko.transport:Adding ssh-rsa host key for 5th_nt_sw01: b'992ac645577a632417805046974f5e1c'
DEBUG:paramiko.transport:userauth is OK
INFO:paramiko.transport:Authentication (password) successful!
DEBUG:paramiko.transport:[chan 0] Max packet in: 32768 bytes
DEBUG:paramiko.transport:[chan 0] Max packet out: 4096 bytes
DEBUG:paramiko.transport:Secsh channel 0 opened.
DEBUG:paramiko.transport:[chan 0] Sesch channel 0 request ok
DEBUG:paramiko.transport:[chan 0] Sesch channel 0 request ok
DEBUG:netmiko:read_channel: C
------------------------------------------------------------------------------------
WARNING:


This system is for the use of authorized clients only. Individuals using the
computer network system without authorization, or in excess of their authorization,
are subject to having all their activity on this computer network system monitored
and recorded by system personnel.  To protect the computer network system from
unauthorized use and to ensure the computer network system is functioning properly,
system administrators monitor this system.  Anyone using this computer network
system expressly consents to such monitoring and is advised that if such monitoring
reveals possible conduct of criminal activity, system personnel may provide the
evidence of such activity to law enforcement officers.

Access is restricted to authorized users only.

Unauthorized access is a violation of state and federal, civil and criminal laws.
------------------------------------------------------------------------------------

5th_nt_sw01>
DEBUG:netmiko:read_channel: 
DEBUG:netmiko:read_channel: 
DEBUG:netmiko:read_channel: 
DEBUG:netmiko:write_channel: b'\n'
DEBUG:netmiko:read_channel: 
5th_nt_sw01>
DEBUG:netmiko:read_channel: 
DEBUG:netmiko:[find_prompt()]: prompt is 5th_nt_sw01>
DEBUG:netmiko:read_channel: 
DEBUG:netmiko:In disable_paging
DEBUG:netmiko:Command: terminal length 0

DEBUG:netmiko:write_channel: b'terminal length 0\n'
DEBUG:netmiko:Pattern is: terminal\ length\ 0
DEBUG:netmiko:_read_channel_expect read_data: t
DEBUG:netmiko:_read_channel_expect read_data: erminal length 0
5th_nt_sw01>
DEBUG:netmiko:Pattern found: terminal\ length\ 0 terminal length 0
5th_nt_sw01>
DEBUG:netmiko:terminal length 0
5th_nt_sw01>
DEBUG:netmiko:Exiting disable_paging
DEBUG:netmiko:write_channel: b'terminal width 511\n'
DEBUG:netmiko:Pattern is: terminal\ width\ 511
DEBUG:netmiko:_read_channel_expect read_data: t
DEBUG:netmiko:_read_channel_expect read_data: erminal width 511
5th_nt_sw01>
DEBUG:netmiko:Pattern found: terminal\ width\ 511 terminal width 511
5th_nt_sw01>
DEBUG:netmiko:read_channel: 
DEBUG:netmiko:write_channel: b'\n'
DEBUG:netmiko:Pattern is: 5th_nt_sw01
DEBUG:netmiko:_read_channel_expect read_data: 

DEBUG:netmiko:_read_channel_expect read_data: 5th_nt_sw01>
DEBUG:netmiko:Pattern found: 5th_nt_sw01 
5th_nt_sw01>
DEBUG:netmiko:write_channel: b'enable\n'
DEBUG:netmiko:Pattern is: (5th_nt_sw01|ssword)
DEBUG:netmiko:_read_channel_expect read_data: e
DEBUG:netmiko:_read_channel_expect read_data: nable
Password: 
DEBUG:netmiko:Pattern found: (5th_nt_sw01|ssword) enable
Password: 
DEBUG:netmiko:write_channel: b'change-mgh\n'
DEBUG:netmiko:Pattern is: 5th_nt_sw01
DEBUG:netmiko:_read_channel_expect read_data: 
5th_nt_sw01#
DEBUG:netmiko:Pattern found: 5th_nt_sw01 
5th_nt_sw01#
DEBUG:netmiko:write_channel: b'\n'
DEBUG:netmiko:Pattern is: 5th_nt_sw01
DEBUG:netmiko:_read_channel_expect read_data: 

DEBUG:netmiko:_read_channel_expect read_data: 5th_nt_sw01#
DEBUG:netmiko:Pattern found: 5th_nt_sw01 
5th_nt_sw01#
DEBUG:netmiko:read_channel: 
DEBUG:netmiko:write_channel: b'\n'
DEBUG:netmiko:read_channel: 
5th_nt_sw01#
DEBUG:netmiko:read_channel: 
DEBUG:netmiko:[find_prompt()]: prompt is 5th_nt_sw01#
DEBUG:netmiko:read_channel: 
DEBUG:netmiko:write_channel: b'sh cdp nei det\n'
DEBUG:netmiko:Pattern is: sh\ cdp\ nei\ det
DEBUG:netmiko:_read_channel_expect read_data: s
DEBUG:netmiko:_read_channel_expect read_data: h cdp nei det
-------------------------
Device ID: 1ST_NT_MDF_SW01.mongeneral.com
Entry address(es): 
  IP address: 172.26.1.3
Platform: cisco WS-C3850-24XS,  Capabilities: Router Switch IGMP 
Interface: TenGigabitEthernet2/0/1,  Port ID (outgoing port): TenGigabitEthernet2/0/15
Holdtime : 170 sec

Version :
Cisco IOS Software, IOS-XE Software, Catalyst L3 Switch Software (CAT3K_CAA-UNIVERSALK9-M), Version 03.07.04E RELEASE SOFTWARE (fc1)
Technical Support: http://www.cisco.com/techsupport
Copyright (c) 1986-2016 by Cisco Systems, Inc.
Compiled Thu 19-May-16 11:48 by prod_rel_team

advertisement version: 2
VTP Management Domain: 'MonGen'
Native VLAN: 666
Duplex: full
Management address(es): 
  IP address: 172.26.1.3

-------------------------
Device ID: 1ST_NT_MDF_SW01.mongeneral.com
Entry address(es): 
  IP address: 172.26.1.3
Platform: cisco WS-C3850-24XS,  Capabilities: Router Switch IGMP 
Interface: TenGigabitEthernet1/0/1,  Port ID (outgoing port): TenGigabitEthernet1/0/15
Holdtime : 137 sec

Version :
Cisco IOS Software, IOS-XE Software, Catalyst L3 Switch Software (CAT3K_CAA-UNIVERSALK9-M), Version 03.07.04E RELEASE SOFTWARE (fc1)
Technical Support: http://www.cisco.com/techsupport
Copyright (c) 1986-2016 by Cisco Systems, Inc.
Compiled Thu 19-May-16 11:48 by prod_rel_team

advertisement version: 2
VTP Management Domain: 'MonGen'
Native VLAN: 666
Duplex: full
Management address(es): 
  IP address: 172.26.1.3

-------------------------
Device ID: ap-5n-eastmh
Entry address(es): 
  IP address: 172.29.156.61
  IPv6 address: FE80::C267:AFFF:FE5B:DF6  (link-local)
Platform: cisco AIR-CAP3602I-A-K9,  Capabilities: Trans-Bridge Source-Route-Bridge IGMP 
Interface: GigabitEthernet2/0/42,  Port ID (outgoing port): GigabitEthernet0
Holdtime : 168 sec

Version :
Cisco IOS Software, C3600 Software (AP3G2-K9W8-M), Version 15.3(3)JA8, RELEASE SOFTWARE (fc1)
Technical Support: http://www.cisco.com/techsupport
Copyright (c) 1986-2016 by Cisco Systems, Inc.
Compiled Fri 22-Apr-16 05:48 by prod_rel_team

advertisement version: 2
Duplex: full
Power drawn: 15.400 Watts
Power request id: 52167, Power management id: 2
Power request levels are:15400 13000 0 0 0 
Management address(es): 
  IP address: 172.29.156.61

-------------------------
Device ID: ap-5n-129
Entry address(es): 
  IP address: 172.29.156.67
  IPv6 address: FE80::E20E:DAFF:FEEB:9A38  (link-local)
Platform: cisco AIR-CAP3702I-A-K9,  Capabilities: Trans-Bridge Source-Route-Bridge IGMP 
Interface: GigabitEthernet2/0/4,  Port ID (outgoing port): GigabitEthernet0
Holdtime : 142 sec

Version :
Cisco IOS Software, C3700 Software (AP3G2-K9W8-M), Version 15.3(3)JA8, RELEASE SOFTWARE (fc1)
Technical Support: http://www.cisco.com/techsupport
Copyright (c) 1986-2016 by Cisco Systems, Inc.
Compiled Fri 22-Apr-16 05:48 by prod_rel_team

advertisement version: 2
Duplex: full
Power drawn: 16.800 Watts
Power request id: 40877, Power management id: 2
Power request levels are:16800 15400 13000 0 0 
Management address(es): 
  IP address: 172.29.156.67

-------------------------
Device ID: ap-5n-138
Entry address(es): 
  IP address: 172.29.156.66
  IPv6 address: FE80::22A:10FF:FED7:D368  (link-local)
Platform: cisco AIR-CAP3702I-B-K9,  Capabilities: Trans-Bridge Source-Route-Bridge IGMP 
Interface: GigabitEthernet2/0/2,  Port ID (outgoing port): GigabitEthernet0
Holdtime : 168 sec

Version :
Cisco IOS Software, C3700 Software (AP3G2-K9W8-M), Version 15.3(3)JA8, RELEASE SOFTWARE (fc1)
Technical Support: http://www.cisco.com/techsupport
Copyright (c) 1986-2016 by Cisco Systems, Inc.
Compiled Fri 22-Apr-16 05:48 by prod_rel_team

advertisement version: 2
Duplex: full
Power drawn: 16.800 Watts
Power request id: 64316, Power management id: 2
Power request levels are:16800 15400 13000 0 0 
Management address(es): 
  IP address: 172.29.156.66

-------------------------
Device ID: ap-5n-139
Entry address(es): 
  IP address: 172.29.156.56
  IPv6 address: FE80::22A:10FF:FED7:D12C  (link-local)
Platform: cisco AIR-CAP3702I-B-K9,  Capabilities: Trans-Bridge Source-Route-Bridge IGMP 
Interface: GigabitEthernet2/0/6,  Port ID (outgoing port): GigabitEthernet0
Holdtime : 135 sec

Version :
Cisco IOS Software, C3700 Software (AP3G2-K9W8-M), Version 15.3(3)JA8, RELEASE SOFTWARE (fc1)
Technical Support: http://www.cisco.com/techsupport
Copyright (c) 1986-2016 by Cisco Systems, Inc.
Compiled Fri 22-Apr-16 05:48 by prod_rel_team

advertisement version: 2
Duplex: full
Power drawn: 16.800 Watts
Power request id: 43896, Power management id: 2
Power request levels are:16800 15400 13000 0 0 
Management address(es): 
  IP address: 172.29.156.56

-------------------------
Device ID: ap-5n-130
Entry address(es): 
  IP address: 172.29.156.64
  IPv6 address: FE80::262:ECFF:FE8B:E884  (link-local)
Platform: cisco AIR-CAP3702I-A-K9,  Capabilities: Trans-Bridge Source-Route-Bridge IGMP 
Interface: GigabitEthernet1/0/16,  Port ID (outgoing port): GigabitEthernet0
Holdtime : 152 sec

Version :
Cisco IOS Software, C3700 Software (AP3G2-K9W8-M), Version 15.3(3)JA8, RELEASE SOFTWARE (fc1)
Technical Support: http://www.cisco.com/techsupport
Copyright (c) 1986-2016 by Cisco Systems, Inc.
Compiled Fri 22-Apr-16 05:48 by prod_rel_team

advertisement version: 2
Duplex: full
Power drawn: 16.800 Watts
Power request id: 35665, Power management id: 2
Power request levels are:16800 15400 13000 0 0 
Management address(es): 
  IP address: 172.29.156.64

-------------------------
Device ID: ap-5n-103
Entry address(es): 
  IP address: 172.29.156.69
  IPv6 address: FE80::26B:F1FF:FE8C:A39C  (link-local)
Platform: cisco AIR-CAP3702I-B-K9,  Capabilities: Trans-Bridge Source-Route-Bridge IGMP 
Interface: GigabitEthernet2/0/5,  Port ID (outgoing port): GigabitEthernet0
Holdtime : 173 sec

Version :
Cisco IOS Software, C3700 Software (AP3G2-K9W8-M), Version 15.3(3)JA8, RELEASE SOFTWARE (fc1)
Technical Support: http://www.cisco.com/techsupport
Copyright (c) 1986-2016 by Cisco Systems, Inc.
Compiled Fri 22-Apr-16 05:48 by prod_rel_team

advertisement version: 2
Duplex: full
Power drawn: 16.800 Watts
Power request id: 49307, Power management id: 2
Power request levels are:16800 15400 13000 0 0 
Management address(es): 
  IP address: 172.29.156.69

-------------------------
Device ID: ap-5n-131
Entry address(es): 
  IP address: 172.29.156.51
  IPv6 address: FE80::262:ECFF:FE3C:5FB4  (link-local)
Platform: cisco AIR-CAP3702I-A-K9,  Capabilities: Trans-Bridge Source-Route-Bridge IGMP 
Interface: GigabitEthernet1/0/14,  Port ID (outgoing port): GigabitEthernet0
Holdtime : 150 sec

Version :
Cisco IOS Software, C3700 Software (AP3G2-K9W8-M), Version 15.3(3)JA8, RELEASE SOFTWARE (fc1)
Technical Support: http://www.cisco.com/techsupport
Copyright (c) 1986-2016 by Cisco Systems, Inc.
Compiled Fri 22-Apr-16 05:48 by prod_rel_team

advertisement version: 2
Duplex: full
Power drawn: 16.800 Watts
Power request id: 46919, Power management id: 2
Power request levels are:16800 15400 13000 0 0 
Management address(es): 
  IP address: 172.29.156.51

-------------------------
Device ID: ap-5n-132
Entry address(es): 
  IP address: 172.29.156.58
  IPv6 address: FE80::E20E:DAFF:FEDB:96CC  (link-local)
Platform: cisco AIR-CAP3702I-A-K9,  Capabilities: Trans-Bridge Source-Route-Bridge IGMP 
Interface: GigabitEthernet1/0/18,  Port ID (outgoing port): GigabitEthernet0
Holdtime : 153 sec

Version :
Cisco IOS Software, C3700 Software (AP3G2-K9W8-M), Version 15.3(3)JA8, RELEASE SOFTWARE (fc1)
Technical Support: http://www.cisco.com/techsupport
Copyright (c) 1986-2016 by Cisco Systems, Inc.
Compiled Fri 22-Apr-16 05:48 by prod_rel_team

advertisement version: 2
Duplex: full
Power drawn: 16.800 Watts
Power request id: 55890, Power management id: 2
Power request levels are:16800 15400 13000 0 0 
Management address(es): 
  IP address: 172.29.156.58

-------------------------
Device ID: ap-5n-573
Entry address(es): 
  IP address: 172.29.156.63
  IPv6 address: FE80::C267:AFFF:FE5B:D4A  (link-local)
Platform: cisco AIR-CAP3602I-A-K9,  Capabilities: Trans-Bridge Source-Route-Bridge IGMP 
Interface: GigabitEthernet2/0/48,  Port ID (outgoing port): GigabitEthernet0
Holdtime : 146 sec

Version :
Cisco IOS Software, C3600 Software (AP3G2-K9W8-M), Version 15.3(3)JA8, RELEASE SOFTWARE (fc1)
Technical Support: http://www.cisco.com/techsupport
Copyright (c) 1986-2016 by Cisco Systems, Inc.
Compiled Fri 22-Apr-16 05:48 by prod_rel_team

advertisement version: 2
Duplex: full
Power drawn: 15.400 Watts
Power request id: 9880, Power management id: 2
Power request levels are:15400 13000 0 0 0 
Management address(es): 
  IP address: 172.29.156.63

-------------------------
Device ID: ap-5n-565
Entry address(es): 
  IP address: 172.29.156.62
  IPv6 address: FE80::C267:AFFF:FE5B:CB9  (link-local)
Platform: cisco AIR-CAP3602I-A-K9,  Capabilities: Trans-Bridge Source-Route-Bridge IGMP 
Interface: GigabitEthernet2/0/47,  Port ID (outgoing port): GigabitEthernet0
Holdtime : 154 sec

Version :
Cisco IOS Software, C3600 Software (AP3G2-K9W8-M), Version 15.3(3)JA8, RELEASE SOFTWARE (fc1)
Technical Support: http://www.cisco.com/techsupport
Copyright (c) 1986-2016 by Cisco Systems, Inc.
Compiled Fri 22-Apr-16 05:48 by prod_rel_team

advertisement version: 2
Duplex: full
Power drawn: 15.400 Watts
Power request id: 19625, Power management id: 2
Power request levels are:15400 13000 0 0 0 
Management address(es): 
  IP address: 172.29.156.62

-------------------------
Device ID: ap-5n-567
Entry address(es): 
  IP address: 172.29.156.57
  IPv6 address: FE80::C28C:60FF:FE20:7CD5  (link-local)
Platform: cisco AIR-CAP3602I-A-K9,  Capabilities: Trans-Bridge Source-Route-Bridge IGMP 
Interface: GigabitEthernet1/0/4,  Port ID (outgoing port): GigabitEthernet0
Holdtime : 164 sec

Version :
Cisco IOS Software, C3600 Software (AP3G2-K9W8-M), Version 15.3(3)JA8, RELEASE SOFTWARE (fc1)
Technical Support: http://www.cisco.com/techsupport
Copyright (c) 1986-2016 by Cisco Systems, Inc.
Compiled Fri 22-Apr-16 05:48 by prod_rel_team

advertisement version: 2
Duplex: full
Power drawn: 15.400 Watts
Power request id: 36760, Power management id: 2
Power request levels are:15400 13000 0 0 0 
Management address(es): 
  IP address: 172.29.156.57


Total cdp entries displayed : 13
5th_nt_sw01#
DEBUG:netmiko:Pattern found: sh\ cdp\ nei\ det sh cdp nei det
-------------------------
Device ID: 1ST_NT_MDF_SW01.mongeneral.com
Entry address(es): 
  IP address: 172.26.1.3
Platform: cisco WS-C3850-24XS,  Capabilities: Router Switch IGMP 
Interface: TenGigabitEthernet2/0/1,  Port ID (outgoing port): TenGigabitEthernet2/0/15
Holdtime : 170 sec

Version :
Cisco IOS Software, IOS-XE Software, Catalyst L3 Switch Software (CAT3K_CAA-UNIVERSALK9-M), Version 03.07.04E RELEASE SOFTWARE (fc1)
Technical Support: http://www.cisco.com/techsupport
Copyright (c) 1986-2016 by Cisco Systems, Inc.
Compiled Thu 19-May-16 11:48 by prod_rel_team

advertisement version: 2
VTP Management Domain: 'MonGen'
Native VLAN: 666
Duplex: full
Management address(es): 
  IP address: 172.26.1.3

-------------------------
Device ID: 1ST_NT_MDF_SW01.mongeneral.com
Entry address(es): 
  IP address: 172.26.1.3
Platform: cisco WS-C3850-24XS,  Capabilities: Router Switch IGMP 
Interface: TenGigabitEthernet1/0/1,  Port ID (outgoing port): TenGigabitEthernet1/0/15
Holdtime : 137 sec

Version :
Cisco IOS Software, IOS-XE Software, Catalyst L3 Switch Software (CAT3K_CAA-UNIVERSALK9-M), Version 03.07.04E RELEASE SOFTWARE (fc1)
Technical Support: http://www.cisco.com/techsupport
Copyright (c) 1986-2016 by Cisco Systems, Inc.
Compiled Thu 19-May-16 11:48 by prod_rel_team

advertisement version: 2
VTP Management Domain: 'MonGen'
Native VLAN: 666
Duplex: full
Management address(es): 
  IP address: 172.26.1.3

-------------------------
Device ID: ap-5n-eastmh
Entry address(es): 
  IP address: 172.29.156.61
  IPv6 address: FE80::C267:AFFF:FE5B:DF6  (link-local)
Platform: cisco AIR-CAP3602I-A-K9,  Capabilities: Trans-Bridge Source-Route-Bridge IGMP 
Interface: GigabitEthernet2/0/42,  Port ID (outgoing port): GigabitEthernet0
Holdtime : 168 sec

Version :
Cisco IOS Software, C3600 Software (AP3G2-K9W8-M), Version 15.3(3)JA8, RELEASE SOFTWARE (fc1)
Technical Support: http://www.cisco.com/techsupport
Copyright (c) 1986-2016 by Cisco Systems, Inc.
Compiled Fri 22-Apr-16 05:48 by prod_rel_team

advertisement version: 2
Duplex: full
Power drawn: 15.400 Watts
Power request id: 52167, Power management id: 2
Power request levels are:15400 13000 0 0 0 
Management address(es): 
  IP address: 172.29.156.61

-------------------------
Device ID: ap-5n-129
Entry address(es): 
  IP address: 172.29.156.67
  IPv6 address: FE80::E20E:DAFF:FEEB:9A38  (link-local)
Platform: cisco AIR-CAP3702I-A-K9,  Capabilities: Trans-Bridge Source-Route-Bridge IGMP 
Interface: GigabitEthernet2/0/4,  Port ID (outgoing port): GigabitEthernet0
Holdtime : 142 sec

Version :
Cisco IOS Software, C3700 Software (AP3G2-K9W8-M), Version 15.3(3)JA8, RELEASE SOFTWARE (fc1)
Technical Support: http://www.cisco.com/techsupport
Copyright (c) 1986-2016 by Cisco Systems, Inc.
Compiled Fri 22-Apr-16 05:48 by prod_rel_team

advertisement version: 2
Duplex: full
Power drawn: 16.800 Watts
Power request id: 40877, Power management id: 2
Power request levels are:16800 15400 13000 0 0 
Management address(es): 
  IP address: 172.29.156.67

-------------------------
Device ID: ap-5n-138
Entry address(es): 
  IP address: 172.29.156.66
  IPv6 address: FE80::22A:10FF:FED7:D368  (link-local)
Platform: cisco AIR-CAP3702I-B-K9,  Capabilities: Trans-Bridge Source-Route-Bridge IGMP 
Interface: GigabitEthernet2/0/2,  Port ID (outgoing port): GigabitEthernet0
Holdtime : 168 sec

Version :
Cisco IOS Software, C3700 Software (AP3G2-K9W8-M), Version 15.3(3)JA8, RELEASE SOFTWARE (fc1)
Technical Support: http://www.cisco.com/techsupport
Copyright (c) 1986-2016 by Cisco Systems, Inc.
Compiled Fri 22-Apr-16 05:48 by prod_rel_team

advertisement version: 2
Duplex: full
Power drawn: 16.800 Watts
Power request id: 64316, Power management id: 2
Power request levels are:16800 15400 13000 0 0 
Management address(es): 
  IP address: 172.29.156.66

-------------------------
Device ID: ap-5n-139
Entry address(es): 
  IP address: 172.29.156.56
  IPv6 address: FE80::22A:10FF:FED7:D12C  (link-local)
Platform: cisco AIR-CAP3702I-B-K9,  Capabilities: Trans-Bridge Source-Route-Bridge IGMP 
Interface: GigabitEthernet2/0/6,  Port ID (outgoing port): GigabitEthernet0
Holdtime : 135 sec

Version :
Cisco IOS Software, C3700 Software (AP3G2-K9W8-M), Version 15.3(3)JA8, RELEASE SOFTWARE (fc1)
Technical Support: http://www.cisco.com/techsupport
Copyright (c) 1986-2016 by Cisco Systems, Inc.
Compiled Fri 22-Apr-16 05:48 by prod_rel_team

advertisement version: 2
Duplex: full
Power drawn: 16.800 Watts
Power request id: 43896, Power management id: 2
Power request levels are:16800 15400 13000 0 0 
Management address(es): 
  IP address: 172.29.156.56

-------------------------
Device ID: ap-5n-130
Entry address(es): 
  IP address: 172.29.156.64
  IPv6 address: FE80::262:ECFF:FE8B:E884  (link-local)
Platform: cisco AIR-CAP3702I-A-K9,  Capabilities: Trans-Bridge Source-Route-Bridge IGMP 
Interface: GigabitEthernet1/0/16,  Port ID (outgoing port): GigabitEthernet0
Holdtime : 152 sec

Version :
Cisco IOS Software, C3700 Software (AP3G2-K9W8-M), Version 15.3(3)JA8, RELEASE SOFTWARE (fc1)
Technical Support: http://www.cisco.com/techsupport
Copyright (c) 1986-2016 by Cisco Systems, Inc.
Compiled Fri 22-Apr-16 05:48 by prod_rel_team

advertisement version: 2
Duplex: full
Power drawn: 16.800 Watts
Power request id: 35665, Power management id: 2
Power request levels are:16800 15400 13000 0 0 
Management address(es): 
  IP address: 172.29.156.64

-------------------------
Device ID: ap-5n-103
Entry address(es): 
  IP address: 172.29.156.69
  IPv6 address: FE80::26B:F1FF:FE8C:A39C  (link-local)
Platform: cisco AIR-CAP3702I-B-K9,  Capabilities: Trans-Bridge Source-Route-Bridge IGMP 
Interface: GigabitEthernet2/0/5,  Port ID (outgoing port): GigabitEthernet0
Holdtime : 173 sec

Version :
Cisco IOS Software, C3700 Software (AP3G2-K9W8-M), Version 15.3(3)JA8, RELEASE SOFTWARE (fc1)
Technical Support: http://www.cisco.com/techsupport
Copyright (c) 1986-2016 by Cisco Systems, Inc.
Compiled Fri 22-Apr-16 05:48 by prod_rel_team

advertisement version: 2
Duplex: full
Power drawn: 16.800 Watts
Power request id: 49307, Power management id: 2
Power request levels are:16800 15400 13000 0 0 
Management address(es): 
  IP address: 172.29.156.69

-------------------------
Device ID: ap-5n-131
Entry address(es): 
  IP address: 172.29.156.51
  IPv6 address: FE80::262:ECFF:FE3C:5FB4  (link-local)
Platform: cisco AIR-CAP3702I-A-K9,  Capabilities: Trans-Bridge Source-Route-Bridge IGMP 
Interface: GigabitEthernet1/0/14,  Port ID (outgoing port): GigabitEthernet0
Holdtime : 150 sec

Version :
Cisco IOS Software, C3700 Software (AP3G2-K9W8-M), Version 15.3(3)JA8, RELEASE SOFTWARE (fc1)
Technical Support: http://www.cisco.com/techsupport
Copyright (c) 1986-2016 by Cisco Systems, Inc.
Compiled Fri 22-Apr-16 05:48 by prod_rel_team

advertisement version: 2
Duplex: full
Power drawn: 16.800 Watts
Power request id: 46919, Power management id: 2
Power request levels are:16800 15400 13000 0 0 
Management address(es): 
  IP address: 172.29.156.51

-------------------------
Device ID: ap-5n-132
Entry address(es): 
  IP address: 172.29.156.58
  IPv6 address: FE80::E20E:DAFF:FEDB:96CC  (link-local)
Platform: cisco AIR-CAP3702I-A-K9,  Capabilities: Trans-Bridge Source-Route-Bridge IGMP 
Interface: GigabitEthernet1/0/18,  Port ID (outgoing port): GigabitEthernet0
Holdtime : 153 sec

Version :
Cisco IOS Software, C3700 Software (AP3G2-K9W8-M), Version 15.3(3)JA8, RELEASE SOFTWARE (fc1)
Technical Support: http://www.cisco.com/techsupport
Copyright (c) 1986-2016 by Cisco Systems, Inc.
Compiled Fri 22-Apr-16 05:48 by prod_rel_team

advertisement version: 2
Duplex: full
Power drawn: 16.800 Watts
Power request id: 55890, Power management id: 2
Power request levels are:16800 15400 13000 0 0 
Management address(es): 
  IP address: 172.29.156.58

-------------------------
Device ID: ap-5n-573
Entry address(es): 
  IP address: 172.29.156.63
  IPv6 address: FE80::C267:AFFF:FE5B:D4A  (link-local)
Platform: cisco AIR-CAP3602I-A-K9,  Capabilities: Trans-Bridge Source-Route-Bridge IGMP 
Interface: GigabitEthernet2/0/48,  Port ID (outgoing port): GigabitEthernet0
Holdtime : 146 sec

Version :
Cisco IOS Software, C3600 Software (AP3G2-K9W8-M), Version 15.3(3)JA8, RELEASE SOFTWARE (fc1)
Technical Support: http://www.cisco.com/techsupport
Copyright (c) 1986-2016 by Cisco Systems, Inc.
Compiled Fri 22-Apr-16 05:48 by prod_rel_team

advertisement version: 2
Duplex: full
Power drawn: 15.400 Watts
Power request id: 9880, Power management id: 2
Power request levels are:15400 13000 0 0 0 
Management address(es): 
  IP address: 172.29.156.63

-------------------------
Device ID: ap-5n-565
Entry address(es): 
  IP address: 172.29.156.62
  IPv6 address: FE80::C267:AFFF:FE5B:CB9  (link-local)
Platform: cisco AIR-CAP3602I-A-K9,  Capabilities: Trans-Bridge Source-Route-Bridge IGMP 
Interface: GigabitEthernet2/0/47,  Port ID (outgoing port): GigabitEthernet0
Holdtime : 154 sec

Version :
Cisco IOS Software, C3600 Software (AP3G2-K9W8-M), Version 15.3(3)JA8, RELEASE SOFTWARE (fc1)
Technical Support: http://www.cisco.com/techsupport
Copyright (c) 1986-2016 by Cisco Systems, Inc.
Compiled Fri 22-Apr-16 05:48 by prod_rel_team

advertisement version: 2
Duplex: full
Power drawn: 15.400 Watts
Power request id: 19625, Power management id: 2
Power request levels are:15400 13000 0 0 0 
Management address(es): 
  IP address: 172.29.156.62

-------------------------
Device ID: ap-5n-567
Entry address(es): 
  IP address: 172.29.156.57
  IPv6 address: FE80::C28C:60FF:FE20:7CD5  (link-local)
Platform: cisco AIR-CAP3602I-A-K9,  Capabilities: Trans-Bridge Source-Route-Bridge IGMP 
Interface: GigabitEthernet1/0/4,  Port ID (outgoing port): GigabitEthernet0
Holdtime : 164 sec

Version :
Cisco IOS Software, C3600 Software (AP3G2-K9W8-M), Version 15.3(3)JA8, RELEASE SOFTWARE (fc1)
Technical Support: http://www.cisco.com/techsupport
Copyright (c) 1986-2016 by Cisco Systems, Inc.
Compiled Fri 22-Apr-16 05:48 by prod_rel_team

advertisement version: 2
Duplex: full
Power drawn: 15.400 Watts
Power request id: 36760, Power management id: 2
Power request levels are:15400 13000 0 0 0 
Management address(es): 
  IP address: 172.29.156.57


Total cdp entries displayed : 13
5th_nt_sw01#
DEBUG:netmiko:write_channel: b'\n'
DEBUG:netmiko:read_channel: 
5th_nt_sw01#
DEBUG:netmiko:read_channel: 
DEBUG:netmiko:read_channel: 
DEBUG:netmiko:write_channel: b'exit\n'
DEBUG:paramiko.transport:EOF in transport thread
DEBUG:paramiko.transport:starting thread (client mode): 0x5a9efd30
DEBUG:paramiko.transport:Local version/idstring: SSH-2.0-paramiko_2.7.1
DEBUG:paramiko.transport:Remote version/idstring: SSH-2.0-Cisco-1.25
INFO:paramiko.transport:Connected (version 2.0, client Cisco-1.25)
DEBUG:paramiko.transport:kex algos:['diffie-hellman-group-exchange-sha1', 'diffie-hellman-group14-sha1', 'diffie-hellman-group1-sha1'] server key:['ssh-rsa'] client encrypt:['aes128-ctr', 'aes192-ctr', 'aes256-ctr', 'aes128-cbc', '3des-cbc', 'aes192-cbc', 'aes256-cbc'] server encrypt:['aes128-ctr', 'aes192-ctr', 'aes256-ctr', 'aes128-cbc', '3des-cbc', 'aes192-cbc', 'aes256-cbc'] client mac:['hmac-sha1', 'hmac-sha1-96'] server mac:['hmac-sha1', 'hmac-sha1-96'] client compress:['none'] server compress:['none'] client lang:[''] server lang:[''] kex follows?False
DEBUG:paramiko.transport:Kex agreed: diffie-hellman-group-exchange-sha1
DEBUG:paramiko.transport:HostKey agreed: ssh-rsa
DEBUG:paramiko.transport:Cipher agreed: aes128-ctr
DEBUG:paramiko.transport:MAC agreed: hmac-sha1
DEBUG:paramiko.transport:Compression agreed: none
DEBUG:paramiko.transport:Got server p (2048 bits)
DEBUG:paramiko.transport:kex engine KexGex specified hash_algo <built-in function openssl_sha1>
DEBUG:paramiko.transport:Switch to new keys ...
DEBUG:paramiko.transport:Adding ssh-rsa host key for 5th_nt_sw02: b'c398a1dfdd080892c94628ad243b47a3'
DEBUG:paramiko.transport:userauth is OK
INFO:paramiko.transport:Authentication (password) successful!
DEBUG:paramiko.transport:[chan 0] Max packet in: 32768 bytes
DEBUG:paramiko.transport:[chan 0] Max packet out: 4096 bytes
DEBUG:paramiko.transport:Secsh channel 0 opened.
DEBUG:paramiko.transport:[chan 0] Sesch channel 0 request ok
DEBUG:paramiko.transport:[chan 0] Sesch channel 0 request ok
DEBUG:netmiko:read_channel: C
------------------------------------------------------------------------------------
WARNING:


This system is for the use of authorized clients only. Individuals using the
computer network system without authorization, or in excess of their authorization,
are subject to having all their activity on this computer network system monitored
and recorded by system personnel.  To protect the computer network system from
unauthorized use and to ensure the computer network system is functioning properly,
system administrators monitor this system.  Anyone using this computer network
system expressly consents to such monitoring and is advised that if such monitoring
reveals possible conduct of criminal activity, system personnel may provide the
evidence of such activity to law enforcement officers.

Access is restricted to authorized users only.

Unauthorized access is a violation of state and federal, civil and criminal laws.
------------------------------------------------------------------------------------

5th_nt_sw02>
DEBUG:netmiko:read_channel: 
DEBUG:netmiko:read_channel: 
DEBUG:netmiko:read_channel: 
DEBUG:netmiko:write_channel: b'\n'
DEBUG:netmiko:read_channel: 
5th_nt_sw02>
DEBUG:netmiko:read_channel: 
DEBUG:netmiko:[find_prompt()]: prompt is 5th_nt_sw02>
DEBUG:netmiko:read_channel: 
DEBUG:netmiko:In disable_paging
DEBUG:netmiko:Command: terminal length 0

DEBUG:netmiko:write_channel: b'terminal length 0\n'
DEBUG:netmiko:Pattern is: terminal\ length\ 0
DEBUG:netmiko:_read_channel_expect read_data: t
DEBUG:netmiko:_read_channel_expect read_data: erminal length 0
5th_nt_sw02>
DEBUG:netmiko:Pattern found: terminal\ length\ 0 terminal length 0
5th_nt_sw02>
DEBUG:netmiko:terminal length 0
5th_nt_sw02>
DEBUG:netmiko:Exiting disable_paging
DEBUG:netmiko:write_channel: b'terminal width 511\n'
DEBUG:netmiko:Pattern is: terminal\ width\ 511
DEBUG:netmiko:_read_channel_expect read_data: t
DEBUG:netmiko:_read_channel_expect read_data: erminal width 511
5th_nt_sw02>
DEBUG:netmiko:Pattern found: terminal\ width\ 511 terminal width 511
5th_nt_sw02>
DEBUG:netmiko:read_channel: 
DEBUG:netmiko:write_channel: b'\n'
DEBUG:netmiko:Pattern is: 5th_nt_sw02
DEBUG:netmiko:_read_channel_expect read_data: 
5th_nt_sw02>
DEBUG:netmiko:Pattern found: 5th_nt_sw02 
5th_nt_sw02>
DEBUG:netmiko:write_channel: b'enable\n'
DEBUG:netmiko:Pattern is: (5th_nt_sw02|ssword)
DEBUG:netmiko:_read_channel_expect read_data: e
DEBUG:netmiko:_read_channel_expect read_data: nable
Password: 
DEBUG:netmiko:Pattern found: (5th_nt_sw02|ssword) enable
Password: 
DEBUG:netmiko:write_channel: b'change-mgh\n'
DEBUG:netmiko:Pattern is: 5th_nt_sw02
DEBUG:netmiko:_read_channel_expect read_data: 
5th_nt_sw02#
DEBUG:netmiko:Pattern found: 5th_nt_sw02 
5th_nt_sw02#
DEBUG:netmiko:write_channel: b'\n'
DEBUG:netmiko:Pattern is: 5th_nt_sw02
DEBUG:netmiko:_read_channel_expect read_data: 

DEBUG:netmiko:_read_channel_expect read_data: 5th_nt_sw02#
DEBUG:netmiko:Pattern found: 5th_nt_sw02 
5th_nt_sw02#
DEBUG:netmiko:read_channel: 
DEBUG:netmiko:write_channel: b'\n'
DEBUG:netmiko:read_channel: 
5th_nt_sw02#
DEBUG:netmiko:read_channel: 
DEBUG:netmiko:[find_prompt()]: prompt is 5th_nt_sw02#
DEBUG:netmiko:read_channel: 
DEBUG:netmiko:write_channel: b'sh cdp nei det\n'
DEBUG:netmiko:Pattern is: sh\ cdp\ nei\ det
DEBUG:netmiko:_read_channel_expect read_data: s
DEBUG:netmiko:_read_channel_expect read_data: h cdp nei det
-------------------------
Device ID: ap-5n-nursery
Entry address(es): 
  IP address: 172.29.160.69
  IPv6 address: FE80::C28C:60FF:FE44:A14C  (link-local)
Platform: cisco AIR-CAP3602I-A-K9,  Capabilities: Trans-Bridge Source-Route-Bridge IGMP 
Interface: GigabitEthernet2/0/44,  Port ID (outgoing port): GigabitEthernet0
Holdtime : 142 sec

Version :
Cisco IOS Software, C3600 Software (AP3G2-K9W8-M), Version 15.3(3)JA8, RELEASE SOFTWARE (fc1)
Technical Support: http://www.cisco.com/techsupport
Copyright (c) 1986-2016 by Cisco Systems, Inc.
Compiled Fri 22-Apr-16 05:48 by prod_rel_team

advertisement version: 2
Duplex: full
Power drawn: 15.400 Watts
Power request id: 8896, Power management id: 2
Power request levels are:15400 13000 0 0 0 
Management address(es): 
  IP address: 172.29.160.69

-------------------------
Device ID: 1ST_NT_MDF_SW01.mongeneral.com
Entry address(es): 
  IP address: 172.26.1.3
Platform: cisco WS-C3850-24XS,  Capabilities: Router Switch IGMP 
Interface: TenGigabitEthernet1/0/1,  Port ID (outgoing port): TenGigabitEthernet1/0/16
Holdtime : 173 sec

Version :
Cisco IOS Software, IOS-XE Software, Catalyst L3 Switch Software (CAT3K_CAA-UNIVERSALK9-M), Version 03.07.04E RELEASE SOFTWARE (fc1)
Technical Support: http://www.cisco.com/techsupport
Copyright (c) 1986-2016 by Cisco Systems, Inc.
Compiled Thu 19-May-16 11:48 by prod_rel_team

advertisement version: 2
VTP Management Domain: 'MonGen'
Native VLAN: 666
Duplex: full
Management address(es): 
  IP address: 172.26.1.3

-------------------------
Device ID: 1ST_NT_MDF_SW01.mongeneral.com
Entry address(es): 
  IP address: 172.26.1.3
Platform: cisco WS-C3850-24XS,  Capabilities: Router Switch IGMP 
Interface: TenGigabitEthernet2/0/1,  Port ID (outgoing port): TenGigabitEthernet2/0/16
Holdtime : 123 sec

Version :
Cisco IOS Software, IOS-XE Software, Catalyst L3 Switch Software (CAT3K_CAA-UNIVERSALK9-M), Version 03.07.04E RELEASE SOFTWARE (fc1)
Technical Support: http://www.cisco.com/techsupport
Copyright (c) 1986-2016 by Cisco Systems, Inc.
Compiled Thu 19-May-16 11:48 by prod_rel_team

advertisement version: 2
VTP Management Domain: 'MonGen'
Native VLAN: 666
Duplex: full
Management address(es): 
  IP address: 172.26.1.3

-------------------------
Device ID: ap-5n-5138
Entry address(es): 
  IP address: 172.29.160.61
  IPv6 address: FE80::C28C:60FF:FE20:7CC5  (link-local)
Platform: cisco AIR-CAP3602I-A-K9,  Capabilities: Trans-Bridge Source-Route-Bridge IGMP 
Interface: GigabitEthernet2/0/45,  Port ID (outgoing port): GigabitEthernet0
Holdtime : 159 sec

Version :
Cisco IOS Software, C3600 Software (AP3G2-K9W8-M), Version 15.3(3)JA8, RELEASE SOFTWARE (fc1)
Technical Support: http://www.cisco.com/techsupport
Copyright (c) 1986-2016 by Cisco Systems, Inc.
Compiled Fri 22-Apr-16 05:48 by prod_rel_team

advertisement version: 2
Duplex: full
Power drawn: 15.400 Watts
Power request id: 7423, Power management id: 2
Power request levels are:15400 13000 0 0 0 
Management address(es): 
  IP address: 172.29.160.61

-------------------------
Device ID: ap-5n-5010
Entry address(es): 
  IP address: 172.29.160.58
  IPv6 address: FE80::C267:AFFF:FE5B:D42  (link-local)
Platform: cisco AIR-CAP3602I-A-K9,  Capabilities: Trans-Bridge Source-Route-Bridge IGMP 
Interface: GigabitEthernet2/0/46,  Port ID (outgoing port): GigabitEthernet0
Holdtime : 136 sec

Version :
Cisco IOS Software, C3600 Software (AP3G2-K9W8-M), Version 15.3(3)JA8, RELEASE SOFTWARE (fc1)
Technical Support: http://www.cisco.com/techsupport
Copyright (c) 1986-2016 by Cisco Systems, Inc.
Compiled Fri 22-Apr-16 05:48 by prod_rel_team

advertisement version: 2
Duplex: full
Power drawn: 15.400 Watts
Power request id: 32179, Power management id: 3
Power request levels are:15400 13000 0 0 0 
Management address(es): 
  IP address: 172.29.160.58

-------------------------
Device ID: ap-5n-or
Entry address(es): 
  IP address: 172.29.160.62
  IPv6 address: FE80::C267:AFFF:FE5B:BEE  (link-local)
Platform: cisco AIR-CAP3602I-A-K9,  Capabilities: Trans-Bridge Source-Route-Bridge IGMP 
Interface: GigabitEthernet2/0/47,  Port ID (outgoing port): GigabitEthernet0
Holdtime : 148 sec

Version :
Cisco IOS Software, C3600 Software (AP3G2-K9W8-M), Version 15.3(3)JA8, RELEASE SOFTWARE (fc1)
Technical Support: http://www.cisco.com/techsupport
Copyright (c) 1986-2016 by Cisco Systems, Inc.
Compiled Fri 22-Apr-16 05:48 by prod_rel_team

advertisement version: 2
Duplex: full
Power drawn: 15.400 Watts
Power request id: 6545, Power management id: 2
Power request levels are:15400 13000 0 0 0 
Management address(es): 
  IP address: 172.29.160.62

-------------------------
Device ID: ap-5n-westmh
Entry address(es): 
  IP address: 172.29.160.66
  IPv6 address: FE80::C267:AFFF:FE5B:DB4  (link-local)
Platform: cisco AIR-CAP3602I-A-K9,  Capabilities: Trans-Bridge Source-Route-Bridge IGMP 
Interface: GigabitEthernet2/0/42,  Port ID (outgoing port): GigabitEthernet0
Holdtime : 136 sec

Version :
Cisco IOS Software, C3600 Software (AP3G2-K9W8-M), Version 15.3(3)JA8, RELEASE SOFTWARE (fc1)
Technical Support: http://www.cisco.com/techsupport
Copyright (c) 1986-2016 by Cisco Systems, Inc.
Compiled Fri 22-Apr-16 05:48 by prod_rel_team

advertisement version: 2
Duplex: full
Power drawn: 15.400 Watts
Power request id: 26191, Power management id: 2
Power request levels are:15400 13000 0 0 0 
Management address(es): 
  IP address: 172.29.160.66

-------------------------
Device ID: ap-5n-549
Entry address(es): 
  IP address: 172.29.160.60
  IPv6 address: FE80::C267:AFFF:FE5B:D46  (link-local)
Platform: cisco AIR-CAP3602I-A-K9,  Capabilities: Trans-Bridge Source-Route-Bridge IGMP 
Interface: GigabitEthernet2/0/43,  Port ID (outgoing port): GigabitEthernet0
Holdtime : 174 sec

Version :
Cisco IOS Software, C3600 Software (AP3G2-K9W8-M), Version 15.3(3)JA8, RELEASE SOFTWARE (fc1)
Technical Support: http://www.cisco.com/techsupport
Copyright (c) 1986-2016 by Cisco Systems, Inc.
Compiled Fri 22-Apr-16 05:48 by prod_rel_team

advertisement version: 2
Duplex: full
Power drawn: 15.400 Watts
Power request id: 9101, Power management id: 2
Power request levels are:15400 13000 0 0 0 
Management address(es): 
  IP address: 172.29.160.60

-------------------------
Device ID: ap-5n-198
Entry address(es): 
  IP address: 172.29.160.65
  IPv6 address: FE80::C28C:60FF:FE44:849C  (link-local)
Platform: cisco AIR-CAP3602I-A-K9,  Capabilities: Trans-Bridge Source-Route-Bridge IGMP 
Interface: GigabitEthernet1/0/48,  Port ID (outgoing port): GigabitEthernet0
Holdtime : 150 sec

Version :
Cisco IOS Software, C3600 Software (AP3G2-K9W8-M), Version 15.3(3)JA8, RELEASE SOFTWARE (fc1)
Technical Support: http://www.cisco.com/techsupport
Copyright (c) 1986-2016 by Cisco Systems, Inc.
Compiled Fri 22-Apr-16 05:48 by prod_rel_team

advertisement version: 2
Duplex: full
Power drawn: 15.400 Watts
Power request id: 41269, Power management id: 2
Power request levels are:15400 13000 0 0 0 
Management address(es): 
  IP address: 172.29.160.65

-------------------------
Device ID: ap-5n-133
Entry address(es): 
  IP address: 172.29.160.52
  IPv6 address: FE80::CE16:7EFF:FE99:B3F0  (link-local)
Platform: cisco AIR-CAP3702I-B-K9,  Capabilities: Trans-Bridge Source-Route-Bridge IGMP 
Interface: GigabitEthernet1/0/43,  Port ID (outgoing port): GigabitEthernet0
Holdtime : 126 sec

Version :
Cisco IOS Software, C3700 Software (AP3G2-K9W8-M), Version 15.3(3)JA8, RELEASE SOFTWARE (fc1)
Technical Support: http://www.cisco.com/techsupport
Copyright (c) 1986-2016 by Cisco Systems, Inc.
Compiled Fri 22-Apr-16 05:48 by prod_rel_team

advertisement version: 2
Duplex: full
Power drawn: 16.800 Watts
Power request id: 51228, Power management id: 2
Power request levels are:16800 15400 13000 0 0 
Management address(es): 
  IP address: 172.29.160.52

-------------------------
Device ID: ap-5n-134
Entry address(es): 
  IP address: 172.29.160.54
  IPv6 address: FE80::CE16:7EFF:FEB9:A338  (link-local)
Platform: cisco AIR-CAP3702I-B-K9,  Capabilities: Trans-Bridge Source-Route-Bridge IGMP 
Interface: GigabitEthernet1/0/47,  Port ID (outgoing port): GigabitEthernet0
Holdtime : 151 sec

Version :
Cisco IOS Software, C3700 Software (AP3G2-K9W8-M), Version 15.3(3)JA8, RELEASE SOFTWARE (fc1)
Technical Support: http://www.cisco.com/techsupport
Copyright (c) 1986-2016 by Cisco Systems, Inc.
Compiled Fri 22-Apr-16 05:48 by prod_rel_team

advertisement version: 2
Duplex: full
Power drawn: 16.800 Watts
Power request id: 53305, Power management id: 2
Power request levels are:16800 15400 13000 0 0 
Management address(es): 
  IP address: 172.29.160.54

-------------------------
Device ID: ap-5n-135
Entry address(es): 
  IP address: 172.29.160.51
  IPv6 address: FE80::22A:10FF:FEF4:E8F8  (link-local)
Platform: cisco AIR-CAP3702I-B-K9,  Capabilities: Trans-Bridge Source-Route-Bridge IGMP 
Interface: GigabitEthernet1/0/41,  Port ID (outgoing port): GigabitEthernet0
Holdtime : 153 sec

Version :
Cisco IOS Software, C3700 Software (AP3G2-K9W8-M), Version 15.3(3)JA8, RELEASE SOFTWARE (fc1)
Technical Support: http://www.cisco.com/techsupport
Copyright (c) 1986-2016 by Cisco Systems, Inc.
Compiled Fri 22-Apr-16 05:48 by prod_rel_team

advertisement version: 2
Duplex: full
Power drawn: 16.800 Watts
Power request id: 33730, Power management id: 2
Power request levels are:16800 15400 13000 0 0 
Management address(es): 
  IP address: 172.29.160.51

-------------------------
Device ID: ap-5n-545
Entry address(es): 
  IP address: 172.29.160.59
  IPv6 address: FE80::C267:AFFF:FE5B:CB2  (link-local)
Platform: cisco AIR-CAP3602I-A-K9,  Capabilities: Trans-Bridge Source-Route-Bridge IGMP 
Interface: GigabitEthernet2/0/41,  Port ID (outgoing port): GigabitEthernet0
Holdtime : 142 sec

Version :
Cisco IOS Software, C3600 Software (AP3G2-K9W8-M), Version 15.3(3)JA8, RELEASE SOFTWARE (fc1)
Technical Support: http://www.cisco.com/techsupport
Copyright (c) 1986-2016 by Cisco Systems, Inc.
Compiled Fri 22-Apr-16 05:48 by prod_rel_team

advertisement version: 2
Duplex: full
Power drawn: 15.400 Watts
Power request id: 33239, Power management id: 2
Power request levels are:15400 13000 0 0 0 
Management address(es): 
  IP address: 172.29.160.59

-------------------------
Device ID: ap-5n-141
Entry address(es): 
  IP address: 172.29.160.55
  IPv6 address: FE80::22A:10FF:FED7:D000  (link-local)
Platform: cisco AIR-CAP3702I-B-K9,  Capabilities: Trans-Bridge Source-Route-Bridge IGMP 
Interface: GigabitEthernet1/0/42,  Port ID (outgoing port): GigabitEthernet0
Holdtime : 134 sec

Version :
Cisco IOS Software, C3700 Software (AP3G2-K9W8-M), Version 15.3(3)JA8, RELEASE SOFTWARE (fc1)
Technical Support: http://www.cisco.com/techsupport
Copyright (c) 1986-2016 by Cisco Systems, Inc.
Compiled Fri 22-Apr-16 05:48 by prod_rel_team

advertisement version: 2
Duplex: full
Power drawn: 16.800 Watts
Power request id: 24687, Power management id: 2
Power request levels are:16800 15400 13000 0 0 
Management address(es): 
  IP address: 172.29.160.55

-------------------------
Device ID: ap-5n-136
Entry address(es): 
  IP address: 172.29.160.53
  IPv6 address: FE80::22A:10FF:FEF4:E944  (link-local)
Platform: cisco AIR-CAP3702I-B-K9,  Capabilities: Trans-Bridge Source-Route-Bridge IGMP 
Interface: GigabitEthernet1/0/45,  Port ID (outgoing port): GigabitEthernet0
Holdtime : 174 sec

Version :
Cisco IOS Software, C3700 Software (AP3G2-K9W8-M), Version 15.3(3)JA8, RELEASE SOFTWARE (fc1)
Technical Support: http://www.cisco.com/techsupport
Copyright (c) 1986-2016 by Cisco Systems, Inc.
Compiled Fri 22-Apr-16 05:48 by prod_rel_team

advertisement version: 2
Duplex: full
Power drawn: 16.800 Watts
Power request id: 43622, Power management id: 2
Power request levels are:16800 15400 13000 0 0 
Management address(es): 
  IP address: 172.29.160.53

-------------------------
Device ID: ap-5n-137
Entry address(es): 
  IP address: 172.29.160.57
  IPv6 address: FE80::22A:10FF:FEF4:EB54  (link-local)
Platform: cisco AIR-CAP3702I-B-K9,  Capabilities: Trans-Bridge Source-Route-Bridge IGMP 
Interface: GigabitEthernet1/0/46,  Port ID (outgoing port): GigabitEthernet0
Holdtime : 151 sec

Version :
Cisco IOS Software, C3700 Software (AP3G2-K9W8-M), Version 15.3(3)JA8, RELEASE SOFTWARE (fc1)
Technical Support: http://www.cisco.com/techsupport
Copyright (c) 1986-2016 by Cisco Systems, Inc.
Compiled Fri 22-Apr-16 05:48 by prod_rel_team

advertisement version: 2
Duplex: full
Power drawn: 16.800 Watts
Power request id: 51766, Power management id: 2
Power request levels are:16800 15400 13000 0 0 
Management address(es): 
  IP address: 172.29.160.57

-------------------------
Device ID: ap-5n-140
Entry address(es): 
  IP address: 172.29.160.56
  IPv6 address: FE80::22A:10FF:FED7:D3CC  (link-local)
Platform: cisco AIR-CAP3702I-B-K9,  Capabilities: Trans-Bridge Source-Route-Bridge IGMP 
Interface: GigabitEthernet1/0/44,  Port ID (outgoing port): GigabitEthernet0
Holdtime : 179 sec

Version :
Cisco IOS Software, C3700 Software (AP3G2-K9W8-M), Version 15.3(3)JA8, RELEASE SOFTWARE (fc1)
Technical Support: http://www.cisco.com/techsupport
Copyright (c) 1986-2016 by Cisco Systems, Inc.
Compiled Fri 22-Apr-16 05:48 by prod_rel_team

advertisement version: 2
Duplex: full
Power drawn: 16.800 Watts
Power request id: 7146, Power management id: 2
Power request levels are:16800 15400 13000 0 0 
Management address(es): 
  IP address: 172.29.160.56


Total cdp entries displayed : 17
5th_nt_sw02#
DEBUG:netmiko:Pattern found: sh\ cdp\ nei\ det sh cdp nei det
-------------------------
Device ID: ap-5n-nursery
Entry address(es): 
  IP address: 172.29.160.69
  IPv6 address: FE80::C28C:60FF:FE44:A14C  (link-local)
Platform: cisco AIR-CAP3602I-A-K9,  Capabilities: Trans-Bridge Source-Route-Bridge IGMP 
Interface: GigabitEthernet2/0/44,  Port ID (outgoing port): GigabitEthernet0
Holdtime : 142 sec

Version :
Cisco IOS Software, C3600 Software (AP3G2-K9W8-M), Version 15.3(3)JA8, RELEASE SOFTWARE (fc1)
Technical Support: http://www.cisco.com/techsupport
Copyright (c) 1986-2016 by Cisco Systems, Inc.
Compiled Fri 22-Apr-16 05:48 by prod_rel_team

advertisement version: 2
Duplex: full
Power drawn: 15.400 Watts
Power request id: 8896, Power management id: 2
Power request levels are:15400 13000 0 0 0 
Management address(es): 
  IP address: 172.29.160.69

-------------------------
Device ID: 1ST_NT_MDF_SW01.mongeneral.com
Entry address(es): 
  IP address: 172.26.1.3
Platform: cisco WS-C3850-24XS,  Capabilities: Router Switch IGMP 
Interface: TenGigabitEthernet1/0/1,  Port ID (outgoing port): TenGigabitEthernet1/0/16
Holdtime : 173 sec

Version :
Cisco IOS Software, IOS-XE Software, Catalyst L3 Switch Software (CAT3K_CAA-UNIVERSALK9-M), Version 03.07.04E RELEASE SOFTWARE (fc1)
Technical Support: http://www.cisco.com/techsupport
Copyright (c) 1986-2016 by Cisco Systems, Inc.
Compiled Thu 19-May-16 11:48 by prod_rel_team

advertisement version: 2
VTP Management Domain: 'MonGen'
Native VLAN: 666
Duplex: full
Management address(es): 
  IP address: 172.26.1.3

-------------------------
Device ID: 1ST_NT_MDF_SW01.mongeneral.com
Entry address(es): 
  IP address: 172.26.1.3
Platform: cisco WS-C3850-24XS,  Capabilities: Router Switch IGMP 
Interface: TenGigabitEthernet2/0/1,  Port ID (outgoing port): TenGigabitEthernet2/0/16
Holdtime : 123 sec

Version :
Cisco IOS Software, IOS-XE Software, Catalyst L3 Switch Software (CAT3K_CAA-UNIVERSALK9-M), Version 03.07.04E RELEASE SOFTWARE (fc1)
Technical Support: http://www.cisco.com/techsupport
Copyright (c) 1986-2016 by Cisco Systems, Inc.
Compiled Thu 19-May-16 11:48 by prod_rel_team

advertisement version: 2
VTP Management Domain: 'MonGen'
Native VLAN: 666
Duplex: full
Management address(es): 
  IP address: 172.26.1.3

-------------------------
Device ID: ap-5n-5138
Entry address(es): 
  IP address: 172.29.160.61
  IPv6 address: FE80::C28C:60FF:FE20:7CC5  (link-local)
Platform: cisco AIR-CAP3602I-A-K9,  Capabilities: Trans-Bridge Source-Route-Bridge IGMP 
Interface: GigabitEthernet2/0/45,  Port ID (outgoing port): GigabitEthernet0
Holdtime : 159 sec

Version :
Cisco IOS Software, C3600 Software (AP3G2-K9W8-M), Version 15.3(3)JA8, RELEASE SOFTWARE (fc1)
Technical Support: http://www.cisco.com/techsupport
Copyright (c) 1986-2016 by Cisco Systems, Inc.
Compiled Fri 22-Apr-16 05:48 by prod_rel_team

advertisement version: 2
Duplex: full
Power drawn: 15.400 Watts
Power request id: 7423, Power management id: 2
Power request levels are:15400 13000 0 0 0 
Management address(es): 
  IP address: 172.29.160.61

-------------------------
Device ID: ap-5n-5010
Entry address(es): 
  IP address: 172.29.160.58
  IPv6 address: FE80::C267:AFFF:FE5B:D42  (link-local)
Platform: cisco AIR-CAP3602I-A-K9,  Capabilities: Trans-Bridge Source-Route-Bridge IGMP 
Interface: GigabitEthernet2/0/46,  Port ID (outgoing port): GigabitEthernet0
Holdtime : 136 sec

Version :
Cisco IOS Software, C3600 Software (AP3G2-K9W8-M), Version 15.3(3)JA8, RELEASE SOFTWARE (fc1)
Technical Support: http://www.cisco.com/techsupport
Copyright (c) 1986-2016 by Cisco Systems, Inc.
Compiled Fri 22-Apr-16 05:48 by prod_rel_team

advertisement version: 2
Duplex: full
Power drawn: 15.400 Watts
Power request id: 32179, Power management id: 3
Power request levels are:15400 13000 0 0 0 
Management address(es): 
  IP address: 172.29.160.58

-------------------------
Device ID: ap-5n-or
Entry address(es): 
  IP address: 172.29.160.62
  IPv6 address: FE80::C267:AFFF:FE5B:BEE  (link-local)
Platform: cisco AIR-CAP3602I-A-K9,  Capabilities: Trans-Bridge Source-Route-Bridge IGMP 
Interface: GigabitEthernet2/0/47,  Port ID (outgoing port): GigabitEthernet0
Holdtime : 148 sec

Version :
Cisco IOS Software, C3600 Software (AP3G2-K9W8-M), Version 15.3(3)JA8, RELEASE SOFTWARE (fc1)
Technical Support: http://www.cisco.com/techsupport
Copyright (c) 1986-2016 by Cisco Systems, Inc.
Compiled Fri 22-Apr-16 05:48 by prod_rel_team

advertisement version: 2
Duplex: full
Power drawn: 15.400 Watts
Power request id: 6545, Power management id: 2
Power request levels are:15400 13000 0 0 0 
Management address(es): 
  IP address: 172.29.160.62

-------------------------
Device ID: ap-5n-westmh
Entry address(es): 
  IP address: 172.29.160.66
  IPv6 address: FE80::C267:AFFF:FE5B:DB4  (link-local)
Platform: cisco AIR-CAP3602I-A-K9,  Capabilities: Trans-Bridge Source-Route-Bridge IGMP 
Interface: GigabitEthernet2/0/42,  Port ID (outgoing port): GigabitEthernet0
Holdtime : 136 sec

Version :
Cisco IOS Software, C3600 Software (AP3G2-K9W8-M), Version 15.3(3)JA8, RELEASE SOFTWARE (fc1)
Technical Support: http://www.cisco.com/techsupport
Copyright (c) 1986-2016 by Cisco Systems, Inc.
Compiled Fri 22-Apr-16 05:48 by prod_rel_team

advertisement version: 2
Duplex: full
Power drawn: 15.400 Watts
Power request id: 26191, Power management id: 2
Power request levels are:15400 13000 0 0 0 
Management address(es): 
  IP address: 172.29.160.66

-------------------------
Device ID: ap-5n-549
Entry address(es): 
  IP address: 172.29.160.60
  IPv6 address: FE80::C267:AFFF:FE5B:D46  (link-local)
Platform: cisco AIR-CAP3602I-A-K9,  Capabilities: Trans-Bridge Source-Route-Bridge IGMP 
Interface: GigabitEthernet2/0/43,  Port ID (outgoing port): GigabitEthernet0
Holdtime : 174 sec

Version :
Cisco IOS Software, C3600 Software (AP3G2-K9W8-M), Version 15.3(3)JA8, RELEASE SOFTWARE (fc1)
Technical Support: http://www.cisco.com/techsupport
Copyright (c) 1986-2016 by Cisco Systems, Inc.
Compiled Fri 22-Apr-16 05:48 by prod_rel_team

advertisement version: 2
Duplex: full
Power drawn: 15.400 Watts
Power request id: 9101, Power management id: 2
Power request levels are:15400 13000 0 0 0 
Management address(es): 
  IP address: 172.29.160.60

-------------------------
Device ID: ap-5n-198
Entry address(es): 
  IP address: 172.29.160.65
  IPv6 address: FE80::C28C:60FF:FE44:849C  (link-local)
Platform: cisco AIR-CAP3602I-A-K9,  Capabilities: Trans-Bridge Source-Route-Bridge IGMP 
Interface: GigabitEthernet1/0/48,  Port ID (outgoing port): GigabitEthernet0
Holdtime : 150 sec

Version :
Cisco IOS Software, C3600 Software (AP3G2-K9W8-M), Version 15.3(3)JA8, RELEASE SOFTWARE (fc1)
Technical Support: http://www.cisco.com/techsupport
Copyright (c) 1986-2016 by Cisco Systems, Inc.
Compiled Fri 22-Apr-16 05:48 by prod_rel_team

advertisement version: 2
Duplex: full
Power drawn: 15.400 Watts
Power request id: 41269, Power management id: 2
Power request levels are:15400 13000 0 0 0 
Management address(es): 
  IP address: 172.29.160.65

-------------------------
Device ID: ap-5n-133
Entry address(es): 
  IP address: 172.29.160.52
  IPv6 address: FE80::CE16:7EFF:FE99:B3F0  (link-local)
Platform: cisco AIR-CAP3702I-B-K9,  Capabilities: Trans-Bridge Source-Route-Bridge IGMP 
Interface: GigabitEthernet1/0/43,  Port ID (outgoing port): GigabitEthernet0
Holdtime : 126 sec

Version :
Cisco IOS Software, C3700 Software (AP3G2-K9W8-M), Version 15.3(3)JA8, RELEASE SOFTWARE (fc1)
Technical Support: http://www.cisco.com/techsupport
Copyright (c) 1986-2016 by Cisco Systems, Inc.
Compiled Fri 22-Apr-16 05:48 by prod_rel_team

advertisement version: 2
Duplex: full
Power drawn: 16.800 Watts
Power request id: 51228, Power management id: 2
Power request levels are:16800 15400 13000 0 0 
Management address(es): 
  IP address: 172.29.160.52

-------------------------
Device ID: ap-5n-134
Entry address(es): 
  IP address: 172.29.160.54
  IPv6 address: FE80::CE16:7EFF:FEB9:A338  (link-local)
Platform: cisco AIR-CAP3702I-B-K9,  Capabilities: Trans-Bridge Source-Route-Bridge IGMP 
Interface: GigabitEthernet1/0/47,  Port ID (outgoing port): GigabitEthernet0
Holdtime : 151 sec

Version :
Cisco IOS Software, C3700 Software (AP3G2-K9W8-M), Version 15.3(3)JA8, RELEASE SOFTWARE (fc1)
Technical Support: http://www.cisco.com/techsupport
Copyright (c) 1986-2016 by Cisco Systems, Inc.
Compiled Fri 22-Apr-16 05:48 by prod_rel_team

advertisement version: 2
Duplex: full
Power drawn: 16.800 Watts
Power request id: 53305, Power management id: 2
Power request levels are:16800 15400 13000 0 0 
Management address(es): 
  IP address: 172.29.160.54

-------------------------
Device ID: ap-5n-135
Entry address(es): 
  IP address: 172.29.160.51
  IPv6 address: FE80::22A:10FF:FEF4:E8F8  (link-local)
Platform: cisco AIR-CAP3702I-B-K9,  Capabilities: Trans-Bridge Source-Route-Bridge IGMP 
Interface: GigabitEthernet1/0/41,  Port ID (outgoing port): GigabitEthernet0
Holdtime : 153 sec

Version :
Cisco IOS Software, C3700 Software (AP3G2-K9W8-M), Version 15.3(3)JA8, RELEASE SOFTWARE (fc1)
Technical Support: http://www.cisco.com/techsupport
Copyright (c) 1986-2016 by Cisco Systems, Inc.
Compiled Fri 22-Apr-16 05:48 by prod_rel_team

advertisement version: 2
Duplex: full
Power drawn: 16.800 Watts
Power request id: 33730, Power management id: 2
Power request levels are:16800 15400 13000 0 0 
Management address(es): 
  IP address: 172.29.160.51

-------------------------
Device ID: ap-5n-545
Entry address(es): 
  IP address: 172.29.160.59
  IPv6 address: FE80::C267:AFFF:FE5B:CB2  (link-local)
Platform: cisco AIR-CAP3602I-A-K9,  Capabilities: Trans-Bridge Source-Route-Bridge IGMP 
Interface: GigabitEthernet2/0/41,  Port ID (outgoing port): GigabitEthernet0
Holdtime : 142 sec

Version :
Cisco IOS Software, C3600 Software (AP3G2-K9W8-M), Version 15.3(3)JA8, RELEASE SOFTWARE (fc1)
Technical Support: http://www.cisco.com/techsupport
Copyright (c) 1986-2016 by Cisco Systems, Inc.
Compiled Fri 22-Apr-16 05:48 by prod_rel_team

advertisement version: 2
Duplex: full
Power drawn: 15.400 Watts
Power request id: 33239, Power management id: 2
Power request levels are:15400 13000 0 0 0 
Management address(es): 
  IP address: 172.29.160.59

-------------------------
Device ID: ap-5n-141
Entry address(es): 
  IP address: 172.29.160.55
  IPv6 address: FE80::22A:10FF:FED7:D000  (link-local)
Platform: cisco AIR-CAP3702I-B-K9,  Capabilities: Trans-Bridge Source-Route-Bridge IGMP 
Interface: GigabitEthernet1/0/42,  Port ID (outgoing port): GigabitEthernet0
Holdtime : 134 sec

Version :
Cisco IOS Software, C3700 Software (AP3G2-K9W8-M), Version 15.3(3)JA8, RELEASE SOFTWARE (fc1)
Technical Support: http://www.cisco.com/techsupport
Copyright (c) 1986-2016 by Cisco Systems, Inc.
Compiled Fri 22-Apr-16 05:48 by prod_rel_team

advertisement version: 2
Duplex: full
Power drawn: 16.800 Watts
Power request id: 24687, Power management id: 2
Power request levels are:16800 15400 13000 0 0 
Management address(es): 
  IP address: 172.29.160.55

-------------------------
Device ID: ap-5n-136
Entry address(es): 
  IP address: 172.29.160.53
  IPv6 address: FE80::22A:10FF:FEF4:E944  (link-local)
Platform: cisco AIR-CAP3702I-B-K9,  Capabilities: Trans-Bridge Source-Route-Bridge IGMP 
Interface: GigabitEthernet1/0/45,  Port ID (outgoing port): GigabitEthernet0
Holdtime : 174 sec

Version :
Cisco IOS Software, C3700 Software (AP3G2-K9W8-M), Version 15.3(3)JA8, RELEASE SOFTWARE (fc1)
Technical Support: http://www.cisco.com/techsupport
Copyright (c) 1986-2016 by Cisco Systems, Inc.
Compiled Fri 22-Apr-16 05:48 by prod_rel_team

advertisement version: 2
Duplex: full
Power drawn: 16.800 Watts
Power request id: 43622, Power management id: 2
Power request levels are:16800 15400 13000 0 0 
Management address(es): 
  IP address: 172.29.160.53

-------------------------
Device ID: ap-5n-137
Entry address(es): 
  IP address: 172.29.160.57
  IPv6 address: FE80::22A:10FF:FEF4:EB54  (link-local)
Platform: cisco AIR-CAP3702I-B-K9,  Capabilities: Trans-Bridge Source-Route-Bridge IGMP 
Interface: GigabitEthernet1/0/46,  Port ID (outgoing port): GigabitEthernet0
Holdtime : 151 sec

Version :
Cisco IOS Software, C3700 Software (AP3G2-K9W8-M), Version 15.3(3)JA8, RELEASE SOFTWARE (fc1)
Technical Support: http://www.cisco.com/techsupport
Copyright (c) 1986-2016 by Cisco Systems, Inc.
Compiled Fri 22-Apr-16 05:48 by prod_rel_team

advertisement version: 2
Duplex: full
Power drawn: 16.800 Watts
Power request id: 51766, Power management id: 2
Power request levels are:16800 15400 13000 0 0 
Management address(es): 
  IP address: 172.29.160.57

-------------------------
Device ID: ap-5n-140
Entry address(es): 
  IP address: 172.29.160.56
  IPv6 address: FE80::22A:10FF:FED7:D3CC  (link-local)
Platform: cisco AIR-CAP3702I-B-K9,  Capabilities: Trans-Bridge Source-Route-Bridge IGMP 
Interface: GigabitEthernet1/0/44,  Port ID (outgoing port): GigabitEthernet0
Holdtime : 179 sec

Version :
Cisco IOS Software, C3700 Software (AP3G2-K9W8-M), Version 15.3(3)JA8, RELEASE SOFTWARE (fc1)
Technical Support: http://www.cisco.com/techsupport
Copyright (c) 1986-2016 by Cisco Systems, Inc.
Compiled Fri 22-Apr-16 05:48 by prod_rel_team

advertisement version: 2
Duplex: full
Power drawn: 16.800 Watts
Power request id: 7146, Power management id: 2
Power request levels are:16800 15400 13000 0 0 
Management address(es): 
  IP address: 172.29.160.56


Total cdp entries displayed : 17
5th_nt_sw02#
DEBUG:netmiko:write_channel: b'\n'
DEBUG:netmiko:read_channel: 
5th_nt_sw02#
DEBUG:netmiko:read_channel: 
DEBUG:netmiko:read_channel: 
DEBUG:netmiko:write_channel: b'exit\n'
DEBUG:paramiko.transport:EOF in transport thread
DEBUG:paramiko.transport:starting thread (client mode): 0x5a9f5070
DEBUG:paramiko.transport:Local version/idstring: SSH-2.0-paramiko_2.7.1
DEBUG:paramiko.transport:Remote version/idstring: SSH-2.0-Cisco-1.25
INFO:paramiko.transport:Connected (version 2.0, client Cisco-1.25)
DEBUG:paramiko.transport:kex algos:['diffie-hellman-group-exchange-sha1', 'diffie-hellman-group14-sha1', 'diffie-hellman-group1-sha1'] server key:['ssh-rsa'] client encrypt:['aes128-ctr', 'aes192-ctr', 'aes256-ctr', 'aes128-cbc', '3des-cbc', 'aes192-cbc', 'aes256-cbc'] server encrypt:['aes128-ctr', 'aes192-ctr', 'aes256-ctr', 'aes128-cbc', '3des-cbc', 'aes192-cbc', 'aes256-cbc'] client mac:['hmac-sha1', 'hmac-sha1-96'] server mac:['hmac-sha1', 'hmac-sha1-96'] client compress:['none'] server compress:['none'] client lang:[''] server lang:[''] kex follows?False
DEBUG:paramiko.transport:Kex agreed: diffie-hellman-group-exchange-sha1
DEBUG:paramiko.transport:HostKey agreed: ssh-rsa
DEBUG:paramiko.transport:Cipher agreed: aes128-ctr
DEBUG:paramiko.transport:MAC agreed: hmac-sha1
DEBUG:paramiko.transport:Compression agreed: none
DEBUG:paramiko.transport:Got server p (2048 bits)
DEBUG:paramiko.transport:kex engine KexGex specified hash_algo <built-in function openssl_sha1>
DEBUG:paramiko.transport:Switch to new keys ...
DEBUG:paramiko.transport:Adding ssh-rsa host key for 5th_nt_sw02: b'c398a1dfdd080892c94628ad243b47a3'
DEBUG:paramiko.transport:userauth is OK
INFO:paramiko.transport:Authentication (password) successful!
DEBUG:paramiko.transport:[chan 0] Max packet in: 32768 bytes
DEBUG:paramiko.transport:[chan 0] Max packet out: 4096 bytes
DEBUG:paramiko.transport:Secsh channel 0 opened.
DEBUG:paramiko.transport:[chan 0] Sesch channel 0 request ok
DEBUG:paramiko.transport:[chan 0] Sesch channel 0 request ok
DEBUG:netmiko:read_channel: C
------------------------------------------------------------------------------------
WARNING:


This system is for the use of authorized clients only. Individuals using the
computer network system without authorization, or in excess of their authorization,
are subject to having all their activity on this computer network system monitored
and recorded by system personnel.  To protect the computer network system from
unauthorized use and to ensure the computer network system is functioning properly,
system administrators monitor this system.  Anyone using this computer network
system expressly consents to such monitoring and is advised that if such monitoring
reveals possible conduct of criminal activity, system personnel may provide the
evidence of such activity to law enforcement officers.

Access is restricted to authorized users only.

Unauthorized access is a violation of state and federal, civil and criminal laws.
------------------------------------------------------------------------------------

5th_nt_sw02>
DEBUG:netmiko:read_channel: 
DEBUG:netmiko:read_channel: 
DEBUG:netmiko:read_channel: 
DEBUG:netmiko:write_channel: b'\n'
DEBUG:netmiko:read_channel: 
5th_nt_sw02>
DEBUG:netmiko:read_channel: 
DEBUG:netmiko:[find_prompt()]: prompt is 5th_nt_sw02>
DEBUG:netmiko:read_channel: 
DEBUG:netmiko:In disable_paging
DEBUG:netmiko:Command: terminal length 0

DEBUG:netmiko:write_channel: b'terminal length 0\n'
DEBUG:netmiko:Pattern is: terminal\ length\ 0
DEBUG:netmiko:_read_channel_expect read_data: t
DEBUG:netmiko:_read_channel_expect read_data: erminal length 0
5th_nt_sw02>
DEBUG:netmiko:Pattern found: terminal\ length\ 0 terminal length 0
5th_nt_sw02>
DEBUG:netmiko:terminal length 0
5th_nt_sw02>
DEBUG:netmiko:Exiting disable_paging
DEBUG:netmiko:write_channel: b'terminal width 511\n'
DEBUG:netmiko:Pattern is: terminal\ width\ 511
DEBUG:netmiko:_read_channel_expect read_data: t
DEBUG:netmiko:_read_channel_expect read_data: erminal width 511
5th_nt_sw02>
DEBUG:netmiko:Pattern found: terminal\ width\ 511 terminal width 511
5th_nt_sw02>
DEBUG:netmiko:read_channel: 
DEBUG:netmiko:write_channel: b'\n'
DEBUG:netmiko:Pattern is: 5th_nt_sw02
DEBUG:netmiko:_read_channel_expect read_data: 

DEBUG:netmiko:_read_channel_expect read_data: 5th_nt_sw02>
DEBUG:netmiko:Pattern found: 5th_nt_sw02 
5th_nt_sw02>
DEBUG:netmiko:write_channel: b'enable\n'
DEBUG:netmiko:Pattern is: (5th_nt_sw02|ssword)
DEBUG:netmiko:_read_channel_expect read_data: e
DEBUG:netmiko:_read_channel_expect read_data: nable
Password: 
DEBUG:netmiko:Pattern found: (5th_nt_sw02|ssword) enable
Password: 
DEBUG:netmiko:write_channel: b'change-mgh\n'
DEBUG:netmiko:Pattern is: 5th_nt_sw02
DEBUG:netmiko:_read_channel_expect read_data: 
5th_nt_sw02#
DEBUG:netmiko:Pattern found: 5th_nt_sw02 
5th_nt_sw02#
DEBUG:netmiko:write_channel: b'\n'
DEBUG:netmiko:Pattern is: 5th_nt_sw02
DEBUG:netmiko:_read_channel_expect read_data: 

DEBUG:netmiko:_read_channel_expect read_data: 5th_nt_sw02#
DEBUG:netmiko:Pattern found: 5th_nt_sw02 
5th_nt_sw02#
DEBUG:netmiko:read_channel: 
DEBUG:netmiko:write_channel: b'\n'
DEBUG:netmiko:read_channel: 
5th_nt_sw02#
DEBUG:netmiko:read_channel: 
DEBUG:netmiko:[find_prompt()]: prompt is 5th_nt_sw02#
DEBUG:netmiko:read_channel: 
DEBUG:netmiko:write_channel: b'sh cdp nei det\n'
DEBUG:netmiko:Pattern is: sh\ cdp\ nei\ det
DEBUG:netmiko:_read_channel_expect read_data: sh
DEBUG:netmiko:_read_channel_expect read_data:  cdp nei det
-------------------------
Device ID: ap-5n-nursery
Entry address(es): 
  IP address: 172.29.160.69
  IPv6 address: FE80::C28C:60FF:FE44:A14C  (link-local)
Platform: cisco AIR-CAP3602I-A-K9,  Capabilities: Trans-Bridge Source-Route-Bridge IGMP 
Interface: GigabitEthernet2/0/44,  Port ID (outgoing port): GigabitEthernet0
Holdtime : 133 sec

Version :
Cisco IOS Software, C3600 Software (AP3G2-K9W8-M), Version 15.3(3)JA8, RELEASE SOFTWARE (fc1)
Technical Support: http://www.cisco.com/techsupport
Copyright (c) 1986-2016 by Cisco Systems, Inc.
Compiled Fri 22-Apr-16 05:48 by prod_rel_team

advertisement version: 2
Duplex: full
Power drawn: 15.400 Watts
Power request id: 8896, Power management id: 2
Power request levels are:15400 13000 0 0 0 
Management address(es): 
  IP address: 172.29.160.69

-------------------------
Device ID: 1ST_NT_MDF_SW01.mongeneral.com
Entry address(es): 
  IP address: 172.26.1.3
Platform: cisco WS-C3850-24XS,  Capabilities: Router Switch IGMP 
Interface: TenGigabitEthernet1/0/1,  Port ID (outgoing port): TenGigabitEthernet1/0/16
Holdtime : 163 sec

Version :
Cisco IOS Software, IOS-XE Software, Catalyst L3 Switch Software (CAT3K_CAA-UNIVERSALK9-M), Version 03.07.04E RELEASE SOFTWARE (fc1)
Technical Support: http://www.cisco.com/techsupport
Copyright (c) 1986-2016 by Cisco Systems, Inc.
Compiled Thu 19-May-16 11:48 by prod_rel_team

advertisement version: 2
VTP Management Domain: 'MonGen'
Native VLAN: 666
Duplex: full
Management address(es): 
  IP address: 172.26.1.3

-------------------------
Device ID: 1ST_NT_MDF_SW01.mongeneral.com
Entry address(es): 
  IP address: 172.26.1.3
Platform: cisco WS-C3850-24XS,  Capabilities: Router Switch IGMP 
Interface: TenGigabitEthernet2/0/1,  Port ID (outgoing port): TenGigabitEthernet2/0/16
Holdtime : 174 sec

Version :
Cisco IOS Software, IOS-XE Software, Catalyst L3 Switch Software (CAT3K_CAA-UNIVERSALK9-M), Version 03.07.04E RELEASE SOFTWARE (fc1)
Technical Support: http://www.cisco.com/techsupport
Copyright (c) 1986-2016 by Cisco Systems, Inc.
Compiled Thu 19-May-16 11:48 by prod_rel_team

advertisement version: 2
VTP Management Domain: 'MonGen'
Native VLAN: 666
Duplex: full
Management address(es): 
  IP address: 172.26.1.3

-------------------------
Device ID: ap-5n-5138
Entry address(es): 
  IP address: 172.29.160.61
  IPv6 address: FE80::C28C:60FF:FE20:7CC5  (link-local)
Platform: cisco AIR-CAP3602I-A-K9,  Capabilities: Trans-Bridge Source-Route-Bridge IGMP 
Interface: GigabitEthernet2/0/45,  Port ID (outgoing port): GigabitEthernet0
Holdtime : 150 sec

Version :
Cisco IOS Software, C3600 Software (AP3G2-K9W8-M), Version 15.3(3)JA8, RELEASE SOFTWARE (fc1)
Technical Support: http://www.cisco.com/techsupport
Copyright (c) 1986-2016 by Cisco Systems, Inc.
Compiled Fri 22-Apr-16 05:48 by prod_rel_team

advertisement version: 2
Duplex: full
Power drawn: 15.400 Watts
Power request id: 7423, Power management id: 2
Power request levels are:15400 13000 0 0 0 
Management address(es): 
  IP address: 172.29.160.61

-------------------------
Device ID: ap-5n-5010
Entry address(es): 
  IP address: 172.29.160.58
  IPv6 address: FE80::C267:AFFF:FE5B:D42  (link-local)
Platform: cisco AIR-CAP3602I-A-K9,  Capabilities: Trans-Bridge Source-Route-Bridge IGMP 
Interface: GigabitEthernet2/0/46,  Port ID (outgoing port): GigabitEthernet0
Holdtime : 179 sec

Version :
Cisco IOS Software, C3600 Software (AP3G2-K9W8-M), Version 15.3(3)JA8, RELEASE SOFTWARE (fc1)
Technical Support: http://www.cisco.com/techsupport
Copyright (c) 1986-2016 by Cisco Systems, Inc.
Compiled Fri 22-Apr-16 05:48 by prod_rel_team

advertisement version: 2
Duplex: full
Power drawn: 15.400 Watts
Power request id: 32179, Power management id: 3
Power request levels are:15400 13000 0 0 0 
Management address(es): 
  IP address: 172.29.160.58

-------------------------
Device ID: ap-5n-or
Entry address(es): 
  IP address: 172.29.160.62
  IPv6 address: FE80::C267:AFFF:FE5B:BEE  (link-local)
Platform: cisco AIR-CAP3602I-A-K9,  Capabilities: Trans-Bridge Source-Route-Bridge IGMP 
Interface: GigabitEthernet2/0/47,  Port ID (outgoing port): GigabitEthernet0
Holdtime : 139 sec

Version :
Cisco IOS Software, C3600 Software (AP3G2-K9W8-M), Version 15.3(3)JA8, RELEASE SOFTWARE (fc1)
Technical Support: http://www.cisco.com/techsupport
Copyright (c) 1986-2016 by Cisco Systems, Inc.
Compiled Fri 22-Apr-16 05:48 by prod_rel_team

advertisement version: 2
Duplex: full
Power drawn: 15.400 Watts
Power request id: 6545, Power management id: 2
Power request levels are:15400 13000 0 0 0 
Management address(es): 
  IP address: 172.29.160.62

-------------------------
Device ID: ap-5n-westmh
Entry address(es): 
  IP address: 172.29.160.66
  IPv6 address: FE80::C267:AFFF:FE5B:DB4  (link-local)
Platform: cisco AIR-CAP3602I-A-K9,  Capabilities: Trans-Bridge Source-Route-Bridge IGMP 
Interface: GigabitEthernet2/0/42,  Port ID (outgoing port): GigabitEthernet0
Holdtime : 178 sec

Version :
Cisco IOS Software, C3600 Software (AP3G2-K9W8-M), Version 15.3(3)JA8, RELEASE SOFTWARE (fc1)
Technical Support: http://www.cisco.com/techsupport
Copyright (c) 1986-2016 by Cisco Systems, Inc.
Compiled Fri 22-Apr-16 05:48 by prod_rel_team

advertisement version: 2
Duplex: full
Power drawn: 15.400 Watts
Power request id: 26191, Power management id: 2
Power request levels are:15400 13000 0 0 0 
Management address(es): 
  IP address: 172.29.160.66

-------------------------
Device ID: ap-5n-549
Entry address(es): 
  IP address: 172.29.160.60
  IPv6 address: FE80::C267:AFFF:FE5B:D46  (link-local)
Platform: cisco AIR-CAP3602I-A-K9,  Capabilities: Trans-Bridge Source-Route-Bridge IGMP 
Interface: GigabitEthernet2/0/43,  Port ID (outgoing port): GigabitEthernet0
Holdtime : 165 sec

Version :
Cisco IOS Software, C3600 Software (AP3G2-K9W8-M), Version 15.3(3)JA8, RELEASE SOFTWARE (fc1)
Technical Support: http://www.cisco.com/techsupport
Copyright (c) 1986-2016 by Cisco Systems, Inc.
Compiled Fri 22-Apr-16 05:48 by prod_rel_team

advertisement version: 2
Duplex: full
Power drawn: 15.400 Watts
Power request id: 9101, Power management id: 2
Power request levels are:15400 13000 0 0 0 
Management address(es): 
  IP address: 172.29.160.60

-------------------------
Device ID: ap-5n-198
Entry address(es): 
  IP address: 172.29.160.65
  IPv6 address: FE80::C28C:60FF:FE44:849C  (link-local)
Platform: cisco AIR-CAP3602I-A-K9,  Capabilities: Trans-Bridge Source-Route-Bridge IGMP 
Interface: GigabitEthernet1/0/48,  Port ID (outgoing port): GigabitEthernet0
Holdtime : 140 sec

Version :
Cisco IOS Software, C3600 Software (AP3G2-K9W8-M), Version 15.3(3)JA8, RELEASE SOFTWARE (fc1)
Technical Support: http://www.cisco.com/techsupport
Copyright (c) 1986-2016 by Cisco Systems, Inc.
Compiled Fri 22-Apr-16 05:48 by prod_rel_team

advertisement version: 2
Duplex: full
Power drawn: 15.400 Watts
Power request id: 41269, Power management id: 2
Power request levels are:15400 13000 0 0 0 
Management address(es): 
  IP address: 172.29.160.65

-------------------------
Device ID: ap-5n-133
Entry address(es): 
  IP address: 172.29.160.52
  IPv6 address: FE80::CE16:7EFF:FE99:B3F0  (link-local)
Platform: cisco AIR-CAP3702I-B-K9,  Capabilities: Trans-Bridge Source-Route-Bridge IGMP 
Interface: GigabitEthernet1/0/43,  Port ID (outgoing port): GigabitEthernet0
Holdtime : 176 sec

Version :
Cisco IOS Software, C3700 Software (AP3G2-K9W8-M), Version 15.3(3)JA8, RELEASE SOFTWARE (fc1)
Technical Support: http://www.cisco.com/techsupport
Copyright (c) 1986-2016 by Cisco Systems, Inc.
Compiled Fri 22-Apr-16 05:48 by prod_rel_team

advertisement version: 2
Duplex: full
Power drawn: 16.800 Watts
Power request id: 51228, Power management id: 2
Power request levels are:16800 15400 13000 0 0 
Management address(es): 
  IP address: 172.29.160.52

-------------------------
Device ID: ap-5n-134
Entry address(es): 
  IP address: 172.29.160.54
  IPv6 address: FE80::CE16:7EFF:FEB9:A338  (link-local)
Platform: cisco AIR-CAP3702I-B-K9,  Capabilities: Trans-Bridge Source-Route-Bridge IGMP 
Interface: GigabitEthernet1/0/47,  Port ID (outgoing port): GigabitEthernet0
Holdtime : 141 sec

Version :
Cisco IOS Software, C3700 Software (AP3G2-K9W8-M), Version 15.3(3)JA8, RELEASE SOFTWARE (fc1)
Technical Support: http://www.cisco.com/techsupport
Copyright (c) 1986-2016 by Cisco Systems, Inc.
Compiled Fri 22-Apr-16 05:48 by prod_rel_team

advertisement version: 2
Duplex: full
Power drawn: 16.800 Watts
Power request id: 53305, Power management id: 2
Power request levels are:16800 15400 13000 0 0 
Management address(es): 
  IP address: 172.29.160.54

-------------------------
Device ID: ap-5n-135
Entry address(es): 
  IP address: 172.29.160.51
  IPv6 address: FE80::22A:10FF:FEF4:E8F8  (link-local)
Platform: cisco AIR-CAP3702I-B-K9,  Capabilities: Trans-Bridge Source-Route-Bridge IGMP 
Interface: GigabitEthernet1/0/41,  Port ID (outgoing port): GigabitEthernet0
Holdtime : 144 sec

Version :
Cisco IOS Software, C3700 Software (AP3G2-K9W8-M), Version 15.3(3)JA8, RELEASE SOFTWARE (fc1)
Technical Support: http://www.cisco.com/techsupport
Copyright (c) 1986-2016 by Cisco Systems, Inc.
Compiled Fri 22-Apr-16 05:48 by prod_rel_team

advertisement version: 2
Duplex: full
Power drawn: 16.800 Watts
Power request id: 33730, Power management id: 2
Power request levels are:16800 15400 13000 0 0 
Management address(es): 
  IP address: 172.29.160.51

-------------------------
Device ID: ap-5n-545
Entry address(es): 
  IP address: 172.29.160.59
  IPv6 address: FE80::C267:AFFF:FE5B:CB2  (link-local)
Platform: cisco AIR-CAP3602I-A-K9,  Capabilities: Trans-Bridge Source-Route-Bridge IGMP 
Interface: GigabitEthernet2/0/41,  Port ID (outgoing port): GigabitEthernet0
Holdtime : 133 sec

Version :
Cisco IOS Software, C3600 Software (AP3G2-K9W8-M), Version 15.3(3)JA8, RELEASE SOFTWARE (fc1)
Technical Support: http://www.cisco.com/techsupport
Copyright (c) 1986-2016 by Cisco Systems, Inc.
Compiled Fri 22-Apr-16 05:48 by prod_rel_team

advertisement version: 2
Duplex: full
Power drawn: 15.400 Watts
Power request id: 33239, Power management id: 2
Power request levels are:15400 13000 0 0 0 
Management address(es): 
  IP address: 172.29.160.59

-------------------------
Device ID: ap-5n-141
Entry address(es): 
  IP address: 172.29.160.55
  IPv6 address: FE80::22A:10FF:FED7:D000  (link-local)
Platform: cisco AIR-CAP3702I-B-K9,  Capabilities: Trans-Bridge Source-Route-Bridge IGMP 
Interface: GigabitEthernet1/0/42,  Port ID (outgoing port): GigabitEthernet0
Holdtime : 178 sec

Version :
Cisco IOS Software, C3700 Software (AP3G2-K9W8-M), Version 15.3(3)JA8, RELEASE SOFTWARE (fc1)
Technical Support: http://www.cisco.com/techsupport
Copyright (c) 1986-2016 by Cisco Systems, Inc.
Compiled Fri 22-Apr-16 05:48 by prod_rel_team

advertisement version: 2
Duplex: full
Power drawn: 16.800 Watts
Power request id: 24687, Power management id: 2
Power request levels are:16800 15400 13000 0 0 
Management address(es): 
  IP address: 172.29.160.55

-------------------------
Device ID: ap-5n-136
Entry address(es): 
  IP address: 172.29.160.53
  IPv6 address: FE80::22A:10FF:FEF4:E944  (link-local)
Platform: cisco AIR-CAP3702I-B-K9,  Capabilities: Trans-Bridge Source-Route-Bridge IGMP 
Interface: GigabitEthernet1/0/45,  Port ID (outgoing port): GigabitEthernet0
Holdtime : 165 sec

Version :
Cisco IOS Software, C3700 Software (AP3G2-K9W8-M), Version 15.3(3)JA8, RELEASE SOFTWARE (fc1)
Technical Support: http://www.cisco.com/techsupport
Copyright (c) 1986-2016 by Cisco Systems, Inc.
Compiled Fri 22-Apr-16 05:48 by prod_rel_team

advertisement version: 2
Duplex: full
Power drawn: 16.800 Watts
Power request id: 43622, Power management id: 2
Power request levels are:16800 15400 13000 0 0 
Management address(es): 
  IP address: 172.29.160.53

-------------------------
Device ID: ap-5n-137
Entry address(es): 
  IP address: 172.29.160.57
  IPv6 address: FE80::22A:10FF:FEF4:EB54  (link-local)
Platform: cisco AIR-CAP3702I-B-K9,  Capabilities: Trans-Bridge Source-Route-Bridge IGMP 
Interface: GigabitEthernet1/0/46,  Port ID (outgoing port): GigabitEthernet0
Holdtime : 142 sec

Version :
Cisco IOS Software, C3700 Software (AP3G2-K9W8-M), Version 15.3(3)JA8, RELEASE SOFTWARE (fc1)
Technical Support: http://www.cisco.com/techsupport
Copyright (c) 1986-2016 by Cisco Systems, Inc.
Compiled Fri 22-Apr-16 05:48 by prod_rel_team

advertisement version: 2
Duplex: full
Power drawn: 16.800 Watts
Power request id: 51766, Power management id: 2
Power request levels are:16800 15400 13000 0 0 
Management address(es): 
  IP address: 172.29.160.57

-------------------------
Device ID: ap-5n-140
Entry address(es): 
  IP address: 172.29.160.56
  IPv6 address: FE80::22A:10FF:FED7:D3CC  (link-local)
Platform: cisco AIR-CAP3702I-B-K9,  Capabilities: Trans-Bridge Source-Route-Bridge IGMP 
Interface: GigabitEthernet1/0/44,  Port ID (outgoing port): GigabitEthernet0
Holdtime : 170 sec

Version :
Cisco IOS Software, C3700 Software (AP3G2-K9W8-M), Version 15.3(3)JA8, RELEASE SOFTWARE (fc1)
Technical Support: http://www.cisco.com/techsupport
Copyright (c) 1986-2016 by Cisco Systems, Inc.
Compiled Fri 22-Apr-16 05:48 by prod_rel_team

advertisement version: 2
Duplex: full
Power drawn: 16.800 Watts
Power request id: 7146, Power management id: 2
Power request levels are:16800 15400 13000 0 0 
Management address(es): 
  IP address: 172.29.160.56


Total cdp entries displayed : 17
5th_nt_sw02#
DEBUG:netmiko:Pattern found: sh\ cdp\ nei\ det sh cdp nei det
-------------------------
Device ID: ap-5n-nursery
Entry address(es): 
  IP address: 172.29.160.69
  IPv6 address: FE80::C28C:60FF:FE44:A14C  (link-local)
Platform: cisco AIR-CAP3602I-A-K9,  Capabilities: Trans-Bridge Source-Route-Bridge IGMP 
Interface: GigabitEthernet2/0/44,  Port ID (outgoing port): GigabitEthernet0
Holdtime : 133 sec

Version :
Cisco IOS Software, C3600 Software (AP3G2-K9W8-M), Version 15.3(3)JA8, RELEASE SOFTWARE (fc1)
Technical Support: http://www.cisco.com/techsupport
Copyright (c) 1986-2016 by Cisco Systems, Inc.
Compiled Fri 22-Apr-16 05:48 by prod_rel_team

advertisement version: 2
Duplex: full
Power drawn: 15.400 Watts
Power request id: 8896, Power management id: 2
Power request levels are:15400 13000 0 0 0 
Management address(es): 
  IP address: 172.29.160.69

-------------------------
Device ID: 1ST_NT_MDF_SW01.mongeneral.com
Entry address(es): 
  IP address: 172.26.1.3
Platform: cisco WS-C3850-24XS,  Capabilities: Router Switch IGMP 
Interface: TenGigabitEthernet1/0/1,  Port ID (outgoing port): TenGigabitEthernet1/0/16
Holdtime : 163 sec

Version :
Cisco IOS Software, IOS-XE Software, Catalyst L3 Switch Software (CAT3K_CAA-UNIVERSALK9-M), Version 03.07.04E RELEASE SOFTWARE (fc1)
Technical Support: http://www.cisco.com/techsupport
Copyright (c) 1986-2016 by Cisco Systems, Inc.
Compiled Thu 19-May-16 11:48 by prod_rel_team

advertisement version: 2
VTP Management Domain: 'MonGen'
Native VLAN: 666
Duplex: full
Management address(es): 
  IP address: 172.26.1.3

-------------------------
Device ID: 1ST_NT_MDF_SW01.mongeneral.com
Entry address(es): 
  IP address: 172.26.1.3
Platform: cisco WS-C3850-24XS,  Capabilities: Router Switch IGMP 
Interface: TenGigabitEthernet2/0/1,  Port ID (outgoing port): TenGigabitEthernet2/0/16
Holdtime : 174 sec

Version :
Cisco IOS Software, IOS-XE Software, Catalyst L3 Switch Software (CAT3K_CAA-UNIVERSALK9-M), Version 03.07.04E RELEASE SOFTWARE (fc1)
Technical Support: http://www.cisco.com/techsupport
Copyright (c) 1986-2016 by Cisco Systems, Inc.
Compiled Thu 19-May-16 11:48 by prod_rel_team

advertisement version: 2
VTP Management Domain: 'MonGen'
Native VLAN: 666
Duplex: full
Management address(es): 
  IP address: 172.26.1.3

-------------------------
Device ID: ap-5n-5138
Entry address(es): 
  IP address: 172.29.160.61
  IPv6 address: FE80::C28C:60FF:FE20:7CC5  (link-local)
Platform: cisco AIR-CAP3602I-A-K9,  Capabilities: Trans-Bridge Source-Route-Bridge IGMP 
Interface: GigabitEthernet2/0/45,  Port ID (outgoing port): GigabitEthernet0
Holdtime : 150 sec

Version :
Cisco IOS Software, C3600 Software (AP3G2-K9W8-M), Version 15.3(3)JA8, RELEASE SOFTWARE (fc1)
Technical Support: http://www.cisco.com/techsupport
Copyright (c) 1986-2016 by Cisco Systems, Inc.
Compiled Fri 22-Apr-16 05:48 by prod_rel_team

advertisement version: 2
Duplex: full
Power drawn: 15.400 Watts
Power request id: 7423, Power management id: 2
Power request levels are:15400 13000 0 0 0 
Management address(es): 
  IP address: 172.29.160.61

-------------------------
Device ID: ap-5n-5010
Entry address(es): 
  IP address: 172.29.160.58
  IPv6 address: FE80::C267:AFFF:FE5B:D42  (link-local)
Platform: cisco AIR-CAP3602I-A-K9,  Capabilities: Trans-Bridge Source-Route-Bridge IGMP 
Interface: GigabitEthernet2/0/46,  Port ID (outgoing port): GigabitEthernet0
Holdtime : 179 sec

Version :
Cisco IOS Software, C3600 Software (AP3G2-K9W8-M), Version 15.3(3)JA8, RELEASE SOFTWARE (fc1)
Technical Support: http://www.cisco.com/techsupport
Copyright (c) 1986-2016 by Cisco Systems, Inc.
Compiled Fri 22-Apr-16 05:48 by prod_rel_team

advertisement version: 2
Duplex: full
Power drawn: 15.400 Watts
Power request id: 32179, Power management id: 3
Power request levels are:15400 13000 0 0 0 
Management address(es): 
  IP address: 172.29.160.58

-------------------------
Device ID: ap-5n-or
Entry address(es): 
  IP address: 172.29.160.62
  IPv6 address: FE80::C267:AFFF:FE5B:BEE  (link-local)
Platform: cisco AIR-CAP3602I-A-K9,  Capabilities: Trans-Bridge Source-Route-Bridge IGMP 
Interface: GigabitEthernet2/0/47,  Port ID (outgoing port): GigabitEthernet0
Holdtime : 139 sec

Version :
Cisco IOS Software, C3600 Software (AP3G2-K9W8-M), Version 15.3(3)JA8, RELEASE SOFTWARE (fc1)
Technical Support: http://www.cisco.com/techsupport
Copyright (c) 1986-2016 by Cisco Systems, Inc.
Compiled Fri 22-Apr-16 05:48 by prod_rel_team

advertisement version: 2
Duplex: full
Power drawn: 15.400 Watts
Power request id: 6545, Power management id: 2
Power request levels are:15400 13000 0 0 0 
Management address(es): 
  IP address: 172.29.160.62

-------------------------
Device ID: ap-5n-westmh
Entry address(es): 
  IP address: 172.29.160.66
  IPv6 address: FE80::C267:AFFF:FE5B:DB4  (link-local)
Platform: cisco AIR-CAP3602I-A-K9,  Capabilities: Trans-Bridge Source-Route-Bridge IGMP 
Interface: GigabitEthernet2/0/42,  Port ID (outgoing port): GigabitEthernet0
Holdtime : 178 sec

Version :
Cisco IOS Software, C3600 Software (AP3G2-K9W8-M), Version 15.3(3)JA8, RELEASE SOFTWARE (fc1)
Technical Support: http://www.cisco.com/techsupport
Copyright (c) 1986-2016 by Cisco Systems, Inc.
Compiled Fri 22-Apr-16 05:48 by prod_rel_team

advertisement version: 2
Duplex: full
Power drawn: 15.400 Watts
Power request id: 26191, Power management id: 2
Power request levels are:15400 13000 0 0 0 
Management address(es): 
  IP address: 172.29.160.66

-------------------------
Device ID: ap-5n-549
Entry address(es): 
  IP address: 172.29.160.60
  IPv6 address: FE80::C267:AFFF:FE5B:D46  (link-local)
Platform: cisco AIR-CAP3602I-A-K9,  Capabilities: Trans-Bridge Source-Route-Bridge IGMP 
Interface: GigabitEthernet2/0/43,  Port ID (outgoing port): GigabitEthernet0
Holdtime : 165 sec

Version :
Cisco IOS Software, C3600 Software (AP3G2-K9W8-M), Version 15.3(3)JA8, RELEASE SOFTWARE (fc1)
Technical Support: http://www.cisco.com/techsupport
Copyright (c) 1986-2016 by Cisco Systems, Inc.
Compiled Fri 22-Apr-16 05:48 by prod_rel_team

advertisement version: 2
Duplex: full
Power drawn: 15.400 Watts
Power request id: 9101, Power management id: 2
Power request levels are:15400 13000 0 0 0 
Management address(es): 
  IP address: 172.29.160.60

-------------------------
Device ID: ap-5n-198
Entry address(es): 
  IP address: 172.29.160.65
  IPv6 address: FE80::C28C:60FF:FE44:849C  (link-local)
Platform: cisco AIR-CAP3602I-A-K9,  Capabilities: Trans-Bridge Source-Route-Bridge IGMP 
Interface: GigabitEthernet1/0/48,  Port ID (outgoing port): GigabitEthernet0
Holdtime : 140 sec

Version :
Cisco IOS Software, C3600 Software (AP3G2-K9W8-M), Version 15.3(3)JA8, RELEASE SOFTWARE (fc1)
Technical Support: http://www.cisco.com/techsupport
Copyright (c) 1986-2016 by Cisco Systems, Inc.
Compiled Fri 22-Apr-16 05:48 by prod_rel_team

advertisement version: 2
Duplex: full
Power drawn: 15.400 Watts
Power request id: 41269, Power management id: 2
Power request levels are:15400 13000 0 0 0 
Management address(es): 
  IP address: 172.29.160.65

-------------------------
Device ID: ap-5n-133
Entry address(es): 
  IP address: 172.29.160.52
  IPv6 address: FE80::CE16:7EFF:FE99:B3F0  (link-local)
Platform: cisco AIR-CAP3702I-B-K9,  Capabilities: Trans-Bridge Source-Route-Bridge IGMP 
Interface: GigabitEthernet1/0/43,  Port ID (outgoing port): GigabitEthernet0
Holdtime : 176 sec

Version :
Cisco IOS Software, C3700 Software (AP3G2-K9W8-M), Version 15.3(3)JA8, RELEASE SOFTWARE (fc1)
Technical Support: http://www.cisco.com/techsupport
Copyright (c) 1986-2016 by Cisco Systems, Inc.
Compiled Fri 22-Apr-16 05:48 by prod_rel_team

advertisement version: 2
Duplex: full
Power drawn: 16.800 Watts
Power request id: 51228, Power management id: 2
Power request levels are:16800 15400 13000 0 0 
Management address(es): 
  IP address: 172.29.160.52

-------------------------
Device ID: ap-5n-134
Entry address(es): 
  IP address: 172.29.160.54
  IPv6 address: FE80::CE16:7EFF:FEB9:A338  (link-local)
Platform: cisco AIR-CAP3702I-B-K9,  Capabilities: Trans-Bridge Source-Route-Bridge IGMP 
Interface: GigabitEthernet1/0/47,  Port ID (outgoing port): GigabitEthernet0
Holdtime : 141 sec

Version :
Cisco IOS Software, C3700 Software (AP3G2-K9W8-M), Version 15.3(3)JA8, RELEASE SOFTWARE (fc1)
Technical Support: http://www.cisco.com/techsupport
Copyright (c) 1986-2016 by Cisco Systems, Inc.
Compiled Fri 22-Apr-16 05:48 by prod_rel_team

advertisement version: 2
Duplex: full
Power drawn: 16.800 Watts
Power request id: 53305, Power management id: 2
Power request levels are:16800 15400 13000 0 0 
Management address(es): 
  IP address: 172.29.160.54

-------------------------
Device ID: ap-5n-135
Entry address(es): 
  IP address: 172.29.160.51
  IPv6 address: FE80::22A:10FF:FEF4:E8F8  (link-local)
Platform: cisco AIR-CAP3702I-B-K9,  Capabilities: Trans-Bridge Source-Route-Bridge IGMP 
Interface: GigabitEthernet1/0/41,  Port ID (outgoing port): GigabitEthernet0
Holdtime : 144 sec

Version :
Cisco IOS Software, C3700 Software (AP3G2-K9W8-M), Version 15.3(3)JA8, RELEASE SOFTWARE (fc1)
Technical Support: http://www.cisco.com/techsupport
Copyright (c) 1986-2016 by Cisco Systems, Inc.
Compiled Fri 22-Apr-16 05:48 by prod_rel_team

advertisement version: 2
Duplex: full
Power drawn: 16.800 Watts
Power request id: 33730, Power management id: 2
Power request levels are:16800 15400 13000 0 0 
Management address(es): 
  IP address: 172.29.160.51

-------------------------
Device ID: ap-5n-545
Entry address(es): 
  IP address: 172.29.160.59
  IPv6 address: FE80::C267:AFFF:FE5B:CB2  (link-local)
Platform: cisco AIR-CAP3602I-A-K9,  Capabilities: Trans-Bridge Source-Route-Bridge IGMP 
Interface: GigabitEthernet2/0/41,  Port ID (outgoing port): GigabitEthernet0
Holdtime : 133 sec

Version :
Cisco IOS Software, C3600 Software (AP3G2-K9W8-M), Version 15.3(3)JA8, RELEASE SOFTWARE (fc1)
Technical Support: http://www.cisco.com/techsupport
Copyright (c) 1986-2016 by Cisco Systems, Inc.
Compiled Fri 22-Apr-16 05:48 by prod_rel_team

advertisement version: 2
Duplex: full
Power drawn: 15.400 Watts
Power request id: 33239, Power management id: 2
Power request levels are:15400 13000 0 0 0 
Management address(es): 
  IP address: 172.29.160.59

-------------------------
Device ID: ap-5n-141
Entry address(es): 
  IP address: 172.29.160.55
  IPv6 address: FE80::22A:10FF:FED7:D000  (link-local)
Platform: cisco AIR-CAP3702I-B-K9,  Capabilities: Trans-Bridge Source-Route-Bridge IGMP 
Interface: GigabitEthernet1/0/42,  Port ID (outgoing port): GigabitEthernet0
Holdtime : 178 sec

Version :
Cisco IOS Software, C3700 Software (AP3G2-K9W8-M), Version 15.3(3)JA8, RELEASE SOFTWARE (fc1)
Technical Support: http://www.cisco.com/techsupport
Copyright (c) 1986-2016 by Cisco Systems, Inc.
Compiled Fri 22-Apr-16 05:48 by prod_rel_team

advertisement version: 2
Duplex: full
Power drawn: 16.800 Watts
Power request id: 24687, Power management id: 2
Power request levels are:16800 15400 13000 0 0 
Management address(es): 
  IP address: 172.29.160.55

-------------------------
Device ID: ap-5n-136
Entry address(es): 
  IP address: 172.29.160.53
  IPv6 address: FE80::22A:10FF:FEF4:E944  (link-local)
Platform: cisco AIR-CAP3702I-B-K9,  Capabilities: Trans-Bridge Source-Route-Bridge IGMP 
Interface: GigabitEthernet1/0/45,  Port ID (outgoing port): GigabitEthernet0
Holdtime : 165 sec

Version :
Cisco IOS Software, C3700 Software (AP3G2-K9W8-M), Version 15.3(3)JA8, RELEASE SOFTWARE (fc1)
Technical Support: http://www.cisco.com/techsupport
Copyright (c) 1986-2016 by Cisco Systems, Inc.
Compiled Fri 22-Apr-16 05:48 by prod_rel_team

advertisement version: 2
Duplex: full
Power drawn: 16.800 Watts
Power request id: 43622, Power management id: 2
Power request levels are:16800 15400 13000 0 0 
Management address(es): 
  IP address: 172.29.160.53

-------------------------
Device ID: ap-5n-137
Entry address(es): 
  IP address: 172.29.160.57
  IPv6 address: FE80::22A:10FF:FEF4:EB54  (link-local)
Platform: cisco AIR-CAP3702I-B-K9,  Capabilities: Trans-Bridge Source-Route-Bridge IGMP 
Interface: GigabitEthernet1/0/46,  Port ID (outgoing port): GigabitEthernet0
Holdtime : 142 sec

Version :
Cisco IOS Software, C3700 Software (AP3G2-K9W8-M), Version 15.3(3)JA8, RELEASE SOFTWARE (fc1)
Technical Support: http://www.cisco.com/techsupport
Copyright (c) 1986-2016 by Cisco Systems, Inc.
Compiled Fri 22-Apr-16 05:48 by prod_rel_team

advertisement version: 2
Duplex: full
Power drawn: 16.800 Watts
Power request id: 51766, Power management id: 2
Power request levels are:16800 15400 13000 0 0 
Management address(es): 
  IP address: 172.29.160.57

-------------------------
Device ID: ap-5n-140
Entry address(es): 
  IP address: 172.29.160.56
  IPv6 address: FE80::22A:10FF:FED7:D3CC  (link-local)
Platform: cisco AIR-CAP3702I-B-K9,  Capabilities: Trans-Bridge Source-Route-Bridge IGMP 
Interface: GigabitEthernet1/0/44,  Port ID (outgoing port): GigabitEthernet0
Holdtime : 170 sec

Version :
Cisco IOS Software, C3700 Software (AP3G2-K9W8-M), Version 15.3(3)JA8, RELEASE SOFTWARE (fc1)
Technical Support: http://www.cisco.com/techsupport
Copyright (c) 1986-2016 by Cisco Systems, Inc.
Compiled Fri 22-Apr-16 05:48 by prod_rel_team

advertisement version: 2
Duplex: full
Power drawn: 16.800 Watts
Power request id: 7146, Power management id: 2
Power request levels are:16800 15400 13000 0 0 
Management address(es): 
  IP address: 172.29.160.56


Total cdp entries displayed : 17
5th_nt_sw02#
DEBUG:netmiko:write_channel: b'\n'
DEBUG:netmiko:read_channel: 
5th_nt_sw02#
DEBUG:netmiko:read_channel: 
DEBUG:netmiko:read_channel: 
DEBUG:netmiko:write_channel: b'exit\n'
DEBUG:paramiko.transport:EOF in transport thread
DEBUG:paramiko.transport:starting thread (client mode): 0x5a9f74f0
DEBUG:paramiko.transport:Local version/idstring: SSH-2.0-paramiko_2.7.1
DEBUG:paramiko.transport:Remote version/idstring: SSH-2.0-Cisco-1.25
INFO:paramiko.transport:Connected (version 2.0, client Cisco-1.25)
DEBUG:paramiko.transport:kex algos:['diffie-hellman-group-exchange-sha1', 'diffie-hellman-group14-sha1', 'diffie-hellman-group1-sha1'] server key:['ssh-rsa'] client encrypt:['aes128-ctr', 'aes192-ctr', 'aes256-ctr', 'aes128-cbc', '3des-cbc', 'aes192-cbc', 'aes256-cbc'] server encrypt:['aes128-ctr', 'aes192-ctr', 'aes256-ctr', 'aes128-cbc', '3des-cbc', 'aes192-cbc', 'aes256-cbc'] client mac:['hmac-sha1', 'hmac-sha1-96'] server mac:['hmac-sha1', 'hmac-sha1-96'] client compress:['none'] server compress:['none'] client lang:[''] server lang:[''] kex follows?False
DEBUG:paramiko.transport:Kex agreed: diffie-hellman-group-exchange-sha1
DEBUG:paramiko.transport:HostKey agreed: ssh-rsa
DEBUG:paramiko.transport:Cipher agreed: aes128-ctr
DEBUG:paramiko.transport:MAC agreed: hmac-sha1
DEBUG:paramiko.transport:Compression agreed: none
DEBUG:paramiko.transport:Got server p (2048 bits)
DEBUG:paramiko.transport:kex engine KexGex specified hash_algo <built-in function openssl_sha1>
DEBUG:paramiko.transport:Switch to new keys ...
DEBUG:paramiko.transport:Adding ssh-rsa host key for 1st_st_sw01: b'295e52c0dd9453a6bc12867c97105012'
DEBUG:paramiko.transport:userauth is OK
INFO:paramiko.transport:Authentication (password) successful!
DEBUG:paramiko.transport:[chan 0] Max packet in: 32768 bytes
DEBUG:paramiko.transport:[chan 0] Max packet out: 4096 bytes
DEBUG:paramiko.transport:Secsh channel 0 opened.
DEBUG:paramiko.transport:[chan 0] Sesch channel 0 request ok
DEBUG:paramiko.transport:[chan 0] Sesch channel 0 request ok
DEBUG:netmiko:read_channel: C
------------------------------------------------------------------------------------
WARNING:


This system is for the use of authorized clients only. Individuals using the
computer network system without authorization, or in excess of their authorization,
are subject to having all their activity on this computer network system monitored
and recorded by system personnel.  To protect the computer network system from
unauthorized use and to ensure the computer network system is functioning properly,
system administrators monitor this system.  Anyone using this computer network
system expressly consents to such monitoring and is advised that if such monitoring
reveals possible conduct of criminal activity, system personnel may provide the
evidence of such activity to law enforcement officers.

Access is restricted to authorized users only.

Unauthorized access is a violation of state and federal, civil and criminal laws.
------------------------------------------------------------------------------------
1st_st_sw01>
DEBUG:netmiko:read_channel: 
DEBUG:netmiko:read_channel: 
DEBUG:netmiko:read_channel: 
DEBUG:netmiko:write_channel: b'\n'
DEBUG:netmiko:read_channel: 
1st_st_sw01>
DEBUG:netmiko:read_channel: 
DEBUG:netmiko:[find_prompt()]: prompt is 1st_st_sw01>
DEBUG:netmiko:read_channel: 
DEBUG:netmiko:In disable_paging
DEBUG:netmiko:Command: terminal length 0

DEBUG:netmiko:write_channel: b'terminal length 0\n'
DEBUG:netmiko:Pattern is: terminal\ length\ 0
DEBUG:netmiko:_read_channel_expect read_data: t
DEBUG:netmiko:_read_channel_expect read_data: erminal length 0
1st_st_sw01>
DEBUG:netmiko:Pattern found: terminal\ length\ 0 terminal length 0
1st_st_sw01>
DEBUG:netmiko:terminal length 0
1st_st_sw01>
DEBUG:netmiko:Exiting disable_paging
DEBUG:netmiko:write_channel: b'terminal width 511\n'
DEBUG:netmiko:Pattern is: terminal\ width\ 511
DEBUG:netmiko:_read_channel_expect read_data: t
DEBUG:netmiko:_read_channel_expect read_data: erminal width 511
1st_st_sw01>
DEBUG:netmiko:Pattern found: terminal\ width\ 511 terminal width 511
1st_st_sw01>
DEBUG:netmiko:read_channel: 
DEBUG:netmiko:write_channel: b'\n'
DEBUG:netmiko:Pattern is: 1st_st_sw01
DEBUG:netmiko:_read_channel_expect read_data: 

DEBUG:netmiko:_read_channel_expect read_data: 1st_st_sw01>
DEBUG:netmiko:Pattern found: 1st_st_sw01 
1st_st_sw01>
DEBUG:netmiko:write_channel: b'enable\n'
DEBUG:netmiko:Pattern is: (1st_st_sw01|ssword)
DEBUG:netmiko:_read_channel_expect read_data: e
DEBUG:netmiko:_read_channel_expect read_data: nable
Password: 
DEBUG:netmiko:Pattern found: (1st_st_sw01|ssword) enable
Password: 
DEBUG:netmiko:write_channel: b'change-mgh\n'
DEBUG:netmiko:Pattern is: 1st_st_sw01
DEBUG:netmiko:_read_channel_expect read_data: 
1st_st_sw01#
DEBUG:netmiko:Pattern found: 1st_st_sw01 
1st_st_sw01#
DEBUG:netmiko:write_channel: b'\n'
DEBUG:netmiko:Pattern is: 1st_st_sw01
DEBUG:netmiko:_read_channel_expect read_data: 

DEBUG:netmiko:_read_channel_expect read_data: 1st_st_sw01#
DEBUG:netmiko:Pattern found: 1st_st_sw01 
1st_st_sw01#
DEBUG:netmiko:read_channel: 
DEBUG:netmiko:write_channel: b'\n'
DEBUG:netmiko:read_channel: 
1st_st_sw01#
DEBUG:netmiko:read_channel: 
DEBUG:netmiko:[find_prompt()]: prompt is 1st_st_sw01#
DEBUG:netmiko:read_channel: 
DEBUG:netmiko:write_channel: b'sh cdp nei det\n'
DEBUG:netmiko:Pattern is: sh\ cdp\ nei\ det
DEBUG:netmiko:_read_channel_expect read_data: s
DEBUG:netmiko:_read_channel_expect read_data: h cdp nei det
-------------------------
Device ID: MG-CoreB-1S1004
Entry address(es): 
  IP address: 172.32.0.6
Platform: cisco WS-C3850-12S,  Capabilities: Router Switch IGMP 
Interface: GigabitEthernet3/0/48,  Port ID (outgoing port): GigabitEthernet1/0/12
Holdtime : 142 sec

Version :
Cisco IOS Software, IOS-XE Software, Catalyst L3 Switch Software (CAT3K_CAA-UNIVERSALK9-M), Version 03.07.05E RELEASE SOFTWARE (fc1)
Technical Support: http://www.cisco.com/techsupport
Copyright (c) 1986-2017 by Cisco Systems, Inc.
Compiled Fri 10-Feb-17 07:59 by prod_rel_team

advertisement version: 2
VTP Management Domain: 'philips'
Duplex: full
Management address(es): 
  IP address: 172.32.0.6

-------------------------
Device ID: MG-CoreA-1S1004
Entry address(es): 
  IP address: 172.32.0.2
Platform: cisco WS-C3850-12S,  Capabilities: Router Switch IGMP 
Interface: GigabitEthernet3/0/47,  Port ID (outgoing port): GigabitEthernet1/0/12
Holdtime : 143 sec

Version :
Cisco IOS Software, IOS-XE Software, Catalyst L3 Switch Software (CAT3K_CAA-UNIVERSALK9-M), Version 03.07.05E RELEASE SOFTWARE (fc1)
Technical Support: http://www.cisco.com/techsupport
Copyright (c) 1986-2017 by Cisco Systems, Inc.
Compiled Fri 10-Feb-17 07:59 by prod_rel_team

advertisement version: 2
VTP Management Domain: 'philips'
Duplex: full
Management address(es): 
  IP address: 172.32.0.2

-------------------------
Device ID: ap-1s-sterile
Entry address(es): 
  IP address: 172.29.100.51
  IPv6 address: FE80::C28C:60FF:FE20:7CE2  (link-local)
Platform: cisco AIR-CAP3602I-A-K9,  Capabilities: Trans-Bridge Source-Route-Bridge IGMP 
Interface: GigabitEthernet2/0/16,  Port ID (outgoing port): GigabitEthernet0
Holdtime : 129 sec

Version :
Cisco IOS Software, C3600 Software (AP3G2-K9W8-M), Version 15.3(3)JA8, RELEASE SOFTWARE (fc1)
Technical Support: http://www.cisco.com/techsupport
Copyright (c) 1986-2016 by Cisco Systems, Inc.
Compiled Fri 22-Apr-16 05:48 by prod_rel_team

advertisement version: 2
Duplex: full
Power drawn: 15.400 Watts
Power request id: 6772, Power management id: 2
Power request levels are:15400 13000 0 0 0 
Management address(es): 
  IP address: 172.29.100.51

-------------------------
Device ID: ap-1s-qrm
Entry address(es): 
  IP address: 172.29.100.52
  IPv6 address: FE80::C28C:60FF:FE20:7CEF  (link-local)
Platform: cisco AIR-CAP3602I-A-K9,  Capabilities: Trans-Bridge Source-Route-Bridge IGMP 
Interface: GigabitEthernet3/0/12,  Port ID (outgoing port): GigabitEthernet0
Holdtime : 150 sec

Version :
Cisco IOS Software, C3600 Software (AP3G2-K9W8-M), Version 15.3(3)JA8, RELEASE SOFTWARE (fc1)
Technical Support: http://www.cisco.com/techsupport
Copyright (c) 1986-2016 by Cisco Systems, Inc.
Compiled Fri 22-Apr-16 05:48 by prod_rel_team

advertisement version: 2
Duplex: full
Power drawn: 15.400 Watts
Power request id: 36302, Power management id: 2
Power request levels are:15400 13000 0 0 0 
Management address(es): 
  IP address: 172.29.100.52

-------------------------
Device ID: 1ST_NT_MDF_SW01.mongeneral.com
Entry address(es): 
  IP address: 172.26.1.3
Platform: cisco WS-C3850-24XS,  Capabilities: Router Switch IGMP 
Interface: TenGigabitEthernet2/0/1,  Port ID (outgoing port): TenGigabitEthernet2/0/1
Holdtime : 160 sec

Version :
Cisco IOS Software, IOS-XE Software, Catalyst L3 Switch Software (CAT3K_CAA-UNIVERSALK9-M), Version 03.07.04E RELEASE SOFTWARE (fc1)
Technical Support: http://www.cisco.com/techsupport
Copyright (c) 1986-2016 by Cisco Systems, Inc.
Compiled Thu 19-May-16 11:48 by prod_rel_team

advertisement version: 2
VTP Management Domain: 'MonGen'
Native VLAN: 666
Duplex: full
Management address(es): 
  IP address: 172.26.1.3

-------------------------
Device ID: 1ST_NT_MDF_SW01.mongeneral.com
Entry address(es): 
  IP address: 172.26.1.3
Platform: cisco WS-C3850-24XS,  Capabilities: Router Switch IGMP 
Interface: TenGigabitEthernet1/0/1,  Port ID (outgoing port): TenGigabitEthernet1/0/1
Holdtime : 147 sec

Version :
Cisco IOS Software, IOS-XE Software, Catalyst L3 Switch Software (CAT3K_CAA-UNIVERSALK9-M), Version 03.07.04E RELEASE SOFTWARE (fc1)
Technical Support: http://www.cisco.com/techsupport
Copyright (c) 1986-2016 by Cisco Systems, Inc.
Compiled Thu 19-May-16 11:48 by prod_rel_team

advertisement version: 2
VTP Management Domain: 'MonGen'
Native VLAN: 666
Duplex: full
Management address(es): 
  IP address: 172.26.1.3

-------------------------
Device ID: ap-1s-hr
Entry address(es): 
  IP address: 172.29.100.50
  IPv6 address: FE80::C28C:60FF:FE20:7D00  (link-local)
Platform: cisco AIR-CAP3602I-A-K9,  Capabilities: Trans-Bridge Source-Route-Bridge IGMP 
Interface: GigabitEthernet1/0/8,  Port ID (outgoing port): GigabitEthernet0
Holdtime : 129 sec

Version :
Cisco IOS Software, C3600 Software (AP3G2-K9W8-M), Version 15.3(3)JA8, RELEASE SOFTWARE (fc1)
Technical Support: http://www.cisco.com/techsupport
Copyright (c) 1986-2016 by Cisco Systems, Inc.
Compiled Fri 22-Apr-16 05:48 by prod_rel_team

advertisement version: 2
Duplex: full
Power drawn: 15.400 Watts
Power request id: 33278, Power management id: 2
Power request levels are:15400 13000 0 0 0 
Management address(es): 
  IP address: 172.29.100.50

-------------------------
Device ID: ap-1s-it
Entry address(es): 
  IP address: 172.29.100.53
  IPv6 address: FE80::C28C:60FF:FE20:7D2E  (link-local)
Platform: cisco AIR-CAP3602I-A-K9,  Capabilities: Trans-Bridge Source-Route-Bridge IGMP 
Interface: GigabitEthernet2/0/9,  Port ID (outgoing port): GigabitEthernet0
Holdtime : 140 sec

Version :
Cisco IOS Software, C3600 Software (AP3G2-K9W8-M), Version 15.3(3)JA8, RELEASE SOFTWARE (fc1)
Technical Support: http://www.cisco.com/techsupport
Copyright (c) 1986-2016 by Cisco Systems, Inc.
Compiled Fri 22-Apr-16 05:48 by prod_rel_team

advertisement version: 2
Duplex: full
Power drawn: 15.400 Watts
Power request id: 7562, Power management id: 2
Power request levels are:15400 13000 0 0 0 
Management address(es): 
  IP address: 172.29.100.53


Total cdp entries displayed : 8
1st_st_sw01#
DEBUG:netmiko:Pattern found: sh\ cdp\ nei\ det sh cdp nei det
-------------------------
Device ID: MG-CoreB-1S1004
Entry address(es): 
  IP address: 172.32.0.6
Platform: cisco WS-C3850-12S,  Capabilities: Router Switch IGMP 
Interface: GigabitEthernet3/0/48,  Port ID (outgoing port): GigabitEthernet1/0/12
Holdtime : 142 sec

Version :
Cisco IOS Software, IOS-XE Software, Catalyst L3 Switch Software (CAT3K_CAA-UNIVERSALK9-M), Version 03.07.05E RELEASE SOFTWARE (fc1)
Technical Support: http://www.cisco.com/techsupport
Copyright (c) 1986-2017 by Cisco Systems, Inc.
Compiled Fri 10-Feb-17 07:59 by prod_rel_team

advertisement version: 2
VTP Management Domain: 'philips'
Duplex: full
Management address(es): 
  IP address: 172.32.0.6

-------------------------
Device ID: MG-CoreA-1S1004
Entry address(es): 
  IP address: 172.32.0.2
Platform: cisco WS-C3850-12S,  Capabilities: Router Switch IGMP 
Interface: GigabitEthernet3/0/47,  Port ID (outgoing port): GigabitEthernet1/0/12
Holdtime : 143 sec

Version :
Cisco IOS Software, IOS-XE Software, Catalyst L3 Switch Software (CAT3K_CAA-UNIVERSALK9-M), Version 03.07.05E RELEASE SOFTWARE (fc1)
Technical Support: http://www.cisco.com/techsupport
Copyright (c) 1986-2017 by Cisco Systems, Inc.
Compiled Fri 10-Feb-17 07:59 by prod_rel_team

advertisement version: 2
VTP Management Domain: 'philips'
Duplex: full
Management address(es): 
  IP address: 172.32.0.2

-------------------------
Device ID: ap-1s-sterile
Entry address(es): 
  IP address: 172.29.100.51
  IPv6 address: FE80::C28C:60FF:FE20:7CE2  (link-local)
Platform: cisco AIR-CAP3602I-A-K9,  Capabilities: Trans-Bridge Source-Route-Bridge IGMP 
Interface: GigabitEthernet2/0/16,  Port ID (outgoing port): GigabitEthernet0
Holdtime : 129 sec

Version :
Cisco IOS Software, C3600 Software (AP3G2-K9W8-M), Version 15.3(3)JA8, RELEASE SOFTWARE (fc1)
Technical Support: http://www.cisco.com/techsupport
Copyright (c) 1986-2016 by Cisco Systems, Inc.
Compiled Fri 22-Apr-16 05:48 by prod_rel_team

advertisement version: 2
Duplex: full
Power drawn: 15.400 Watts
Power request id: 6772, Power management id: 2
Power request levels are:15400 13000 0 0 0 
Management address(es): 
  IP address: 172.29.100.51

-------------------------
Device ID: ap-1s-qrm
Entry address(es): 
  IP address: 172.29.100.52
  IPv6 address: FE80::C28C:60FF:FE20:7CEF  (link-local)
Platform: cisco AIR-CAP3602I-A-K9,  Capabilities: Trans-Bridge Source-Route-Bridge IGMP 
Interface: GigabitEthernet3/0/12,  Port ID (outgoing port): GigabitEthernet0
Holdtime : 150 sec

Version :
Cisco IOS Software, C3600 Software (AP3G2-K9W8-M), Version 15.3(3)JA8, RELEASE SOFTWARE (fc1)
Technical Support: http://www.cisco.com/techsupport
Copyright (c) 1986-2016 by Cisco Systems, Inc.
Compiled Fri 22-Apr-16 05:48 by prod_rel_team

advertisement version: 2
Duplex: full
Power drawn: 15.400 Watts
Power request id: 36302, Power management id: 2
Power request levels are:15400 13000 0 0 0 
Management address(es): 
  IP address: 172.29.100.52

-------------------------
Device ID: 1ST_NT_MDF_SW01.mongeneral.com
Entry address(es): 
  IP address: 172.26.1.3
Platform: cisco WS-C3850-24XS,  Capabilities: Router Switch IGMP 
Interface: TenGigabitEthernet2/0/1,  Port ID (outgoing port): TenGigabitEthernet2/0/1
Holdtime : 160 sec

Version :
Cisco IOS Software, IOS-XE Software, Catalyst L3 Switch Software (CAT3K_CAA-UNIVERSALK9-M), Version 03.07.04E RELEASE SOFTWARE (fc1)
Technical Support: http://www.cisco.com/techsupport
Copyright (c) 1986-2016 by Cisco Systems, Inc.
Compiled Thu 19-May-16 11:48 by prod_rel_team

advertisement version: 2
VTP Management Domain: 'MonGen'
Native VLAN: 666
Duplex: full
Management address(es): 
  IP address: 172.26.1.3

-------------------------
Device ID: 1ST_NT_MDF_SW01.mongeneral.com
Entry address(es): 
  IP address: 172.26.1.3
Platform: cisco WS-C3850-24XS,  Capabilities: Router Switch IGMP 
Interface: TenGigabitEthernet1/0/1,  Port ID (outgoing port): TenGigabitEthernet1/0/1
Holdtime : 147 sec

Version :
Cisco IOS Software, IOS-XE Software, Catalyst L3 Switch Software (CAT3K_CAA-UNIVERSALK9-M), Version 03.07.04E RELEASE SOFTWARE (fc1)
Technical Support: http://www.cisco.com/techsupport
Copyright (c) 1986-2016 by Cisco Systems, Inc.
Compiled Thu 19-May-16 11:48 by prod_rel_team

advertisement version: 2
VTP Management Domain: 'MonGen'
Native VLAN: 666
Duplex: full
Management address(es): 
  IP address: 172.26.1.3

-------------------------
Device ID: ap-1s-hr
Entry address(es): 
  IP address: 172.29.100.50
  IPv6 address: FE80::C28C:60FF:FE20:7D00  (link-local)
Platform: cisco AIR-CAP3602I-A-K9,  Capabilities: Trans-Bridge Source-Route-Bridge IGMP 
Interface: GigabitEthernet1/0/8,  Port ID (outgoing port): GigabitEthernet0
Holdtime : 129 sec

Version :
Cisco IOS Software, C3600 Software (AP3G2-K9W8-M), Version 15.3(3)JA8, RELEASE SOFTWARE (fc1)
Technical Support: http://www.cisco.com/techsupport
Copyright (c) 1986-2016 by Cisco Systems, Inc.
Compiled Fri 22-Apr-16 05:48 by prod_rel_team

advertisement version: 2
Duplex: full
Power drawn: 15.400 Watts
Power request id: 33278, Power management id: 2
Power request levels are:15400 13000 0 0 0 
Management address(es): 
  IP address: 172.29.100.50

-------------------------
Device ID: ap-1s-it
Entry address(es): 
  IP address: 172.29.100.53
  IPv6 address: FE80::C28C:60FF:FE20:7D2E  (link-local)
Platform: cisco AIR-CAP3602I-A-K9,  Capabilities: Trans-Bridge Source-Route-Bridge IGMP 
Interface: GigabitEthernet2/0/9,  Port ID (outgoing port): GigabitEthernet0
Holdtime : 140 sec

Version :
Cisco IOS Software, C3600 Software (AP3G2-K9W8-M), Version 15.3(3)JA8, RELEASE SOFTWARE (fc1)
Technical Support: http://www.cisco.com/techsupport
Copyright (c) 1986-2016 by Cisco Systems, Inc.
Compiled Fri 22-Apr-16 05:48 by prod_rel_team

advertisement version: 2
Duplex: full
Power drawn: 15.400 Watts
Power request id: 7562, Power management id: 2
Power request levels are:15400 13000 0 0 0 
Management address(es): 
  IP address: 172.29.100.53


Total cdp entries displayed : 8
1st_st_sw01#
DEBUG:netmiko:write_channel: b'\n'
DEBUG:netmiko:read_channel: 
1st_st_sw01#
DEBUG:netmiko:read_channel: 
DEBUG:netmiko:read_channel: 
DEBUG:netmiko:write_channel: b'exit\n'
DEBUG:paramiko.transport:EOF in transport thread
DEBUG:paramiko.transport:starting thread (client mode): 0x5ab858e0
DEBUG:paramiko.transport:Local version/idstring: SSH-2.0-paramiko_2.7.1
DEBUG:paramiko.transport:Remote version/idstring: SSH-2.0-Cisco-1.25
INFO:paramiko.transport:Connected (version 2.0, client Cisco-1.25)
DEBUG:paramiko.transport:kex algos:['diffie-hellman-group-exchange-sha1', 'diffie-hellman-group14-sha1', 'diffie-hellman-group1-sha1'] server key:['ssh-rsa'] client encrypt:['aes128-ctr', 'aes192-ctr', 'aes256-ctr', 'aes128-cbc', '3des-cbc', 'aes192-cbc', 'aes256-cbc'] server encrypt:['aes128-ctr', 'aes192-ctr', 'aes256-ctr', 'aes128-cbc', '3des-cbc', 'aes192-cbc', 'aes256-cbc'] client mac:['hmac-sha1', 'hmac-sha1-96'] server mac:['hmac-sha1', 'hmac-sha1-96'] client compress:['none'] server compress:['none'] client lang:[''] server lang:[''] kex follows?False
DEBUG:paramiko.transport:Kex agreed: diffie-hellman-group-exchange-sha1
DEBUG:paramiko.transport:HostKey agreed: ssh-rsa
DEBUG:paramiko.transport:Cipher agreed: aes128-ctr
DEBUG:paramiko.transport:MAC agreed: hmac-sha1
DEBUG:paramiko.transport:Compression agreed: none
DEBUG:paramiko.transport:Got server p (2048 bits)
DEBUG:paramiko.transport:kex engine KexGex specified hash_algo <built-in function openssl_sha1>
DEBUG:paramiko.transport:Switch to new keys ...
DEBUG:paramiko.transport:Adding ssh-rsa host key for 5th_st_sw01: b'be6ff6fb268e5ff7cdc49867694a8a92'
DEBUG:paramiko.transport:userauth is OK
INFO:paramiko.transport:Authentication (password) successful!
DEBUG:paramiko.transport:[chan 0] Max packet in: 32768 bytes
DEBUG:paramiko.transport:[chan 0] Max packet out: 4096 bytes
DEBUG:paramiko.transport:Secsh channel 0 opened.
DEBUG:paramiko.transport:[chan 0] Sesch channel 0 request ok
DEBUG:paramiko.transport:[chan 0] Sesch channel 0 request ok
DEBUG:netmiko:read_channel: C
------------------------------------------------------------------------------------
WARNING:


This system is for the use of authorized clients only. Individuals using the
computer network system without authorization, or in excess of their authorization,
are subject to having all their activity on this computer network system monitored
and recorded by system personnel.  To protect the computer network system from
unauthorized use and to ensure the computer network system is functioning properly,
system administrators monitor this system.  Anyone using this computer network
system expressly consents to such monitoring and is advised that if such monitoring
reveals possible conduct of criminal activity, system personnel may provide the
evidence of such activity to law enforcement officers.

Access is restricted to authorized users only.

Unauthorized access is a violation of state and federal, civil and criminal laws.
------------------------------------------------------------------------------------

5th_st_sw01>
DEBUG:netmiko:read_channel: 
DEBUG:netmiko:read_channel: 
DEBUG:netmiko:read_channel: 
DEBUG:netmiko:write_channel: b'\n'
DEBUG:netmiko:read_channel: 
5th_st_sw01>
DEBUG:netmiko:read_channel: 
DEBUG:netmiko:[find_prompt()]: prompt is 5th_st_sw01>
DEBUG:netmiko:read_channel: 
DEBUG:netmiko:In disable_paging
DEBUG:netmiko:Command: terminal length 0

DEBUG:netmiko:write_channel: b'terminal length 0\n'
DEBUG:netmiko:Pattern is: terminal\ length\ 0
DEBUG:netmiko:_read_channel_expect read_data: t
DEBUG:netmiko:_read_channel_expect read_data: erminal length 0
5th_st_sw01>
DEBUG:netmiko:Pattern found: terminal\ length\ 0 terminal length 0
5th_st_sw01>
DEBUG:netmiko:terminal length 0
5th_st_sw01>
DEBUG:netmiko:Exiting disable_paging
DEBUG:netmiko:write_channel: b'terminal width 511\n'
DEBUG:netmiko:Pattern is: terminal\ width\ 511
DEBUG:netmiko:_read_channel_expect read_data: t
DEBUG:netmiko:_read_channel_expect read_data: erminal width 511
5th_st_sw01>
DEBUG:netmiko:Pattern found: terminal\ width\ 511 terminal width 511
5th_st_sw01>
DEBUG:netmiko:read_channel: 
DEBUG:netmiko:write_channel: b'\n'
DEBUG:netmiko:Pattern is: 5th_st_sw01
DEBUG:netmiko:_read_channel_expect read_data: 

DEBUG:netmiko:_read_channel_expect read_data: 5th_st_sw01>
DEBUG:netmiko:Pattern found: 5th_st_sw01 
5th_st_sw01>
DEBUG:netmiko:write_channel: b'enable\n'
DEBUG:netmiko:Pattern is: (5th_st_sw01|ssword)
DEBUG:netmiko:_read_channel_expect read_data: e
DEBUG:netmiko:_read_channel_expect read_data: nable
Password: 
DEBUG:netmiko:Pattern found: (5th_st_sw01|ssword) enable
Password: 
DEBUG:netmiko:write_channel: b'change-mgh\n'
DEBUG:netmiko:Pattern is: 5th_st_sw01
DEBUG:netmiko:_read_channel_expect read_data: 
5th_st_sw01#
DEBUG:netmiko:Pattern found: 5th_st_sw01 
5th_st_sw01#
DEBUG:netmiko:write_channel: b'\n'
DEBUG:netmiko:Pattern is: 5th_st_sw01
DEBUG:netmiko:_read_channel_expect read_data: 

DEBUG:netmiko:_read_channel_expect read_data: 5th_st_sw01#
DEBUG:netmiko:Pattern found: 5th_st_sw01 
5th_st_sw01#
DEBUG:netmiko:read_channel: 
DEBUG:netmiko:write_channel: b'\n'
DEBUG:netmiko:read_channel: 
5th_st_sw01#
DEBUG:netmiko:read_channel: 
DEBUG:netmiko:[find_prompt()]: prompt is 5th_st_sw01#
DEBUG:netmiko:read_channel: 
DEBUG:netmiko:write_channel: b'sh cdp nei det\n'
DEBUG:netmiko:Pattern is: sh\ cdp\ nei\ det
DEBUG:netmiko:_read_channel_expect read_data: s
DEBUG:netmiko:_read_channel_expect read_data: h cdp nei det
-------------------------
Device ID: ap-5s-ihw
Entry address(es): 
  IP address: 172.29.124.86
  IPv6 address: FE80::C28C:60FF:FE20:7D3C  (link-local)
Platform: cisco AIR-CAP3602I-A-K9,  Capabilities: Trans-Bridge Source-Route-Bridge IGMP 
Interface: GigabitEthernet3/0/47,  Port ID (outgoing port): GigabitEthernet0
Holdtime : 173 sec

Version :
Cisco IOS Software, C3600 Software (AP3G2-K9W8-M), Version 15.3(3)JA8, RELEASE SOFTWARE (fc1)
Technical Support: http://www.cisco.com/techsupport
Copyright (c) 1986-2016 by Cisco Systems, Inc.
Compiled Fri 22-Apr-16 05:48 by prod_rel_team

advertisement version: 2
Duplex: full
Power drawn: 15.400 Watts
Power request id: 42601, Power management id: 2
Power request levels are:15400 13000 0 0 0 
Management address(es): 
  IP address: 172.29.124.86

-------------------------
Device ID: ap-5s-ihe
Entry address(es): 
  IP address: 172.29.124.85
  IPv6 address: FE80::C267:AFFF:FE5B:D27  (link-local)
Platform: cisco AIR-CAP3602I-A-K9,  Capabilities: Trans-Bridge Source-Route-Bridge IGMP 
Interface: GigabitEthernet2/0/24,  Port ID (outgoing port): GigabitEthernet0
Holdtime : 144 sec

Version :
Cisco IOS Software, C3600 Software (AP3G2-K9W8-M), Version 15.3(3)JA8, RELEASE SOFTWARE (fc1)
Technical Support: http://www.cisco.com/techsupport
Copyright (c) 1986-2016 by Cisco Systems, Inc.
Compiled Fri 22-Apr-16 05:48 by prod_rel_team

advertisement version: 2
Duplex: full
Power drawn: 15.400 Watts
Power request id: 33470, Power management id: 2
Power request levels are:15400 13000 0 0 0 
Management address(es): 
  IP address: 172.29.124.85

-------------------------
Device ID: 1ST_NT_MDF_SW01.mongeneral.com
Entry address(es): 
  IP address: 172.26.1.3
Platform: cisco WS-C3850-24XS,  Capabilities: Router Switch IGMP 
Interface: TenGigabitEthernet2/0/1,  Port ID (outgoing port): TenGigabitEthernet2/0/7
Holdtime : 149 sec

Version :
Cisco IOS Software, IOS-XE Software, Catalyst L3 Switch Software (CAT3K_CAA-UNIVERSALK9-M), Version 03.07.04E RELEASE SOFTWARE (fc1)
Technical Support: http://www.cisco.com/techsupport
Copyright (c) 1986-2016 by Cisco Systems, Inc.
Compiled Thu 19-May-16 11:48 by prod_rel_team

advertisement version: 2
VTP Management Domain: 'MonGen'
Native VLAN: 666
Duplex: full
Management address(es): 
  IP address: 172.26.1.3

-------------------------
Device ID: 1ST_NT_MDF_SW01.mongeneral.com
Entry address(es): 
  IP address: 172.26.1.3
Platform: cisco WS-C3850-24XS,  Capabilities: Router Switch IGMP 
Interface: TenGigabitEthernet1/0/1,  Port ID (outgoing port): TenGigabitEthernet1/0/7
Holdtime : 170 sec

Version :
Cisco IOS Software, IOS-XE Software, Catalyst L3 Switch Software (CAT3K_CAA-UNIVERSALK9-M), Version 03.07.04E RELEASE SOFTWARE (fc1)
Technical Support: http://www.cisco.com/techsupport
Copyright (c) 1986-2016 by Cisco Systems, Inc.
Compiled Thu 19-May-16 11:48 by prod_rel_team

advertisement version: 2
VTP Management Domain: 'MonGen'
Native VLAN: 666
Duplex: full
Management address(es): 
  IP address: 172.26.1.3

-------------------------
Device ID: ap-5s-142
Entry address(es): 
  IP address: 172.29.124.94
  IPv6 address: FE80::22A:10FF:FED7:D280  (link-local)
Platform: cisco AIR-CAP3702I-B-K9,  Capabilities: Trans-Bridge Source-Route-Bridge IGMP 
Interface: GigabitEthernet1/0/11,  Port ID (outgoing port): GigabitEthernet0
Holdtime : 136 sec

Version :
Cisco IOS Software, C3700 Software (AP3G2-K9W8-M), Version 15.3(3)JA8, RELEASE SOFTWARE (fc1)
Technical Support: http://www.cisco.com/techsupport
Copyright (c) 1986-2016 by Cisco Systems, Inc.
Compiled Fri 22-Apr-16 05:48 by prod_rel_team

advertisement version: 2
Duplex: full
Power drawn: 16.800 Watts
Power request id: 16414, Power management id: 3
Power request levels are:16800 15400 13000 0 0 
Management address(es): 
  IP address: 172.29.124.94

-------------------------
Device ID: ap-5s-153
Entry address(es): 
  IP address: 172.29.124.98
  IPv6 address: FE80::22A:10FF:FEF4:E63C  (link-local)
Platform: cisco AIR-CAP3702I-B-K9,  Capabilities: Trans-Bridge Source-Route-Bridge IGMP 
Interface: GigabitEthernet1/0/21,  Port ID (outgoing port): GigabitEthernet0
Holdtime : 141 sec

Version :
Cisco IOS Software, C3700 Software (AP3G2-K9W8-M), Version 15.3(3)JA8, RELEASE SOFTWARE (fc1)
Technical Support: http://www.cisco.com/techsupport
Copyright (c) 1986-2016 by Cisco Systems, Inc.
Compiled Fri 22-Apr-16 05:48 by prod_rel_team

advertisement version: 2
Duplex: full
Power drawn: 16.800 Watts
Power request id: 11639, Power management id: 2
Power request levels are:16800 15400 13000 0 0 
Management address(es): 
  IP address: 172.29.124.98

-------------------------
Device ID: ap-5s-521
Entry address(es): 
  IP address: 172.29.124.106
  IPv6 address: FE80::C28C:60FF:FE20:7D06  (link-local)
Platform: cisco AIR-CAP3602I-A-K9,  Capabilities: Trans-Bridge Source-Route-Bridge IGMP 
Interface: GigabitEthernet3/0/33,  Port ID (outgoing port): GigabitEthernet0
Holdtime : 156 sec

Version :
Cisco IOS Software, C3600 Software (AP3G2-K9W8-M), Version 15.3(3)JA8, RELEASE SOFTWARE (fc1)
Technical Support: http://www.cisco.com/techsupport
Copyright (c) 1986-2016 by Cisco Systems, Inc.
Compiled Fri 22-Apr-16 05:48 by prod_rel_team

advertisement version: 2
Duplex: full
Power drawn: 15.400 Watts
Power request id: 43821, Power management id: 2
Power request levels are:15400 13000 0 0 0 
Management address(es): 
  IP address: 172.29.124.106

-------------------------
Device ID: ap-5s-143
Entry address(es): 
  IP address: 172.29.124.102
  IPv6 address: FE80::22A:10FF:FEFF:7BDC  (link-local)
Platform: cisco AIR-CAP3702I-B-K9,  Capabilities: Trans-Bridge Source-Route-Bridge IGMP 
Interface: GigabitEthernet3/0/23,  Port ID (outgoing port): GigabitEthernet0
Holdtime : 143 sec

Version :
Cisco IOS Software, C3700 Software (AP3G2-K9W8-M), Version 15.3(3)JA8, RELEASE SOFTWARE (fc1)
Technical Support: http://www.cisco.com/techsupport
Copyright (c) 1986-2016 by Cisco Systems, Inc.
Compiled Fri 22-Apr-16 05:48 by prod_rel_team

advertisement version: 2
Duplex: full
Power drawn: 16.800 Watts
Power request id: 36245, Power management id: 2
Power request levels are:16800 15400 13000 0 0 
Management address(es): 
  IP address: 172.29.124.102

-------------------------
Device ID: ap-5s-152
Entry address(es): 
  IP address: 172.29.124.91
  IPv6 address: FE80::22A:10FF:FEFF:75C8  (link-local)
Platform: cisco AIR-CAP3702I-B-K9,  Capabilities: Trans-Bridge Source-Route-Bridge IGMP 
Interface: GigabitEthernet3/0/19,  Port ID (outgoing port): GigabitEthernet0
Holdtime : 155 sec

Version :
Cisco IOS Software, C3700 Software (AP3G2-K9W8-M), Version 15.3(3)JA8, RELEASE SOFTWARE (fc1)
Technical Support: http://www.cisco.com/techsupport
Copyright (c) 1986-2016 by Cisco Systems, Inc.
Compiled Fri 22-Apr-16 05:48 by prod_rel_team

advertisement version: 2
Duplex: full
Power drawn: 16.800 Watts
Power request id: 35000, Power management id: 2
Power request levels are:16800 15400 13000 0 0 
Management address(es): 
  IP address: 172.29.124.91

-------------------------
Device ID: ap-5s-151
Entry address(es): 
  IP address: 172.29.124.92
  IPv6 address: FE80::22A:10FF:FEF4:E9A0  (link-local)
Platform: cisco AIR-CAP3702I-B-K9,  Capabilities: Trans-Bridge Source-Route-Bridge IGMP 
Interface: GigabitEthernet1/0/6,  Port ID (outgoing port): GigabitEthernet0
Holdtime : 157 sec

Version :
Cisco IOS Software, C3700 Software (AP3G2-K9W8-M), Version 15.3(3)JA8, RELEASE SOFTWARE (fc1)
Technical Support: http://www.cisco.com/techsupport
Copyright (c) 1986-2016 by Cisco Systems, Inc.
Compiled Fri 22-Apr-16 05:48 by prod_rel_team

advertisement version: 2
Duplex: full
Power drawn: 16.800 Watts
Power request id: 73, Power management id: 2
Power request levels are:16800 15400 13000 0 0 
Management address(es): 
  IP address: 172.29.124.92

-------------------------
Device ID: ap-5s-533
Entry address(es): 
  IP address: 172.29.124.77
  IPv6 address: FE80::C267:AFFF:FE5B:DCF  (link-local)
Platform: cisco AIR-CAP3602I-A-K9,  Capabilities: Trans-Bridge Source-Route-Bridge IGMP 
Interface: GigabitEthernet3/0/39,  Port ID (outgoing port): GigabitEthernet0
Holdtime : 141 sec

Version :
Cisco IOS Software, C3600 Software (AP3G2-K9W8-M), Version 15.3(3)JA8, RELEASE SOFTWARE (fc1)
Technical Support: http://www.cisco.com/techsupport
Copyright (c) 1986-2016 by Cisco Systems, Inc.
Compiled Fri 22-Apr-16 05:48 by prod_rel_team

advertisement version: 2
Duplex: full
Power drawn: 15.400 Watts
Power request id: 18033, Power management id: 2
Power request levels are:15400 13000 0 0 0 
Management address(es): 
  IP address: 172.29.124.77

-------------------------
Device ID: ap-5s-150
Entry address(es): 
  IP address: 172.29.124.88
  IPv6 address: FE80::22A:10FF:FEF4:EA7C  (link-local)
Platform: cisco AIR-CAP3702I-B-K9,  Capabilities: Trans-Bridge Source-Route-Bridge IGMP 
Interface: GigabitEthernet3/0/27,  Port ID (outgoing port): GigabitEthernet0
Holdtime : 169 sec

Version :
Cisco IOS Software, C3700 Software (AP3G2-K9W8-M), Version 15.3(3)JA8, RELEASE SOFTWARE (fc1)
Technical Support: http://www.cisco.com/techsupport
Copyright (c) 1986-2016 by Cisco Systems, Inc.
Compiled Fri 22-Apr-16 05:48 by prod_rel_team

advertisement version: 2
Duplex: full
Power drawn: 16.800 Watts
Power request id: 28676, Power management id: 2
Power request levels are:16800 15400 13000 0 0 
Management address(es): 
  IP address: 172.29.124.88

-------------------------
Device ID: ap-5s-501
Entry address(es): 
  IP address: 172.29.124.84
  IPv6 address: FE80::C267:AFFF:FE5B:D80  (link-local)
Platform: cisco AIR-CAP3602I-A-K9,  Capabilities: Trans-Bridge Source-Route-Bridge IGMP 
Interface: GigabitEthernet2/0/20,  Port ID (outgoing port): GigabitEthernet0
Holdtime : 140 sec

Version :
Cisco IOS Software, C3600 Software (AP3G2-K9W8-M), Version 15.3(3)JA8, RELEASE SOFTWARE (fc1)
Technical Support: http://www.cisco.com/techsupport
Copyright (c) 1986-2016 by Cisco Systems, Inc.
Compiled Fri 22-Apr-16 05:48 by prod_rel_team

advertisement version: 2
Duplex: full
Power drawn: 15.400 Watts
Power request id: 54882, Power management id: 2
Power request levels are:15400 13000 0 0 0 
Management address(es): 
  IP address: 172.29.124.84

-------------------------
Device ID: ap-5s-524
Entry address(es): 
  IP address: 172.29.124.87
  IPv6 address: FE80::C267:AFFF:FE5B:D31  (link-local)
Platform: cisco AIR-CAP3602I-A-K9,  Capabilities: Trans-Bridge Source-Route-Bridge IGMP 
Interface: GigabitEthernet3/0/45,  Port ID (outgoing port): GigabitEthernet0
Holdtime : 151 sec

Version :
Cisco IOS Software, C3600 Software (AP3G2-K9W8-M), Version 15.3(3)JA8, RELEASE SOFTWARE (fc1)
Technical Support: http://www.cisco.com/techsupport
Copyright (c) 1986-2016 by Cisco Systems, Inc.
Compiled Fri 22-Apr-16 05:48 by prod_rel_team

advertisement version: 2
Duplex: full
Power drawn: 15.400 Watts
Power request id: 52505, Power management id: 3
Power request levels are:15400 13000 0 0 0 
Management address(es): 
  IP address: 172.29.124.87

-------------------------
Device ID: ap-5s-157
Entry address(es): 
  IP address: 172.29.124.96
  IPv6 address: FE80::22A:10FF:FEEE:20C8  (link-local)
Platform: cisco AIR-CAP3702I-B-K9,  Capabilities: Trans-Bridge Source-Route-Bridge IGMP 
Interface: GigabitEthernet1/0/17,  Port ID (outgoing port): GigabitEthernet0
Holdtime : 152 sec

Version :
Cisco IOS Software, C3700 Software (AP3G2-K9W8-M), Version 15.3(3)JA8, RELEASE SOFTWARE (fc1)
Technical Support: http://www.cisco.com/techsupport
Copyright (c) 1986-2016 by Cisco Systems, Inc.
Compiled Fri 22-Apr-16 05:48 by prod_rel_team

advertisement version: 2
Duplex: full
Power drawn: 16.800 Watts
Power request id: 18384, Power management id: 2
Power request levels are:16800 15400 13000 0 0 
Management address(es): 
  IP address: 172.29.124.96

-------------------------
Device ID: ap-5s-146
Entry address(es): 
  IP address: 172.29.124.107
  IPv6 address: FE80::22A:10FF:FEFF:7D7C  (link-local)
Platform: cisco AIR-CAP3702I-B-K9,  Capabilities: Trans-Bridge Source-Route-Bridge IGMP 
Interface: GigabitEthernet3/0/31,  Port ID (outgoing port): GigabitEthernet0
Holdtime : 157 sec

Version :
Cisco IOS Software, C3700 Software (AP3G2-K9W8-M), Version 15.3(3)JA8, RELEASE SOFTWARE (fc1)
Technical Support: http://www.cisco.com/techsupport
Copyright (c) 1986-2016 by Cisco Systems, Inc.
Compiled Fri 22-Apr-16 05:48 by prod_rel_team

advertisement version: 2
Duplex: full
Power drawn: 16.800 Watts
Power request id: 9531, Power management id: 2
Power request levels are:16800 15400 13000 0 0 
Management address(es): 
  IP address: 172.29.124.107

-------------------------
Device ID: ap-5s-147
Entry address(es): 
  IP address: 172.29.124.99
  IPv6 address: FE80::22A:10FF:FEF2:2B5C  (link-local)
Platform: cisco AIR-CAP3702I-B-K9,  Capabilities: Trans-Bridge Source-Route-Bridge IGMP 
Interface: GigabitEthernet1/0/28,  Port ID (outgoing port): GigabitEthernet0
Holdtime : 167 sec

Version :
Cisco IOS Software, C3700 Software (AP3G2-K9W8-M), Version 15.3(3)JA8, RELEASE SOFTWARE (fc1)
Technical Support: http://www.cisco.com/techsupport
Copyright (c) 1986-2016 by Cisco Systems, Inc.
Compiled Fri 22-Apr-16 05:48 by prod_rel_team

advertisement version: 2
Duplex: full
Power drawn: 16.800 Watts
Power request id: 17039, Power management id: 3
Power request levels are:16800 15400 13000 0 0 
Management address(es): 
  IP address: 172.29.124.99

-------------------------
Device ID: ap-5s-156
Entry address(es): 
  IP address: 172.29.124.80
  IPv6 address: FE80::22A:10FF:FEF2:2AA8  (link-local)
Platform: cisco AIR-CAP3702I-B-K9,  Capabilities: Trans-Bridge Source-Route-Bridge IGMP 
Interface: GigabitEthernet1/0/3,  Port ID (outgoing port): GigabitEthernet0
Holdtime : 151 sec

Version :
Cisco IOS Software, C3700 Software (AP3G2-K9W8-M), Version 15.3(3)JA8, RELEASE SOFTWARE (fc1)
Technical Support: http://www.cisco.com/techsupport
Copyright (c) 1986-2016 by Cisco Systems, Inc.
Compiled Fri 22-Apr-16 05:48 by prod_rel_team

advertisement version: 2
Duplex: full
Power drawn: 16.800 Watts
Power request id: 53471, Power management id: 2
Power request levels are:16800 15400 13000 0 0 
Management address(es): 
  IP address: 172.29.124.80

-------------------------
Device ID: ap-5s-515
Entry address(es): 
  IP address: 172.29.124.59
  IPv6 address: FE80::C267:AFFF:FE5B:D4B  (link-local)
Platform: cisco AIR-CAP3602I-A-K9,  Capabilities: Trans-Bridge Source-Route-Bridge IGMP 
Interface: GigabitEthernet3/0/43,  Port ID (outgoing port): GigabitEthernet0
Holdtime : 159 sec

Version :
Cisco IOS Software, C3600 Software (AP3G2-K9W8-M), Version 15.3(3)JA8, RELEASE SOFTWARE (fc1)
Technical Support: http://www.cisco.com/techsupport
Copyright (c) 1986-2016 by Cisco Systems, Inc.
Compiled Fri 22-Apr-16 05:48 by prod_rel_team

advertisement version: 2
Duplex: full
Power drawn: 15.400 Watts
Power request id: 5386, Power management id: 3
Power request levels are:15400 13000 0 0 0 
Management address(es): 
  IP address: 172.29.124.59

-------------------------
Device ID: ap-5s-144
Entry address(es): 
  IP address: 172.29.124.103
  IPv6 address: FE80::22A:10FF:FEEB:D344  (link-local)
Platform: cisco AIR-CAP3702I-B-K9,  Capabilities: Trans-Bridge Source-Route-Bridge IGMP 
Interface: GigabitEthernet3/0/25,  Port ID (outgoing port): GigabitEthernet0
Holdtime : 155 sec

Version :
Cisco IOS Software, C3700 Software (AP3G2-K9W8-M), Version 15.3(3)JA8, RELEASE SOFTWARE (fc1)
Technical Support: http://www.cisco.com/techsupport
Copyright (c) 1986-2016 by Cisco Systems, Inc.
Compiled Fri 22-Apr-16 05:48 by prod_rel_team

advertisement version: 2
Duplex: full
Power drawn: 16.800 Watts
Power request id: 42823, Power management id: 3
Power request levels are:16800 15400 13000 0 0 
Management address(es): 
  IP address: 172.29.124.103

-------------------------
Device ID: ap-5s-155
Entry address(es): 
  IP address: 172.29.124.93
  IPv6 address: FE80::22A:10FF
DEBUG:netmiko:Pattern found: sh\ cdp\ nei\ det sh cdp nei det
-------------------------
Device ID: ap-5s-ihw
Entry address(es): 
  IP address: 172.29.124.86
  IPv6 address: FE80::C28C:60FF:FE20:7D3C  (link-local)
Platform: cisco AIR-CAP3602I-A-K9,  Capabilities: Trans-Bridge Source-Route-Bridge IGMP 
Interface: GigabitEthernet3/0/47,  Port ID (outgoing port): GigabitEthernet0
Holdtime : 173 sec

Version :
Cisco IOS Software, C3600 Software (AP3G2-K9W8-M), Version 15.3(3)JA8, RELEASE SOFTWARE (fc1)
Technical Support: http://www.cisco.com/techsupport
Copyright (c) 1986-2016 by Cisco Systems, Inc.
Compiled Fri 22-Apr-16 05:48 by prod_rel_team

advertisement version: 2
Duplex: full
Power drawn: 15.400 Watts
Power request id: 42601, Power management id: 2
Power request levels are:15400 13000 0 0 0 
Management address(es): 
  IP address: 172.29.124.86

-------------------------
Device ID: ap-5s-ihe
Entry address(es): 
  IP address: 172.29.124.85
  IPv6 address: FE80::C267:AFFF:FE5B:D27  (link-local)
Platform: cisco AIR-CAP3602I-A-K9,  Capabilities: Trans-Bridge Source-Route-Bridge IGMP 
Interface: GigabitEthernet2/0/24,  Port ID (outgoing port): GigabitEthernet0
Holdtime : 144 sec

Version :
Cisco IOS Software, C3600 Software (AP3G2-K9W8-M), Version 15.3(3)JA8, RELEASE SOFTWARE (fc1)
Technical Support: http://www.cisco.com/techsupport
Copyright (c) 1986-2016 by Cisco Systems, Inc.
Compiled Fri 22-Apr-16 05:48 by prod_rel_team

advertisement version: 2
Duplex: full
Power drawn: 15.400 Watts
Power request id: 33470, Power management id: 2
Power request levels are:15400 13000 0 0 0 
Management address(es): 
  IP address: 172.29.124.85

-------------------------
Device ID: 1ST_NT_MDF_SW01.mongeneral.com
Entry address(es): 
  IP address: 172.26.1.3
Platform: cisco WS-C3850-24XS,  Capabilities: Router Switch IGMP 
Interface: TenGigabitEthernet2/0/1,  Port ID (outgoing port): TenGigabitEthernet2/0/7
Holdtime : 149 sec

Version :
Cisco IOS Software, IOS-XE Software, Catalyst L3 Switch Software (CAT3K_CAA-UNIVERSALK9-M), Version 03.07.04E RELEASE SOFTWARE (fc1)
Technical Support: http://www.cisco.com/techsupport
Copyright (c) 1986-2016 by Cisco Systems, Inc.
Compiled Thu 19-May-16 11:48 by prod_rel_team

advertisement version: 2
VTP Management Domain: 'MonGen'
Native VLAN: 666
Duplex: full
Management address(es): 
  IP address: 172.26.1.3

-------------------------
Device ID: 1ST_NT_MDF_SW01.mongeneral.com
Entry address(es): 
  IP address: 172.26.1.3
Platform: cisco WS-C3850-24XS,  Capabilities: Router Switch IGMP 
Interface: TenGigabitEthernet1/0/1,  Port ID (outgoing port): TenGigabitEthernet1/0/7
Holdtime : 170 sec

Version :
Cisco IOS Software, IOS-XE Software, Catalyst L3 Switch Software (CAT3K_CAA-UNIVERSALK9-M), Version 03.07.04E RELEASE SOFTWARE (fc1)
Technical Support: http://www.cisco.com/techsupport
Copyright (c) 1986-2016 by Cisco Systems, Inc.
Compiled Thu 19-May-16 11:48 by prod_rel_team

advertisement version: 2
VTP Management Domain: 'MonGen'
Native VLAN: 666
Duplex: full
Management address(es): 
  IP address: 172.26.1.3

-------------------------
Device ID: ap-5s-142
Entry address(es): 
  IP address: 172.29.124.94
  IPv6 address: FE80::22A:10FF:FED7:D280  (link-local)
Platform: cisco AIR-CAP3702I-B-K9,  Capabilities: Trans-Bridge Source-Route-Bridge IGMP 
Interface: GigabitEthernet1/0/11,  Port ID (outgoing port): GigabitEthernet0
Holdtime : 136 sec

Version :
Cisco IOS Software, C3700 Software (AP3G2-K9W8-M), Version 15.3(3)JA8, RELEASE SOFTWARE (fc1)
Technical Support: http://www.cisco.com/techsupport
Copyright (c) 1986-2016 by Cisco Systems, Inc.
Compiled Fri 22-Apr-16 05:48 by prod_rel_team

advertisement version: 2
Duplex: full
Power drawn: 16.800 Watts
Power request id: 16414, Power management id: 3
Power request levels are:16800 15400 13000 0 0 
Management address(es): 
  IP address: 172.29.124.94

-------------------------
Device ID: ap-5s-153
Entry address(es): 
  IP address: 172.29.124.98
  IPv6 address: FE80::22A:10FF:FEF4:E63C  (link-local)
Platform: cisco AIR-CAP3702I-B-K9,  Capabilities: Trans-Bridge Source-Route-Bridge IGMP 
Interface: GigabitEthernet1/0/21,  Port ID (outgoing port): GigabitEthernet0
Holdtime : 141 sec

Version :
Cisco IOS Software, C3700 Software (AP3G2-K9W8-M), Version 15.3(3)JA8, RELEASE SOFTWARE (fc1)
Technical Support: http://www.cisco.com/techsupport
Copyright (c) 1986-2016 by Cisco Systems, Inc.
Compiled Fri 22-Apr-16 05:48 by prod_rel_team

advertisement version: 2
Duplex: full
Power drawn: 16.800 Watts
Power request id: 11639, Power management id: 2
Power request levels are:16800 15400 13000 0 0 
Management address(es): 
  IP address: 172.29.124.98

-------------------------
Device ID: ap-5s-521
Entry address(es): 
  IP address: 172.29.124.106
  IPv6 address: FE80::C28C:60FF:FE20:7D06  (link-local)
Platform: cisco AIR-CAP3602I-A-K9,  Capabilities: Trans-Bridge Source-Route-Bridge IGMP 
Interface: GigabitEthernet3/0/33,  Port ID (outgoing port): GigabitEthernet0
Holdtime : 156 sec

Version :
Cisco IOS Software, C3600 Software (AP3G2-K9W8-M), Version 15.3(3)JA8, RELEASE SOFTWARE (fc1)
Technical Support: http://www.cisco.com/techsupport
Copyright (c) 1986-2016 by Cisco Systems, Inc.
Compiled Fri 22-Apr-16 05:48 by prod_rel_team

advertisement version: 2
Duplex: full
Power drawn: 15.400 Watts
Power request id: 43821, Power management id: 2
Power request levels are:15400 13000 0 0 0 
Management address(es): 
  IP address: 172.29.124.106

-------------------------
Device ID: ap-5s-143
Entry address(es): 
  IP address: 172.29.124.102
  IPv6 address: FE80::22A:10FF:FEFF:7BDC  (link-local)
Platform: cisco AIR-CAP3702I-B-K9,  Capabilities: Trans-Bridge Source-Route-Bridge IGMP 
Interface: GigabitEthernet3/0/23,  Port ID (outgoing port): GigabitEthernet0
Holdtime : 143 sec

Version :
Cisco IOS Software, C3700 Software (AP3G2-K9W8-M), Version 15.3(3)JA8, RELEASE SOFTWARE (fc1)
Technical Support: http://www.cisco.com/techsupport
Copyright (c) 1986-2016 by Cisco Systems, Inc.
Compiled Fri 22-Apr-16 05:48 by prod_rel_team

advertisement version: 2
Duplex: full
Power drawn: 16.800 Watts
Power request id: 36245, Power management id: 2
Power request levels are:16800 15400 13000 0 0 
Management address(es): 
  IP address: 172.29.124.102

-------------------------
Device ID: ap-5s-152
Entry address(es): 
  IP address: 172.29.124.91
  IPv6 address: FE80::22A:10FF:FEFF:75C8  (link-local)
Platform: cisco AIR-CAP3702I-B-K9,  Capabilities: Trans-Bridge Source-Route-Bridge IGMP 
Interface: GigabitEthernet3/0/19,  Port ID (outgoing port): GigabitEthernet0
Holdtime : 155 sec

Version :
Cisco IOS Software, C3700 Software (AP3G2-K9W8-M), Version 15.3(3)JA8, RELEASE SOFTWARE (fc1)
Technical Support: http://www.cisco.com/techsupport
Copyright (c) 1986-2016 by Cisco Systems, Inc.
Compiled Fri 22-Apr-16 05:48 by prod_rel_team

advertisement version: 2
Duplex: full
Power drawn: 16.800 Watts
Power request id: 35000, Power management id: 2
Power request levels are:16800 15400 13000 0 0 
Management address(es): 
  IP address: 172.29.124.91

-------------------------
Device ID: ap-5s-151
Entry address(es): 
  IP address: 172.29.124.92
  IPv6 address: FE80::22A:10FF:FEF4:E9A0  (link-local)
Platform: cisco AIR-CAP3702I-B-K9,  Capabilities: Trans-Bridge Source-Route-Bridge IGMP 
Interface: GigabitEthernet1/0/6,  Port ID (outgoing port): GigabitEthernet0
Holdtime : 157 sec

Version :
Cisco IOS Software, C3700 Software (AP3G2-K9W8-M), Version 15.3(3)JA8, RELEASE SOFTWARE (fc1)
Technical Support: http://www.cisco.com/techsupport
Copyright (c) 1986-2016 by Cisco Systems, Inc.
Compiled Fri 22-Apr-16 05:48 by prod_rel_team

advertisement version: 2
Duplex: full
Power drawn: 16.800 Watts
Power request id: 73, Power management id: 2
Power request levels are:16800 15400 13000 0 0 
Management address(es): 
  IP address: 172.29.124.92

-------------------------
Device ID: ap-5s-533
Entry address(es): 
  IP address: 172.29.124.77
  IPv6 address: FE80::C267:AFFF:FE5B:DCF  (link-local)
Platform: cisco AIR-CAP3602I-A-K9,  Capabilities: Trans-Bridge Source-Route-Bridge IGMP 
Interface: GigabitEthernet3/0/39,  Port ID (outgoing port): GigabitEthernet0
Holdtime : 141 sec

Version :
Cisco IOS Software, C3600 Software (AP3G2-K9W8-M), Version 15.3(3)JA8, RELEASE SOFTWARE (fc1)
Technical Support: http://www.cisco.com/techsupport
Copyright (c) 1986-2016 by Cisco Systems, Inc.
Compiled Fri 22-Apr-16 05:48 by prod_rel_team

advertisement version: 2
Duplex: full
Power drawn: 15.400 Watts
Power request id: 18033, Power management id: 2
Power request levels are:15400 13000 0 0 0 
Management address(es): 
  IP address: 172.29.124.77

-------------------------
Device ID: ap-5s-150
Entry address(es): 
  IP address: 172.29.124.88
  IPv6 address: FE80::22A:10FF:FEF4:EA7C  (link-local)
Platform: cisco AIR-CAP3702I-B-K9,  Capabilities: Trans-Bridge Source-Route-Bridge IGMP 
Interface: GigabitEthernet3/0/27,  Port ID (outgoing port): GigabitEthernet0
Holdtime : 169 sec

Version :
Cisco IOS Software, C3700 Software (AP3G2-K9W8-M), Version 15.3(3)JA8, RELEASE SOFTWARE (fc1)
Technical Support: http://www.cisco.com/techsupport
Copyright (c) 1986-2016 by Cisco Systems, Inc.
Compiled Fri 22-Apr-16 05:48 by prod_rel_team

advertisement version: 2
Duplex: full
Power drawn: 16.800 Watts
Power request id: 28676, Power management id: 2
Power request levels are:16800 15400 13000 0 0 
Management address(es): 
  IP address: 172.29.124.88

-------------------------
Device ID: ap-5s-501
Entry address(es): 
  IP address: 172.29.124.84
  IPv6 address: FE80::C267:AFFF:FE5B:D80  (link-local)
Platform: cisco AIR-CAP3602I-A-K9,  Capabilities: Trans-Bridge Source-Route-Bridge IGMP 
Interface: GigabitEthernet2/0/20,  Port ID (outgoing port): GigabitEthernet0
Holdtime : 140 sec

Version :
Cisco IOS Software, C3600 Software (AP3G2-K9W8-M), Version 15.3(3)JA8, RELEASE SOFTWARE (fc1)
Technical Support: http://www.cisco.com/techsupport
Copyright (c) 1986-2016 by Cisco Systems, Inc.
Compiled Fri 22-Apr-16 05:48 by prod_rel_team

advertisement version: 2
Duplex: full
Power drawn: 15.400 Watts
Power request id: 54882, Power management id: 2
Power request levels are:15400 13000 0 0 0 
Management address(es): 
  IP address: 172.29.124.84

-------------------------
Device ID: ap-5s-524
Entry address(es): 
  IP address: 172.29.124.87
  IPv6 address: FE80::C267:AFFF:FE5B:D31  (link-local)
Platform: cisco AIR-CAP3602I-A-K9,  Capabilities: Trans-Bridge Source-Route-Bridge IGMP 
Interface: GigabitEthernet3/0/45,  Port ID (outgoing port): GigabitEthernet0
Holdtime : 151 sec

Version :
Cisco IOS Software, C3600 Software (AP3G2-K9W8-M), Version 15.3(3)JA8, RELEASE SOFTWARE (fc1)
Technical Support: http://www.cisco.com/techsupport
Copyright (c) 1986-2016 by Cisco Systems, Inc.
Compiled Fri 22-Apr-16 05:48 by prod_rel_team

advertisement version: 2
Duplex: full
Power drawn: 15.400 Watts
Power request id: 52505, Power management id: 3
Power request levels are:15400 13000 0 0 0 
Management address(es): 
  IP address: 172.29.124.87

-------------------------
Device ID: ap-5s-157
Entry address(es): 
  IP address: 172.29.124.96
  IPv6 address: FE80::22A:10FF:FEEE:20C8  (link-local)
Platform: cisco AIR-CAP3702I-B-K9,  Capabilities: Trans-Bridge Source-Route-Bridge IGMP 
Interface: GigabitEthernet1/0/17,  Port ID (outgoing port): GigabitEthernet0
Holdtime : 152 sec

Version :
Cisco IOS Software, C3700 Software (AP3G2-K9W8-M), Version 15.3(3)JA8, RELEASE SOFTWARE (fc1)
Technical Support: http://www.cisco.com/techsupport
Copyright (c) 1986-2016 by Cisco Systems, Inc.
Compiled Fri 22-Apr-16 05:48 by prod_rel_team

advertisement version: 2
Duplex: full
Power drawn: 16.800 Watts
Power request id: 18384, Power management id: 2
Power request levels are:16800 15400 13000 0 0 
Management address(es): 
  IP address: 172.29.124.96

-------------------------
Device ID: ap-5s-146
Entry address(es): 
  IP address: 172.29.124.107
  IPv6 address: FE80::22A:10FF:FEFF:7D7C  (link-local)
Platform: cisco AIR-CAP3702I-B-K9,  Capabilities: Trans-Bridge Source-Route-Bridge IGMP 
Interface: GigabitEthernet3/0/31,  Port ID (outgoing port): GigabitEthernet0
Holdtime : 157 sec

Version :
Cisco IOS Software, C3700 Software (AP3G2-K9W8-M), Version 15.3(3)JA8, RELEASE SOFTWARE (fc1)
Technical Support: http://www.cisco.com/techsupport
Copyright (c) 1986-2016 by Cisco Systems, Inc.
Compiled Fri 22-Apr-16 05:48 by prod_rel_team

advertisement version: 2
Duplex: full
Power drawn: 16.800 Watts
Power request id: 9531, Power management id: 2
Power request levels are:16800 15400 13000 0 0 
Management address(es): 
  IP address: 172.29.124.107

-------------------------
Device ID: ap-5s-147
Entry address(es): 
  IP address: 172.29.124.99
  IPv6 address: FE80::22A:10FF:FEF2:2B5C  (link-local)
Platform: cisco AIR-CAP3702I-B-K9,  Capabilities: Trans-Bridge Source-Route-Bridge IGMP 
Interface: GigabitEthernet1/0/28,  Port ID (outgoing port): GigabitEthernet0
Holdtime : 167 sec

Version :
Cisco IOS Software, C3700 Software (AP3G2-K9W8-M), Version 15.3(3)JA8, RELEASE SOFTWARE (fc1)
Technical Support: http://www.cisco.com/techsupport
Copyright (c) 1986-2016 by Cisco Systems, Inc.
Compiled Fri 22-Apr-16 05:48 by prod_rel_team

advertisement version: 2
Duplex: full
Power drawn: 16.800 Watts
Power request id: 17039, Power management id: 3
Power request levels are:16800 15400 13000 0 0 
Management address(es): 
  IP address: 172.29.124.99

-------------------------
Device ID: ap-5s-156
Entry address(es): 
  IP address: 172.29.124.80
  IPv6 address: FE80::22A:10FF:FEF2:2AA8  (link-local)
Platform: cisco AIR-CAP3702I-B-K9,  Capabilities: Trans-Bridge Source-Route-Bridge IGMP 
Interface: GigabitEthernet1/0/3,  Port ID (outgoing port): GigabitEthernet0
Holdtime : 151 sec

Version :
Cisco IOS Software, C3700 Software (AP3G2-K9W8-M), Version 15.3(3)JA8, RELEASE SOFTWARE (fc1)
Technical Support: http://www.cisco.com/techsupport
Copyright (c) 1986-2016 by Cisco Systems, Inc.
Compiled Fri 22-Apr-16 05:48 by prod_rel_team

advertisement version: 2
Duplex: full
Power drawn: 16.800 Watts
Power request id: 53471, Power management id: 2
Power request levels are:16800 15400 13000 0 0 
Management address(es): 
  IP address: 172.29.124.80

-------------------------
Device ID: ap-5s-515
Entry address(es): 
  IP address: 172.29.124.59
  IPv6 address: FE80::C267:AFFF:FE5B:D4B  (link-local)
Platform: cisco AIR-CAP3602I-A-K9,  Capabilities: Trans-Bridge Source-Route-Bridge IGMP 
Interface: GigabitEthernet3/0/43,  Port ID (outgoing port): GigabitEthernet0
Holdtime : 159 sec

Version :
Cisco IOS Software, C3600 Software (AP3G2-K9W8-M), Version 15.3(3)JA8, RELEASE SOFTWARE (fc1)
Technical Support: http://www.cisco.com/techsupport
Copyright (c) 1986-2016 by Cisco Systems, Inc.
Compiled Fri 22-Apr-16 05:48 by prod_rel_team

advertisement version: 2
Duplex: full
Power drawn: 15.400 Watts
Power request id: 5386, Power management id: 3
Power request levels are:15400 13000 0 0 0 
Management address(es): 
  IP address: 172.29.124.59

-------------------------
Device ID: ap-5s-144
Entry address(es): 
  IP address: 172.29.124.103
  IPv6 address: FE80::22A:10FF:FEEB:D344  (link-local)
Platform: cisco AIR-CAP3702I-B-K9,  Capabilities: Trans-Bridge Source-Route-Bridge IGMP 
Interface: GigabitEthernet3/0/25,  Port ID (outgoing port): GigabitEthernet0
Holdtime : 155 sec

Version :
Cisco IOS Software, C3700 Software (AP3G2-K9W8-M), Version 15.3(3)JA8, RELEASE SOFTWARE (fc1)
Technical Support: http://www.cisco.com/techsupport
Copyright (c) 1986-2016 by Cisco Systems, Inc.
Compiled Fri 22-Apr-16 05:48 by prod_rel_team

advertisement version: 2
Duplex: full
Power drawn: 16.800 Watts
Power request id: 42823, Power management id: 3
Power request levels are:16800 15400 13000 0 0 
Management address(es): 
  IP address: 172.29.124.103

-------------------------
Device ID: ap-5s-155
Entry address(es): 
  IP address: 172.29.124.93
  IPv6 address: FE80::22A:10FF
DEBUG:netmiko:read_channel: :FEEA:44F4  (link-local)
Platform: cisco AIR-CAP3702I-B-K9,  Capabilities: Trans-Bridge Source-Route-Bridge IGMP 
Interface: GigabitEthernet1/0/10,  Port ID (outgoing port): GigabitEthernet0
Holdtime : 163 sec

Version :
Cisco IOS Software, C3700 Software (AP3G2-K9W8-M), Version 15.3(3)JA8, RELEASE SOFTWARE (fc1)
Technical Support: http://www.cisco.com/techsupport
Copyright (c) 1986-2016 by Cisco Systems, Inc.
Compiled Fri 22-Apr-16 05:48 by prod_rel_team

advertisement version: 2
Duplex: full
Power drawn: 16.800 Watts
Power request id: 4155, Power management id: 2
Power request levels are:16800 15400 13000 0 0 
Management address(es): 
  IP address: 172.29.124.93

-------------------------
Device ID: ap-5s-154
Entry address(es): 
  IP address: 172.29.124.81
  IPv6 address: FE80::22A:10FF:FEEB:D2BC  (link-local)
Platform: cisco AIR-CAP3702I-B-K9,  Capabilities: Trans-Bridge Source-Route-Bridge IGMP 
Interface: GigabitEthernet3/0/29,  Port ID (outgoing port): GigabitEthernet0
Holdtime : 160 sec

Version :
Cisco IOS Software, C3700 Software (AP3G2-K9W8-M), Version 15.3(3)JA8, RELEASE SOFTWARE (fc1)
Technical Support: http://www.cisco.com/techsupport
Copyright (c) 1986-2016 by Cisco Systems, Inc.
Compiled Fri 22-Apr-16 05:48 by prod_rel_team

advertisement version: 2
Duplex: full
Power drawn: 16.800 Watts
Power request id: 17727, Power management id: 2
Power request levels are:16800 15400 13000 0 0 
Management address(es): 
  IP address: 172.29.124.81

-------------------------
Device ID: ap-5s-145
Entry address(es): 
  IP address: 172.29.124.90
  IPv6 address: FE80::22A:10FF:FEEB:D458  (link-local)
Platform: cisco AIR-CAP3702I-B-K9,  Capabilities: Trans-Bridge Source-Route-Bridge IGMP 
Interface: GigabitEthernet3/0/21,  Port ID (outgoing port): GigabitEthernet0
Holdtime : 155 sec

Version :
Cisco IOS Software, C3700 Software (AP3G2-K9W8-M), Version 15.3(3)JA8, RELEASE SOFTWARE (fc1)
Technical Support: http://www.cisco.com/techsupport
Copyright (c) 1986-2016 by Cisco Systems, Inc.
Compiled Fri 22-Apr-16 05:48 by prod_rel_team

advertisement version: 2
Duplex: full
Power drawn: 16.800 Watts
Power request id: 52029, Power management id: 2
Power request levels are:16800 15400 13000 0 0 
Management address(es): 
  IP address: 172.29.124.90

-------------------------
Device ID: ap-5s-505
Entry address(es): 
  IP address: 172.29.124.89
  IPv6 address: FE80::C28C:60FF:FE20:7CEB  (link-local)
Platform: cisco AIR-CAP3602I-A-K9,  Capabilities: Trans-Bridge Source-Route-Bridge IGMP 
Interface: GigabitEthernet3/0/41,  Port ID (outgoing port): GigabitEthernet0
Holdtime : 138 sec

Version :
Cisco IOS Software, C3600 Software (AP3G2-K9W8-M), Version 15.3(3)JA8, RELEASE SOFTWARE (fc1)
Technical Support: http://www.cisco.com/techsupport
Copyright (c) 1986-2016 by Cisco Systems, Inc.
Compiled Fri 22-Apr-16 05:48 by prod_rel_team

advertisement version: 2
Duplex: full
Power drawn: 15.400 Watts
Power request id: 43007, Power management id: 2
Power request levels are:15400 13000 0 0 0 
Management address(es): 
  IP address: 172.29.124.89

-------------------------
Device ID: ap-5s-527
Entry address(es): 
  IP address: 172.29.124.83
  IPv6 address: FE80::C28C:60FF:FE20:7D2B  (link-local)
Platform: cisco AIR-CAP3602I-A-K9,  Capabilities: Trans-Bridge Source-Route-Bridge IGMP 
Interface: GigabitEthernet2/0/16,  Port ID (outgoing port): GigabitEthernet0
Holdtime : 148 sec

Version :
Cisco IOS Software, C3600 Software (AP3G2-K9W8-M), Version 15.3(3)JA8, RELEASE SOFTWARE (fc1)
Technical Support: http://www.cisco.com/techsupport
Copyright (c) 1986-2016 by Cisco Systems, Inc.
Compiled Fri 22-Apr-16 05:48 by prod_rel_team

advertisement version: 2
Duplex: full
Power drawn: 15.400 Watts
Power request id: 16360, Power management id: 2
Power request levels are:15400 13000 0 0 0 
Management address(es): 
  IP address: 172.29.124.83

-------------------------
Device ID: ap-5s-148
Entry address(es): 
  IP address: 172.29.124.54
  IPv6 address: FE80::22A:10FF:FEEB:CF9C  (link-local)
Platform: cisco AIR-CAP3702I-B-K9,  Capabilities: Trans-Bridge Source-Route-Bridge IGMP 
Interface: GigabitEthernet1/0/4,  Port ID (outgoing port): GigabitEthernet0
Holdtime : 145 sec

Version :
Cisco IOS Software, C3700 Software (AP3G2-K9W8-M), Version 15.3(3)JA8, RELEASE SOFTWARE (fc1)
Technical Support: http://www.cisco.com/techsupport
Copyright (c) 1986-2016 by Cisco Systems, Inc.
Compiled Fri 22-Apr-16 05:48 by prod_rel_team

advertisement version: 2
Duplex: full
Power drawn: 16.800 Watts
Power request id: 25693, Power management id: 2
Power request levels are:16800 15400 13000 0 0 
Management address(es): 
  IP address: 172.29.124.54

-------------------------
Device ID: ap-5s-149
Entry address(es): 
  IP address: 172.29.124.97
  IPv6 address: FE80::22A:10FF:FEEB:D438  (link-local)
Platform: cisco AIR-CAP3702I-B-K9,  Capabilities: Trans-Bridge Source-Route-Bridge IGMP 
Interface: GigabitEthernet1/0/19,  Port ID (outgoing port): GigabitEthernet0
Holdtime : 131 sec

Version :
Cisco IOS Software, C3700 Software (AP3G2-K9W8-M), Version 15.3(3)JA8, RELEASE SOFTWARE (fc1)
Technical Support: http://www.cisco.com/techsupport
Copyright (c) 1986-2016 by Cisco Systems, Inc.
Compiled Fri 22-Apr-16 05:48 by prod_rel_team

advertisement version: 2
Duplex: full
Power drawn: 16.800 Watts
Power request id: 33641, Power management id: 2
Power request levels are:16800 15400 13000 0 0 
Management address(es): 
  IP address: 172.29.124.97

-------------------------
Device ID: ap-5s-158
Entry address(es): 
  IP address: 172.29.124.95
  IPv6 address: FE80::22A:10FF:FEA8:AFE4  (link-local)
Platform: cisco AIR-CAP3702I-B-K9,  Capabilities: Trans-Bridge Source-Route-Bridge IGMP 
Interface: GigabitEthernet1/0/16,  Port ID (outgoing port): GigabitEthernet0
Holdtime : 141 sec

Version :
Cisco IOS Software, C3700 Software (AP3G2-K9W8-M), Version 15.3(3)JA8, RELEASE SOFTWARE (fc1)
Technical Support: http://www.cisco.com/techsupport
Copyright (c) 1986-2016 by Cisco Systems, Inc.
Compiled Fri 22-Apr-16 05:48 by prod_rel_team

advertisement version: 2
Duplex: full
Power drawn: 16.800 Watts
Power request id: 65406, Power management id: 2
Power request levels are:16800 15400 13000 0 0 
Management address(es): 
  IP address: 172.29.124.95

-------------------------
Device ID: ap-5s-509
Entry address(es): 
  IP address: 172.29.124.82
  IPv6 address: FE80::C28C:60FF:FE20:7CD9  (link-local)
Platform: cisco AIR-CAP3602I-A-K9,  Capabilities: Trans-Bridge Source-Route-Bridge IGMP 
Interface: GigabitEthernet2/0/4,  Port ID (outgoing port): GigabitEthernet0
Holdtime : 157 sec

Version :
Cisco IOS Software, C3600 Software (AP3G2-K9W8-M), Version 15.3(3)JA8, RELEASE SOFTWARE (fc1)
Technical Support: http://www.cisco.com/techsupport
Copyright (c) 1986-2016 by Cisco Systems, Inc.
Compiled Fri 22-Apr-16 05:48 by prod_rel_team

advertisement version: 2
Duplex: full
Power drawn: 15.400 Watts
Power request id: 32730, Power management id: 2
Power request levels are:15400 13000 0 0 0 
Management address(es): 
  IP address: 172.29.124.82


Total cdp entries displayed : 29
5th_st_sw01#
DEBUG:netmiko:write_channel: b'\n'
DEBUG:netmiko:read_channel: 
5th_st_sw01#
DEBUG:netmiko:read_channel: 
DEBUG:netmiko:read_channel: 
DEBUG:netmiko:write_channel: b'exit\n'
DEBUG:paramiko.transport:EOF in transport thread
DEBUG:paramiko.transport:starting thread (client mode): 0x5a9f7fa0
DEBUG:paramiko.transport:Local version/idstring: SSH-2.0-paramiko_2.7.1
DEBUG:paramiko.transport:Remote version/idstring: SSH-2.0-Cisco-1.25
INFO:paramiko.transport:Connected (version 2.0, client Cisco-1.25)
DEBUG:paramiko.transport:kex algos:['diffie-hellman-group-exchange-sha1', 'diffie-hellman-group14-sha1', 'diffie-hellman-group1-sha1'] server key:['ssh-rsa'] client encrypt:['aes128-ctr', 'aes192-ctr', 'aes256-ctr', 'aes128-cbc', '3des-cbc', 'aes192-cbc', 'aes256-cbc'] server encrypt:['aes128-ctr', 'aes192-ctr', 'aes256-ctr', 'aes128-cbc', '3des-cbc', 'aes192-cbc', 'aes256-cbc'] client mac:['hmac-sha1', 'hmac-sha1-96'] server mac:['hmac-sha1', 'hmac-sha1-96'] client compress:['none'] server compress:['none'] client lang:[''] server lang:[''] kex follows?False
DEBUG:paramiko.transport:Kex agreed: diffie-hellman-group-exchange-sha1
DEBUG:paramiko.transport:HostKey agreed: ssh-rsa
DEBUG:paramiko.transport:Cipher agreed: aes128-ctr
DEBUG:paramiko.transport:MAC agreed: hmac-sha1
DEBUG:paramiko.transport:Compression agreed: none
DEBUG:paramiko.transport:Got server p (2048 bits)
DEBUG:paramiko.transport:kex engine KexGex specified hash_algo <built-in function openssl_sha1>
DEBUG:paramiko.transport:Switch to new keys ...
DEBUG:paramiko.transport:Adding ssh-rsa host key for 4th_st_sw01: b'612d5acacd170b25169de570abfd04b1'
DEBUG:paramiko.transport:userauth is OK
INFO:paramiko.transport:Authentication (password) successful!
DEBUG:paramiko.transport:[chan 0] Max packet in: 32768 bytes
DEBUG:paramiko.transport:[chan 0] Max packet out: 4096 bytes
DEBUG:paramiko.transport:Secsh channel 0 opened.
DEBUG:paramiko.transport:[chan 0] Sesch channel 0 request ok
DEBUG:paramiko.transport:[chan 0] Sesch channel 0 request ok
DEBUG:netmiko:read_channel: C
------------------------------------------------------------------------------------
WARNING:


This system is for the use of authorized clients only. Individuals using the
computer network system without authorization, or in excess of their authorization,
are subject to having all their activity on this computer network system monitored
and recorded by system personnel.  To protect the computer network system from
unauthorized use and to ensure the computer network system is functioning properly,
system administrators monitor this system.  Anyone using this computer network
system expressly consents to such monitoring and is advised that if such monitoring
reveals possible conduct of criminal activity, system personnel may provide the
evidence of such activity to law enforcement officers.

Access is restricted to authorized users only.

Unauthorized access is a violation of state and federal, civil and criminal laws.
------------------------------------------------------------------------------------

4th_st_sw01>
DEBUG:netmiko:read_channel: 
DEBUG:netmiko:read_channel: 
DEBUG:netmiko:read_channel: 
DEBUG:netmiko:write_channel: b'\n'
DEBUG:netmiko:read_channel: 
4th_st_sw01>
DEBUG:netmiko:read_channel: 
DEBUG:netmiko:[find_prompt()]: prompt is 4th_st_sw01>
DEBUG:netmiko:read_channel: 
DEBUG:netmiko:In disable_paging
DEBUG:netmiko:Command: terminal length 0

DEBUG:netmiko:write_channel: b'terminal length 0\n'
DEBUG:netmiko:Pattern is: terminal\ length\ 0
DEBUG:netmiko:_read_channel_expect read_data: t
DEBUG:netmiko:_read_channel_expect read_data: erminal length 0
4th_st_sw01>
DEBUG:netmiko:Pattern found: terminal\ length\ 0 terminal length 0
4th_st_sw01>
DEBUG:netmiko:terminal length 0
4th_st_sw01>
DEBUG:netmiko:Exiting disable_paging
DEBUG:netmiko:write_channel: b'terminal width 511\n'
DEBUG:netmiko:Pattern is: terminal\ width\ 511
DEBUG:netmiko:_read_channel_expect read_data: t
DEBUG:netmiko:_read_channel_expect read_data: erminal width 511
4th_st_sw01>
DEBUG:netmiko:Pattern found: terminal\ width\ 511 terminal width 511
4th_st_sw01>
DEBUG:netmiko:read_channel: 
DEBUG:netmiko:write_channel: b'\n'
DEBUG:netmiko:Pattern is: 4th_st_sw01
DEBUG:netmiko:_read_channel_expect read_data: 

DEBUG:netmiko:_read_channel_expect read_data: 4th_st_sw01>
DEBUG:netmiko:Pattern found: 4th_st_sw01 
4th_st_sw01>
DEBUG:netmiko:write_channel: b'enable\n'
DEBUG:netmiko:Pattern is: (4th_st_sw01|ssword)
DEBUG:netmiko:_read_channel_expect read_data: e
DEBUG:netmiko:_read_channel_expect read_data: nable
Password: 
DEBUG:netmiko:Pattern found: (4th_st_sw01|ssword) enable
Password: 
DEBUG:netmiko:write_channel: b'change-mgh\n'
DEBUG:netmiko:Pattern is: 4th_st_sw01
DEBUG:netmiko:_read_channel_expect read_data: 
4th_st_sw01#
DEBUG:netmiko:Pattern found: 4th_st_sw01 
4th_st_sw01#
DEBUG:netmiko:write_channel: b'\n'
DEBUG:netmiko:Pattern is: 4th_st_sw01
DEBUG:netmiko:_read_channel_expect read_data: 

DEBUG:netmiko:_read_channel_expect read_data: 4th_st_sw01#
DEBUG:netmiko:Pattern found: 4th_st_sw01 
4th_st_sw01#
DEBUG:netmiko:read_channel: 
DEBUG:netmiko:write_channel: b'\n'
DEBUG:netmiko:read_channel: 
4th_st_sw01#
DEBUG:netmiko:read_channel: 
DEBUG:netmiko:[find_prompt()]: prompt is 4th_st_sw01#
DEBUG:netmiko:read_channel: 
DEBUG:netmiko:write_channel: b'sh cdp nei det\n'
DEBUG:netmiko:Pattern is: sh\ cdp\ nei\ det
DEBUG:netmiko:_read_channel_expect read_data: s
DEBUG:netmiko:_read_channel_expect read_data: h cdp nei det
-------------------------
Device ID: ap-4s-ihw
Entry address(es): 
  IP address: 172.29.120.73
  IPv6 address: FE80::FA72:EAFF:FED0:147A  (link-local)
Platform: cisco AIR-CAP3602I-A-K9,  Capabilities: Trans-Bridge Source-Route-Bridge IGMP 
Interface: GigabitEthernet4/0/46,  Port ID (outgoing port): GigabitEthernet0
Holdtime : 133 sec

Version :
Cisco IOS Software, C3600 Software (AP3G2-K9W8-M), Version 15.3(3)JA8, RELEASE SOFTWARE (fc1)
Technical Support: http://www.cisco.com/techsupport
Copyright (c) 1986-2016 by Cisco Systems, Inc.
Compiled Fri 22-Apr-16 05:48 by prod_rel_team

advertisement version: 2
Duplex: full
Power drawn: 15.400 Watts
Power request id: 30649, Power management id: 2
Power request levels are:15400 13000 0 0 0 
Management address(es): 
  IP address: 172.29.120.73

-------------------------
Device ID: ap-4s-ihe
Entry address(es): 
  IP address: 172.29.120.83
  IPv6 address: FE80::C267:AFFF:FE5B:C29  (link-local)
Platform: cisco AIR-CAP3602I-A-K9,  Capabilities: Trans-Bridge Source-Route-Bridge IGMP 
Interface: GigabitEthernet3/0/11,  Port ID (outgoing port): GigabitEthernet0
Holdtime : 124 sec

Version :
Cisco IOS Software, C3600 Software (AP3G2-K9W8-M), Version 15.3(3)JA8, RELEASE SOFTWARE (fc1)
Technical Support: http://www.cisco.com/techsupport
Copyright (c) 1986-2016 by Cisco Systems, Inc.
Compiled Fri 22-Apr-16 05:48 by prod_rel_team

advertisement version: 2
Duplex: full
Power drawn: 15.400 Watts
Power request id: 30871, Power management id: 2
Power request levels are:15400 13000 0 0 0 
Management address(es): 
  IP address: 172.29.120.83

-------------------------
Device ID: 1ST_NT_MDF_SW01.mongeneral.com
Entry address(es): 
  IP address: 172.26.1.3
Platform: cisco WS-C3850-24XS,  Capabilities: Router Switch IGMP 
Interface: TenGigabitEthernet2/0/1,  Port ID (outgoing port): TenGigabitEthernet2/0/6
Holdtime : 129 sec

Version :
Cisco IOS Software, IOS-XE Software, Catalyst L3 Switch Software (CAT3K_CAA-UNIVERSALK9-M), Version 03.07.04E RELEASE SOFTWARE (fc1)
Technical Support: http://www.cisco.com/techsupport
Copyright (c) 1986-2016 by Cisco Systems, Inc.
Compiled Thu 19-May-16 11:48 by prod_rel_team

advertisement version: 2
VTP Management Domain: 'MonGen'
Native VLAN: 666
Duplex: full
Management address(es): 
  IP address: 172.26.1.3

-------------------------
Device ID: 1ST_NT_MDF_SW01.mongeneral.com
Entry address(es): 
  IP address: 172.26.1.3
Platform: cisco WS-C3850-24XS,  Capabilities: Router Switch IGMP 
Interface: TenGigabitEthernet1/0/1,  Port ID (outgoing port): TenGigabitEthernet1/0/6
Holdtime : 164 sec

Version :
Cisco IOS Software, IOS-XE Software, Catalyst L3 Switch Software (CAT3K_CAA-UNIVERSALK9-M), Version 03.07.04E RELEASE SOFTWARE (fc1)
Technical Support: http://www.cisco.com/techsupport
Copyright (c) 1986-2016 by Cisco Systems, Inc.
Compiled Thu 19-May-16 11:48 by prod_rel_team

advertisement version: 2
VTP Management Domain: 'MonGen'
Native VLAN: 666
Duplex: full
Management address(es): 
  IP address: 172.26.1.3

-------------------------
Device ID: ap-4s-421
Entry address(es): 
  IP address: 172.29.120.77
  IPv6 address: FE80::C28C:60FF:FE20:7CA7  (link-local)
Platform: cisco AIR-CAP3602I-A-K9,  Capabilities: Trans-Bridge Source-Route-Bridge IGMP 
Interface: GigabitEthernet2/0/26,  Port ID (outgoing port): GigabitEthernet0
Holdtime : 157 sec

Version :
Cisco IOS Software, C3600 Software (AP3G2-K9W8-M), Version 15.3(3)JA8, RELEASE SOFTWARE (fc1)
Technical Support: http://www.cisco.com/techsupport
Copyright (c) 1986-2016 by Cisco Systems, Inc.
Compiled Fri 22-Apr-16 05:48 by prod_rel_team

advertisement version: 2
Duplex: full
Power drawn: 15.400 Watts
Power request id: 19304, Power management id: 2
Power request levels are:15400 13000 0 0 0 
Management address(es): 
  IP address: 172.29.120.77

-------------------------
Device ID: ap-4s-433
Entry address(es): 
  IP address: 172.29.120.74
  IPv6 address: FE80::C267:AFFF:FE5B:D50  (link-local)
Platform: cisco AIR-CAP3602I-A-K9,  Capabilities: Trans-Bridge Source-Route-Bridge IGMP 
Interface: GigabitEthernet4/0/44,  Port ID (outgoing port): GigabitEthernet0
Holdtime : 160 sec

Version :
Cisco IOS Software, C3600 Software (AP3G2-K9W8-M), Version 15.3(3)JA8, RELEASE SOFTWARE (fc1)
Technical Support: http://www.cisco.com/techsupport
Copyright (c) 1986-2016 by Cisco Systems, Inc.
Compiled Fri 22-Apr-16 05:48 by prod_rel_team

advertisement version: 2
Duplex: full
Power drawn: 15.400 Watts
Power request id: 30964, Power management id: 2
Power request levels are:15400 13000 0 0 0 
Management address(es): 
  IP address: 172.29.120.74

-------------------------
Device ID: ap-4s-401
Entry address(es): 
  IP address: 172.29.120.80
  IPv6 address: FE80::C267:AFFF:FE5B:D6F  (link-local)
Platform: cisco AIR-CAP3602I-A-K9,  Capabilities: Trans-Bridge Source-Route-Bridge IGMP 
Interface: GigabitEthernet3/0/9,  Port ID (outgoing port): GigabitEthernet0
Holdtime : 179 sec

Version :
Cisco IOS Software, C3600 Software (AP3G2-K9W8-M), Version 15.3(3)JA8, RELEASE SOFTWARE (fc1)
Technical Support: http://www.cisco.com/techsupport
Copyright (c) 1986-2016 by Cisco Systems, Inc.
Compiled Fri 22-Apr-16 05:48 by prod_rel_team

advertisement version: 2
Duplex: full
Power drawn: 15.400 Watts
Power request id: 22355, Power management id: 2
Power request levels are:15400 13000 0 0 0 
Management address(es): 
  IP address: 172.29.120.80

-------------------------
Device ID: ap-4s-424
Entry address(es): 
  IP address: 172.29.120.75
  IPv6 address: FE80::C267:AFFF:FE5B:E01  (link-local)
Platform: cisco AIR-CAP3602I-A-K9,  Capabilities: Trans-Bridge Source-Route-Bridge IGMP 
Interface: GigabitEthernet4/0/42,  Port ID (outgoing port): GigabitEthernet0
Holdtime : 147 sec

Version :
Cisco IOS Software, C3600 Software (AP3G2-K9W8-M), Version 15.3(3)JA8, RELEASE SOFTWARE (fc1)
Technical Support: http://www.cisco.com/techsupport
Copyright (c) 1986-2016 by Cisco Systems, Inc.
Compiled Fri 22-Apr-16 05:48 by prod_rel_team

advertisement version: 2
Duplex: full
Power drawn: 15.400 Watts
Power request id: 55643, Power management id: 2
Power request levels are:15400 13000 0 0 0 
Management address(es): 
  IP address: 172.29.120.75

-------------------------
Device ID: ap-4s-415
Entry address(es): 
  IP address: 172.29.120.72
  IPv6 address: FE80::C267:AFFF:FE5B:D55  (link-local)
Platform: cisco AIR-CAP3602I-A-K9,  Capabilities: Trans-Bridge Source-Route-Bridge IGMP 
Interface: GigabitEthernet4/0/48,  Port ID (outgoing port): GigabitEthernet0
Holdtime : 136 sec

Version :
Cisco IOS Software, C3600 Software (AP3G2-K9W8-M), Version 15.3(3)JA8, RELEASE SOFTWARE (fc1)
Technical Support: http://www.cisco.com/techsupport
Copyright (c) 1986-2016 by Cisco Systems, Inc.
Compiled Fri 22-Apr-16 05:48 by prod_rel_team

advertisement version: 2
Duplex: full
Power drawn: 15.400 Watts
Power request id: 41300, Power management id: 2
Power request levels are:15400 13000 0 0 0 
Management address(es): 
  IP address: 172.29.120.72

-------------------------
Device ID: ap-4s-189
Entry address(es): 
  IP address: 172.29.120.60
  IPv6 address: FE80::863D:C6FF:FEC5:8988  (link-local)
Platform: cisco AIR-CAP3702I-B-K9,  Capabilities: Trans-Bridge Source-Route-Bridge IGMP 
Interface: GigabitEthernet4/0/24,  Port ID (outgoing port): GigabitEthernet0
Holdtime : 171 sec

Version :
Cisco IOS Software, C3700 Software (AP3G2-K9W8-M), Version 15.3(3)JA8, RELEASE SOFTWARE (fc1)
Technical Support: http://www.cisco.com/techsupport
Copyright (c) 1986-2016 by Cisco Systems, Inc.
Compiled Fri 22-Apr-16 05:48 by prod_rel_team

advertisement version: 2
Duplex: full
Power drawn: 16.800 Watts
Power request id: 62357, Power management id: 2
Power request levels are:16800 15400 13000 0 0 
Management address(es): 
  IP address: 172.29.120.60

-------------------------
Device ID: ap-4s-427
Entry address(es): 
  IP address: 172.29.120.57
  IPv6 address: FE80::C28C:60FF:FE20:7CFA  (link-local)
Platform: cisco AIR-CAP3602I-A-K9,  Capabilities: Trans-Bridge Source-Route-Bridge IGMP 
Interface: GigabitEthernet2/0/36,  Port ID (outgoing port): GigabitEthernet0
Holdtime : 127 sec

Version :
Cisco IOS Software, C3600 Software (AP3G2-K9W8-M), Version 15.3(3)JA8, RELEASE SOFTWARE (fc1)
Technical Support: http://www.cisco.com/techsupport
Copyright (c) 1986-2016 by Cisco Systems, Inc.
Compiled Fri 22-Apr-16 05:48 by prod_rel_team

advertisement version: 2
Duplex: full
Power drawn: 15.400 Watts
Power request id: 40945, Power management id: 2
Power request levels are:15400 13000 0 0 0 
Management address(es): 
  IP address: 172.29.120.57

-------------------------
Device ID: ap-4s-405
Entry address(es): 
  IP address: 172.29.120.78
  IPv6 address: FE80::C267:AFFF:FE28:C291  (link-local)
Platform: cisco AIR-CAP3602I-A-K9,  Capabilities: Trans-Bridge Source-Route-Bridge IGMP 
Interface: GigabitEthernet4/0/40,  Port ID (outgoing port): GigabitEthernet0
Holdtime : 166 sec

Version :
Cisco IOS Software, C3600 Software (AP3G2-K9W8-M), Version 15.3(3)JA8, RELEASE SOFTWARE (fc1)
Technical Support: http://www.cisco.com/techsupport
Copyright (c) 1986-2016 by Cisco Systems, Inc.
Compiled Fri 22-Apr-16 05:48 by prod_rel_team

advertisement version: 2
Duplex: full
Power drawn: 15.400 Watts
Power request id: 48574, Power management id: 2
Power request levels are:15400 13000 0 0 0 
Management address(es): 
  IP address: 172.29.120.78

-------------------------
Device ID: ap-4s-188
Entry address(es): 
  IP address: 172.29.120.61
  IPv6 address: FE80::863D:C6FF:FE99:B7F8  (link-local)
Platform: cisco AIR-CAP3702I-B-K9,  Capabilities: Trans-Bridge Source-Route-Bridge IGMP 
Interface: GigabitEthernet4/0/22,  Port ID (outgoing port): GigabitEthernet0
Holdtime : 157 sec

Version :
Cisco IOS Software, C3700 Software (AP3G2-K9W8-M), Version 15.3(3)JA8, RELEASE SOFTWARE (fc1)
Technical Support: http://www.cisco.com/techsupport
Copyright (c) 1986-2016 by Cisco Systems, Inc.
Compiled Fri 22-Apr-16 05:48 by prod_rel_team

advertisement version: 2
Duplex: full
Power drawn: 16.800 Watts
Power request id: 16448, Power management id: 2
Power request levels are:16800 15400 13000 0 0 
Management address(es): 
  IP address: 172.29.120.61

-------------------------
Device ID: ap-4s-178
Entry address(es): 
  IP address: 172.29.120.70
  IPv6 address: FE80::863D:C6FF:FECC:1678  (link-local)
Platform: cisco AIR-CAP3702I-B-K9,  Capabilities: Trans-Bridge Source-Route-Bridge IGMP 
Interface: GigabitEthernet4/0/4,  Port ID (outgoing port): GigabitEthernet0
Holdtime : 171 sec

Version :
Cisco IOS Software, C3700 Software (AP3G2-K9W8-M), Version 15.3(3)JA8, RELEASE SOFTWARE (fc1)
Technical Support: http://www.cisco.com/techsupport
Copyright (c) 1986-2016 by Cisco Systems, Inc.
Compiled Fri 22-Apr-16 05:48 by prod_rel_team

advertisement version: 2
Duplex: full
Power drawn: 16.800 Watts
Power request id: 48261, Power management id: 2
Power request levels are:16800 15400 13000 0 0 
Management address(es): 
  IP address: 172.29.120.70

-------------------------
Device ID: ap-4s-187
Entry address(es): 
  IP address: 172.29.120.71
  IPv6 address: FE80::863D:C6FF:FEE8:8F34  (link-local)
Platform: cisco AIR-CAP3702I-B-K9,  Capabilities: Trans-Bridge Source-Route-Bridge IGMP 
Interface: GigabitEthernet4/0/2,  Port ID (outgoing port): GigabitEthernet0
Holdtime : 175 sec

Version :
Cisco IOS Software, C3700 Software (AP3G2-K9W8-M), Version 15.3(3)JA8, RELEASE SOFTWARE (fc1)
Technical Support: http://www.cisco.com/techsupport
Copyright (c) 1986-2016 by Cisco Systems, Inc.
Compiled Fri 22-Apr-16 05:48 by prod_rel_team

advertisement version: 2
Duplex: full
Power drawn: 16.800 Watts
Power request id: 63371, Power management id: 2
Power request levels are:16800 15400 13000 0 0 
Management address(es): 
  IP address: 172.29.120.71

-------------------------
Device ID: ap-4s-196
Entry address(es): 
  IP address: 172.29.120.64
  IPv6 address: FE80::863D:C6FF:FEC7:57C  (link-local)
Platform: cisco AIR-CAP3702I-B-K9,  Capabilities: Trans-Bridge Source-Route-Bridge IGMP 
Interface: GigabitEthernet4/0/16,  Port ID (outgoing port): GigabitEthernet0
Holdtime : 175 sec

Version :
Cisco IOS Software, C3700 Software (AP3G2-K9W8-M), Version 15.3(3)JA8, RELEASE SOFTWARE (fc1)
Technical Support: http://www.cisco.com/techsupport
Copyright (c) 1986-2016 by Cisco Systems, Inc.
Compiled Fri 22-Apr-16 05:48 by prod_rel_team

advertisement version: 2
Duplex: full
Power drawn: 16.800 Watts
Power request id: 13684, Power management id: 2
Power request levels are:16800 15400 13000 0 0 
Management address(es): 
  IP address: 172.29.120.64

-------------------------
Device ID: ap-4s-179
Entry address(es): 
  IP address: 172.29.120.69
  IPv6 address: FE80::863D:C6FF:FEDA:CC48  (link-local)
Platform: cisco AIR-CAP3702I-B-K9,  Capabilities: Trans-Bridge Source-Route-Bridge IGMP 
Interface: GigabitEthernet4/0/6,  Port ID (outgoing port): GigabitEthernet0
Holdtime : 162 sec

Version :
Cisco IOS Software, C3700 Software (AP3G2-K9W8-M), Version 15.3(3)JA8, RELEASE SOFTWARE (fc1)
Technical Support: http://www.cisco.com/techsupport
Copyright (c) 1986-2016 by Cisco Systems, Inc.
Compiled Fri 22-Apr-16 05:48 by prod_rel_team

advertisement version: 2
Duplex: full
Power drawn: 16.800 Watts
Power request id: 8633, Power management id: 2
Power request levels are:16800 15400 13000 0 0 
Management address(es): 
  IP address: 172.29.120.69

-------------------------
Device ID: ap-4s-197
Entry address(es): 
  IP address: 172.29.120.68
  IPv6 address: FE80::863D:C6FF:FEDA:C304  (link-local)
Platform: cisco AIR-CAP3702I-B-K9,  Capabilities: Trans-Bridge Source-Route-Bridge IGMP 
Interface: GigabitEthernet4/0/8,  Port ID (outgoing port): GigabitEthernet0
Holdtime : 138 sec

Version :
Cisco IOS Software, C3700 Software (AP3G2-K9W8-M), Version 15.3(3)JA8, RELEASE SOFTWARE (fc1)
Technical Support: http://www.cisco.com/techsupport
Copyright (c) 1986-2016 by Cisco Systems, Inc.
Compiled Fri 22-Apr-16 05:48 by prod_rel_team

advertisement version: 2
Duplex: full
Power drawn: 16.800 Watts
Power request id: 5982, Power management id: 2
Power request levels are:16800 15400 13000 0 0 
Management address(es): 
  IP address: 172.29.120.68

-------------------------
Device ID: ap-4s-186
Entry address(es): 
  IP address: 172.29.120.52
  IPv6 address: FE80::863D:C6FF:FEE8:773C  (link-local)
Platform: cisco AIR-CAP3702I-B-K9,  Capabilities: Trans-Bridge Source-Route-Bridge IGMP 
Interface: GigabitEthernet3/0/30,  Port ID (outgoing port): GigabitEthernet0
Holdtime : 125 sec

Version :
Cisco IOS Software, C3700 Software (AP3G2-K9W8-M), Version 15.3(3)JA8, RELEASE SOFTWARE (fc1)
Technical Support: http://www.cisco.com/techsupport
Copyright (c) 1986-2016 by Cisco Systems, Inc.
Compiled Fri 22-Apr-16 05:48 by prod_rel_team

advertisement version: 2
Duplex: full
Power drawn: 16.800 Watts
Power request id: 17138, Power management id: 2
Power request levels are:16800 15400 13000 0 0 
Management address(es): 
  IP address: 172.29.120.52

-------------------------
Device ID: ap-4s-185
Entry address(es): 
  IP address: 172.29.120.66
  IPv6 address: FE80::863D:C6FF:FECC:2504  (link-local)
Platform: cisco AIR-CAP3702I-B-K9,  Capabilities: Trans-Bridge Source-Route-Bridge IGMP 
Interface: GigabitEthernet4/0/12,  Port ID (outgoing port): GigabitEthernet0
Holdtime : 150 sec

Version :
Cisco IOS Software, C3700 Software (AP3G2-K9W8-M), Version 15.3(3)JA8, RELEASE SOFTWARE (fc1)
Technical Support: http://www.cisco.com/techsupport
Copyright (c) 1986-2016 by Cisco Systems, Inc.
Compiled Fri 22-Apr-16 05:48 by prod_rel_team

advertisement version: 2
Duplex: full
Power drawn: 16.800 Watts
Power request id: 36058, Power management id: 2
Power request levels are:16800 15400 13000 0 0 
Management address(es): 
  IP address: 172.29.120.66

-------------------------
Device ID: ap-4s-194
Entry address(es): 
  IP address: 172.29.120.76
  IPv6 address: FE80::863D:C6FF:FEC7
DEBUG:netmiko:Pattern found: sh\ cdp\ nei\ det sh cdp nei det
-------------------------
Device ID: ap-4s-ihw
Entry address(es): 
  IP address: 172.29.120.73
  IPv6 address: FE80::FA72:EAFF:FED0:147A  (link-local)
Platform: cisco AIR-CAP3602I-A-K9,  Capabilities: Trans-Bridge Source-Route-Bridge IGMP 
Interface: GigabitEthernet4/0/46,  Port ID (outgoing port): GigabitEthernet0
Holdtime : 133 sec

Version :
Cisco IOS Software, C3600 Software (AP3G2-K9W8-M), Version 15.3(3)JA8, RELEASE SOFTWARE (fc1)
Technical Support: http://www.cisco.com/techsupport
Copyright (c) 1986-2016 by Cisco Systems, Inc.
Compiled Fri 22-Apr-16 05:48 by prod_rel_team

advertisement version: 2
Duplex: full
Power drawn: 15.400 Watts
Power request id: 30649, Power management id: 2
Power request levels are:15400 13000 0 0 0 
Management address(es): 
  IP address: 172.29.120.73

-------------------------
Device ID: ap-4s-ihe
Entry address(es): 
  IP address: 172.29.120.83
  IPv6 address: FE80::C267:AFFF:FE5B:C29  (link-local)
Platform: cisco AIR-CAP3602I-A-K9,  Capabilities: Trans-Bridge Source-Route-Bridge IGMP 
Interface: GigabitEthernet3/0/11,  Port ID (outgoing port): GigabitEthernet0
Holdtime : 124 sec

Version :
Cisco IOS Software, C3600 Software (AP3G2-K9W8-M), Version 15.3(3)JA8, RELEASE SOFTWARE (fc1)
Technical Support: http://www.cisco.com/techsupport
Copyright (c) 1986-2016 by Cisco Systems, Inc.
Compiled Fri 22-Apr-16 05:48 by prod_rel_team

advertisement version: 2
Duplex: full
Power drawn: 15.400 Watts
Power request id: 30871, Power management id: 2
Power request levels are:15400 13000 0 0 0 
Management address(es): 
  IP address: 172.29.120.83

-------------------------
Device ID: 1ST_NT_MDF_SW01.mongeneral.com
Entry address(es): 
  IP address: 172.26.1.3
Platform: cisco WS-C3850-24XS,  Capabilities: Router Switch IGMP 
Interface: TenGigabitEthernet2/0/1,  Port ID (outgoing port): TenGigabitEthernet2/0/6
Holdtime : 129 sec

Version :
Cisco IOS Software, IOS-XE Software, Catalyst L3 Switch Software (CAT3K_CAA-UNIVERSALK9-M), Version 03.07.04E RELEASE SOFTWARE (fc1)
Technical Support: http://www.cisco.com/techsupport
Copyright (c) 1986-2016 by Cisco Systems, Inc.
Compiled Thu 19-May-16 11:48 by prod_rel_team

advertisement version: 2
VTP Management Domain: 'MonGen'
Native VLAN: 666
Duplex: full
Management address(es): 
  IP address: 172.26.1.3

-------------------------
Device ID: 1ST_NT_MDF_SW01.mongeneral.com
Entry address(es): 
  IP address: 172.26.1.3
Platform: cisco WS-C3850-24XS,  Capabilities: Router Switch IGMP 
Interface: TenGigabitEthernet1/0/1,  Port ID (outgoing port): TenGigabitEthernet1/0/6
Holdtime : 164 sec

Version :
Cisco IOS Software, IOS-XE Software, Catalyst L3 Switch Software (CAT3K_CAA-UNIVERSALK9-M), Version 03.07.04E RELEASE SOFTWARE (fc1)
Technical Support: http://www.cisco.com/techsupport
Copyright (c) 1986-2016 by Cisco Systems, Inc.
Compiled Thu 19-May-16 11:48 by prod_rel_team

advertisement version: 2
VTP Management Domain: 'MonGen'
Native VLAN: 666
Duplex: full
Management address(es): 
  IP address: 172.26.1.3

-------------------------
Device ID: ap-4s-421
Entry address(es): 
  IP address: 172.29.120.77
  IPv6 address: FE80::C28C:60FF:FE20:7CA7  (link-local)
Platform: cisco AIR-CAP3602I-A-K9,  Capabilities: Trans-Bridge Source-Route-Bridge IGMP 
Interface: GigabitEthernet2/0/26,  Port ID (outgoing port): GigabitEthernet0
Holdtime : 157 sec

Version :
Cisco IOS Software, C3600 Software (AP3G2-K9W8-M), Version 15.3(3)JA8, RELEASE SOFTWARE (fc1)
Technical Support: http://www.cisco.com/techsupport
Copyright (c) 1986-2016 by Cisco Systems, Inc.
Compiled Fri 22-Apr-16 05:48 by prod_rel_team

advertisement version: 2
Duplex: full
Power drawn: 15.400 Watts
Power request id: 19304, Power management id: 2
Power request levels are:15400 13000 0 0 0 
Management address(es): 
  IP address: 172.29.120.77

-------------------------
Device ID: ap-4s-433
Entry address(es): 
  IP address: 172.29.120.74
  IPv6 address: FE80::C267:AFFF:FE5B:D50  (link-local)
Platform: cisco AIR-CAP3602I-A-K9,  Capabilities: Trans-Bridge Source-Route-Bridge IGMP 
Interface: GigabitEthernet4/0/44,  Port ID (outgoing port): GigabitEthernet0
Holdtime : 160 sec

Version :
Cisco IOS Software, C3600 Software (AP3G2-K9W8-M), Version 15.3(3)JA8, RELEASE SOFTWARE (fc1)
Technical Support: http://www.cisco.com/techsupport
Copyright (c) 1986-2016 by Cisco Systems, Inc.
Compiled Fri 22-Apr-16 05:48 by prod_rel_team

advertisement version: 2
Duplex: full
Power drawn: 15.400 Watts
Power request id: 30964, Power management id: 2
Power request levels are:15400 13000 0 0 0 
Management address(es): 
  IP address: 172.29.120.74

-------------------------
Device ID: ap-4s-401
Entry address(es): 
  IP address: 172.29.120.80
  IPv6 address: FE80::C267:AFFF:FE5B:D6F  (link-local)
Platform: cisco AIR-CAP3602I-A-K9,  Capabilities: Trans-Bridge Source-Route-Bridge IGMP 
Interface: GigabitEthernet3/0/9,  Port ID (outgoing port): GigabitEthernet0
Holdtime : 179 sec

Version :
Cisco IOS Software, C3600 Software (AP3G2-K9W8-M), Version 15.3(3)JA8, RELEASE SOFTWARE (fc1)
Technical Support: http://www.cisco.com/techsupport
Copyright (c) 1986-2016 by Cisco Systems, Inc.
Compiled Fri 22-Apr-16 05:48 by prod_rel_team

advertisement version: 2
Duplex: full
Power drawn: 15.400 Watts
Power request id: 22355, Power management id: 2
Power request levels are:15400 13000 0 0 0 
Management address(es): 
  IP address: 172.29.120.80

-------------------------
Device ID: ap-4s-424
Entry address(es): 
  IP address: 172.29.120.75
  IPv6 address: FE80::C267:AFFF:FE5B:E01  (link-local)
Platform: cisco AIR-CAP3602I-A-K9,  Capabilities: Trans-Bridge Source-Route-Bridge IGMP 
Interface: GigabitEthernet4/0/42,  Port ID (outgoing port): GigabitEthernet0
Holdtime : 147 sec

Version :
Cisco IOS Software, C3600 Software (AP3G2-K9W8-M), Version 15.3(3)JA8, RELEASE SOFTWARE (fc1)
Technical Support: http://www.cisco.com/techsupport
Copyright (c) 1986-2016 by Cisco Systems, Inc.
Compiled Fri 22-Apr-16 05:48 by prod_rel_team

advertisement version: 2
Duplex: full
Power drawn: 15.400 Watts
Power request id: 55643, Power management id: 2
Power request levels are:15400 13000 0 0 0 
Management address(es): 
  IP address: 172.29.120.75

-------------------------
Device ID: ap-4s-415
Entry address(es): 
  IP address: 172.29.120.72
  IPv6 address: FE80::C267:AFFF:FE5B:D55  (link-local)
Platform: cisco AIR-CAP3602I-A-K9,  Capabilities: Trans-Bridge Source-Route-Bridge IGMP 
Interface: GigabitEthernet4/0/48,  Port ID (outgoing port): GigabitEthernet0
Holdtime : 136 sec

Version :
Cisco IOS Software, C3600 Software (AP3G2-K9W8-M), Version 15.3(3)JA8, RELEASE SOFTWARE (fc1)
Technical Support: http://www.cisco.com/techsupport
Copyright (c) 1986-2016 by Cisco Systems, Inc.
Compiled Fri 22-Apr-16 05:48 by prod_rel_team

advertisement version: 2
Duplex: full
Power drawn: 15.400 Watts
Power request id: 41300, Power management id: 2
Power request levels are:15400 13000 0 0 0 
Management address(es): 
  IP address: 172.29.120.72

-------------------------
Device ID: ap-4s-189
Entry address(es): 
  IP address: 172.29.120.60
  IPv6 address: FE80::863D:C6FF:FEC5:8988  (link-local)
Platform: cisco AIR-CAP3702I-B-K9,  Capabilities: Trans-Bridge Source-Route-Bridge IGMP 
Interface: GigabitEthernet4/0/24,  Port ID (outgoing port): GigabitEthernet0
Holdtime : 171 sec

Version :
Cisco IOS Software, C3700 Software (AP3G2-K9W8-M), Version 15.3(3)JA8, RELEASE SOFTWARE (fc1)
Technical Support: http://www.cisco.com/techsupport
Copyright (c) 1986-2016 by Cisco Systems, Inc.
Compiled Fri 22-Apr-16 05:48 by prod_rel_team

advertisement version: 2
Duplex: full
Power drawn: 16.800 Watts
Power request id: 62357, Power management id: 2
Power request levels are:16800 15400 13000 0 0 
Management address(es): 
  IP address: 172.29.120.60

-------------------------
Device ID: ap-4s-427
Entry address(es): 
  IP address: 172.29.120.57
  IPv6 address: FE80::C28C:60FF:FE20:7CFA  (link-local)
Platform: cisco AIR-CAP3602I-A-K9,  Capabilities: Trans-Bridge Source-Route-Bridge IGMP 
Interface: GigabitEthernet2/0/36,  Port ID (outgoing port): GigabitEthernet0
Holdtime : 127 sec

Version :
Cisco IOS Software, C3600 Software (AP3G2-K9W8-M), Version 15.3(3)JA8, RELEASE SOFTWARE (fc1)
Technical Support: http://www.cisco.com/techsupport
Copyright (c) 1986-2016 by Cisco Systems, Inc.
Compiled Fri 22-Apr-16 05:48 by prod_rel_team

advertisement version: 2
Duplex: full
Power drawn: 15.400 Watts
Power request id: 40945, Power management id: 2
Power request levels are:15400 13000 0 0 0 
Management address(es): 
  IP address: 172.29.120.57

-------------------------
Device ID: ap-4s-405
Entry address(es): 
  IP address: 172.29.120.78
  IPv6 address: FE80::C267:AFFF:FE28:C291  (link-local)
Platform: cisco AIR-CAP3602I-A-K9,  Capabilities: Trans-Bridge Source-Route-Bridge IGMP 
Interface: GigabitEthernet4/0/40,  Port ID (outgoing port): GigabitEthernet0
Holdtime : 166 sec

Version :
Cisco IOS Software, C3600 Software (AP3G2-K9W8-M), Version 15.3(3)JA8, RELEASE SOFTWARE (fc1)
Technical Support: http://www.cisco.com/techsupport
Copyright (c) 1986-2016 by Cisco Systems, Inc.
Compiled Fri 22-Apr-16 05:48 by prod_rel_team

advertisement version: 2
Duplex: full
Power drawn: 15.400 Watts
Power request id: 48574, Power management id: 2
Power request levels are:15400 13000 0 0 0 
Management address(es): 
  IP address: 172.29.120.78

-------------------------
Device ID: ap-4s-188
Entry address(es): 
  IP address: 172.29.120.61
  IPv6 address: FE80::863D:C6FF:FE99:B7F8  (link-local)
Platform: cisco AIR-CAP3702I-B-K9,  Capabilities: Trans-Bridge Source-Route-Bridge IGMP 
Interface: GigabitEthernet4/0/22,  Port ID (outgoing port): GigabitEthernet0
Holdtime : 157 sec

Version :
Cisco IOS Software, C3700 Software (AP3G2-K9W8-M), Version 15.3(3)JA8, RELEASE SOFTWARE (fc1)
Technical Support: http://www.cisco.com/techsupport
Copyright (c) 1986-2016 by Cisco Systems, Inc.
Compiled Fri 22-Apr-16 05:48 by prod_rel_team

advertisement version: 2
Duplex: full
Power drawn: 16.800 Watts
Power request id: 16448, Power management id: 2
Power request levels are:16800 15400 13000 0 0 
Management address(es): 
  IP address: 172.29.120.61

-------------------------
Device ID: ap-4s-178
Entry address(es): 
  IP address: 172.29.120.70
  IPv6 address: FE80::863D:C6FF:FECC:1678  (link-local)
Platform: cisco AIR-CAP3702I-B-K9,  Capabilities: Trans-Bridge Source-Route-Bridge IGMP 
Interface: GigabitEthernet4/0/4,  Port ID (outgoing port): GigabitEthernet0
Holdtime : 171 sec

Version :
Cisco IOS Software, C3700 Software (AP3G2-K9W8-M), Version 15.3(3)JA8, RELEASE SOFTWARE (fc1)
Technical Support: http://www.cisco.com/techsupport
Copyright (c) 1986-2016 by Cisco Systems, Inc.
Compiled Fri 22-Apr-16 05:48 by prod_rel_team

advertisement version: 2
Duplex: full
Power drawn: 16.800 Watts
Power request id: 48261, Power management id: 2
Power request levels are:16800 15400 13000 0 0 
Management address(es): 
  IP address: 172.29.120.70

-------------------------
Device ID: ap-4s-187
Entry address(es): 
  IP address: 172.29.120.71
  IPv6 address: FE80::863D:C6FF:FEE8:8F34  (link-local)
Platform: cisco AIR-CAP3702I-B-K9,  Capabilities: Trans-Bridge Source-Route-Bridge IGMP 
Interface: GigabitEthernet4/0/2,  Port ID (outgoing port): GigabitEthernet0
Holdtime : 175 sec

Version :
Cisco IOS Software, C3700 Software (AP3G2-K9W8-M), Version 15.3(3)JA8, RELEASE SOFTWARE (fc1)
Technical Support: http://www.cisco.com/techsupport
Copyright (c) 1986-2016 by Cisco Systems, Inc.
Compiled Fri 22-Apr-16 05:48 by prod_rel_team

advertisement version: 2
Duplex: full
Power drawn: 16.800 Watts
Power request id: 63371, Power management id: 2
Power request levels are:16800 15400 13000 0 0 
Management address(es): 
  IP address: 172.29.120.71

-------------------------
Device ID: ap-4s-196
Entry address(es): 
  IP address: 172.29.120.64
  IPv6 address: FE80::863D:C6FF:FEC7:57C  (link-local)
Platform: cisco AIR-CAP3702I-B-K9,  Capabilities: Trans-Bridge Source-Route-Bridge IGMP 
Interface: GigabitEthernet4/0/16,  Port ID (outgoing port): GigabitEthernet0
Holdtime : 175 sec

Version :
Cisco IOS Software, C3700 Software (AP3G2-K9W8-M), Version 15.3(3)JA8, RELEASE SOFTWARE (fc1)
Technical Support: http://www.cisco.com/techsupport
Copyright (c) 1986-2016 by Cisco Systems, Inc.
Compiled Fri 22-Apr-16 05:48 by prod_rel_team

advertisement version: 2
Duplex: full
Power drawn: 16.800 Watts
Power request id: 13684, Power management id: 2
Power request levels are:16800 15400 13000 0 0 
Management address(es): 
  IP address: 172.29.120.64

-------------------------
Device ID: ap-4s-179
Entry address(es): 
  IP address: 172.29.120.69
  IPv6 address: FE80::863D:C6FF:FEDA:CC48  (link-local)
Platform: cisco AIR-CAP3702I-B-K9,  Capabilities: Trans-Bridge Source-Route-Bridge IGMP 
Interface: GigabitEthernet4/0/6,  Port ID (outgoing port): GigabitEthernet0
Holdtime : 162 sec

Version :
Cisco IOS Software, C3700 Software (AP3G2-K9W8-M), Version 15.3(3)JA8, RELEASE SOFTWARE (fc1)
Technical Support: http://www.cisco.com/techsupport
Copyright (c) 1986-2016 by Cisco Systems, Inc.
Compiled Fri 22-Apr-16 05:48 by prod_rel_team

advertisement version: 2
Duplex: full
Power drawn: 16.800 Watts
Power request id: 8633, Power management id: 2
Power request levels are:16800 15400 13000 0 0 
Management address(es): 
  IP address: 172.29.120.69

-------------------------
Device ID: ap-4s-197
Entry address(es): 
  IP address: 172.29.120.68
  IPv6 address: FE80::863D:C6FF:FEDA:C304  (link-local)
Platform: cisco AIR-CAP3702I-B-K9,  Capabilities: Trans-Bridge Source-Route-Bridge IGMP 
Interface: GigabitEthernet4/0/8,  Port ID (outgoing port): GigabitEthernet0
Holdtime : 138 sec

Version :
Cisco IOS Software, C3700 Software (AP3G2-K9W8-M), Version 15.3(3)JA8, RELEASE SOFTWARE (fc1)
Technical Support: http://www.cisco.com/techsupport
Copyright (c) 1986-2016 by Cisco Systems, Inc.
Compiled Fri 22-Apr-16 05:48 by prod_rel_team

advertisement version: 2
Duplex: full
Power drawn: 16.800 Watts
Power request id: 5982, Power management id: 2
Power request levels are:16800 15400 13000 0 0 
Management address(es): 
  IP address: 172.29.120.68

-------------------------
Device ID: ap-4s-186
Entry address(es): 
  IP address: 172.29.120.52
  IPv6 address: FE80::863D:C6FF:FEE8:773C  (link-local)
Platform: cisco AIR-CAP3702I-B-K9,  Capabilities: Trans-Bridge Source-Route-Bridge IGMP 
Interface: GigabitEthernet3/0/30,  Port ID (outgoing port): GigabitEthernet0
Holdtime : 125 sec

Version :
Cisco IOS Software, C3700 Software (AP3G2-K9W8-M), Version 15.3(3)JA8, RELEASE SOFTWARE (fc1)
Technical Support: http://www.cisco.com/techsupport
Copyright (c) 1986-2016 by Cisco Systems, Inc.
Compiled Fri 22-Apr-16 05:48 by prod_rel_team

advertisement version: 2
Duplex: full
Power drawn: 16.800 Watts
Power request id: 17138, Power management id: 2
Power request levels are:16800 15400 13000 0 0 
Management address(es): 
  IP address: 172.29.120.52

-------------------------
Device ID: ap-4s-185
Entry address(es): 
  IP address: 172.29.120.66
  IPv6 address: FE80::863D:C6FF:FECC:2504  (link-local)
Platform: cisco AIR-CAP3702I-B-K9,  Capabilities: Trans-Bridge Source-Route-Bridge IGMP 
Interface: GigabitEthernet4/0/12,  Port ID (outgoing port): GigabitEthernet0
Holdtime : 150 sec

Version :
Cisco IOS Software, C3700 Software (AP3G2-K9W8-M), Version 15.3(3)JA8, RELEASE SOFTWARE (fc1)
Technical Support: http://www.cisco.com/techsupport
Copyright (c) 1986-2016 by Cisco Systems, Inc.
Compiled Fri 22-Apr-16 05:48 by prod_rel_team

advertisement version: 2
Duplex: full
Power drawn: 16.800 Watts
Power request id: 36058, Power management id: 2
Power request levels are:16800 15400 13000 0 0 
Management address(es): 
  IP address: 172.29.120.66

-------------------------
Device ID: ap-4s-194
Entry address(es): 
  IP address: 172.29.120.76
  IPv6 address: FE80::863D:C6FF:FEC7
DEBUG:netmiko:read_channel: :52C  (link-local)
Platform: cisco AIR-CAP3702I-B-K9,  Capabilities: Trans-Bridge Source-Route-Bridge IGMP 
Interface: GigabitEthernet3/0/34,  Port ID (outgoing port): GigabitEthernet0
Holdtime : 144 sec

Version :
Cisco IOS Software, C3700 Software (AP3G2-K9W8-M), Version 15.3(3)JA8, RELEASE SOFTWARE (fc1)
Technical Support: http://www.cisco.com/techsupport
Copyright (c) 1986-2016 by Cisco Systems, Inc.
Compiled Fri 22-Apr-16 05:48 by prod_rel_team

advertisement version: 2
Duplex: full
Power drawn: 16.800 Watts
Power request id: 7778, Power management id: 2
Power request levels are:16800 15400 13000 0 0 
Management address(es): 
  IP address: 172.29.120.76

-------------------------
Device ID: ap-4s-409
Entry address(es): 
  IP address: 172.29.120.79
  IPv6 address: FE80::C28C:60FF:FE20:7CDB  (link-local)
Platform: cisco AIR-CAP3602I-A-K9,  Capabilities: Trans-Bridge Source-Route-Bridge IGMP 
Interface: GigabitEthernet2/0/46,  Port ID (outgoing port): GigabitEthernet0
Holdtime : 158 sec

Version :
Cisco IOS Software, C3600 Software (AP3G2-K9W8-M), Version 15.3(3)JA8, RELEASE SOFTWARE (fc1)
Technical Support: http://www.cisco.com/techsupport
Copyright (c) 1986-2016 by Cisco Systems, Inc.
Compiled Fri 22-Apr-16 05:48 by prod_rel_team

advertisement version: 2
Duplex: full
Power drawn: 15.400 Watts
Power request id: 13496, Power management id: 2
Power request levels are:15400 13000 0 0 0 
Management address(es): 
  IP address: 172.29.120.79

-------------------------
Device ID: ap-4s-184
Entry address(es): 
  IP address: 172.29.120.59
  IPv6 address: FE80::863D:C6FF:FEE8:76FC  (link-local)
Platform: cisco AIR-CAP3702I-B-K9,  Capabilities: Trans-Bridge Source-Route-Bridge IGMP 
Interface: GigabitEthernet3/0/26,  Port ID (outgoing port): GigabitEthernet0
Holdtime : 157 sec

Version :
Cisco IOS Software, C3700 Software (AP3G2-K9W8-M), Version 15.3(3)JA8, RELEASE SOFTWARE (fc1)
Technical Support: http://www.cisco.com/techsupport
Copyright (c) 1986-2016 by Cisco Systems, Inc.
Compiled Fri 22-Apr-16 05:48 by prod_rel_team

advertisement version: 2
Duplex: full
Power drawn: 16.800 Watts
Power request id: 44612, Power management id: 2
Power request levels are:16800 15400 13000 0 0 
Management address(es): 
  IP address: 172.29.120.59

-------------------------
Device ID: ap-4s-195
Entry address(es): 
  IP address: 172.29.120.53
  IPv6 address: FE80::863D:C6FF:FE99:AB9C  (link-local)
Platform: cisco AIR-CAP3702I-B-K9,  Capabilities: Trans-Bridge Source-Route-Bridge IGMP 
Interface: GigabitEthernet3/0/40,  Port ID (outgoing port): GigabitEthernet0
Holdtime : 137 sec

Version :
Cisco IOS Software, C3700 Software (AP3G2-K9W8-M), Version 15.3(3)JA8, RELEASE SOFTWARE (fc1)
Technical Support: http://www.cisco.com/techsupport
Copyright (c) 1986-2016 by Cisco Systems, Inc.
Compiled Fri 22-Apr-16 05:48 by prod_rel_team

advertisement version: 2
Duplex: full
Power drawn: 16.800 Watts
Power request id: 45232, Power management id: 2
Power request levels are:16800 15400 13000 0 0 
Management address(es): 
  IP address: 172.29.120.53

-------------------------
Device ID: ap-4s-192
Entry address(es): 
  IP address: 172.29.120.54
  IPv6 address: FE80::863D:C6FF:FEC6:FE94  (link-local)
Platform: cisco AIR-CAP3702I-B-K9,  Capabilities: Trans-Bridge Source-Route-Bridge IGMP 
Interface: GigabitEthernet3/0/38,  Port ID (outgoing port): GigabitEthernet0
Holdtime : 147 sec

Version :
Cisco IOS Software, C3700 Software (AP3G2-K9W8-M), Version 15.3(3)JA8, RELEASE SOFTWARE (fc1)
Technical Support: http://www.cisco.com/techsupport
Copyright (c) 1986-2016 by Cisco Systems, Inc.
Compiled Fri 22-Apr-16 05:48 by prod_rel_team

advertisement version: 2
Duplex: full
Power drawn: 16.800 Watts
Power request id: 37987, Power management id: 2
Power request levels are:16800 15400 13000 0 0 
Management address(es): 
  IP address: 172.29.120.54

-------------------------
Device ID: ap-4s-183
Entry address(es): 
  IP address: 172.29.120.55
  IPv6 address: FE80::863D:C6FF:FEB8:DDA8  (link-local)
Platform: cisco AIR-CAP3702I-B-K9,  Capabilities: Trans-Bridge Source-Route-Bridge IGMP 
Interface: GigabitEthernet3/0/36,  Port ID (outgoing port): GigabitEthernet0
Holdtime : 166 sec

Version :
Cisco IOS Software, C3700 Software (AP3G2-K9W8-M), Version 15.3(3)JA8, RELEASE SOFTWARE (fc1)
Technical Support: http://www.cisco.com/techsupport
Copyright (c) 1986-2016 by Cisco Systems, Inc.
Compiled Fri 22-Apr-16 05:48 by prod_rel_team

advertisement version: 2
Duplex: full
Power drawn: 16.800 Watts
Power request id: 15212, Power management id: 2
Power request levels are:16800 15400 13000 0 0 
Management address(es): 
  IP address: 172.29.120.55

-------------------------
Device ID: ap-4s-193
Entry address(es): 
  IP address: 172.29.120.67
  IPv6 address: FE80::863D:C6FF:FE7F:59EC  (link-local)
Platform: cisco AIR-CAP3702I-B-K9,  Capabilities: Trans-Bridge Source-Route-Bridge IGMP 
Interface: GigabitEthernet4/0/10,  Port ID (outgoing port): GigabitEthernet0
Holdtime : 164 sec

Version :
Cisco IOS Software, C3700 Software (AP3G2-K9W8-M), Version 15.3(3)JA8, RELEASE SOFTWARE (fc1)
Technical Support: http://www.cisco.com/techsupport
Copyright (c) 1986-2016 by Cisco Systems, Inc.
Compiled Fri 22-Apr-16 05:48 by prod_rel_team

advertisement version: 2
Duplex: full
Power drawn: 16.800 Watts
Power request id: 42188, Power management id: 2
Power request levels are:16800 15400 13000 0 0 
Management address(es): 
  IP address: 172.29.120.67

-------------------------
Device ID: ap-4s-182
Entry address(es): 
  IP address: 172.29.120.65
  IPv6 address: FE80::863D:C6FF:FE9D:C7D4  (link-local)
Platform: cisco AIR-CAP3702I-B-K9,  Capabilities: Trans-Bridge Source-Route-Bridge IGMP 
Interface: GigabitEthernet4/0/14,  Port ID (outgoing port): GigabitEthernet0
Holdtime : 140 sec

Version :
Cisco IOS Software, C3700 Software (AP3G2-K9W8-M), Version 15.3(3)JA8, RELEASE SOFTWARE (fc1)
Technical Support: http://www.cisco.com/techsupport
Copyright (c) 1986-2016 by Cisco Systems, Inc.
Compiled Fri 22-Apr-16 05:48 by prod_rel_team

advertisement version: 2
Duplex: full
Power drawn: 16.800 Watts
Power request id: 59244, Power management id: 2
Power request levels are:16800 15400 13000 0 0 
Management address(es): 
  IP address: 172.29.120.65

-------------------------
Device ID: ap-4s-190
Entry address(es): 
  IP address: 172.29.120.63
  IPv6 address: FE80::863D:C6FF:FEC1:9194  (link-local)
Platform: cisco AIR-CAP3702I-B-K9,  Capabilities: Trans-Bridge Source-Route-Bridge IGMP 
Interface: GigabitEthernet4/0/18,  Port ID (outgoing port): GigabitEthernet0
Holdtime : 137 sec

Version :
Cisco IOS Software, C3700 Software (AP3G2-K9W8-M), Version 15.3(3)JA8, RELEASE SOFTWARE (fc1)
Technical Support: http://www.cisco.com/techsupport
Copyright (c) 1986-2016 by Cisco Systems, Inc.
Compiled Fri 22-Apr-16 05:48 by prod_rel_team

advertisement version: 2
Duplex: full
Power drawn: 16.800 Watts
Power request id: 16496, Power management id: 2
Power request levels are:16800 15400 13000 0 0 
Management address(es): 
  IP address: 172.29.120.63

-------------------------
Device ID: ap-4s-181
Entry address(es): 
  IP address: 172.29.120.62
  IPv6 address: FE80::863D:C6FF:FEC7:508  (link-local)
Platform: cisco AIR-CAP3702I-B-K9,  Capabilities: Trans-Bridge Source-Route-Bridge IGMP 
Interface: GigabitEthernet4/0/20,  Port ID (outgoing port): GigabitEthernet0
Holdtime : 175 sec

Version :
Cisco IOS Software, C3700 Software (AP3G2-K9W8-M), Version 15.3(3)JA8, RELEASE SOFTWARE (fc1)
Technical Support: http://www.cisco.com/techsupport
Copyright (c) 1986-2016 by Cisco Systems, Inc.
Compiled Fri 22-Apr-16 05:48 by prod_rel_team

advertisement version: 2
Duplex: full
Power drawn: 16.800 Watts
Power request id: 47953, Power management id: 2
Power request levels are:16800 15400 13000 0 0 
Management address(es): 
  IP address: 172.29.120.62

-------------------------
Device ID: ap-4s-191
Entry address(es): 
  IP address: 172.29.120.58
  IPv6 address: FE80::863D:C6FF:FEDA:C380  (link-local)
Platform: cisco AIR-CAP3702I-B-K9,  Capabilities: Trans-Bridge Source-Route-Bridge IGMP 
Interface: GigabitEthernet3/0/28,  Port ID (outgoing port): GigabitEthernet0
Holdtime : 123 sec

Version :
Cisco IOS Software, C3700 Software (AP3G2-K9W8-M), Version 15.3(3)JA8, RELEASE SOFTWARE (fc1)
Technical Support: http://www.cisco.com/techsupport
Copyright (c) 1986-2016 by Cisco Systems, Inc.
Compiled Fri 22-Apr-16 05:48 by prod_rel_team

advertisement version: 2
Duplex: full
Power drawn: 16.800 Watts
Power request id: 4856, Power management id: 2
Power request levels are:16800 15400 13000 0 0 
Management address(es): 
  IP address: 172.29.120.58

-------------------------
Device ID: ap-4s-180
Entry address(es): 
  IP address: 172.29.120.56
  IPv6 address: FE80::863D:C6FF:FEC7:204  (link-local)
Platform: cisco AIR-CAP3702I-B-K9,  Capabilities: Trans-Bridge Source-Route-Bridge IGMP 
Interface: GigabitEthernet3/0/32,  Port ID (outgoing port): GigabitEthernet0
Holdtime : 135 sec

Version :
Cisco IOS Software, C3700 Software (AP3G2-K9W8-M), Version 15.3(3)JA8, RELEASE SOFTWARE (fc1)
Technical Support: http://www.cisco.com/techsupport
Copyright (c) 1986-2016 by Cisco Systems, Inc.
Compiled Fri 22-Apr-16 05:48 by prod_rel_team

advertisement version: 2
Duplex: full
Power drawn: 16.800 Watts
Power request id: 37099, Power management id: 2
Power request levels are:16800 15400 13000 0 0 
Management address(es): 
  IP address: 172.29.120.56


Total cdp entries displayed : 32
4th_st_sw01#
DEBUG:netmiko:write_channel: b'\n'
DEBUG:netmiko:read_channel: 
4th_st_sw01#
DEBUG:netmiko:read_channel: 
DEBUG:netmiko:read_channel: 
DEBUG:netmiko:write_channel: b'exit\n'
DEBUG:paramiko.transport:EOF in transport thread
DEBUG:paramiko.transport:starting thread (client mode): 0x5ab83130
DEBUG:paramiko.transport:Local version/idstring: SSH-2.0-paramiko_2.7.1
DEBUG:paramiko.transport:Remote version/idstring: SSH-2.0-Cisco-1.25
INFO:paramiko.transport:Connected (version 2.0, client Cisco-1.25)
DEBUG:paramiko.transport:kex algos:['diffie-hellman-group-exchange-sha1', 'diffie-hellman-group14-sha1', 'diffie-hellman-group1-sha1'] server key:['ssh-rsa'] client encrypt:['aes128-ctr', 'aes192-ctr', 'aes256-ctr', 'aes128-cbc', '3des-cbc', 'aes192-cbc', 'aes256-cbc'] server encrypt:['aes128-ctr', 'aes192-ctr', 'aes256-ctr', 'aes128-cbc', '3des-cbc', 'aes192-cbc', 'aes256-cbc'] client mac:['hmac-sha1', 'hmac-sha1-96'] server mac:['hmac-sha1', 'hmac-sha1-96'] client compress:['none'] server compress:['none'] client lang:[''] server lang:[''] kex follows?False
DEBUG:paramiko.transport:Kex agreed: diffie-hellman-group-exchange-sha1
DEBUG:paramiko.transport:HostKey agreed: ssh-rsa
DEBUG:paramiko.transport:Cipher agreed: aes128-ctr
DEBUG:paramiko.transport:MAC agreed: hmac-sha1
DEBUG:paramiko.transport:Compression agreed: none
DEBUG:paramiko.transport:Got server p (2048 bits)
DEBUG:paramiko.transport:kex engine KexGex specified hash_algo <built-in function openssl_sha1>
DEBUG:paramiko.transport:Switch to new keys ...
DEBUG:paramiko.transport:Adding ssh-rsa host key for 1st_nt_sw01: b'1be71a86fee788b1d053b1ed672ac8b5'
DEBUG:paramiko.transport:userauth is OK
INFO:paramiko.transport:Authentication (password) successful!
DEBUG:paramiko.transport:[chan 0] Max packet in: 32768 bytes
DEBUG:paramiko.transport:[chan 0] Max packet out: 4096 bytes
DEBUG:paramiko.transport:Secsh channel 0 opened.
DEBUG:paramiko.transport:[chan 0] Sesch channel 0 request ok
DEBUG:paramiko.transport:[chan 0] Sesch channel 0 request ok
DEBUG:netmiko:read_channel: C
------------------------------------------------------------------------------------
WARNING:


This system is for the use of authorized clients only. Individuals using the
computer network system without authorization, or in excess of their authorization,
are subject to having all their activity on this computer network system monitored
and recorded by system personnel.  To protect the computer network system from
unauthorized use and to ensure the computer network system is functioning properly,
system administrators monitor this system.  Anyone using this computer network
system expressly consents to such monitoring and is advised that if such monitoring
reveals possible conduct of criminal activity, system personnel may provide the
evidence of such activity to law enforcement officers.

Access is restricted to authorized users only.

Unauthorized access is a violation of state and federal, civil and criminal laws.
------------------------------------------------------------------------------------

1st_nt_sw01>
DEBUG:netmiko:read_channel: 
DEBUG:netmiko:read_channel: 
DEBUG:netmiko:read_channel: 
DEBUG:netmiko:write_channel: b'\n'
DEBUG:netmiko:read_channel: 
1st_nt_sw01>
DEBUG:netmiko:read_channel: 
DEBUG:netmiko:[find_prompt()]: prompt is 1st_nt_sw01>
DEBUG:netmiko:read_channel: 
DEBUG:netmiko:In disable_paging
DEBUG:netmiko:Command: terminal length 0

DEBUG:netmiko:write_channel: b'terminal length 0\n'
DEBUG:netmiko:Pattern is: terminal\ length\ 0
DEBUG:netmiko:_read_channel_expect read_data: t
DEBUG:netmiko:_read_channel_expect read_data: erminal length 0
1st_nt_sw01>
DEBUG:netmiko:Pattern found: terminal\ length\ 0 terminal length 0
1st_nt_sw01>
DEBUG:netmiko:terminal length 0
1st_nt_sw01>
DEBUG:netmiko:Exiting disable_paging
DEBUG:netmiko:write_channel: b'terminal width 511\n'
DEBUG:netmiko:Pattern is: terminal\ width\ 511
DEBUG:netmiko:_read_channel_expect read_data: t
DEBUG:netmiko:_read_channel_expect read_data: erminal width 511
1st_nt_sw01>
DEBUG:netmiko:Pattern found: terminal\ width\ 511 terminal width 511
1st_nt_sw01>
DEBUG:netmiko:read_channel: 
DEBUG:netmiko:write_channel: b'\n'
DEBUG:netmiko:Pattern is: 1st_nt_sw01
DEBUG:netmiko:_read_channel_expect read_data: 

DEBUG:netmiko:_read_channel_expect read_data: 1st_nt_sw01>
DEBUG:netmiko:Pattern found: 1st_nt_sw01 
1st_nt_sw01>
DEBUG:netmiko:write_channel: b'enable\n'
DEBUG:netmiko:Pattern is: (1st_nt_sw01|ssword)
DEBUG:netmiko:_read_channel_expect read_data: e
DEBUG:netmiko:_read_channel_expect read_data: nable
Password: 
DEBUG:netmiko:Pattern found: (1st_nt_sw01|ssword) enable
Password: 
DEBUG:netmiko:write_channel: b'change-mgh\n'
DEBUG:netmiko:Pattern is: 1st_nt_sw01
DEBUG:netmiko:_read_channel_expect read_data: 
1st_nt_sw01#
DEBUG:netmiko:Pattern found: 1st_nt_sw01 
1st_nt_sw01#
DEBUG:netmiko:write_channel: b'\n'
DEBUG:netmiko:Pattern is: 1st_nt_sw01
DEBUG:netmiko:_read_channel_expect read_data: 

DEBUG:netmiko:_read_channel_expect read_data: 1st_nt_sw01#
DEBUG:netmiko:Pattern found: 1st_nt_sw01 
1st_nt_sw01#
DEBUG:netmiko:read_channel: 
DEBUG:netmiko:write_channel: b'\n'
DEBUG:netmiko:read_channel: 
1st_nt_sw01#
DEBUG:netmiko:read_channel: 
DEBUG:netmiko:[find_prompt()]: prompt is 1st_nt_sw01#
DEBUG:netmiko:read_channel: 
DEBUG:netmiko:write_channel: b'sh cdp nei det\n'
DEBUG:netmiko:Pattern is: sh\ cdp\ nei\ det
DEBUG:netmiko:_read_channel_expect read_data: s
DEBUG:netmiko:_read_channel_expect read_data: h cdp nei det
-------------------------
Device ID: ap-1n-mdc
Entry address(es): 
  IP address: 172.29.128.70
  IPv6 address: FE80::C28C:60FF:FE44:84B9  (link-local)
Platform: cisco AIR-CAP3602I-A-K9,  Capabilities: Trans-Bridge Source-Route-Bridge IGMP 
Interface: GigabitEthernet2/0/24,  Port ID (outgoing port): GigabitEthernet0
Holdtime : 140 sec

Version :
Cisco IOS Software, C3600 Software (AP3G2-K9W8-M), Version 15.3(3)JA8, RELEASE SOFTWARE (fc1)
Technical Support: http://www.cisco.com/techsupport
Copyright (c) 1986-2016 by Cisco Systems, Inc.
Compiled Fri 22-Apr-16 05:48 by prod_rel_team

advertisement version: 2
Duplex: full
Power drawn: 15.400 Watts
Power request id: 58185, Power management id: 2
Power request levels are:15400 13000 0 0 0 
Management address(es): 
  IP address: 172.29.128.70

-------------------------
Device ID: ap-1n-mdcdock
Entry address(es): 
  IP address: 172.29.128.84
  IPv6 address: FE80::C28C:60FF:FE20:7C90  (link-local)
Platform: cisco AIR-CAP3602I-A-K9,  Capabilities: Trans-Bridge Source-Route-Bridge IGMP 
Interface: GigabitEthernet3/0/32,  Port ID (outgoing port): GigabitEthernet0
Holdtime : 161 sec

Version :
Cisco IOS Software, C3600 Software (AP3G2-K9W8-M), Version 15.3(3)JA8, RELEASE SOFTWARE (fc1)
Technical Support: http://www.cisco.com/techsupport
Copyright (c) 1986-2016 by Cisco Systems, Inc.
Compiled Fri 22-Apr-16 05:48 by prod_rel_team

advertisement version: 2
Duplex: full
Power drawn: 15.400 Watts
Power request id: 14059, Power management id: 2
Power request levels are:15400 13000 0 0 0 
Management address(es): 
  IP address: 172.29.128.84

-------------------------
Device ID: 1ST_NT_MDF_SW01.mongeneral.com
Entry address(es): 
  IP address: 172.26.1.3
Platform: cisco WS-C3850-24XS,  Capabilities: Router Switch IGMP 
Interface: TenGigabitEthernet2/0/1,  Port ID (outgoing port): TenGigabitEthernet2/0/8
Holdtime : 141 sec

Version :
Cisco IOS Software, IOS-XE Software, Catalyst L3 Switch Software (CAT3K_CAA-UNIVERSALK9-M), Version 03.07.04E RELEASE SOFTWARE (fc1)
Technical Support: http://www.cisco.com/techsupport
Copyright (c) 1986-2016 by Cisco Systems, Inc.
Compiled Thu 19-May-16 11:48 by prod_rel_team

advertisement version: 2
VTP Management Domain: 'MonGen'
Native VLAN: 666
Duplex: full
Management address(es): 
  IP address: 172.26.1.3

-------------------------
Device ID: 1ST_NT_MDF_SW01.mongeneral.com
Entry address(es): 
  IP address: 172.26.1.3
Platform: cisco WS-C3850-24XS,  Capabilities: Router Switch IGMP 
Interface: TenGigabitEthernet1/0/1,  Port ID (outgoing port): TenGigabitEthernet1/0/8
Holdtime : 149 sec

Version :
Cisco IOS Software, IOS-XE Software, Catalyst L3 Switch Software (CAT3K_CAA-UNIVERSALK9-M), Version 03.07.04E RELEASE SOFTWARE (fc1)
Technical Support: http://www.cisco.com/techsupport
Copyright (c) 1986-2016 by Cisco Systems, Inc.
Compiled Thu 19-May-16 11:48 by prod_rel_team

advertisement version: 2
VTP Management Domain: 'MonGen'
Native VLAN: 666
Duplex: full
Management address(es): 
  IP address: 172.26.1.3

-------------------------
Device ID: ap-maint-121
Entry address(es): 
  IP address: 172.29.128.73
  IPv6 address: FE80::E20E:DAFF:FEDB:97BC  (link-local)
Platform: cisco AIR-CAP3702I-A-K9,  Capabilities: Trans-Bridge Source-Route-Bridge IGMP 
Interface: GigabitEthernet3/0/45,  Port ID (outgoing port): GigabitEthernet0
Holdtime : 132 sec

Version :
Cisco IOS Software, C3700 Software (AP3G2-K9W8-M), Version 15.3(3)JA8, RELEASE SOFTWARE (fc1)
Technical Support: http://www.cisco.com/techsupport
Copyright (c) 1986-2016 by Cisco Systems, Inc.
Compiled Fri 22-Apr-16 05:48 by prod_rel_team

advertisement version: 2
Duplex: full
Power drawn: 16.800 Watts
Power request id: 15392, Power management id: 2
Power request levels are:16800 15400 13000 0 0 
Management address(es): 
  IP address: 172.29.128.73

-------------------------
Device ID: ap-1n-1
Entry address(es): 
  IP address: 172.29.128.51
  IPv6 address: FE80::C267:AFFF:FE5B:DCE  (link-local)
Platform: cisco AIR-CAP3602I-A-K9,  Capabilities: Trans-Bridge Source-Route-Bridge IGMP 
Interface: GigabitEthernet2/0/26,  Port ID (outgoing port): GigabitEthernet0
Holdtime : 123 sec

Version :
Cisco IOS Software, C3600 Software (AP3G2-K9W8-M), Version 15.3(3)JA8, RELEASE SOFTWARE (fc1)
Technical Support: http://www.cisco.com/techsupport
Copyright (c) 1986-2016 by Cisco Systems, Inc.
Compiled Fri 22-Apr-16 05:48 by prod_rel_team

advertisement version: 2
Duplex: full
Power drawn: 15.400 Watts
Power request id: 25073, Power management id: 2
Power request levels are:15400 13000 0 0 0 
Management address(es): 
  IP address: 172.29.128.51


Total cdp entries displayed : 6
1st_nt_sw01#
DEBUG:netmiko:Pattern found: sh\ cdp\ nei\ det sh cdp nei det
-------------------------
Device ID: ap-1n-mdc
Entry address(es): 
  IP address: 172.29.128.70
  IPv6 address: FE80::C28C:60FF:FE44:84B9  (link-local)
Platform: cisco AIR-CAP3602I-A-K9,  Capabilities: Trans-Bridge Source-Route-Bridge IGMP 
Interface: GigabitEthernet2/0/24,  Port ID (outgoing port): GigabitEthernet0
Holdtime : 140 sec

Version :
Cisco IOS Software, C3600 Software (AP3G2-K9W8-M), Version 15.3(3)JA8, RELEASE SOFTWARE (fc1)
Technical Support: http://www.cisco.com/techsupport
Copyright (c) 1986-2016 by Cisco Systems, Inc.
Compiled Fri 22-Apr-16 05:48 by prod_rel_team

advertisement version: 2
Duplex: full
Power drawn: 15.400 Watts
Power request id: 58185, Power management id: 2
Power request levels are:15400 13000 0 0 0 
Management address(es): 
  IP address: 172.29.128.70

-------------------------
Device ID: ap-1n-mdcdock
Entry address(es): 
  IP address: 172.29.128.84
  IPv6 address: FE80::C28C:60FF:FE20:7C90  (link-local)
Platform: cisco AIR-CAP3602I-A-K9,  Capabilities: Trans-Bridge Source-Route-Bridge IGMP 
Interface: GigabitEthernet3/0/32,  Port ID (outgoing port): GigabitEthernet0
Holdtime : 161 sec

Version :
Cisco IOS Software, C3600 Software (AP3G2-K9W8-M), Version 15.3(3)JA8, RELEASE SOFTWARE (fc1)
Technical Support: http://www.cisco.com/techsupport
Copyright (c) 1986-2016 by Cisco Systems, Inc.
Compiled Fri 22-Apr-16 05:48 by prod_rel_team

advertisement version: 2
Duplex: full
Power drawn: 15.400 Watts
Power request id: 14059, Power management id: 2
Power request levels are:15400 13000 0 0 0 
Management address(es): 
  IP address: 172.29.128.84

-------------------------
Device ID: 1ST_NT_MDF_SW01.mongeneral.com
Entry address(es): 
  IP address: 172.26.1.3
Platform: cisco WS-C3850-24XS,  Capabilities: Router Switch IGMP 
Interface: TenGigabitEthernet2/0/1,  Port ID (outgoing port): TenGigabitEthernet2/0/8
Holdtime : 141 sec

Version :
Cisco IOS Software, IOS-XE Software, Catalyst L3 Switch Software (CAT3K_CAA-UNIVERSALK9-M), Version 03.07.04E RELEASE SOFTWARE (fc1)
Technical Support: http://www.cisco.com/techsupport
Copyright (c) 1986-2016 by Cisco Systems, Inc.
Compiled Thu 19-May-16 11:48 by prod_rel_team

advertisement version: 2
VTP Management Domain: 'MonGen'
Native VLAN: 666
Duplex: full
Management address(es): 
  IP address: 172.26.1.3

-------------------------
Device ID: 1ST_NT_MDF_SW01.mongeneral.com
Entry address(es): 
  IP address: 172.26.1.3
Platform: cisco WS-C3850-24XS,  Capabilities: Router Switch IGMP 
Interface: TenGigabitEthernet1/0/1,  Port ID (outgoing port): TenGigabitEthernet1/0/8
Holdtime : 149 sec

Version :
Cisco IOS Software, IOS-XE Software, Catalyst L3 Switch Software (CAT3K_CAA-UNIVERSALK9-M), Version 03.07.04E RELEASE SOFTWARE (fc1)
Technical Support: http://www.cisco.com/techsupport
Copyright (c) 1986-2016 by Cisco Systems, Inc.
Compiled Thu 19-May-16 11:48 by prod_rel_team

advertisement version: 2
VTP Management Domain: 'MonGen'
Native VLAN: 666
Duplex: full
Management address(es): 
  IP address: 172.26.1.3

-------------------------
Device ID: ap-maint-121
Entry address(es): 
  IP address: 172.29.128.73
  IPv6 address: FE80::E20E:DAFF:FEDB:97BC  (link-local)
Platform: cisco AIR-CAP3702I-A-K9,  Capabilities: Trans-Bridge Source-Route-Bridge IGMP 
Interface: GigabitEthernet3/0/45,  Port ID (outgoing port): GigabitEthernet0
Holdtime : 132 sec

Version :
Cisco IOS Software, C3700 Software (AP3G2-K9W8-M), Version 15.3(3)JA8, RELEASE SOFTWARE (fc1)
Technical Support: http://www.cisco.com/techsupport
Copyright (c) 1986-2016 by Cisco Systems, Inc.
Compiled Fri 22-Apr-16 05:48 by prod_rel_team

advertisement version: 2
Duplex: full
Power drawn: 16.800 Watts
Power request id: 15392, Power management id: 2
Power request levels are:16800 15400 13000 0 0 
Management address(es): 
  IP address: 172.29.128.73

-------------------------
Device ID: ap-1n-1
Entry address(es): 
  IP address: 172.29.128.51
  IPv6 address: FE80::C267:AFFF:FE5B:DCE  (link-local)
Platform: cisco AIR-CAP3602I-A-K9,  Capabilities: Trans-Bridge Source-Route-Bridge IGMP 
Interface: GigabitEthernet2/0/26,  Port ID (outgoing port): GigabitEthernet0
Holdtime : 123 sec

Version :
Cisco IOS Software, C3600 Software (AP3G2-K9W8-M), Version 15.3(3)JA8, RELEASE SOFTWARE (fc1)
Technical Support: http://www.cisco.com/techsupport
Copyright (c) 1986-2016 by Cisco Systems, Inc.
Compiled Fri 22-Apr-16 05:48 by prod_rel_team

advertisement version: 2
Duplex: full
Power drawn: 15.400 Watts
Power request id: 25073, Power management id: 2
Power request levels are:15400 13000 0 0 0 
Management address(es): 
  IP address: 172.29.128.51


Total cdp entries displayed : 6
1st_nt_sw01#
DEBUG:netmiko:write_channel: b'\n'
DEBUG:netmiko:read_channel: 
1st_nt_sw01#
DEBUG:netmiko:read_channel: 
DEBUG:netmiko:read_channel: 
DEBUG:netmiko:write_channel: b'exit\n'
DEBUG:paramiko.transport:EOF in transport thread
DEBUG:paramiko.transport:starting thread (client mode): 0x5ab7c940
DEBUG:paramiko.transport:Local version/idstring: SSH-2.0-paramiko_2.7.1
DEBUG:paramiko.transport:Remote version/idstring: SSH-2.0-Cisco-1.25
INFO:paramiko.transport:Connected (version 2.0, client Cisco-1.25)
DEBUG:paramiko.transport:kex algos:['diffie-hellman-group-exchange-sha1', 'diffie-hellman-group14-sha1', 'diffie-hellman-group1-sha1'] server key:['ssh-rsa'] client encrypt:['aes128-ctr', 'aes192-ctr', 'aes256-ctr', 'aes128-cbc', '3des-cbc', 'aes192-cbc', 'aes256-cbc'] server encrypt:['aes128-ctr', 'aes192-ctr', 'aes256-ctr', 'aes128-cbc', '3des-cbc', 'aes192-cbc', 'aes256-cbc'] client mac:['hmac-sha1', 'hmac-sha1-96'] server mac:['hmac-sha1', 'hmac-sha1-96'] client compress:['none'] server compress:['none'] client lang:[''] server lang:[''] kex follows?False
DEBUG:paramiko.transport:Kex agreed: diffie-hellman-group-exchange-sha1
DEBUG:paramiko.transport:HostKey agreed: ssh-rsa
DEBUG:paramiko.transport:Cipher agreed: aes128-ctr
DEBUG:paramiko.transport:MAC agreed: hmac-sha1
DEBUG:paramiko.transport:Compression agreed: none
DEBUG:paramiko.transport:Got server p (2048 bits)
DEBUG:paramiko.transport:kex engine KexGex specified hash_algo <built-in function openssl_sha1>
DEBUG:paramiko.transport:Switch to new keys ...
DEBUG:paramiko.transport:Adding ssh-rsa host key for 2nd_nt_sw01: b'3335e8d5d0fa25d93d186d82baeb96c0'
DEBUG:paramiko.transport:userauth is OK
INFO:paramiko.transport:Authentication (password) successful!
DEBUG:paramiko.transport:[chan 0] Max packet in: 32768 bytes
DEBUG:paramiko.transport:[chan 0] Max packet out: 4096 bytes
DEBUG:paramiko.transport:Secsh channel 0 opened.
DEBUG:paramiko.transport:[chan 0] Sesch channel 0 request ok
DEBUG:paramiko.transport:[chan 0] Sesch channel 0 request ok
DEBUG:netmiko:read_channel: C
------------------------------------------------------------------------------------
WARNING:


This system is for the use of authorized clients only. Individuals using the
computer network system without authorization, or in excess of their authorization,
are subject to having all their activity on this computer network system monitored
and recorded by system personnel.  To protect the computer network system from
unauthorized use and to ensure the computer network system is functioning properly,
system administrators monitor this system.  Anyone using this computer network
system expressly consents to such monitoring and is advised that if such monitoring
reveals possible conduct of criminal activity, system personnel may provide the
evidence of such activity to law enforcement officers.

Access is restricted to authorized users only.

Unauthorized access is a violation of state and federal, civil and criminal laws.
------------------------------------------------------------------------------------

2nd_nt_sw01>
DEBUG:netmiko:read_channel: 
DEBUG:netmiko:read_channel: 
DEBUG:netmiko:read_channel: 
DEBUG:netmiko:write_channel: b'\n'
DEBUG:netmiko:read_channel: 
2nd_nt_sw01>
DEBUG:netmiko:read_channel: 
DEBUG:netmiko:[find_prompt()]: prompt is 2nd_nt_sw01>
DEBUG:netmiko:read_channel: 
DEBUG:netmiko:In disable_paging
DEBUG:netmiko:Command: terminal length 0

DEBUG:netmiko:write_channel: b'terminal length 0\n'
DEBUG:netmiko:Pattern is: terminal\ length\ 0
DEBUG:netmiko:_read_channel_expect read_data: t
DEBUG:netmiko:_read_channel_expect read_data: erminal length 0
2nd_nt_sw01>
DEBUG:netmiko:Pattern found: terminal\ length\ 0 terminal length 0
2nd_nt_sw01>
DEBUG:netmiko:terminal length 0
2nd_nt_sw01>
DEBUG:netmiko:Exiting disable_paging
DEBUG:netmiko:write_channel: b'terminal width 511\n'
DEBUG:netmiko:Pattern is: terminal\ width\ 511
DEBUG:netmiko:_read_channel_expect read_data: t
DEBUG:netmiko:_read_channel_expect read_data: erminal width 511
2nd_nt_sw01>
DEBUG:netmiko:Pattern found: terminal\ width\ 511 terminal width 511
2nd_nt_sw01>
DEBUG:netmiko:read_channel: 
DEBUG:netmiko:write_channel: b'\n'
DEBUG:netmiko:Pattern is: 2nd_nt_sw01
DEBUG:netmiko:_read_channel_expect read_data: 

DEBUG:netmiko:_read_channel_expect read_data: 2nd_nt_sw01>
DEBUG:netmiko:Pattern found: 2nd_nt_sw01 
2nd_nt_sw01>
DEBUG:netmiko:write_channel: b'enable\n'
DEBUG:netmiko:Pattern is: (2nd_nt_sw01|ssword)
DEBUG:netmiko:_read_channel_expect read_data: e
DEBUG:netmiko:_read_channel_expect read_data: nable
Password: 
DEBUG:netmiko:Pattern found: (2nd_nt_sw01|ssword) enable
Password: 
DEBUG:netmiko:write_channel: b'change-mgh\n'
DEBUG:netmiko:Pattern is: 2nd_nt_sw01
DEBUG:netmiko:_read_channel_expect read_data: 
2nd_nt_sw01#
DEBUG:netmiko:Pattern found: 2nd_nt_sw01 
2nd_nt_sw01#
DEBUG:netmiko:write_channel: b'\n'
DEBUG:netmiko:Pattern is: 2nd_nt_sw01
DEBUG:netmiko:_read_channel_expect read_data: 

DEBUG:netmiko:_read_channel_expect read_data: 2nd_nt_sw01#
DEBUG:netmiko:Pattern found: 2nd_nt_sw01 
2nd_nt_sw01#
DEBUG:netmiko:read_channel: 
DEBUG:netmiko:write_channel: b'\n'
DEBUG:netmiko:read_channel: 
2nd_nt_sw01#
DEBUG:netmiko:read_channel: 
DEBUG:netmiko:[find_prompt()]: prompt is 2nd_nt_sw01#
DEBUG:netmiko:read_channel: 
DEBUG:netmiko:write_channel: b'sh cdp nei det\n'
DEBUG:netmiko:Pattern is: sh\ cdp\ nei\ det
DEBUG:netmiko:_read_channel_expect read_data: s
DEBUG:netmiko:_read_channel_expect read_data: h cdp nei det
-------------------------
Device ID: ap-2-160
Entry address(es): 
  IP address: 172.29.132.90
  IPv6 address: FE80::22A:10FF:FED7:D354  (link-local)
Platform: cisco AIR-CAP3702I-B-K9,  Capabilities: Trans-Bridge Source-Route-Bridge IGMP 
Interface: GigabitEthernet4/0/18,  Port ID (outgoing port): GigabitEthernet0
Holdtime : 168 sec

Version :
Cisco IOS Software, C3700 Software (AP3G2-K9W8-M), Version 15.3(3)JA8, RELEASE SOFTWARE (fc1)
Technical Support: http://www.cisco.com/techsupport
Copyright (c) 1986-2016 by Cisco Systems, Inc.
Compiled Fri 22-Apr-16 05:48 by prod_rel_team

advertisement version: 2
Duplex: full
Power drawn: 16.800 Watts
Power request id: 9073, Power management id: 2
Power request levels are:16800 15400 13000 0 0 
Management address(es): 
  IP address: 172.29.132.90

-------------------------
Device ID: ap-2-161
Entry address(es): 
  IP address: 172.29.132.78
  IPv6 address: FE80::22A:10FF:FED7:D2BC  (link-local)
Platform: cisco AIR-CAP3702I-B-K9,  Capabilities: Trans-Bridge Source-Route-Bridge IGMP 
Interface: GigabitEthernet4/0/16,  Port ID (outgoing port): GigabitEthernet0
Holdtime : 143 sec

Version :
Cisco IOS Software, C3700 Software (AP3G2-K9W8-M), Version 15.3(3)JA8, RELEASE SOFTWARE (fc1)
Technical Support: http://www.cisco.com/techsupport
Copyright (c) 1986-2016 by Cisco Systems, Inc.
Compiled Fri 22-Apr-16 05:48 by prod_rel_team

advertisement version: 2
Duplex: full
Power drawn: 16.800 Watts
Power request id: 18362, Power management id: 2
Power request levels are:16800 15400 13000 0 0 
Management address(es): 
  IP address: 172.29.132.78

-------------------------
Device ID: ap-2-30
Entry address(es): 
  IP address: 172.29.132.67
  IPv6 address: FE80::26B:F1FF:FEBC:48F0  (link-local)
Platform: cisco AIR-CAP3702I-B-K9,  Capabilities: Trans-Bridge Source-Route-Bridge IGMP 
Interface: GigabitEthernet4/0/22,  Port ID (outgoing port): GigabitEthernet0
Holdtime : 141 sec

Version :
Cisco IOS Software, C3700 Software (AP3G2-K9W8-M), Version 15.3(3)JA8, RELEASE SOFTWARE (fc1)
Technical Support: http://www.cisco.com/techsupport
Copyright (c) 1986-2016 by Cisco Systems, Inc.
Compiled Fri 22-Apr-16 05:48 by prod_rel_team

advertisement version: 2
Duplex: full
Power drawn: 16.800 Watts
Power request id: 10353, Power management id: 52
Power request levels are:16800 15400 13000 0 0 
Management address(es): 
  IP address: 172.29.132.67

-------------------------
Device ID: ap-2-56
Entry address(es): 
  IP address: 172.26.241.56
  IPv6 address: FE80::26B:F1FF:FEB5:7EC8  (link-local)
Platform: cisco AIR-CAP3702I-B-K9,  Capabilities: Trans-Bridge Source-Route-Bridge IGMP 
Interface: GigabitEthernet4/0/12,  Port ID (outgoing port): GigabitEthernet0
Holdtime : 176 sec

Version :
Cisco IOS Software, C3700 Software (AP3G2-K9W8-M), Version 15.3(3)JA8, RELEASE SOFTWARE (fc1)
Technical Support: http://www.cisco.com/techsupport
Copyright (c) 1986-2016 by Cisco Systems, Inc.
Compiled Fri 22-Apr-16 05:48 by prod_rel_team

advertisement version: 2
Duplex: full
Power drawn: 16.800 Watts
Power request id: 11708, Power management id: 2
Power request levels are:16800 15400 13000 0 0 
Management address(es): 
  IP address: 172.26.241.56

-------------------------
Device ID: ap-2-31
Entry address(es): 
  IP address: 172.29.132.63
  IPv6 address: FE80::26B:F1FF:FEB5:7EC0  (link-local)
Platform: cisco AIR-CAP3702I-B-K9,  Capabilities: Trans-Bridge Source-Route-Bridge IGMP 
Interface: GigabitEthernet3/0/24,  Port ID (outgoing port): GigabitEthernet0
Holdtime : 131 sec

Version :
Cisco IOS Software, C3700 Software (AP3G2-K9W8-M), Version 15.3(3)JA8, RELEASE SOFTWARE (fc1)
Technical Support: http://www.cisco.com/techsupport
Copyright (c) 1986-2016 by Cisco Systems, Inc.
Compiled Fri 22-Apr-16 05:48 by prod_rel_team

advertisement version: 2
Duplex: full
Power drawn: 16.800 Watts
Power request id: 20196, Power management id: 2
Power request levels are:16800 15400 13000 0 0 
Management address(es): 
  IP address: 172.29.132.63

-------------------------
Device ID: ap-2-54
Entry address(es): 
  IP address: 172.29.132.55
  IPv6 address: FE80::26B:F1FF:FEE8:2D24  (link-local)
Platform: cisco AIR-CAP3702I-B-K9,  Capabilities: Trans-Bridge Source-Route-Bridge IGMP 
Interface: GigabitEthernet4/0/3,  Port ID (outgoing port): GigabitEthernet0
Holdtime : 162 sec

Version :
Cisco IOS Software, C3700 Software (AP3G2-K9W8-M), Version 15.3(3)JA8, RELEASE SOFTWARE (fc1)
Technical Support: http://www.cisco.com/techsupport
Copyright (c) 1986-2016 by Cisco Systems, Inc.
Compiled Fri 22-Apr-16 05:48 by prod_rel_team

advertisement version: 2
Duplex: full
Power drawn: 16.800 Watts
Power request id: 976, Power management id: 3
Power request levels are:16800 15400 13000 0 0 
Management address(es): 
  IP address: 172.29.132.55

-------------------------
Device ID: ap-2-23
Entry address(es): 
  IP address: 172.29.132.58
  IPv6 address: FE80::26B:F1FF:FE9C:B900  (link-local)
Platform: cisco AIR-CAP3702I-B-K9,  Capabilities: Trans-Bridge Source-Route-Bridge IGMP 
Interface: GigabitEthernet3/0/18,  Port ID (outgoing port): GigabitEthernet0
Holdtime : 147 sec

Version :
Cisco IOS Software, C3700 Software (AP3G2-K9W8-M), Version 15.3(3)JA8, RELEASE SOFTWARE (fc1)
Technical Support: http://www.cisco.com/techsupport
Copyright (c) 1986-2016 by Cisco Systems, Inc.
Compiled Fri 22-Apr-16 05:48 by prod_rel_team

advertisement version: 2
Duplex: full
Power drawn: 16.800 Watts
Power request id: 58905, Power management id: 2
Power request levels are:16800 15400 13000 0 0 
Management address(es): 
  IP address: 172.29.132.58

-------------------------
Device ID: ap-2-32
Entry address(es): 
  IP address: 172.29.132.57
  IPv6 address: FE80::26B:F1FF:FEE2:160  (link-local)
Platform: cisco AIR-CAP3702I-B-K9,  Capabilities: Trans-Bridge Source-Route-Bridge IGMP 
Interface: GigabitEthernet3/0/19,  Port ID (outgoing port): GigabitEthernet0
Holdtime : 131 sec

Version :
Cisco IOS Software, C3700 Software (AP3G2-K9W8-M), Version 15.3(3)JA8, RELEASE SOFTWARE (fc1)
Technical Support: http://www.cisco.com/techsupport
Copyright (c) 1986-2016 by Cisco Systems, Inc.
Compiled Fri 22-Apr-16 05:48 by prod_rel_team

advertisement version: 2
Duplex: full
Power drawn: 16.800 Watts
Power request id: 45526, Power management id: 2
Power request levels are:16800 15400 13000 0 0 
Management address(es): 
  IP address: 172.29.132.57

-------------------------
Device ID: ap-2-55
Entry address(es): 
  IP address: 172.29.132.86
  IPv6 address: FE80::26B:F1FF:FEE3:25D0  (link-local)
Platform: cisco AIR-CAP3702I-B-K9,  Capabilities: Trans-Bridge Source-Route-Bridge IGMP 
Interface: GigabitEthernet3/0/16,  Port ID (outgoing port): GigabitEthernet0
Holdtime : 128 sec

Version :
Cisco IOS Software, C3700 Software (AP3G2-K9W8-M), Version 15.3(3)JA8, RELEASE SOFTWARE (fc1)
Technical Support: http://www.cisco.com/techsupport
Copyright (c) 1986-2016 by Cisco Systems, Inc.
Compiled Fri 22-Apr-16 05:48 by prod_rel_team

advertisement version: 2
Duplex: full
Power drawn: 16.800 Watts
Power request id: 24412, Power management id: 17
Power request levels are:16800 15400 13000 0 0 
Management address(es): 
  IP address: 172.29.132.86

-------------------------
Device ID: ap-2-33
Entry address(es): 
  IP address: 172.29.132.77
  IPv6 address: FE80::26B:F1FF:FEE8:2CC8  (link-local)
Platform: cisco AIR-CAP3702I-B-K9,  Capabilities: Trans-Bridge Source-Route-Bridge IGMP 
Interface: GigabitEthernet4/0/5,  Port ID (outgoing port): GigabitEthernet0
Holdtime : 164 sec

Version :
Cisco IOS Software, C3700 Software (AP3G2-K9W8-M), Version 15.3(3)JA8, RELEASE SOFTWARE (fc1)
Technical Support: http://www.cisco.com/techsupport
Copyright (c) 1986-2016 by Cisco Systems, Inc.
Compiled Fri 22-Apr-16 05:48 by prod_rel_team

advertisement version: 2
Duplex: full
Power drawn: 16.800 Watts
Power request id: 6615, Power management id: 17
Power request levels are:16800 15400 13000 0 0 
Management address(es): 
  IP address: 172.29.132.77

-------------------------
Device ID: ap-2-22
Entry address(es): 
  IP address: 172.29.132.65
  IPv6 address: FE80::26B:F1FF:FEBC:4984  (link-local)
Platform: cisco AIR-CAP3702I-B-K9,  Capabilities: Trans-Bridge Source-Route-Bridge IGMP 
Interface: GigabitEthernet4/0/19,  Port ID (outgoing port): GigabitEthernet0
Holdtime : 151 sec

Version :
Cisco IOS Software, C3700 Software (AP3G2-K9W8-M), Version 15.3(3)JA8, RELEASE SOFTWARE (fc1)
Technical Support: http://www.cisco.com/techsupport
Copyright (c) 1986-2016 by Cisco Systems, Inc.
Compiled Fri 22-Apr-16 05:48 by prod_rel_team

advertisement version: 2
Duplex: full
Power drawn: 16.800 Watts
Power request id: 31133, Power management id: 2
Power request levels are:16800 15400 13000 0 0 
Management address(es): 
  IP address: 172.29.132.65

-------------------------
Device ID: ap-2-16
Entry address(es): 
  IP address: 172.29.132.73
  IPv6 address: FE80::A23D:6FFF:FE04:A1D0  (link-local)
Platform: cisco AIR-CAP3702I-B-K9,  Capabilities: Trans-Bridge Source-Route-Bridge IGMP 
Interface: GigabitEthernet2/0/2,  Port ID (outgoing port): GigabitEthernet0
Holdtime : 171 sec

Version :
Cisco IOS Software, C3700 Software (AP3G2-K9W8-M), Version 15.3(3)JA8, RELEASE SOFTWARE (fc1)
Technical Support: http://www.cisco.com/techsupport
Copyright (c) 1986-2016 by Cisco Systems, Inc.
Compiled Fri 22-Apr-16 05:48 by prod_rel_team

advertisement version: 2
Duplex: full
Power drawn: 16.800 Watts
Power request id: 23535, Power management id: 2
Power request levels are:16800 15400 13000 0 0 
Management address(es): 
  IP address: 172.29.132.73

-------------------------
Device ID: ap-2-34
Entry address(es): 
  IP address: 172.29.132.81
  IPv6 address: FE80::26B:F1FF:FEE2:180  (link-local)
Platform: cisco AIR-CAP3702I-B-K9,  Capabilities: Trans-Bridge Source-Route-Bridge IGMP 
Interface: GigabitEthernet3/0/5,  Port ID (outgoing port): GigabitEthernet0
Holdtime : 170 sec

Version :
Cisco IOS Software, C3700 Software (AP3G2-K9W8-M), Version 15.3(3)JA8, RELEASE SOFTWARE (fc1)
Technical Support: http://www.cisco.com/techsupport
Copyright (c) 1986-2016 by Cisco Systems, Inc.
Compiled Fri 22-Apr-16 05:48 by prod_rel_team

advertisement version: 2
Duplex: full
Power drawn: 16.800 Watts
Power request id: 7126, Power management id: 7
Power request levels are:16800 15400 13000 0 0 
Management address(es): 
  IP address: 172.29.132.81

-------------------------
Device ID: ap-2-25
Entry address(es): 
  IP address: 172.29.132.68
  IPv6 address: FE80::26B:F1FF:FEE8:2BF4  (link-local)
Platform: cisco AIR-CAP3702I-B-K9,  Capabilities: Trans-Bridge Source-Route-Bridge IGMP 
Interface: GigabitEthernet4/0/20,  Port ID (outgoing port): GigabitEthernet0
Holdtime : 131 sec

Version :
Cisco IOS Software, C3700 Software (AP3G2-K9W8-M), Version 15.3(3)JA8, RELEASE SOFTWARE (fc1)
Technical Support: http://www.cisco.com/techsupport
Copyright (c) 1986-2016 by Cisco Systems, Inc.
Compiled Fri 22-Apr-16 05:48 by prod_rel_team

advertisement version: 2
Duplex: full
Power drawn: 16.800 Watts
Power request id: 21964, Power management id: 2
Power request levels are:16800 15400 13000 0 0 
Management address(es): 
  IP address: 172.29.132.68

-------------------------
Device ID: ap-2-52
Entry address(es): 
  IP address: 172.29.132.52
  IPv6 address: FE80::26B:F1FF:FEE3:2844  (link-local)
Platform: cisco AIR-CAP3702I-B-K9,  Capabilities: Trans-Bridge Source-Route-Bridge IGMP 
Interface: GigabitEthernet3/0/3,  Port ID (outgoing port): GigabitEthernet0
Holdtime : 141 sec

Version :
Cisco IOS Software, C3700 Software (AP3G2-K9W8-M), Version 15.3(3)JA8, RELEASE SOFTWARE (fc1)
Technical Support: http://www.cisco.com/techsupport
Copyright (c) 1986-2016 by Cisco Systems, Inc.
Compiled Fri 22-Apr-16 05:48 by prod_rel_team

advertisement version: 2
Duplex: full
Power drawn: 16.800 Watts
Power request id: 31084, Power management id: 2
Power request levels are:16800 15400 13000 0 0 
Management address(es): 
  IP address: 172.29.132.52

-------------------------
Device ID: ap-2-35
Entry address(es): 
  IP address: 172.29.132.83
  IPv6 address: FE80::26B:F1FF:FEE8:2A94  (link-local)
Platform: cisco AIR-CAP3702I-B-K9,  Capabilities: Trans-Bridge Source-Route-Bridge IGMP 
Interface: GigabitEthernet3/0/4,  Port ID (outgoing port): GigabitEthernet0
Holdtime : 158 sec

Version :
Cisco IOS Software, C3700 Software (AP3G2-K9W8-M), Version 15.3(3)JA8, RELEASE SOFTWARE (fc1)
Technical Support: http://www.cisco.com/techsupport
Copyright (c) 1986-2016 by Cisco Systems, Inc.
Compiled Fri 22-Apr-16 05:48 by prod_rel_team

advertisement version: 2
Duplex: full
Power drawn: 16.800 Watts
Power request id: 12320, Power management id: 17
Power request levels are:16800 15400 13000 0 0 
Management address(es): 
  IP address: 172.29.132.83

-------------------------
Device ID: ap-2-53
Entry address(es): 
  IP address: 172.29.132.70
  IPv6 address: FE80::26B:F1FF:FE9C:B7F8  (link-local)
Platform: cisco AIR-CAP3702I-B-K9,  Capabilities: Trans-Bridge Source-Route-Bridge IGMP 
Interface: GigabitEthernet4/0/4,  Port ID (outgoing port): GigabitEthernet0
Holdtime : 167 sec

Version :
Cisco IOS Software, C3700 Software (AP3G2-K9W8-M), Version 15.3(3)JA8, RELEASE SOFTWARE (fc1)
Technical Support: http://www.cisco.com/techsupport
Copyright (c) 1986-2016 by Cisco Systems, Inc.
Compiled Fri 22-Apr-16 05:48 by prod_rel_team

advertisement version: 2
Duplex: full
Power drawn: 16.800 Watts
Power request id: 13912, Power management id: 17
Power request levels are:16800 15400 13000 0 0 
Management address(es): 
  IP address: 172.29.132.70

-------------------------
Device ID: ap-2-24
Entry address(es): 
  IP address: 172.29.132.64
  IPv6 address: FE80::26B:F1FF:FEBC:45AC  (link-local)
Platform: cisco AIR-CAP3702I-B-K9,  Capabilities: Trans-Bridge Source-Route-Bridge IGMP 
Interface: GigabitEthernet4/0/23,  Port ID (outgoing port): GigabitEthernet0
Holdtime : 137 sec

Version :
Cisco IOS Software, C3700 Software (AP3G2-K9W8-M), Version 15.3(3)JA8, RELEASE SOFTWARE (fc1)
Technical Support: http://www.cisco.com/techsupport
Copyright (c) 1986-2016 by Cisco Systems, Inc.
Compiled Fri 22-Apr-16 05:48 by prod_rel_team

advertisement version: 2
Duplex: full
Power drawn: 16.800 Watts
Power request id: 47315, Power management id: 2
Power request levels are:16800 15400 13000 0 0 
Management address(es): 
  IP address: 172.29.132.64

-------------------------
Device ID: ap-2-27
Entry address(es): 
  IP address: 172.29.132.59
  IPv6 address: FE80::26B:F1FF:FEBC:4948  (link-local)
Platform: cisco AIR-CAP3702I-B-K9,  Capabilities: Trans-Bridge Source-Route-Bridge IGMP 
Interface: GigabitEthernet2/0/47,  Port ID (outgoing port): GigabitEthernet0
Holdtime : 134 sec

Version :
Cisco IOS Software, C3700 Software (AP3G2-K9W8-M), Version 15.3(3)JA8, RELEASE SOFTWARE (fc1)
Technical Support: http://www.cisco.com/techsupport
Copyright (c) 1986-2016 by Cisco Systems, Inc.
Compiled Fri 22-Apr-16 05:48 by prod_rel_team

advertisement version: 2
Duplex: full
Power drawn: 16.800 Watts
Power request id: 16723, Power management id: 2
Power request levels are:16800 15400 13000 0 0 
Management address(es): 
  IP address: 172.29.132.59

-------------------------
Device ID: ap-2-36
Entry address(es): 
  IP address: 172.29.132.84
  IPv6 address: FE80::26B:F1FF:FEE2:178  (link-local)
Platform: cisco AIR-CAP3702I-B-K9,  Capabilities: Trans-Bridge Source-Route-Bridge IGMP 
Interface: GigabitEthernet3/0/6,  Port ID (outgoing port): GigabitEthernet0
Holdtime : 150 sec

Version :
Cisco IOS Software, C3700 Software (AP3G2-K9W8-M), Version 15.3(3)JA8, RELEASE SOFTWARE (fc1)
Technical Support: http://www.cisco.com/techsupport
Copyright (c) 1986-2016 by Cisco Systems, Inc.
Compiled Fri 22-Apr-16 05:48 by prod_rel_team

advertisement version: 2
Duplex: full
Power drawn: 16.800 Watts
Power request id: 13343, Power management id: 17
Power request levels are:16800 15400 13000 0 0 
Management address(es): 
  
DEBUG:netmiko:Pattern found: sh\ cdp\ nei\ det sh cdp nei det
-------------------------
Device ID: ap-2-160
Entry address(es): 
  IP address: 172.29.132.90
  IPv6 address: FE80::22A:10FF:FED7:D354  (link-local)
Platform: cisco AIR-CAP3702I-B-K9,  Capabilities: Trans-Bridge Source-Route-Bridge IGMP 
Interface: GigabitEthernet4/0/18,  Port ID (outgoing port): GigabitEthernet0
Holdtime : 168 sec

Version :
Cisco IOS Software, C3700 Software (AP3G2-K9W8-M), Version 15.3(3)JA8, RELEASE SOFTWARE (fc1)
Technical Support: http://www.cisco.com/techsupport
Copyright (c) 1986-2016 by Cisco Systems, Inc.
Compiled Fri 22-Apr-16 05:48 by prod_rel_team

advertisement version: 2
Duplex: full
Power drawn: 16.800 Watts
Power request id: 9073, Power management id: 2
Power request levels are:16800 15400 13000 0 0 
Management address(es): 
  IP address: 172.29.132.90

-------------------------
Device ID: ap-2-161
Entry address(es): 
  IP address: 172.29.132.78
  IPv6 address: FE80::22A:10FF:FED7:D2BC  (link-local)
Platform: cisco AIR-CAP3702I-B-K9,  Capabilities: Trans-Bridge Source-Route-Bridge IGMP 
Interface: GigabitEthernet4/0/16,  Port ID (outgoing port): GigabitEthernet0
Holdtime : 143 sec

Version :
Cisco IOS Software, C3700 Software (AP3G2-K9W8-M), Version 15.3(3)JA8, RELEASE SOFTWARE (fc1)
Technical Support: http://www.cisco.com/techsupport
Copyright (c) 1986-2016 by Cisco Systems, Inc.
Compiled Fri 22-Apr-16 05:48 by prod_rel_team

advertisement version: 2
Duplex: full
Power drawn: 16.800 Watts
Power request id: 18362, Power management id: 2
Power request levels are:16800 15400 13000 0 0 
Management address(es): 
  IP address: 172.29.132.78

-------------------------
Device ID: ap-2-30
Entry address(es): 
  IP address: 172.29.132.67
  IPv6 address: FE80::26B:F1FF:FEBC:48F0  (link-local)
Platform: cisco AIR-CAP3702I-B-K9,  Capabilities: Trans-Bridge Source-Route-Bridge IGMP 
Interface: GigabitEthernet4/0/22,  Port ID (outgoing port): GigabitEthernet0
Holdtime : 141 sec

Version :
Cisco IOS Software, C3700 Software (AP3G2-K9W8-M), Version 15.3(3)JA8, RELEASE SOFTWARE (fc1)
Technical Support: http://www.cisco.com/techsupport
Copyright (c) 1986-2016 by Cisco Systems, Inc.
Compiled Fri 22-Apr-16 05:48 by prod_rel_team

advertisement version: 2
Duplex: full
Power drawn: 16.800 Watts
Power request id: 10353, Power management id: 52
Power request levels are:16800 15400 13000 0 0 
Management address(es): 
  IP address: 172.29.132.67

-------------------------
Device ID: ap-2-56
Entry address(es): 
  IP address: 172.26.241.56
  IPv6 address: FE80::26B:F1FF:FEB5:7EC8  (link-local)
Platform: cisco AIR-CAP3702I-B-K9,  Capabilities: Trans-Bridge Source-Route-Bridge IGMP 
Interface: GigabitEthernet4/0/12,  Port ID (outgoing port): GigabitEthernet0
Holdtime : 176 sec

Version :
Cisco IOS Software, C3700 Software (AP3G2-K9W8-M), Version 15.3(3)JA8, RELEASE SOFTWARE (fc1)
Technical Support: http://www.cisco.com/techsupport
Copyright (c) 1986-2016 by Cisco Systems, Inc.
Compiled Fri 22-Apr-16 05:48 by prod_rel_team

advertisement version: 2
Duplex: full
Power drawn: 16.800 Watts
Power request id: 11708, Power management id: 2
Power request levels are:16800 15400 13000 0 0 
Management address(es): 
  IP address: 172.26.241.56

-------------------------
Device ID: ap-2-31
Entry address(es): 
  IP address: 172.29.132.63
  IPv6 address: FE80::26B:F1FF:FEB5:7EC0  (link-local)
Platform: cisco AIR-CAP3702I-B-K9,  Capabilities: Trans-Bridge Source-Route-Bridge IGMP 
Interface: GigabitEthernet3/0/24,  Port ID (outgoing port): GigabitEthernet0
Holdtime : 131 sec

Version :
Cisco IOS Software, C3700 Software (AP3G2-K9W8-M), Version 15.3(3)JA8, RELEASE SOFTWARE (fc1)
Technical Support: http://www.cisco.com/techsupport
Copyright (c) 1986-2016 by Cisco Systems, Inc.
Compiled Fri 22-Apr-16 05:48 by prod_rel_team

advertisement version: 2
Duplex: full
Power drawn: 16.800 Watts
Power request id: 20196, Power management id: 2
Power request levels are:16800 15400 13000 0 0 
Management address(es): 
  IP address: 172.29.132.63

-------------------------
Device ID: ap-2-54
Entry address(es): 
  IP address: 172.29.132.55
  IPv6 address: FE80::26B:F1FF:FEE8:2D24  (link-local)
Platform: cisco AIR-CAP3702I-B-K9,  Capabilities: Trans-Bridge Source-Route-Bridge IGMP 
Interface: GigabitEthernet4/0/3,  Port ID (outgoing port): GigabitEthernet0
Holdtime : 162 sec

Version :
Cisco IOS Software, C3700 Software (AP3G2-K9W8-M), Version 15.3(3)JA8, RELEASE SOFTWARE (fc1)
Technical Support: http://www.cisco.com/techsupport
Copyright (c) 1986-2016 by Cisco Systems, Inc.
Compiled Fri 22-Apr-16 05:48 by prod_rel_team

advertisement version: 2
Duplex: full
Power drawn: 16.800 Watts
Power request id: 976, Power management id: 3
Power request levels are:16800 15400 13000 0 0 
Management address(es): 
  IP address: 172.29.132.55

-------------------------
Device ID: ap-2-23
Entry address(es): 
  IP address: 172.29.132.58
  IPv6 address: FE80::26B:F1FF:FE9C:B900  (link-local)
Platform: cisco AIR-CAP3702I-B-K9,  Capabilities: Trans-Bridge Source-Route-Bridge IGMP 
Interface: GigabitEthernet3/0/18,  Port ID (outgoing port): GigabitEthernet0
Holdtime : 147 sec

Version :
Cisco IOS Software, C3700 Software (AP3G2-K9W8-M), Version 15.3(3)JA8, RELEASE SOFTWARE (fc1)
Technical Support: http://www.cisco.com/techsupport
Copyright (c) 1986-2016 by Cisco Systems, Inc.
Compiled Fri 22-Apr-16 05:48 by prod_rel_team

advertisement version: 2
Duplex: full
Power drawn: 16.800 Watts
Power request id: 58905, Power management id: 2
Power request levels are:16800 15400 13000 0 0 
Management address(es): 
  IP address: 172.29.132.58

-------------------------
Device ID: ap-2-32
Entry address(es): 
  IP address: 172.29.132.57
  IPv6 address: FE80::26B:F1FF:FEE2:160  (link-local)
Platform: cisco AIR-CAP3702I-B-K9,  Capabilities: Trans-Bridge Source-Route-Bridge IGMP 
Interface: GigabitEthernet3/0/19,  Port ID (outgoing port): GigabitEthernet0
Holdtime : 131 sec

Version :
Cisco IOS Software, C3700 Software (AP3G2-K9W8-M), Version 15.3(3)JA8, RELEASE SOFTWARE (fc1)
Technical Support: http://www.cisco.com/techsupport
Copyright (c) 1986-2016 by Cisco Systems, Inc.
Compiled Fri 22-Apr-16 05:48 by prod_rel_team

advertisement version: 2
Duplex: full
Power drawn: 16.800 Watts
Power request id: 45526, Power management id: 2
Power request levels are:16800 15400 13000 0 0 
Management address(es): 
  IP address: 172.29.132.57

-------------------------
Device ID: ap-2-55
Entry address(es): 
  IP address: 172.29.132.86
  IPv6 address: FE80::26B:F1FF:FEE3:25D0  (link-local)
Platform: cisco AIR-CAP3702I-B-K9,  Capabilities: Trans-Bridge Source-Route-Bridge IGMP 
Interface: GigabitEthernet3/0/16,  Port ID (outgoing port): GigabitEthernet0
Holdtime : 128 sec

Version :
Cisco IOS Software, C3700 Software (AP3G2-K9W8-M), Version 15.3(3)JA8, RELEASE SOFTWARE (fc1)
Technical Support: http://www.cisco.com/techsupport
Copyright (c) 1986-2016 by Cisco Systems, Inc.
Compiled Fri 22-Apr-16 05:48 by prod_rel_team

advertisement version: 2
Duplex: full
Power drawn: 16.800 Watts
Power request id: 24412, Power management id: 17
Power request levels are:16800 15400 13000 0 0 
Management address(es): 
  IP address: 172.29.132.86

-------------------------
Device ID: ap-2-33
Entry address(es): 
  IP address: 172.29.132.77
  IPv6 address: FE80::26B:F1FF:FEE8:2CC8  (link-local)
Platform: cisco AIR-CAP3702I-B-K9,  Capabilities: Trans-Bridge Source-Route-Bridge IGMP 
Interface: GigabitEthernet4/0/5,  Port ID (outgoing port): GigabitEthernet0
Holdtime : 164 sec

Version :
Cisco IOS Software, C3700 Software (AP3G2-K9W8-M), Version 15.3(3)JA8, RELEASE SOFTWARE (fc1)
Technical Support: http://www.cisco.com/techsupport
Copyright (c) 1986-2016 by Cisco Systems, Inc.
Compiled Fri 22-Apr-16 05:48 by prod_rel_team

advertisement version: 2
Duplex: full
Power drawn: 16.800 Watts
Power request id: 6615, Power management id: 17
Power request levels are:16800 15400 13000 0 0 
Management address(es): 
  IP address: 172.29.132.77

-------------------------
Device ID: ap-2-22
Entry address(es): 
  IP address: 172.29.132.65
  IPv6 address: FE80::26B:F1FF:FEBC:4984  (link-local)
Platform: cisco AIR-CAP3702I-B-K9,  Capabilities: Trans-Bridge Source-Route-Bridge IGMP 
Interface: GigabitEthernet4/0/19,  Port ID (outgoing port): GigabitEthernet0
Holdtime : 151 sec

Version :
Cisco IOS Software, C3700 Software (AP3G2-K9W8-M), Version 15.3(3)JA8, RELEASE SOFTWARE (fc1)
Technical Support: http://www.cisco.com/techsupport
Copyright (c) 1986-2016 by Cisco Systems, Inc.
Compiled Fri 22-Apr-16 05:48 by prod_rel_team

advertisement version: 2
Duplex: full
Power drawn: 16.800 Watts
Power request id: 31133, Power management id: 2
Power request levels are:16800 15400 13000 0 0 
Management address(es): 
  IP address: 172.29.132.65

-------------------------
Device ID: ap-2-16
Entry address(es): 
  IP address: 172.29.132.73
  IPv6 address: FE80::A23D:6FFF:FE04:A1D0  (link-local)
Platform: cisco AIR-CAP3702I-B-K9,  Capabilities: Trans-Bridge Source-Route-Bridge IGMP 
Interface: GigabitEthernet2/0/2,  Port ID (outgoing port): GigabitEthernet0
Holdtime : 171 sec

Version :
Cisco IOS Software, C3700 Software (AP3G2-K9W8-M), Version 15.3(3)JA8, RELEASE SOFTWARE (fc1)
Technical Support: http://www.cisco.com/techsupport
Copyright (c) 1986-2016 by Cisco Systems, Inc.
Compiled Fri 22-Apr-16 05:48 by prod_rel_team

advertisement version: 2
Duplex: full
Power drawn: 16.800 Watts
Power request id: 23535, Power management id: 2
Power request levels are:16800 15400 13000 0 0 
Management address(es): 
  IP address: 172.29.132.73

-------------------------
Device ID: ap-2-34
Entry address(es): 
  IP address: 172.29.132.81
  IPv6 address: FE80::26B:F1FF:FEE2:180  (link-local)
Platform: cisco AIR-CAP3702I-B-K9,  Capabilities: Trans-Bridge Source-Route-Bridge IGMP 
Interface: GigabitEthernet3/0/5,  Port ID (outgoing port): GigabitEthernet0
Holdtime : 170 sec

Version :
Cisco IOS Software, C3700 Software (AP3G2-K9W8-M), Version 15.3(3)JA8, RELEASE SOFTWARE (fc1)
Technical Support: http://www.cisco.com/techsupport
Copyright (c) 1986-2016 by Cisco Systems, Inc.
Compiled Fri 22-Apr-16 05:48 by prod_rel_team

advertisement version: 2
Duplex: full
Power drawn: 16.800 Watts
Power request id: 7126, Power management id: 7
Power request levels are:16800 15400 13000 0 0 
Management address(es): 
  IP address: 172.29.132.81

-------------------------
Device ID: ap-2-25
Entry address(es): 
  IP address: 172.29.132.68
  IPv6 address: FE80::26B:F1FF:FEE8:2BF4  (link-local)
Platform: cisco AIR-CAP3702I-B-K9,  Capabilities: Trans-Bridge Source-Route-Bridge IGMP 
Interface: GigabitEthernet4/0/20,  Port ID (outgoing port): GigabitEthernet0
Holdtime : 131 sec

Version :
Cisco IOS Software, C3700 Software (AP3G2-K9W8-M), Version 15.3(3)JA8, RELEASE SOFTWARE (fc1)
Technical Support: http://www.cisco.com/techsupport
Copyright (c) 1986-2016 by Cisco Systems, Inc.
Compiled Fri 22-Apr-16 05:48 by prod_rel_team

advertisement version: 2
Duplex: full
Power drawn: 16.800 Watts
Power request id: 21964, Power management id: 2
Power request levels are:16800 15400 13000 0 0 
Management address(es): 
  IP address: 172.29.132.68

-------------------------
Device ID: ap-2-52
Entry address(es): 
  IP address: 172.29.132.52
  IPv6 address: FE80::26B:F1FF:FEE3:2844  (link-local)
Platform: cisco AIR-CAP3702I-B-K9,  Capabilities: Trans-Bridge Source-Route-Bridge IGMP 
Interface: GigabitEthernet3/0/3,  Port ID (outgoing port): GigabitEthernet0
Holdtime : 141 sec

Version :
Cisco IOS Software, C3700 Software (AP3G2-K9W8-M), Version 15.3(3)JA8, RELEASE SOFTWARE (fc1)
Technical Support: http://www.cisco.com/techsupport
Copyright (c) 1986-2016 by Cisco Systems, Inc.
Compiled Fri 22-Apr-16 05:48 by prod_rel_team

advertisement version: 2
Duplex: full
Power drawn: 16.800 Watts
Power request id: 31084, Power management id: 2
Power request levels are:16800 15400 13000 0 0 
Management address(es): 
  IP address: 172.29.132.52

-------------------------
Device ID: ap-2-35
Entry address(es): 
  IP address: 172.29.132.83
  IPv6 address: FE80::26B:F1FF:FEE8:2A94  (link-local)
Platform: cisco AIR-CAP3702I-B-K9,  Capabilities: Trans-Bridge Source-Route-Bridge IGMP 
Interface: GigabitEthernet3/0/4,  Port ID (outgoing port): GigabitEthernet0
Holdtime : 158 sec

Version :
Cisco IOS Software, C3700 Software (AP3G2-K9W8-M), Version 15.3(3)JA8, RELEASE SOFTWARE (fc1)
Technical Support: http://www.cisco.com/techsupport
Copyright (c) 1986-2016 by Cisco Systems, Inc.
Compiled Fri 22-Apr-16 05:48 by prod_rel_team

advertisement version: 2
Duplex: full
Power drawn: 16.800 Watts
Power request id: 12320, Power management id: 17
Power request levels are:16800 15400 13000 0 0 
Management address(es): 
  IP address: 172.29.132.83

-------------------------
Device ID: ap-2-53
Entry address(es): 
  IP address: 172.29.132.70
  IPv6 address: FE80::26B:F1FF:FE9C:B7F8  (link-local)
Platform: cisco AIR-CAP3702I-B-K9,  Capabilities: Trans-Bridge Source-Route-Bridge IGMP 
Interface: GigabitEthernet4/0/4,  Port ID (outgoing port): GigabitEthernet0
Holdtime : 167 sec

Version :
Cisco IOS Software, C3700 Software (AP3G2-K9W8-M), Version 15.3(3)JA8, RELEASE SOFTWARE (fc1)
Technical Support: http://www.cisco.com/techsupport
Copyright (c) 1986-2016 by Cisco Systems, Inc.
Compiled Fri 22-Apr-16 05:48 by prod_rel_team

advertisement version: 2
Duplex: full
Power drawn: 16.800 Watts
Power request id: 13912, Power management id: 17
Power request levels are:16800 15400 13000 0 0 
Management address(es): 
  IP address: 172.29.132.70

-------------------------
Device ID: ap-2-24
Entry address(es): 
  IP address: 172.29.132.64
  IPv6 address: FE80::26B:F1FF:FEBC:45AC  (link-local)
Platform: cisco AIR-CAP3702I-B-K9,  Capabilities: Trans-Bridge Source-Route-Bridge IGMP 
Interface: GigabitEthernet4/0/23,  Port ID (outgoing port): GigabitEthernet0
Holdtime : 137 sec

Version :
Cisco IOS Software, C3700 Software (AP3G2-K9W8-M), Version 15.3(3)JA8, RELEASE SOFTWARE (fc1)
Technical Support: http://www.cisco.com/techsupport
Copyright (c) 1986-2016 by Cisco Systems, Inc.
Compiled Fri 22-Apr-16 05:48 by prod_rel_team

advertisement version: 2
Duplex: full
Power drawn: 16.800 Watts
Power request id: 47315, Power management id: 2
Power request levels are:16800 15400 13000 0 0 
Management address(es): 
  IP address: 172.29.132.64

-------------------------
Device ID: ap-2-27
Entry address(es): 
  IP address: 172.29.132.59
  IPv6 address: FE80::26B:F1FF:FEBC:4948  (link-local)
Platform: cisco AIR-CAP3702I-B-K9,  Capabilities: Trans-Bridge Source-Route-Bridge IGMP 
Interface: GigabitEthernet2/0/47,  Port ID (outgoing port): GigabitEthernet0
Holdtime : 134 sec

Version :
Cisco IOS Software, C3700 Software (AP3G2-K9W8-M), Version 15.3(3)JA8, RELEASE SOFTWARE (fc1)
Technical Support: http://www.cisco.com/techsupport
Copyright (c) 1986-2016 by Cisco Systems, Inc.
Compiled Fri 22-Apr-16 05:48 by prod_rel_team

advertisement version: 2
Duplex: full
Power drawn: 16.800 Watts
Power request id: 16723, Power management id: 2
Power request levels are:16800 15400 13000 0 0 
Management address(es): 
  IP address: 172.29.132.59

-------------------------
Device ID: ap-2-36
Entry address(es): 
  IP address: 172.29.132.84
  IPv6 address: FE80::26B:F1FF:FEE2:178  (link-local)
Platform: cisco AIR-CAP3702I-B-K9,  Capabilities: Trans-Bridge Source-Route-Bridge IGMP 
Interface: GigabitEthernet3/0/6,  Port ID (outgoing port): GigabitEthernet0
Holdtime : 150 sec

Version :
Cisco IOS Software, C3700 Software (AP3G2-K9W8-M), Version 15.3(3)JA8, RELEASE SOFTWARE (fc1)
Technical Support: http://www.cisco.com/techsupport
Copyright (c) 1986-2016 by Cisco Systems, Inc.
Compiled Fri 22-Apr-16 05:48 by prod_rel_team

advertisement version: 2
Duplex: full
Power drawn: 16.800 Watts
Power request id: 13343, Power management id: 17
Power request levels are:16800 15400 13000 0 0 
Management address(es): 
  
DEBUG:netmiko:read_channel: IP address: 172.29.132.84

-------------------------
Device ID: ap-2-50
Entry address(es): 
  IP address: 172.29.132.56
  IPv6 address: FE80::26B:F1FF:FEE3:27C8  (link-local)
Platform: cisco AIR-CAP3702I-B-K9,  Capabilities: Trans-Bridge Source-Route-Bridge IGMP 
Interface: GigabitEthernet3/0/2,  Port ID (outgoing port): GigabitEthernet0
Holdtime : 166 sec

Version :
Cisco IOS Software, C3700 Software (AP3G2-K9W8-M), Version 15.3(3)JA8, RELEASE SOFTWARE (fc1)
Technical Support: http://www.cisco.com/techsupport
Copyright (c) 1986-2016 by Cisco Systems, Inc.
Compiled Fri 22-Apr-16 05:48 by prod_rel_team

advertisement version: 2
Duplex: full
Power drawn: 16.800 Watts
Power request id: 13296, Power management id: 2
Power request levels are:16800 15400 13000 0 0 
Management address(es): 
  IP address: 172.29.132.56

-------------------------
Device ID: ap-2-15
Entry address(es): 
  IP address: 172.29.132.97
  IPv6 address: FE80::A23D:6FFF:FE1E:EFF8  (link-local)
Platform: cisco AIR-CAP3702I-B-K9,  Capabilities: Trans-Bridge Source-Route-Bridge IGMP 
Interface: GigabitEthernet2/0/48,  Port ID (outgoing port): GigabitEthernet0
Holdtime : 130 sec

Version :
Cisco IOS Software, C3700 Software (AP3G2-K9W8-M), Version 15.3(3)JA8, RELEASE SOFTWARE (fc1)
Technical Support: http://www.cisco.com/techsupport
Copyright (c) 1986-2016 by Cisco Systems, Inc.
Compiled Fri 22-Apr-16 05:48 by prod_rel_team

advertisement version: 2
Duplex: full
Power drawn: 16.800 Watts
Power request id: 39971, Power management id: 2
Power request levels are:16800 15400 13000 0 0 
Management address(es): 
  IP address: 172.29.132.97

-------------------------
Device ID: ap-2-51
Entry address(es): 
  IP address: 172.29.132.54
  IPv6 address: FE80::26B:F1FF:FEE3:2888  (link-local)
Platform: cisco AIR-CAP3702I-B-K9,  Capabilities: Trans-Bridge Source-Route-Bridge IGMP 
Interface: GigabitEthernet4/0/2,  Port ID (outgoing port): GigabitEthernet0
Holdtime : 144 sec

Version :
Cisco IOS Software, C3700 Software (AP3G2-K9W8-M), Version 15.3(3)JA8, RELEASE SOFTWARE (fc1)
Technical Support: http://www.cisco.com/techsupport
Copyright (c) 1986-2016 by Cisco Systems, Inc.
Compiled Fri 22-Apr-16 05:48 by prod_rel_team

advertisement version: 2
Duplex: full
Power drawn: 16.800 Watts
Power request id: 39478, Power management id: 2
Power request levels are:16800 15400 13000 0 0 
Management address(es): 
  IP address: 172.29.132.54

-------------------------
Device ID: ap-2-26
Entry address(es): 
  IP address: 172.29.132.60
  IPv6 address: FE80::26B:F1FF:FEE3:2770  (link-local)
Platform: cisco AIR-CAP3702I-B-K9,  Capabilities: Trans-Bridge Source-Route-Bridge IGMP 
Interface: GigabitEthernet3/0/20,  Port ID (outgoing port): GigabitEthernet0
Holdtime : 143 sec

Version :
Cisco IOS Software, C3700 Software (AP3G2-K9W8-M), Version 15.3(3)JA8, RELEASE SOFTWARE (fc1)
Technical Support: http://www.cisco.com/techsupport
Copyright (c) 1986-2016 by Cisco Systems, Inc.
Compiled Fri 22-Apr-16 05:48 by prod_rel_team

advertisement version: 2
Duplex: full
Power drawn: 16.800 Watts
Power request id: 55036, Power management id: 2
Power request levels are:16800 15400 13000 0 0 
Management address(es): 
  IP address: 172.29.132.60

-------------------------
Device ID: ap-2-29
Entry address(es): 
  IP address: 172.29.132.62
  IPv6 address: FE80::26B:F1FF:FEE3:27EC  (link-local)
Platform: cisco AIR-CAP3702I-B-K9,  Capabilities: Trans-Bridge Source-Route-Bridge IGMP 
Interface: GigabitEthernet3/0/22,  Port ID (outgoing port): GigabitEthernet0
Holdtime : 150 sec

Version :
Cisco IOS Software, C3700 Software (AP3G2-K9W8-M), Version 15.3(3)JA8, RELEASE SOFTWARE (fc1)
Technical Support: http://www.cisco.com/techsupport
Copyright (c) 1986-2016 by Cisco Systems, Inc.
Compiled Fri 22-Apr-16 05:48 by prod_rel_team

advertisement version: 2
Duplex: full
Power drawn: 16.800 Watts
Power request id: 17171, Power management id: 2
Power request levels are:16800 15400 13000 0 0 
Management address(es): 
  IP address: 172.29.132.62

-------------------------
Device ID: ap-2-28
Entry address(es): 
  IP address: 172.29.132.66
  IPv6 address: FE80::26B:F1FF:FEBC:48FC  (link-local)
Platform: cisco AIR-CAP3702I-B-K9,  Capabilities: Trans-Bridge Source-Route-Bridge IGMP 
Interface: GigabitEthernet4/0/21,  Port ID (outgoing port): GigabitEthernet0
Holdtime : 161 sec

Version :
Cisco IOS Software, C3700 Software (AP3G2-K9W8-M), Version 15.3(3)JA8, RELEASE SOFTWARE (fc1)
Technical Support: http://www.cisco.com/techsupport
Copyright (c) 1986-2016 by Cisco Systems, Inc.
Compiled Fri 22-Apr-16 05:48 by prod_rel_team

advertisement version: 2
Duplex: full
Power drawn: 16.800 Watts
Power request id: 1093, Power management id: 2
Power request levels are:16800 15400 13000 0 0 
Management address(es): 
  IP address: 172.29.132.66

-------------------------
Device ID: ap-2-18
Entry address(es): 
  IP address: 172.29.132.96
  IPv6 address: FE80::A23D:6FFF:FE22:9120  (link-local)
Platform: cisco AIR-CAP3702I-B-K9,  Capabilities: Trans-Bridge Source-Route-Bridge IGMP 
Interface: GigabitEthernet2/0/39,  Port ID (outgoing port): GigabitEthernet0
Holdtime : 165 sec

Version :
Cisco IOS Software, C3700 Software (AP3G2-K9W8-M), Version 15.3(3)JA8, RELEASE SOFTWARE (fc1)
Technical Support: http://www.cisco.com/techsupport
Copyright (c) 1986-2016 by Cisco Systems, Inc.
Compiled Fri 22-Apr-16 05:48 by prod_rel_team

advertisement version: 2
Duplex: full
Power drawn: 16.800 Watts
Power request id: 44540, Power management id: 2
Power request levels are:16800 15400 13000 0 0 
Management address(es): 
  IP address: 172.29.132.96

-------------------------
Device ID: ap-2-49
Entry address(es): 
  IP address: 172.29.132.76
  IPv6 address: FE80::26B:F1FF:FEE8:2E0C  (link-local)
Platform: cisco AIR-CAP3702I-B-K9,  Capabilities: Trans-Bridge Source-Route-Bridge IGMP 
Interface: GigabitEthernet3/0/1,  Port ID (outgoing port): GigabitEthernet0
Holdtime : 166 sec

Version :
Cisco IOS Software, C3700 Software (AP3G2-K9W8-M), Version 15.3(3)JA8, RELEASE SOFTWARE (fc1)
Technical Support: http://www.cisco.com/techsupport
Copyright (c) 1986-2016 by Cisco Systems, Inc.
Compiled Fri 22-Apr-16 05:48 by prod_rel_team

advertisement version: 2
Duplex: full
Power drawn: 16.800 Watts
Power request id: 46384, Power management id: 5
Power request levels are:16800 15400 13000 0 0 
Management address(es): 
  IP address: 172.29.132.76

-------------------------
Device ID: ap-2-48
Entry address(es): 
  IP address: 172.29.132.53
  IPv6 address: FE80::26B:F1FF:FEBC:4904  (link-local)
Platform: cisco AIR-CAP3702I-B-K9,  Capabilities: Trans-Bridge Source-Route-Bridge IGMP 
Interface: GigabitEthernet4/0/1,  Port ID (outgoing port): GigabitEthernet0
Holdtime : 172 sec

Version :
Cisco IOS Software, C3700 Software (AP3G2-K9W8-M), Version 15.3(3)JA8, RELEASE SOFTWARE (fc1)
Technical Support: http://www.cisco.com/techsupport
Copyright (c) 1986-2016 by Cisco Systems, Inc.
Compiled Fri 22-Apr-16 05:48 by prod_rel_team

advertisement version: 2
Duplex: full
Power drawn: 16.800 Watts
Power request id: 7992, Power management id: 2
Power request levels are:16800 15400 13000 0 0 
Management address(es): 
  IP address: 172.29.132.53

-------------------------
Device ID: ap-2-1.63
Entry address(es): 
  IP address: 172.29.132.87
  IPv6 address: FE80::2F2:8BFF:FEBE:34D0  (link-local)
Platform: cisco AIR-CAP3702I-A-K9,  Capabilities: Trans-Bridge Source-Route-Bridge IGMP 
Interface: GigabitEthernet4/0/15,  Port ID (outgoing port): GigabitEthernet0
Holdtime : 175 sec

Version :
Cisco IOS Software, C3700 Software (AP3G2-K9W8-M), Version 15.3(3)JA8, RELEASE SOFTWARE (fc1)
Technical Support: http://www.cisco.com/techsupport
Copyright (c) 1986-2016 by Cisco Systems, Inc.
Compiled Fri 22-Apr-16 05:48 by prod_rel_team

advertisement version: 2
Duplex: full
Power drawn: 16.800 Watts
Power request id: 24672, Power management id: 2
Power request levels are:16800 15400 13000 0 0 
Management address(es): 
  IP address: 172.29.132.87

-------------------------
Device ID: ap-2-1.60
Entry address(es): 
  IP address: 172.29.132.79
  IPv6 address: FE80::C267:AFFF:FE5B:D29  (link-local)
Platform: cisco AIR-CAP3602I-A-K9,  Capabilities: Trans-Bridge Source-Route-Bridge IGMP 
Interface: GigabitEthernet4/0/24,  Port ID (outgoing port): GigabitEthernet0
Holdtime : 158 sec

Version :
Cisco IOS Software, C3600 Software (AP3G2-K9W8-M), Version 15.3(3)JA8, RELEASE SOFTWARE (fc1)
Technical Support: http://www.cisco.com/techsupport
Copyright (c) 1986-2016 by Cisco Systems, Inc.
Compiled Fri 22-Apr-16 05:48 by prod_rel_team

advertisement version: 2
Duplex: full
Power drawn: 15.400 Watts
Power request id: 25587, Power management id: 2
Power request levels are:15400 13000 0 0 0 
Management address(es): 
  IP address: 172.29.132.79

-------------------------
Device ID: ap-2-1.61
Entry address(es): 
  IP address: 172.29.132.89
  IPv6 address: FE80::C267:AFFF:FE28:C2D3  (link-local)
Platform: cisco AIR-CAP3602I-A-K9,  Capabilities: Trans-Bridge Source-Route-Bridge IGMP 
Interface: GigabitEthernet3/0/13,  Port ID (outgoing port): GigabitEthernet0
Holdtime : 166 sec

Version :
Cisco IOS Software, C3600 Software (AP3G2-K9W8-M), Version 15.3(3)JA8, RELEASE SOFTWARE (fc1)
Technical Support: http://www.cisco.com/techsupport
Copyright (c) 1986-2016 by Cisco Systems, Inc.
Compiled Fri 22-Apr-16 05:48 by prod_rel_team

advertisement version: 2
Duplex: full
Power drawn: 15.400 Watts
Power request id: 17226, Power management id: 2
Power request levels are:15400 13000 0 0 0 
Management address(es): 
  IP address: 172.29.132.89

-------------------------
Device ID: ap-2-1.64
Entry address(es): 
  IP address: 172.29.132.93
  IPv6 address: FE80::22A:10FF:FEEB:D41C  (link-local)
Platform: cisco AIR-CAP3702I-B-K9,  Capabilities: Trans-Bridge Source-Route-Bridge IGMP 
Interface: GigabitEthernet4/0/11,  Port ID (outgoing port): GigabitEthernet0
Holdtime : 125 sec

Version :
Cisco IOS Software, C3700 Software (AP3G2-K9W8-M), Version 15.3(3)JA8, RELEASE SOFTWARE (fc1)
Technical Support: http://www.cisco.com/techsupport
Copyright (c) 1986-2016 by Cisco Systems, Inc.
Compiled Fri 22-Apr-16 05:48 by prod_rel_team

advertisement version: 2
Duplex: full
Power drawn: 15.400 Watts
Power request id: 39407, Power management id: 3
Power request levels are:16800 15400 13000 0 0 
Management address(es): 
  IP address: 172.29.132.93

-------------------------
Device ID: ap-2-1.65
Entry address(es): 
  IP address: 172.29.132.92
  IPv6 address: FE80::22A:10FF:FEFF:7B84  (link-local)
Platform: cisco AIR-CAP3702I-B-K9,  Capabilities: Trans-Bridge Source-Route-Bridge IGMP 
Interface: GigabitEthernet4/0/14,  Port ID (outgoing port): GigabitEthernet0
Holdtime : 131 sec

Version :
Cisco IOS Software, C3700 Software (AP3G2-K9W8-M), Version 15.3(3)JA8, RELEASE SOFTWARE (fc1)
Technical Support: http://www.cisco.com/techsupport
Copyright (c) 1986-2016 by Cisco Systems, Inc.
Compiled Fri 22-Apr-16 05:48 by prod_rel_team

advertisement version: 2
Duplex: full
Power drawn: 16.800 Watts
Power request id: 7189, Power management id: 3
Power request levels are:16800 15400 13000 0 0 
Management address(es): 
  IP address: 172.29.132.92

-------------------------
Device ID: 1ST_NT_MDF_SW01.mongeneral.com
Entry address(es): 
  IP address: 172.26.1.3
Platform: cisco WS-C3850-24XS,  Capabilities: Router Switch IGMP 
Interface: TenGigabitEthernet2/0/1,  Port ID (outgoing port): TenGigabitEthernet2/0/9
Holdtime : 161 sec

Version :
Cisco IOS Software, IOS-XE Software, Catalyst L3 Switch Software (CAT3K_CAA-UNIVERSALK9-M), Version 03.07.04E RELEASE SOFTWARE (fc1)
Technical Support: http://www.cisco.com/techsupport
Copyright (c) 1986-2016 by Cisco Systems, Inc.
Compiled Thu 19-May-16 11:48 by prod_rel_team

advertisement version: 2
VTP Management Domain: 'MonGen'
Native VLAN: 666
Duplex: full
Management address(es): 
  IP address: 172.26.1.3

-------------------------
Device ID: 1ST_NT_MDF_SW01.mongeneral.com
Entry address(es): 
  IP address: 172.26.1.3
Platform: cisco WS-C3850-24XS,  Capabilities: Router Switch IGMP 
Interface: TenGigabitEthernet1/0/1,  Port ID (outgoing port): TenGigabitEthernet1/0/9
Holdtime : 169 sec

Version :
Cisco IOS Software, IOS-XE Software, Catalyst L3 Switch Software (CAT3K_CAA-UNIVERSALK9-M), Version 03.07.04E RELEASE SOFTWARE (fc1)
Technical Support: http://www.cisco.com/techsupport
Copyright (c) 1986-2016 by Cisco Systems, Inc.
Compiled Thu 19-May-16 11:48 by prod_rel_team

advertisement version: 2
VTP Management Domain: 'MonGen'
Native VLAN: 666
Duplex: full
Management address(es): 
  IP address: 172.26.1.3

-------------------------
Device ID: ap-2n-radonc-1
Entry address(es): 
  IP address: 172.29.132.61
  IPv6 address: FE80::22A:10FF:FEF2:2AF4  (link-local)
Platform: cisco AIR-CAP3702I-B-K9,  Capabilities: Trans-Bridge Source-Route-Bridge IGMP 
Interface: GigabitEthernet3/0/21,  Port ID (outgoing port): GigabitEthernet0
Holdtime : 129 sec

Version :
Cisco IOS Software, C3700 Software (AP3G2-K9W8-M), Version 15.3(3)JA8, RELEASE SOFTWARE (fc1)
Technical Support: http://www.cisco.com/techsupport
Copyright (c) 1986-2016 by Cisco Systems, Inc.
Compiled Fri 22-Apr-16 05:48 by prod_rel_team

advertisement version: 2
Duplex: full
Power drawn: 16.800 Watts
Power request id: 20069, Power management id: 2
Power request levels are:16800 15400 13000 0 0 
Management address(es): 
  IP address: 172.29.132.61

-------------------------
Device ID: ap-2n-2
Entry address(es): 
  IP address: 172.29.132.69
  IPv6 address: FE80::C28C:60FF:FEB0:17DC  (link-local)
Platform: cisco AIR-CAP3602I-A-K9,  Capabilities: Trans-Bridge Source-Route-Bridge IGMP 
Interface: GigabitEthernet1/0/19,  Port ID (outgoing port): GigabitEthernet0
Holdtime : 172 sec

Version :
Cisco IOS Software, C3600 Software (AP3G2-K9W8-M), Version 15.3(3)JA8, RELEASE SOFTWARE (fc1)
Technical Support: http://www.cisco.com/techsupport
Copyright (c) 1986-2016 by Cisco Systems, Inc.
Compiled Fri 22-Apr-16 05:48 by prod_rel_team

advertisement version: 2
Duplex: full
Power drawn: 15.400 Watts
Power request id: 12809, Power management id: 2
Power request levels are:15400 13000 0 0 0 
Management address(es): 
  IP address: 172.29.132.69


Total cdp entries displayed : 38
2nd_nt_sw01#
DEBUG:netmiko:write_channel: b'\n'
DEBUG:netmiko:read_channel: 
2nd_nt_sw01#
DEBUG:netmiko:read_channel: 
DEBUG:netmiko:read_channel: 
DEBUG:netmiko:write_channel: b'exit\n'
DEBUG:paramiko.transport:EOF in transport thread
DEBUG:paramiko.transport:starting thread (client mode): 0x5a9ee4c0
DEBUG:paramiko.transport:Local version/idstring: SSH-2.0-paramiko_2.7.1
DEBUG:paramiko.transport:Remote version/idstring: SSH-2.0-Cisco-1.25
INFO:paramiko.transport:Connected (version 2.0, client Cisco-1.25)
DEBUG:paramiko.transport:kex algos:['diffie-hellman-group-exchange-sha1', 'diffie-hellman-group14-sha1', 'diffie-hellman-group1-sha1'] server key:['ssh-rsa'] client encrypt:['aes128-ctr', 'aes192-ctr', 'aes256-ctr', 'aes128-cbc', '3des-cbc', 'aes192-cbc', 'aes256-cbc'] server encrypt:['aes128-ctr', 'aes192-ctr', 'aes256-ctr', 'aes128-cbc', '3des-cbc', 'aes192-cbc', 'aes256-cbc'] client mac:['hmac-sha1', 'hmac-sha1-96'] server mac:['hmac-sha1', 'hmac-sha1-96'] client compress:['none'] server compress:['none'] client lang:[''] server lang:[''] kex follows?False
DEBUG:paramiko.transport:Kex agreed: diffie-hellman-group-exchange-sha1
DEBUG:paramiko.transport:HostKey agreed: ssh-rsa
DEBUG:paramiko.transport:Cipher agreed: aes128-ctr
DEBUG:paramiko.transport:MAC agreed: hmac-sha1
DEBUG:paramiko.transport:Compression agreed: none
DEBUG:paramiko.transport:Got server p (2048 bits)
DEBUG:paramiko.transport:kex engine KexGex specified hash_algo <built-in function openssl_sha1>
DEBUG:paramiko.transport:Switch to new keys ...
DEBUG:paramiko.transport:Adding ssh-rsa host key for 3rd_st_sw01: b'8ce302ad77b44a8e5c61bd1f4118a2d9'
DEBUG:paramiko.transport:userauth is OK
INFO:paramiko.transport:Authentication (password) successful!
DEBUG:paramiko.transport:[chan 0] Max packet in: 32768 bytes
DEBUG:paramiko.transport:[chan 0] Max packet out: 4096 bytes
DEBUG:paramiko.transport:Secsh channel 0 opened.
DEBUG:paramiko.transport:[chan 0] Sesch channel 0 request ok
DEBUG:paramiko.transport:[chan 0] Sesch channel 0 request ok
DEBUG:netmiko:read_channel: C
------------------------------------------------------------------------------------
WARNING:


This system is for the use of authorized clients only. Individuals using the
computer network system without authorization, or in excess of their authorization,
are subject to having all their activity on this computer network system monitored
and recorded by system personnel.  To protect the computer network system from
unauthorized use and to ensure the computer network system is functioning properly,
system administrators monitor this system.  Anyone using this computer network
system expressly consents to such monitoring and is advised that if such monitoring
reveals possible conduct of criminal activity, system personnel may provide the
evidence of such activity to law enforcement officers.

Access is restricted to authorized users only.

Unauthorized access is a violation of state and federal, civil and criminal laws.
------------------------------------------------------------------------------------

3rd_st_sw01>
DEBUG:netmiko:read_channel: 
DEBUG:netmiko:read_channel: 
DEBUG:netmiko:read_channel: 
DEBUG:netmiko:write_channel: b'\n'
DEBUG:netmiko:read_channel: 
3rd_st_sw01>
DEBUG:netmiko:read_channel: 
DEBUG:netmiko:[find_prompt()]: prompt is 3rd_st_sw01>
DEBUG:netmiko:read_channel: 
DEBUG:netmiko:In disable_paging
DEBUG:netmiko:Command: terminal length 0

DEBUG:netmiko:write_channel: b'terminal length 0\n'
DEBUG:netmiko:Pattern is: terminal\ length\ 0
DEBUG:netmiko:_read_channel_expect read_data: t
DEBUG:netmiko:_read_channel_expect read_data: erminal length 0
3rd_st_sw01>
DEBUG:netmiko:Pattern found: terminal\ length\ 0 terminal length 0
3rd_st_sw01>
DEBUG:netmiko:terminal length 0
3rd_st_sw01>
DEBUG:netmiko:Exiting disable_paging
DEBUG:netmiko:write_channel: b'terminal width 511\n'
DEBUG:netmiko:Pattern is: terminal\ width\ 511
DEBUG:netmiko:_read_channel_expect read_data: t
DEBUG:netmiko:_read_channel_expect read_data: erminal width 511
3rd_st_sw01>
DEBUG:netmiko:Pattern found: terminal\ width\ 511 terminal width 511
3rd_st_sw01>
DEBUG:netmiko:read_channel: 
DEBUG:netmiko:write_channel: b'\n'
DEBUG:netmiko:Pattern is: 3rd_st_sw01
DEBUG:netmiko:_read_channel_expect read_data: 

DEBUG:netmiko:_read_channel_expect read_data: 3rd_st_sw01>
DEBUG:netmiko:Pattern found: 3rd_st_sw01 
3rd_st_sw01>
DEBUG:netmiko:write_channel: b'enable\n'
DEBUG:netmiko:Pattern is: (3rd_st_sw01|ssword)
DEBUG:netmiko:_read_channel_expect read_data: e
DEBUG:netmiko:_read_channel_expect read_data: nable
Password: 
DEBUG:netmiko:Pattern found: (3rd_st_sw01|ssword) enable
Password: 
DEBUG:netmiko:write_channel: b'change-mgh\n'
DEBUG:netmiko:Pattern is: 3rd_st_sw01
DEBUG:netmiko:_read_channel_expect read_data: 
3rd_st_sw01#
DEBUG:netmiko:Pattern found: 3rd_st_sw01 
3rd_st_sw01#
DEBUG:netmiko:write_channel: b'\n'
DEBUG:netmiko:Pattern is: 3rd_st_sw01
DEBUG:netmiko:_read_channel_expect read_data: 

DEBUG:netmiko:_read_channel_expect read_data: 3rd_st_sw01#
DEBUG:netmiko:Pattern found: 3rd_st_sw01 
3rd_st_sw01#
DEBUG:netmiko:read_channel: 
DEBUG:netmiko:write_channel: b'\n'
DEBUG:netmiko:read_channel: 
3rd_st_sw01#
DEBUG:netmiko:read_channel: 
DEBUG:netmiko:[find_prompt()]: prompt is 3rd_st_sw01#
DEBUG:netmiko:read_channel: 
DEBUG:netmiko:write_channel: b'sh cdp nei det\n'
DEBUG:netmiko:Pattern is: sh\ cdp\ nei\ det
DEBUG:netmiko:_read_channel_expect read_data: s
DEBUG:netmiko:_read_channel_expect read_data: h cdp nei det
-------------------------
Device ID: ap-3s-pharm2
Entry address(es): 
  IP address: 172.29.112.80
  IPv6 address: FE80::F60F:1BFF:FE19:FF1B  (link-local)
Platform: cisco AIR-CAP3602I-A-K9,  Capabilities: Trans-Bridge Source-Route-Bridge IGMP 
Interface: GigabitEthernet6/0/6,  Port ID (outgoing port): GigabitEthernet0
Holdtime : 177 sec

Version :
Cisco IOS Software, C3600 Software (AP3G2-K9W8-M), Version 15.3(3)JA8, RELEASE SOFTWARE (fc1)
Technical Support: http://www.cisco.com/techsupport
Copyright (c) 1986-2016 by Cisco Systems, Inc.
Compiled Fri 22-Apr-16 05:48 by prod_rel_team

advertisement version: 2
Duplex: full
Power drawn: 15.400 Watts
Power request id: 49445, Power management id: 2
Power request levels are:15400 13000 0 0 0 
Management address(es): 
  IP address: 172.29.112.80

-------------------------
Device ID: 00180a88fbe4
Entry address(es): 
  IP address: 10.255.32.52
Platform: MS220-8P,  Capabilities: Switch 
Interface: GigabitEthernet4/0/48,  Port ID (outgoing port): Port 2
Holdtime : 150 sec

Version :
1

advertisement version: 2
Native VLAN: 1
Power available id:      0       Power management id:   7096
Power available is: 30.000 Watts Management Power is:4294967.295 Watts

-------------------------
Device ID: ap-3-200
Entry address(es): 
  IP address: 172.29.112.69
  IPv6 address: FE80::A23D:6FFF:FE0A:18A8  (link-local)
Platform: cisco AIR-CAP3702I-B-K9,  Capabilities: Trans-Bridge Source-Route-Bridge IGMP 
Interface: GigabitEthernet6/0/16,  Port ID (outgoing port): GigabitEthernet0
Holdtime : 154 sec

Version :
Cisco IOS Software, C3700 Software (AP3G2-K9W8-M), Version 15.3(3)JA8, RELEASE SOFTWARE (fc1)
Technical Support: http://www.cisco.com/techsupport
Copyright (c) 1986-2016 by Cisco Systems, Inc.
Compiled Fri 22-Apr-16 05:48 by prod_rel_team

advertisement version: 2
Duplex: full
Power drawn: 16.800 Watts
Power request id: 59273, Power management id: 2
Power request levels are:16800 15400 13000 0 0 
Management address(es): 
  IP address: 172.29.112.69

-------------------------
Device ID: ap-3-222
Entry address(es): 
  IP address: 172.29.112.82
  IPv6 address: FE80::A23D:6FFF:FE1E:EF44  (link-local)
Platform: cisco AIR-CAP3702I-B-K9,  Capabilities: Trans-Bridge Source-Route-Bridge IGMP 
Interface: GigabitEthernet5/0/24,  Port ID (outgoing port): GigabitEthernet0
Holdtime : 171 sec

Version :
Cisco IOS Software, C3700 Software (AP3G2-K9W8-M), Version 15.3(3)JA8, RELEASE SOFTWARE (fc1)
Technical Support: http://www.cisco.com/techsupport
Copyright (c) 1986-2016 by Cisco Systems, Inc.
Compiled Fri 22-Apr-16 05:48 by prod_rel_team

advertisement version: 2
Duplex: full
Power drawn: 16.800 Watts
Power request id: 27121, Power management id: 2
Power request levels are:16800 15400 13000 0 0 
Management address(es): 
  IP address: 172.29.112.82

-------------------------
Device ID: ap-3-201
Entry address(es): 
  IP address: 172.29.112.138
  IPv6 address: FE80::A23D:6FFF:FE04:8F54  (link-local)
Platform: cisco AIR-CAP3702I-B-K9,  Capabilities: Trans-Bridge Source-Route-Bridge IGMP 
Interface: GigabitEthernet6/0/17,  Port ID (outgoing port): GigabitEthernet0
Holdtime : 175 sec

Version :
Cisco IOS Software, C3700 Software (AP3G2-K9W8-M), Version 15.3(3)JA8, RELEASE SOFTWARE (fc1)
Technical Support: http://www.cisco.com/techsupport
Copyright (c) 1986-2016 by Cisco Systems, Inc.
Compiled Fri 22-Apr-16 05:48 by prod_rel_team

advertisement version: 2
Duplex: full
Power drawn: 16.800 Watts
Power request id: 20826, Power management id: 2
Power request levels are:16800 15400 13000 0 0 
Management address(es): 
  IP address: 172.29.112.138

-------------------------
Device ID: ap-3-164
Entry address(es): 
  IP address: 172.29.112.57
  IPv6 address: FE80::22A:10FF:FE68:DAC4  (link-local)
Platform: cisco AIR-CAP3702I-B-K9,  Capabilities: Trans-Bridge Source-Route-Bridge IGMP 
Interface: GigabitEthernet5/0/10,  Port ID (outgoing port): GigabitEthernet0
Holdtime : 134 sec

Version :
Cisco IOS Software, C3700 Software (AP3G2-K9W8-M), Version 15.3(3)JA8, RELEASE SOFTWARE (fc1)
Technical Support: http://www.cisco.com/techsupport
Copyright (c) 1986-2016 by Cisco Systems, Inc.
Compiled Fri 22-Apr-16 05:48 by prod_rel_team

advertisement version: 2
Duplex: full
Power drawn: 16.800 Watts
Power request id: 6408, Power management id: 2
Power request levels are:16800 15400 13000 0 0 
Management address(es): 
  IP address: 172.29.112.57

-------------------------
Device ID: ap-3-210
Entry address(es): 
  IP address: 172.29.112.59
  IPv6 address: FE80::A23D:6FFF:FE22:9244  (link-local)
Platform: cisco AIR-CAP3702I-B-K9,  Capabilities: Trans-Bridge Source-Route-Bridge IGMP 
Interface: GigabitEthernet5/0/12,  Port ID (outgoing port): GigabitEthernet0
Holdtime : 146 sec

Version :
Cisco IOS Software, C3700 Software (AP3G2-K9W8-M), Version 15.3(3)JA8, RELEASE SOFTWARE (fc1)
Technical Support: http://www.cisco.com/techsupport
Copyright (c) 1986-2016 by Cisco Systems, Inc.
Compiled Fri 22-Apr-16 05:48 by prod_rel_team

advertisement version: 2
Duplex: full
Power drawn: 16.800 Watts
Power request id: 63732, Power management id: 2
Power request levels are:16800 15400 13000 0 0 
Management address(es): 
  IP address: 172.29.112.59

-------------------------
Device ID: ap-3-223
Entry address(es): 
  IP address: 172.29.112.125
  IPv6 address: FE80::A23D:6FFF:FE04:A0EC  (link-local)
Platform: cisco AIR-CAP3702I-B-K9,  Capabilities: Trans-Bridge Source-Route-Bridge IGMP 
Interface: GigabitEthernet5/0/23,  Port ID (outgoing port): GigabitEthernet0
Holdtime : 143 sec

Version :
Cisco IOS Software, C3700 Software (AP3G2-K9W8-M), Version 15.3(3)JA8, RELEASE SOFTWARE (fc1)
Technical Support: http://www.cisco.com/techsupport
Copyright (c) 1986-2016 by Cisco Systems, Inc.
Compiled Fri 22-Apr-16 05:48 by prod_rel_team

advertisement version: 2
Duplex: full
Power drawn: 16.800 Watts
Power request id: 15324, Power management id: 2
Power request levels are:16800 15400 13000 0 0 
Management address(es): 
  IP address: 172.29.112.125

-------------------------
Device ID: ap-3-213
Entry address(es): 
  IP address: 172.29.112.62
  IPv6 address: FE80::A23D:6FFF:FE1E:EEA0  (link-local)
Platform: cisco AIR-CAP3702I-B-K9,  Capabilities: Trans-Bridge Source-Route-Bridge IGMP 
Interface: GigabitEthernet6/0/11,  Port ID (outgoing port): GigabitEthernet0
Holdtime : 145 sec

Version :
Cisco IOS Software, C3700 Software (AP3G2-K9W8-M), Version 15.3(3)JA8, RELEASE SOFTWARE (fc1)
Technical Support: http://www.cisco.com/techsupport
Copyright (c) 1986-2016 by Cisco Systems, Inc.
Compiled Fri 22-Apr-16 05:48 by prod_rel_team

advertisement version: 2
Duplex: full
Power drawn: 16.800 Watts
Power request id: 9644, Power management id: 2
Power request levels are:16800 15400 13000 0 0 
Management address(es): 
  IP address: 172.29.112.62

-------------------------
Device ID: ap-3-202
Entry address(es): 
  IP address: 172.29.112.71
  IPv6 address: FE80::A23D:6FFF:FE0A:1938  (link-local)
Platform: cisco AIR-CAP3702I-B-K9,  Capabilities: Trans-Bridge Source-Route-Bridge IGMP 
Interface: GigabitEthernet5/0/18,  Port ID (outgoing port): GigabitEthernet0
Holdtime : 147 sec

Version :
Cisco IOS Software, C3700 Software (AP3G2-K9W8-M), Version 15.3(3)JA8, RELEASE SOFTWARE (fc1)
Technical Support: http://www.cisco.com/techsupport
Copyright (c) 1986-2016 by Cisco Systems, Inc.
Compiled Fri 22-Apr-16 05:48 by prod_rel_team

advertisement version: 2
Duplex: full
Power drawn: 16.800 Watts
Power request id: 10597, Power management id: 2
Power request levels are:16800 15400 13000 0 0 
Management address(es): 
  IP address: 172.29.112.71

-------------------------
Device ID: ap-3-220
Entry address(es): 
  IP address: 172.29.112.76
  IPv6 address: FE80::A23D:6FFF:FE1E:F040  (link-local)
Platform: cisco AIR-CAP3702I-B-K9,  Capabilities: Trans-Bridge Source-Route-Bridge IGMP 
Interface: GigabitEthernet5/0/19,  Port ID (outgoing port): GigabitEthernet0
Holdtime : 155 sec

Version :
Cisco IOS Software, C3700 Software (AP3G2-K9W8-M), Version 15.3(3)JA8, RELEASE SOFTWARE (fc1)
Technical Support: http://www.cisco.com/techsupport
Copyright (c) 1986-2016 by Cisco Systems, Inc.
Compiled Fri 22-Apr-16 05:48 by prod_rel_team

advertisement version: 2
Duplex: full
Power drawn: 16.800 Watts
Power request id: 47664, Power management id: 2
Power request levels are:16800 15400 13000 0 0 
Management address(es): 
  IP address: 172.29.112.76

-------------------------
Device ID: ap-3-199
Entry address(es): 
  IP address: 172.29.112.136
  IPv6 address: FE80::26B:F1FF:FE63:6298  (link-local)
Platform: cisco AIR-CAP3702I-B-K9,  Capabilities: Trans-Bridge Source-Route-Bridge IGMP 
Interface: GigabitEthernet5/0/15,  Port ID (outgoing port): GigabitEthernet0
Holdtime : 171 sec

Version :
Cisco IOS Software, C3700 Software (AP3G2-K9W8-M), Version 15.3(3)JA8, RELEASE SOFTWARE (fc1)
Technical Support: http://www.cisco.com/techsupport
Copyright (c) 1986-2016 by Cisco Systems, Inc.
Compiled Fri 22-Apr-16 05:48 by prod_rel_team

advertisement version: 2
Duplex: full
Power drawn: 16.800 Watts
Power request id: 36229, Power management id: 6
Power request levels are:16800 15400 13000 0 0 
Management address(es): 
  IP address: 172.29.112.136

-------------------------
Device ID: ap-3-221
Entry address(es): 
  IP address: 172.29.112.129
  IPv6 address: FE80::A23D:6FFF:FE04:A1AC  (link-local)
Platform: cisco AIR-CAP3702I-B-K9,  Capabilities: Trans-Bridge Source-Route-Bridge IGMP 
Interface: GigabitEthernet6/0/23,  Port ID (outgoing port): GigabitEthernet0
Holdtime : 168 sec

Version :
Cisco IOS Software, C3700 Software (AP3G2-K9W8-M), Version 15.3(3)JA8, RELEASE SOFTWARE (fc1)
Technical Support: http://www.cisco.com/techsupport
Copyright (c) 1986-2016 by Cisco Systems, Inc.
Compiled Fri 22-Apr-16 05:48 by prod_rel_team

advertisement version: 2
Duplex: full
Power drawn: 16.800 Watts
Power request id: 23675, Power management id: 2
Power request levels are:16800 15400 13000 0 0 
Management address(es): 
  IP address: 172.29.112.129

-------------------------
Device ID: ap-3-203
Entry address(es): 
  IP address: 172.29.112.85
  IPv6 address: FE80::A23D:6FFF:FE04:A16C  (link-local)
Platform: cisco AIR-CAP3702I-B-K9,  Capabilities: Trans-Bridge Source-Route-Bridge IGMP 
Interface: GigabitEthernet6/0/24,  Port ID (outgoing port): GigabitEthernet0
Holdtime : 172 sec

Version :
Cisco IOS Software, C3700 Software (AP3G2-K9W8-M), Version 15.3(3)JA8, RELEASE SOFTWARE (fc1)
Technical Support: http://www.cisco.com/techsupport
Copyright (c) 1986-2016 by Cisco Systems, Inc.
Compiled Fri 22-Apr-16 05:48 by prod_rel_team

advertisement version: 2
Duplex: full
Power drawn: 16.800 Watts
Power request id: 47252, Power management id: 2
Power request levels are:16800 15400 13000 0 0 
Management address(es): 
  IP address: 172.29.112.85

-------------------------
Device ID: ap-3-212
Entry address(es): 
  IP address: 172.29.112.64
  IPv6 address: FE80::A23D:6FFF:FE0A:193C  (link-local)
Platform: cisco AIR-CAP3702I-B-K9,  Capabilities: Trans-Bridge Source-Route-Bridge IGMP 
Interface: GigabitEthernet5/0/13,  Port ID (outgoing port): GigabitEthernet0
Holdtime : 133 sec

Version :
Cisco IOS Software, C3700 Software (AP3G2-K9W8-M), Version 15.3(3)JA8, RELEASE SOFTWARE (fc1)
Technical Support: http://www.cisco.com/techsupport
Copyright (c) 1986-2016 by Cisco Systems, Inc.
Compiled Fri 22-Apr-16 05:48 by prod_rel_team

advertisement version: 2
Duplex: full
Power drawn: 16.800 Watts
Power request id: 24852, Power management id: 2
Power request levels are:16800 15400 13000 0 0 
Management address(es): 
  IP address: 172.29.112.64

-------------------------
Device ID: ap-3-204
Entry address(es): 
  IP address: 172.29.112.77
  IPv6 address: FE80::26B:F1FF:FE63:645C  (link-local)
Platform: cisco AIR-CAP3702I-B-K9,  Capabilities: Trans-Bridge Source-Route-Bridge IGMP 
Interface: GigabitEthernet6/0/20,  Port ID (outgoing port): GigabitEthernet0
Holdtime : 175 sec

Version :
Cisco IOS Software, C3700 Software (AP3G2-K9W8-M), Version 15.3(3)JA8, RELEASE SOFTWARE (fc1)
Technical Support: http://www.cisco.com/techsupport
Copyright (c) 1986-2016 by Cisco Systems, Inc.
Compiled Fri 22-Apr-16 05:48 by prod_rel_team

advertisement version: 2
Duplex: full
Power drawn: 16.800 Watts
Power request id: 53468, Power management id: 2
Power request levels are:16800 15400 13000 0 0 
Management address(es): 
  IP address: 172.29.112.77

-------------------------
Device ID: ap-3-215
Entry address(es): 
  IP address: 172.29.112.61
  IPv6 address: FE80::A23D:6FFF:FE22:92A4  (link-local)
Platform: cisco AIR-CAP3702I-B-K9,  Capabilities: Trans-Bridge Source-Route-Bridge IGMP 
Interface: GigabitEthernet6/0/12,  Port ID (outgoing port): GigabitEthernet0
Holdtime : 132 sec

Version :
Cisco IOS Software, C3700 Software (AP3G2-K9W8-M), Version 15.3(3)JA8, RELEASE SOFTWARE (fc1)
Technical Support: http://www.cisco.com/techsupport
Copyright (c) 1986-2016 by Cisco Systems, Inc.
Compiled Fri 22-Apr-16 05:48 by prod_rel_team

advertisement version: 2
Duplex: full
Power drawn: 16.800 Watts
Power request id: 23749, Power management id: 2
Power request levels are:16800 15400 13000 0 0 
Management address(es): 
  IP address: 172.29.112.61

-------------------------
Device ID: ap-3-226
Entry address(es): 
  IP address: 172.29.112.72
  IPv6 address: FE80::26B:F1FF:FE5A:8EB0  (link-local)
Platform: cisco AIR-CAP3702I-B-K9,  Capabilities: Trans-Bridge Source-Route-Bridge IGMP 
Interface: GigabitEthernet5/0/17,  Port ID (outgoing port): GigabitEthernet0
Holdtime : 150 sec

Version :
Cisco IOS Software, C3700 Software (AP3G2-K9W8-M), Version 15.3(3)JA8, RELEASE SOFTWARE (fc1)
Technical Support: http://www.cisco.com/techsupport
Copyright (c) 1986-2016 by Cisco Systems, Inc.
Compiled Fri 22-Apr-16 05:48 by prod_rel_team

advertisement version: 2
Duplex: full
Power drawn: 16.800 Watts
Power request id: 29831, Power management id: 3
Power request levels are:16800 15400 13000 0 0 
Management address(es): 
  IP address: 172.29.112.72

-------------------------
Device ID: ap-3-205
Entry address(es): 
  IP address: 172.29.112.73
  IPv6 address: FE80::26B:F1FF:FE39:CE1C  (link-local)
Platform: cisco AIR-CAP3702I-B-K9,  Capabilities: Trans-Bridge Source-Route-Bridge IGMP 
Interface: GigabitEthernet6/0/19,  Port ID (outgoing port): GigabitEthernet0
Holdtime : 174 sec

Version :
Cisco IOS Software, C3700 Software (AP3G2-K9W8-M), Version 15.3(3)JA8, RELEASE SOFTWARE (fc1)
Technical Support: http://www.cisco.com/techsupport
Copyright (c) 1986-2016 by Cisco Systems, Inc.
Compiled Fri 22-Apr-16 05:48 by prod_rel_team

advertisement version: 2
Duplex: full
Power drawn: 16.800 Watts
Power request id: 56291, Power management id: 4
Power request levels are:16800 15400 13000 0 0 
Management address(es): 
  IP address: 172.29.112.73

-------------------------
Device ID: ap-3-214
Entry address(es): 
  IP address: 172.29.112.60
  IPv6 address: FE80::A23D:6FFF:FE1A:604C  (link-local)
Platform: cisco AIR-CAP3702I-B-K9,  Capabilities: Trans-Bridge Source-Route-Bridge IGMP 
Interface: GigabitEthernet5/0/11,  Port ID (outgoing port): GigabitEthernet0
Holdtime : 138 sec

Version :
Cisco IOS Software, C3700 Software (AP3G2-K9W8-M), Version 15.3(3)JA8, RELEASE SOFTWARE (fc1)
Technical Support: http://www.cisco.com/techsupport
Copyright (c) 1986-2016 by Cisco Systems, Inc.
Compiled Fri 22-Apr-16 05:48 by prod_rel_team

advertisement version: 2
Duplex: full
Power drawn: 16.800 Watts
Power request id: 3105, Power management id: 2
Power request levels are:16800 15400 13000 0 0 
Management address(es): 
  IP address: 172.29.112.60

-------------------------
Device ID: ap-3-224
Entry address(es): 
  IP address: 172.29.112.75
  IPv6 address: FE80::26B:F1FF:FE3B:B6D4  (link-local)
Platform: cisco AIR-CAP3702I-B-K9,  Capabilities: Trans-Bridge Source-Route-Bridge IGMP 
Interface: GigabitEthernet5/0/20,  Port ID (outgoing port): GigabitEthernet
DEBUG:netmiko:Pattern found: sh\ cdp\ nei\ det sh cdp nei det
-------------------------
Device ID: ap-3s-pharm2
Entry address(es): 
  IP address: 172.29.112.80
  IPv6 address: FE80::F60F:1BFF:FE19:FF1B  (link-local)
Platform: cisco AIR-CAP3602I-A-K9,  Capabilities: Trans-Bridge Source-Route-Bridge IGMP 
Interface: GigabitEthernet6/0/6,  Port ID (outgoing port): GigabitEthernet0
Holdtime : 177 sec

Version :
Cisco IOS Software, C3600 Software (AP3G2-K9W8-M), Version 15.3(3)JA8, RELEASE SOFTWARE (fc1)
Technical Support: http://www.cisco.com/techsupport
Copyright (c) 1986-2016 by Cisco Systems, Inc.
Compiled Fri 22-Apr-16 05:48 by prod_rel_team

advertisement version: 2
Duplex: full
Power drawn: 15.400 Watts
Power request id: 49445, Power management id: 2
Power request levels are:15400 13000 0 0 0 
Management address(es): 
  IP address: 172.29.112.80

-------------------------
Device ID: 00180a88fbe4
Entry address(es): 
  IP address: 10.255.32.52
Platform: MS220-8P,  Capabilities: Switch 
Interface: GigabitEthernet4/0/48,  Port ID (outgoing port): Port 2
Holdtime : 150 sec

Version :
1

advertisement version: 2
Native VLAN: 1
Power available id:      0       Power management id:   7096
Power available is: 30.000 Watts Management Power is:4294967.295 Watts

-------------------------
Device ID: ap-3-200
Entry address(es): 
  IP address: 172.29.112.69
  IPv6 address: FE80::A23D:6FFF:FE0A:18A8  (link-local)
Platform: cisco AIR-CAP3702I-B-K9,  Capabilities: Trans-Bridge Source-Route-Bridge IGMP 
Interface: GigabitEthernet6/0/16,  Port ID (outgoing port): GigabitEthernet0
Holdtime : 154 sec

Version :
Cisco IOS Software, C3700 Software (AP3G2-K9W8-M), Version 15.3(3)JA8, RELEASE SOFTWARE (fc1)
Technical Support: http://www.cisco.com/techsupport
Copyright (c) 1986-2016 by Cisco Systems, Inc.
Compiled Fri 22-Apr-16 05:48 by prod_rel_team

advertisement version: 2
Duplex: full
Power drawn: 16.800 Watts
Power request id: 59273, Power management id: 2
Power request levels are:16800 15400 13000 0 0 
Management address(es): 
  IP address: 172.29.112.69

-------------------------
Device ID: ap-3-222
Entry address(es): 
  IP address: 172.29.112.82
  IPv6 address: FE80::A23D:6FFF:FE1E:EF44  (link-local)
Platform: cisco AIR-CAP3702I-B-K9,  Capabilities: Trans-Bridge Source-Route-Bridge IGMP 
Interface: GigabitEthernet5/0/24,  Port ID (outgoing port): GigabitEthernet0
Holdtime : 171 sec

Version :
Cisco IOS Software, C3700 Software (AP3G2-K9W8-M), Version 15.3(3)JA8, RELEASE SOFTWARE (fc1)
Technical Support: http://www.cisco.com/techsupport
Copyright (c) 1986-2016 by Cisco Systems, Inc.
Compiled Fri 22-Apr-16 05:48 by prod_rel_team

advertisement version: 2
Duplex: full
Power drawn: 16.800 Watts
Power request id: 27121, Power management id: 2
Power request levels are:16800 15400 13000 0 0 
Management address(es): 
  IP address: 172.29.112.82

-------------------------
Device ID: ap-3-201
Entry address(es): 
  IP address: 172.29.112.138
  IPv6 address: FE80::A23D:6FFF:FE04:8F54  (link-local)
Platform: cisco AIR-CAP3702I-B-K9,  Capabilities: Trans-Bridge Source-Route-Bridge IGMP 
Interface: GigabitEthernet6/0/17,  Port ID (outgoing port): GigabitEthernet0
Holdtime : 175 sec

Version :
Cisco IOS Software, C3700 Software (AP3G2-K9W8-M), Version 15.3(3)JA8, RELEASE SOFTWARE (fc1)
Technical Support: http://www.cisco.com/techsupport
Copyright (c) 1986-2016 by Cisco Systems, Inc.
Compiled Fri 22-Apr-16 05:48 by prod_rel_team

advertisement version: 2
Duplex: full
Power drawn: 16.800 Watts
Power request id: 20826, Power management id: 2
Power request levels are:16800 15400 13000 0 0 
Management address(es): 
  IP address: 172.29.112.138

-------------------------
Device ID: ap-3-164
Entry address(es): 
  IP address: 172.29.112.57
  IPv6 address: FE80::22A:10FF:FE68:DAC4  (link-local)
Platform: cisco AIR-CAP3702I-B-K9,  Capabilities: Trans-Bridge Source-Route-Bridge IGMP 
Interface: GigabitEthernet5/0/10,  Port ID (outgoing port): GigabitEthernet0
Holdtime : 134 sec

Version :
Cisco IOS Software, C3700 Software (AP3G2-K9W8-M), Version 15.3(3)JA8, RELEASE SOFTWARE (fc1)
Technical Support: http://www.cisco.com/techsupport
Copyright (c) 1986-2016 by Cisco Systems, Inc.
Compiled Fri 22-Apr-16 05:48 by prod_rel_team

advertisement version: 2
Duplex: full
Power drawn: 16.800 Watts
Power request id: 6408, Power management id: 2
Power request levels are:16800 15400 13000 0 0 
Management address(es): 
  IP address: 172.29.112.57

-------------------------
Device ID: ap-3-210
Entry address(es): 
  IP address: 172.29.112.59
  IPv6 address: FE80::A23D:6FFF:FE22:9244  (link-local)
Platform: cisco AIR-CAP3702I-B-K9,  Capabilities: Trans-Bridge Source-Route-Bridge IGMP 
Interface: GigabitEthernet5/0/12,  Port ID (outgoing port): GigabitEthernet0
Holdtime : 146 sec

Version :
Cisco IOS Software, C3700 Software (AP3G2-K9W8-M), Version 15.3(3)JA8, RELEASE SOFTWARE (fc1)
Technical Support: http://www.cisco.com/techsupport
Copyright (c) 1986-2016 by Cisco Systems, Inc.
Compiled Fri 22-Apr-16 05:48 by prod_rel_team

advertisement version: 2
Duplex: full
Power drawn: 16.800 Watts
Power request id: 63732, Power management id: 2
Power request levels are:16800 15400 13000 0 0 
Management address(es): 
  IP address: 172.29.112.59

-------------------------
Device ID: ap-3-223
Entry address(es): 
  IP address: 172.29.112.125
  IPv6 address: FE80::A23D:6FFF:FE04:A0EC  (link-local)
Platform: cisco AIR-CAP3702I-B-K9,  Capabilities: Trans-Bridge Source-Route-Bridge IGMP 
Interface: GigabitEthernet5/0/23,  Port ID (outgoing port): GigabitEthernet0
Holdtime : 143 sec

Version :
Cisco IOS Software, C3700 Software (AP3G2-K9W8-M), Version 15.3(3)JA8, RELEASE SOFTWARE (fc1)
Technical Support: http://www.cisco.com/techsupport
Copyright (c) 1986-2016 by Cisco Systems, Inc.
Compiled Fri 22-Apr-16 05:48 by prod_rel_team

advertisement version: 2
Duplex: full
Power drawn: 16.800 Watts
Power request id: 15324, Power management id: 2
Power request levels are:16800 15400 13000 0 0 
Management address(es): 
  IP address: 172.29.112.125

-------------------------
Device ID: ap-3-213
Entry address(es): 
  IP address: 172.29.112.62
  IPv6 address: FE80::A23D:6FFF:FE1E:EEA0  (link-local)
Platform: cisco AIR-CAP3702I-B-K9,  Capabilities: Trans-Bridge Source-Route-Bridge IGMP 
Interface: GigabitEthernet6/0/11,  Port ID (outgoing port): GigabitEthernet0
Holdtime : 145 sec

Version :
Cisco IOS Software, C3700 Software (AP3G2-K9W8-M), Version 15.3(3)JA8, RELEASE SOFTWARE (fc1)
Technical Support: http://www.cisco.com/techsupport
Copyright (c) 1986-2016 by Cisco Systems, Inc.
Compiled Fri 22-Apr-16 05:48 by prod_rel_team

advertisement version: 2
Duplex: full
Power drawn: 16.800 Watts
Power request id: 9644, Power management id: 2
Power request levels are:16800 15400 13000 0 0 
Management address(es): 
  IP address: 172.29.112.62

-------------------------
Device ID: ap-3-202
Entry address(es): 
  IP address: 172.29.112.71
  IPv6 address: FE80::A23D:6FFF:FE0A:1938  (link-local)
Platform: cisco AIR-CAP3702I-B-K9,  Capabilities: Trans-Bridge Source-Route-Bridge IGMP 
Interface: GigabitEthernet5/0/18,  Port ID (outgoing port): GigabitEthernet0
Holdtime : 147 sec

Version :
Cisco IOS Software, C3700 Software (AP3G2-K9W8-M), Version 15.3(3)JA8, RELEASE SOFTWARE (fc1)
Technical Support: http://www.cisco.com/techsupport
Copyright (c) 1986-2016 by Cisco Systems, Inc.
Compiled Fri 22-Apr-16 05:48 by prod_rel_team

advertisement version: 2
Duplex: full
Power drawn: 16.800 Watts
Power request id: 10597, Power management id: 2
Power request levels are:16800 15400 13000 0 0 
Management address(es): 
  IP address: 172.29.112.71

-------------------------
Device ID: ap-3-220
Entry address(es): 
  IP address: 172.29.112.76
  IPv6 address: FE80::A23D:6FFF:FE1E:F040  (link-local)
Platform: cisco AIR-CAP3702I-B-K9,  Capabilities: Trans-Bridge Source-Route-Bridge IGMP 
Interface: GigabitEthernet5/0/19,  Port ID (outgoing port): GigabitEthernet0
Holdtime : 155 sec

Version :
Cisco IOS Software, C3700 Software (AP3G2-K9W8-M), Version 15.3(3)JA8, RELEASE SOFTWARE (fc1)
Technical Support: http://www.cisco.com/techsupport
Copyright (c) 1986-2016 by Cisco Systems, Inc.
Compiled Fri 22-Apr-16 05:48 by prod_rel_team

advertisement version: 2
Duplex: full
Power drawn: 16.800 Watts
Power request id: 47664, Power management id: 2
Power request levels are:16800 15400 13000 0 0 
Management address(es): 
  IP address: 172.29.112.76

-------------------------
Device ID: ap-3-199
Entry address(es): 
  IP address: 172.29.112.136
  IPv6 address: FE80::26B:F1FF:FE63:6298  (link-local)
Platform: cisco AIR-CAP3702I-B-K9,  Capabilities: Trans-Bridge Source-Route-Bridge IGMP 
Interface: GigabitEthernet5/0/15,  Port ID (outgoing port): GigabitEthernet0
Holdtime : 171 sec

Version :
Cisco IOS Software, C3700 Software (AP3G2-K9W8-M), Version 15.3(3)JA8, RELEASE SOFTWARE (fc1)
Technical Support: http://www.cisco.com/techsupport
Copyright (c) 1986-2016 by Cisco Systems, Inc.
Compiled Fri 22-Apr-16 05:48 by prod_rel_team

advertisement version: 2
Duplex: full
Power drawn: 16.800 Watts
Power request id: 36229, Power management id: 6
Power request levels are:16800 15400 13000 0 0 
Management address(es): 
  IP address: 172.29.112.136

-------------------------
Device ID: ap-3-221
Entry address(es): 
  IP address: 172.29.112.129
  IPv6 address: FE80::A23D:6FFF:FE04:A1AC  (link-local)
Platform: cisco AIR-CAP3702I-B-K9,  Capabilities: Trans-Bridge Source-Route-Bridge IGMP 
Interface: GigabitEthernet6/0/23,  Port ID (outgoing port): GigabitEthernet0
Holdtime : 168 sec

Version :
Cisco IOS Software, C3700 Software (AP3G2-K9W8-M), Version 15.3(3)JA8, RELEASE SOFTWARE (fc1)
Technical Support: http://www.cisco.com/techsupport
Copyright (c) 1986-2016 by Cisco Systems, Inc.
Compiled Fri 22-Apr-16 05:48 by prod_rel_team

advertisement version: 2
Duplex: full
Power drawn: 16.800 Watts
Power request id: 23675, Power management id: 2
Power request levels are:16800 15400 13000 0 0 
Management address(es): 
  IP address: 172.29.112.129

-------------------------
Device ID: ap-3-203
Entry address(es): 
  IP address: 172.29.112.85
  IPv6 address: FE80::A23D:6FFF:FE04:A16C  (link-local)
Platform: cisco AIR-CAP3702I-B-K9,  Capabilities: Trans-Bridge Source-Route-Bridge IGMP 
Interface: GigabitEthernet6/0/24,  Port ID (outgoing port): GigabitEthernet0
Holdtime : 172 sec

Version :
Cisco IOS Software, C3700 Software (AP3G2-K9W8-M), Version 15.3(3)JA8, RELEASE SOFTWARE (fc1)
Technical Support: http://www.cisco.com/techsupport
Copyright (c) 1986-2016 by Cisco Systems, Inc.
Compiled Fri 22-Apr-16 05:48 by prod_rel_team

advertisement version: 2
Duplex: full
Power drawn: 16.800 Watts
Power request id: 47252, Power management id: 2
Power request levels are:16800 15400 13000 0 0 
Management address(es): 
  IP address: 172.29.112.85

-------------------------
Device ID: ap-3-212
Entry address(es): 
  IP address: 172.29.112.64
  IPv6 address: FE80::A23D:6FFF:FE0A:193C  (link-local)
Platform: cisco AIR-CAP3702I-B-K9,  Capabilities: Trans-Bridge Source-Route-Bridge IGMP 
Interface: GigabitEthernet5/0/13,  Port ID (outgoing port): GigabitEthernet0
Holdtime : 133 sec

Version :
Cisco IOS Software, C3700 Software (AP3G2-K9W8-M), Version 15.3(3)JA8, RELEASE SOFTWARE (fc1)
Technical Support: http://www.cisco.com/techsupport
Copyright (c) 1986-2016 by Cisco Systems, Inc.
Compiled Fri 22-Apr-16 05:48 by prod_rel_team

advertisement version: 2
Duplex: full
Power drawn: 16.800 Watts
Power request id: 24852, Power management id: 2
Power request levels are:16800 15400 13000 0 0 
Management address(es): 
  IP address: 172.29.112.64

-------------------------
Device ID: ap-3-204
Entry address(es): 
  IP address: 172.29.112.77
  IPv6 address: FE80::26B:F1FF:FE63:645C  (link-local)
Platform: cisco AIR-CAP3702I-B-K9,  Capabilities: Trans-Bridge Source-Route-Bridge IGMP 
Interface: GigabitEthernet6/0/20,  Port ID (outgoing port): GigabitEthernet0
Holdtime : 175 sec

Version :
Cisco IOS Software, C3700 Software (AP3G2-K9W8-M), Version 15.3(3)JA8, RELEASE SOFTWARE (fc1)
Technical Support: http://www.cisco.com/techsupport
Copyright (c) 1986-2016 by Cisco Systems, Inc.
Compiled Fri 22-Apr-16 05:48 by prod_rel_team

advertisement version: 2
Duplex: full
Power drawn: 16.800 Watts
Power request id: 53468, Power management id: 2
Power request levels are:16800 15400 13000 0 0 
Management address(es): 
  IP address: 172.29.112.77

-------------------------
Device ID: ap-3-215
Entry address(es): 
  IP address: 172.29.112.61
  IPv6 address: FE80::A23D:6FFF:FE22:92A4  (link-local)
Platform: cisco AIR-CAP3702I-B-K9,  Capabilities: Trans-Bridge Source-Route-Bridge IGMP 
Interface: GigabitEthernet6/0/12,  Port ID (outgoing port): GigabitEthernet0
Holdtime : 132 sec

Version :
Cisco IOS Software, C3700 Software (AP3G2-K9W8-M), Version 15.3(3)JA8, RELEASE SOFTWARE (fc1)
Technical Support: http://www.cisco.com/techsupport
Copyright (c) 1986-2016 by Cisco Systems, Inc.
Compiled Fri 22-Apr-16 05:48 by prod_rel_team

advertisement version: 2
Duplex: full
Power drawn: 16.800 Watts
Power request id: 23749, Power management id: 2
Power request levels are:16800 15400 13000 0 0 
Management address(es): 
  IP address: 172.29.112.61

-------------------------
Device ID: ap-3-226
Entry address(es): 
  IP address: 172.29.112.72
  IPv6 address: FE80::26B:F1FF:FE5A:8EB0  (link-local)
Platform: cisco AIR-CAP3702I-B-K9,  Capabilities: Trans-Bridge Source-Route-Bridge IGMP 
Interface: GigabitEthernet5/0/17,  Port ID (outgoing port): GigabitEthernet0
Holdtime : 150 sec

Version :
Cisco IOS Software, C3700 Software (AP3G2-K9W8-M), Version 15.3(3)JA8, RELEASE SOFTWARE (fc1)
Technical Support: http://www.cisco.com/techsupport
Copyright (c) 1986-2016 by Cisco Systems, Inc.
Compiled Fri 22-Apr-16 05:48 by prod_rel_team

advertisement version: 2
Duplex: full
Power drawn: 16.800 Watts
Power request id: 29831, Power management id: 3
Power request levels are:16800 15400 13000 0 0 
Management address(es): 
  IP address: 172.29.112.72

-------------------------
Device ID: ap-3-205
Entry address(es): 
  IP address: 172.29.112.73
  IPv6 address: FE80::26B:F1FF:FE39:CE1C  (link-local)
Platform: cisco AIR-CAP3702I-B-K9,  Capabilities: Trans-Bridge Source-Route-Bridge IGMP 
Interface: GigabitEthernet6/0/19,  Port ID (outgoing port): GigabitEthernet0
Holdtime : 174 sec

Version :
Cisco IOS Software, C3700 Software (AP3G2-K9W8-M), Version 15.3(3)JA8, RELEASE SOFTWARE (fc1)
Technical Support: http://www.cisco.com/techsupport
Copyright (c) 1986-2016 by Cisco Systems, Inc.
Compiled Fri 22-Apr-16 05:48 by prod_rel_team

advertisement version: 2
Duplex: full
Power drawn: 16.800 Watts
Power request id: 56291, Power management id: 4
Power request levels are:16800 15400 13000 0 0 
Management address(es): 
  IP address: 172.29.112.73

-------------------------
Device ID: ap-3-214
Entry address(es): 
  IP address: 172.29.112.60
  IPv6 address: FE80::A23D:6FFF:FE1A:604C  (link-local)
Platform: cisco AIR-CAP3702I-B-K9,  Capabilities: Trans-Bridge Source-Route-Bridge IGMP 
Interface: GigabitEthernet5/0/11,  Port ID (outgoing port): GigabitEthernet0
Holdtime : 138 sec

Version :
Cisco IOS Software, C3700 Software (AP3G2-K9W8-M), Version 15.3(3)JA8, RELEASE SOFTWARE (fc1)
Technical Support: http://www.cisco.com/techsupport
Copyright (c) 1986-2016 by Cisco Systems, Inc.
Compiled Fri 22-Apr-16 05:48 by prod_rel_team

advertisement version: 2
Duplex: full
Power drawn: 16.800 Watts
Power request id: 3105, Power management id: 2
Power request levels are:16800 15400 13000 0 0 
Management address(es): 
  IP address: 172.29.112.60

-------------------------
Device ID: ap-3-224
Entry address(es): 
  IP address: 172.29.112.75
  IPv6 address: FE80::26B:F1FF:FE3B:B6D4  (link-local)
Platform: cisco AIR-CAP3702I-B-K9,  Capabilities: Trans-Bridge Source-Route-Bridge IGMP 
Interface: GigabitEthernet5/0/20,  Port ID (outgoing port): GigabitEthernet
DEBUG:netmiko:read_channel: 0
Holdtime : 132 sec

Version :
Cisco IOS Software, C3700 Software (AP3G2-K9W8-M), Version 15.3(3)JA8, RELEASE SOFTWARE (fc1)
Technical Support: http://www.cisco.com/techsupport
Copyright (c) 1986-2016 by Cisco Systems, Inc.
Compiled Fri 22-Apr-16 05:48 by prod_rel_team

advertisement version: 2
Duplex: full
Power drawn: 16.800 Watts
Power request id: 33415, Power management id: 4
Power request levels are:16800 15400 13000 0 0 
Management address(es): 
  IP address: 172.29.112.75

-------------------------
Device ID: ap-3-206
Entry address(es): 
  IP address: 172.29.112.110
  IPv6 address: FE80::26B:F1FF:FE5A:8790  (link-local)
Platform: cisco AIR-CAP3702I-B-K9,  Capabilities: Trans-Bridge Source-Route-Bridge IGMP 
Interface: GigabitEthernet6/0/21,  Port ID (outgoing port): GigabitEthernet0
Holdtime : 172 sec

Version :
Cisco IOS Software, C3700 Software (AP3G2-K9W8-M), Version 15.3(3)JA8, RELEASE SOFTWARE (fc1)
Technical Support: http://www.cisco.com/techsupport
Copyright (c) 1986-2016 by Cisco Systems, Inc.
Compiled Fri 22-Apr-16 05:48 by prod_rel_team

advertisement version: 2
Duplex: full
Power drawn: 16.800 Watts
Power request id: 12345, Power management id: 2
Power request levels are:16800 15400 13000 0 0 
Management address(es): 
  IP address: 172.29.112.110

-------------------------
Device ID: ap-3-217
Entry address(es): 
  IP address: 172.29.112.66
  IPv6 address: FE80::A23D:6FFF:FE0A:1948  (link-local)
Platform: cisco AIR-CAP3702I-B-K9,  Capabilities: Trans-Bridge Source-Route-Bridge IGMP 
Interface: GigabitEthernet6/0/13,  Port ID (outgoing port): GigabitEthernet0
Holdtime : 160 sec

Version :
Cisco IOS Software, C3700 Software (AP3G2-K9W8-M), Version 15.3(3)JA8, RELEASE SOFTWARE (fc1)
Technical Support: http://www.cisco.com/techsupport
Copyright (c) 1986-2016 by Cisco Systems, Inc.
Compiled Fri 22-Apr-16 05:48 by prod_rel_team

advertisement version: 2
Duplex: full
Power drawn: 16.800 Watts
Power request id: 1918, Power management id: 2
Power request levels are:16800 15400 13000 0 0 
Management address(es): 
  IP address: 172.29.112.66

-------------------------
Device ID: ap-3-225
Entry address(es): 
  IP address: 172.29.112.83
  IPv6 address: FE80::26B:F1FF:FE47:3098  (link-local)
Platform: cisco AIR-CAP3702I-B-K9,  Capabilities: Trans-Bridge Source-Route-Bridge IGMP 
Interface: GigabitEthernet6/0/22,  Port ID (outgoing port): GigabitEthernet0
Holdtime : 133 sec

Version :
Cisco IOS Software, C3700 Software (AP3G2-K9W8-M), Version 15.3(3)JA8, RELEASE SOFTWARE (fc1)
Technical Support: http://www.cisco.com/techsupport
Copyright (c) 1986-2016 by Cisco Systems, Inc.
Compiled Fri 22-Apr-16 05:48 by prod_rel_team

advertisement version: 2
Duplex: full
Power drawn: 16.800 Watts
Power request id: 40014, Power management id: 2
Power request levels are:16800 15400 13000 0 0 
Management address(es): 
  IP address: 172.29.112.83

-------------------------
Device ID: ap-3-216
Entry address(es): 
  IP address: 172.29.112.78
  IPv6 address: FE80::A23D:6FFF:FE1A:5FB8  (link-local)
Platform: cisco AIR-CAP3702I-B-K9,  Capabilities: Trans-Bridge Source-Route-Bridge IGMP 
Interface: GigabitEthernet6/0/18,  Port ID (outgoing port): GigabitEthernet0
Holdtime : 169 sec

Version :
Cisco IOS Software, C3700 Software (AP3G2-K9W8-M), Version 15.3(3)JA8, RELEASE SOFTWARE (fc1)
Technical Support: http://www.cisco.com/techsupport
Copyright (c) 1986-2016 by Cisco Systems, Inc.
Compiled Fri 22-Apr-16 05:48 by prod_rel_team

advertisement version: 2
Duplex: full
Power drawn: 16.800 Watts
Power request id: 33094, Power management id: 2
Power request levels are:16800 15400 13000 0 0 
Management address(es): 
  IP address: 172.29.112.78

-------------------------
Device ID: ap-3-207
Entry address(es): 
  IP address: 172.29.112.67
  IPv6 address: FE80::26B:F1FF:FE3B:B700  (link-local)
Platform: cisco AIR-CAP3702I-B-K9,  Capabilities: Trans-Bridge Source-Route-Bridge IGMP 
Interface: GigabitEthernet5/0/16,  Port ID (outgoing port): GigabitEthernet0
Holdtime : 153 sec

Version :
Cisco IOS Software, C3700 Software (AP3G2-K9W8-M), Version 15.3(3)JA8, RELEASE SOFTWARE (fc1)
Technical Support: http://www.cisco.com/techsupport
Copyright (c) 1986-2016 by Cisco Systems, Inc.
Compiled Fri 22-Apr-16 05:48 by prod_rel_team

advertisement version: 2
Duplex: full
Power drawn: 16.800 Watts
Power request id: 2, Power management id: 2
Power request levels are:16800 15400 13000 0 0 
Management address(es): 
  IP address: 172.29.112.67

-------------------------
Device ID: ap-3-208
Entry address(es): 
  IP address: 172.29.112.79
  IPv6 address: FE80::26B:F1FF:FE39:D5F4  (link-local)
Platform: cisco AIR-CAP3702I-B-K9,  Capabilities: Trans-Bridge Source-Route-Bridge IGMP 
Interface: GigabitEthernet5/0/21,  Port ID (outgoing port): GigabitEthernet0
Holdtime : 172 sec

Version :
Cisco IOS Software, C3700 Software (AP3G2-K9W8-M), Version 15.3(3)JA8, RELEASE SOFTWARE (fc1)
Technical Support: http://www.cisco.com/techsupport
Copyright (c) 1986-2016 by Cisco Systems, Inc.
Compiled Fri 22-Apr-16 05:48 by prod_rel_team

advertisement version: 2
Duplex: full
Power drawn: 16.800 Watts
Power request id: 49076, Power management id: 2
Power request levels are:16800 15400 13000 0 0 
Management address(es): 
  IP address: 172.29.112.79

-------------------------
Device ID: ap-3-219
Entry address(es): 
  IP address: 172.29.112.84
  IPv6 address: FE80::A23D:6FFF:FE0A:190C  (link-local)
Platform: cisco AIR-CAP3702I-B-K9,  Capabilities: Trans-Bridge Source-Route-Bridge IGMP 
Interface: GigabitEthernet5/0/22,  Port ID (outgoing port): GigabitEthernet0
Holdtime : 143 sec

Version :
Cisco IOS Software, C3700 Software (AP3G2-K9W8-M), Version 15.3(3)JA8, RELEASE SOFTWARE (fc1)
Technical Support: http://www.cisco.com/techsupport
Copyright (c) 1986-2016 by Cisco Systems, Inc.
Compiled Fri 22-Apr-16 05:48 by prod_rel_team

advertisement version: 2
Duplex: full
Power drawn: 16.800 Watts
Power request id: 51833, Power management id: 2
Power request levels are:16800 15400 13000 0 0 
Management address(es): 
  IP address: 172.29.112.84

-------------------------
Device ID: ap-3-218
Entry address(es): 
  IP address: 172.29.112.65
  IPv6 address: FE80::A23D:6FFF:FE22:90A4  (link-local)
Platform: cisco AIR-CAP3702I-B-K9,  Capabilities: Trans-Bridge Source-Route-Bridge IGMP 
Interface: GigabitEthernet6/0/14,  Port ID (outgoing port): GigabitEthernet0
Holdtime : 134 sec

Version :
Cisco IOS Software, C3700 Software (AP3G2-K9W8-M), Version 15.3(3)JA8, RELEASE SOFTWARE (fc1)
Technical Support: http://www.cisco.com/techsupport
Copyright (c) 1986-2016 by Cisco Systems, Inc.
Compiled Fri 22-Apr-16 05:48 by prod_rel_team

advertisement version: 2
Duplex: full
Power drawn: 16.800 Watts
Power request id: 18321, Power management id: 2
Power request levels are:16800 15400 13000 0 0 
Management address(es): 
  IP address: 172.29.112.65

-------------------------
Device ID: ap-3-209
Entry address(es): 
  IP address: 172.29.112.70
  IPv6 address: FE80::26B:F1FF:FE5A:8798  (link-local)
Platform: cisco AIR-CAP3702I-B-K9,  Capabilities: Trans-Bridge Source-Route-Bridge IGMP 
Interface: GigabitEthernet6/0/15,  Port ID (outgoing port): GigabitEthernet0
Holdtime : 139 sec

Version :
Cisco IOS Software, C3700 Software (AP3G2-K9W8-M), Version 15.3(3)JA8, RELEASE SOFTWARE (fc1)
Technical Support: http://www.cisco.com/techsupport
Copyright (c) 1986-2016 by Cisco Systems, Inc.
Compiled Fri 22-Apr-16 05:48 by prod_rel_team

advertisement version: 2
Duplex: full
Power drawn: 16.800 Watts
Power request id: 16781, Power management id: 2
Power request levels are:16800 15400 13000 0 0 
Management address(es): 
  IP address: 172.29.112.70

-------------------------
Device ID: ap-3s-icu2
Entry address(es): 
  IP address: 172.29.112.56
  IPv6 address: FE80::C28C:60FF:FE20:7D3F  (link-local)
Platform: cisco AIR-CAP3602I-A-K9,  Capabilities: Trans-Bridge Source-Route-Bridge IGMP 
Interface: GigabitEthernet5/0/8,  Port ID (outgoing port): GigabitEthernet0
Holdtime : 166 sec

Version :
Cisco IOS Software, C3600 Software (AP3G2-K9W8-M), Version 15.3(3)JA8, RELEASE SOFTWARE (fc1)
Technical Support: http://www.cisco.com/techsupport
Copyright (c) 1986-2016 by Cisco Systems, Inc.
Compiled Fri 22-Apr-16 05:48 by prod_rel_team

advertisement version: 2
Duplex: full
Power drawn: 15.400 Watts
Power request id: 38414, Power management id: 2
Power request levels are:15400 13000 0 0 0 
Management address(es): 
  IP address: 172.29.112.56

-------------------------
Device ID: ap-3-211.mhs.org
Entry address(es): 
  IP address: 172.29.112.137
  IPv6 address: FE80::26B:F1FF:FE5A:858C  (link-local)
Platform: cisco AIR-CAP3702I-B-K9,  Capabilities: Trans-Bridge Source-Route-Bridge IGMP 
Interface: GigabitEthernet5/0/14,  Port ID (outgoing port): GigabitEthernet0
Holdtime : 174 sec

Version :
Cisco IOS Software, C3700 Software (AP3G2-K9W8-M), Version 15.3(3)JA8, RELEASE SOFTWARE (fc1)
Technical Support: http://www.cisco.com/techsupport
Copyright (c) 1986-2016 by Cisco Systems, Inc.
Compiled Fri 22-Apr-16 05:48 by prod_rel_team

advertisement version: 2
Duplex: full
Power drawn: 16.800 Watts
Power request id: 51067, Power management id: 2
Power request levels are:16800 15400 13000 0 0 
Management address(es): 
  IP address: 172.29.112.137

-------------------------
Device ID: ap-3s-icu3
Entry address(es): 
  IP address: 172.29.112.131
  IPv6 address: FE80::C267:AFFF:FE28:C25B  (link-local)
Platform: cisco AIR-CAP3602I-A-K9,  Capabilities: Trans-Bridge Source-Route-Bridge IGMP 
Interface: GigabitEthernet1/0/13,  Port ID (outgoing port): GigabitEthernet0
Holdtime : 161 sec

Version :
Cisco IOS Software, C3600 Software (AP3G2-K9W8-M), Version 15.3(3)JA8, RELEASE SOFTWARE (fc1)
Technical Support: http://www.cisco.com/techsupport
Copyright (c) 1986-2016 by Cisco Systems, Inc.
Compiled Fri 22-Apr-16 05:48 by prod_rel_team

advertisement version: 2
Duplex: full
Power drawn: 15.400 Watts
Power request id: 56977, Power management id: 2
Power request levels are:15400 13000 0 0 0 
Management address(es): 
  IP address: 172.29.112.131

-------------------------
Device ID: ap-3s-icu1
Entry address(es): 
  IP address: 172.29.112.53
  IPv6 address: FE80::C28C:60FF:FE20:7CC3  (link-local)
Platform: cisco AIR-CAP3602I-A-K9,  Capabilities: Trans-Bridge Source-Route-Bridge IGMP 
Interface: GigabitEthernet6/0/8,  Port ID (outgoing port): GigabitEthernet0
Holdtime : 157 sec

Version :
Cisco IOS Software, C3600 Software (AP3G2-K9W8-M), Version 15.3(3)JA8, RELEASE SOFTWARE (fc1)
Technical Support: http://www.cisco.com/techsupport
Copyright (c) 1986-2016 by Cisco Systems, Inc.
Compiled Fri 22-Apr-16 05:48 by prod_rel_team

advertisement version: 2
Duplex: full
Power drawn: 15.400 Watts
Power request id: 18389, Power management id: 2
Power request levels are:15400 13000 0 0 0 
Management address(es): 
  IP address: 172.29.112.53

-------------------------
Device ID: ap-3s-pharm
Entry address(es): 
  IP address: 172.29.112.52
  IPv6 address: FE80::C28C:60FF:FE20:7CC6  (link-local)
Platform: cisco AIR-CAP3602I-A-K9,  Capabilities: Trans-Bridge Source-Route-Bridge IGMP 
Interface: GigabitEthernet5/0/5,  Port ID (outgoing port): GigabitEthernet0
Holdtime : 154 sec

Version :
Cisco IOS Software, C3600 Software (AP3G2-K9W8-M), Version 15.3(3)JA8, RELEASE SOFTWARE (fc1)
Technical Support: http://www.cisco.com/techsupport
Copyright (c) 1986-2016 by Cisco Systems, Inc.
Compiled Fri 22-Apr-16 05:48 by prod_rel_team

advertisement version: 2
Duplex: full
Power drawn: 15.400 Watts
Power request id: 25983, Power management id: 2
Power request levels are:15400 13000 0 0 0 
Management address(es): 
  IP address: 172.29.112.52

-------------------------
Device ID: 1ST_NT_MDF_SW01.mongeneral.com
Entry address(es): 
  IP address: 172.26.1.3
Platform: cisco WS-C3850-24XS,  Capabilities: Router Switch IGMP 
Interface: TenGigabitEthernet2/0/1,  Port ID (outgoing port): TenGigabitEthernet2/0/4
Holdtime : 179 sec

Version :
Cisco IOS Software, IOS-XE Software, Catalyst L3 Switch Software (CAT3K_CAA-UNIVERSALK9-M), Version 03.07.04E RELEASE SOFTWARE (fc1)
Technical Support: http://www.cisco.com/techsupport
Copyright (c) 1986-2016 by Cisco Systems, Inc.
Compiled Thu 19-May-16 11:48 by prod_rel_team

advertisement version: 2
VTP Management Domain: 'MonGen'
Native VLAN: 666
Duplex: full
Management address(es): 
  IP address: 172.26.1.3

-------------------------
Device ID: 1ST_NT_MDF_SW01.mongeneral.com
Entry address(es): 
  IP address: 172.26.1.3
Platform: cisco WS-C3850-24XS,  Capabilities: Router Switch IGMP 
Interface: TenGigabitEthernet1/0/1,  Port ID (outgoing port): TenGigabitEthernet1/0/4
Holdtime : 176 sec

Version :
Cisco IOS Software, IOS-XE Software, Catalyst L3 Switch Software (CAT3K_CAA-UNIVERSALK9-M), Version 03.07.04E RELEASE SOFTWARE (fc1)
Technical Support: http://www.cisco.com/techsupport
Copyright (c) 1986-2016 by Cisco Systems, Inc.
Compiled Thu 19-May-16 11:48 by prod_rel_team

advertisement version: 2
VTP Management Domain: 'MonGen'
Native VLAN: 666
Duplex: full
Management address(es): 
  IP address: 172.26.1.3

-------------------------
Device ID: ap-3s-pacu
Entry address(es): 
  IP address: 172.29.112.55
  IPv6 address: FE80::C267:AFFF:FE5B:D10  (link-local)
Platform: cisco AIR-CAP3602I-A-K9,  Capabilities: Trans-Bridge Source-Route-Bridge IGMP 
Interface: GigabitEthernet5/0/7,  Port ID (outgoing port): GigabitEthernet0
Holdtime : 143 sec

Version :
Cisco IOS Software, C3600 Software (AP3G2-K9W8-M), Version 15.3(3)JA8, RELEASE SOFTWARE (fc1)
Technical Support: http://www.cisco.com/techsupport
Copyright (c) 1986-2016 by Cisco Systems, Inc.
Compiled Fri 22-Apr-16 05:48 by prod_rel_team

advertisement version: 2
Duplex: full
Power drawn: 15.400 Watts
Power request id: 38961, Power management id: 2
Power request levels are:15400 13000 0 0 0 
Management address(es): 
  IP address: 172.29.112.55

-------------------------
Device ID: ap-3s-3
Entry address(es): 
  IP address: 172.29.112.54
  IPv6 address: FE80::C267:AFFF:FE5B:D21  (link-local)
Platform: cisco AIR-CAP3602I-A-K9,  Capabilities: Trans-Bridge Source-Route-Bridge IGMP 
Interface: GigabitEthernet2/0/5,  Port ID (outgoing port): GigabitEthernet0
Holdtime : 145 sec

Version :
Cisco IOS Software, C3600 Software (AP3G2-K9W8-M), Version 15.3(3)JA8, RELEASE SOFTWARE (fc1)
Technical Support: http://www.cisco.com/techsupport
Copyright (c) 1986-2016 by Cisco Systems, Inc.
Compiled Fri 22-Apr-16 05:48 by prod_rel_team

advertisement version: 2
Duplex: full
Power drawn: 15.400 Watts
Power request id: 21453, Power management id: 2
Power request levels are:15400 13000 0 0 0 
Management address(es): 
  IP address: 172.29.112.54

-------------------------
Device ID: ap-3s-4
Entry address(es): 
  IP address: 172.29.112.58
  IPv6 address: FE80::C28C:60FF:FE20:7D65  (link-local)
Platform: cisco AIR-CAP3602I-A-K9,  Capabilities: Trans-Bridge Source-Route-Bridge IGMP 
Interface: GigabitEthernet1/0/46,  Port ID (outgoing port): GigabitEthernet0
Holdtime : 178 sec

Version :
Cisco IOS Software, C3600 Software (AP3G2-K9W8-M), Version 15.3(3)JA8, RELEASE SOFTWARE (fc1)
Technical Support: http://www.cisco.com/techsupport
Copyright (c) 1986-2016 by Cisco Systems, Inc.
Compiled Fri 22-Apr-16 05:48 by prod_rel_team

advertisement version: 2
Duplex: full
Power drawn: 15.400 Watts
Power request id: 62533, Power management id: 2
Power request levels are:15400 13000 0 0 0 
Management address(es): 
  IP address: 172.29.112.58


Total cdp entries displayed : 40
3rd_st_sw01#
DEBUG:netmiko:write_channel: b'\n'
DEBUG:netmiko:read_channel: 
3rd_st_sw01#
DEBUG:netmiko:read_channel: 
DEBUG:netmiko:read_channel: 
DEBUG:netmiko:write_channel: b'exit\n'
DEBUG:paramiko.transport:EOF in transport thread
DEBUG:paramiko.transport:starting thread (client mode): 0x5ab7c820
DEBUG:paramiko.transport:Local version/idstring: SSH-2.0-paramiko_2.7.1
DEBUG:paramiko.transport:Remote version/idstring: SSH-2.0-Cisco-1.25
INFO:paramiko.transport:Connected (version 2.0, client Cisco-1.25)
DEBUG:paramiko.transport:kex algos:['diffie-hellman-group-exchange-sha1', 'diffie-hellman-group14-sha1', 'diffie-hellman-group1-sha1'] server key:['ssh-rsa'] client encrypt:['aes128-ctr', 'aes192-ctr', 'aes256-ctr', 'aes128-cbc', '3des-cbc', 'aes192-cbc', 'aes256-cbc'] server encrypt:['aes128-ctr', 'aes192-ctr', 'aes256-ctr', 'aes128-cbc', '3des-cbc', 'aes192-cbc', 'aes256-cbc'] client mac:['hmac-sha1', 'hmac-sha1-96'] server mac:['hmac-sha1', 'hmac-sha1-96'] client compress:['none'] server compress:['none'] client lang:[''] server lang:[''] kex follows?False
DEBUG:paramiko.transport:Kex agreed: diffie-hellman-group-exchange-sha1
DEBUG:paramiko.transport:HostKey agreed: ssh-rsa
DEBUG:paramiko.transport:Cipher agreed: aes128-ctr
DEBUG:paramiko.transport:MAC agreed: hmac-sha1
DEBUG:paramiko.transport:Compression agreed: none
DEBUG:paramiko.transport:Got server p (2048 bits)
DEBUG:paramiko.transport:kex engine KexGex specified hash_algo <built-in function openssl_sha1>
DEBUG:paramiko.transport:Switch to new keys ...
DEBUG:paramiko.transport:Adding ssh-rsa host key for 2nd_nt_sw03: b'ae4cac4c5c46ab52db52b689917e14e9'
DEBUG:paramiko.transport:userauth is OK
INFO:paramiko.transport:Authentication (password) successful!
DEBUG:paramiko.transport:[chan 0] Max packet in: 32768 bytes
DEBUG:paramiko.transport:[chan 0] Max packet out: 4096 bytes
DEBUG:paramiko.transport:Secsh channel 0 opened.
DEBUG:paramiko.transport:[chan 0] Sesch channel 0 request ok
DEBUG:paramiko.transport:[chan 0] Sesch channel 0 request ok
DEBUG:netmiko:read_channel: C
------------------------------------------------------------------------------------
WARNING:


This system is for the use of authorized clients only. Individuals using the
computer network system without authorization, or in excess of their authorization,
are subject to having all their activity on this computer network system monitored
and recorded by system personnel.  To protect the computer network system from
unauthorized use and to ensure the computer network system is functioning properly,
system administrators monitor this system.  Anyone using this computer network
system expressly consents to such monitoring and is advised that if such monitoring
reveals possible conduct of criminal activity, system personnel may provide the
evidence of such activity to law enforcement officers.

Access is restricted to authorized users only.

Unauthorized access is a violation of state and federal, civil and criminal laws.
------------------------------------------------------------------------------------

2nd_nt_sw03>
DEBUG:netmiko:read_channel: 
DEBUG:netmiko:read_channel: 
DEBUG:netmiko:read_channel: 
DEBUG:netmiko:write_channel: b'\n'
DEBUG:netmiko:read_channel: 
2nd_nt_sw03>
DEBUG:netmiko:read_channel: 
DEBUG:netmiko:[find_prompt()]: prompt is 2nd_nt_sw03>
DEBUG:netmiko:read_channel: 
DEBUG:netmiko:In disable_paging
DEBUG:netmiko:Command: terminal length 0

DEBUG:netmiko:write_channel: b'terminal length 0\n'
DEBUG:netmiko:Pattern is: terminal\ length\ 0
DEBUG:netmiko:_read_channel_expect read_data: t
DEBUG:netmiko:_read_channel_expect read_data: erminal length 0
2nd_nt_sw03>
DEBUG:netmiko:Pattern found: terminal\ length\ 0 terminal length 0
2nd_nt_sw03>
DEBUG:netmiko:terminal length 0
2nd_nt_sw03>
DEBUG:netmiko:Exiting disable_paging
DEBUG:netmiko:write_channel: b'terminal width 511\n'
DEBUG:netmiko:Pattern is: terminal\ width\ 511
DEBUG:netmiko:_read_channel_expect read_data: t
DEBUG:netmiko:_read_channel_expect read_data: erminal width 511
2nd_nt_sw03>
DEBUG:netmiko:Pattern found: terminal\ width\ 511 terminal width 511
2nd_nt_sw03>
DEBUG:netmiko:read_channel: 
DEBUG:netmiko:write_channel: b'\n'
DEBUG:netmiko:Pattern is: 2nd_nt_sw03
DEBUG:netmiko:_read_channel_expect read_data: 

DEBUG:netmiko:_read_channel_expect read_data: 2nd_nt_sw03>
DEBUG:netmiko:Pattern found: 2nd_nt_sw03 
2nd_nt_sw03>
DEBUG:netmiko:write_channel: b'enable\n'
DEBUG:netmiko:Pattern is: (2nd_nt_sw03|ssword)
DEBUG:netmiko:_read_channel_expect read_data: e
DEBUG:netmiko:_read_channel_expect read_data: nable
Password: 
DEBUG:netmiko:Pattern found: (2nd_nt_sw03|ssword) enable
Password: 
DEBUG:netmiko:write_channel: b'change-mgh\n'
DEBUG:netmiko:Pattern is: 2nd_nt_sw03
DEBUG:netmiko:_read_channel_expect read_data: 
2nd_nt_sw03#
DEBUG:netmiko:Pattern found: 2nd_nt_sw03 
2nd_nt_sw03#
DEBUG:netmiko:write_channel: b'\n'
DEBUG:netmiko:Pattern is: 2nd_nt_sw03
DEBUG:netmiko:_read_channel_expect read_data: 

DEBUG:netmiko:_read_channel_expect read_data: 2nd_nt_sw03#
DEBUG:netmiko:Pattern found: 2nd_nt_sw03 
2nd_nt_sw03#
DEBUG:netmiko:read_channel: 
DEBUG:netmiko:write_channel: b'\n'
DEBUG:netmiko:read_channel: 
2nd_nt_sw03#
DEBUG:netmiko:read_channel: 
DEBUG:netmiko:[find_prompt()]: prompt is 2nd_nt_sw03#
DEBUG:netmiko:read_channel: 
DEBUG:netmiko:write_channel: b'sh cdp nei det\n'
DEBUG:netmiko:Pattern is: sh\ cdp\ nei\ det
DEBUG:netmiko:_read_channel_expect read_data: s
DEBUG:netmiko:_read_channel_expect read_data: h cdp nei det
-------------------------
Device ID: 2010_4_cath
Entry address(es): 
  IP address: 172.26.2.15
Platform: cisco WS-C2924-XL,  Capabilities: Switch 
Interface: GigabitEthernet2/0/47,  Port ID (outgoing port): FastEthernet0/1
Holdtime : 122 sec

Version :
Cisco Internetwork Operating System Software 
IOS (tm) C2900XL Software (C2900XL-H2S-M), Version 11.2(8.2)SA6, MAINTENANCE INTERIM SOFTWARE
Copyright (c) 1986-1999 by cisco Systems, Inc.
Compiled Wed 23-Jun-99 17:48 by boba

advertisement version: 2
Protocol Hello:  OUI=0x00000C, Protocol ID=0x0112; payload len=25, value=00000000FFFFFFFF010101FF0000000000000030943F6380FF
VTP Management Domain: ''

-------------------------
Device ID: 1ST_NT_MDF_SW01.mongeneral.com
Entry address(es): 
  IP address: 172.26.1.3
Platform: cisco WS-C3850-24XS,  Capabilities: Router Switch IGMP 
Interface: TenGigabitEthernet1/0/1,  Port ID (outgoing port): TenGigabitEthernet1/0/11
Holdtime : 125 sec

Version :
Cisco IOS Software, IOS-XE Software, Catalyst L3 Switch Software (CAT3K_CAA-UNIVERSALK9-M), Version 03.07.04E RELEASE SOFTWARE (fc1)
Technical Support: http://www.cisco.com/techsupport
Copyright (c) 1986-2016 by Cisco Systems, Inc.
Compiled Thu 19-May-16 11:48 by prod_rel_team

advertisement version: 2
VTP Management Domain: 'MonGen'
Native VLAN: 666
Duplex: full
Management address(es): 
  IP address: 172.26.1.3

-------------------------
Device ID: 1ST_NT_MDF_SW01.mongeneral.com
Entry address(es): 
  IP address: 172.26.1.3
Platform: cisco WS-C3850-24XS,  Capabilities: Router Switch IGMP 
Interface: TenGigabitEthernet2/0/1,  Port ID (outgoing port): TenGigabitEthernet2/0/11
Holdtime : 172 sec

Version :
Cisco IOS Software, IOS-XE Software, Catalyst L3 Switch Software (CAT3K_CAA-UNIVERSALK9-M), Version 03.07.04E RELEASE SOFTWARE (fc1)
Technical Support: http://www.cisco.com/techsupport
Copyright (c) 1986-2016 by Cisco Systems, Inc.
Compiled Thu 19-May-16 11:48 by prod_rel_team

advertisement version: 2
VTP Management Domain: 'MonGen'
Native VLAN: 666
Duplex: full
Management address(es): 
  IP address: 172.26.1.3

-------------------------
Device ID: ap-2n-cath3
Entry address(es): 
  IP address: 172.29.140.64
  IPv6 address: FE80::C28C:60FF:FEB0:1433  (link-local)
Platform: cisco AIR-CAP3602I-A-K9,  Capabilities: Trans-Bridge Source-Route-Bridge IGMP 
Interface: GigabitEthernet3/0/36,  Port ID (outgoing port): GigabitEthernet0
Holdtime : 147 sec

Version :
Cisco IOS Software, C3600 Software (AP3G2-K9W8-M), Version 15.3(3)JA8, RELEASE SOFTWARE (fc1)
Technical Support: http://www.cisco.com/techsupport
Copyright (c) 1986-2016 by Cisco Systems, Inc.
Compiled Fri 22-Apr-16 05:48 by prod_rel_team

advertisement version: 2
Duplex: full
Power drawn: 15.400 Watts
Power request id: 36314, Power management id: 2
Power request levels are:15400 13000 0 0 0 
Management address(es): 
  IP address: 172.29.140.64

-------------------------
Device ID: ap-2n-cath2
Entry address(es): 
  IP address: 172.29.140.65
  IPv6 address: FE80::C28C:60FF:FE20:7D07  (link-local)
Platform: cisco AIR-CAP3602I-A-K9,  Capabilities: Trans-Bridge Source-Route-Bridge IGMP 
Interface: GigabitEthernet3/0/35,  Port ID (outgoing port): GigabitEthernet0
Holdtime : 152 sec

Version :
Cisco IOS Software, C3600 Software (AP3G2-K9W8-M), Version 15.3(3)JA8, RELEASE SOFTWARE (fc1)
Technical Support: http://www.cisco.com/techsupport
Copyright (c) 1986-2016 by Cisco Systems, Inc.
Compiled Fri 22-Apr-16 05:48 by prod_rel_team

advertisement version: 2
Duplex: full
Power drawn: 15.400 Watts
Power request id: 623, Power management id: 2
Power request levels are:15400 13000 0 0 0 
Management address(es): 
  IP address: 172.29.140.65


Total cdp entries displayed : 5
2nd_nt_sw03#
DEBUG:netmiko:Pattern found: sh\ cdp\ nei\ det sh cdp nei det
-------------------------
Device ID: 2010_4_cath
Entry address(es): 
  IP address: 172.26.2.15
Platform: cisco WS-C2924-XL,  Capabilities: Switch 
Interface: GigabitEthernet2/0/47,  Port ID (outgoing port): FastEthernet0/1
Holdtime : 122 sec

Version :
Cisco Internetwork Operating System Software 
IOS (tm) C2900XL Software (C2900XL-H2S-M), Version 11.2(8.2)SA6, MAINTENANCE INTERIM SOFTWARE
Copyright (c) 1986-1999 by cisco Systems, Inc.
Compiled Wed 23-Jun-99 17:48 by boba

advertisement version: 2
Protocol Hello:  OUI=0x00000C, Protocol ID=0x0112; payload len=25, value=00000000FFFFFFFF010101FF0000000000000030943F6380FF
VTP Management Domain: ''

-------------------------
Device ID: 1ST_NT_MDF_SW01.mongeneral.com
Entry address(es): 
  IP address: 172.26.1.3
Platform: cisco WS-C3850-24XS,  Capabilities: Router Switch IGMP 
Interface: TenGigabitEthernet1/0/1,  Port ID (outgoing port): TenGigabitEthernet1/0/11
Holdtime : 125 sec

Version :
Cisco IOS Software, IOS-XE Software, Catalyst L3 Switch Software (CAT3K_CAA-UNIVERSALK9-M), Version 03.07.04E RELEASE SOFTWARE (fc1)
Technical Support: http://www.cisco.com/techsupport
Copyright (c) 1986-2016 by Cisco Systems, Inc.
Compiled Thu 19-May-16 11:48 by prod_rel_team

advertisement version: 2
VTP Management Domain: 'MonGen'
Native VLAN: 666
Duplex: full
Management address(es): 
  IP address: 172.26.1.3

-------------------------
Device ID: 1ST_NT_MDF_SW01.mongeneral.com
Entry address(es): 
  IP address: 172.26.1.3
Platform: cisco WS-C3850-24XS,  Capabilities: Router Switch IGMP 
Interface: TenGigabitEthernet2/0/1,  Port ID (outgoing port): TenGigabitEthernet2/0/11
Holdtime : 172 sec

Version :
Cisco IOS Software, IOS-XE Software, Catalyst L3 Switch Software (CAT3K_CAA-UNIVERSALK9-M), Version 03.07.04E RELEASE SOFTWARE (fc1)
Technical Support: http://www.cisco.com/techsupport
Copyright (c) 1986-2016 by Cisco Systems, Inc.
Compiled Thu 19-May-16 11:48 by prod_rel_team

advertisement version: 2
VTP Management Domain: 'MonGen'
Native VLAN: 666
Duplex: full
Management address(es): 
  IP address: 172.26.1.3

-------------------------
Device ID: ap-2n-cath3
Entry address(es): 
  IP address: 172.29.140.64
  IPv6 address: FE80::C28C:60FF:FEB0:1433  (link-local)
Platform: cisco AIR-CAP3602I-A-K9,  Capabilities: Trans-Bridge Source-Route-Bridge IGMP 
Interface: GigabitEthernet3/0/36,  Port ID (outgoing port): GigabitEthernet0
Holdtime : 147 sec

Version :
Cisco IOS Software, C3600 Software (AP3G2-K9W8-M), Version 15.3(3)JA8, RELEASE SOFTWARE (fc1)
Technical Support: http://www.cisco.com/techsupport
Copyright (c) 1986-2016 by Cisco Systems, Inc.
Compiled Fri 22-Apr-16 05:48 by prod_rel_team

advertisement version: 2
Duplex: full
Power drawn: 15.400 Watts
Power request id: 36314, Power management id: 2
Power request levels are:15400 13000 0 0 0 
Management address(es): 
  IP address: 172.29.140.64

-------------------------
Device ID: ap-2n-cath2
Entry address(es): 
  IP address: 172.29.140.65
  IPv6 address: FE80::C28C:60FF:FE20:7D07  (link-local)
Platform: cisco AIR-CAP3602I-A-K9,  Capabilities: Trans-Bridge Source-Route-Bridge IGMP 
Interface: GigabitEthernet3/0/35,  Port ID (outgoing port): GigabitEthernet0
Holdtime : 152 sec

Version :
Cisco IOS Software, C3600 Software (AP3G2-K9W8-M), Version 15.3(3)JA8, RELEASE SOFTWARE (fc1)
Technical Support: http://www.cisco.com/techsupport
Copyright (c) 1986-2016 by Cisco Systems, Inc.
Compiled Fri 22-Apr-16 05:48 by prod_rel_team

advertisement version: 2
Duplex: full
Power drawn: 15.400 Watts
Power request id: 623, Power management id: 2
Power request levels are:15400 13000 0 0 0 
Management address(es): 
  IP address: 172.29.140.65


Total cdp entries displayed : 5
2nd_nt_sw03#
DEBUG:netmiko:write_channel: b'\n'
DEBUG:netmiko:read_channel: 
2nd_nt_sw03#
DEBUG:netmiko:read_channel: 
DEBUG:netmiko:read_channel: 
DEBUG:netmiko:write_channel: b'exit\n'
DEBUG:paramiko.transport:EOF in transport thread
DEBUG:paramiko.transport:starting thread (client mode): 0x5ab5c820
DEBUG:paramiko.transport:Local version/idstring: SSH-2.0-paramiko_2.7.1
DEBUG:paramiko.transport:Remote version/idstring: SSH-2.0-Cisco-1.25
INFO:paramiko.transport:Connected (version 2.0, client Cisco-1.25)
DEBUG:paramiko.transport:kex algos:['diffie-hellman-group-exchange-sha1', 'diffie-hellman-group14-sha1', 'diffie-hellman-group1-sha1'] server key:['ssh-rsa'] client encrypt:['aes128-ctr', 'aes192-ctr', 'aes256-ctr', 'aes128-cbc', '3des-cbc', 'aes192-cbc', 'aes256-cbc'] server encrypt:['aes128-ctr', 'aes192-ctr', 'aes256-ctr', 'aes128-cbc', '3des-cbc', 'aes192-cbc', 'aes256-cbc'] client mac:['hmac-sha1', 'hmac-sha1-96'] server mac:['hmac-sha1', 'hmac-sha1-96'] client compress:['none'] server compress:['none'] client lang:[''] server lang:[''] kex follows?False
DEBUG:paramiko.transport:Kex agreed: diffie-hellman-group-exchange-sha1
DEBUG:paramiko.transport:HostKey agreed: ssh-rsa
DEBUG:paramiko.transport:Cipher agreed: aes128-ctr
DEBUG:paramiko.transport:MAC agreed: hmac-sha1
DEBUG:paramiko.transport:Compression agreed: none
DEBUG:paramiko.transport:Got server p (2048 bits)
DEBUG:paramiko.transport:kex engine KexGex specified hash_algo <built-in function openssl_sha1>
DEBUG:paramiko.transport:Switch to new keys ...
DEBUG:paramiko.transport:Adding ssh-rsa host key for 2nd_nt_sw02: b'3c98eeaf95d301c5233262fb52b4f981'
DEBUG:paramiko.transport:userauth is OK
INFO:paramiko.transport:Authentication (password) successful!
DEBUG:paramiko.transport:[chan 0] Max packet in: 32768 bytes
DEBUG:paramiko.transport:[chan 0] Max packet out: 4096 bytes
DEBUG:paramiko.transport:Secsh channel 0 opened.
DEBUG:paramiko.transport:[chan 0] Sesch channel 0 request ok
DEBUG:paramiko.transport:[chan 0] Sesch channel 0 request ok
DEBUG:netmiko:read_channel: C
------------------------------------------------------------------------------------
WARNING:


This system is for the use of authorized clients only. Individuals using the
computer network system without authorization, or in excess of their authorization,
are subject to having all their activity on this computer network system monitored
and recorded by system personnel.  To protect the computer network system from
unauthorized use and to ensure the computer network system is functioning properly,
system administrators monitor this system.  Anyone using this computer network
system expressly consents to such monitoring and is advised that if such monitoring
reveals possible conduct of criminal activity, system personnel may provide the
evidence of such activity to law enforcement officers.

Access is restricted to authorized users only.

Unauthorized access is a violation of state and federal, civil and criminal laws.
------------------------------------------------------------------------------------

2nd_nt_sw02>
DEBUG:netmiko:read_channel: 
DEBUG:netmiko:read_channel: 
DEBUG:netmiko:read_channel: 
DEBUG:netmiko:write_channel: b'\n'
DEBUG:netmiko:read_channel: 
2nd_nt_sw02>
DEBUG:netmiko:read_channel: 
DEBUG:netmiko:[find_prompt()]: prompt is 2nd_nt_sw02>
DEBUG:netmiko:read_channel: 
DEBUG:netmiko:In disable_paging
DEBUG:netmiko:Command: terminal length 0

DEBUG:netmiko:write_channel: b'terminal length 0\n'
DEBUG:netmiko:Pattern is: terminal\ length\ 0
DEBUG:netmiko:_read_channel_expect read_data: t
DEBUG:netmiko:_read_channel_expect read_data: erminal length 0
2nd_nt_sw02>
DEBUG:netmiko:Pattern found: terminal\ length\ 0 terminal length 0
2nd_nt_sw02>
DEBUG:netmiko:terminal length 0
2nd_nt_sw02>
DEBUG:netmiko:Exiting disable_paging
DEBUG:netmiko:write_channel: b'terminal width 511\n'
DEBUG:netmiko:Pattern is: terminal\ width\ 511
DEBUG:netmiko:_read_channel_expect read_data: t
DEBUG:netmiko:_read_channel_expect read_data: erminal width 511
2nd_nt_sw02>
DEBUG:netmiko:Pattern found: terminal\ width\ 511 terminal width 511
2nd_nt_sw02>
DEBUG:netmiko:read_channel: 
DEBUG:netmiko:write_channel: b'\n'
DEBUG:netmiko:Pattern is: 2nd_nt_sw02
DEBUG:netmiko:_read_channel_expect read_data: 

DEBUG:netmiko:_read_channel_expect read_data: 2nd_nt_sw02>
DEBUG:netmiko:Pattern found: 2nd_nt_sw02 
2nd_nt_sw02>
DEBUG:netmiko:write_channel: b'enable\n'
DEBUG:netmiko:Pattern is: (2nd_nt_sw02|ssword)
DEBUG:netmiko:_read_channel_expect read_data: e
DEBUG:netmiko:_read_channel_expect read_data: nable
Password: 
DEBUG:netmiko:Pattern found: (2nd_nt_sw02|ssword) enable
Password: 
DEBUG:netmiko:write_channel: b'change-mgh\n'
DEBUG:netmiko:Pattern is: 2nd_nt_sw02
DEBUG:netmiko:_read_channel_expect read_data: 
2nd_nt_sw02#
DEBUG:netmiko:Pattern found: 2nd_nt_sw02 
2nd_nt_sw02#
DEBUG:netmiko:write_channel: b'\n'
DEBUG:netmiko:Pattern is: 2nd_nt_sw02
DEBUG:netmiko:_read_channel_expect read_data: 

DEBUG:netmiko:_read_channel_expect read_data: 2nd_nt_sw02#
DEBUG:netmiko:Pattern found: 2nd_nt_sw02 
2nd_nt_sw02#
DEBUG:netmiko:read_channel: 
DEBUG:netmiko:write_channel: b'\n'
DEBUG:netmiko:read_channel: 
2nd_nt_sw02#
DEBUG:netmiko:read_channel: 
DEBUG:netmiko:[find_prompt()]: prompt is 2nd_nt_sw02#
DEBUG:netmiko:read_channel: 
DEBUG:netmiko:write_channel: b'sh cdp nei det\n'
DEBUG:netmiko:Pattern is: sh\ cdp\ nei\ det
DEBUG:netmiko:_read_channel_expect read_data: s
DEBUG:netmiko:_read_channel_expect read_data: h cdp nei det
-------------------------
Device ID: ap-2s-mri
Entry address(es): 
  IP address: 172.29.136.52
  IPv6 address: FE80::C28C:60FF:FEB0:18CA  (link-local)
Platform: cisco AIR-CAP3602I-A-K9,  Capabilities: Trans-Bridge Source-Route-Bridge IGMP 
Interface: GigabitEthernet1/0/46,  Port ID (outgoing port): GigabitEthernet0
Holdtime : 161 sec

Version :
Cisco IOS Software, C3600 Software (AP3G2-K9W8-M), Version 15.3(3)JA8, RELEASE SOFTWARE (fc1)
Technical Support: http://www.cisco.com/techsupport
Copyright (c) 1986-2016 by Cisco Systems, Inc.
Compiled Fri 22-Apr-16 05:48 by prod_rel_team

advertisement version: 2
Duplex: full
Power drawn: 15.400 Watts
Power request id: 38475, Power management id: 2
Power request levels are:15400 13000 0 0 0 
Management address(es): 
  IP address: 172.29.136.52

-------------------------
Device ID: ap-2s-rad
Entry address(es): 
  IP address: 172.29.136.62
  IPv6 address: FE80::C267:AFFF:FE5B:D7A  (link-local)
Platform: cisco AIR-CAP3602I-A-K9,  Capabilities: Trans-Bridge Source-Route-Bridge IGMP 
Interface: GigabitEthernet2/0/41,  Port ID (outgoing port): GigabitEthernet0
Holdtime : 161 sec

Version :
Cisco IOS Software, C3600 Software (AP3G2-K9W8-M), Version 15.3(3)JA8, RELEASE SOFTWARE (fc1)
Technical Support: http://www.cisco.com/techsupport
Copyright (c) 1986-2016 by Cisco Systems, Inc.
Compiled Fri 22-Apr-16 05:48 by prod_rel_team

advertisement version: 2
Duplex: full
Power drawn: 15.400 Watts
Power request id: 45241, Power management id: 2
Power request levels are:15400 13000 0 0 0 
Management address(es): 
  IP address: 172.29.136.62

-------------------------
Device ID: 1ST_NT_MDF_SW01.mongeneral.com
Entry address(es): 
  IP address: 172.26.1.3
Platform: cisco WS-C3850-24XS,  Capabilities: Router Switch IGMP 
Interface: TenGigabitEthernet2/0/1,  Port ID (outgoing port): TenGigabitEthernet2/0/10
Holdtime : 149 sec

Version :
Cisco IOS Software, IOS-XE Software, Catalyst L3 Switch Software (CAT3K_CAA-UNIVERSALK9-M), Version 03.07.04E RELEASE SOFTWARE (fc1)
Technical Support: http://www.cisco.com/techsupport
Copyright (c) 1986-2016 by Cisco Systems, Inc.
Compiled Thu 19-May-16 11:48 by prod_rel_team

advertisement version: 2
VTP Management Domain: 'MonGen'
Native VLAN: 666
Duplex: full
Management address(es): 
  IP address: 172.26.1.3

-------------------------
Device ID: 1ST_NT_MDF_SW01.mongeneral.com
Entry address(es): 
  IP address: 172.26.1.3
Platform: cisco WS-C3850-24XS,  Capabilities: Router Switch IGMP 
Interface: TenGigabitEthernet1/0/1,  Port ID (outgoing port): TenGigabitEthernet1/0/10
Holdtime : 141 sec

Version :
Cisco IOS Software, IOS-XE Software, Catalyst L3 Switch Software (CAT3K_CAA-UNIVERSALK9-M), Version 03.07.04E RELEASE SOFTWARE (fc1)
Technical Support: http://www.cisco.com/techsupport
Copyright (c) 1986-2016 by Cisco Systems, Inc.
Compiled Thu 19-May-16 11:48 by prod_rel_team

advertisement version: 2
VTP Management Domain: 'MonGen'
Native VLAN: 666
Duplex: full
Management address(es): 
  IP address: 172.26.1.3

-------------------------
Device ID: ap-2n-cath1
Entry address(es): 
  IP address: 172.29.136.51
  IPv6 address: FE80::C267:AFFF:FE5B:D8F  (link-local)
Platform: cisco AIR-CAP3602I-A-K9,  Capabilities: Trans-Bridge Source-Route-Bridge IGMP 
Interface: GigabitEthernet2/0/15,  Port ID (outgoing port): GigabitEthernet0
Holdtime : 159 sec

Version :
Cisco IOS Software, C3600 Software (AP3G2-K9W8-M), Version 15.3(3)JA8, RELEASE SOFTWARE (fc1)
Technical Support: http://www.cisco.com/techsupport
Copyright (c) 1986-2016 by Cisco Systems, Inc.
Compiled Fri 22-Apr-16 05:48 by prod_rel_team

advertisement version: 2
Duplex: full
Power drawn: 15.400 Watts
Power request id: 1047, Power management id: 2
Power request levels are:15400 13000 0 0 0 
Management address(es): 
  IP address: 172.29.136.51


Total cdp entries displayed : 5
2nd_nt_sw02#
DEBUG:netmiko:Pattern found: sh\ cdp\ nei\ det sh cdp nei det
-------------------------
Device ID: ap-2s-mri
Entry address(es): 
  IP address: 172.29.136.52
  IPv6 address: FE80::C28C:60FF:FEB0:18CA  (link-local)
Platform: cisco AIR-CAP3602I-A-K9,  Capabilities: Trans-Bridge Source-Route-Bridge IGMP 
Interface: GigabitEthernet1/0/46,  Port ID (outgoing port): GigabitEthernet0
Holdtime : 161 sec

Version :
Cisco IOS Software, C3600 Software (AP3G2-K9W8-M), Version 15.3(3)JA8, RELEASE SOFTWARE (fc1)
Technical Support: http://www.cisco.com/techsupport
Copyright (c) 1986-2016 by Cisco Systems, Inc.
Compiled Fri 22-Apr-16 05:48 by prod_rel_team

advertisement version: 2
Duplex: full
Power drawn: 15.400 Watts
Power request id: 38475, Power management id: 2
Power request levels are:15400 13000 0 0 0 
Management address(es): 
  IP address: 172.29.136.52

-------------------------
Device ID: ap-2s-rad
Entry address(es): 
  IP address: 172.29.136.62
  IPv6 address: FE80::C267:AFFF:FE5B:D7A  (link-local)
Platform: cisco AIR-CAP3602I-A-K9,  Capabilities: Trans-Bridge Source-Route-Bridge IGMP 
Interface: GigabitEthernet2/0/41,  Port ID (outgoing port): GigabitEthernet0
Holdtime : 161 sec

Version :
Cisco IOS Software, C3600 Software (AP3G2-K9W8-M), Version 15.3(3)JA8, RELEASE SOFTWARE (fc1)
Technical Support: http://www.cisco.com/techsupport
Copyright (c) 1986-2016 by Cisco Systems, Inc.
Compiled Fri 22-Apr-16 05:48 by prod_rel_team

advertisement version: 2
Duplex: full
Power drawn: 15.400 Watts
Power request id: 45241, Power management id: 2
Power request levels are:15400 13000 0 0 0 
Management address(es): 
  IP address: 172.29.136.62

-------------------------
Device ID: 1ST_NT_MDF_SW01.mongeneral.com
Entry address(es): 
  IP address: 172.26.1.3
Platform: cisco WS-C3850-24XS,  Capabilities: Router Switch IGMP 
Interface: TenGigabitEthernet2/0/1,  Port ID (outgoing port): TenGigabitEthernet2/0/10
Holdtime : 149 sec

Version :
Cisco IOS Software, IOS-XE Software, Catalyst L3 Switch Software (CAT3K_CAA-UNIVERSALK9-M), Version 03.07.04E RELEASE SOFTWARE (fc1)
Technical Support: http://www.cisco.com/techsupport
Copyright (c) 1986-2016 by Cisco Systems, Inc.
Compiled Thu 19-May-16 11:48 by prod_rel_team

advertisement version: 2
VTP Management Domain: 'MonGen'
Native VLAN: 666
Duplex: full
Management address(es): 
  IP address: 172.26.1.3

-------------------------
Device ID: 1ST_NT_MDF_SW01.mongeneral.com
Entry address(es): 
  IP address: 172.26.1.3
Platform: cisco WS-C3850-24XS,  Capabilities: Router Switch IGMP 
Interface: TenGigabitEthernet1/0/1,  Port ID (outgoing port): TenGigabitEthernet1/0/10
Holdtime : 141 sec

Version :
Cisco IOS Software, IOS-XE Software, Catalyst L3 Switch Software (CAT3K_CAA-UNIVERSALK9-M), Version 03.07.04E RELEASE SOFTWARE (fc1)
Technical Support: http://www.cisco.com/techsupport
Copyright (c) 1986-2016 by Cisco Systems, Inc.
Compiled Thu 19-May-16 11:48 by prod_rel_team

advertisement version: 2
VTP Management Domain: 'MonGen'
Native VLAN: 666
Duplex: full
Management address(es): 
  IP address: 172.26.1.3

-------------------------
Device ID: ap-2n-cath1
Entry address(es): 
  IP address: 172.29.136.51
  IPv6 address: FE80::C267:AFFF:FE5B:D8F  (link-local)
Platform: cisco AIR-CAP3602I-A-K9,  Capabilities: Trans-Bridge Source-Route-Bridge IGMP 
Interface: GigabitEthernet2/0/15,  Port ID (outgoing port): GigabitEthernet0
Holdtime : 159 sec

Version :
Cisco IOS Software, C3600 Software (AP3G2-K9W8-M), Version 15.3(3)JA8, RELEASE SOFTWARE (fc1)
Technical Support: http://www.cisco.com/techsupport
Copyright (c) 1986-2016 by Cisco Systems, Inc.
Compiled Fri 22-Apr-16 05:48 by prod_rel_team

advertisement version: 2
Duplex: full
Power drawn: 15.400 Watts
Power request id: 1047, Power management id: 2
Power request levels are:15400 13000 0 0 0 
Management address(es): 
  IP address: 172.29.136.51


Total cdp entries displayed : 5
2nd_nt_sw02#
DEBUG:netmiko:write_channel: b'\n'
DEBUG:netmiko:read_channel: 
2nd_nt_sw02#
DEBUG:netmiko:read_channel: 
DEBUG:netmiko:read_channel: 
DEBUG:netmiko:write_channel: b'exit\n'
DEBUG:paramiko.transport:EOF in transport thread
DEBUG:paramiko.transport:starting thread (client mode): 0x5aa06a00
DEBUG:paramiko.transport:Local version/idstring: SSH-2.0-paramiko_2.7.1
DEBUG:paramiko.transport:Remote version/idstring: SSH-2.0-Cisco-1.25
INFO:paramiko.transport:Connected (version 2.0, client Cisco-1.25)
DEBUG:paramiko.transport:kex algos:['diffie-hellman-group-exchange-sha1', 'diffie-hellman-group14-sha1', 'diffie-hellman-group1-sha1'] server key:['ssh-rsa'] client encrypt:['aes128-ctr', 'aes192-ctr', 'aes256-ctr', 'aes128-cbc', '3des-cbc', 'aes192-cbc', 'aes256-cbc'] server encrypt:['aes128-ctr', 'aes192-ctr', 'aes256-ctr', 'aes128-cbc', '3des-cbc', 'aes192-cbc', 'aes256-cbc'] client mac:['hmac-sha1', 'hmac-sha1-96'] server mac:['hmac-sha1', 'hmac-sha1-96'] client compress:['none'] server compress:['none'] client lang:[''] server lang:[''] kex follows?False
DEBUG:paramiko.transport:Kex agreed: diffie-hellman-group-exchange-sha1
DEBUG:paramiko.transport:HostKey agreed: ssh-rsa
DEBUG:paramiko.transport:Cipher agreed: aes128-ctr
DEBUG:paramiko.transport:MAC agreed: hmac-sha1
DEBUG:paramiko.transport:Compression agreed: none
DEBUG:paramiko.transport:Got server p (2048 bits)
DEBUG:paramiko.transport:kex engine KexGex specified hash_algo <built-in function openssl_sha1>
DEBUG:paramiko.transport:Switch to new keys ...
DEBUG:paramiko.transport:Adding ssh-rsa host key for 2nd_nt_sw02: b'3c98eeaf95d301c5233262fb52b4f981'
DEBUG:paramiko.transport:userauth is OK
INFO:paramiko.transport:Authentication (password) successful!
DEBUG:paramiko.transport:[chan 0] Max packet in: 32768 bytes
DEBUG:paramiko.transport:[chan 0] Max packet out: 4096 bytes
DEBUG:paramiko.transport:Secsh channel 0 opened.
DEBUG:paramiko.transport:[chan 0] Sesch channel 0 request ok
DEBUG:paramiko.transport:[chan 0] Sesch channel 0 request ok
DEBUG:netmiko:read_channel: C
------------------------------------------------------------------------------------
WARNING:


This system is for the use of authorized clients only. Individuals using the
computer network system without authorization, or in excess of their authorization,
are subject to having all their activity on this computer network system monitored
and recorded by system personnel.  To protect the computer network system from
unauthorized use and to ensure the computer network system is functioning properly,
system administrators monitor this system.  Anyone using this computer network
system expressly consents to such monitoring and is advised that if such monitoring
reveals possible conduct of criminal activity, system personnel may provide the
evidence of such activity to law enforcement officers.

Access is restricted to authorized users only.

Unauthorized access is a violation of state and federal, civil and criminal laws.
------------------------------------------------------------------------------------

2nd_nt_sw02>
DEBUG:netmiko:read_channel: 
DEBUG:netmiko:read_channel: 
DEBUG:netmiko:read_channel: 
DEBUG:netmiko:write_channel: b'\n'
DEBUG:netmiko:read_channel: 
2nd_nt_sw02>
DEBUG:netmiko:read_channel: 
DEBUG:netmiko:[find_prompt()]: prompt is 2nd_nt_sw02>
DEBUG:netmiko:read_channel: 
DEBUG:netmiko:In disable_paging
DEBUG:netmiko:Command: terminal length 0

DEBUG:netmiko:write_channel: b'terminal length 0\n'
DEBUG:netmiko:Pattern is: terminal\ length\ 0
DEBUG:netmiko:_read_channel_expect read_data: t
DEBUG:netmiko:_read_channel_expect read_data: erminal length 0
2nd_nt_sw02>
DEBUG:netmiko:Pattern found: terminal\ length\ 0 terminal length 0
2nd_nt_sw02>
DEBUG:netmiko:terminal length 0
2nd_nt_sw02>
DEBUG:netmiko:Exiting disable_paging
DEBUG:netmiko:write_channel: b'terminal width 511\n'
DEBUG:netmiko:Pattern is: terminal\ width\ 511
DEBUG:netmiko:_read_channel_expect read_data: t
DEBUG:netmiko:_read_channel_expect read_data: erminal width 511
2nd_nt_sw02>
DEBUG:netmiko:Pattern found: terminal\ width\ 511 terminal width 511
2nd_nt_sw02>
DEBUG:netmiko:read_channel: 
DEBUG:netmiko:write_channel: b'\n'
DEBUG:netmiko:Pattern is: 2nd_nt_sw02
DEBUG:netmiko:_read_channel_expect read_data: 

DEBUG:netmiko:_read_channel_expect read_data: 2nd_nt_sw02>
DEBUG:netmiko:Pattern found: 2nd_nt_sw02 
2nd_nt_sw02>
DEBUG:netmiko:write_channel: b'enable\n'
DEBUG:netmiko:Pattern is: (2nd_nt_sw02|ssword)
DEBUG:netmiko:_read_channel_expect read_data: e
DEBUG:netmiko:_read_channel_expect read_data: nable
Password: 
DEBUG:netmiko:Pattern found: (2nd_nt_sw02|ssword) enable
Password: 
DEBUG:netmiko:write_channel: b'change-mgh\n'
DEBUG:netmiko:Pattern is: 2nd_nt_sw02
DEBUG:netmiko:_read_channel_expect read_data: 
2nd_nt_sw02#
DEBUG:netmiko:Pattern found: 2nd_nt_sw02 
2nd_nt_sw02#
DEBUG:netmiko:write_channel: b'\n'
DEBUG:netmiko:Pattern is: 2nd_nt_sw02
DEBUG:netmiko:_read_channel_expect read_data: 

DEBUG:netmiko:_read_channel_expect read_data: 2nd_nt_sw02#
DEBUG:netmiko:Pattern found: 2nd_nt_sw02 
2nd_nt_sw02#
DEBUG:netmiko:read_channel: 
DEBUG:netmiko:write_channel: b'\n'
DEBUG:netmiko:read_channel: 
2nd_nt_sw02#
DEBUG:netmiko:read_channel: 
DEBUG:netmiko:[find_prompt()]: prompt is 2nd_nt_sw02#
DEBUG:netmiko:read_channel: 
DEBUG:netmiko:write_channel: b'sh cdp nei det\n'
DEBUG:netmiko:Pattern is: sh\ cdp\ nei\ det
DEBUG:netmiko:_read_channel_expect read_data: s
DEBUG:netmiko:_read_channel_expect read_data: h cdp nei det
-------------------------
Device ID: ap-2s-mri
Entry address(es): 
  IP address: 172.29.136.52
  IPv6 address: FE80::C28C:60FF:FEB0:18CA  (link-local)
Platform: cisco AIR-CAP3602I-A-K9,  Capabilities: Trans-Bridge Source-Route-Bridge IGMP 
Interface: GigabitEthernet1/0/46,  Port ID (outgoing port): GigabitEthernet0
Holdtime : 151 sec

Version :
Cisco IOS Software, C3600 Software (AP3G2-K9W8-M), Version 15.3(3)JA8, RELEASE SOFTWARE (fc1)
Technical Support: http://www.cisco.com/techsupport
Copyright (c) 1986-2016 by Cisco Systems, Inc.
Compiled Fri 22-Apr-16 05:48 by prod_rel_team

advertisement version: 2
Duplex: full
Power drawn: 15.400 Watts
Power request id: 38475, Power management id: 2
Power request levels are:15400 13000 0 0 0 
Management address(es): 
  IP address: 172.29.136.52

-------------------------
Device ID: ap-2s-rad
Entry address(es): 
  IP address: 172.29.136.62
  IPv6 address: FE80::C267:AFFF:FE5B:D7A  (link-local)
Platform: cisco AIR-CAP3602I-A-K9,  Capabilities: Trans-Bridge Source-Route-Bridge IGMP 
Interface: GigabitEthernet2/0/41,  Port ID (outgoing port): GigabitEthernet0
Holdtime : 151 sec

Version :
Cisco IOS Software, C3600 Software (AP3G2-K9W8-M), Version 15.3(3)JA8, RELEASE SOFTWARE (fc1)
Technical Support: http://www.cisco.com/techsupport
Copyright (c) 1986-2016 by Cisco Systems, Inc.
Compiled Fri 22-Apr-16 05:48 by prod_rel_team

advertisement version: 2
Duplex: full
Power drawn: 15.400 Watts
Power request id: 45241, Power management id: 2
Power request levels are:15400 13000 0 0 0 
Management address(es): 
  IP address: 172.29.136.62

-------------------------
Device ID: 1ST_NT_MDF_SW01.mongeneral.com
Entry address(es): 
  IP address: 172.26.1.3
Platform: cisco WS-C3850-24XS,  Capabilities: Router Switch IGMP 
Interface: TenGigabitEthernet2/0/1,  Port ID (outgoing port): TenGigabitEthernet2/0/10
Holdtime : 139 sec

Version :
Cisco IOS Software, IOS-XE Software, Catalyst L3 Switch Software (CAT3K_CAA-UNIVERSALK9-M), Version 03.07.04E RELEASE SOFTWARE (fc1)
Technical Support: http://www.cisco.com/techsupport
Copyright (c) 1986-2016 by Cisco Systems, Inc.
Compiled Thu 19-May-16 11:48 by prod_rel_team

advertisement version: 2
VTP Management Domain: 'MonGen'
Native VLAN: 666
Duplex: full
Management address(es): 
  IP address: 172.26.1.3

-------------------------
Device ID: 1ST_NT_MDF_SW01.mongeneral.com
Entry address(es): 
  IP address: 172.26.1.3
Platform: cisco WS-C3850-24XS,  Capabilities: Router Switch IGMP 
Interface: TenGigabitEthernet1/0/1,  Port ID (outgoing port): TenGigabitEthernet1/0/10
Holdtime : 132 sec

Version :
Cisco IOS Software, IOS-XE Software, Catalyst L3 Switch Software (CAT3K_CAA-UNIVERSALK9-M), Version 03.07.04E RELEASE SOFTWARE (fc1)
Technical Support: http://www.cisco.com/techsupport
Copyright (c) 1986-2016 by Cisco Systems, Inc.
Compiled Thu 19-May-16 11:48 by prod_rel_team

advertisement version: 2
VTP Management Domain: 'MonGen'
Native VLAN: 666
Duplex: full
Management address(es): 
  IP address: 172.26.1.3

-------------------------
Device ID: ap-2n-cath1
Entry address(es): 
  IP address: 172.29.136.51
  IPv6 address: FE80::C267:AFFF:FE5B:D8F  (link-local)
Platform: cisco AIR-CAP3602I-A-K9,  Capabilities: Trans-Bridge Source-Route-Bridge IGMP 
Interface: GigabitEthernet2/0/15,  Port ID (outgoing port): GigabitEthernet0
Holdtime : 150 sec

Version :
Cisco IOS Software, C3600 Software (AP3G2-K9W8-M), Version 15.3(3)JA8, RELEASE SOFTWARE (fc1)
Technical Support: http://www.cisco.com/techsupport
Copyright (c) 1986-2016 by Cisco Systems, Inc.
Compiled Fri 22-Apr-16 05:48 by prod_rel_team

advertisement version: 2
Duplex: full
Power drawn: 15.400 Watts
Power request id: 1047, Power management id: 2
Power request levels are:15400 13000 0 0 0 
Management address(es): 
  IP address: 172.29.136.51


Total cdp entries displayed : 5
2nd_nt_sw02#
DEBUG:netmiko:Pattern found: sh\ cdp\ nei\ det sh cdp nei det
-------------------------
Device ID: ap-2s-mri
Entry address(es): 
  IP address: 172.29.136.52
  IPv6 address: FE80::C28C:60FF:FEB0:18CA  (link-local)
Platform: cisco AIR-CAP3602I-A-K9,  Capabilities: Trans-Bridge Source-Route-Bridge IGMP 
Interface: GigabitEthernet1/0/46,  Port ID (outgoing port): GigabitEthernet0
Holdtime : 151 sec

Version :
Cisco IOS Software, C3600 Software (AP3G2-K9W8-M), Version 15.3(3)JA8, RELEASE SOFTWARE (fc1)
Technical Support: http://www.cisco.com/techsupport
Copyright (c) 1986-2016 by Cisco Systems, Inc.
Compiled Fri 22-Apr-16 05:48 by prod_rel_team

advertisement version: 2
Duplex: full
Power drawn: 15.400 Watts
Power request id: 38475, Power management id: 2
Power request levels are:15400 13000 0 0 0 
Management address(es): 
  IP address: 172.29.136.52

-------------------------
Device ID: ap-2s-rad
Entry address(es): 
  IP address: 172.29.136.62
  IPv6 address: FE80::C267:AFFF:FE5B:D7A  (link-local)
Platform: cisco AIR-CAP3602I-A-K9,  Capabilities: Trans-Bridge Source-Route-Bridge IGMP 
Interface: GigabitEthernet2/0/41,  Port ID (outgoing port): GigabitEthernet0
Holdtime : 151 sec

Version :
Cisco IOS Software, C3600 Software (AP3G2-K9W8-M), Version 15.3(3)JA8, RELEASE SOFTWARE (fc1)
Technical Support: http://www.cisco.com/techsupport
Copyright (c) 1986-2016 by Cisco Systems, Inc.
Compiled Fri 22-Apr-16 05:48 by prod_rel_team

advertisement version: 2
Duplex: full
Power drawn: 15.400 Watts
Power request id: 45241, Power management id: 2
Power request levels are:15400 13000 0 0 0 
Management address(es): 
  IP address: 172.29.136.62

-------------------------
Device ID: 1ST_NT_MDF_SW01.mongeneral.com
Entry address(es): 
  IP address: 172.26.1.3
Platform: cisco WS-C3850-24XS,  Capabilities: Router Switch IGMP 
Interface: TenGigabitEthernet2/0/1,  Port ID (outgoing port): TenGigabitEthernet2/0/10
Holdtime : 139 sec

Version :
Cisco IOS Software, IOS-XE Software, Catalyst L3 Switch Software (CAT3K_CAA-UNIVERSALK9-M), Version 03.07.04E RELEASE SOFTWARE (fc1)
Technical Support: http://www.cisco.com/techsupport
Copyright (c) 1986-2016 by Cisco Systems, Inc.
Compiled Thu 19-May-16 11:48 by prod_rel_team

advertisement version: 2
VTP Management Domain: 'MonGen'
Native VLAN: 666
Duplex: full
Management address(es): 
  IP address: 172.26.1.3

-------------------------
Device ID: 1ST_NT_MDF_SW01.mongeneral.com
Entry address(es): 
  IP address: 172.26.1.3
Platform: cisco WS-C3850-24XS,  Capabilities: Router Switch IGMP 
Interface: TenGigabitEthernet1/0/1,  Port ID (outgoing port): TenGigabitEthernet1/0/10
Holdtime : 132 sec

Version :
Cisco IOS Software, IOS-XE Software, Catalyst L3 Switch Software (CAT3K_CAA-UNIVERSALK9-M), Version 03.07.04E RELEASE SOFTWARE (fc1)
Technical Support: http://www.cisco.com/techsupport
Copyright (c) 1986-2016 by Cisco Systems, Inc.
Compiled Thu 19-May-16 11:48 by prod_rel_team

advertisement version: 2
VTP Management Domain: 'MonGen'
Native VLAN: 666
Duplex: full
Management address(es): 
  IP address: 172.26.1.3

-------------------------
Device ID: ap-2n-cath1
Entry address(es): 
  IP address: 172.29.136.51
  IPv6 address: FE80::C267:AFFF:FE5B:D8F  (link-local)
Platform: cisco AIR-CAP3602I-A-K9,  Capabilities: Trans-Bridge Source-Route-Bridge IGMP 
Interface: GigabitEthernet2/0/15,  Port ID (outgoing port): GigabitEthernet0
Holdtime : 150 sec

Version :
Cisco IOS Software, C3600 Software (AP3G2-K9W8-M), Version 15.3(3)JA8, RELEASE SOFTWARE (fc1)
Technical Support: http://www.cisco.com/techsupport
Copyright (c) 1986-2016 by Cisco Systems, Inc.
Compiled Fri 22-Apr-16 05:48 by prod_rel_team

advertisement version: 2
Duplex: full
Power drawn: 15.400 Watts
Power request id: 1047, Power management id: 2
Power request levels are:15400 13000 0 0 0 
Management address(es): 
  IP address: 172.29.136.51


Total cdp entries displayed : 5
2nd_nt_sw02#
DEBUG:netmiko:write_channel: b'\n'
DEBUG:netmiko:read_channel: 
2nd_nt_sw02#
DEBUG:netmiko:read_channel: 
DEBUG:netmiko:read_channel: 
DEBUG:netmiko:write_channel: b'exit\n'
DEBUG:paramiko.transport:EOF in transport thread
INFO:__main__:Running on http://127.0.0.1:8050/
INFO:__main__:Debugger PIN: 034-430-884
INFO:__main__:Running on http://127.0.0.1:8050/
INFO:__main__:Debugger PIN: 944-673-265
INFO:__main__:Running on http://127.0.0.1:8050/
INFO:__main__:Debugger PIN: 256-139-961
INFO:__main__:Running on http://127.0.0.1:8050/
INFO:__main__:Debugger PIN: 794-555-848
INFO:__main__:Running on http://127.0.0.1:8050/
INFO:__main__:Debugger PIN: 736-049-105
INFO:__main__:Running on http://127.0.0.1:8050/
INFO:__main__:Debugger PIN: 179-814-059
INFO:__main__:Running on http://127.0.0.1:8050/
INFO:__main__:Debugger PIN: 554-003-015
INFO:__main__:Running on http://127.0.0.1:8050/
INFO:__main__:Debugger PIN: 106-822-173
INFO:__main__:Running on http://127.0.0.1:8050/
INFO:__main__:Debugger PIN: 952-847-892
INFO:__main__:Running on http://127.0.0.1:8050/
INFO:__main__:Debugger PIN: 603-111-197
INFO:__main__:Running on http://127.0.0.1:8050/
INFO:__main__:Debugger PIN: 847-860-573
INFO:__main__:Running on http://127.0.0.1:8050/
INFO:__main__:Debugger PIN: 239-473-982
INFO:__main__:Running on http://127.0.0.1:8050/
INFO:__main__:Debugger PIN: 515-243-891
INFO:__main__:Running on http://127.0.0.1:8050/
INFO:__main__:Debugger PIN: 025-292-932
INFO:__main__:Running on http://127.0.0.1:8050/
INFO:__main__:Debugger PIN: 147-506-900
INFO:__main__:Running on http://127.0.0.1:8050/
INFO:__main__:Debugger PIN: 221-788-515
INFO:__main__:Running on http://127.0.0.1:8050/
INFO:__main__:Debugger PIN: 209-735-032
INFO:__main__:Running on http://127.0.0.1:8050/
INFO:__main__:Debugger PIN: 734-777-732
INFO:__main__:Running on http://127.0.0.1:8050/
INFO:__main__:Debugger PIN: 321-973-609
INFO:__main__:Running on http://127.0.0.1:8050/
INFO:__main__:Debugger PIN: 742-563-816
INFO:__main__:Running on http://127.0.0.1:8050/
INFO:__main__:Debugger PIN: 728-145-609
INFO:__main__:Running on http://127.0.0.1:8050/
INFO:__main__:Debugger PIN: 618-701-711
INFO:__main__:Running on http://127.0.0.1:8050/
INFO:__main__:Debugger PIN: 748-739-958
INFO:__main__:Running on http://127.0.0.1:8050/
INFO:__main__:Debugger PIN: 338-623-981
INFO:__main__:Running on http://127.0.0.1:8050/
INFO:__main__:Debugger PIN: 416-074-294
INFO:__main__:Running on http://127.0.0.1:8050/
INFO:__main__:Debugger PIN: 763-994-190
INFO:__main__:Running on http://127.0.0.1:8050/
INFO:__main__:Debugger PIN: 322-898-740
DEBUG:matplotlib:CONFIGDIR=/home/xnor/.config/matplotlib
DEBUG:matplotlib:(private) matplotlib data path: /share/Engagements/MHS/SOC_Project/Monode/node/lib/python3.8/site-packages/matplotlib/mpl-data
DEBUG:matplotlib:matplotlib data path: /share/Engagements/MHS/SOC_Project/Monode/node/lib/python3.8/site-packages/matplotlib/mpl-data
DEBUG:matplotlib:loaded rc file /share/Engagements/MHS/SOC_Project/Monode/node/lib/python3.8/site-packages/matplotlib/mpl-data/matplotlibrc
DEBUG:matplotlib:matplotlib version 3.2.1
DEBUG:matplotlib:interactive is False
DEBUG:matplotlib:platform is linux
DEBUG:matplotlib:loaded modules: ['sys', 'builtins', '_frozen_importlib', '_imp', '_warnings', '_frozen_importlib_external', '_io', 'marshal', 'posix', '_thread', '_weakref', 'time', 'zipimport', '_codecs', 'codecs', 'encodings.aliases', 'encodings', 'encodings.utf_8', '_signal', '__main__', 'encodings.latin_1', '_abc', 'abc', 'io', '_stat', 'stat', '_collections_abc', 'genericpath', 'posixpath', 'os.path', 'os', '_sitebuiltins', '_locale', '_bootlocale', 'types', 'importlib._bootstrap', 'importlib._bootstrap_external', 'warnings', 'importlib', 'importlib.machinery', 'importlib.abc', '_operator', 'operator', 'keyword', '_heapq', 'heapq', 'itertools', 'reprlib', '_collections', 'collections', '_functools', 'functools', 'contextlib', 'importlib.util', 'mpl_toolkits', 'site', '__future__', 'enum', '_sre', 'sre_constants', 'sre_parse', 'sre_compile', 'copyreg', 're', '_struct', 'struct', 'six', '_weakrefset', 'weakref', 'copy', '_plotly_utils', 'math', 'numbers', '_contextvars', 'contextvars', 'locale', '_pydecimal', 'decimal', '_json', 'json.scanner', 'json.decoder', 'json.encoder', 'json', 'token', 'tokenize', 'linecache', 'traceback', 'collections.abc', '_string', 'string', 'threading', 'atexit', 'logging', '_plotly_utils.optional_imports', 'binascii', 'base64', 'textwrap', 'platform', 'errno', 'signal', '_posixsubprocess', 'select', 'selectors', 'subprocess', '_uuid', 'uuid', 'PIL._version', 'PIL', '_plotly_utils.basevalidators', '_plotly_utils.utils', 'plotly.subplots', 'plotly.optional_imports', 'plotly.animation', 'pprint', 'plotly.utils', 'plotly.callbacks', 'plotly.validators', 'plotly.basedatatypes', 'plotly.graph_objs.waterfall.totals.marker', 'plotly.graph_objs.waterfall.totals', 'plotly.graph_objs.waterfall.increasing.marker', 'plotly.graph_objs.waterfall.increasing', 'plotly.graph_objs.waterfall.hoverlabel', 'plotly.graph_objs.waterfall.decreasing.marker', 'plotly.graph_objs.waterfall.decreasing', 'plotly.graph_objs.waterfall.connector', 'plotly.graph_objs.waterfall', 'plotly.graph_objs.volume.slices', 'plotly.graph_objs.volume.hoverlabel', 'plotly.graph_objs.volume.colorbar.title', 'plotly.graph_objs.volume.colorbar', 'plotly.graph_objs.volume.caps', 'plotly.graph_objs.volume', 'plotly.graph_objs.violin.unselected', 'plotly.graph_objs.violin.selected', 'plotly.graph_objs.violin.marker', 'plotly.graph_objs.violin.hoverlabel', 'plotly.graph_objs.violin.box', 'plotly.graph_objs.violin', 'plotly.graph_objs.treemap.pathbar', 'plotly.graph_objs.treemap.marker.colorbar.title', 'plotly.graph_objs.treemap.marker.colorbar', 'plotly.graph_objs.treemap.marker', 'plotly.graph_objs.treemap.hoverlabel', 'plotly.graph_objs.treemap', 'plotly.graph_objs.table.hoverlabel', 'plotly.graph_objs.table.header', 'plotly.graph_objs.table.cells', 'plotly.graph_objs.table', 'plotly.graph_objs.surface.hoverlabel', 'plotly.graph_objs.surface.contours.z', 'plotly.graph_objs.surface.contours.y', 'plotly.graph_objs.surface.contours.x', 'plotly.graph_objs.surface.contours', 'plotly.graph_objs.surface.colorbar.title', 'plotly.graph_objs.surface.colorbar', 'plotly.graph_objs.surface', 'plotly.graph_objs.sunburst.marker.colorbar.title', 'plotly.graph_objs.sunburst.marker.colorbar', 'plotly.graph_objs.sunburst.marker', 'plotly.graph_objs.sunburst.hoverlabel', 'plotly.graph_objs.sunburst', 'plotly.graph_objs.streamtube.hoverlabel', 'plotly.graph_objs.streamtube.colorbar.title', 'plotly.graph_objs.streamtube.colorbar', 'plotly.graph_objs.streamtube', 'plotly.graph_objs.splom.unselected', 'plotly.graph_objs.splom.selected', 'plotly.graph_objs.splom.marker.colorbar.title', 'plotly.graph_objs.splom.marker.colorbar', 'plotly.graph_objs.splom.marker', 'plotly.graph_objs.splom.hoverlabel', 'plotly.graph_objs.splom.dimension', 'plotly.graph_objs.splom', 'plotly.graph_objs.scatterternary.unselected', 'plotly.graph_objs.scatterternary.selected', 'plotly.graph_objs.scatterternary.marker.colorbar.title', 'plotly.graph_objs.scatterternary.marker.colorbar', 'plotly.graph_objs.scatterternary.marker', 'plotly.graph_objs.scatterternary.hoverlabel', 'plotly.graph_objs.scatterternary', 'plotly.graph_objs.scatterpolargl.unselected', 'plotly.graph_objs.scatterpolargl.selected', 'plotly.graph_objs.scatterpolargl.marker.colorbar.title', 'plotly.graph_objs.scatterpolargl.marker.colorbar', 'plotly.graph_objs.scatterpolargl.marker', 'plotly.graph_objs.scatterpolargl.hoverlabel', 'plotly.graph_objs.scatterpolargl', 'plotly.graph_objs.scatterpolar.unselected', 'plotly.graph_objs.scatterpolar.selected', 'plotly.graph_objs.scatterpolar.marker.colorbar.title', 'plotly.graph_objs.scatterpolar.marker.colorbar', 'plotly.graph_objs.scatterpolar.marker', 'plotly.graph_objs.scatterpolar.hoverlabel', 'plotly.graph_objs.scatterpolar', 'plotly.graph_objs.scattermapbox.unselected', 'plotly.graph_objs.scattermapbox.selected', 'plotly.graph_objs.scattermapbox.marker.colorbar.title', 'plotly.graph_objs.scattermapbox.marker.colorbar', 'plotly.graph_objs.scattermapbox.marker', 'plotly.graph_objs.scattermapbox.hoverlabel', 'plotly.graph_objs.scattermapbox', 'plotly.graph_objs.scattergl.unselected', 'plotly.graph_objs.scattergl.selected', 'plotly.graph_objs.scattergl.marker.colorbar.title', 'plotly.graph_objs.scattergl.marker.colorbar', 'plotly.graph_objs.scattergl.marker', 'plotly.graph_objs.scattergl.hoverlabel', 'plotly.graph_objs.scattergl', 'plotly.graph_objs.scattergeo.unselected', 'plotly.graph_objs.scattergeo.selected', 'plotly.graph_objs.scattergeo.marker.colorbar.title', 'plotly.graph_objs.scattergeo.marker.colorbar', 'plotly.graph_objs.scattergeo.marker', 'plotly.graph_objs.scattergeo.hoverlabel', 'plotly.graph_objs.scattergeo', 'plotly.graph_objs.scattercarpet.unselected', 'plotly.graph_objs.scattercarpet.selected', 'plotly.graph_objs.scattercarpet.marker.colorbar.title', 'plotly.graph_objs.scattercarpet.marker.colorbar', 'plotly.graph_objs.scattercarpet.marker', 'plotly.graph_objs.scattercarpet.hoverlabel', 'plotly.graph_objs.scattercarpet', 'plotly.graph_objs.scatter3d.projection', 'plotly.graph_objs.scatter3d.marker.colorbar.title', 'plotly.graph_objs.scatter3d.marker.colorbar', 'plotly.graph_objs.scatter3d.marker', 'plotly.graph_objs.scatter3d.line.colorbar.title', 'plotly.graph_objs.scatter3d.line.colorbar', 'plotly.graph_objs.scatter3d.line', 'plotly.graph_objs.scatter3d.hoverlabel', 'plotly.graph_objs.scatter3d', 'plotly.graph_objs.scatter.unselected', 'plotly.graph_objs.scatter.selected', 'plotly.graph_objs.scatter.marker.colorbar.title', 'plotly.graph_objs.scatter.marker.colorbar', 'plotly.graph_objs.scatter.marker', 'plotly.graph_objs.scatter.hoverlabel', 'plotly.graph_objs.scatter', 'plotly.graph_objs.sankey.node.hoverlabel', 'plotly.graph_objs.sankey.node', 'plotly.graph_objs.sankey.link.hoverlabel', 'plotly.graph_objs.sankey.link', 'plotly.graph_objs.sankey.hoverlabel', 'plotly.graph_objs.sankey', 'plotly.graph_objs.pointcloud.marker', 'plotly.graph_objs.pointcloud.hoverlabel', 'plotly.graph_objs.pointcloud', 'plotly.graph_objs.pie.title', 'plotly.graph_objs.pie.marker', 'plotly.graph_objs.pie.hoverlabel', 'plotly.graph_objs.pie', 'plotly.graph_objs.parcoords.line.colorbar.title', 'plotly.graph_objs.parcoords.line.colorbar', 'plotly.graph_objs.parcoords.line', 'plotly.graph_objs.parcoords', 'plotly.graph_objs.parcats.line.colorbar.title', 'plotly.graph_objs.parcats.line.colorbar', 'plotly.graph_objs.parcats.line', 'plotly.graph_objs.parcats', 'plotly.graph_objs.ohlc.increasing', 'plotly.graph_objs.ohlc.hoverlabel', 'plotly.graph_objs.ohlc.decreasing', 'plotly.graph_objs.ohlc', 'plotly.graph_objs.mesh3d.hoverlabel', 'plotly.graph_objs.mesh3d.colorbar.title', 'plotly.graph_objs.mesh3d.colorbar', 'plotly.graph_objs.mesh3d', 'plotly.graph_objs.isosurface.slices', 'plotly.graph_objs.isosurface.hoverlabel', 'plotly.graph_objs.isosurface.colorbar.title', 'plotly.graph_objs.isosurface.colorbar', 'plotly.graph_objs.isosurface.caps', 'plotly.graph_objs.isosurface', 'plotly.graph_objs.indicator.title', 'plotly.graph_objs.indicator.number', 'plotly.graph_objs.indicator.gauge.threshold', 'plotly.graph_objs.indicator.gauge.step', 'plotly.graph_objs.indicator.gauge.bar', 'plotly.graph_objs.indicator.gauge.axis', 'plotly.graph_objs.indicator.gauge', 'plotly.graph_objs.indicator.delta', 'plotly.graph_objs.indicator', 'plotly.graph_objs.image.hoverlabel', 'plotly.graph_objs.image', 'plotly.graph_objs.histogram2dcontour.hoverlabel', 'plotly.graph_objs.histogram2dcontour.contours', 'plotly.graph_objs.histogram2dcontour.colorbar.title', 'plotly.graph_objs.histogram2dcontour.colorbar', 'plotly.graph_objs.histogram2dcontour', 'plotly.graph_objs.histogram2d.hoverlabel', 'plotly.graph_objs.histogram2d.colorbar.title', 'plotly.graph_objs.histogram2d.colorbar', 'plotly.graph_objs.histogram2d', 'plotly.graph_objs.histogram.unselected', 'plotly.graph_objs.histogram.selected', 'plotly.graph_objs.histogram.marker.colorbar.title', 'plotly.graph_objs.histogram.marker.colorbar', 'plotly.graph_objs.histogram.marker', 'plotly.graph_objs.histogram.hoverlabel', 'plotly.graph_objs.histogram', 'plotly.graph_objs.heatmapgl.hoverlabel', 'plotly.graph_objs.heatmapgl.colorbar.title', 'plotly.graph_objs.heatmapgl.colorbar', 'plotly.graph_objs.heatmapgl', 'plotly.graph_objs.heatmap.hoverlabel', 'plotly.graph_objs.heatmap.colorbar.title', 'plotly.graph_objs.heatmap.colorbar', 'plotly.graph_objs.heatmap', 'plotly.graph_objs.funnelarea.title', 'plotly.graph_objs.funnelarea.marker', 'plotly.graph_objs.funnelarea.hoverlabel', 'plotly.graph_objs.funnelarea', 'plotly.graph_objs.funnel.marker.colorbar.title', 'plotly.graph_objs.funnel.marker.colorbar', 'plotly.graph_objs.funnel.marker', 'plotly.graph_objs.funnel.hoverlabel', 'plotly.graph_objs.funnel.connector', 'plotly.graph_objs.funnel', 'plotly.graph_objs.densitymapbox.hoverlabel', 'plotly.graph_objs.densitymapbox.colorbar.title', 'plotly.graph_objs.densitymapbox.colorbar', 'plotly.graph_objs.densitymapbox', 'plotly.graph_objs.contourcarpet.contours', 'plotly.graph_objs.contourcarpet.colorbar.title', 'plotly.graph_objs.contourcarpet.colorbar', 'plotly.graph_objs.contourcarpet', 'plotly.graph_objs.contour.hoverlabel', 'plotly.graph_objs.contour.contours', 'plotly.graph_objs.contour.colorbar.title', 'plotly.graph_objs.contour.colorbar', 'plotly.graph_objs.contour', 'plotly.graph_objs.cone.hoverlabel', 'plotly.graph_objs.cone.colorbar.title', 'plotly.graph_objs.cone.colorbar', 'plotly.graph_objs.cone', 'plotly.graph_objs.choroplethmapbox.unselected', 'plotly.graph_objs.choroplethmapbox.selected', 'plotly.graph_objs.choroplethmapbox.marker', 'plotly.graph_objs.choroplethmapbox.hoverlabel', 'plotly.graph_objs.choroplethmapbox.colorbar.title', 'plotly.graph_objs.choroplethmapbox.colorbar', 'plotly.graph_objs.choroplethmapbox', 'plotly.graph_objs.choropleth.unselected', 'plotly.graph_objs.choropleth.selected', 'plotly.graph_objs.choropleth.marker', 'plotly.graph_objs.choropleth.hoverlabel', 'plotly.graph_objs.choropleth.colorbar.title', 'plotly.graph_objs.choropleth.colorbar', 'plotly.graph_objs.choropleth', 'plotly.graph_objs.carpet.baxis.title', 'plotly.graph_objs.carpet.baxis', 'plotly.graph_objs.carpet.aaxis.title', 'plotly.graph_objs.carpet.aaxis', 'plotly.graph_objs.carpet', 'plotly.graph_objs.candlestick.increasing', 'plotly.graph_objs.candlestick.hoverlabel', 'plotly.graph_objs.candlestick.decreasing', 'plotly.graph_objs.candlestick', 'plotly.graph_objs.box.unselected', 'plotly.graph_objs.box.selected', 'plotly.graph_objs.box.marker', 'plotly.graph_objs.box.hoverlabel', 'plotly.graph_objs.box', 'plotly.graph_objs.barpolar.unselected', 'plotly.graph_objs.barpolar.selected', 'plotly.graph_objs.barpolar.marker.colorbar.title', 'plotly.graph_objs.barpolar.marker.colorbar', 'plotly.graph_objs.barpolar.marker', 'plotly.graph_objs.barpolar.hoverlabel', 'plotly.graph_objs.barpolar', 'plotly.graph_objs.bar.unselected', 'plotly.graph_objs.bar.selected', 'plotly.graph_objs.bar.marker.colorbar.title', 'plotly.graph_objs.bar.marker.colorbar', 'plotly.graph_objs.bar.marker', 'plotly.graph_objs.bar.hoverlabel', 'plotly.graph_objs.bar', 'plotly.graph_objs.area.hoverlabel', 'plotly.graph_objs.area', 'plotly.graph_objs.layout.yaxis.title', 'plotly.graph_objs.layout.yaxis', 'plotly.graph_objs.layout.xaxis.title', 'plotly.graph_objs.layout.xaxis.rangeslider', 'plotly.graph_objs.layout.xaxis.rangeselector', 'plotly.graph_objs.layout.xaxis', 'plotly.graph_objs.layout.updatemenu', 'plotly.graph_objs.layout.title', 'plotly.graph_objs.layout.ternary.caxis.title', 'plotly.graph_objs.layout.ternary.caxis', 'plotly.graph_objs.layout.ternary.baxis.title', 'plotly.graph_objs.layout.ternary.baxis', 'plotly.graph_objs.layout.ternary.aaxis.title', 'plotly.graph_objs.layout.ternary.aaxis', 'plotly.graph_objs.layout.ternary', 'plotly.graph_objs.layout.template.data', 'plotly.graph_objs.layout.template', 'plotly.graph_objs.layout.slider.currentvalue', 'plotly.graph_objs.layout.slider', 'plotly.graph_objs.layout.shape', 'plotly.graph_objs.layout.scene.zaxis.title', 'plotly.graph_objs.layout.scene.zaxis', 'plotly.graph_objs.layout.scene.yaxis.title', 'plotly.graph_objs.layout.scene.yaxis', 'plotly.graph_objs.layout.scene.xaxis.title', 'plotly.graph_objs.layout.scene.xaxis', 'plotly.graph_objs.layout.scene.camera', 'plotly.graph_objs.layout.scene.annotation.hoverlabel', 'plotly.graph_objs.layout.scene.annotation', 'plotly.graph_objs.layout.scene', 'plotly.graph_objs.layout.polar.radialaxis.title', 'plotly.graph_objs.layout.polar.radialaxis', 'plotly.graph_objs.layout.polar.angularaxis', 'plotly.graph_objs.layout.polar', 'plotly.graph_objs.layout.mapbox.layer.symbol', 'plotly.graph_objs.layout.mapbox.layer', 'plotly.graph_objs.layout.mapbox', 'plotly.graph_objs.layout.legend.title', 'plotly.graph_objs.layout.legend', 'plotly.graph_objs.layout.hoverlabel', 'plotly.graph_objs.layout.grid', 'plotly.graph_objs.layout.geo.projection', 'plotly.graph_objs.layout.geo', 'plotly.graph_objs.layout.coloraxis.colorbar.title', 'plotly.graph_objs.layout.coloraxis.colorbar', 'plotly.graph_objs.layout.coloraxis', 'plotly.graph_objs.layout.annotation.hoverlabel', 'plotly.graph_objs.layout.annotation', 'plotly.graph_objs.layout', 'plotly.graph_objs._figure', 'plotly.graph_objs._deprecations', 'plotly.graph_objs', '_plotly_utils.exceptions', 'plotly.exceptions', '_plotly_utils.files', 'plotly.files', 'plotly.tools', 'pkgutil', 'plotly.offline._plotlyjs_version', 'plotly.offline.offline', 'plotly.offline', '_plotly_utils.colors._swatches', '_plotly_utils.colors.colorbrewer', '_plotly_utils.colors.carto', '_plotly_utils.colors.qualitative', '_plotly_utils.colors.plotlyjs', '_plotly_utils.colors.cmocean', '_plotly_utils.colors.sequential', '_plotly_utils.colors.diverging', '_plotly_utils.colors.cyclical', '_plotly_utils.colors', 'plotly.colors', '_socket', 'socket', '_bisect', 'bisect', '_sha512', '_random', 'random', 'retrying', 'plotly.io._utils', 'plotly.io._orca', 'plotly.io.orca', 'plotly.io._json', 'plotly.io._templates', 'shlex', 'fnmatch', 'zlib', '_compression', '_bz2', 'bz2', '_lzma', 'lzma', 'pwd', 'grp', 'shutil', 'webbrowser', 'plotly.io._html', 'distutils', 'distutils.version', '_opcode', 'opcode', 'dis', 'inspect', 'http', '_datetime', 'datetime', 'email', 'urllib', 'urllib.parse', 'calendar', 'email._parseaddr', 'email.base64mime', 'email.quoprimime', 'email.errors', 'quopri', 'email.encoders', 'email.charset', 'email.utils', 'html.entities', 'html', 'email.header', 'email._policybase', 'email.feedparser', 'email.parser', 'uu', 'email._encoded_words', 'email.iterators', 'email.message', '_ssl', 'ssl', 'http.client', 'mimetypes', 'socketserver', 'http.server', 'plotly.io._base_renderers', 'plotly.io._renderers', 'plotly.io.base_renderers', 'plotly.io', 'plotly.data', 'plotly._docstring_gen', 'plotly._version', 'plotly._widget_version', 'plotly.version', 'plotly', 'plotly.graph_objects', 'networkx.release', 'networkx.exception', 'networkx.utils.misc', 'ntpath', 'pathlib', 'decorator', 'networkx.utils.decorators', 'networkx.utils.random_sequence', 'networkx.utils.union_find', 'networkx.utils.rcm', 'networkx.utils.heaps', 'networkx.utils.contextmanagers', 'networkx.utils', 'networkx.classes.coreviews', 'networkx.classes.reportviews', 'networkx.convert', 'networkx.classes.graph', 'networkx.classes.digraph', 'networkx.classes.multigraph', 'networkx.classes.multidigraph', 'networkx.classes.ordered', 'networkx.classes.filters', 'networkx.classes.graphviews', 'networkx.classes.function', 'networkx.classes', 'networkx.convert_matrix', 'networkx.relabel', 'gzip', 'networkx.generators.atlas', 'networkx.generators.classic', 'networkx.generators.cographs', 'scipy', 'networkx.generators.community', 'networkx.generators.degree_seq', 'networkx.generators.directed', 'networkx.generators.duplication', 'networkx.generators.ego', 'networkx.generators.expanders', 'networkx.generators.geometric', 'networkx.generators.internet_as_graphs', 'networkx.algorithms.assortativity.connectivity', 'networkx.algorithms.assortativity.pairs', 'networkx.algorithms.assortativity.mixing', 'networkx.algorithms.assortativity.correlation', 'networkx.algorithms.assortativity.neighbor_degree', 'networkx.algorithms.assortativity', 'networkx.algorithms.asteroidal', 'networkx.algorithms.boundary', 'networkx.algorithms.bridges', 'networkx.algorithms.chains', 'networkx.algorithms.centrality.betweenness', 'networkx.algorithms.centrality.betweenness_subset', 'networkx.algorithms.centrality.closeness', 'networkx.algorithms.centrality.subgraph_alg', 'networkx.algorithms.centrality.flow_matrix', 'networkx.algorithms.centrality.current_flow_closeness', 'networkx.algorithms.centrality.current_flow_betweenness', 'networkx.algorithms.centrality.current_flow_betweenness_subset', 'networkx.algorithms.centrality.degree_alg', 'networkx.algorithms.centrality.dispersion', 'networkx.algorithms.centrality.eigenvector', 'networkx.algorithms.centrality.group', 'networkx.algorithms.centrality.harmonic', 'networkx.algorithms.centrality.katz', 'networkx.algorithms.centrality.load', 'networkx.algorithms.centrality.reaching', 'networkx.algorithms.centrality.percolation', 'networkx.algorithms.centrality.second_order', 'networkx.algorithms.centrality.voterank_alg', 'networkx.algorithms.centrality', 'networkx.algorithms.components.connected', 'networkx.algorithms.components.strongly_connected', 'networkx.algorithms.components.weakly_connected', 'networkx.algorithms.components.attracting', 'networkx.algorithms.components.biconnected', 'networkx.algorithms.components.semiconnected', 'networkx.algorithms.components', 'networkx.algorithms.chordal', 'networkx.algorithms.cluster', 'networkx.algorithms.clique', 'networkx.algorithms.communicability_alg', 'networkx.algorithms.coloring.greedy_coloring_with_interchange', 'networkx.algorithms.coloring.greedy_coloring', 'networkx.algorithms.coloring.equitable_coloring', 'networkx.algorithms.coloring', 'networkx.algorithms.core', 'networkx.algorithms.covering', 'networkx.algorithms.cycles', 'networkx.algorithms.cuts', 'networkx.algorithms.traversal.breadth_first_search', 'networkx.algorithms.traversal.beamsearch', 'networkx.algorithms.traversal.depth_first_search', 'networkx.algorithms.traversal.edgedfs', 'networkx.algorithms.traversal.edgebfs', 'networkx.algorithms.traversal', 'networkx.generators.trees', 'networkx.algorithms.dag', 'networkx.algorithms.distance_measures', 'networkx.algorithms.distance_regular', 'networkx.algorithms.dominance', 'networkx.algorithms.dominating', 'networkx.algorithms.efficiency_measures', 'networkx.algorithms.euler', 'networkx.algorithms.graphical', 'networkx.algorithms.hierarchy', 'networkx.algorithms.hybrid', 'networkx.algorithms.link_analysis.pagerank_alg', 'networkx.algorithms.link_analysis.hits_alg', 'networkx.algorithms.link_analysis', 'networkx.algorithms.link_prediction', 'networkx.algorithms.lowest_common_ancestors', 'networkx.algorithms.isolate', 'networkx.algorithms.matching', 'networkx.algorithms.minors', 'networkx.algorithms.mis', 'networkx.algorithms.non_randomness', 'networkx.algorithms.operators.all', 'networkx.algorithms.operators.binary', 'networkx.algorithms.operators.product', 'networkx.algorithms.operators.unary', 'networkx.algorithms.operators', 'networkx.algorithms.planarity', 'networkx.algorithms.planar_drawing', 'networkx.algorithms.reciprocity', 'networkx.algorithms.richclub', 'networkx.algorithms.shortest_paths.generic', 'networkx.algorithms.shortest_paths.unweighted', 'networkx.algorithms.shortest_paths.weighted', 'networkx.algorithms.shortest_paths.astar', 'networkx.algorithms.shortest_paths.dense', 'networkx.algorithms.shortest_paths', 'networkx.algorithms.similarity', 'networkx.algorithms.simple_paths', 'networkx.algorithms.smallworld', 'networkx.algorithms.smetric', 'networkx.algorithms.structuralholes', 'networkx.algorithms.sparsifiers', 'networkx.algorithms.swap', 'networkx.algorithms.triads', 'networkx.algorithms.vitality', 'networkx.algorithms.voronoi', 'networkx.algorithms.wiener', 'networkx.algorithms.bipartite.basic', 'networkx.algorithms.bipartite.centrality', 'networkx.algorithms.bipartite.cluster', 'networkx.algorithms.bipartite.matrix', 'networkx.algorithms.bipartite.matching', 'networkx.algorithms.bipartite.covering', 'networkx.algorithms.bipartite.edgelist', 'networkx.algorithms.bipartite.projection', 'networkx.algorithms.bipartite.redundancy', 'networkx.algorithms.bipartite.spectral', 'networkx.algorithms.bipartite.generators', 'networkx.algorithms.bipartite', 'networkx.algorithms.node_classification.utils', 'networkx.algorithms.node_classification.hmn', 'networkx.algorithms.node_classification.lgc', 'networkx.algorithms.node_classification', 'networkx.algorithms.flow.utils', 'networkx.algorithms.flow.boykovkolmogorov', 'networkx.algorithms.flow.dinitz_alg', 'networkx.algorithms.flow.edmondskarp', 'networkx.algorithms.flow.preflowpush', 'networkx.algorithms.flow.shortestaugmentingpath', 'networkx.algorithms.flow.maxflow', 'networkx.algorithms.flow.mincost', 'networkx.algorithms.flow.gomory_hu', 'networkx.algorithms.flow.capacityscaling', 'networkx.algorithms.flow.networksimplex', 'networkx.algorithms.flow', 'networkx.algorithms.connectivity.utils', 'networkx.algorithms.connectivity.connectivity', 'networkx.algorithms.connectivity.cuts', 'networkx.algorithms.connectivity.edge_augmentation', 'networkx.algorithms.connectivity.edge_kcomponents', 'networkx.algorithms.connectivity.disjoint_paths', 'networkx.algorithms.connectivity.kcomponents', 'networkx.algorithms.connectivity.kcutsets', 'networkx.algorithms.connectivity.stoerwagner', 'networkx.algorithms.connectivity', 'networkx.algorithms.community.asyn_fluid', 'networkx.algorithms.community.centrality', 'networkx.algorithms.community.kclique', 'networkx.algorithms.community.community_utils', 'networkx.algorithms.community.kernighan_lin', 'networkx.algorithms.community.label_propagation', 'networkx.algorithms.community.quality', 'networkx.utils.mapped_queue', 'networkx.algorithms.community.modularity_max', 'networkx.algorithms.community', 'networkx.algorithms.isomorphism.isomorph', 'networkx.algorithms.isomorphism.isomorphvf2', 'networkx.algorithms.isomorphism.vf2userfunc', 'networkx.algorithms.isomorphism.matchhelpers', 'networkx.algorithms.isomorphism.temporalisomorphvf2', 'networkx.algorithms.isomorphism.ismags', 'networkx.algorithms.isomorphism', 'networkx.algorithms.tournament', 'networkx.algorithms.tree.recognition', 'networkx.algorithms.tree.branchings', 'networkx.algorithms.tree.coding', 'networkx.algorithms.tree.mst', 'networkx.algorithms.tree.operations', 'networkx.algorithms.tree', 'networkx.algorithms', 'networkx.generators.intersection', 'networkx.generators.joint_degree_seq', 'networkx.generators.lattice', 'networkx.generators.line', 'networkx.generators.mycielski', 'networkx.generators.nonisomorphic_trees', 'networkx.generators.random_clustered', 'networkx.generators.random_graphs', 'networkx.generators.small', 'networkx.generators.social', 'networkx.generators.spectral_graph_forge', 'networkx.generators.stochastic', 'networkx.generators.triads', 'networkx.generators', 'networkx.readwrite.adjlist', 'networkx.readwrite.multiline_adjlist', 'networkx.readwrite.edgelist', '_compat_pickle', '_pickle', 'pickle', 'networkx.readwrite.gpickle', 'networkx.readwrite.pajek', 'networkx.readwrite.leda', 'networkx.readwrite.graph6', 'networkx.readwrite.sparse6', 'networkx.readwrite.nx_yaml', '_ast', 'ast', 'networkx.readwrite.gml', 'xml', 'xml.etree', 'xml.etree.ElementPath', 'pyexpat.errors', 'pyexpat.model', 'pyexpat', '_elementtree', 'xml.etree.ElementTree', 'xml.etree.cElementTree', 'numpy._globals', 'numpy.__config__', 'numpy.version', 'numpy._distributor_init', 'numpy.core._multiarray_umath', 'numpy.compat._inspect', 'numpy.compat.py3k', 'numpy.compat', 'numpy.core.overrides', 'numpy.core.multiarray', 'numpy.core.umath', 'numpy.core._string_helpers', 'numpy.core._dtype', 'numpy.core._type_aliases', 'numpy.core.numerictypes', 'numpy.core._asarray', 'numpy.core._exceptions', 'numpy.core._methods', 'numpy.core.fromnumeric', 'numpy.core.shape_base', 'numpy.core._ufunc_config', 'numpy.core.arrayprint', 'numpy.core.numeric', 'numpy.core.defchararray', 'numpy.core.records', 'numpy.core.memmap', 'numpy.core.function_base', 'numpy.core.machar', 'numpy.core.getlimits', 'numpy.core.einsumfunc', 'numpy.core._multiarray_tests', 'numpy.core._add_newdocs', '_ctypes', 'ctypes._endian', 'ctypes', 'numpy.core._dtype_ctypes', 'numpy.core._internal', 'numpy._pytesttester', 'numpy.core', 'numpy.lib.mixins', 'numpy.lib.ufunclike', 'numpy.lib.type_check', 'numpy.lib.scimath', 'numpy.lib.twodim_base', 'numpy.linalg.lapack_lite', 'numpy.linalg._umath_linalg', 'numpy.linalg.linalg', 'numpy.linalg', 'numpy.matrixlib.defmatrix', 'numpy.matrixlib', 'numpy.lib.histograms', 'numpy.lib.function_base', 'numpy.lib.stride_tricks', 'numpy.lib.index_tricks', 'numpy.lib.nanfunctions', 'numpy.lib.shape_base', 'numpy.lib.polynomial', 'numpy.lib.utils', 'numpy.lib.arraysetops', 'numpy.lib.format', 'numpy.lib._datasource', 'numpy.lib._iotools', 'numpy.lib.npyio', 'numpy.lib.financial', 'numpy.lib.arrayterator', 'numpy.lib.arraypad', 'numpy.lib._version', 'numpy.lib', 'numpy.fft._pocketfft_internal', 'numpy.fft._pocketfft', 'numpy.fft.helper', 'numpy.fft', 'numpy.polynomial.polyutils', 'numpy.polynomial._polybase', 'numpy.polynomial.polynomial', 'numpy.polynomial.chebyshev', 'numpy.polynomial.legendre', 'numpy.polynomial.hermite', 'numpy.polynomial.hermite_e', 'numpy.polynomial.laguerre', 'numpy.polynomial', 'cython_runtime', '_cython_0_29_15', 'numpy.random._common', '_hashlib', '_blake2', '_sha3', 'hashlib', 'hmac', 'secrets', 'numpy.random._bit_generator', 'numpy.random._bounded_integers', 'numpy.random._mt19937', 'numpy.random.mtrand', 'numpy.random._philox', 'numpy.random._pcg64', 'numpy.random._sfc64', 'numpy.random._generator', 'numpy.random._pickle', 'numpy.random', 'numpy.ctypeslib', 'numpy.ma.core', 'numpy.ma.extras', 'numpy.ma', 'numpy', 'networkx.readwrite.graphml', 'networkx.readwrite.gexf', 'networkx.readwrite.nx_shp', 'networkx.readwrite.json_graph.node_link', 'networkx.readwrite.json_graph.adjacency', 'networkx.readwrite.json_graph.tree', 'networkx.readwrite.json_graph.jit', 'networkx.readwrite.json_graph.cytoscape', 'networkx.readwrite.json_graph', 'networkx.readwrite', 'networkx.linalg.attrmatrix', 'networkx.linalg.spectrum', 'networkx.linalg.graphmatrix', 'networkx.linalg.laplacianmatrix', 'networkx.linalg.algebraicconnectivity', 'networkx.linalg.modularitymatrix', 'networkx.linalg.bethehessianmatrix', 'networkx.linalg', 'networkx.testing.utils', 'networkx.testing.test', 'networkx.testing', 'networkx.drawing.layout', 'networkx.drawing.nx_pylab', 'tempfile', 'networkx.drawing.nx_agraph', 'networkx.drawing.nx_pydot', 'networkx.drawing', 'networkx', 'graph', 'telnetlib', 'paramiko._version', 'cryptography.__about__', 'cryptography', 'cryptography.hazmat', 'cryptography.hazmat.backends', 'cryptography.hazmat.primitives', 'cryptography.utils', 'cryptography.exceptions', 'cryptography.hazmat.backends.interfaces', 'cryptography.hazmat.primitives.ciphers.modes', 'cryptography.hazmat.primitives.ciphers.base', 'cryptography.hazmat.primitives.ciphers', 'cryptography.hazmat.primitives.ciphers.algorithms', 'paramiko.py3compat', 'paramiko.common', 'termios', 'getpass', 'paramiko.ssh_exception', 'paramiko.config', 'paramiko.util', 'paramiko.message', 'paramiko.server', 'paramiko.ssh_gss', 'paramiko.auth_handler', 'paramiko.file', 'array', 'paramiko.buffered_pipe', 'paramiko.pipe', 'paramiko.channel', 'paramiko.compress', 'cryptography.hazmat.primitives.hashes', 'cryptography.hazmat.primitives.serialization.base', 'cryptography.hazmat.primitives.asymmetric', 'cryptography.hazmat.primitives.asymmetric.dsa', 'cryptography.hazmat._oid', 'cryptography.hazmat.primitives.asymmetric.ec', 'cryptography.hazmat.primitives.asymmetric.ed25519', 'cryptography.hazmat.primitives.asymmetric.rsa', 'cryptography.hazmat.primitives.serialization.ssh', 'cryptography.hazmat.primitives.serialization', 'cryptography.hazmat._der', 'cryptography.hazmat.primitives.asymmetric.utils', 'paramiko.ber', '_cffi_backend', '_bcrypt.lib', '_bcrypt', 'bcrypt._bcrypt', 'bcrypt.__about__', 'bcrypt', 'paramiko.pkey', 'paramiko.dsskey', 'nacl', 'nacl.exceptions', '_sodium.lib', '_sodium', 'nacl._sodium', 'nacl.bindings.crypto_aead', 'nacl.bindings.crypto_box', 'nacl.bindings.crypto_generichash', 'nacl.bindings.crypto_hash', 'nacl.bindings.crypto_kx', 'nacl.bindings.crypto_pwhash', 'nacl.bindings.crypto_scalarmult', 'nacl.bindings.crypto_secretbox', 'nacl.bindings.crypto_secretstream', 'nacl.bindings.crypto_shorthash', 'nacl.bindings.crypto_sign', 'nacl.bindings.randombytes', 'nacl.bindings.sodium_core', 'nacl.bindings.utils', 'nacl.bindings', 'nacl.encoding', 'nacl.utils', 'nacl.public', 'nacl.signing', 'paramiko.ed25519key', 'cryptography.hazmat.bindings', '_constant_time.lib', '_constant_time', 'cryptography.hazmat.bindings._constant_time', 'cryptography.hazmat.primitives.constant_time', 'cryptography.hazmat.primitives.asymmetric.x25519', 'paramiko.kex_curve25519', 'paramiko.kex_gex', 'paramiko.kex_group1', 'paramiko.kex_group14', 'paramiko.kex_group16', 'paramiko.kex_ecdh_nist', 'paramiko.kex_gss', 'paramiko.packet', 'paramiko.primes', 'cryptography.hazmat.primitives.asymmetric.padding', 'paramiko.rsakey', 'paramiko.ecdsakey', 'paramiko.sftp', 'paramiko.sftp_attr', 'paramiko.sftp_file', 'paramiko.sftp_client', 'six.moves', 'cryptography.x509.certificate_transparency', 'cryptography.hazmat.primitives.asymmetric.ed448', 'ipaddress', 'cryptography.x509.oid', 'cryptography.x509.name', 'cryptography.x509.general_name', 'cryptography.x509.extensions', 'cryptography.x509.base', 'cryptography.x509', 'cryptography.hazmat.backends.openssl.aead', 'cryptography.hazmat.backends.openssl.ciphers', 'cryptography.hazmat.backends.openssl.cmac', 'cryptography.hazmat.backends.openssl.decode_asn1', 'cryptography.hazmat.primitives.asymmetric.dh', 'cryptography.hazmat.backends.openssl.dh', 'cryptography.hazmat.backends.openssl.utils', 'cryptography.hazmat.backends.openssl.dsa', 'cryptography.hazmat.backends.openssl.ec', 'cryptography.hazmat.backends.openssl.ed25519', 'cryptography.hazmat.backends.openssl.ed448', 'cryptography.hazmat.backends.openssl.encode_asn1', 'cryptography.hazmat.backends.openssl.hashes', 'cryptography.hazmat.backends.openssl.hmac', 'cryptography.hazmat.backends.openssl.x509', 'cryptography.x509.ocsp', 'cryptography.hazmat.backends.openssl.ocsp', 'cryptography.hazmat.backends.openssl.poly1305', 'cryptography.hazmat.backends.openssl.rsa', 'cryptography.hazmat.backends.openssl.x25519', 'cryptography.hazmat.primitives.asymmetric.x448', 'cryptography.hazmat.backends.openssl.x448', 'cryptography.hazmat.bindings.openssl', '_openssl.lib', '_openssl', 'cryptography.hazmat.bindings._openssl', 'cryptography.hazmat.bindings.openssl._conditional', 'cryptography.hazmat.bindings.openssl.binding', 'cryptography.hazmat.primitives.kdf', 'cryptography.hazmat.primitives.kdf.scrypt', 'cryptography.hazmat.backends.openssl.backend', 'cryptography.hazmat.backends.openssl', 'paramiko.transport', 'paramiko.agent', 'paramiko.hostkeys', 'paramiko.client', 'paramiko.sftp_si', 'paramiko.sftp_handle', 'paramiko.sftp_server', 'paramiko.proxy', 'paramiko', 'serial.serialutil', 'fcntl', 'serial.serialposix', 'serial', 'netmiko.netmiko_globals', 'netmiko.ssh_exception', 'glob', 'serial.tools', 'serial.tools.list_ports_common', 'serial.tools.list_ports_linux', 'serial.tools.list_ports_posix', 'serial.tools.list_ports', 'netmiko._textfsm._terminal', 'netmiko._textfsm._texttable', 'gettext', 'getopt', 'textfsm.parser', 'textfsm', 'textfsm.copyable_regex_object', 'netmiko._textfsm._clitable', 'netmiko._textfsm', 'netmiko.utilities', 'netmiko.base_connection', 'scp', 'netmiko.scp_handler', 'netmiko.cisco_base_connection', 'netmiko.a10.a10_ssh', 'netmiko.a10', 'netmiko.accedian.accedian_ssh', 'netmiko.accedian', 'netmiko.alcatel.alcatel_aos_ssh', 'netmiko.alcatel', 'netmiko.arista.arista', 'netmiko.arista', 'netmiko.apresia.apresia_aeos', 'netmiko.apresia', 'netmiko.aruba.aruba_ssh', 'netmiko.aruba', 'netmiko.calix.calix_b6', 'netmiko.calix', 'netmiko.checkpoint.checkpoint_gaia_ssh', 'netmiko.checkpoint', 'netmiko.ciena.ciena_saos', 'netmiko.ciena', 'netmiko.cisco.cisco_ios', 'netmiko.cisco.cisco_asa_ssh', 'netmiko.cisco.cisco_nxos_ssh', 'netmiko.cisco.cisco_xr', 'netmiko.cisco.cisco_wlc_ssh', 'netmiko.cisco.cisco_s300', 'netmiko.cisco.cisco_tp_tcce', 'netmiko.cisco', 'netmiko.citrix.netscaler_ssh', 'netmiko.citrix', 'netmiko.cloudgenix.cloudgenix_ion', 'netmiko.cloudgenix', 'netmiko.coriant.coriant_ssh', 'netmiko.coriant', 'netmiko.dell.dell_powerconnect', 'netmiko.dell.dell_dnos6', 'netmiko.dell.dell_force10_ssh', 'netmiko.dell.dell_os10_ssh', 'netmiko.dell.dell_isilon_ssh', 'netmiko.dell', 'netmiko.dlink.dlink_ds', 'netmiko.dlink', 'netmiko.eltex.eltex_ssh', 'netmiko.eltex.eltex_esr_ssh', 'netmiko.eltex', 'netmiko.endace.endace_ssh', 'netmiko.endace', 'netmiko.enterasys.enterasys_ssh', 'netmiko.enterasys', 'netmiko.extreme.extreme_ers_ssh', 'netmiko.extreme.extreme_exos', 'netmiko.extreme.extreme_netiron', 'netmiko.extreme.extreme_nos_ssh', 'netmiko.extreme.extreme_slx_ssh', 'netmiko.extreme.extreme_vsp_ssh', 'netmiko.extreme.extreme_wing_ssh', 'netmiko.extreme', 'netmiko.f5.f5_tmsh_ssh', 'netmiko.linux.linux_ssh', 'netmiko.linux', 'netmiko.f5.f5_linux_ssh', 'netmiko.f5', 'netmiko.flexvnf.flexvnf_ssh', 'netmiko.flexvnf', 'netmiko.fortinet.fortinet_ssh', 'netmiko.fortinet', 'netmiko.hp.hp_procurve', 'netmiko.hp.hp_comware', 'netmiko.hp', 'netmiko.huawei.huawei', 'netmiko.huawei', 'netmiko.ipinfusion.ipinfusion_ocnos', 'netmiko.ipinfusion', 'netmiko.juniper.juniper', 'netmiko.juniper.juniper_screenos', 'netmiko.juniper', 'netmiko.keymile.keymile_ssh', 'netmiko.keymile.keymile_nos_ssh', 'netmiko.keymile', 'netmiko.mikrotik.mikrotik_ssh', 'netmiko.mikrotik', 'netmiko.mellanox.mellanox_mlnxos_ssh', 'netmiko.mellanox', 'netmiko.mrv.mrv_lx', 'netmiko.mrv.mrv_ssh', 'netmiko.mrv', 'netmiko.netapp.netapp_cdot_ssh', 'netmiko.netapp', 'netmiko.nokia.nokia_sros_ssh', 'netmiko.nokia', 'netmiko.oneaccess.oneaccess_oneos', 'netmiko.oneaccess', 'netmiko.ovs.ovs_linux_ssh', 'netmiko.ovs', 'netmiko.paloalto.paloalto_panos', 'netmiko.paloalto', 'netmiko.pluribus.pluribus_ssh', 'netmiko.pluribus', 'netmiko.quanta.quanta_mesh_ssh', 'netmiko.quanta', 'netmiko.rad.rad_etx', 'netmiko.rad', 'netmiko.ruckus.ruckus_fastiron', 'netmiko.ruckus', 'netmiko.ruijie.ruijie_os', 'netmiko.ruijie', 'netmiko.sophos.sophos_sfos_ssh', 'netmiko.sophos', 'netmiko.terminal_server.terminal_server', 'netmiko.terminal_server', 'netmiko.ubiquiti.edge_ssh', 'netmiko.ubiquiti', 'netmiko.vyos.vyos_ssh', 'netmiko.vyos', 'netmiko.watchguard.fireware_ssh', 'netmiko.watchguard', 'netmiko.ssh_dispatcher', 'netmiko.ssh_autodetect', 'netmiko.scp_functions', 'netmiko', 'typing.io', 'typing.re', 'typing', 'configparser', 'config', 'netcrawl', 'markupsafe._compat', 'markupsafe._speedups', 'markupsafe', 'jinja2._compat', 'jinja2.utils', 'jinja2.bccache', 'jinja2.nodes', 'jinja2.exceptions', 'jinja2.visitor', 'jinja2.idtracking', 'jinja2.optimizer', 'jinja2.compiler', 'jinja2.runtime', 'jinja2.filters', 'jinja2.tests', 'jinja2.defaults', 'unicodedata', 'jinja2._identifier', 'jinja2.lexer', 'jinja2.parser', 'jinja2.environment', 'jinja2.loaders', 'jinja2', 'werkzeug._compat', 'werkzeug._internal', 'werkzeug.utils', 'werkzeug.exceptions', 'werkzeug.urls', 'click._compat', 'click._unicodefun', 'click.globals', 'click.utils', 'click.exceptions', 'click.parser', 'click.types', 'click.termui', 'click.formatting', 'click.core', 'click.decorators', 'click', 'werkzeug.serving', 'werkzeug.filesystem', 'urllib.response', 'urllib.error', 'urllib.request', 'werkzeug.http', 'werkzeug.datastructures', 'werkzeug.wrappers.accept', 'werkzeug.wrappers.auth', 'werkzeug.wsgi', 'werkzeug.formparser', 'werkzeug.wrappers.base_request', 'werkzeug.wrappers.base_response', 'werkzeug.wrappers.common_descriptors', 'werkzeug.wrappers.etag', 'werkzeug.wrappers.cors', 'werkzeug.useragents', 'werkzeug.wrappers.user_agent', 'werkzeug.wrappers.request', 'werkzeug.wrappers.response', 'werkzeug.wrappers', 'http.cookiejar', 'werkzeug.test', 'werkzeug', 'itsdangerous._json', 'itsdangerous._compat', 'itsdangerous.exc', 'itsdangerous.encoding', 'itsdangerous.signer', 'itsdangerous.serializer', 'itsdangerous.jws', 'itsdangerous.timed', 'itsdangerous.url_safe', 'itsdangerous', 'flask._compat', 'werkzeug.local', 'flask.globals', 'dataclasses', 'flask.json', 'difflib', 'werkzeug.routing', 'flask.signals', 'flask.helpers', 'flask.cli', 'flask.config', 'flask.ctx', 'flask.logging', 'flask.json.tag', 'flask.sessions', 'flask.templating', 'werkzeug.wrappers.json', 'flask.wrappers', 'flask.app', 'flask.blueprints', 'flask', 'flask_compress', 'werkzeug.security', 'codeop', 'code', 'werkzeug.debug.repr', 'werkzeug.debug.console', 'sysconfig', 'werkzeug.debug.tbtools', 'werkzeug.debug', 'dash_renderer', 'dash.dependencies', 'dash.fingerprint', 'future', 'future.utils', 'dash.exceptions', 'dash._utils', 'dash.development.base_component', 'dash.development._all_keywords', 'dash.development._py_components_generation', 'dash.development.component_loader', 'dash.development', 'dash.resources', 'dash._watch', 'dash._configs', 'dash.version', 'dash.dash', 'dash._callback_context', 'dash', 'dash_core_components.Checklist', 'dash_core_components.ConfirmDialog', 'dash_core_components.ConfirmDialogProvider', 'dash_core_components.DatePickerRange', 'dash_core_components.DatePickerSingle', 'dash_core_components.Dropdown', 'dash_core_components.Graph', 'dash_core_components.Input', 'dash_core_components.Interval', 'dash_core_components.Link', 'dash_core_components.Loading', 'dash_core_components.Location', 'dash_core_components.LogoutButton', 'dash_core_components.Markdown', 'dash_core_components.RadioItems', 'dash_core_components.RangeSlider', 'dash_core_components.Slider', 'dash_core_components.Store', 'dash_core_components.Tab', 'dash_core_components.Tabs', 'dash_core_components.Textarea', 'dash_core_components.Upload', 'dash_core_components._imports_', 'dash_core_components', 'dash_html_components.A', 'dash_html_components.Abbr', 'dash_html_components.Acronym', 'dash_html_components.Address', 'dash_html_components.Area', 'dash_html_components.Article', 'dash_html_components.Aside', 'dash_html_components.Audio', 'dash_html_components.B', 'dash_html_components.Base', 'dash_html_components.Basefont', 'dash_html_components.Bdi', 'dash_html_components.Bdo', 'dash_html_components.Big', 'dash_html_components.Blink', 'dash_html_components.Blockquote', 'dash_html_components.Br', 'dash_html_components.Button', 'dash_html_components.Canvas', 'dash_html_components.Caption', 'dash_html_components.Center', 'dash_html_components.Cite', 'dash_html_components.Code', 'dash_html_components.Col', 'dash_html_components.Colgroup', 'dash_html_components.Command', 'dash_html_components.Content', 'dash_html_components.Data', 'dash_html_components.Datalist', 'dash_html_components.Dd', 'dash_html_components.Del', 'dash_html_components.Details', 'dash_html_components.Dfn', 'dash_html_components.Dialog', 'dash_html_components.Div', 'dash_html_components.Dl', 'dash_html_components.Dt', 'dash_html_components.Element', 'dash_html_components.Em', 'dash_html_components.Embed', 'dash_html_components.Fieldset', 'dash_html_components.Figcaption', 'dash_html_components.Figure', 'dash_html_components.Font', 'dash_html_components.Footer', 'dash_html_components.Form', 'dash_html_components.Frame', 'dash_html_components.Frameset', 'dash_html_components.H1', 'dash_html_components.H2', 'dash_html_components.H3', 'dash_html_components.H4', 'dash_html_components.H5', 'dash_html_components.H6', 'dash_html_components.Header', 'dash_html_components.Hgroup', 'dash_html_components.Hr', 'dash_html_components.I', 'dash_html_components.Iframe', 'dash_html_components.Img', 'dash_html_components.Ins', 'dash_html_components.Isindex', 'dash_html_components.Kbd', 'dash_html_components.Keygen', 'dash_html_components.Label', 'dash_html_components.Legend', 'dash_html_components.Li', 'dash_html_components.Link', 'dash_html_components.Listing', 'dash_html_components.Main', 'dash_html_components.MapEl', 'dash_html_components.Mark', 'dash_html_components.Marquee', 'dash_html_components.Meta', 'dash_html_components.Meter', 'dash_html_components.Multicol', 'dash_html_components.Nav', 'dash_html_components.Nextid', 'dash_html_components.Nobr', 'dash_html_components.Noscript', 'dash_html_components.ObjectEl', 'dash_html_components.Ol', 'dash_html_components.Optgroup', 'dash_html_components.Option', 'dash_html_components.Output', 'dash_html_components.P', 'dash_html_components.Param', 'dash_html_components.Picture', 'dash_html_components.Plaintext', 'dash_html_components.Pre', 'dash_html_components.Progress', 'dash_html_components.Q', 'dash_html_components.Rb', 'dash_html_components.Rp', 'dash_html_components.Rt', 'dash_html_components.Rtc', 'dash_html_components.Ruby', 'dash_html_components.S', 'dash_html_components.Samp', 'dash_html_components.Script', 'dash_html_components.Section', 'dash_html_components.Select', 'dash_html_components.Shadow', 'dash_html_components.Slot', 'dash_html_components.Small', 'dash_html_components.Source', 'dash_html_components.Spacer', 'dash_html_components.Span', 'dash_html_components.Strike', 'dash_html_components.Strong', 'dash_html_components.Sub', 'dash_html_components.Summary', 'dash_html_components.Sup', 'dash_html_components.Table', 'dash_html_components.Tbody', 'dash_html_components.Td', 'dash_html_components.Template', 'dash_html_components.Textarea', 'dash_html_components.Tfoot', 'dash_html_components.Th', 'dash_html_components.Thead', 'dash_html_components.Time', 'dash_html_components.Title', 'dash_html_components.Tr', 'dash_html_components.Track', 'dash_html_components.U', 'dash_html_components.Ul', 'dash_html_components.Var', 'dash_html_components.Video', 'dash_html_components.Wbr', 'dash_html_components.Xmp', 'dash_html_components._imports_', 'dash_html_components', 'matplotlib', 'matplotlib.cbook.deprecation', 'matplotlib.cbook', 'pyparsing', 'matplotlib.fontconfig_pattern', 'matplotlib.docstring', 'matplotlib._color_data', 'matplotlib.colors', 'cycler', 'matplotlib.rcsetup', 'matplotlib._version', 'matplotlib.ft2font', 'dateutil._version', 'dateutil', 'kiwisolver']
DEBUG:matplotlib:CACHEDIR=/home/xnor/.cache/matplotlib
DEBUG:matplotlib.font_manager:Using fontManager instance from /home/xnor/.cache/matplotlib/fontlist-v310.json
DEBUG:matplotlib.pyplot:Loaded backend qt5agg version unknown.
DEBUG:matplotlib.pyplot:Loaded backend tkagg version unknown.
DEBUG:matplotlib.pyplot:Loaded backend TkAgg version unknown.
INFO:__main__:Running on http://127.0.0.1:8050/
INFO:__main__:Debugger PIN: 685-973-652
DEBUG:matplotlib:CONFIGDIR=/home/xnor/.config/matplotlib
DEBUG:matplotlib:(private) matplotlib data path: /share/Engagements/MHS/SOC_Project/Monode/node/lib/python3.8/site-packages/matplotlib/mpl-data
DEBUG:matplotlib:matplotlib data path: /share/Engagements/MHS/SOC_Project/Monode/node/lib/python3.8/site-packages/matplotlib/mpl-data
DEBUG:matplotlib:loaded rc file /share/Engagements/MHS/SOC_Project/Monode/node/lib/python3.8/site-packages/matplotlib/mpl-data/matplotlibrc
DEBUG:matplotlib:matplotlib version 3.2.1
DEBUG:matplotlib:interactive is False
DEBUG:matplotlib:platform is linux
DEBUG:matplotlib:loaded modules: ['sys', 'builtins', '_frozen_importlib', '_imp', '_warnings', '_frozen_importlib_external', '_io', 'marshal', 'posix', '_thread', '_weakref', 'time', 'zipimport', '_codecs', 'codecs', 'encodings.aliases', 'encodings', 'encodings.utf_8', '_signal', '__main__', 'encodings.latin_1', '_abc', 'abc', 'io', '_stat', 'stat', '_collections_abc', 'genericpath', 'posixpath', 'os.path', 'os', '_sitebuiltins', '_locale', '_bootlocale', 'types', 'importlib._bootstrap', 'importlib._bootstrap_external', 'warnings', 'importlib', 'importlib.machinery', 'importlib.abc', '_operator', 'operator', 'keyword', '_heapq', 'heapq', 'itertools', 'reprlib', '_collections', 'collections', '_functools', 'functools', 'contextlib', 'importlib.util', 'mpl_toolkits', 'site', '__future__', 'enum', '_sre', 'sre_constants', 'sre_parse', 'sre_compile', 'copyreg', 're', '_struct', 'struct', 'six', '_weakrefset', 'weakref', 'copy', '_plotly_utils', 'math', 'numbers', '_contextvars', 'contextvars', 'locale', '_pydecimal', 'decimal', '_json', 'json.scanner', 'json.decoder', 'json.encoder', 'json', 'token', 'tokenize', 'linecache', 'traceback', 'collections.abc', '_string', 'string', 'threading', 'atexit', 'logging', '_plotly_utils.optional_imports', 'binascii', 'base64', 'textwrap', 'platform', 'errno', 'signal', '_posixsubprocess', 'select', 'selectors', 'subprocess', '_uuid', 'uuid', 'PIL._version', 'PIL', '_plotly_utils.basevalidators', '_plotly_utils.utils', 'plotly.subplots', 'plotly.optional_imports', 'plotly.animation', 'pprint', 'plotly.utils', 'plotly.callbacks', 'plotly.validators', 'plotly.basedatatypes', 'plotly.graph_objs.waterfall.totals.marker', 'plotly.graph_objs.waterfall.totals', 'plotly.graph_objs.waterfall.increasing.marker', 'plotly.graph_objs.waterfall.increasing', 'plotly.graph_objs.waterfall.hoverlabel', 'plotly.graph_objs.waterfall.decreasing.marker', 'plotly.graph_objs.waterfall.decreasing', 'plotly.graph_objs.waterfall.connector', 'plotly.graph_objs.waterfall', 'plotly.graph_objs.volume.slices', 'plotly.graph_objs.volume.hoverlabel', 'plotly.graph_objs.volume.colorbar.title', 'plotly.graph_objs.volume.colorbar', 'plotly.graph_objs.volume.caps', 'plotly.graph_objs.volume', 'plotly.graph_objs.violin.unselected', 'plotly.graph_objs.violin.selected', 'plotly.graph_objs.violin.marker', 'plotly.graph_objs.violin.hoverlabel', 'plotly.graph_objs.violin.box', 'plotly.graph_objs.violin', 'plotly.graph_objs.treemap.pathbar', 'plotly.graph_objs.treemap.marker.colorbar.title', 'plotly.graph_objs.treemap.marker.colorbar', 'plotly.graph_objs.treemap.marker', 'plotly.graph_objs.treemap.hoverlabel', 'plotly.graph_objs.treemap', 'plotly.graph_objs.table.hoverlabel', 'plotly.graph_objs.table.header', 'plotly.graph_objs.table.cells', 'plotly.graph_objs.table', 'plotly.graph_objs.surface.hoverlabel', 'plotly.graph_objs.surface.contours.z', 'plotly.graph_objs.surface.contours.y', 'plotly.graph_objs.surface.contours.x', 'plotly.graph_objs.surface.contours', 'plotly.graph_objs.surface.colorbar.title', 'plotly.graph_objs.surface.colorbar', 'plotly.graph_objs.surface', 'plotly.graph_objs.sunburst.marker.colorbar.title', 'plotly.graph_objs.sunburst.marker.colorbar', 'plotly.graph_objs.sunburst.marker', 'plotly.graph_objs.sunburst.hoverlabel', 'plotly.graph_objs.sunburst', 'plotly.graph_objs.streamtube.hoverlabel', 'plotly.graph_objs.streamtube.colorbar.title', 'plotly.graph_objs.streamtube.colorbar', 'plotly.graph_objs.streamtube', 'plotly.graph_objs.splom.unselected', 'plotly.graph_objs.splom.selected', 'plotly.graph_objs.splom.marker.colorbar.title', 'plotly.graph_objs.splom.marker.colorbar', 'plotly.graph_objs.splom.marker', 'plotly.graph_objs.splom.hoverlabel', 'plotly.graph_objs.splom.dimension', 'plotly.graph_objs.splom', 'plotly.graph_objs.scatterternary.unselected', 'plotly.graph_objs.scatterternary.selected', 'plotly.graph_objs.scatterternary.marker.colorbar.title', 'plotly.graph_objs.scatterternary.marker.colorbar', 'plotly.graph_objs.scatterternary.marker', 'plotly.graph_objs.scatterternary.hoverlabel', 'plotly.graph_objs.scatterternary', 'plotly.graph_objs.scatterpolargl.unselected', 'plotly.graph_objs.scatterpolargl.selected', 'plotly.graph_objs.scatterpolargl.marker.colorbar.title', 'plotly.graph_objs.scatterpolargl.marker.colorbar', 'plotly.graph_objs.scatterpolargl.marker', 'plotly.graph_objs.scatterpolargl.hoverlabel', 'plotly.graph_objs.scatterpolargl', 'plotly.graph_objs.scatterpolar.unselected', 'plotly.graph_objs.scatterpolar.selected', 'plotly.graph_objs.scatterpolar.marker.colorbar.title', 'plotly.graph_objs.scatterpolar.marker.colorbar', 'plotly.graph_objs.scatterpolar.marker', 'plotly.graph_objs.scatterpolar.hoverlabel', 'plotly.graph_objs.scatterpolar', 'plotly.graph_objs.scattermapbox.unselected', 'plotly.graph_objs.scattermapbox.selected', 'plotly.graph_objs.scattermapbox.marker.colorbar.title', 'plotly.graph_objs.scattermapbox.marker.colorbar', 'plotly.graph_objs.scattermapbox.marker', 'plotly.graph_objs.scattermapbox.hoverlabel', 'plotly.graph_objs.scattermapbox', 'plotly.graph_objs.scattergl.unselected', 'plotly.graph_objs.scattergl.selected', 'plotly.graph_objs.scattergl.marker.colorbar.title', 'plotly.graph_objs.scattergl.marker.colorbar', 'plotly.graph_objs.scattergl.marker', 'plotly.graph_objs.scattergl.hoverlabel', 'plotly.graph_objs.scattergl', 'plotly.graph_objs.scattergeo.unselected', 'plotly.graph_objs.scattergeo.selected', 'plotly.graph_objs.scattergeo.marker.colorbar.title', 'plotly.graph_objs.scattergeo.marker.colorbar', 'plotly.graph_objs.scattergeo.marker', 'plotly.graph_objs.scattergeo.hoverlabel', 'plotly.graph_objs.scattergeo', 'plotly.graph_objs.scattercarpet.unselected', 'plotly.graph_objs.scattercarpet.selected', 'plotly.graph_objs.scattercarpet.marker.colorbar.title', 'plotly.graph_objs.scattercarpet.marker.colorbar', 'plotly.graph_objs.scattercarpet.marker', 'plotly.graph_objs.scattercarpet.hoverlabel', 'plotly.graph_objs.scattercarpet', 'plotly.graph_objs.scatter3d.projection', 'plotly.graph_objs.scatter3d.marker.colorbar.title', 'plotly.graph_objs.scatter3d.marker.colorbar', 'plotly.graph_objs.scatter3d.marker', 'plotly.graph_objs.scatter3d.line.colorbar.title', 'plotly.graph_objs.scatter3d.line.colorbar', 'plotly.graph_objs.scatter3d.line', 'plotly.graph_objs.scatter3d.hoverlabel', 'plotly.graph_objs.scatter3d', 'plotly.graph_objs.scatter.unselected', 'plotly.graph_objs.scatter.selected', 'plotly.graph_objs.scatter.marker.colorbar.title', 'plotly.graph_objs.scatter.marker.colorbar', 'plotly.graph_objs.scatter.marker', 'plotly.graph_objs.scatter.hoverlabel', 'plotly.graph_objs.scatter', 'plotly.graph_objs.sankey.node.hoverlabel', 'plotly.graph_objs.sankey.node', 'plotly.graph_objs.sankey.link.hoverlabel', 'plotly.graph_objs.sankey.link', 'plotly.graph_objs.sankey.hoverlabel', 'plotly.graph_objs.sankey', 'plotly.graph_objs.pointcloud.marker', 'plotly.graph_objs.pointcloud.hoverlabel', 'plotly.graph_objs.pointcloud', 'plotly.graph_objs.pie.title', 'plotly.graph_objs.pie.marker', 'plotly.graph_objs.pie.hoverlabel', 'plotly.graph_objs.pie', 'plotly.graph_objs.parcoords.line.colorbar.title', 'plotly.graph_objs.parcoords.line.colorbar', 'plotly.graph_objs.parcoords.line', 'plotly.graph_objs.parcoords', 'plotly.graph_objs.parcats.line.colorbar.title', 'plotly.graph_objs.parcats.line.colorbar', 'plotly.graph_objs.parcats.line', 'plotly.graph_objs.parcats', 'plotly.graph_objs.ohlc.increasing', 'plotly.graph_objs.ohlc.hoverlabel', 'plotly.graph_objs.ohlc.decreasing', 'plotly.graph_objs.ohlc', 'plotly.graph_objs.mesh3d.hoverlabel', 'plotly.graph_objs.mesh3d.colorbar.title', 'plotly.graph_objs.mesh3d.colorbar', 'plotly.graph_objs.mesh3d', 'plotly.graph_objs.isosurface.slices', 'plotly.graph_objs.isosurface.hoverlabel', 'plotly.graph_objs.isosurface.colorbar.title', 'plotly.graph_objs.isosurface.colorbar', 'plotly.graph_objs.isosurface.caps', 'plotly.graph_objs.isosurface', 'plotly.graph_objs.indicator.title', 'plotly.graph_objs.indicator.number', 'plotly.graph_objs.indicator.gauge.threshold', 'plotly.graph_objs.indicator.gauge.step', 'plotly.graph_objs.indicator.gauge.bar', 'plotly.graph_objs.indicator.gauge.axis', 'plotly.graph_objs.indicator.gauge', 'plotly.graph_objs.indicator.delta', 'plotly.graph_objs.indicator', 'plotly.graph_objs.image.hoverlabel', 'plotly.graph_objs.image', 'plotly.graph_objs.histogram2dcontour.hoverlabel', 'plotly.graph_objs.histogram2dcontour.contours', 'plotly.graph_objs.histogram2dcontour.colorbar.title', 'plotly.graph_objs.histogram2dcontour.colorbar', 'plotly.graph_objs.histogram2dcontour', 'plotly.graph_objs.histogram2d.hoverlabel', 'plotly.graph_objs.histogram2d.colorbar.title', 'plotly.graph_objs.histogram2d.colorbar', 'plotly.graph_objs.histogram2d', 'plotly.graph_objs.histogram.unselected', 'plotly.graph_objs.histogram.selected', 'plotly.graph_objs.histogram.marker.colorbar.title', 'plotly.graph_objs.histogram.marker.colorbar', 'plotly.graph_objs.histogram.marker', 'plotly.graph_objs.histogram.hoverlabel', 'plotly.graph_objs.histogram', 'plotly.graph_objs.heatmapgl.hoverlabel', 'plotly.graph_objs.heatmapgl.colorbar.title', 'plotly.graph_objs.heatmapgl.colorbar', 'plotly.graph_objs.heatmapgl', 'plotly.graph_objs.heatmap.hoverlabel', 'plotly.graph_objs.heatmap.colorbar.title', 'plotly.graph_objs.heatmap.colorbar', 'plotly.graph_objs.heatmap', 'plotly.graph_objs.funnelarea.title', 'plotly.graph_objs.funnelarea.marker', 'plotly.graph_objs.funnelarea.hoverlabel', 'plotly.graph_objs.funnelarea', 'plotly.graph_objs.funnel.marker.colorbar.title', 'plotly.graph_objs.funnel.marker.colorbar', 'plotly.graph_objs.funnel.marker', 'plotly.graph_objs.funnel.hoverlabel', 'plotly.graph_objs.funnel.connector', 'plotly.graph_objs.funnel', 'plotly.graph_objs.densitymapbox.hoverlabel', 'plotly.graph_objs.densitymapbox.colorbar.title', 'plotly.graph_objs.densitymapbox.colorbar', 'plotly.graph_objs.densitymapbox', 'plotly.graph_objs.contourcarpet.contours', 'plotly.graph_objs.contourcarpet.colorbar.title', 'plotly.graph_objs.contourcarpet.colorbar', 'plotly.graph_objs.contourcarpet', 'plotly.graph_objs.contour.hoverlabel', 'plotly.graph_objs.contour.contours', 'plotly.graph_objs.contour.colorbar.title', 'plotly.graph_objs.contour.colorbar', 'plotly.graph_objs.contour', 'plotly.graph_objs.cone.hoverlabel', 'plotly.graph_objs.cone.colorbar.title', 'plotly.graph_objs.cone.colorbar', 'plotly.graph_objs.cone', 'plotly.graph_objs.choroplethmapbox.unselected', 'plotly.graph_objs.choroplethmapbox.selected', 'plotly.graph_objs.choroplethmapbox.marker', 'plotly.graph_objs.choroplethmapbox.hoverlabel', 'plotly.graph_objs.choroplethmapbox.colorbar.title', 'plotly.graph_objs.choroplethmapbox.colorbar', 'plotly.graph_objs.choroplethmapbox', 'plotly.graph_objs.choropleth.unselected', 'plotly.graph_objs.choropleth.selected', 'plotly.graph_objs.choropleth.marker', 'plotly.graph_objs.choropleth.hoverlabel', 'plotly.graph_objs.choropleth.colorbar.title', 'plotly.graph_objs.choropleth.colorbar', 'plotly.graph_objs.choropleth', 'plotly.graph_objs.carpet.baxis.title', 'plotly.graph_objs.carpet.baxis', 'plotly.graph_objs.carpet.aaxis.title', 'plotly.graph_objs.carpet.aaxis', 'plotly.graph_objs.carpet', 'plotly.graph_objs.candlestick.increasing', 'plotly.graph_objs.candlestick.hoverlabel', 'plotly.graph_objs.candlestick.decreasing', 'plotly.graph_objs.candlestick', 'plotly.graph_objs.box.unselected', 'plotly.graph_objs.box.selected', 'plotly.graph_objs.box.marker', 'plotly.graph_objs.box.hoverlabel', 'plotly.graph_objs.box', 'plotly.graph_objs.barpolar.unselected', 'plotly.graph_objs.barpolar.selected', 'plotly.graph_objs.barpolar.marker.colorbar.title', 'plotly.graph_objs.barpolar.marker.colorbar', 'plotly.graph_objs.barpolar.marker', 'plotly.graph_objs.barpolar.hoverlabel', 'plotly.graph_objs.barpolar', 'plotly.graph_objs.bar.unselected', 'plotly.graph_objs.bar.selected', 'plotly.graph_objs.bar.marker.colorbar.title', 'plotly.graph_objs.bar.marker.colorbar', 'plotly.graph_objs.bar.marker', 'plotly.graph_objs.bar.hoverlabel', 'plotly.graph_objs.bar', 'plotly.graph_objs.area.hoverlabel', 'plotly.graph_objs.area', 'plotly.graph_objs.layout.yaxis.title', 'plotly.graph_objs.layout.yaxis', 'plotly.graph_objs.layout.xaxis.title', 'plotly.graph_objs.layout.xaxis.rangeslider', 'plotly.graph_objs.layout.xaxis.rangeselector', 'plotly.graph_objs.layout.xaxis', 'plotly.graph_objs.layout.updatemenu', 'plotly.graph_objs.layout.title', 'plotly.graph_objs.layout.ternary.caxis.title', 'plotly.graph_objs.layout.ternary.caxis', 'plotly.graph_objs.layout.ternary.baxis.title', 'plotly.graph_objs.layout.ternary.baxis', 'plotly.graph_objs.layout.ternary.aaxis.title', 'plotly.graph_objs.layout.ternary.aaxis', 'plotly.graph_objs.layout.ternary', 'plotly.graph_objs.layout.template.data', 'plotly.graph_objs.layout.template', 'plotly.graph_objs.layout.slider.currentvalue', 'plotly.graph_objs.layout.slider', 'plotly.graph_objs.layout.shape', 'plotly.graph_objs.layout.scene.zaxis.title', 'plotly.graph_objs.layout.scene.zaxis', 'plotly.graph_objs.layout.scene.yaxis.title', 'plotly.graph_objs.layout.scene.yaxis', 'plotly.graph_objs.layout.scene.xaxis.title', 'plotly.graph_objs.layout.scene.xaxis', 'plotly.graph_objs.layout.scene.camera', 'plotly.graph_objs.layout.scene.annotation.hoverlabel', 'plotly.graph_objs.layout.scene.annotation', 'plotly.graph_objs.layout.scene', 'plotly.graph_objs.layout.polar.radialaxis.title', 'plotly.graph_objs.layout.polar.radialaxis', 'plotly.graph_objs.layout.polar.angularaxis', 'plotly.graph_objs.layout.polar', 'plotly.graph_objs.layout.mapbox.layer.symbol', 'plotly.graph_objs.layout.mapbox.layer', 'plotly.graph_objs.layout.mapbox', 'plotly.graph_objs.layout.legend.title', 'plotly.graph_objs.layout.legend', 'plotly.graph_objs.layout.hoverlabel', 'plotly.graph_objs.layout.grid', 'plotly.graph_objs.layout.geo.projection', 'plotly.graph_objs.layout.geo', 'plotly.graph_objs.layout.coloraxis.colorbar.title', 'plotly.graph_objs.layout.coloraxis.colorbar', 'plotly.graph_objs.layout.coloraxis', 'plotly.graph_objs.layout.annotation.hoverlabel', 'plotly.graph_objs.layout.annotation', 'plotly.graph_objs.layout', 'plotly.graph_objs._figure', 'plotly.graph_objs._deprecations', 'plotly.graph_objs', '_plotly_utils.exceptions', 'plotly.exceptions', '_plotly_utils.files', 'plotly.files', 'plotly.tools', 'pkgutil', 'plotly.offline._plotlyjs_version', 'plotly.offline.offline', 'plotly.offline', '_plotly_utils.colors._swatches', '_plotly_utils.colors.colorbrewer', '_plotly_utils.colors.carto', '_plotly_utils.colors.qualitative', '_plotly_utils.colors.plotlyjs', '_plotly_utils.colors.cmocean', '_plotly_utils.colors.sequential', '_plotly_utils.colors.diverging', '_plotly_utils.colors.cyclical', '_plotly_utils.colors', 'plotly.colors', '_socket', 'socket', '_bisect', 'bisect', '_sha512', '_random', 'random', 'retrying', 'plotly.io._utils', 'plotly.io._orca', 'plotly.io.orca', 'plotly.io._json', 'plotly.io._templates', 'shlex', 'fnmatch', 'zlib', '_compression', '_bz2', 'bz2', '_lzma', 'lzma', 'pwd', 'grp', 'shutil', 'webbrowser', 'plotly.io._html', 'distutils', 'distutils.version', '_opcode', 'opcode', 'dis', 'inspect', 'http', '_datetime', 'datetime', 'email', 'urllib', 'urllib.parse', 'calendar', 'email._parseaddr', 'email.base64mime', 'email.quoprimime', 'email.errors', 'quopri', 'email.encoders', 'email.charset', 'email.utils', 'html.entities', 'html', 'email.header', 'email._policybase', 'email.feedparser', 'email.parser', 'uu', 'email._encoded_words', 'email.iterators', 'email.message', '_ssl', 'ssl', 'http.client', 'mimetypes', 'socketserver', 'http.server', 'plotly.io._base_renderers', 'plotly.io._renderers', 'plotly.io.base_renderers', 'plotly.io', 'plotly.data', 'plotly._docstring_gen', 'plotly._version', 'plotly._widget_version', 'plotly.version', 'plotly', 'plotly.graph_objects', 'networkx.release', 'networkx.exception', 'networkx.utils.misc', 'ntpath', 'pathlib', 'decorator', 'networkx.utils.decorators', 'networkx.utils.random_sequence', 'networkx.utils.union_find', 'networkx.utils.rcm', 'networkx.utils.heaps', 'networkx.utils.contextmanagers', 'networkx.utils', 'networkx.classes.coreviews', 'networkx.classes.reportviews', 'networkx.convert', 'networkx.classes.graph', 'networkx.classes.digraph', 'networkx.classes.multigraph', 'networkx.classes.multidigraph', 'networkx.classes.ordered', 'networkx.classes.filters', 'networkx.classes.graphviews', 'networkx.classes.function', 'networkx.classes', 'networkx.convert_matrix', 'networkx.relabel', 'gzip', 'networkx.generators.atlas', 'networkx.generators.classic', 'networkx.generators.cographs', 'scipy', 'networkx.generators.community', 'networkx.generators.degree_seq', 'networkx.generators.directed', 'networkx.generators.duplication', 'networkx.generators.ego', 'networkx.generators.expanders', 'networkx.generators.geometric', 'networkx.generators.internet_as_graphs', 'networkx.algorithms.assortativity.connectivity', 'networkx.algorithms.assortativity.pairs', 'networkx.algorithms.assortativity.mixing', 'networkx.algorithms.assortativity.correlation', 'networkx.algorithms.assortativity.neighbor_degree', 'networkx.algorithms.assortativity', 'networkx.algorithms.asteroidal', 'networkx.algorithms.boundary', 'networkx.algorithms.bridges', 'networkx.algorithms.chains', 'networkx.algorithms.centrality.betweenness', 'networkx.algorithms.centrality.betweenness_subset', 'networkx.algorithms.centrality.closeness', 'networkx.algorithms.centrality.subgraph_alg', 'networkx.algorithms.centrality.flow_matrix', 'networkx.algorithms.centrality.current_flow_closeness', 'networkx.algorithms.centrality.current_flow_betweenness', 'networkx.algorithms.centrality.current_flow_betweenness_subset', 'networkx.algorithms.centrality.degree_alg', 'networkx.algorithms.centrality.dispersion', 'networkx.algorithms.centrality.eigenvector', 'networkx.algorithms.centrality.group', 'networkx.algorithms.centrality.harmonic', 'networkx.algorithms.centrality.katz', 'networkx.algorithms.centrality.load', 'networkx.algorithms.centrality.reaching', 'networkx.algorithms.centrality.percolation', 'networkx.algorithms.centrality.second_order', 'networkx.algorithms.centrality.voterank_alg', 'networkx.algorithms.centrality', 'networkx.algorithms.components.connected', 'networkx.algorithms.components.strongly_connected', 'networkx.algorithms.components.weakly_connected', 'networkx.algorithms.components.attracting', 'networkx.algorithms.components.biconnected', 'networkx.algorithms.components.semiconnected', 'networkx.algorithms.components', 'networkx.algorithms.chordal', 'networkx.algorithms.cluster', 'networkx.algorithms.clique', 'networkx.algorithms.communicability_alg', 'networkx.algorithms.coloring.greedy_coloring_with_interchange', 'networkx.algorithms.coloring.greedy_coloring', 'networkx.algorithms.coloring.equitable_coloring', 'networkx.algorithms.coloring', 'networkx.algorithms.core', 'networkx.algorithms.covering', 'networkx.algorithms.cycles', 'networkx.algorithms.cuts', 'networkx.algorithms.traversal.breadth_first_search', 'networkx.algorithms.traversal.beamsearch', 'networkx.algorithms.traversal.depth_first_search', 'networkx.algorithms.traversal.edgedfs', 'networkx.algorithms.traversal.edgebfs', 'networkx.algorithms.traversal', 'networkx.generators.trees', 'networkx.algorithms.dag', 'networkx.algorithms.distance_measures', 'networkx.algorithms.distance_regular', 'networkx.algorithms.dominance', 'networkx.algorithms.dominating', 'networkx.algorithms.efficiency_measures', 'networkx.algorithms.euler', 'networkx.algorithms.graphical', 'networkx.algorithms.hierarchy', 'networkx.algorithms.hybrid', 'networkx.algorithms.link_analysis.pagerank_alg', 'networkx.algorithms.link_analysis.hits_alg', 'networkx.algorithms.link_analysis', 'networkx.algorithms.link_prediction', 'networkx.algorithms.lowest_common_ancestors', 'networkx.algorithms.isolate', 'networkx.algorithms.matching', 'networkx.algorithms.minors', 'networkx.algorithms.mis', 'networkx.algorithms.non_randomness', 'networkx.algorithms.operators.all', 'networkx.algorithms.operators.binary', 'networkx.algorithms.operators.product', 'networkx.algorithms.operators.unary', 'networkx.algorithms.operators', 'networkx.algorithms.planarity', 'networkx.algorithms.planar_drawing', 'networkx.algorithms.reciprocity', 'networkx.algorithms.richclub', 'networkx.algorithms.shortest_paths.generic', 'networkx.algorithms.shortest_paths.unweighted', 'networkx.algorithms.shortest_paths.weighted', 'networkx.algorithms.shortest_paths.astar', 'networkx.algorithms.shortest_paths.dense', 'networkx.algorithms.shortest_paths', 'networkx.algorithms.similarity', 'networkx.algorithms.simple_paths', 'networkx.algorithms.smallworld', 'networkx.algorithms.smetric', 'networkx.algorithms.structuralholes', 'networkx.algorithms.sparsifiers', 'networkx.algorithms.swap', 'networkx.algorithms.triads', 'networkx.algorithms.vitality', 'networkx.algorithms.voronoi', 'networkx.algorithms.wiener', 'networkx.algorithms.bipartite.basic', 'networkx.algorithms.bipartite.centrality', 'networkx.algorithms.bipartite.cluster', 'networkx.algorithms.bipartite.matrix', 'networkx.algorithms.bipartite.matching', 'networkx.algorithms.bipartite.covering', 'networkx.algorithms.bipartite.edgelist', 'networkx.algorithms.bipartite.projection', 'networkx.algorithms.bipartite.redundancy', 'networkx.algorithms.bipartite.spectral', 'networkx.algorithms.bipartite.generators', 'networkx.algorithms.bipartite', 'networkx.algorithms.node_classification.utils', 'networkx.algorithms.node_classification.hmn', 'networkx.algorithms.node_classification.lgc', 'networkx.algorithms.node_classification', 'networkx.algorithms.flow.utils', 'networkx.algorithms.flow.boykovkolmogorov', 'networkx.algorithms.flow.dinitz_alg', 'networkx.algorithms.flow.edmondskarp', 'networkx.algorithms.flow.preflowpush', 'networkx.algorithms.flow.shortestaugmentingpath', 'networkx.algorithms.flow.maxflow', 'networkx.algorithms.flow.mincost', 'networkx.algorithms.flow.gomory_hu', 'networkx.algorithms.flow.capacityscaling', 'networkx.algorithms.flow.networksimplex', 'networkx.algorithms.flow', 'networkx.algorithms.connectivity.utils', 'networkx.algorithms.connectivity.connectivity', 'networkx.algorithms.connectivity.cuts', 'networkx.algorithms.connectivity.edge_augmentation', 'networkx.algorithms.connectivity.edge_kcomponents', 'networkx.algorithms.connectivity.disjoint_paths', 'networkx.algorithms.connectivity.kcomponents', 'networkx.algorithms.connectivity.kcutsets', 'networkx.algorithms.connectivity.stoerwagner', 'networkx.algorithms.connectivity', 'networkx.algorithms.community.asyn_fluid', 'networkx.algorithms.community.centrality', 'networkx.algorithms.community.kclique', 'networkx.algorithms.community.community_utils', 'networkx.algorithms.community.kernighan_lin', 'networkx.algorithms.community.label_propagation', 'networkx.algorithms.community.quality', 'networkx.utils.mapped_queue', 'networkx.algorithms.community.modularity_max', 'networkx.algorithms.community', 'networkx.algorithms.isomorphism.isomorph', 'networkx.algorithms.isomorphism.isomorphvf2', 'networkx.algorithms.isomorphism.vf2userfunc', 'networkx.algorithms.isomorphism.matchhelpers', 'networkx.algorithms.isomorphism.temporalisomorphvf2', 'networkx.algorithms.isomorphism.ismags', 'networkx.algorithms.isomorphism', 'networkx.algorithms.tournament', 'networkx.algorithms.tree.recognition', 'networkx.algorithms.tree.branchings', 'networkx.algorithms.tree.coding', 'networkx.algorithms.tree.mst', 'networkx.algorithms.tree.operations', 'networkx.algorithms.tree', 'networkx.algorithms', 'networkx.generators.intersection', 'networkx.generators.joint_degree_seq', 'networkx.generators.lattice', 'networkx.generators.line', 'networkx.generators.mycielski', 'networkx.generators.nonisomorphic_trees', 'networkx.generators.random_clustered', 'networkx.generators.random_graphs', 'networkx.generators.small', 'networkx.generators.social', 'networkx.generators.spectral_graph_forge', 'networkx.generators.stochastic', 'networkx.generators.triads', 'networkx.generators', 'networkx.readwrite.adjlist', 'networkx.readwrite.multiline_adjlist', 'networkx.readwrite.edgelist', '_compat_pickle', '_pickle', 'pickle', 'networkx.readwrite.gpickle', 'networkx.readwrite.pajek', 'networkx.readwrite.leda', 'networkx.readwrite.graph6', 'networkx.readwrite.sparse6', 'networkx.readwrite.nx_yaml', '_ast', 'ast', 'networkx.readwrite.gml', 'xml', 'xml.etree', 'xml.etree.ElementPath', 'pyexpat.errors', 'pyexpat.model', 'pyexpat', '_elementtree', 'xml.etree.ElementTree', 'xml.etree.cElementTree', 'numpy._globals', 'numpy.__config__', 'numpy.version', 'numpy._distributor_init', 'numpy.core._multiarray_umath', 'numpy.compat._inspect', 'numpy.compat.py3k', 'numpy.compat', 'numpy.core.overrides', 'numpy.core.multiarray', 'numpy.core.umath', 'numpy.core._string_helpers', 'numpy.core._dtype', 'numpy.core._type_aliases', 'numpy.core.numerictypes', 'numpy.core._asarray', 'numpy.core._exceptions', 'numpy.core._methods', 'numpy.core.fromnumeric', 'numpy.core.shape_base', 'numpy.core._ufunc_config', 'numpy.core.arrayprint', 'numpy.core.numeric', 'numpy.core.defchararray', 'numpy.core.records', 'numpy.core.memmap', 'numpy.core.function_base', 'numpy.core.machar', 'numpy.core.getlimits', 'numpy.core.einsumfunc', 'numpy.core._multiarray_tests', 'numpy.core._add_newdocs', '_ctypes', 'ctypes._endian', 'ctypes', 'numpy.core._dtype_ctypes', 'numpy.core._internal', 'numpy._pytesttester', 'numpy.core', 'numpy.lib.mixins', 'numpy.lib.ufunclike', 'numpy.lib.type_check', 'numpy.lib.scimath', 'numpy.lib.twodim_base', 'numpy.linalg.lapack_lite', 'numpy.linalg._umath_linalg', 'numpy.linalg.linalg', 'numpy.linalg', 'numpy.matrixlib.defmatrix', 'numpy.matrixlib', 'numpy.lib.histograms', 'numpy.lib.function_base', 'numpy.lib.stride_tricks', 'numpy.lib.index_tricks', 'numpy.lib.nanfunctions', 'numpy.lib.shape_base', 'numpy.lib.polynomial', 'numpy.lib.utils', 'numpy.lib.arraysetops', 'numpy.lib.format', 'numpy.lib._datasource', 'numpy.lib._iotools', 'numpy.lib.npyio', 'numpy.lib.financial', 'numpy.lib.arrayterator', 'numpy.lib.arraypad', 'numpy.lib._version', 'numpy.lib', 'numpy.fft._pocketfft_internal', 'numpy.fft._pocketfft', 'numpy.fft.helper', 'numpy.fft', 'numpy.polynomial.polyutils', 'numpy.polynomial._polybase', 'numpy.polynomial.polynomial', 'numpy.polynomial.chebyshev', 'numpy.polynomial.legendre', 'numpy.polynomial.hermite', 'numpy.polynomial.hermite_e', 'numpy.polynomial.laguerre', 'numpy.polynomial', 'cython_runtime', '_cython_0_29_15', 'numpy.random._common', '_hashlib', '_blake2', '_sha3', 'hashlib', 'hmac', 'secrets', 'numpy.random._bit_generator', 'numpy.random._bounded_integers', 'numpy.random._mt19937', 'numpy.random.mtrand', 'numpy.random._philox', 'numpy.random._pcg64', 'numpy.random._sfc64', 'numpy.random._generator', 'numpy.random._pickle', 'numpy.random', 'numpy.ctypeslib', 'numpy.ma.core', 'numpy.ma.extras', 'numpy.ma', 'numpy', 'networkx.readwrite.graphml', 'networkx.readwrite.gexf', 'networkx.readwrite.nx_shp', 'networkx.readwrite.json_graph.node_link', 'networkx.readwrite.json_graph.adjacency', 'networkx.readwrite.json_graph.tree', 'networkx.readwrite.json_graph.jit', 'networkx.readwrite.json_graph.cytoscape', 'networkx.readwrite.json_graph', 'networkx.readwrite', 'networkx.linalg.attrmatrix', 'networkx.linalg.spectrum', 'networkx.linalg.graphmatrix', 'networkx.linalg.laplacianmatrix', 'networkx.linalg.algebraicconnectivity', 'networkx.linalg.modularitymatrix', 'networkx.linalg.bethehessianmatrix', 'networkx.linalg', 'networkx.testing.utils', 'networkx.testing.test', 'networkx.testing', 'networkx.drawing.layout', 'networkx.drawing.nx_pylab', 'tempfile', 'networkx.drawing.nx_agraph', 'networkx.drawing.nx_pydot', 'networkx.drawing', 'networkx', 'graph', 'telnetlib', 'paramiko._version', 'cryptography.__about__', 'cryptography', 'cryptography.hazmat', 'cryptography.hazmat.backends', 'cryptography.hazmat.primitives', 'cryptography.utils', 'cryptography.exceptions', 'cryptography.hazmat.backends.interfaces', 'cryptography.hazmat.primitives.ciphers.modes', 'cryptography.hazmat.primitives.ciphers.base', 'cryptography.hazmat.primitives.ciphers', 'cryptography.hazmat.primitives.ciphers.algorithms', 'paramiko.py3compat', 'paramiko.common', 'termios', 'getpass', 'paramiko.ssh_exception', 'paramiko.config', 'paramiko.util', 'paramiko.message', 'paramiko.server', 'paramiko.ssh_gss', 'paramiko.auth_handler', 'paramiko.file', 'array', 'paramiko.buffered_pipe', 'paramiko.pipe', 'paramiko.channel', 'paramiko.compress', 'cryptography.hazmat.primitives.hashes', 'cryptography.hazmat.primitives.serialization.base', 'cryptography.hazmat.primitives.asymmetric', 'cryptography.hazmat.primitives.asymmetric.dsa', 'cryptography.hazmat._oid', 'cryptography.hazmat.primitives.asymmetric.ec', 'cryptography.hazmat.primitives.asymmetric.ed25519', 'cryptography.hazmat.primitives.asymmetric.rsa', 'cryptography.hazmat.primitives.serialization.ssh', 'cryptography.hazmat.primitives.serialization', 'cryptography.hazmat._der', 'cryptography.hazmat.primitives.asymmetric.utils', 'paramiko.ber', '_cffi_backend', '_bcrypt.lib', '_bcrypt', 'bcrypt._bcrypt', 'bcrypt.__about__', 'bcrypt', 'paramiko.pkey', 'paramiko.dsskey', 'nacl', 'nacl.exceptions', '_sodium.lib', '_sodium', 'nacl._sodium', 'nacl.bindings.crypto_aead', 'nacl.bindings.crypto_box', 'nacl.bindings.crypto_generichash', 'nacl.bindings.crypto_hash', 'nacl.bindings.crypto_kx', 'nacl.bindings.crypto_pwhash', 'nacl.bindings.crypto_scalarmult', 'nacl.bindings.crypto_secretbox', 'nacl.bindings.crypto_secretstream', 'nacl.bindings.crypto_shorthash', 'nacl.bindings.crypto_sign', 'nacl.bindings.randombytes', 'nacl.bindings.sodium_core', 'nacl.bindings.utils', 'nacl.bindings', 'nacl.encoding', 'nacl.utils', 'nacl.public', 'nacl.signing', 'paramiko.ed25519key', 'cryptography.hazmat.bindings', '_constant_time.lib', '_constant_time', 'cryptography.hazmat.bindings._constant_time', 'cryptography.hazmat.primitives.constant_time', 'cryptography.hazmat.primitives.asymmetric.x25519', 'paramiko.kex_curve25519', 'paramiko.kex_gex', 'paramiko.kex_group1', 'paramiko.kex_group14', 'paramiko.kex_group16', 'paramiko.kex_ecdh_nist', 'paramiko.kex_gss', 'paramiko.packet', 'paramiko.primes', 'cryptography.hazmat.primitives.asymmetric.padding', 'paramiko.rsakey', 'paramiko.ecdsakey', 'paramiko.sftp', 'paramiko.sftp_attr', 'paramiko.sftp_file', 'paramiko.sftp_client', 'six.moves', 'cryptography.x509.certificate_transparency', 'cryptography.hazmat.primitives.asymmetric.ed448', 'ipaddress', 'cryptography.x509.oid', 'cryptography.x509.name', 'cryptography.x509.general_name', 'cryptography.x509.extensions', 'cryptography.x509.base', 'cryptography.x509', 'cryptography.hazmat.backends.openssl.aead', 'cryptography.hazmat.backends.openssl.ciphers', 'cryptography.hazmat.backends.openssl.cmac', 'cryptography.hazmat.backends.openssl.decode_asn1', 'cryptography.hazmat.primitives.asymmetric.dh', 'cryptography.hazmat.backends.openssl.dh', 'cryptography.hazmat.backends.openssl.utils', 'cryptography.hazmat.backends.openssl.dsa', 'cryptography.hazmat.backends.openssl.ec', 'cryptography.hazmat.backends.openssl.ed25519', 'cryptography.hazmat.backends.openssl.ed448', 'cryptography.hazmat.backends.openssl.encode_asn1', 'cryptography.hazmat.backends.openssl.hashes', 'cryptography.hazmat.backends.openssl.hmac', 'cryptography.hazmat.backends.openssl.x509', 'cryptography.x509.ocsp', 'cryptography.hazmat.backends.openssl.ocsp', 'cryptography.hazmat.backends.openssl.poly1305', 'cryptography.hazmat.backends.openssl.rsa', 'cryptography.hazmat.backends.openssl.x25519', 'cryptography.hazmat.primitives.asymmetric.x448', 'cryptography.hazmat.backends.openssl.x448', 'cryptography.hazmat.bindings.openssl', '_openssl.lib', '_openssl', 'cryptography.hazmat.bindings._openssl', 'cryptography.hazmat.bindings.openssl._conditional', 'cryptography.hazmat.bindings.openssl.binding', 'cryptography.hazmat.primitives.kdf', 'cryptography.hazmat.primitives.kdf.scrypt', 'cryptography.hazmat.backends.openssl.backend', 'cryptography.hazmat.backends.openssl', 'paramiko.transport', 'paramiko.agent', 'paramiko.hostkeys', 'paramiko.client', 'paramiko.sftp_si', 'paramiko.sftp_handle', 'paramiko.sftp_server', 'paramiko.proxy', 'paramiko', 'serial.serialutil', 'fcntl', 'serial.serialposix', 'serial', 'netmiko.netmiko_globals', 'netmiko.ssh_exception', 'glob', 'serial.tools', 'serial.tools.list_ports_common', 'serial.tools.list_ports_linux', 'serial.tools.list_ports_posix', 'serial.tools.list_ports', 'netmiko._textfsm._terminal', 'netmiko._textfsm._texttable', 'gettext', 'getopt', 'textfsm.parser', 'textfsm', 'textfsm.copyable_regex_object', 'netmiko._textfsm._clitable', 'netmiko._textfsm', 'netmiko.utilities', 'netmiko.base_connection', 'scp', 'netmiko.scp_handler', 'netmiko.cisco_base_connection', 'netmiko.a10.a10_ssh', 'netmiko.a10', 'netmiko.accedian.accedian_ssh', 'netmiko.accedian', 'netmiko.alcatel.alcatel_aos_ssh', 'netmiko.alcatel', 'netmiko.arista.arista', 'netmiko.arista', 'netmiko.apresia.apresia_aeos', 'netmiko.apresia', 'netmiko.aruba.aruba_ssh', 'netmiko.aruba', 'netmiko.calix.calix_b6', 'netmiko.calix', 'netmiko.checkpoint.checkpoint_gaia_ssh', 'netmiko.checkpoint', 'netmiko.ciena.ciena_saos', 'netmiko.ciena', 'netmiko.cisco.cisco_ios', 'netmiko.cisco.cisco_asa_ssh', 'netmiko.cisco.cisco_nxos_ssh', 'netmiko.cisco.cisco_xr', 'netmiko.cisco.cisco_wlc_ssh', 'netmiko.cisco.cisco_s300', 'netmiko.cisco.cisco_tp_tcce', 'netmiko.cisco', 'netmiko.citrix.netscaler_ssh', 'netmiko.citrix', 'netmiko.cloudgenix.cloudgenix_ion', 'netmiko.cloudgenix', 'netmiko.coriant.coriant_ssh', 'netmiko.coriant', 'netmiko.dell.dell_powerconnect', 'netmiko.dell.dell_dnos6', 'netmiko.dell.dell_force10_ssh', 'netmiko.dell.dell_os10_ssh', 'netmiko.dell.dell_isilon_ssh', 'netmiko.dell', 'netmiko.dlink.dlink_ds', 'netmiko.dlink', 'netmiko.eltex.eltex_ssh', 'netmiko.eltex.eltex_esr_ssh', 'netmiko.eltex', 'netmiko.endace.endace_ssh', 'netmiko.endace', 'netmiko.enterasys.enterasys_ssh', 'netmiko.enterasys', 'netmiko.extreme.extreme_ers_ssh', 'netmiko.extreme.extreme_exos', 'netmiko.extreme.extreme_netiron', 'netmiko.extreme.extreme_nos_ssh', 'netmiko.extreme.extreme_slx_ssh', 'netmiko.extreme.extreme_vsp_ssh', 'netmiko.extreme.extreme_wing_ssh', 'netmiko.extreme', 'netmiko.f5.f5_tmsh_ssh', 'netmiko.linux.linux_ssh', 'netmiko.linux', 'netmiko.f5.f5_linux_ssh', 'netmiko.f5', 'netmiko.flexvnf.flexvnf_ssh', 'netmiko.flexvnf', 'netmiko.fortinet.fortinet_ssh', 'netmiko.fortinet', 'netmiko.hp.hp_procurve', 'netmiko.hp.hp_comware', 'netmiko.hp', 'netmiko.huawei.huawei', 'netmiko.huawei', 'netmiko.ipinfusion.ipinfusion_ocnos', 'netmiko.ipinfusion', 'netmiko.juniper.juniper', 'netmiko.juniper.juniper_screenos', 'netmiko.juniper', 'netmiko.keymile.keymile_ssh', 'netmiko.keymile.keymile_nos_ssh', 'netmiko.keymile', 'netmiko.mikrotik.mikrotik_ssh', 'netmiko.mikrotik', 'netmiko.mellanox.mellanox_mlnxos_ssh', 'netmiko.mellanox', 'netmiko.mrv.mrv_lx', 'netmiko.mrv.mrv_ssh', 'netmiko.mrv', 'netmiko.netapp.netapp_cdot_ssh', 'netmiko.netapp', 'netmiko.nokia.nokia_sros_ssh', 'netmiko.nokia', 'netmiko.oneaccess.oneaccess_oneos', 'netmiko.oneaccess', 'netmiko.ovs.ovs_linux_ssh', 'netmiko.ovs', 'netmiko.paloalto.paloalto_panos', 'netmiko.paloalto', 'netmiko.pluribus.pluribus_ssh', 'netmiko.pluribus', 'netmiko.quanta.quanta_mesh_ssh', 'netmiko.quanta', 'netmiko.rad.rad_etx', 'netmiko.rad', 'netmiko.ruckus.ruckus_fastiron', 'netmiko.ruckus', 'netmiko.ruijie.ruijie_os', 'netmiko.ruijie', 'netmiko.sophos.sophos_sfos_ssh', 'netmiko.sophos', 'netmiko.terminal_server.terminal_server', 'netmiko.terminal_server', 'netmiko.ubiquiti.edge_ssh', 'netmiko.ubiquiti', 'netmiko.vyos.vyos_ssh', 'netmiko.vyos', 'netmiko.watchguard.fireware_ssh', 'netmiko.watchguard', 'netmiko.ssh_dispatcher', 'netmiko.ssh_autodetect', 'netmiko.scp_functions', 'netmiko', 'typing.io', 'typing.re', 'typing', 'configparser', 'config', 'netcrawl', 'markupsafe._compat', 'markupsafe._speedups', 'markupsafe', 'jinja2._compat', 'jinja2.utils', 'jinja2.bccache', 'jinja2.nodes', 'jinja2.exceptions', 'jinja2.visitor', 'jinja2.idtracking', 'jinja2.optimizer', 'jinja2.compiler', 'jinja2.runtime', 'jinja2.filters', 'jinja2.tests', 'jinja2.defaults', 'unicodedata', 'jinja2._identifier', 'jinja2.lexer', 'jinja2.parser', 'jinja2.environment', 'jinja2.loaders', 'jinja2', 'werkzeug._compat', 'werkzeug._internal', 'werkzeug.utils', 'werkzeug.exceptions', 'werkzeug.urls', 'click._compat', 'click._unicodefun', 'click.globals', 'click.utils', 'click.exceptions', 'click.parser', 'click.types', 'click.termui', 'click.formatting', 'click.core', 'click.decorators', 'click', 'werkzeug.serving', 'werkzeug.filesystem', 'urllib.response', 'urllib.error', 'urllib.request', 'werkzeug.http', 'werkzeug.datastructures', 'werkzeug.wrappers.accept', 'werkzeug.wrappers.auth', 'werkzeug.wsgi', 'werkzeug.formparser', 'werkzeug.wrappers.base_request', 'werkzeug.wrappers.base_response', 'werkzeug.wrappers.common_descriptors', 'werkzeug.wrappers.etag', 'werkzeug.wrappers.cors', 'werkzeug.useragents', 'werkzeug.wrappers.user_agent', 'werkzeug.wrappers.request', 'werkzeug.wrappers.response', 'werkzeug.wrappers', 'http.cookiejar', 'werkzeug.test', 'werkzeug', 'itsdangerous._json', 'itsdangerous._compat', 'itsdangerous.exc', 'itsdangerous.encoding', 'itsdangerous.signer', 'itsdangerous.serializer', 'itsdangerous.jws', 'itsdangerous.timed', 'itsdangerous.url_safe', 'itsdangerous', 'flask._compat', 'werkzeug.local', 'flask.globals', 'dataclasses', 'flask.json', 'difflib', 'werkzeug.routing', 'flask.signals', 'flask.helpers', 'flask.cli', 'flask.config', 'flask.ctx', 'flask.logging', 'flask.json.tag', 'flask.sessions', 'flask.templating', 'werkzeug.wrappers.json', 'flask.wrappers', 'flask.app', 'flask.blueprints', 'flask', 'flask_compress', 'werkzeug.security', 'codeop', 'code', 'werkzeug.debug.repr', 'werkzeug.debug.console', 'sysconfig', 'werkzeug.debug.tbtools', 'werkzeug.debug', 'dash_renderer', 'dash.dependencies', 'dash.fingerprint', 'future', 'future.utils', 'dash.exceptions', 'dash._utils', 'dash.development.base_component', 'dash.development._all_keywords', 'dash.development._py_components_generation', 'dash.development.component_loader', 'dash.development', 'dash.resources', 'dash._watch', 'dash._configs', 'dash.version', 'dash.dash', 'dash._callback_context', 'dash', 'dash_core_components.Checklist', 'dash_core_components.ConfirmDialog', 'dash_core_components.ConfirmDialogProvider', 'dash_core_components.DatePickerRange', 'dash_core_components.DatePickerSingle', 'dash_core_components.Dropdown', 'dash_core_components.Graph', 'dash_core_components.Input', 'dash_core_components.Interval', 'dash_core_components.Link', 'dash_core_components.Loading', 'dash_core_components.Location', 'dash_core_components.LogoutButton', 'dash_core_components.Markdown', 'dash_core_components.RadioItems', 'dash_core_components.RangeSlider', 'dash_core_components.Slider', 'dash_core_components.Store', 'dash_core_components.Tab', 'dash_core_components.Tabs', 'dash_core_components.Textarea', 'dash_core_components.Upload', 'dash_core_components._imports_', 'dash_core_components', 'dash_html_components.A', 'dash_html_components.Abbr', 'dash_html_components.Acronym', 'dash_html_components.Address', 'dash_html_components.Area', 'dash_html_components.Article', 'dash_html_components.Aside', 'dash_html_components.Audio', 'dash_html_components.B', 'dash_html_components.Base', 'dash_html_components.Basefont', 'dash_html_components.Bdi', 'dash_html_components.Bdo', 'dash_html_components.Big', 'dash_html_components.Blink', 'dash_html_components.Blockquote', 'dash_html_components.Br', 'dash_html_components.Button', 'dash_html_components.Canvas', 'dash_html_components.Caption', 'dash_html_components.Center', 'dash_html_components.Cite', 'dash_html_components.Code', 'dash_html_components.Col', 'dash_html_components.Colgroup', 'dash_html_components.Command', 'dash_html_components.Content', 'dash_html_components.Data', 'dash_html_components.Datalist', 'dash_html_components.Dd', 'dash_html_components.Del', 'dash_html_components.Details', 'dash_html_components.Dfn', 'dash_html_components.Dialog', 'dash_html_components.Div', 'dash_html_components.Dl', 'dash_html_components.Dt', 'dash_html_components.Element', 'dash_html_components.Em', 'dash_html_components.Embed', 'dash_html_components.Fieldset', 'dash_html_components.Figcaption', 'dash_html_components.Figure', 'dash_html_components.Font', 'dash_html_components.Footer', 'dash_html_components.Form', 'dash_html_components.Frame', 'dash_html_components.Frameset', 'dash_html_components.H1', 'dash_html_components.H2', 'dash_html_components.H3', 'dash_html_components.H4', 'dash_html_components.H5', 'dash_html_components.H6', 'dash_html_components.Header', 'dash_html_components.Hgroup', 'dash_html_components.Hr', 'dash_html_components.I', 'dash_html_components.Iframe', 'dash_html_components.Img', 'dash_html_components.Ins', 'dash_html_components.Isindex', 'dash_html_components.Kbd', 'dash_html_components.Keygen', 'dash_html_components.Label', 'dash_html_components.Legend', 'dash_html_components.Li', 'dash_html_components.Link', 'dash_html_components.Listing', 'dash_html_components.Main', 'dash_html_components.MapEl', 'dash_html_components.Mark', 'dash_html_components.Marquee', 'dash_html_components.Meta', 'dash_html_components.Meter', 'dash_html_components.Multicol', 'dash_html_components.Nav', 'dash_html_components.Nextid', 'dash_html_components.Nobr', 'dash_html_components.Noscript', 'dash_html_components.ObjectEl', 'dash_html_components.Ol', 'dash_html_components.Optgroup', 'dash_html_components.Option', 'dash_html_components.Output', 'dash_html_components.P', 'dash_html_components.Param', 'dash_html_components.Picture', 'dash_html_components.Plaintext', 'dash_html_components.Pre', 'dash_html_components.Progress', 'dash_html_components.Q', 'dash_html_components.Rb', 'dash_html_components.Rp', 'dash_html_components.Rt', 'dash_html_components.Rtc', 'dash_html_components.Ruby', 'dash_html_components.S', 'dash_html_components.Samp', 'dash_html_components.Script', 'dash_html_components.Section', 'dash_html_components.Select', 'dash_html_components.Shadow', 'dash_html_components.Slot', 'dash_html_components.Small', 'dash_html_components.Source', 'dash_html_components.Spacer', 'dash_html_components.Span', 'dash_html_components.Strike', 'dash_html_components.Strong', 'dash_html_components.Sub', 'dash_html_components.Summary', 'dash_html_components.Sup', 'dash_html_components.Table', 'dash_html_components.Tbody', 'dash_html_components.Td', 'dash_html_components.Template', 'dash_html_components.Textarea', 'dash_html_components.Tfoot', 'dash_html_components.Th', 'dash_html_components.Thead', 'dash_html_components.Time', 'dash_html_components.Title', 'dash_html_components.Tr', 'dash_html_components.Track', 'dash_html_components.U', 'dash_html_components.Ul', 'dash_html_components.Var', 'dash_html_components.Video', 'dash_html_components.Wbr', 'dash_html_components.Xmp', 'dash_html_components._imports_', 'dash_html_components', 'matplotlib', 'matplotlib.cbook.deprecation', 'matplotlib.cbook', 'pyparsing', 'matplotlib.fontconfig_pattern', 'matplotlib.docstring', 'matplotlib._color_data', 'matplotlib.colors', 'cycler', 'matplotlib.rcsetup', 'matplotlib._version', 'matplotlib.ft2font', 'dateutil._version', 'dateutil', 'kiwisolver']
DEBUG:matplotlib:CACHEDIR=/home/xnor/.cache/matplotlib
DEBUG:matplotlib.font_manager:Using fontManager instance from /home/xnor/.cache/matplotlib/fontlist-v310.json
DEBUG:matplotlib.pyplot:Loaded backend qt5agg version unknown.
DEBUG:matplotlib.pyplot:Loaded backend tkagg version unknown.
DEBUG:matplotlib.pyplot:Loaded backend TkAgg version unknown.
INFO:__main__:Running on http://127.0.0.1:8050/
INFO:__main__:Debugger PIN: 372-016-612
DEBUG:matplotlib:CONFIGDIR=/home/xnor/.config/matplotlib
DEBUG:matplotlib:(private) matplotlib data path: /share/Engagements/MHS/SOC_Project/Monode/node/lib/python3.8/site-packages/matplotlib/mpl-data
DEBUG:matplotlib:matplotlib data path: /share/Engagements/MHS/SOC_Project/Monode/node/lib/python3.8/site-packages/matplotlib/mpl-data
DEBUG:matplotlib:loaded rc file /share/Engagements/MHS/SOC_Project/Monode/node/lib/python3.8/site-packages/matplotlib/mpl-data/matplotlibrc
DEBUG:matplotlib:matplotlib version 3.2.1
DEBUG:matplotlib:interactive is False
DEBUG:matplotlib:platform is linux
DEBUG:matplotlib:loaded modules: ['sys', 'builtins', '_frozen_importlib', '_imp', '_warnings', '_frozen_importlib_external', '_io', 'marshal', 'posix', '_thread', '_weakref', 'time', 'zipimport', '_codecs', 'codecs', 'encodings.aliases', 'encodings', 'encodings.utf_8', '_signal', '__main__', 'encodings.latin_1', '_abc', 'abc', 'io', '_stat', 'stat', '_collections_abc', 'genericpath', 'posixpath', 'os.path', 'os', '_sitebuiltins', '_locale', '_bootlocale', 'types', 'importlib._bootstrap', 'importlib._bootstrap_external', 'warnings', 'importlib', 'importlib.machinery', 'importlib.abc', '_operator', 'operator', 'keyword', '_heapq', 'heapq', 'itertools', 'reprlib', '_collections', 'collections', '_functools', 'functools', 'contextlib', 'importlib.util', 'mpl_toolkits', 'site', '__future__', 'enum', '_sre', 'sre_constants', 'sre_parse', 'sre_compile', 'copyreg', 're', '_struct', 'struct', 'six', '_weakrefset', 'weakref', 'copy', '_plotly_utils', 'math', 'numbers', '_contextvars', 'contextvars', 'locale', '_pydecimal', 'decimal', '_json', 'json.scanner', 'json.decoder', 'json.encoder', 'json', 'token', 'tokenize', 'linecache', 'traceback', 'collections.abc', '_string', 'string', 'threading', 'atexit', 'logging', '_plotly_utils.optional_imports', 'binascii', 'base64', 'textwrap', 'platform', 'errno', 'signal', '_posixsubprocess', 'select', 'selectors', 'subprocess', '_uuid', 'uuid', 'PIL._version', 'PIL', '_plotly_utils.basevalidators', '_plotly_utils.utils', 'plotly.subplots', 'plotly.optional_imports', 'plotly.animation', 'pprint', 'plotly.utils', 'plotly.callbacks', 'plotly.validators', 'plotly.basedatatypes', 'plotly.graph_objs.waterfall.totals.marker', 'plotly.graph_objs.waterfall.totals', 'plotly.graph_objs.waterfall.increasing.marker', 'plotly.graph_objs.waterfall.increasing', 'plotly.graph_objs.waterfall.hoverlabel', 'plotly.graph_objs.waterfall.decreasing.marker', 'plotly.graph_objs.waterfall.decreasing', 'plotly.graph_objs.waterfall.connector', 'plotly.graph_objs.waterfall', 'plotly.graph_objs.volume.slices', 'plotly.graph_objs.volume.hoverlabel', 'plotly.graph_objs.volume.colorbar.title', 'plotly.graph_objs.volume.colorbar', 'plotly.graph_objs.volume.caps', 'plotly.graph_objs.volume', 'plotly.graph_objs.violin.unselected', 'plotly.graph_objs.violin.selected', 'plotly.graph_objs.violin.marker', 'plotly.graph_objs.violin.hoverlabel', 'plotly.graph_objs.violin.box', 'plotly.graph_objs.violin', 'plotly.graph_objs.treemap.pathbar', 'plotly.graph_objs.treemap.marker.colorbar.title', 'plotly.graph_objs.treemap.marker.colorbar', 'plotly.graph_objs.treemap.marker', 'plotly.graph_objs.treemap.hoverlabel', 'plotly.graph_objs.treemap', 'plotly.graph_objs.table.hoverlabel', 'plotly.graph_objs.table.header', 'plotly.graph_objs.table.cells', 'plotly.graph_objs.table', 'plotly.graph_objs.surface.hoverlabel', 'plotly.graph_objs.surface.contours.z', 'plotly.graph_objs.surface.contours.y', 'plotly.graph_objs.surface.contours.x', 'plotly.graph_objs.surface.contours', 'plotly.graph_objs.surface.colorbar.title', 'plotly.graph_objs.surface.colorbar', 'plotly.graph_objs.surface', 'plotly.graph_objs.sunburst.marker.colorbar.title', 'plotly.graph_objs.sunburst.marker.colorbar', 'plotly.graph_objs.sunburst.marker', 'plotly.graph_objs.sunburst.hoverlabel', 'plotly.graph_objs.sunburst', 'plotly.graph_objs.streamtube.hoverlabel', 'plotly.graph_objs.streamtube.colorbar.title', 'plotly.graph_objs.streamtube.colorbar', 'plotly.graph_objs.streamtube', 'plotly.graph_objs.splom.unselected', 'plotly.graph_objs.splom.selected', 'plotly.graph_objs.splom.marker.colorbar.title', 'plotly.graph_objs.splom.marker.colorbar', 'plotly.graph_objs.splom.marker', 'plotly.graph_objs.splom.hoverlabel', 'plotly.graph_objs.splom.dimension', 'plotly.graph_objs.splom', 'plotly.graph_objs.scatterternary.unselected', 'plotly.graph_objs.scatterternary.selected', 'plotly.graph_objs.scatterternary.marker.colorbar.title', 'plotly.graph_objs.scatterternary.marker.colorbar', 'plotly.graph_objs.scatterternary.marker', 'plotly.graph_objs.scatterternary.hoverlabel', 'plotly.graph_objs.scatterternary', 'plotly.graph_objs.scatterpolargl.unselected', 'plotly.graph_objs.scatterpolargl.selected', 'plotly.graph_objs.scatterpolargl.marker.colorbar.title', 'plotly.graph_objs.scatterpolargl.marker.colorbar', 'plotly.graph_objs.scatterpolargl.marker', 'plotly.graph_objs.scatterpolargl.hoverlabel', 'plotly.graph_objs.scatterpolargl', 'plotly.graph_objs.scatterpolar.unselected', 'plotly.graph_objs.scatterpolar.selected', 'plotly.graph_objs.scatterpolar.marker.colorbar.title', 'plotly.graph_objs.scatterpolar.marker.colorbar', 'plotly.graph_objs.scatterpolar.marker', 'plotly.graph_objs.scatterpolar.hoverlabel', 'plotly.graph_objs.scatterpolar', 'plotly.graph_objs.scattermapbox.unselected', 'plotly.graph_objs.scattermapbox.selected', 'plotly.graph_objs.scattermapbox.marker.colorbar.title', 'plotly.graph_objs.scattermapbox.marker.colorbar', 'plotly.graph_objs.scattermapbox.marker', 'plotly.graph_objs.scattermapbox.hoverlabel', 'plotly.graph_objs.scattermapbox', 'plotly.graph_objs.scattergl.unselected', 'plotly.graph_objs.scattergl.selected', 'plotly.graph_objs.scattergl.marker.colorbar.title', 'plotly.graph_objs.scattergl.marker.colorbar', 'plotly.graph_objs.scattergl.marker', 'plotly.graph_objs.scattergl.hoverlabel', 'plotly.graph_objs.scattergl', 'plotly.graph_objs.scattergeo.unselected', 'plotly.graph_objs.scattergeo.selected', 'plotly.graph_objs.scattergeo.marker.colorbar.title', 'plotly.graph_objs.scattergeo.marker.colorbar', 'plotly.graph_objs.scattergeo.marker', 'plotly.graph_objs.scattergeo.hoverlabel', 'plotly.graph_objs.scattergeo', 'plotly.graph_objs.scattercarpet.unselected', 'plotly.graph_objs.scattercarpet.selected', 'plotly.graph_objs.scattercarpet.marker.colorbar.title', 'plotly.graph_objs.scattercarpet.marker.colorbar', 'plotly.graph_objs.scattercarpet.marker', 'plotly.graph_objs.scattercarpet.hoverlabel', 'plotly.graph_objs.scattercarpet', 'plotly.graph_objs.scatter3d.projection', 'plotly.graph_objs.scatter3d.marker.colorbar.title', 'plotly.graph_objs.scatter3d.marker.colorbar', 'plotly.graph_objs.scatter3d.marker', 'plotly.graph_objs.scatter3d.line.colorbar.title', 'plotly.graph_objs.scatter3d.line.colorbar', 'plotly.graph_objs.scatter3d.line', 'plotly.graph_objs.scatter3d.hoverlabel', 'plotly.graph_objs.scatter3d', 'plotly.graph_objs.scatter.unselected', 'plotly.graph_objs.scatter.selected', 'plotly.graph_objs.scatter.marker.colorbar.title', 'plotly.graph_objs.scatter.marker.colorbar', 'plotly.graph_objs.scatter.marker', 'plotly.graph_objs.scatter.hoverlabel', 'plotly.graph_objs.scatter', 'plotly.graph_objs.sankey.node.hoverlabel', 'plotly.graph_objs.sankey.node', 'plotly.graph_objs.sankey.link.hoverlabel', 'plotly.graph_objs.sankey.link', 'plotly.graph_objs.sankey.hoverlabel', 'plotly.graph_objs.sankey', 'plotly.graph_objs.pointcloud.marker', 'plotly.graph_objs.pointcloud.hoverlabel', 'plotly.graph_objs.pointcloud', 'plotly.graph_objs.pie.title', 'plotly.graph_objs.pie.marker', 'plotly.graph_objs.pie.hoverlabel', 'plotly.graph_objs.pie', 'plotly.graph_objs.parcoords.line.colorbar.title', 'plotly.graph_objs.parcoords.line.colorbar', 'plotly.graph_objs.parcoords.line', 'plotly.graph_objs.parcoords', 'plotly.graph_objs.parcats.line.colorbar.title', 'plotly.graph_objs.parcats.line.colorbar', 'plotly.graph_objs.parcats.line', 'plotly.graph_objs.parcats', 'plotly.graph_objs.ohlc.increasing', 'plotly.graph_objs.ohlc.hoverlabel', 'plotly.graph_objs.ohlc.decreasing', 'plotly.graph_objs.ohlc', 'plotly.graph_objs.mesh3d.hoverlabel', 'plotly.graph_objs.mesh3d.colorbar.title', 'plotly.graph_objs.mesh3d.colorbar', 'plotly.graph_objs.mesh3d', 'plotly.graph_objs.isosurface.slices', 'plotly.graph_objs.isosurface.hoverlabel', 'plotly.graph_objs.isosurface.colorbar.title', 'plotly.graph_objs.isosurface.colorbar', 'plotly.graph_objs.isosurface.caps', 'plotly.graph_objs.isosurface', 'plotly.graph_objs.indicator.title', 'plotly.graph_objs.indicator.number', 'plotly.graph_objs.indicator.gauge.threshold', 'plotly.graph_objs.indicator.gauge.step', 'plotly.graph_objs.indicator.gauge.bar', 'plotly.graph_objs.indicator.gauge.axis', 'plotly.graph_objs.indicator.gauge', 'plotly.graph_objs.indicator.delta', 'plotly.graph_objs.indicator', 'plotly.graph_objs.image.hoverlabel', 'plotly.graph_objs.image', 'plotly.graph_objs.histogram2dcontour.hoverlabel', 'plotly.graph_objs.histogram2dcontour.contours', 'plotly.graph_objs.histogram2dcontour.colorbar.title', 'plotly.graph_objs.histogram2dcontour.colorbar', 'plotly.graph_objs.histogram2dcontour', 'plotly.graph_objs.histogram2d.hoverlabel', 'plotly.graph_objs.histogram2d.colorbar.title', 'plotly.graph_objs.histogram2d.colorbar', 'plotly.graph_objs.histogram2d', 'plotly.graph_objs.histogram.unselected', 'plotly.graph_objs.histogram.selected', 'plotly.graph_objs.histogram.marker.colorbar.title', 'plotly.graph_objs.histogram.marker.colorbar', 'plotly.graph_objs.histogram.marker', 'plotly.graph_objs.histogram.hoverlabel', 'plotly.graph_objs.histogram', 'plotly.graph_objs.heatmapgl.hoverlabel', 'plotly.graph_objs.heatmapgl.colorbar.title', 'plotly.graph_objs.heatmapgl.colorbar', 'plotly.graph_objs.heatmapgl', 'plotly.graph_objs.heatmap.hoverlabel', 'plotly.graph_objs.heatmap.colorbar.title', 'plotly.graph_objs.heatmap.colorbar', 'plotly.graph_objs.heatmap', 'plotly.graph_objs.funnelarea.title', 'plotly.graph_objs.funnelarea.marker', 'plotly.graph_objs.funnelarea.hoverlabel', 'plotly.graph_objs.funnelarea', 'plotly.graph_objs.funnel.marker.colorbar.title', 'plotly.graph_objs.funnel.marker.colorbar', 'plotly.graph_objs.funnel.marker', 'plotly.graph_objs.funnel.hoverlabel', 'plotly.graph_objs.funnel.connector', 'plotly.graph_objs.funnel', 'plotly.graph_objs.densitymapbox.hoverlabel', 'plotly.graph_objs.densitymapbox.colorbar.title', 'plotly.graph_objs.densitymapbox.colorbar', 'plotly.graph_objs.densitymapbox', 'plotly.graph_objs.contourcarpet.contours', 'plotly.graph_objs.contourcarpet.colorbar.title', 'plotly.graph_objs.contourcarpet.colorbar', 'plotly.graph_objs.contourcarpet', 'plotly.graph_objs.contour.hoverlabel', 'plotly.graph_objs.contour.contours', 'plotly.graph_objs.contour.colorbar.title', 'plotly.graph_objs.contour.colorbar', 'plotly.graph_objs.contour', 'plotly.graph_objs.cone.hoverlabel', 'plotly.graph_objs.cone.colorbar.title', 'plotly.graph_objs.cone.colorbar', 'plotly.graph_objs.cone', 'plotly.graph_objs.choroplethmapbox.unselected', 'plotly.graph_objs.choroplethmapbox.selected', 'plotly.graph_objs.choroplethmapbox.marker', 'plotly.graph_objs.choroplethmapbox.hoverlabel', 'plotly.graph_objs.choroplethmapbox.colorbar.title', 'plotly.graph_objs.choroplethmapbox.colorbar', 'plotly.graph_objs.choroplethmapbox', 'plotly.graph_objs.choropleth.unselected', 'plotly.graph_objs.choropleth.selected', 'plotly.graph_objs.choropleth.marker', 'plotly.graph_objs.choropleth.hoverlabel', 'plotly.graph_objs.choropleth.colorbar.title', 'plotly.graph_objs.choropleth.colorbar', 'plotly.graph_objs.choropleth', 'plotly.graph_objs.carpet.baxis.title', 'plotly.graph_objs.carpet.baxis', 'plotly.graph_objs.carpet.aaxis.title', 'plotly.graph_objs.carpet.aaxis', 'plotly.graph_objs.carpet', 'plotly.graph_objs.candlestick.increasing', 'plotly.graph_objs.candlestick.hoverlabel', 'plotly.graph_objs.candlestick.decreasing', 'plotly.graph_objs.candlestick', 'plotly.graph_objs.box.unselected', 'plotly.graph_objs.box.selected', 'plotly.graph_objs.box.marker', 'plotly.graph_objs.box.hoverlabel', 'plotly.graph_objs.box', 'plotly.graph_objs.barpolar.unselected', 'plotly.graph_objs.barpolar.selected', 'plotly.graph_objs.barpolar.marker.colorbar.title', 'plotly.graph_objs.barpolar.marker.colorbar', 'plotly.graph_objs.barpolar.marker', 'plotly.graph_objs.barpolar.hoverlabel', 'plotly.graph_objs.barpolar', 'plotly.graph_objs.bar.unselected', 'plotly.graph_objs.bar.selected', 'plotly.graph_objs.bar.marker.colorbar.title', 'plotly.graph_objs.bar.marker.colorbar', 'plotly.graph_objs.bar.marker', 'plotly.graph_objs.bar.hoverlabel', 'plotly.graph_objs.bar', 'plotly.graph_objs.area.hoverlabel', 'plotly.graph_objs.area', 'plotly.graph_objs.layout.yaxis.title', 'plotly.graph_objs.layout.yaxis', 'plotly.graph_objs.layout.xaxis.title', 'plotly.graph_objs.layout.xaxis.rangeslider', 'plotly.graph_objs.layout.xaxis.rangeselector', 'plotly.graph_objs.layout.xaxis', 'plotly.graph_objs.layout.updatemenu', 'plotly.graph_objs.layout.title', 'plotly.graph_objs.layout.ternary.caxis.title', 'plotly.graph_objs.layout.ternary.caxis', 'plotly.graph_objs.layout.ternary.baxis.title', 'plotly.graph_objs.layout.ternary.baxis', 'plotly.graph_objs.layout.ternary.aaxis.title', 'plotly.graph_objs.layout.ternary.aaxis', 'plotly.graph_objs.layout.ternary', 'plotly.graph_objs.layout.template.data', 'plotly.graph_objs.layout.template', 'plotly.graph_objs.layout.slider.currentvalue', 'plotly.graph_objs.layout.slider', 'plotly.graph_objs.layout.shape', 'plotly.graph_objs.layout.scene.zaxis.title', 'plotly.graph_objs.layout.scene.zaxis', 'plotly.graph_objs.layout.scene.yaxis.title', 'plotly.graph_objs.layout.scene.yaxis', 'plotly.graph_objs.layout.scene.xaxis.title', 'plotly.graph_objs.layout.scene.xaxis', 'plotly.graph_objs.layout.scene.camera', 'plotly.graph_objs.layout.scene.annotation.hoverlabel', 'plotly.graph_objs.layout.scene.annotation', 'plotly.graph_objs.layout.scene', 'plotly.graph_objs.layout.polar.radialaxis.title', 'plotly.graph_objs.layout.polar.radialaxis', 'plotly.graph_objs.layout.polar.angularaxis', 'plotly.graph_objs.layout.polar', 'plotly.graph_objs.layout.mapbox.layer.symbol', 'plotly.graph_objs.layout.mapbox.layer', 'plotly.graph_objs.layout.mapbox', 'plotly.graph_objs.layout.legend.title', 'plotly.graph_objs.layout.legend', 'plotly.graph_objs.layout.hoverlabel', 'plotly.graph_objs.layout.grid', 'plotly.graph_objs.layout.geo.projection', 'plotly.graph_objs.layout.geo', 'plotly.graph_objs.layout.coloraxis.colorbar.title', 'plotly.graph_objs.layout.coloraxis.colorbar', 'plotly.graph_objs.layout.coloraxis', 'plotly.graph_objs.layout.annotation.hoverlabel', 'plotly.graph_objs.layout.annotation', 'plotly.graph_objs.layout', 'plotly.graph_objs._figure', 'plotly.graph_objs._deprecations', 'plotly.graph_objs', '_plotly_utils.exceptions', 'plotly.exceptions', '_plotly_utils.files', 'plotly.files', 'plotly.tools', 'pkgutil', 'plotly.offline._plotlyjs_version', 'plotly.offline.offline', 'plotly.offline', '_plotly_utils.colors._swatches', '_plotly_utils.colors.colorbrewer', '_plotly_utils.colors.carto', '_plotly_utils.colors.qualitative', '_plotly_utils.colors.plotlyjs', '_plotly_utils.colors.cmocean', '_plotly_utils.colors.sequential', '_plotly_utils.colors.diverging', '_plotly_utils.colors.cyclical', '_plotly_utils.colors', 'plotly.colors', '_socket', 'socket', '_bisect', 'bisect', '_sha512', '_random', 'random', 'retrying', 'plotly.io._utils', 'plotly.io._orca', 'plotly.io.orca', 'plotly.io._json', 'plotly.io._templates', 'shlex', 'fnmatch', 'zlib', '_compression', '_bz2', 'bz2', '_lzma', 'lzma', 'pwd', 'grp', 'shutil', 'webbrowser', 'plotly.io._html', 'distutils', 'distutils.version', '_opcode', 'opcode', 'dis', 'inspect', 'http', '_datetime', 'datetime', 'email', 'urllib', 'urllib.parse', 'calendar', 'email._parseaddr', 'email.base64mime', 'email.quoprimime', 'email.errors', 'quopri', 'email.encoders', 'email.charset', 'email.utils', 'html.entities', 'html', 'email.header', 'email._policybase', 'email.feedparser', 'email.parser', 'uu', 'email._encoded_words', 'email.iterators', 'email.message', '_ssl', 'ssl', 'http.client', 'mimetypes', 'socketserver', 'http.server', 'plotly.io._base_renderers', 'plotly.io._renderers', 'plotly.io.base_renderers', 'plotly.io', 'plotly.data', 'plotly._docstring_gen', 'plotly._version', 'plotly._widget_version', 'plotly.version', 'plotly', 'plotly.graph_objects', 'networkx.release', 'networkx.exception', 'networkx.utils.misc', 'ntpath', 'pathlib', 'decorator', 'networkx.utils.decorators', 'networkx.utils.random_sequence', 'networkx.utils.union_find', 'networkx.utils.rcm', 'networkx.utils.heaps', 'networkx.utils.contextmanagers', 'networkx.utils', 'networkx.classes.coreviews', 'networkx.classes.reportviews', 'networkx.convert', 'networkx.classes.graph', 'networkx.classes.digraph', 'networkx.classes.multigraph', 'networkx.classes.multidigraph', 'networkx.classes.ordered', 'networkx.classes.filters', 'networkx.classes.graphviews', 'networkx.classes.function', 'networkx.classes', 'networkx.convert_matrix', 'networkx.relabel', 'gzip', 'networkx.generators.atlas', 'networkx.generators.classic', 'networkx.generators.cographs', 'scipy', 'networkx.generators.community', 'networkx.generators.degree_seq', 'networkx.generators.directed', 'networkx.generators.duplication', 'networkx.generators.ego', 'networkx.generators.expanders', 'networkx.generators.geometric', 'networkx.generators.internet_as_graphs', 'networkx.algorithms.assortativity.connectivity', 'networkx.algorithms.assortativity.pairs', 'networkx.algorithms.assortativity.mixing', 'networkx.algorithms.assortativity.correlation', 'networkx.algorithms.assortativity.neighbor_degree', 'networkx.algorithms.assortativity', 'networkx.algorithms.asteroidal', 'networkx.algorithms.boundary', 'networkx.algorithms.bridges', 'networkx.algorithms.chains', 'networkx.algorithms.centrality.betweenness', 'networkx.algorithms.centrality.betweenness_subset', 'networkx.algorithms.centrality.closeness', 'networkx.algorithms.centrality.subgraph_alg', 'networkx.algorithms.centrality.flow_matrix', 'networkx.algorithms.centrality.current_flow_closeness', 'networkx.algorithms.centrality.current_flow_betweenness', 'networkx.algorithms.centrality.current_flow_betweenness_subset', 'networkx.algorithms.centrality.degree_alg', 'networkx.algorithms.centrality.dispersion', 'networkx.algorithms.centrality.eigenvector', 'networkx.algorithms.centrality.group', 'networkx.algorithms.centrality.harmonic', 'networkx.algorithms.centrality.katz', 'networkx.algorithms.centrality.load', 'networkx.algorithms.centrality.reaching', 'networkx.algorithms.centrality.percolation', 'networkx.algorithms.centrality.second_order', 'networkx.algorithms.centrality.voterank_alg', 'networkx.algorithms.centrality', 'networkx.algorithms.components.connected', 'networkx.algorithms.components.strongly_connected', 'networkx.algorithms.components.weakly_connected', 'networkx.algorithms.components.attracting', 'networkx.algorithms.components.biconnected', 'networkx.algorithms.components.semiconnected', 'networkx.algorithms.components', 'networkx.algorithms.chordal', 'networkx.algorithms.cluster', 'networkx.algorithms.clique', 'networkx.algorithms.communicability_alg', 'networkx.algorithms.coloring.greedy_coloring_with_interchange', 'networkx.algorithms.coloring.greedy_coloring', 'networkx.algorithms.coloring.equitable_coloring', 'networkx.algorithms.coloring', 'networkx.algorithms.core', 'networkx.algorithms.covering', 'networkx.algorithms.cycles', 'networkx.algorithms.cuts', 'networkx.algorithms.traversal.breadth_first_search', 'networkx.algorithms.traversal.beamsearch', 'networkx.algorithms.traversal.depth_first_search', 'networkx.algorithms.traversal.edgedfs', 'networkx.algorithms.traversal.edgebfs', 'networkx.algorithms.traversal', 'networkx.generators.trees', 'networkx.algorithms.dag', 'networkx.algorithms.distance_measures', 'networkx.algorithms.distance_regular', 'networkx.algorithms.dominance', 'networkx.algorithms.dominating', 'networkx.algorithms.efficiency_measures', 'networkx.algorithms.euler', 'networkx.algorithms.graphical', 'networkx.algorithms.hierarchy', 'networkx.algorithms.hybrid', 'networkx.algorithms.link_analysis.pagerank_alg', 'networkx.algorithms.link_analysis.hits_alg', 'networkx.algorithms.link_analysis', 'networkx.algorithms.link_prediction', 'networkx.algorithms.lowest_common_ancestors', 'networkx.algorithms.isolate', 'networkx.algorithms.matching', 'networkx.algorithms.minors', 'networkx.algorithms.mis', 'networkx.algorithms.non_randomness', 'networkx.algorithms.operators.all', 'networkx.algorithms.operators.binary', 'networkx.algorithms.operators.product', 'networkx.algorithms.operators.unary', 'networkx.algorithms.operators', 'networkx.algorithms.planarity', 'networkx.algorithms.planar_drawing', 'networkx.algorithms.reciprocity', 'networkx.algorithms.richclub', 'networkx.algorithms.shortest_paths.generic', 'networkx.algorithms.shortest_paths.unweighted', 'networkx.algorithms.shortest_paths.weighted', 'networkx.algorithms.shortest_paths.astar', 'networkx.algorithms.shortest_paths.dense', 'networkx.algorithms.shortest_paths', 'networkx.algorithms.similarity', 'networkx.algorithms.simple_paths', 'networkx.algorithms.smallworld', 'networkx.algorithms.smetric', 'networkx.algorithms.structuralholes', 'networkx.algorithms.sparsifiers', 'networkx.algorithms.swap', 'networkx.algorithms.triads', 'networkx.algorithms.vitality', 'networkx.algorithms.voronoi', 'networkx.algorithms.wiener', 'networkx.algorithms.bipartite.basic', 'networkx.algorithms.bipartite.centrality', 'networkx.algorithms.bipartite.cluster', 'networkx.algorithms.bipartite.matrix', 'networkx.algorithms.bipartite.matching', 'networkx.algorithms.bipartite.covering', 'networkx.algorithms.bipartite.edgelist', 'networkx.algorithms.bipartite.projection', 'networkx.algorithms.bipartite.redundancy', 'networkx.algorithms.bipartite.spectral', 'networkx.algorithms.bipartite.generators', 'networkx.algorithms.bipartite', 'networkx.algorithms.node_classification.utils', 'networkx.algorithms.node_classification.hmn', 'networkx.algorithms.node_classification.lgc', 'networkx.algorithms.node_classification', 'networkx.algorithms.flow.utils', 'networkx.algorithms.flow.boykovkolmogorov', 'networkx.algorithms.flow.dinitz_alg', 'networkx.algorithms.flow.edmondskarp', 'networkx.algorithms.flow.preflowpush', 'networkx.algorithms.flow.shortestaugmentingpath', 'networkx.algorithms.flow.maxflow', 'networkx.algorithms.flow.mincost', 'networkx.algorithms.flow.gomory_hu', 'networkx.algorithms.flow.capacityscaling', 'networkx.algorithms.flow.networksimplex', 'networkx.algorithms.flow', 'networkx.algorithms.connectivity.utils', 'networkx.algorithms.connectivity.connectivity', 'networkx.algorithms.connectivity.cuts', 'networkx.algorithms.connectivity.edge_augmentation', 'networkx.algorithms.connectivity.edge_kcomponents', 'networkx.algorithms.connectivity.disjoint_paths', 'networkx.algorithms.connectivity.kcomponents', 'networkx.algorithms.connectivity.kcutsets', 'networkx.algorithms.connectivity.stoerwagner', 'networkx.algorithms.connectivity', 'networkx.algorithms.community.asyn_fluid', 'networkx.algorithms.community.centrality', 'networkx.algorithms.community.kclique', 'networkx.algorithms.community.community_utils', 'networkx.algorithms.community.kernighan_lin', 'networkx.algorithms.community.label_propagation', 'networkx.algorithms.community.quality', 'networkx.utils.mapped_queue', 'networkx.algorithms.community.modularity_max', 'networkx.algorithms.community', 'networkx.algorithms.isomorphism.isomorph', 'networkx.algorithms.isomorphism.isomorphvf2', 'networkx.algorithms.isomorphism.vf2userfunc', 'networkx.algorithms.isomorphism.matchhelpers', 'networkx.algorithms.isomorphism.temporalisomorphvf2', 'networkx.algorithms.isomorphism.ismags', 'networkx.algorithms.isomorphism', 'networkx.algorithms.tournament', 'networkx.algorithms.tree.recognition', 'networkx.algorithms.tree.branchings', 'networkx.algorithms.tree.coding', 'networkx.algorithms.tree.mst', 'networkx.algorithms.tree.operations', 'networkx.algorithms.tree', 'networkx.algorithms', 'networkx.generators.intersection', 'networkx.generators.joint_degree_seq', 'networkx.generators.lattice', 'networkx.generators.line', 'networkx.generators.mycielski', 'networkx.generators.nonisomorphic_trees', 'networkx.generators.random_clustered', 'networkx.generators.random_graphs', 'networkx.generators.small', 'networkx.generators.social', 'networkx.generators.spectral_graph_forge', 'networkx.generators.stochastic', 'networkx.generators.triads', 'networkx.generators', 'networkx.readwrite.adjlist', 'networkx.readwrite.multiline_adjlist', 'networkx.readwrite.edgelist', '_compat_pickle', '_pickle', 'pickle', 'networkx.readwrite.gpickle', 'networkx.readwrite.pajek', 'networkx.readwrite.leda', 'networkx.readwrite.graph6', 'networkx.readwrite.sparse6', 'networkx.readwrite.nx_yaml', '_ast', 'ast', 'networkx.readwrite.gml', 'xml', 'xml.etree', 'xml.etree.ElementPath', 'pyexpat.errors', 'pyexpat.model', 'pyexpat', '_elementtree', 'xml.etree.ElementTree', 'xml.etree.cElementTree', 'numpy._globals', 'numpy.__config__', 'numpy.version', 'numpy._distributor_init', 'numpy.core._multiarray_umath', 'numpy.compat._inspect', 'numpy.compat.py3k', 'numpy.compat', 'numpy.core.overrides', 'numpy.core.multiarray', 'numpy.core.umath', 'numpy.core._string_helpers', 'numpy.core._dtype', 'numpy.core._type_aliases', 'numpy.core.numerictypes', 'numpy.core._asarray', 'numpy.core._exceptions', 'numpy.core._methods', 'numpy.core.fromnumeric', 'numpy.core.shape_base', 'numpy.core._ufunc_config', 'numpy.core.arrayprint', 'numpy.core.numeric', 'numpy.core.defchararray', 'numpy.core.records', 'numpy.core.memmap', 'numpy.core.function_base', 'numpy.core.machar', 'numpy.core.getlimits', 'numpy.core.einsumfunc', 'numpy.core._multiarray_tests', 'numpy.core._add_newdocs', '_ctypes', 'ctypes._endian', 'ctypes', 'numpy.core._dtype_ctypes', 'numpy.core._internal', 'numpy._pytesttester', 'numpy.core', 'numpy.lib.mixins', 'numpy.lib.ufunclike', 'numpy.lib.type_check', 'numpy.lib.scimath', 'numpy.lib.twodim_base', 'numpy.linalg.lapack_lite', 'numpy.linalg._umath_linalg', 'numpy.linalg.linalg', 'numpy.linalg', 'numpy.matrixlib.defmatrix', 'numpy.matrixlib', 'numpy.lib.histograms', 'numpy.lib.function_base', 'numpy.lib.stride_tricks', 'numpy.lib.index_tricks', 'numpy.lib.nanfunctions', 'numpy.lib.shape_base', 'numpy.lib.polynomial', 'numpy.lib.utils', 'numpy.lib.arraysetops', 'numpy.lib.format', 'numpy.lib._datasource', 'numpy.lib._iotools', 'numpy.lib.npyio', 'numpy.lib.financial', 'numpy.lib.arrayterator', 'numpy.lib.arraypad', 'numpy.lib._version', 'numpy.lib', 'numpy.fft._pocketfft_internal', 'numpy.fft._pocketfft', 'numpy.fft.helper', 'numpy.fft', 'numpy.polynomial.polyutils', 'numpy.polynomial._polybase', 'numpy.polynomial.polynomial', 'numpy.polynomial.chebyshev', 'numpy.polynomial.legendre', 'numpy.polynomial.hermite', 'numpy.polynomial.hermite_e', 'numpy.polynomial.laguerre', 'numpy.polynomial', 'cython_runtime', '_cython_0_29_15', 'numpy.random._common', '_hashlib', '_blake2', '_sha3', 'hashlib', 'hmac', 'secrets', 'numpy.random._bit_generator', 'numpy.random._bounded_integers', 'numpy.random._mt19937', 'numpy.random.mtrand', 'numpy.random._philox', 'numpy.random._pcg64', 'numpy.random._sfc64', 'numpy.random._generator', 'numpy.random._pickle', 'numpy.random', 'numpy.ctypeslib', 'numpy.ma.core', 'numpy.ma.extras', 'numpy.ma', 'numpy', 'networkx.readwrite.graphml', 'networkx.readwrite.gexf', 'networkx.readwrite.nx_shp', 'networkx.readwrite.json_graph.node_link', 'networkx.readwrite.json_graph.adjacency', 'networkx.readwrite.json_graph.tree', 'networkx.readwrite.json_graph.jit', 'networkx.readwrite.json_graph.cytoscape', 'networkx.readwrite.json_graph', 'networkx.readwrite', 'networkx.linalg.attrmatrix', 'networkx.linalg.spectrum', 'networkx.linalg.graphmatrix', 'networkx.linalg.laplacianmatrix', 'networkx.linalg.algebraicconnectivity', 'networkx.linalg.modularitymatrix', 'networkx.linalg.bethehessianmatrix', 'networkx.linalg', 'networkx.testing.utils', 'networkx.testing.test', 'networkx.testing', 'networkx.drawing.layout', 'networkx.drawing.nx_pylab', 'tempfile', 'networkx.drawing.nx_agraph', 'networkx.drawing.nx_pydot', 'networkx.drawing', 'networkx', 'graph', 'telnetlib', 'paramiko._version', 'cryptography.__about__', 'cryptography', 'cryptography.hazmat', 'cryptography.hazmat.backends', 'cryptography.hazmat.primitives', 'cryptography.utils', 'cryptography.exceptions', 'cryptography.hazmat.backends.interfaces', 'cryptography.hazmat.primitives.ciphers.modes', 'cryptography.hazmat.primitives.ciphers.base', 'cryptography.hazmat.primitives.ciphers', 'cryptography.hazmat.primitives.ciphers.algorithms', 'paramiko.py3compat', 'paramiko.common', 'termios', 'getpass', 'paramiko.ssh_exception', 'paramiko.config', 'paramiko.util', 'paramiko.message', 'paramiko.server', 'paramiko.ssh_gss', 'paramiko.auth_handler', 'paramiko.file', 'array', 'paramiko.buffered_pipe', 'paramiko.pipe', 'paramiko.channel', 'paramiko.compress', 'cryptography.hazmat.primitives.hashes', 'cryptography.hazmat.primitives.serialization.base', 'cryptography.hazmat.primitives.asymmetric', 'cryptography.hazmat.primitives.asymmetric.dsa', 'cryptography.hazmat._oid', 'cryptography.hazmat.primitives.asymmetric.ec', 'cryptography.hazmat.primitives.asymmetric.ed25519', 'cryptography.hazmat.primitives.asymmetric.rsa', 'cryptography.hazmat.primitives.serialization.ssh', 'cryptography.hazmat.primitives.serialization', 'cryptography.hazmat._der', 'cryptography.hazmat.primitives.asymmetric.utils', 'paramiko.ber', '_cffi_backend', '_bcrypt.lib', '_bcrypt', 'bcrypt._bcrypt', 'bcrypt.__about__', 'bcrypt', 'paramiko.pkey', 'paramiko.dsskey', 'nacl', 'nacl.exceptions', '_sodium.lib', '_sodium', 'nacl._sodium', 'nacl.bindings.crypto_aead', 'nacl.bindings.crypto_box', 'nacl.bindings.crypto_generichash', 'nacl.bindings.crypto_hash', 'nacl.bindings.crypto_kx', 'nacl.bindings.crypto_pwhash', 'nacl.bindings.crypto_scalarmult', 'nacl.bindings.crypto_secretbox', 'nacl.bindings.crypto_secretstream', 'nacl.bindings.crypto_shorthash', 'nacl.bindings.crypto_sign', 'nacl.bindings.randombytes', 'nacl.bindings.sodium_core', 'nacl.bindings.utils', 'nacl.bindings', 'nacl.encoding', 'nacl.utils', 'nacl.public', 'nacl.signing', 'paramiko.ed25519key', 'cryptography.hazmat.bindings', '_constant_time.lib', '_constant_time', 'cryptography.hazmat.bindings._constant_time', 'cryptography.hazmat.primitives.constant_time', 'cryptography.hazmat.primitives.asymmetric.x25519', 'paramiko.kex_curve25519', 'paramiko.kex_gex', 'paramiko.kex_group1', 'paramiko.kex_group14', 'paramiko.kex_group16', 'paramiko.kex_ecdh_nist', 'paramiko.kex_gss', 'paramiko.packet', 'paramiko.primes', 'cryptography.hazmat.primitives.asymmetric.padding', 'paramiko.rsakey', 'paramiko.ecdsakey', 'paramiko.sftp', 'paramiko.sftp_attr', 'paramiko.sftp_file', 'paramiko.sftp_client', 'six.moves', 'cryptography.x509.certificate_transparency', 'cryptography.hazmat.primitives.asymmetric.ed448', 'ipaddress', 'cryptography.x509.oid', 'cryptography.x509.name', 'cryptography.x509.general_name', 'cryptography.x509.extensions', 'cryptography.x509.base', 'cryptography.x509', 'cryptography.hazmat.backends.openssl.aead', 'cryptography.hazmat.backends.openssl.ciphers', 'cryptography.hazmat.backends.openssl.cmac', 'cryptography.hazmat.backends.openssl.decode_asn1', 'cryptography.hazmat.primitives.asymmetric.dh', 'cryptography.hazmat.backends.openssl.dh', 'cryptography.hazmat.backends.openssl.utils', 'cryptography.hazmat.backends.openssl.dsa', 'cryptography.hazmat.backends.openssl.ec', 'cryptography.hazmat.backends.openssl.ed25519', 'cryptography.hazmat.backends.openssl.ed448', 'cryptography.hazmat.backends.openssl.encode_asn1', 'cryptography.hazmat.backends.openssl.hashes', 'cryptography.hazmat.backends.openssl.hmac', 'cryptography.hazmat.backends.openssl.x509', 'cryptography.x509.ocsp', 'cryptography.hazmat.backends.openssl.ocsp', 'cryptography.hazmat.backends.openssl.poly1305', 'cryptography.hazmat.backends.openssl.rsa', 'cryptography.hazmat.backends.openssl.x25519', 'cryptography.hazmat.primitives.asymmetric.x448', 'cryptography.hazmat.backends.openssl.x448', 'cryptography.hazmat.bindings.openssl', '_openssl.lib', '_openssl', 'cryptography.hazmat.bindings._openssl', 'cryptography.hazmat.bindings.openssl._conditional', 'cryptography.hazmat.bindings.openssl.binding', 'cryptography.hazmat.primitives.kdf', 'cryptography.hazmat.primitives.kdf.scrypt', 'cryptography.hazmat.backends.openssl.backend', 'cryptography.hazmat.backends.openssl', 'paramiko.transport', 'paramiko.agent', 'paramiko.hostkeys', 'paramiko.client', 'paramiko.sftp_si', 'paramiko.sftp_handle', 'paramiko.sftp_server', 'paramiko.proxy', 'paramiko', 'serial.serialutil', 'fcntl', 'serial.serialposix', 'serial', 'netmiko.netmiko_globals', 'netmiko.ssh_exception', 'glob', 'serial.tools', 'serial.tools.list_ports_common', 'serial.tools.list_ports_linux', 'serial.tools.list_ports_posix', 'serial.tools.list_ports', 'netmiko._textfsm._terminal', 'netmiko._textfsm._texttable', 'gettext', 'getopt', 'textfsm.parser', 'textfsm', 'textfsm.copyable_regex_object', 'netmiko._textfsm._clitable', 'netmiko._textfsm', 'netmiko.utilities', 'netmiko.base_connection', 'scp', 'netmiko.scp_handler', 'netmiko.cisco_base_connection', 'netmiko.a10.a10_ssh', 'netmiko.a10', 'netmiko.accedian.accedian_ssh', 'netmiko.accedian', 'netmiko.alcatel.alcatel_aos_ssh', 'netmiko.alcatel', 'netmiko.arista.arista', 'netmiko.arista', 'netmiko.apresia.apresia_aeos', 'netmiko.apresia', 'netmiko.aruba.aruba_ssh', 'netmiko.aruba', 'netmiko.calix.calix_b6', 'netmiko.calix', 'netmiko.checkpoint.checkpoint_gaia_ssh', 'netmiko.checkpoint', 'netmiko.ciena.ciena_saos', 'netmiko.ciena', 'netmiko.cisco.cisco_ios', 'netmiko.cisco.cisco_asa_ssh', 'netmiko.cisco.cisco_nxos_ssh', 'netmiko.cisco.cisco_xr', 'netmiko.cisco.cisco_wlc_ssh', 'netmiko.cisco.cisco_s300', 'netmiko.cisco.cisco_tp_tcce', 'netmiko.cisco', 'netmiko.citrix.netscaler_ssh', 'netmiko.citrix', 'netmiko.cloudgenix.cloudgenix_ion', 'netmiko.cloudgenix', 'netmiko.coriant.coriant_ssh', 'netmiko.coriant', 'netmiko.dell.dell_powerconnect', 'netmiko.dell.dell_dnos6', 'netmiko.dell.dell_force10_ssh', 'netmiko.dell.dell_os10_ssh', 'netmiko.dell.dell_isilon_ssh', 'netmiko.dell', 'netmiko.dlink.dlink_ds', 'netmiko.dlink', 'netmiko.eltex.eltex_ssh', 'netmiko.eltex.eltex_esr_ssh', 'netmiko.eltex', 'netmiko.endace.endace_ssh', 'netmiko.endace', 'netmiko.enterasys.enterasys_ssh', 'netmiko.enterasys', 'netmiko.extreme.extreme_ers_ssh', 'netmiko.extreme.extreme_exos', 'netmiko.extreme.extreme_netiron', 'netmiko.extreme.extreme_nos_ssh', 'netmiko.extreme.extreme_slx_ssh', 'netmiko.extreme.extreme_vsp_ssh', 'netmiko.extreme.extreme_wing_ssh', 'netmiko.extreme', 'netmiko.f5.f5_tmsh_ssh', 'netmiko.linux.linux_ssh', 'netmiko.linux', 'netmiko.f5.f5_linux_ssh', 'netmiko.f5', 'netmiko.flexvnf.flexvnf_ssh', 'netmiko.flexvnf', 'netmiko.fortinet.fortinet_ssh', 'netmiko.fortinet', 'netmiko.hp.hp_procurve', 'netmiko.hp.hp_comware', 'netmiko.hp', 'netmiko.huawei.huawei', 'netmiko.huawei', 'netmiko.ipinfusion.ipinfusion_ocnos', 'netmiko.ipinfusion', 'netmiko.juniper.juniper', 'netmiko.juniper.juniper_screenos', 'netmiko.juniper', 'netmiko.keymile.keymile_ssh', 'netmiko.keymile.keymile_nos_ssh', 'netmiko.keymile', 'netmiko.mikrotik.mikrotik_ssh', 'netmiko.mikrotik', 'netmiko.mellanox.mellanox_mlnxos_ssh', 'netmiko.mellanox', 'netmiko.mrv.mrv_lx', 'netmiko.mrv.mrv_ssh', 'netmiko.mrv', 'netmiko.netapp.netapp_cdot_ssh', 'netmiko.netapp', 'netmiko.nokia.nokia_sros_ssh', 'netmiko.nokia', 'netmiko.oneaccess.oneaccess_oneos', 'netmiko.oneaccess', 'netmiko.ovs.ovs_linux_ssh', 'netmiko.ovs', 'netmiko.paloalto.paloalto_panos', 'netmiko.paloalto', 'netmiko.pluribus.pluribus_ssh', 'netmiko.pluribus', 'netmiko.quanta.quanta_mesh_ssh', 'netmiko.quanta', 'netmiko.rad.rad_etx', 'netmiko.rad', 'netmiko.ruckus.ruckus_fastiron', 'netmiko.ruckus', 'netmiko.ruijie.ruijie_os', 'netmiko.ruijie', 'netmiko.sophos.sophos_sfos_ssh', 'netmiko.sophos', 'netmiko.terminal_server.terminal_server', 'netmiko.terminal_server', 'netmiko.ubiquiti.edge_ssh', 'netmiko.ubiquiti', 'netmiko.vyos.vyos_ssh', 'netmiko.vyos', 'netmiko.watchguard.fireware_ssh', 'netmiko.watchguard', 'netmiko.ssh_dispatcher', 'netmiko.ssh_autodetect', 'netmiko.scp_functions', 'netmiko', 'typing.io', 'typing.re', 'typing', 'configparser', 'config', 'netcrawl', 'markupsafe._compat', 'markupsafe._speedups', 'markupsafe', 'jinja2._compat', 'jinja2.utils', 'jinja2.bccache', 'jinja2.nodes', 'jinja2.exceptions', 'jinja2.visitor', 'jinja2.idtracking', 'jinja2.optimizer', 'jinja2.compiler', 'jinja2.runtime', 'jinja2.filters', 'jinja2.tests', 'jinja2.defaults', 'unicodedata', 'jinja2._identifier', 'jinja2.lexer', 'jinja2.parser', 'jinja2.environment', 'jinja2.loaders', 'jinja2', 'werkzeug._compat', 'werkzeug._internal', 'werkzeug.utils', 'werkzeug.exceptions', 'werkzeug.urls', 'click._compat', 'click._unicodefun', 'click.globals', 'click.utils', 'click.exceptions', 'click.parser', 'click.types', 'click.termui', 'click.formatting', 'click.core', 'click.decorators', 'click', 'werkzeug.serving', 'werkzeug.filesystem', 'urllib.response', 'urllib.error', 'urllib.request', 'werkzeug.http', 'werkzeug.datastructures', 'werkzeug.wrappers.accept', 'werkzeug.wrappers.auth', 'werkzeug.wsgi', 'werkzeug.formparser', 'werkzeug.wrappers.base_request', 'werkzeug.wrappers.base_response', 'werkzeug.wrappers.common_descriptors', 'werkzeug.wrappers.etag', 'werkzeug.wrappers.cors', 'werkzeug.useragents', 'werkzeug.wrappers.user_agent', 'werkzeug.wrappers.request', 'werkzeug.wrappers.response', 'werkzeug.wrappers', 'http.cookiejar', 'werkzeug.test', 'werkzeug', 'itsdangerous._json', 'itsdangerous._compat', 'itsdangerous.exc', 'itsdangerous.encoding', 'itsdangerous.signer', 'itsdangerous.serializer', 'itsdangerous.jws', 'itsdangerous.timed', 'itsdangerous.url_safe', 'itsdangerous', 'flask._compat', 'werkzeug.local', 'flask.globals', 'dataclasses', 'flask.json', 'difflib', 'werkzeug.routing', 'flask.signals', 'flask.helpers', 'flask.cli', 'flask.config', 'flask.ctx', 'flask.logging', 'flask.json.tag', 'flask.sessions', 'flask.templating', 'werkzeug.wrappers.json', 'flask.wrappers', 'flask.app', 'flask.blueprints', 'flask', 'flask_compress', 'werkzeug.security', 'codeop', 'code', 'werkzeug.debug.repr', 'werkzeug.debug.console', 'sysconfig', 'werkzeug.debug.tbtools', 'werkzeug.debug', 'dash_renderer', 'dash.dependencies', 'dash.fingerprint', 'future', 'future.utils', 'dash.exceptions', 'dash._utils', 'dash.development.base_component', 'dash.development._all_keywords', 'dash.development._py_components_generation', 'dash.development.component_loader', 'dash.development', 'dash.resources', 'dash._watch', 'dash._configs', 'dash.version', 'dash.dash', 'dash._callback_context', 'dash', 'dash_core_components.Checklist', 'dash_core_components.ConfirmDialog', 'dash_core_components.ConfirmDialogProvider', 'dash_core_components.DatePickerRange', 'dash_core_components.DatePickerSingle', 'dash_core_components.Dropdown', 'dash_core_components.Graph', 'dash_core_components.Input', 'dash_core_components.Interval', 'dash_core_components.Link', 'dash_core_components.Loading', 'dash_core_components.Location', 'dash_core_components.LogoutButton', 'dash_core_components.Markdown', 'dash_core_components.RadioItems', 'dash_core_components.RangeSlider', 'dash_core_components.Slider', 'dash_core_components.Store', 'dash_core_components.Tab', 'dash_core_components.Tabs', 'dash_core_components.Textarea', 'dash_core_components.Upload', 'dash_core_components._imports_', 'dash_core_components', 'dash_html_components.A', 'dash_html_components.Abbr', 'dash_html_components.Acronym', 'dash_html_components.Address', 'dash_html_components.Area', 'dash_html_components.Article', 'dash_html_components.Aside', 'dash_html_components.Audio', 'dash_html_components.B', 'dash_html_components.Base', 'dash_html_components.Basefont', 'dash_html_components.Bdi', 'dash_html_components.Bdo', 'dash_html_components.Big', 'dash_html_components.Blink', 'dash_html_components.Blockquote', 'dash_html_components.Br', 'dash_html_components.Button', 'dash_html_components.Canvas', 'dash_html_components.Caption', 'dash_html_components.Center', 'dash_html_components.Cite', 'dash_html_components.Code', 'dash_html_components.Col', 'dash_html_components.Colgroup', 'dash_html_components.Command', 'dash_html_components.Content', 'dash_html_components.Data', 'dash_html_components.Datalist', 'dash_html_components.Dd', 'dash_html_components.Del', 'dash_html_components.Details', 'dash_html_components.Dfn', 'dash_html_components.Dialog', 'dash_html_components.Div', 'dash_html_components.Dl', 'dash_html_components.Dt', 'dash_html_components.Element', 'dash_html_components.Em', 'dash_html_components.Embed', 'dash_html_components.Fieldset', 'dash_html_components.Figcaption', 'dash_html_components.Figure', 'dash_html_components.Font', 'dash_html_components.Footer', 'dash_html_components.Form', 'dash_html_components.Frame', 'dash_html_components.Frameset', 'dash_html_components.H1', 'dash_html_components.H2', 'dash_html_components.H3', 'dash_html_components.H4', 'dash_html_components.H5', 'dash_html_components.H6', 'dash_html_components.Header', 'dash_html_components.Hgroup', 'dash_html_components.Hr', 'dash_html_components.I', 'dash_html_components.Iframe', 'dash_html_components.Img', 'dash_html_components.Ins', 'dash_html_components.Isindex', 'dash_html_components.Kbd', 'dash_html_components.Keygen', 'dash_html_components.Label', 'dash_html_components.Legend', 'dash_html_components.Li', 'dash_html_components.Link', 'dash_html_components.Listing', 'dash_html_components.Main', 'dash_html_components.MapEl', 'dash_html_components.Mark', 'dash_html_components.Marquee', 'dash_html_components.Meta', 'dash_html_components.Meter', 'dash_html_components.Multicol', 'dash_html_components.Nav', 'dash_html_components.Nextid', 'dash_html_components.Nobr', 'dash_html_components.Noscript', 'dash_html_components.ObjectEl', 'dash_html_components.Ol', 'dash_html_components.Optgroup', 'dash_html_components.Option', 'dash_html_components.Output', 'dash_html_components.P', 'dash_html_components.Param', 'dash_html_components.Picture', 'dash_html_components.Plaintext', 'dash_html_components.Pre', 'dash_html_components.Progress', 'dash_html_components.Q', 'dash_html_components.Rb', 'dash_html_components.Rp', 'dash_html_components.Rt', 'dash_html_components.Rtc', 'dash_html_components.Ruby', 'dash_html_components.S', 'dash_html_components.Samp', 'dash_html_components.Script', 'dash_html_components.Section', 'dash_html_components.Select', 'dash_html_components.Shadow', 'dash_html_components.Slot', 'dash_html_components.Small', 'dash_html_components.Source', 'dash_html_components.Spacer', 'dash_html_components.Span', 'dash_html_components.Strike', 'dash_html_components.Strong', 'dash_html_components.Sub', 'dash_html_components.Summary', 'dash_html_components.Sup', 'dash_html_components.Table', 'dash_html_components.Tbody', 'dash_html_components.Td', 'dash_html_components.Template', 'dash_html_components.Textarea', 'dash_html_components.Tfoot', 'dash_html_components.Th', 'dash_html_components.Thead', 'dash_html_components.Time', 'dash_html_components.Title', 'dash_html_components.Tr', 'dash_html_components.Track', 'dash_html_components.U', 'dash_html_components.Ul', 'dash_html_components.Var', 'dash_html_components.Video', 'dash_html_components.Wbr', 'dash_html_components.Xmp', 'dash_html_components._imports_', 'dash_html_components', 'matplotlib', 'matplotlib.cbook.deprecation', 'matplotlib.cbook', 'pyparsing', 'matplotlib.fontconfig_pattern', 'matplotlib.docstring', 'matplotlib._color_data', 'matplotlib.colors', 'cycler', 'matplotlib.rcsetup', 'matplotlib._version', 'matplotlib.ft2font', 'dateutil._version', 'dateutil', 'kiwisolver']
DEBUG:matplotlib:CACHEDIR=/home/xnor/.cache/matplotlib
DEBUG:matplotlib.font_manager:Using fontManager instance from /home/xnor/.cache/matplotlib/fontlist-v310.json
DEBUG:matplotlib.pyplot:Loaded backend qt5agg version unknown.
DEBUG:matplotlib.pyplot:Loaded backend tkagg version unknown.
DEBUG:matplotlib.pyplot:Loaded backend TkAgg version unknown.
INFO:__main__:Running on http://127.0.0.1:8050/
INFO:__main__:Debugger PIN: 361-344-434
INFO:__main__:Running on http://127.0.0.1:8050/
INFO:__main__:Debugger PIN: 406-517-459
INFO:__main__:Running on http://127.0.0.1:8050/
INFO:__main__:Debugger PIN: 898-193-253
INFO:__main__:Running on http://127.0.0.1:8050/
INFO:__main__:Debugger PIN: 083-923-458
INFO:__main__:Running on http://127.0.0.1:8050/
INFO:__main__:Debugger PIN: 426-807-920
